LAMMPS (2 Aug 2023 - Update 3)
OMP_NUM_THREADS environment is not set. Defaulting to 1 thread. (src/src/comm.cpp:98)
  using 1 OpenMP thread(s) per MPI task
units metal
atom_style atomic
atom_modify map array sort 0 0
boundary p p p
box tilt large

The 'box' command has been removed and will be ignored

region cell prism    0 2.7098479949489858 0 13.269196442895701 0 11.045535376590912     0.06277160438719642 -2.3234191722562696 -1.8155943156732728     units box
create_box 2 cell
Created triclinic box = (0 0 0) to (2.709848 13.269196 11.045535) with tilt (0.062771604 -2.3234192 -1.8155943)
  1 by 1 by 1 MPI processor grid
echo none
Created 18 atoms
  using lattice units in triclinic box = (0 0 0) to (2.709848 13.269196 11.045535) with tilt (0.062771604 -2.3234192 -1.8155943)
  create_atoms CPU = 0.007 seconds
Setting atom values ...
  1 settings made for type
Setting atom values ...
  1 settings made for type
Setting atom values ...
  1 settings made for type
Setting atom values ...
  1 settings made for type
Setting atom values ...
  1 settings made for type
Setting atom values ...
  1 settings made for type
Setting atom values ...
  1 settings made for type
Setting atom values ...
  1 settings made for type
Setting atom values ...
  1 settings made for type
Setting atom values ...
  1 settings made for type
Setting atom values ...
  1 settings made for type
Setting atom values ...
  1 settings made for type
Setting atom values ...
  1 settings made for type
Setting atom values ...
  1 settings made for type
Setting atom values ...
  1 settings made for type
Setting atom values ...
  1 settings made for type
Setting atom values ...
  1 settings made for type
Setting atom values ...
  1 settings made for type
pair_style airebo 3.0 1 1
pair_coeff * * CH.airebo C H
Reading airebo potential file CH.airebo with DATE: 2011-10-25
mass 1 12.010999996910237896940998325590
mass 2 1.007999999740697649741605346208
variable pxx equal pxx
variable pyy equal pyy
variable pzz equal pzz
variable pxy equal pxy
variable pxz equal pxz
variable pyz equal pyz
thermo_style custom pe pxx emol ecoul
variable fx atom fx
variable fy atom fy
variable fz atom fz
variable pe equal pe
neigh_modify delay 0 every 1 check yes
echo none
run 0
WARNING: No fixes with time integration, atoms won't move (src/src/verlet.cpp:60)
Neighbor list info ...
  update: every = 1 steps, delay = 0 steps, check = yes
  max neighbors/atom: 2000, page size: 100000
  master list distance cutoff = 12.2
  ghost atom cutoff = 12.2
  binsize = 6.1, bins = 1 3 2
  1 neighbor lists, perpetual/occasional/extra = 1 0 0
  (1) pair airebo, perpetual
      attributes: full, newton on, ghost
      pair build: full/bin/ghost
      stencil: full/ghost/bin/3d
      bin: standard
Per MPI rank memory allocation (min/avg/max) = 3.865 | 3.865 | 3.865 Mbytes
    PotEng          Pxx           E_mol          E_coul    
-72.677409     -67668.36       0              0            
Loop time of 1.342e-06 on 1 procs for 0 steps with 18 atoms

1266.8% CPU use with 1 MPI tasks x 1 OpenMP threads

MPI task timing breakdown:
Section |  min time  |  avg time  |  max time  |%varavg| %total
---------------------------------------------------------------
Pair    | 0          | 0          | 0          |   0.0 |  0.00
Neigh   | 0          | 0          | 0          |   0.0 |  0.00
Comm    | 0          | 0          | 0          |   0.0 |  0.00
Output  | 0          | 0          | 0          |   0.0 |  0.00
Modify  | 0          | 0          | 0          |   0.0 |  0.00
Other   |            | 1.342e-06  |            |       |100.00

Nlocal:             18 ave          18 max          18 min
Histogram: 1 0 0 0 0 0 0 0 0 0
Nghost:           1582 ave        1582 max        1582 min
Histogram: 1 0 0 0 0 0 0 0 0 0
Neighs:              0 ave           0 max           0 min
Histogram: 1 0 0 0 0 0 0 0 0 0
FullNghs:         6040 ave        6040 max        6040 min
Histogram: 1 0 0 0 0 0 0 0 0 0

Total # of neighbors = 6040
Ave neighs/atom = 335.55556
Neighbor list builds = 0
Dangerous builds = 0
set atom * x 0.0 y 0.0 z 0.0
Setting atom values ...
  18 settings made for x
  18 settings made for y
  18 settings made for z
change_box all     x final 0 2.7098479949489858 y final 0 13.2691964428957 z final 0 11.045535376590912      xy final 0.06277160438719642 xz final -2.3234191722562696 yz final -1.8155943156732726 units box
Changing box ...
  triclinic box = (0 0 0) to (2.709848 13.269196 11.045535) with tilt (0.062771604 -2.3234192 -1.8155943)
  triclinic box = (0 0 0) to (2.709848 13.269196 11.045535) with tilt (0.062771604 -2.3234192 -1.8155943)
  triclinic box = (0 0 0) to (2.709848 13.269196 11.045535) with tilt (0.062771604 -2.3234192 -1.8155943)
  triclinic box = (0 0 0) to (2.709848 13.269196 11.045535) with tilt (0.062771604 -2.3234192 -1.8155943)
  triclinic box = (0 0 0) to (2.709848 13.269196 11.045535) with tilt (0.062771604 -2.3234192 -1.8155943)
  triclinic box = (0 0 0) to (2.709848 13.269196 11.045535) with tilt (0.062771604 -2.3234192 -1.8155943)
echo none
run 0
WARNING: No fixes with time integration, atoms won't move (src/src/verlet.cpp:60)
Per MPI rank memory allocation (min/avg/max) = 3.865 | 3.865 | 3.865 Mbytes
    PotEng          Pxx           E_mol          E_coul    
-72.677409     -67668.36       0              0            
Loop time of 7.93e-07 on 1 procs for 0 steps with 18 atoms

252.2% CPU use with 1 MPI tasks x 1 OpenMP threads

MPI task timing breakdown:
Section |  min time  |  avg time  |  max time  |%varavg| %total
---------------------------------------------------------------
Pair    | 0          | 0          | 0          |   0.0 |  0.00
Neigh   | 0          | 0          | 0          |   0.0 |  0.00
Comm    | 0          | 0          | 0          |   0.0 |  0.00
Output  | 0          | 0          | 0          |   0.0 |  0.00
Modify  | 0          | 0          | 0          |   0.0 |  0.00
Other   |            | 7.93e-07   |            |       |100.00

Nlocal:             18 ave          18 max          18 min
Histogram: 1 0 0 0 0 0 0 0 0 0
Nghost:           1582 ave        1582 max        1582 min
Histogram: 1 0 0 0 0 0 0 0 0 0
Neighs:              0 ave           0 max           0 min
Histogram: 1 0 0 0 0 0 0 0 0 0
FullNghs:         6040 ave        6040 max        6040 min
Histogram: 1 0 0 0 0 0 0 0 0 0

Total # of neighbors = 6040
Ave neighs/atom = 335.55556
Neighbor list builds = 0
Dangerous builds = 0
set atom * x 0.0 y 0.0 z 0.0
Setting atom values ...
  18 settings made for x
  18 settings made for y
  18 settings made for z
change_box all     x final 0 2.4111887228872084 y final 0 12.734042635511955 z final 0 10.621613826568966      xy final -2.063291586796951 xz final 0.3493947507003768 yz final 0.9964732803757055 units box
Changing box ...
  triclinic box = (0 0 0) to (2.4111887 13.269196 11.045535) with tilt (0.062771604 -2.3234192 -1.8155943)
  triclinic box = (0 0 0) to (2.4111887 12.734043 11.045535) with tilt (0.062771604 -2.3234192 -1.8155943)
  triclinic box = (0 0 0) to (2.4111887 12.734043 10.621614) with tilt (0.062771604 -2.3234192 -1.8155943)
  triclinic box = (0 0 0) to (2.4111887 12.734043 10.621614) with tilt (-2.0632916 -2.3234192 -1.8155943)
  triclinic box = (0 0 0) to (2.4111887 12.734043 10.621614) with tilt (-2.0632916 0.34939475 -1.8155943)
  triclinic box = (0 0 0) to (2.4111887 12.734043 10.621614) with tilt (-2.0632916 0.34939475 0.99647328)
echo none
run 0
WARNING: No fixes with time integration, atoms won't move (src/src/verlet.cpp:60)
Per MPI rank memory allocation (min/avg/max) = 3.877 | 3.877 | 3.877 Mbytes
    PotEng          Pxx           E_mol          E_coul    
-70.678349      169898.81      0              0            
Loop time of 1.084e-06 on 1 procs for 0 steps with 18 atoms

553.5% CPU use with 1 MPI tasks x 1 OpenMP threads

MPI task timing breakdown:
Section |  min time  |  avg time  |  max time  |%varavg| %total
---------------------------------------------------------------
Pair    | 0          | 0          | 0          |   0.0 |  0.00
Neigh   | 0          | 0          | 0          |   0.0 |  0.00
Comm    | 0          | 0          | 0          |   0.0 |  0.00
Output  | 0          | 0          | 0          |   0.0 |  0.00
Modify  | 0          | 0          | 0          |   0.0 |  0.00
Other   |            | 1.084e-06  |            |       |100.00

Nlocal:             18 ave          18 max          18 min
Histogram: 1 0 0 0 0 0 0 0 0 0
Nghost:           1986 ave        1986 max        1986 min
Histogram: 1 0 0 0 0 0 0 0 0 0
Neighs:              0 ave           0 max           0 min
Histogram: 1 0 0 0 0 0 0 0 0 0
FullNghs:         7486 ave        7486 max        7486 min
Histogram: 1 0 0 0 0 0 0 0 0 0

Total # of neighbors = 7486
Ave neighs/atom = 415.88889
Neighbor list builds = 0
Dangerous builds = 0
set atom * x 0.0 y 0.0 z 0.0
Setting atom values ...
  18 settings made for x
  18 settings made for y
  18 settings made for z
change_box all     x final 0 2.5614423902091543 y final 0 13.003210222294308 z final 0 10.93607588404778      xy final -0.9803355811420785 xz final -1.0559951316820844 yz final -0.606955452569483 units box
Changing box ...
  triclinic box = (0 0 0) to (2.5614424 12.734043 10.621614) with tilt (-2.0632916 0.34939475 0.99647328)
  triclinic box = (0 0 0) to (2.5614424 13.00321 10.621614) with tilt (-2.0632916 0.34939475 0.99647328)
  triclinic box = (0 0 0) to (2.5614424 13.00321 10.936076) with tilt (-2.0632916 0.34939475 0.99647328)
  triclinic box = (0 0 0) to (2.5614424 13.00321 10.936076) with tilt (-0.98033558 0.34939475 0.99647328)
  triclinic box = (0 0 0) to (2.5614424 13.00321 10.936076) with tilt (-0.98033558 -1.0559951 0.99647328)
  triclinic box = (0 0 0) to (2.5614424 13.00321 10.936076) with tilt (-0.98033558 -1.0559951 -0.60695545)
echo none
run 0
WARNING: No fixes with time integration, atoms won't move (src/src/verlet.cpp:60)
Per MPI rank memory allocation (min/avg/max) = 3.869 | 3.869 | 3.869 Mbytes
    PotEng          Pxx           E_mol          E_coul    
-75.087976      23654.745      0              0            
Loop time of 9.98e-07 on 1 procs for 0 steps with 18 atoms

701.4% CPU use with 1 MPI tasks x 1 OpenMP threads

MPI task timing breakdown:
Section |  min time  |  avg time  |  max time  |%varavg| %total
---------------------------------------------------------------
Pair    | 0          | 0          | 0          |   0.0 |  0.00
Neigh   | 0          | 0          | 0          |   0.0 |  0.00
Comm    | 0          | 0          | 0          |   0.0 |  0.00
Output  | 0          | 0          | 0          |   0.0 |  0.00
Modify  | 0          | 0          | 0          |   0.0 |  0.00
Other   |            | 9.98e-07   |            |       |100.00

Nlocal:             18 ave          18 max          18 min
Histogram: 1 0 0 0 0 0 0 0 0 0
Nghost:           1722 ave        1722 max        1722 min
Histogram: 1 0 0 0 0 0 0 0 0 0
Neighs:              0 ave           0 max           0 min
Histogram: 1 0 0 0 0 0 0 0 0 0
FullNghs:         6612 ave        6612 max        6612 min
Histogram: 1 0 0 0 0 0 0 0 0 0

Total # of neighbors = 6612
Ave neighs/atom = 367.33333
Neighbor list builds = 0
Dangerous builds = 0
set atom * x 0.0 y 0.0 z 0.0
Setting atom values ...
  18 settings made for x
  18 settings made for y
  18 settings made for z
change_box all     x final 0 2.5614423902091548 y final 0 13.003210222294317 z final 0 10.936075884047785      xy final -0.9803355811420943 xz final -1.0559951316820726 yz final -0.6069554525694839 units box
Changing box ...
  triclinic box = (0 0 0) to (2.5614424 13.00321 10.936076) with tilt (-0.98033558 -1.0559951 -0.60695545)
  triclinic box = (0 0 0) to (2.5614424 13.00321 10.936076) with tilt (-0.98033558 -1.0559951 -0.60695545)
  triclinic box = (0 0 0) to (2.5614424 13.00321 10.936076) with tilt (-0.98033558 -1.0559951 -0.60695545)
  triclinic box = (0 0 0) to (2.5614424 13.00321 10.936076) with tilt (-0.98033558 -1.0559951 -0.60695545)
  triclinic box = (0 0 0) to (2.5614424 13.00321 10.936076) with tilt (-0.98033558 -1.0559951 -0.60695545)
  triclinic box = (0 0 0) to (2.5614424 13.00321 10.936076) with tilt (-0.98033558 -1.0559951 -0.60695545)
echo none
run 0
WARNING: No fixes with time integration, atoms won't move (src/src/verlet.cpp:60)
Per MPI rank memory allocation (min/avg/max) = 3.869 | 3.869 | 3.869 Mbytes
    PotEng          Pxx           E_mol          E_coul    
-75.087976      23654.745      0              0            
Loop time of 1.159e-06 on 1 procs for 0 steps with 18 atoms

604.0% CPU use with 1 MPI tasks x 1 OpenMP threads

MPI task timing breakdown:
Section |  min time  |  avg time  |  max time  |%varavg| %total
---------------------------------------------------------------
Pair    | 0          | 0          | 0          |   0.0 |  0.00
Neigh   | 0          | 0          | 0          |   0.0 |  0.00
Comm    | 0          | 0          | 0          |   0.0 |  0.00
Output  | 0          | 0          | 0          |   0.0 |  0.00
Modify  | 0          | 0          | 0          |   0.0 |  0.00
Other   |            | 1.159e-06  |            |       |100.00

Nlocal:             18 ave          18 max          18 min
Histogram: 1 0 0 0 0 0 0 0 0 0
Nghost:           1722 ave        1722 max        1722 min
Histogram: 1 0 0 0 0 0 0 0 0 0
Neighs:              0 ave           0 max           0 min
Histogram: 1 0 0 0 0 0 0 0 0 0
FullNghs:         6612 ave        6612 max        6612 min
Histogram: 1 0 0 0 0 0 0 0 0 0

Total # of neighbors = 6612
Ave neighs/atom = 367.33333
Neighbor list builds = 0
Dangerous builds = 0
set atom * x 0.0 y 0.0 z 0.0
Setting atom values ...
  18 settings made for x
  18 settings made for y
  18 settings made for z
change_box all     x final 0 2.744037783921255 y final 0 13.927157312813213 z final 0 11.578637719357442      xy final 0.11379548851882515 xz final 1.0507979768429094 yz final 1.5722283843380644 units box
Changing box ...
  triclinic box = (0 0 0) to (2.7440378 13.00321 10.936076) with tilt (-0.98033558 -1.0559951 -0.60695545)
  triclinic box = (0 0 0) to (2.7440378 13.927157 10.936076) with tilt (-0.98033558 -1.0559951 -0.60695545)
  triclinic box = (0 0 0) to (2.7440378 13.927157 11.578638) with tilt (-0.98033558 -1.0559951 -0.60695545)
  triclinic box = (0 0 0) to (2.7440378 13.927157 11.578638) with tilt (0.11379549 -1.0559951 -0.60695545)
  triclinic box = (0 0 0) to (2.7440378 13.927157 11.578638) with tilt (0.11379549 1.050798 -0.60695545)
  triclinic box = (0 0 0) to (2.7440378 13.927157 11.578638) with tilt (0.11379549 1.050798 1.5722284)
echo none
run 0
WARNING: No fixes with time integration, atoms won't move (src/src/verlet.cpp:60)
Per MPI rank memory allocation (min/avg/max) = 3.87 | 3.87 | 3.87 Mbytes
    PotEng          Pxx           E_mol          E_coul    
-70.042878     -266687.14      0              0            
Loop time of 9.72e-07 on 1 procs for 0 steps with 18 atoms

1028.8% CPU use with 1 MPI tasks x 1 OpenMP threads

MPI task timing breakdown:
Section |  min time  |  avg time  |  max time  |%varavg| %total
---------------------------------------------------------------
Pair    | 0          | 0          | 0          |   0.0 |  0.00
Neigh   | 0          | 0          | 0          |   0.0 |  0.00
Comm    | 0          | 0          | 0          |   0.0 |  0.00
Output  | 0          | 0          | 0          |   0.0 |  0.00
Modify  | 0          | 0          | 0          |   0.0 |  0.00
Other   |            | 9.72e-07   |            |       |100.00

Nlocal:             18 ave          18 max          18 min
Histogram: 1 0 0 0 0 0 0 0 0 0
Nghost:           1358 ave        1358 max        1358 min
Histogram: 1 0 0 0 0 0 0 0 0 0
Neighs:              0 ave           0 max           0 min
Histogram: 1 0 0 0 0 0 0 0 0 0
FullNghs:         5366 ave        5366 max        5366 min
Histogram: 1 0 0 0 0 0 0 0 0 0

Total # of neighbors = 5366
Ave neighs/atom = 298.11111
Neighbor list builds = 0
Dangerous builds = 0
set atom * x 0.0 y 0.0 z 0.0
Setting atom values ...
  18 settings made for x
  18 settings made for y
  18 settings made for z
change_box all     x final 0 2.6067894119228825 y final 0 13.240098158253828 z final 0 11.157899732517711      xy final -0.7308674668934765 xz final -0.49694682249088784 yz final 0.007531415418373024 units box
Changing box ...
  triclinic box = (0 0 0) to (2.6067894 13.927157 11.578638) with tilt (0.11379549 1.050798 1.5722284)
  triclinic box = (0 0 0) to (2.6067894 13.240098 11.578638) with tilt (0.11379549 1.050798 1.5722284)
  triclinic box = (0 0 0) to (2.6067894 13.240098 11.1579) with tilt (0.11379549 1.050798 1.5722284)
  triclinic box = (0 0 0) to (2.6067894 13.240098 11.1579) with tilt (-0.73086747 1.050798 1.5722284)
  triclinic box = (0 0 0) to (2.6067894 13.240098 11.1579) with tilt (-0.73086747 -0.49694682 1.5722284)
  triclinic box = (0 0 0) to (2.6067894 13.240098 11.1579) with tilt (-0.73086747 -0.49694682 0.0075314154)
echo none
run 0
WARNING: No fixes with time integration, atoms won't move (src/src/verlet.cpp:60)
Per MPI rank memory allocation (min/avg/max) = 3.87 | 3.87 | 3.87 Mbytes
    PotEng          Pxx           E_mol          E_coul    
-75.64145      -6996.1339      0              0            
Loop time of 8.86e-07 on 1 procs for 0 steps with 18 atoms

902.9% CPU use with 1 MPI tasks x 1 OpenMP threads

MPI task timing breakdown:
Section |  min time  |  avg time  |  max time  |%varavg| %total
---------------------------------------------------------------
Pair    | 0          | 0          | 0          |   0.0 |  0.00
Neigh   | 0          | 0          | 0          |   0.0 |  0.00
Comm    | 0          | 0          | 0          |   0.0 |  0.00
Output  | 0          | 0          | 0          |   0.0 |  0.00
Modify  | 0          | 0          | 0          |   0.0 |  0.00
Other   |            | 8.86e-07   |            |       |100.00

Nlocal:             18 ave          18 max          18 min
Histogram: 1 0 0 0 0 0 0 0 0 0
Nghost:           1549 ave        1549 max        1549 min
Histogram: 1 0 0 0 0 0 0 0 0 0
Neighs:              0 ave           0 max           0 min
Histogram: 1 0 0 0 0 0 0 0 0 0
FullNghs:         6276 ave        6276 max        6276 min
Histogram: 1 0 0 0 0 0 0 0 0 0

Total # of neighbors = 6276
Ave neighs/atom = 348.66667
Neighbor list builds = 0
Dangerous builds = 0
set atom * x 0.0 y 0.0 z 0.0
Setting atom values ...
  18 settings made for x
  18 settings made for y
  18 settings made for z
change_box all     x final 0 2.6067894119228825 y final 0 13.240098158253828 z final 0 11.157899732517713      xy final -0.7308674668934851 xz final -0.49694682249088257 yz final 0.007531415418372812 units box
Changing box ...
  triclinic box = (0 0 0) to (2.6067894 13.240098 11.1579) with tilt (-0.73086747 -0.49694682 0.0075314154)
  triclinic box = (0 0 0) to (2.6067894 13.240098 11.1579) with tilt (-0.73086747 -0.49694682 0.0075314154)
  triclinic box = (0 0 0) to (2.6067894 13.240098 11.1579) with tilt (-0.73086747 -0.49694682 0.0075314154)
  triclinic box = (0 0 0) to (2.6067894 13.240098 11.1579) with tilt (-0.73086747 -0.49694682 0.0075314154)
  triclinic box = (0 0 0) to (2.6067894 13.240098 11.1579) with tilt (-0.73086747 -0.49694682 0.0075314154)
  triclinic box = (0 0 0) to (2.6067894 13.240098 11.1579) with tilt (-0.73086747 -0.49694682 0.0075314154)
echo none
run 0
WARNING: No fixes with time integration, atoms won't move (src/src/verlet.cpp:60)
Per MPI rank memory allocation (min/avg/max) = 3.87 | 3.87 | 3.87 Mbytes
    PotEng          Pxx           E_mol          E_coul    
-75.64145      -6996.1339      0              0            
Loop time of 9.15e-07 on 1 procs for 0 steps with 18 atoms

546.4% CPU use with 1 MPI tasks x 1 OpenMP threads

MPI task timing breakdown:
Section |  min time  |  avg time  |  max time  |%varavg| %total
---------------------------------------------------------------
Pair    | 0          | 0          | 0          |   0.0 |  0.00
Neigh   | 0          | 0          | 0          |   0.0 |  0.00
Comm    | 0          | 0          | 0          |   0.0 |  0.00
Output  | 0          | 0          | 0          |   0.0 |  0.00
Modify  | 0          | 0          | 0          |   0.0 |  0.00
Other   |            | 9.15e-07   |            |       |100.00

Nlocal:             18 ave          18 max          18 min
Histogram: 1 0 0 0 0 0 0 0 0 0
Nghost:           1549 ave        1549 max        1549 min
Histogram: 1 0 0 0 0 0 0 0 0 0
Neighs:              0 ave           0 max           0 min
Histogram: 1 0 0 0 0 0 0 0 0 0
FullNghs:         6276 ave        6276 max        6276 min
Histogram: 1 0 0 0 0 0 0 0 0 0

Total # of neighbors = 6276
Ave neighs/atom = 348.66667
Neighbor list builds = 0
Dangerous builds = 0
set atom * x 0.0 y 0.0 z 0.0
Setting atom values ...
  18 settings made for x
  18 settings made for y
  18 settings made for z
change_box all     x final 0 2.547968443031094 y final 0 13.219349415030221 z final 0 11.591680560396341      xy final -0.34206285884220894 xz final -0.2686713781291408 yz final 0.9766709253379524 units box
Changing box ...
  triclinic box = (0 0 0) to (2.5479684 13.240098 11.1579) with tilt (-0.73086747 -0.49694682 0.0075314154)
  triclinic box = (0 0 0) to (2.5479684 13.219349 11.1579) with tilt (-0.73086747 -0.49694682 0.0075314154)
  triclinic box = (0 0 0) to (2.5479684 13.219349 11.591681) with tilt (-0.73086747 -0.49694682 0.0075314154)
  triclinic box = (0 0 0) to (2.5479684 13.219349 11.591681) with tilt (-0.34206286 -0.49694682 0.0075314154)
  triclinic box = (0 0 0) to (2.5479684 13.219349 11.591681) with tilt (-0.34206286 -0.26867138 0.0075314154)
  triclinic box = (0 0 0) to (2.5479684 13.219349 11.591681) with tilt (-0.34206286 -0.26867138 0.97667093)
echo none
run 0
WARNING: No fixes with time integration, atoms won't move (src/src/verlet.cpp:60)
Per MPI rank memory allocation (min/avg/max) = 3.87 | 3.87 | 3.87 Mbytes
    PotEng          Pxx           E_mol          E_coul    
-75.969314      12307.436      0              0            
Loop time of 9.83e-07 on 1 procs for 0 steps with 18 atoms

813.8% CPU use with 1 MPI tasks x 1 OpenMP threads

MPI task timing breakdown:
Section |  min time  |  avg time  |  max time  |%varavg| %total
---------------------------------------------------------------
Pair    | 0          | 0          | 0          |   0.0 |  0.00
Neigh   | 0          | 0          | 0          |   0.0 |  0.00
Comm    | 0          | 0          | 0          |   0.0 |  0.00
Output  | 0          | 0          | 0          |   0.0 |  0.00
Modify  | 0          | 0          | 0          |   0.0 |  0.00
Other   |            | 9.83e-07   |            |       |100.00

Nlocal:             18 ave          18 max          18 min
Histogram: 1 0 0 0 0 0 0 0 0 0
Nghost:           1476 ave        1476 max        1476 min
Histogram: 1 0 0 0 0 0 0 0 0 0
Neighs:              0 ave           0 max           0 min
Histogram: 1 0 0 0 0 0 0 0 0 0
FullNghs:         6080 ave        6080 max        6080 min
Histogram: 1 0 0 0 0 0 0 0 0 0

Total # of neighbors = 6080
Ave neighs/atom = 337.77778
Neighbor list builds = 0
Dangerous builds = 0
set atom * x 0.0 y 0.0 z 0.0
Setting atom values ...
  18 settings made for x
  18 settings made for y
  18 settings made for z
change_box all     x final 0 2.5679091515788603 y final 0 13.221829003205785 z final 0 11.445236260042716      xy final -0.477650149658282 xz final -0.35184604741557657 yz final 0.6354210604015746 units box
Changing box ...
  triclinic box = (0 0 0) to (2.5679092 13.219349 11.591681) with tilt (-0.34206286 -0.26867138 0.97667093)
  triclinic box = (0 0 0) to (2.5679092 13.221829 11.591681) with tilt (-0.34206286 -0.26867138 0.97667093)
  triclinic box = (0 0 0) to (2.5679092 13.221829 11.445236) with tilt (-0.34206286 -0.26867138 0.97667093)
  triclinic box = (0 0 0) to (2.5679092 13.221829 11.445236) with tilt (-0.47765015 -0.26867138 0.97667093)
  triclinic box = (0 0 0) to (2.5679092 13.221829 11.445236) with tilt (-0.47765015 -0.35184605 0.97667093)
  triclinic box = (0 0 0) to (2.5679092 13.221829 11.445236) with tilt (-0.47765015 -0.35184605 0.63542106)
echo none
run 0
WARNING: No fixes with time integration, atoms won't move (src/src/verlet.cpp:60)
Per MPI rank memory allocation (min/avg/max) = 3.87 | 3.87 | 3.87 Mbytes
    PotEng          Pxx           E_mol          E_coul    
-76.031831      4420.2041      0              0            
Loop time of 1.291e-06 on 1 procs for 0 steps with 18 atoms

774.6% CPU use with 1 MPI tasks x 1 OpenMP threads

MPI task timing breakdown:
Section |  min time  |  avg time  |  max time  |%varavg| %total
---------------------------------------------------------------
Pair    | 0          | 0          | 0          |   0.0 |  0.00
Neigh   | 0          | 0          | 0          |   0.0 |  0.00
Comm    | 0          | 0          | 0          |   0.0 |  0.00
Output  | 0          | 0          | 0          |   0.0 |  0.00
Modify  | 0          | 0          | 0          |   0.0 |  0.00
Other   |            | 1.291e-06  |            |       |100.00

Nlocal:             18 ave          18 max          18 min
Histogram: 1 0 0 0 0 0 0 0 0 0
Nghost:           1509 ave        1509 max        1509 min
Histogram: 1 0 0 0 0 0 0 0 0 0
Neighs:              0 ave           0 max           0 min
Histogram: 1 0 0 0 0 0 0 0 0 0
FullNghs:         6108 ave        6108 max        6108 min
Histogram: 1 0 0 0 0 0 0 0 0 0

Total # of neighbors = 6108
Ave neighs/atom = 339.33333
Neighbor list builds = 0
Dangerous builds = 0
set atom * x 0.0 y 0.0 z 0.0
Setting atom values ...
  18 settings made for x
  18 settings made for y
  18 settings made for z
change_box all     x final 0 2.56790915157886 y final 0 13.22182900320578 z final 0 11.44523626004272      xy final -0.47765014965827485 xz final -0.35184604741558123 yz final 0.6354210604015692 units box
Changing box ...
  triclinic box = (0 0 0) to (2.5679092 13.221829 11.445236) with tilt (-0.47765015 -0.35184605 0.63542106)
  triclinic box = (0 0 0) to (2.5679092 13.221829 11.445236) with tilt (-0.47765015 -0.35184605 0.63542106)
  triclinic box = (0 0 0) to (2.5679092 13.221829 11.445236) with tilt (-0.47765015 -0.35184605 0.63542106)
  triclinic box = (0 0 0) to (2.5679092 13.221829 11.445236) with tilt (-0.47765015 -0.35184605 0.63542106)
  triclinic box = (0 0 0) to (2.5679092 13.221829 11.445236) with tilt (-0.47765015 -0.35184605 0.63542106)
  triclinic box = (0 0 0) to (2.5679092 13.221829 11.445236) with tilt (-0.47765015 -0.35184605 0.63542106)
echo none
run 0
WARNING: No fixes with time integration, atoms won't move (src/src/verlet.cpp:60)
Per MPI rank memory allocation (min/avg/max) = 3.87 | 3.87 | 3.87 Mbytes
    PotEng          Pxx           E_mol          E_coul    
-76.031831      4420.2041      0              0            
Loop time of 1.083e-06 on 1 procs for 0 steps with 18 atoms

738.7% CPU use with 1 MPI tasks x 1 OpenMP threads

MPI task timing breakdown:
Section |  min time  |  avg time  |  max time  |%varavg| %total
---------------------------------------------------------------
Pair    | 0          | 0          | 0          |   0.0 |  0.00
Neigh   | 0          | 0          | 0          |   0.0 |  0.00
Comm    | 0          | 0          | 0          |   0.0 |  0.00
Output  | 0          | 0          | 0          |   0.0 |  0.00
Modify  | 0          | 0          | 0          |   0.0 |  0.00
Other   |            | 1.083e-06  |            |       |100.00

Nlocal:             18 ave          18 max          18 min
Histogram: 1 0 0 0 0 0 0 0 0 0
Nghost:           1509 ave        1509 max        1509 min
Histogram: 1 0 0 0 0 0 0 0 0 0
Neighs:              0 ave           0 max           0 min
Histogram: 1 0 0 0 0 0 0 0 0 0
FullNghs:         6108 ave        6108 max        6108 min
Histogram: 1 0 0 0 0 0 0 0 0 0

Total # of neighbors = 6108
Ave neighs/atom = 339.33333
Neighbor list builds = 0
Dangerous builds = 0
set atom * x 0.0 y 0.0 z 0.0
Setting atom values ...
  18 settings made for x
  18 settings made for y
  18 settings made for z
change_box all     x final 0 2.6253139532968985 y final 0 13.125496514200927 z final 0 11.208352865957085      xy final -0.586391358607332 xz final -0.34189434281583536 yz final 1.1566177533527289 units box
Changing box ...
  triclinic box = (0 0 0) to (2.625314 13.221829 11.445236) with tilt (-0.47765015 -0.35184605 0.63542106)
  triclinic box = (0 0 0) to (2.625314 13.125497 11.445236) with tilt (-0.47765015 -0.35184605 0.63542106)
  triclinic box = (0 0 0) to (2.625314 13.125497 11.208353) with tilt (-0.47765015 -0.35184605 0.63542106)
  triclinic box = (0 0 0) to (2.625314 13.125497 11.208353) with tilt (-0.58639136 -0.35184605 0.63542106)
  triclinic box = (0 0 0) to (2.625314 13.125497 11.208353) with tilt (-0.58639136 -0.34189434 0.63542106)
  triclinic box = (0 0 0) to (2.625314 13.125497 11.208353) with tilt (-0.58639136 -0.34189434 1.1566178)
echo none
run 0
WARNING: No fixes with time integration, atoms won't move (src/src/verlet.cpp:60)
Per MPI rank memory allocation (min/avg/max) = 3.87 | 3.87 | 3.87 Mbytes
    PotEng          Pxx           E_mol          E_coul    
-76.08721      -23486.589      0              0            
Loop time of 1.123e-06 on 1 procs for 0 steps with 18 atoms

534.3% CPU use with 1 MPI tasks x 1 OpenMP threads

MPI task timing breakdown:
Section |  min time  |  avg time  |  max time  |%varavg| %total
---------------------------------------------------------------
Pair    | 0          | 0          | 0          |   0.0 |  0.00
Neigh   | 0          | 0          | 0          |   0.0 |  0.00
Comm    | 0          | 0          | 0          |   0.0 |  0.00
Output  | 0          | 0          | 0          |   0.0 |  0.00
Modify  | 0          | 0          | 0          |   0.0 |  0.00
Other   |            | 1.123e-06  |            |       |100.00

Nlocal:             18 ave          18 max          18 min
Histogram: 1 0 0 0 0 0 0 0 0 0
Nghost:           1606 ave        1606 max        1606 min
Histogram: 1 0 0 0 0 0 0 0 0 0
Neighs:              0 ave           0 max           0 min
Histogram: 1 0 0 0 0 0 0 0 0 0
FullNghs:         6226 ave        6226 max        6226 min
Histogram: 1 0 0 0 0 0 0 0 0 0

Total # of neighbors = 6226
Ave neighs/atom = 345.88889
Neighbor list builds = 0
Dangerous builds = 0
set atom * x 0.0 y 0.0 z 0.0
Setting atom values ...
  18 settings made for x
  18 settings made for y
  18 settings made for z
change_box all     x final 0 2.5993100331877117 y final 0 13.16699007048766 z final 0 11.315920965051847      xy final -0.5380988868061438 xz final -0.3454061598862093 yz final 0.9246671060567571 units box
Changing box ...
  triclinic box = (0 0 0) to (2.59931 13.125497 11.208353) with tilt (-0.58639136 -0.34189434 1.1566178)
  triclinic box = (0 0 0) to (2.59931 13.16699 11.208353) with tilt (-0.58639136 -0.34189434 1.1566178)
  triclinic box = (0 0 0) to (2.59931 13.16699 11.315921) with tilt (-0.58639136 -0.34189434 1.1566178)
  triclinic box = (0 0 0) to (2.59931 13.16699 11.315921) with tilt (-0.53809889 -0.34189434 1.1566178)
  triclinic box = (0 0 0) to (2.59931 13.16699 11.315921) with tilt (-0.53809889 -0.34540616 1.1566178)
  triclinic box = (0 0 0) to (2.59931 13.16699 11.315921) with tilt (-0.53809889 -0.34540616 0.92466711)
echo none
run 0
WARNING: No fixes with time integration, atoms won't move (src/src/verlet.cpp:60)
Per MPI rank memory allocation (min/avg/max) = 3.87 | 3.87 | 3.87 Mbytes
    PotEng          Pxx           E_mol          E_coul    
-76.190763     -12197.757      0              0            
Loop time of 9.27e-07 on 1 procs for 0 steps with 18 atoms

755.1% CPU use with 1 MPI tasks x 1 OpenMP threads

MPI task timing breakdown:
Section |  min time  |  avg time  |  max time  |%varavg| %total
---------------------------------------------------------------
Pair    | 0          | 0          | 0          |   0.0 |  0.00
Neigh   | 0          | 0          | 0          |   0.0 |  0.00
Comm    | 0          | 0          | 0          |   0.0 |  0.00
Output  | 0          | 0          | 0          |   0.0 |  0.00
Modify  | 0          | 0          | 0          |   0.0 |  0.00
Other   |            | 9.27e-07   |            |       |100.00

Nlocal:             18 ave          18 max          18 min
Histogram: 1 0 0 0 0 0 0 0 0 0
Nghost:           1562 ave        1562 max        1562 min
Histogram: 1 0 0 0 0 0 0 0 0 0
Neighs:              0 ave           0 max           0 min
Histogram: 1 0 0 0 0 0 0 0 0 0
FullNghs:         6166 ave        6166 max        6166 min
Histogram: 1 0 0 0 0 0 0 0 0 0

Total # of neighbors = 6166
Ave neighs/atom = 342.55556
Neighbor list builds = 0
Dangerous builds = 0
set atom * x 0.0 y 0.0 z 0.0
Setting atom values ...
  18 settings made for x
  18 settings made for y
  18 settings made for z
change_box all     x final 0 2.599310033187711 y final 0 13.166990070487664 z final 0 11.315920965051852      xy final -0.5380988868061412 xz final -0.34540615988620854 yz final 0.9246671060567536 units box
Changing box ...
  triclinic box = (0 0 0) to (2.59931 13.16699 11.315921) with tilt (-0.53809889 -0.34540616 0.92466711)
  triclinic box = (0 0 0) to (2.59931 13.16699 11.315921) with tilt (-0.53809889 -0.34540616 0.92466711)
  triclinic box = (0 0 0) to (2.59931 13.16699 11.315921) with tilt (-0.53809889 -0.34540616 0.92466711)
  triclinic box = (0 0 0) to (2.59931 13.16699 11.315921) with tilt (-0.53809889 -0.34540616 0.92466711)
  triclinic box = (0 0 0) to (2.59931 13.16699 11.315921) with tilt (-0.53809889 -0.34540616 0.92466711)
  triclinic box = (0 0 0) to (2.59931 13.16699 11.315921) with tilt (-0.53809889 -0.34540616 0.92466711)
echo none
run 0
WARNING: No fixes with time integration, atoms won't move (src/src/verlet.cpp:60)
Per MPI rank memory allocation (min/avg/max) = 3.87 | 3.87 | 3.87 Mbytes
    PotEng          Pxx           E_mol          E_coul    
-76.190763     -12197.757      0              0            
Loop time of 1.002e-06 on 1 procs for 0 steps with 18 atoms

798.4% CPU use with 1 MPI tasks x 1 OpenMP threads

MPI task timing breakdown:
Section |  min time  |  avg time  |  max time  |%varavg| %total
---------------------------------------------------------------
Pair    | 0          | 0          | 0          |   0.0 |  0.00
Neigh   | 0          | 0          | 0          |   0.0 |  0.00
Comm    | 0          | 0          | 0          |   0.0 |  0.00
Output  | 0          | 0          | 0          |   0.0 |  0.00
Modify  | 0          | 0          | 0          |   0.0 |  0.00
Other   |            | 1.002e-06  |            |       |100.00

Nlocal:             18 ave          18 max          18 min
Histogram: 1 0 0 0 0 0 0 0 0 0
Nghost:           1562 ave        1562 max        1562 min
Histogram: 1 0 0 0 0 0 0 0 0 0
Neighs:              0 ave           0 max           0 min
Histogram: 1 0 0 0 0 0 0 0 0 0
FullNghs:         6166 ave        6166 max        6166 min
Histogram: 1 0 0 0 0 0 0 0 0 0

Total # of neighbors = 6166
Ave neighs/atom = 342.55556
Neighbor list builds = 0
Dangerous builds = 0
set atom * x 0.0 y 0.0 z 0.0
Setting atom values ...
  18 settings made for x
  18 settings made for y
  18 settings made for z
change_box all     x final 0 2.5609781298160197 y final 0 13.163861468241477 z final 0 11.335506156028876      xy final -0.3997866018154265 xz final -0.1923621471902534 yz final 0.6004055916672337 units box
Changing box ...
  triclinic box = (0 0 0) to (2.5609781 13.16699 11.315921) with tilt (-0.53809889 -0.34540616 0.92466711)
  triclinic box = (0 0 0) to (2.5609781 13.163861 11.315921) with tilt (-0.53809889 -0.34540616 0.92466711)
  triclinic box = (0 0 0) to (2.5609781 13.163861 11.335506) with tilt (-0.53809889 -0.34540616 0.92466711)
  triclinic box = (0 0 0) to (2.5609781 13.163861 11.335506) with tilt (-0.3997866 -0.34540616 0.92466711)
  triclinic box = (0 0 0) to (2.5609781 13.163861 11.335506) with tilt (-0.3997866 -0.19236215 0.92466711)
  triclinic box = (0 0 0) to (2.5609781 13.163861 11.335506) with tilt (-0.3997866 -0.19236215 0.60040559)
echo none
run 0
WARNING: No fixes with time integration, atoms won't move (src/src/verlet.cpp:60)
Per MPI rank memory allocation (min/avg/max) = 3.87 | 3.87 | 3.87 Mbytes
    PotEng          Pxx           E_mol          E_coul    
-76.383723      1762.2956      0              0            
Loop time of 1.217e-06 on 1 procs for 0 steps with 18 atoms

575.2% CPU use with 1 MPI tasks x 1 OpenMP threads

MPI task timing breakdown:
Section |  min time  |  avg time  |  max time  |%varavg| %total
---------------------------------------------------------------
Pair    | 0          | 0          | 0          |   0.0 |  0.00
Neigh   | 0          | 0          | 0          |   0.0 |  0.00
Comm    | 0          | 0          | 0          |   0.0 |  0.00
Output  | 0          | 0          | 0          |   0.0 |  0.00
Modify  | 0          | 0          | 0          |   0.0 |  0.00
Other   |            | 1.217e-06  |            |       |100.00

Nlocal:             18 ave          18 max          18 min
Histogram: 1 0 0 0 0 0 0 0 0 0
Nghost:           1529 ave        1529 max        1529 min
Histogram: 1 0 0 0 0 0 0 0 0 0
Neighs:              0 ave           0 max           0 min
Histogram: 1 0 0 0 0 0 0 0 0 0
FullNghs:         6194 ave        6194 max        6194 min
Histogram: 1 0 0 0 0 0 0 0 0 0

Total # of neighbors = 6194
Ave neighs/atom = 344.11111
Neighbor list builds = 0
Dangerous builds = 0
set atom * x 0.0 y 0.0 z 0.0
Setting atom values ...
  18 settings made for x
  18 settings made for y
  18 settings made for z
change_box all     x final 0 2.5609781298160206 y final 0 13.16386146824148 z final 0 11.335506156028885      xy final -0.3997866018154276 xz final -0.19236214719025127 yz final 0.6004055916672238 units box
Changing box ...
  triclinic box = (0 0 0) to (2.5609781 13.163861 11.335506) with tilt (-0.3997866 -0.19236215 0.60040559)
  triclinic box = (0 0 0) to (2.5609781 13.163861 11.335506) with tilt (-0.3997866 -0.19236215 0.60040559)
  triclinic box = (0 0 0) to (2.5609781 13.163861 11.335506) with tilt (-0.3997866 -0.19236215 0.60040559)
  triclinic box = (0 0 0) to (2.5609781 13.163861 11.335506) with tilt (-0.3997866 -0.19236215 0.60040559)
  triclinic box = (0 0 0) to (2.5609781 13.163861 11.335506) with tilt (-0.3997866 -0.19236215 0.60040559)
  triclinic box = (0 0 0) to (2.5609781 13.163861 11.335506) with tilt (-0.3997866 -0.19236215 0.60040559)
echo none
run 0
WARNING: No fixes with time integration, atoms won't move (src/src/verlet.cpp:60)
Per MPI rank memory allocation (min/avg/max) = 3.87 | 3.87 | 3.87 Mbytes
    PotEng          Pxx           E_mol          E_coul    
-76.383723      1762.2956      0              0            
Loop time of 8.69e-07 on 1 procs for 0 steps with 18 atoms

805.5% CPU use with 1 MPI tasks x 1 OpenMP threads

MPI task timing breakdown:
Section |  min time  |  avg time  |  max time  |%varavg| %total
---------------------------------------------------------------
Pair    | 0          | 0          | 0          |   0.0 |  0.00
Neigh   | 0          | 0          | 0          |   0.0 |  0.00
Comm    | 0          | 0          | 0          |   0.0 |  0.00
Output  | 0          | 0          | 0          |   0.0 |  0.00
Modify  | 0          | 0          | 0          |   0.0 |  0.00
Other   |            | 8.69e-07   |            |       |100.00

Nlocal:             18 ave          18 max          18 min
Histogram: 1 0 0 0 0 0 0 0 0 0
Nghost:           1529 ave        1529 max        1529 min
Histogram: 1 0 0 0 0 0 0 0 0 0
Neighs:              0 ave           0 max           0 min
Histogram: 1 0 0 0 0 0 0 0 0 0
FullNghs:         6194 ave        6194 max        6194 min
Histogram: 1 0 0 0 0 0 0 0 0 0

Total # of neighbors = 6194
Ave neighs/atom = 344.11111
Neighbor list builds = 0
Dangerous builds = 0
set atom * x 0.0 y 0.0 z 0.0
Setting atom values ...
  18 settings made for x
  18 settings made for y
  18 settings made for z
change_box all     x final 0 2.5256013951844993 y final 0 13.41958875455529 z final 0 11.429125616064303      xy final -0.5259825841615273 xz final -0.7100956210167454 yz final 0.5619518992949015 units box
Changing box ...
  triclinic box = (0 0 0) to (2.5256014 13.163861 11.335506) with tilt (-0.3997866 -0.19236215 0.60040559)
  triclinic box = (0 0 0) to (2.5256014 13.419589 11.335506) with tilt (-0.3997866 -0.19236215 0.60040559)
  triclinic box = (0 0 0) to (2.5256014 13.419589 11.429126) with tilt (-0.3997866 -0.19236215 0.60040559)
  triclinic box = (0 0 0) to (2.5256014 13.419589 11.429126) with tilt (-0.52598258 -0.19236215 0.60040559)
  triclinic box = (0 0 0) to (2.5256014 13.419589 11.429126) with tilt (-0.52598258 -0.71009562 0.60040559)
  triclinic box = (0 0 0) to (2.5256014 13.419589 11.429126) with tilt (-0.52598258 -0.71009562 0.5619519)
echo none
run 0
WARNING: No fixes with time integration, atoms won't move (src/src/verlet.cpp:60)
Per MPI rank memory allocation (min/avg/max) = 3.87 | 3.87 | 3.87 Mbytes
    PotEng          Pxx           E_mol          E_coul    
-76.428158      11850.638      0              0            
Loop time of 1.019e-06 on 1 procs for 0 steps with 18 atoms

785.1% CPU use with 1 MPI tasks x 1 OpenMP threads

MPI task timing breakdown:
Section |  min time  |  avg time  |  max time  |%varavg| %total
---------------------------------------------------------------
Pair    | 0          | 0          | 0          |   0.0 |  0.00
Neigh   | 0          | 0          | 0          |   0.0 |  0.00
Comm    | 0          | 0          | 0          |   0.0 |  0.00
Output  | 0          | 0          | 0          |   0.0 |  0.00
Modify  | 0          | 0          | 0          |   0.0 |  0.00
Other   |            | 1.019e-06  |            |       |100.00

Nlocal:             18 ave          18 max          18 min
Histogram: 1 0 0 0 0 0 0 0 0 0
Nghost:           1529 ave        1529 max        1529 min
Histogram: 1 0 0 0 0 0 0 0 0 0
Neighs:              0 ave           0 max           0 min
Histogram: 1 0 0 0 0 0 0 0 0 0
FullNghs:         6132 ave        6132 max        6132 min
Histogram: 1 0 0 0 0 0 0 0 0 0

Total # of neighbors = 6132
Ave neighs/atom = 340.66667
Neighbor list builds = 0
Dangerous builds = 0
set atom * x 0.0 y 0.0 z 0.0
Setting atom values ...
  18 settings made for x
  18 settings made for y
  18 settings made for z
change_box all     x final 0 2.540808817436863 y final 0 13.305940220025043 z final 0 11.389248711924964      xy final -0.4696005131504157 xz final -0.479812372677611 yz final 0.5798226498229622 units box
Changing box ...
  triclinic box = (0 0 0) to (2.5408088 13.419589 11.429126) with tilt (-0.52598258 -0.71009562 0.5619519)
  triclinic box = (0 0 0) to (2.5408088 13.30594 11.429126) with tilt (-0.52598258 -0.71009562 0.5619519)
  triclinic box = (0 0 0) to (2.5408088 13.30594 11.389249) with tilt (-0.52598258 -0.71009562 0.5619519)
  triclinic box = (0 0 0) to (2.5408088 13.30594 11.389249) with tilt (-0.46960051 -0.71009562 0.5619519)
  triclinic box = (0 0 0) to (2.5408088 13.30594 11.389249) with tilt (-0.46960051 -0.47981237 0.5619519)
  triclinic box = (0 0 0) to (2.5408088 13.30594 11.389249) with tilt (-0.46960051 -0.47981237 0.57982265)
echo none
run 0
WARNING: No fixes with time integration, atoms won't move (src/src/verlet.cpp:60)
Per MPI rank memory allocation (min/avg/max) = 3.87 | 3.87 | 3.87 Mbytes
    PotEng          Pxx           E_mol          E_coul    
-76.499107      6413.8963      0              0            
Loop time of 9.82e-07 on 1 procs for 0 steps with 18 atoms

1018.3% CPU use with 1 MPI tasks x 1 OpenMP threads

MPI task timing breakdown:
Section |  min time  |  avg time  |  max time  |%varavg| %total
---------------------------------------------------------------
Pair    | 0          | 0          | 0          |   0.0 |  0.00
Neigh   | 0          | 0          | 0          |   0.0 |  0.00
Comm    | 0          | 0          | 0          |   0.0 |  0.00
Output  | 0          | 0          | 0          |   0.0 |  0.00
Modify  | 0          | 0          | 0          |   0.0 |  0.00
Other   |            | 9.82e-07   |            |       |100.00

Nlocal:             18 ave          18 max          18 min
Histogram: 1 0 0 0 0 0 0 0 0 0
Nghost:           1529 ave        1529 max        1529 min
Histogram: 1 0 0 0 0 0 0 0 0 0
Neighs:              0 ave           0 max           0 min
Histogram: 1 0 0 0 0 0 0 0 0 0
FullNghs:         6156 ave        6156 max        6156 min
Histogram: 1 0 0 0 0 0 0 0 0 0

Total # of neighbors = 6156
Ave neighs/atom = 342
Neighbor list builds = 0
Dangerous builds = 0
set atom * x 0.0 y 0.0 z 0.0
Setting atom values ...
  18 settings made for x
  18 settings made for y
  18 settings made for z
change_box all     x final 0 2.5408088174368637 y final 0 13.305940220025047 z final 0 11.389248711924967      xy final -0.46960051315041795 xz final -0.4798123726776131 yz final 0.5798226498229553 units box
Changing box ...
  triclinic box = (0 0 0) to (2.5408088 13.30594 11.389249) with tilt (-0.46960051 -0.47981237 0.57982265)
  triclinic box = (0 0 0) to (2.5408088 13.30594 11.389249) with tilt (-0.46960051 -0.47981237 0.57982265)
  triclinic box = (0 0 0) to (2.5408088 13.30594 11.389249) with tilt (-0.46960051 -0.47981237 0.57982265)
  triclinic box = (0 0 0) to (2.5408088 13.30594 11.389249) with tilt (-0.46960051 -0.47981237 0.57982265)
  triclinic box = (0 0 0) to (2.5408088 13.30594 11.389249) with tilt (-0.46960051 -0.47981237 0.57982265)
  triclinic box = (0 0 0) to (2.5408088 13.30594 11.389249) with tilt (-0.46960051 -0.47981237 0.57982265)
echo none
run 0
WARNING: No fixes with time integration, atoms won't move (src/src/verlet.cpp:60)
Per MPI rank memory allocation (min/avg/max) = 3.87 | 3.87 | 3.87 Mbytes
    PotEng          Pxx           E_mol          E_coul    
-76.499107      6413.8963      0              0            
Loop time of 1.02e-06 on 1 procs for 0 steps with 18 atoms

490.2% CPU use with 1 MPI tasks x 1 OpenMP threads

MPI task timing breakdown:
Section |  min time  |  avg time  |  max time  |%varavg| %total
---------------------------------------------------------------
Pair    | 0          | 0          | 0          |   0.0 |  0.00
Neigh   | 0          | 0          | 0          |   0.0 |  0.00
Comm    | 0          | 0          | 0          |   0.0 |  0.00
Output  | 0          | 0          | 0          |   0.0 |  0.00
Modify  | 0          | 0          | 0          |   0.0 |  0.00
Other   |            | 1.02e-06   |            |       |100.00

Nlocal:             18 ave          18 max          18 min
Histogram: 1 0 0 0 0 0 0 0 0 0
Nghost:           1529 ave        1529 max        1529 min
Histogram: 1 0 0 0 0 0 0 0 0 0
Neighs:              0 ave           0 max           0 min
Histogram: 1 0 0 0 0 0 0 0 0 0
FullNghs:         6156 ave        6156 max        6156 min
Histogram: 1 0 0 0 0 0 0 0 0 0

Total # of neighbors = 6156
Ave neighs/atom = 342
Neighbor list builds = 0
Dangerous builds = 0
set atom * x 0.0 y 0.0 z 0.0
Setting atom values ...
  18 settings made for x
  18 settings made for y
  18 settings made for z
change_box all     x final 0 2.539197362469255 y final 0 13.230888251274877 z final 0 11.283523532906885      xy final -0.31698897950648713 xz final -0.43508241387095037 yz final 0.6087717800310791 units box
Changing box ...
  triclinic box = (0 0 0) to (2.5391974 13.30594 11.389249) with tilt (-0.46960051 -0.47981237 0.57982265)
  triclinic box = (0 0 0) to (2.5391974 13.230888 11.389249) with tilt (-0.46960051 -0.47981237 0.57982265)
  triclinic box = (0 0 0) to (2.5391974 13.230888 11.283524) with tilt (-0.46960051 -0.47981237 0.57982265)
  triclinic box = (0 0 0) to (2.5391974 13.230888 11.283524) with tilt (-0.31698898 -0.47981237 0.57982265)
  triclinic box = (0 0 0) to (2.5391974 13.230888 11.283524) with tilt (-0.31698898 -0.43508241 0.57982265)
  triclinic box = (0 0 0) to (2.5391974 13.230888 11.283524) with tilt (-0.31698898 -0.43508241 0.60877178)
echo none
run 0
WARNING: No fixes with time integration, atoms won't move (src/src/verlet.cpp:60)
Per MPI rank memory allocation (min/avg/max) = 3.87 | 3.87 | 3.87 Mbytes
    PotEng          Pxx           E_mol          E_coul    
-76.549701      4557.7082      0              0            
Loop time of 9.97e-07 on 1 procs for 0 steps with 18 atoms

802.4% CPU use with 1 MPI tasks x 1 OpenMP threads

MPI task timing breakdown:
Section |  min time  |  avg time  |  max time  |%varavg| %total
---------------------------------------------------------------
Pair    | 0          | 0          | 0          |   0.0 |  0.00
Neigh   | 0          | 0          | 0          |   0.0 |  0.00
Comm    | 0          | 0          | 0          |   0.0 |  0.00
Output  | 0          | 0          | 0          |   0.0 |  0.00
Modify  | 0          | 0          | 0          |   0.0 |  0.00
Other   |            | 9.97e-07   |            |       |100.00

Nlocal:             18 ave          18 max          18 min
Histogram: 1 0 0 0 0 0 0 0 0 0
Nghost:           1529 ave        1529 max        1529 min
Histogram: 1 0 0 0 0 0 0 0 0 0
Neighs:              0 ave           0 max           0 min
Histogram: 1 0 0 0 0 0 0 0 0 0
FullNghs:         6258 ave        6258 max        6258 min
Histogram: 1 0 0 0 0 0 0 0 0 0

Total # of neighbors = 6258
Ave neighs/atom = 347.66667
Neighbor list builds = 0
Dangerous builds = 0
set atom * x 0.0 y 0.0 z 0.0
Setting atom values ...
  18 settings made for x
  18 settings made for y
  18 settings made for z
change_box all     x final 0 2.5391973624692556 y final 0 13.23088825127488 z final 0 11.283523532906885      xy final -0.31698897950648736 xz final -0.43508241387095475 yz final 0.6087717800310758 units box
Changing box ...
  triclinic box = (0 0 0) to (2.5391974 13.230888 11.283524) with tilt (-0.31698898 -0.43508241 0.60877178)
  triclinic box = (0 0 0) to (2.5391974 13.230888 11.283524) with tilt (-0.31698898 -0.43508241 0.60877178)
  triclinic box = (0 0 0) to (2.5391974 13.230888 11.283524) with tilt (-0.31698898 -0.43508241 0.60877178)
  triclinic box = (0 0 0) to (2.5391974 13.230888 11.283524) with tilt (-0.31698898 -0.43508241 0.60877178)
  triclinic box = (0 0 0) to (2.5391974 13.230888 11.283524) with tilt (-0.31698898 -0.43508241 0.60877178)
  triclinic box = (0 0 0) to (2.5391974 13.230888 11.283524) with tilt (-0.31698898 -0.43508241 0.60877178)
echo none
run 0
WARNING: No fixes with time integration, atoms won't move (src/src/verlet.cpp:60)
Per MPI rank memory allocation (min/avg/max) = 3.87 | 3.87 | 3.87 Mbytes
    PotEng          Pxx           E_mol          E_coul    
-76.549701      4557.7082      0              0            
Loop time of 1.001e-06 on 1 procs for 0 steps with 18 atoms

1398.6% CPU use with 1 MPI tasks x 1 OpenMP threads

MPI task timing breakdown:
Section |  min time  |  avg time  |  max time  |%varavg| %total
---------------------------------------------------------------
Pair    | 0          | 0          | 0          |   0.0 |  0.00
Neigh   | 0          | 0          | 0          |   0.0 |  0.00
Comm    | 0          | 0          | 0          |   0.0 |  0.00
Output  | 0          | 0          | 0          |   0.0 |  0.00
Modify  | 0          | 0          | 0          |   0.0 |  0.00
Other   |            | 1.001e-06  |            |       |100.00

Nlocal:             18 ave          18 max          18 min
Histogram: 1 0 0 0 0 0 0 0 0 0
Nghost:           1529 ave        1529 max        1529 min
Histogram: 1 0 0 0 0 0 0 0 0 0
Neighs:              0 ave           0 max           0 min
Histogram: 1 0 0 0 0 0 0 0 0 0
FullNghs:         6258 ave        6258 max        6258 min
Histogram: 1 0 0 0 0 0 0 0 0 0

Total # of neighbors = 6258
Ave neighs/atom = 347.66667
Neighbor list builds = 0
Dangerous builds = 0
set atom * x 0.0 y 0.0 z 0.0
Setting atom values ...
  18 settings made for x
  18 settings made for y
  18 settings made for z
change_box all     x final 0 2.553503593919443 y final 0 13.403231872301845 z final 0 11.349132610778586      xy final -0.6876376271587092 xz final -0.2869307384086835 yz final 0.5578844671591429 units box
Changing box ...
  triclinic box = (0 0 0) to (2.5535036 13.230888 11.283524) with tilt (-0.31698898 -0.43508241 0.60877178)
  triclinic box = (0 0 0) to (2.5535036 13.403232 11.283524) with tilt (-0.31698898 -0.43508241 0.60877178)
  triclinic box = (0 0 0) to (2.5535036 13.403232 11.349133) with tilt (-0.31698898 -0.43508241 0.60877178)
  triclinic box = (0 0 0) to (2.5535036 13.403232 11.349133) with tilt (-0.68763763 -0.43508241 0.60877178)
  triclinic box = (0 0 0) to (2.5535036 13.403232 11.349133) with tilt (-0.68763763 -0.28693074 0.60877178)
  triclinic box = (0 0 0) to (2.5535036 13.403232 11.349133) with tilt (-0.68763763 -0.28693074 0.55788447)
echo none
run 0
WARNING: No fixes with time integration, atoms won't move (src/src/verlet.cpp:60)
Per MPI rank memory allocation (min/avg/max) = 3.87 | 3.87 | 3.87 Mbytes
    PotEng          Pxx           E_mol          E_coul    
-76.57294      -3559.0036      0              0            
Loop time of 1.017e-06 on 1 procs for 0 steps with 18 atoms

688.3% CPU use with 1 MPI tasks x 1 OpenMP threads

MPI task timing breakdown:
Section |  min time  |  avg time  |  max time  |%varavg| %total
---------------------------------------------------------------
Pair    | 0          | 0          | 0          |   0.0 |  0.00
Neigh   | 0          | 0          | 0          |   0.0 |  0.00
Comm    | 0          | 0          | 0          |   0.0 |  0.00
Output  | 0          | 0          | 0          |   0.0 |  0.00
Modify  | 0          | 0          | 0          |   0.0 |  0.00
Other   |            | 1.017e-06  |            |       |100.00

Nlocal:             18 ave          18 max          18 min
Histogram: 1 0 0 0 0 0 0 0 0 0
Nghost:           1529 ave        1529 max        1529 min
Histogram: 1 0 0 0 0 0 0 0 0 0
Neighs:              0 ave           0 max           0 min
Histogram: 1 0 0 0 0 0 0 0 0 0
FullNghs:         6116 ave        6116 max        6116 min
Histogram: 1 0 0 0 0 0 0 0 0 0

Total # of neighbors = 6116
Ave neighs/atom = 339.77778
Neighbor list builds = 0
Dangerous builds = 0
set atom * x 0.0 y 0.0 z 0.0
Setting atom values ...
  18 settings made for x
  18 settings made for y
  18 settings made for z
change_box all     x final 0 2.5477019087727233 y final 0 13.335515356485956 z final 0 11.323339254694018      xy final -0.540043517150797 xz final -0.3457504901590777 yz final 0.5775431915640946 units box
Changing box ...
  triclinic box = (0 0 0) to (2.5477019 13.403232 11.349133) with tilt (-0.68763763 -0.28693074 0.55788447)
  triclinic box = (0 0 0) to (2.5477019 13.335515 11.349133) with tilt (-0.68763763 -0.28693074 0.55788447)
  triclinic box = (0 0 0) to (2.5477019 13.335515 11.323339) with tilt (-0.68763763 -0.28693074 0.55788447)
  triclinic box = (0 0 0) to (2.5477019 13.335515 11.323339) with tilt (-0.54004352 -0.28693074 0.55788447)
  triclinic box = (0 0 0) to (2.5477019 13.335515 11.323339) with tilt (-0.54004352 -0.34575049 0.55788447)
  triclinic box = (0 0 0) to (2.5477019 13.335515 11.323339) with tilt (-0.54004352 -0.34575049 0.57754319)
echo none
run 0
WARNING: No fixes with time integration, atoms won't move (src/src/verlet.cpp:60)
Per MPI rank memory allocation (min/avg/max) = 3.87 | 3.87 | 3.87 Mbytes
    PotEng          Pxx           E_mol          E_coul    
-76.590026     -494.79645      0              0            
Loop time of 1.014e-06 on 1 procs for 0 steps with 18 atoms

789.0% CPU use with 1 MPI tasks x 1 OpenMP threads

MPI task timing breakdown:
Section |  min time  |  avg time  |  max time  |%varavg| %total
---------------------------------------------------------------
Pair    | 0          | 0          | 0          |   0.0 |  0.00
Neigh   | 0          | 0          | 0          |   0.0 |  0.00
Comm    | 0          | 0          | 0          |   0.0 |  0.00
Output  | 0          | 0          | 0          |   0.0 |  0.00
Modify  | 0          | 0          | 0          |   0.0 |  0.00
Other   |            | 1.014e-06  |            |       |100.00

Nlocal:             18 ave          18 max          18 min
Histogram: 1 0 0 0 0 0 0 0 0 0
Nghost:           1529 ave        1529 max        1529 min
Histogram: 1 0 0 0 0 0 0 0 0 0
Neighs:              0 ave           0 max           0 min
Histogram: 1 0 0 0 0 0 0 0 0 0
FullNghs:         6158 ave        6158 max        6158 min
Histogram: 1 0 0 0 0 0 0 0 0 0

Total # of neighbors = 6158
Ave neighs/atom = 342.11111
Neighbor list builds = 0
Dangerous builds = 0
set atom * x 0.0 y 0.0 z 0.0
Setting atom values ...
  18 settings made for x
  18 settings made for y
  18 settings made for z
change_box all     x final 0 2.547701908772724 y final 0 13.335515356485955 z final 0 11.323339254694016      xy final -0.5400435171507905 xz final -0.3457504901590904 yz final 0.5775431915640883 units box
Changing box ...
  triclinic box = (0 0 0) to (2.5477019 13.335515 11.323339) with tilt (-0.54004352 -0.34575049 0.57754319)
  triclinic box = (0 0 0) to (2.5477019 13.335515 11.323339) with tilt (-0.54004352 -0.34575049 0.57754319)
  triclinic box = (0 0 0) to (2.5477019 13.335515 11.323339) with tilt (-0.54004352 -0.34575049 0.57754319)
  triclinic box = (0 0 0) to (2.5477019 13.335515 11.323339) with tilt (-0.54004352 -0.34575049 0.57754319)
  triclinic box = (0 0 0) to (2.5477019 13.335515 11.323339) with tilt (-0.54004352 -0.34575049 0.57754319)
  triclinic box = (0 0 0) to (2.5477019 13.335515 11.323339) with tilt (-0.54004352 -0.34575049 0.57754319)
echo none
run 0
WARNING: No fixes with time integration, atoms won't move (src/src/verlet.cpp:60)
Per MPI rank memory allocation (min/avg/max) = 3.87 | 3.87 | 3.87 Mbytes
    PotEng          Pxx           E_mol          E_coul    
-76.590026     -494.79645      0              0            
Loop time of 9.24e-07 on 1 procs for 0 steps with 18 atoms

432.9% CPU use with 1 MPI tasks x 1 OpenMP threads

MPI task timing breakdown:
Section |  min time  |  avg time  |  max time  |%varavg| %total
---------------------------------------------------------------
Pair    | 0          | 0          | 0          |   0.0 |  0.00
Neigh   | 0          | 0          | 0          |   0.0 |  0.00
Comm    | 0          | 0          | 0          |   0.0 |  0.00
Output  | 0          | 0          | 0          |   0.0 |  0.00
Modify  | 0          | 0          | 0          |   0.0 |  0.00
Other   |            | 9.24e-07   |            |       |100.00

Nlocal:             18 ave          18 max          18 min
Histogram: 1 0 0 0 0 0 0 0 0 0
Nghost:           1529 ave        1529 max        1529 min
Histogram: 1 0 0 0 0 0 0 0 0 0
Neighs:              0 ave           0 max           0 min
Histogram: 1 0 0 0 0 0 0 0 0 0
FullNghs:         6158 ave        6158 max        6158 min
Histogram: 1 0 0 0 0 0 0 0 0 0

Total # of neighbors = 6158
Ave neighs/atom = 342.11111
Neighbor list builds = 0
Dangerous builds = 0
set atom * x 0.0 y 0.0 z 0.0
Setting atom values ...
  18 settings made for x
  18 settings made for y
  18 settings made for z
change_box all     x final 0 2.5433860082386577 y final 0 13.378309035336892 z final 0 11.336684348175963      xy final -0.502904524588464 xz final -0.3735385146034359 yz final 0.6826203444427351 units box
Changing box ...
  triclinic box = (0 0 0) to (2.543386 13.335515 11.323339) with tilt (-0.54004352 -0.34575049 0.57754319)
  triclinic box = (0 0 0) to (2.543386 13.378309 11.323339) with tilt (-0.54004352 -0.34575049 0.57754319)
  triclinic box = (0 0 0) to (2.543386 13.378309 11.336684) with tilt (-0.54004352 -0.34575049 0.57754319)
  triclinic box = (0 0 0) to (2.543386 13.378309 11.336684) with tilt (-0.50290452 -0.34575049 0.57754319)
  triclinic box = (0 0 0) to (2.543386 13.378309 11.336684) with tilt (-0.50290452 -0.37353851 0.57754319)
  triclinic box = (0 0 0) to (2.543386 13.378309 11.336684) with tilt (-0.50290452 -0.37353851 0.68262034)
echo none
run 0
WARNING: No fixes with time integration, atoms won't move (src/src/verlet.cpp:60)
Per MPI rank memory allocation (min/avg/max) = 3.87 | 3.87 | 3.87 Mbytes
    PotEng          Pxx           E_mol          E_coul    
-76.602589      975.55684      0              0            
Loop time of 9.2e-07 on 1 procs for 0 steps with 18 atoms

434.8% CPU use with 1 MPI tasks x 1 OpenMP threads

MPI task timing breakdown:
Section |  min time  |  avg time  |  max time  |%varavg| %total
---------------------------------------------------------------
Pair    | 0          | 0          | 0          |   0.0 |  0.00
Neigh   | 0          | 0          | 0          |   0.0 |  0.00
Comm    | 0          | 0          | 0          |   0.0 |  0.00
Output  | 0          | 0          | 0          |   0.0 |  0.00
Modify  | 0          | 0          | 0          |   0.0 |  0.00
Other   |            | 9.2e-07    |            |       |100.00

Nlocal:             18 ave          18 max          18 min
Histogram: 1 0 0 0 0 0 0 0 0 0
Nghost:           1529 ave        1529 max        1529 min
Histogram: 1 0 0 0 0 0 0 0 0 0
Neighs:              0 ave           0 max           0 min
Histogram: 1 0 0 0 0 0 0 0 0 0
FullNghs:         6142 ave        6142 max        6142 min
Histogram: 1 0 0 0 0 0 0 0 0 0

Total # of neighbors = 6142
Ave neighs/atom = 341.22222
Neighbor list builds = 0
Dangerous builds = 0
set atom * x 0.0 y 0.0 z 0.0
Setting atom values ...
  18 settings made for x
  18 settings made for y
  18 settings made for z
change_box all     x final 0 2.543386008238658 y final 0 13.378309035336892 z final 0 11.336684348175961      xy final -0.50290452458847 xz final -0.3735385146034358 yz final 0.6826203444427401 units box
Changing box ...
  triclinic box = (0 0 0) to (2.543386 13.378309 11.336684) with tilt (-0.50290452 -0.37353851 0.68262034)
  triclinic box = (0 0 0) to (2.543386 13.378309 11.336684) with tilt (-0.50290452 -0.37353851 0.68262034)
  triclinic box = (0 0 0) to (2.543386 13.378309 11.336684) with tilt (-0.50290452 -0.37353851 0.68262034)
  triclinic box = (0 0 0) to (2.543386 13.378309 11.336684) with tilt (-0.50290452 -0.37353851 0.68262034)
  triclinic box = (0 0 0) to (2.543386 13.378309 11.336684) with tilt (-0.50290452 -0.37353851 0.68262034)
  triclinic box = (0 0 0) to (2.543386 13.378309 11.336684) with tilt (-0.50290452 -0.37353851 0.68262034)
echo none
run 0
WARNING: No fixes with time integration, atoms won't move (src/src/verlet.cpp:60)
Per MPI rank memory allocation (min/avg/max) = 3.87 | 3.87 | 3.87 Mbytes
    PotEng          Pxx           E_mol          E_coul    
-76.602589      975.55684      0              0            
Loop time of 9.14e-07 on 1 procs for 0 steps with 18 atoms

765.9% CPU use with 1 MPI tasks x 1 OpenMP threads

MPI task timing breakdown:
Section |  min time  |  avg time  |  max time  |%varavg| %total
---------------------------------------------------------------
Pair    | 0          | 0          | 0          |   0.0 |  0.00
Neigh   | 0          | 0          | 0          |   0.0 |  0.00
Comm    | 0          | 0          | 0          |   0.0 |  0.00
Output  | 0          | 0          | 0          |   0.0 |  0.00
Modify  | 0          | 0          | 0          |   0.0 |  0.00
Other   |            | 9.14e-07   |            |       |100.00

Nlocal:             18 ave          18 max          18 min
Histogram: 1 0 0 0 0 0 0 0 0 0
Nghost:           1529 ave        1529 max        1529 min
Histogram: 1 0 0 0 0 0 0 0 0 0
Neighs:              0 ave           0 max           0 min
Histogram: 1 0 0 0 0 0 0 0 0 0
FullNghs:         6142 ave        6142 max        6142 min
Histogram: 1 0 0 0 0 0 0 0 0 0

Total # of neighbors = 6142
Ave neighs/atom = 341.22222
Neighbor list builds = 0
Dangerous builds = 0
set atom * x 0.0 y 0.0 z 0.0
Setting atom values ...
  18 settings made for x
  18 settings made for y
  18 settings made for z
change_box all     x final 0 2.5503680992877147 y final 0 13.312775429847862 z final 0 11.358317218714648      xy final -0.523952629464104 xz final -0.39516001461916694 yz final 0.6580508918753217 units box
Changing box ...
  triclinic box = (0 0 0) to (2.5503681 13.378309 11.336684) with tilt (-0.50290452 -0.37353851 0.68262034)
  triclinic box = (0 0 0) to (2.5503681 13.312775 11.336684) with tilt (-0.50290452 -0.37353851 0.68262034)
  triclinic box = (0 0 0) to (2.5503681 13.312775 11.358317) with tilt (-0.50290452 -0.37353851 0.68262034)
  triclinic box = (0 0 0) to (2.5503681 13.312775 11.358317) with tilt (-0.52395263 -0.37353851 0.68262034)
  triclinic box = (0 0 0) to (2.5503681 13.312775 11.358317) with tilt (-0.52395263 -0.39516001 0.68262034)
  triclinic box = (0 0 0) to (2.5503681 13.312775 11.358317) with tilt (-0.52395263 -0.39516001 0.65805089)
echo none
run 0
WARNING: No fixes with time integration, atoms won't move (src/src/verlet.cpp:60)
Per MPI rank memory allocation (min/avg/max) = 3.87 | 3.87 | 3.87 Mbytes
    PotEng          Pxx           E_mol          E_coul    
-76.605354     -1836.3649      0              0            
Loop time of 1e-06 on 1 procs for 0 steps with 18 atoms

600.0% CPU use with 1 MPI tasks x 1 OpenMP threads

MPI task timing breakdown:
Section |  min time  |  avg time  |  max time  |%varavg| %total
---------------------------------------------------------------
Pair    | 0          | 0          | 0          |   0.0 |  0.00
Neigh   | 0          | 0          | 0          |   0.0 |  0.00
Comm    | 0          | 0          | 0          |   0.0 |  0.00
Output  | 0          | 0          | 0          |   0.0 |  0.00
Modify  | 0          | 0          | 0          |   0.0 |  0.00
Other   |            | 1e-06      |            |       |100.00

Nlocal:             18 ave          18 max          18 min
Histogram: 1 0 0 0 0 0 0 0 0 0
Nghost:           1529 ave        1529 max        1529 min
Histogram: 1 0 0 0 0 0 0 0 0 0
Neighs:              0 ave           0 max           0 min
Histogram: 1 0 0 0 0 0 0 0 0 0
FullNghs:         6142 ave        6142 max        6142 min
Histogram: 1 0 0 0 0 0 0 0 0 0

Total # of neighbors = 6142
Ave neighs/atom = 341.22222
Neighbor list builds = 0
Dangerous builds = 0
set atom * x 0.0 y 0.0 z 0.0
Setting atom values ...
  18 settings made for x
  18 settings made for y
  18 settings made for z
change_box all     x final 0 2.550368099287716 y final 0 13.312775429847868 z final 0 11.358317218714651      xy final -0.5239526294641123 xz final -0.39516001461916656 yz final 0.658050891875311 units box
Changing box ...
  triclinic box = (0 0 0) to (2.5503681 13.312775 11.358317) with tilt (-0.52395263 -0.39516001 0.65805089)
  triclinic box = (0 0 0) to (2.5503681 13.312775 11.358317) with tilt (-0.52395263 -0.39516001 0.65805089)
  triclinic box = (0 0 0) to (2.5503681 13.312775 11.358317) with tilt (-0.52395263 -0.39516001 0.65805089)
  triclinic box = (0 0 0) to (2.5503681 13.312775 11.358317) with tilt (-0.52395263 -0.39516001 0.65805089)
  triclinic box = (0 0 0) to (2.5503681 13.312775 11.358317) with tilt (-0.52395263 -0.39516001 0.65805089)
  triclinic box = (0 0 0) to (2.5503681 13.312775 11.358317) with tilt (-0.52395263 -0.39516001 0.65805089)
echo none
run 0
WARNING: No fixes with time integration, atoms won't move (src/src/verlet.cpp:60)
Per MPI rank memory allocation (min/avg/max) = 3.87 | 3.87 | 3.87 Mbytes
    PotEng          Pxx           E_mol          E_coul    
-76.605354     -1836.3649      0              0            
Loop time of 9.16e-07 on 1 procs for 0 steps with 18 atoms

873.4% CPU use with 1 MPI tasks x 1 OpenMP threads

MPI task timing breakdown:
Section |  min time  |  avg time  |  max time  |%varavg| %total
---------------------------------------------------------------
Pair    | 0          | 0          | 0          |   0.0 |  0.00
Neigh   | 0          | 0          | 0          |   0.0 |  0.00
Comm    | 0          | 0          | 0          |   0.0 |  0.00
Output  | 0          | 0          | 0          |   0.0 |  0.00
Modify  | 0          | 0          | 0          |   0.0 |  0.00
Other   |            | 9.16e-07   |            |       |100.00

Nlocal:             18 ave          18 max          18 min
Histogram: 1 0 0 0 0 0 0 0 0 0
Nghost:           1529 ave        1529 max        1529 min
Histogram: 1 0 0 0 0 0 0 0 0 0
Neighs:              0 ave           0 max           0 min
Histogram: 1 0 0 0 0 0 0 0 0 0
FullNghs:         6142 ave        6142 max        6142 min
Histogram: 1 0 0 0 0 0 0 0 0 0

Total # of neighbors = 6142
Ave neighs/atom = 341.22222
Neighbor list builds = 0
Dangerous builds = 0
set atom * x 0.0 y 0.0 z 0.0
Setting atom values ...
  18 settings made for x
  18 settings made for y
  18 settings made for z
change_box all     x final 0 2.546558327326973 y final 0 13.341173349525768 z final 0 11.306748912130699      xy final -0.5069262282817352 xz final -0.39846005554665276 yz final 0.6079332839108517 units box
Changing box ...
  triclinic box = (0 0 0) to (2.5465583 13.312775 11.358317) with tilt (-0.52395263 -0.39516001 0.65805089)
  triclinic box = (0 0 0) to (2.5465583 13.341173 11.358317) with tilt (-0.52395263 -0.39516001 0.65805089)
  triclinic box = (0 0 0) to (2.5465583 13.341173 11.306749) with tilt (-0.52395263 -0.39516001 0.65805089)
  triclinic box = (0 0 0) to (2.5465583 13.341173 11.306749) with tilt (-0.50692623 -0.39516001 0.65805089)
  triclinic box = (0 0 0) to (2.5465583 13.341173 11.306749) with tilt (-0.50692623 -0.39846006 0.65805089)
  triclinic box = (0 0 0) to (2.5465583 13.341173 11.306749) with tilt (-0.50692623 -0.39846006 0.60793328)
echo none
run 0
WARNING: No fixes with time integration, atoms won't move (src/src/verlet.cpp:60)
Per MPI rank memory allocation (min/avg/max) = 3.87 | 3.87 | 3.87 Mbytes
    PotEng          Pxx           E_mol          E_coul    
-76.609656      77.555599      0              0            
Loop time of 8.06e-07 on 1 procs for 0 steps with 18 atoms

744.4% CPU use with 1 MPI tasks x 1 OpenMP threads

MPI task timing breakdown:
Section |  min time  |  avg time  |  max time  |%varavg| %total
---------------------------------------------------------------
Pair    | 0          | 0          | 0          |   0.0 |  0.00
Neigh   | 0          | 0          | 0          |   0.0 |  0.00
Comm    | 0          | 0          | 0          |   0.0 |  0.00
Output  | 0          | 0          | 0          |   0.0 |  0.00
Modify  | 0          | 0          | 0          |   0.0 |  0.00
Other   |            | 8.06e-07   |            |       |100.00

Nlocal:             18 ave          18 max          18 min
Histogram: 1 0 0 0 0 0 0 0 0 0
Nghost:           1529 ave        1529 max        1529 min
Histogram: 1 0 0 0 0 0 0 0 0 0
Neighs:              0 ave           0 max           0 min
Histogram: 1 0 0 0 0 0 0 0 0 0
FullNghs:         6174 ave        6174 max        6174 min
Histogram: 1 0 0 0 0 0 0 0 0 0

Total # of neighbors = 6174
Ave neighs/atom = 343
Neighbor list builds = 0
Dangerous builds = 0
set atom * x 0.0 y 0.0 z 0.0
Setting atom values ...
  18 settings made for x
  18 settings made for y
  18 settings made for z
change_box all     x final 0 2.546558327326974 y final 0 13.34117334952577 z final 0 11.3067489121307      xy final -0.5069262282817366 xz final -0.3984600555466527 yz final 0.6079332839108574 units box
Changing box ...
  triclinic box = (0 0 0) to (2.5465583 13.341173 11.306749) with tilt (-0.50692623 -0.39846006 0.60793328)
  triclinic box = (0 0 0) to (2.5465583 13.341173 11.306749) with tilt (-0.50692623 -0.39846006 0.60793328)
  triclinic box = (0 0 0) to (2.5465583 13.341173 11.306749) with tilt (-0.50692623 -0.39846006 0.60793328)
  triclinic box = (0 0 0) to (2.5465583 13.341173 11.306749) with tilt (-0.50692623 -0.39846006 0.60793328)
  triclinic box = (0 0 0) to (2.5465583 13.341173 11.306749) with tilt (-0.50692623 -0.39846006 0.60793328)
  triclinic box = (0 0 0) to (2.5465583 13.341173 11.306749) with tilt (-0.50692623 -0.39846006 0.60793328)
echo none
run 0
WARNING: No fixes with time integration, atoms won't move (src/src/verlet.cpp:60)
Per MPI rank memory allocation (min/avg/max) = 3.87 | 3.87 | 3.87 Mbytes
    PotEng          Pxx           E_mol          E_coul    
-76.609656      77.555599      0              0            
Loop time of 9.01e-07 on 1 procs for 0 steps with 18 atoms

554.9% CPU use with 1 MPI tasks x 1 OpenMP threads

MPI task timing breakdown:
Section |  min time  |  avg time  |  max time  |%varavg| %total
---------------------------------------------------------------
Pair    | 0          | 0          | 0          |   0.0 |  0.00
Neigh   | 0          | 0          | 0          |   0.0 |  0.00
Comm    | 0          | 0          | 0          |   0.0 |  0.00
Output  | 0          | 0          | 0          |   0.0 |  0.00
Modify  | 0          | 0          | 0          |   0.0 |  0.00
Other   |            | 9.01e-07   |            |       |100.00

Nlocal:             18 ave          18 max          18 min
Histogram: 1 0 0 0 0 0 0 0 0 0
Nghost:           1529 ave        1529 max        1529 min
Histogram: 1 0 0 0 0 0 0 0 0 0
Neighs:              0 ave           0 max           0 min
Histogram: 1 0 0 0 0 0 0 0 0 0
FullNghs:         6174 ave        6174 max        6174 min
Histogram: 1 0 0 0 0 0 0 0 0 0

Total # of neighbors = 6174
Ave neighs/atom = 343
Neighbor list builds = 0
Dangerous builds = 0
set atom * x 0.0 y 0.0 z 0.0
Setting atom values ...
  18 settings made for x
  18 settings made for y
  18 settings made for z
change_box all     x final 0 2.5446684635045798 y final 0 13.34512517647184 z final 0 11.314040674179205      xy final -0.5008695538983683 xz final -0.38211172476255056 yz final 0.6308197574696316 units box
Changing box ...
  triclinic box = (0 0 0) to (2.5446685 13.341173 11.306749) with tilt (-0.50692623 -0.39846006 0.60793328)
  triclinic box = (0 0 0) to (2.5446685 13.345125 11.306749) with tilt (-0.50692623 -0.39846006 0.60793328)
  triclinic box = (0 0 0) to (2.5446685 13.345125 11.314041) with tilt (-0.50692623 -0.39846006 0.60793328)
  triclinic box = (0 0 0) to (2.5446685 13.345125 11.314041) with tilt (-0.50086955 -0.39846006 0.60793328)
  triclinic box = (0 0 0) to (2.5446685 13.345125 11.314041) with tilt (-0.50086955 -0.38211172 0.60793328)
  triclinic box = (0 0 0) to (2.5446685 13.345125 11.314041) with tilt (-0.50086955 -0.38211172 0.63081976)
echo none
run 0
WARNING: No fixes with time integration, atoms won't move (src/src/verlet.cpp:60)
Per MPI rank memory allocation (min/avg/max) = 3.87 | 3.87 | 3.87 Mbytes
    PotEng          Pxx           E_mol          E_coul    
-76.611146      406.99566      0              0            
Loop time of 8.01e-07 on 1 procs for 0 steps with 18 atoms

749.1% CPU use with 1 MPI tasks x 1 OpenMP threads

MPI task timing breakdown:
Section |  min time  |  avg time  |  max time  |%varavg| %total
---------------------------------------------------------------
Pair    | 0          | 0          | 0          |   0.0 |  0.00
Neigh   | 0          | 0          | 0          |   0.0 |  0.00
Comm    | 0          | 0          | 0          |   0.0 |  0.00
Output  | 0          | 0          | 0          |   0.0 |  0.00
Modify  | 0          | 0          | 0          |   0.0 |  0.00
Other   |            | 8.01e-07   |            |       |100.00

Nlocal:             18 ave          18 max          18 min
Histogram: 1 0 0 0 0 0 0 0 0 0
Nghost:           1529 ave        1529 max        1529 min
Histogram: 1 0 0 0 0 0 0 0 0 0
Neighs:              0 ave           0 max           0 min
Histogram: 1 0 0 0 0 0 0 0 0 0
FullNghs:         6172 ave        6172 max        6172 min
Histogram: 1 0 0 0 0 0 0 0 0 0

Total # of neighbors = 6172
Ave neighs/atom = 342.88889
Neighbor list builds = 0
Dangerous builds = 0
set atom * x 0.0 y 0.0 z 0.0
Setting atom values ...
  18 settings made for x
  18 settings made for y
  18 settings made for z
change_box all     x final 0 2.54466846350458 y final 0 13.345125176471846 z final 0 11.314040674179205      xy final -0.5008695538983741 xz final -0.38211172476254723 yz final 0.6308197574696258 units box
Changing box ...
  triclinic box = (0 0 0) to (2.5446685 13.345125 11.314041) with tilt (-0.50086955 -0.38211172 0.63081976)
  triclinic box = (0 0 0) to (2.5446685 13.345125 11.314041) with tilt (-0.50086955 -0.38211172 0.63081976)
  triclinic box = (0 0 0) to (2.5446685 13.345125 11.314041) with tilt (-0.50086955 -0.38211172 0.63081976)
  triclinic box = (0 0 0) to (2.5446685 13.345125 11.314041) with tilt (-0.50086955 -0.38211172 0.63081976)
  triclinic box = (0 0 0) to (2.5446685 13.345125 11.314041) with tilt (-0.50086955 -0.38211172 0.63081976)
  triclinic box = (0 0 0) to (2.5446685 13.345125 11.314041) with tilt (-0.50086955 -0.38211172 0.63081976)
echo none
run 0
WARNING: No fixes with time integration, atoms won't move (src/src/verlet.cpp:60)
Per MPI rank memory allocation (min/avg/max) = 3.87 | 3.87 | 3.87 Mbytes
    PotEng          Pxx           E_mol          E_coul    
-76.611146      406.99566      0              0            
Loop time of 8.76e-07 on 1 procs for 0 steps with 18 atoms

456.6% CPU use with 1 MPI tasks x 1 OpenMP threads

MPI task timing breakdown:
Section |  min time  |  avg time  |  max time  |%varavg| %total
---------------------------------------------------------------
Pair    | 0          | 0          | 0          |   0.0 |  0.00
Neigh   | 0          | 0          | 0          |   0.0 |  0.00
Comm    | 0          | 0          | 0          |   0.0 |  0.00
Output  | 0          | 0          | 0          |   0.0 |  0.00
Modify  | 0          | 0          | 0          |   0.0 |  0.00
Other   |            | 8.76e-07   |            |       |100.00

Nlocal:             18 ave          18 max          18 min
Histogram: 1 0 0 0 0 0 0 0 0 0
Nghost:           1529 ave        1529 max        1529 min
Histogram: 1 0 0 0 0 0 0 0 0 0
Neighs:              0 ave           0 max           0 min
Histogram: 1 0 0 0 0 0 0 0 0 0
FullNghs:         6172 ave        6172 max        6172 min
Histogram: 1 0 0 0 0 0 0 0 0 0

Total # of neighbors = 6172
Ave neighs/atom = 342.88889
Neighbor list builds = 0
Dangerous builds = 0
set atom * x 0.0 y 0.0 z 0.0
Setting atom values ...
  18 settings made for x
  18 settings made for y
  18 settings made for z
change_box all     x final 0 2.545993231272363 y final 0 13.339961307305943 z final 0 11.310869090204884      xy final -0.4976356681512905 xz final -0.3835454379041035 yz final 0.6327665761955089 units box
Changing box ...
  triclinic box = (0 0 0) to (2.5459932 13.345125 11.314041) with tilt (-0.50086955 -0.38211172 0.63081976)
  triclinic box = (0 0 0) to (2.5459932 13.339961 11.314041) with tilt (-0.50086955 -0.38211172 0.63081976)
  triclinic box = (0 0 0) to (2.5459932 13.339961 11.310869) with tilt (-0.50086955 -0.38211172 0.63081976)
  triclinic box = (0 0 0) to (2.5459932 13.339961 11.310869) with tilt (-0.49763567 -0.38211172 0.63081976)
  triclinic box = (0 0 0) to (2.5459932 13.339961 11.310869) with tilt (-0.49763567 -0.38354544 0.63081976)
  triclinic box = (0 0 0) to (2.5459932 13.339961 11.310869) with tilt (-0.49763567 -0.38354544 0.63276658)
echo none
run 0
WARNING: No fixes with time integration, atoms won't move (src/src/verlet.cpp:60)
Per MPI rank memory allocation (min/avg/max) = 3.87 | 3.87 | 3.87 Mbytes
    PotEng          Pxx           E_mol          E_coul    
-76.611786     -121.83651      0              0            
Loop time of 7.86e-07 on 1 procs for 0 steps with 18 atoms

763.4% CPU use with 1 MPI tasks x 1 OpenMP threads

MPI task timing breakdown:
Section |  min time  |  avg time  |  max time  |%varavg| %total
---------------------------------------------------------------
Pair    | 0          | 0          | 0          |   0.0 |  0.00
Neigh   | 0          | 0          | 0          |   0.0 |  0.00
Comm    | 0          | 0          | 0          |   0.0 |  0.00
Output  | 0          | 0          | 0          |   0.0 |  0.00
Modify  | 0          | 0          | 0          |   0.0 |  0.00
Other   |            | 7.86e-07   |            |       |100.00

Nlocal:             18 ave          18 max          18 min
Histogram: 1 0 0 0 0 0 0 0 0 0
Nghost:           1529 ave        1529 max        1529 min
Histogram: 1 0 0 0 0 0 0 0 0 0
Neighs:              0 ave           0 max           0 min
Histogram: 1 0 0 0 0 0 0 0 0 0
FullNghs:         6172 ave        6172 max        6172 min
Histogram: 1 0 0 0 0 0 0 0 0 0

Total # of neighbors = 6172
Ave neighs/atom = 342.88889
Neighbor list builds = 0
Dangerous builds = 0
set atom * x 0.0 y 0.0 z 0.0
Setting atom values ...
  18 settings made for x
  18 settings made for y
  18 settings made for z
change_box all     x final 0 2.5472341831535807 y final 0 13.335128530911843 z final 0 11.307900448243448      xy final -0.49461058402407515 xz final -0.384887557076251 yz final 0.6345883308826746 units box
Changing box ...
  triclinic box = (0 0 0) to (2.5472342 13.339961 11.310869) with tilt (-0.49763567 -0.38354544 0.63276658)
  triclinic box = (0 0 0) to (2.5472342 13.335129 11.310869) with tilt (-0.49763567 -0.38354544 0.63276658)
  triclinic box = (0 0 0) to (2.5472342 13.335129 11.3079) with tilt (-0.49763567 -0.38354544 0.63276658)
  triclinic box = (0 0 0) to (2.5472342 13.335129 11.3079) with tilt (-0.49461058 -0.38354544 0.63276658)
  triclinic box = (0 0 0) to (2.5472342 13.335129 11.3079) with tilt (-0.49461058 -0.38488756 0.63276658)
  triclinic box = (0 0 0) to (2.5472342 13.335129 11.3079) with tilt (-0.49461058 -0.38488756 0.63458833)
echo none
run 0
WARNING: No fixes with time integration, atoms won't move (src/src/verlet.cpp:60)
Per MPI rank memory allocation (min/avg/max) = 3.87 | 3.87 | 3.87 Mbytes
    PotEng          Pxx           E_mol          E_coul    
-76.611981     -614.16848      0              0            
Loop time of 9.29e-07 on 1 procs for 0 steps with 18 atoms

1076.4% CPU use with 1 MPI tasks x 1 OpenMP threads

MPI task timing breakdown:
Section |  min time  |  avg time  |  max time  |%varavg| %total
---------------------------------------------------------------
Pair    | 0          | 0          | 0          |   0.0 |  0.00
Neigh   | 0          | 0          | 0          |   0.0 |  0.00
Comm    | 0          | 0          | 0          |   0.0 |  0.00
Output  | 0          | 0          | 0          |   0.0 |  0.00
Modify  | 0          | 0          | 0          |   0.0 |  0.00
Other   |            | 9.29e-07   |            |       |100.00

Nlocal:             18 ave          18 max          18 min
Histogram: 1 0 0 0 0 0 0 0 0 0
Nghost:           1529 ave        1529 max        1529 min
Histogram: 1 0 0 0 0 0 0 0 0 0
Neighs:              0 ave           0 max           0 min
Histogram: 1 0 0 0 0 0 0 0 0 0
FullNghs:         6170 ave        6170 max        6170 min
Histogram: 1 0 0 0 0 0 0 0 0 0

Total # of neighbors = 6170
Ave neighs/atom = 342.77778
Neighbor list builds = 0
Dangerous builds = 0
set atom * x 0.0 y 0.0 z 0.0
Setting atom values ...
  18 settings made for x
  18 settings made for y
  18 settings made for z
change_box all     x final 0 2.547234183153579 y final 0 13.33512853091184 z final 0 11.307900448243448      xy final -0.4946105840240752 xz final -0.3848875570762483 yz final 0.6345883308826785 units box
Changing box ...
  triclinic box = (0 0 0) to (2.5472342 13.335129 11.3079) with tilt (-0.49461058 -0.38488756 0.63458833)
  triclinic box = (0 0 0) to (2.5472342 13.335129 11.3079) with tilt (-0.49461058 -0.38488756 0.63458833)
  triclinic box = (0 0 0) to (2.5472342 13.335129 11.3079) with tilt (-0.49461058 -0.38488756 0.63458833)
  triclinic box = (0 0 0) to (2.5472342 13.335129 11.3079) with tilt (-0.49461058 -0.38488756 0.63458833)
  triclinic box = (0 0 0) to (2.5472342 13.335129 11.3079) with tilt (-0.49461058 -0.38488756 0.63458833)
  triclinic box = (0 0 0) to (2.5472342 13.335129 11.3079) with tilt (-0.49461058 -0.38488756 0.63458833)
echo none
run 0
WARNING: No fixes with time integration, atoms won't move (src/src/verlet.cpp:60)
Per MPI rank memory allocation (min/avg/max) = 3.87 | 3.87 | 3.87 Mbytes
    PotEng          Pxx           E_mol          E_coul    
-76.611981     -614.16848      0              0            
Loop time of 1.905e-06 on 1 procs for 0 steps with 18 atoms

3727.0% CPU use with 1 MPI tasks x 1 OpenMP threads

MPI task timing breakdown:
Section |  min time  |  avg time  |  max time  |%varavg| %total
---------------------------------------------------------------
Pair    | 0          | 0          | 0          |   0.0 |  0.00
Neigh   | 0          | 0          | 0          |   0.0 |  0.00
Comm    | 0          | 0          | 0          |   0.0 |  0.00
Output  | 0          | 0          | 0          |   0.0 |  0.00
Modify  | 0          | 0          | 0          |   0.0 |  0.00
Other   |            | 1.905e-06  |            |       |100.00

Nlocal:             18 ave          18 max          18 min
Histogram: 1 0 0 0 0 0 0 0 0 0
Nghost:           1529 ave        1529 max        1529 min
Histogram: 1 0 0 0 0 0 0 0 0 0
Neighs:              0 ave           0 max           0 min
Histogram: 1 0 0 0 0 0 0 0 0 0
FullNghs:         6170 ave        6170 max        6170 min
Histogram: 1 0 0 0 0 0 0 0 0 0

Total # of neighbors = 6170
Ave neighs/atom = 342.77778
Neighbor list builds = 0
Dangerous builds = 0
set atom * x 0.0 y 0.0 z 0.0
Setting atom values ...
  18 settings made for x
  18 settings made for y
  18 settings made for z
change_box all     x final 0 2.5468439891284635 y final 0 13.323778982581171 z final 0 11.296325482361665      xy final -0.5034877837441201 xz final -0.3899187348734515 yz final 0.6335079319403218 units box
Changing box ...
  triclinic box = (0 0 0) to (2.546844 13.335129 11.3079) with tilt (-0.49461058 -0.38488756 0.63458833)
  triclinic box = (0 0 0) to (2.546844 13.323779 11.3079) with tilt (-0.49461058 -0.38488756 0.63458833)
  triclinic box = (0 0 0) to (2.546844 13.323779 11.296325) with tilt (-0.49461058 -0.38488756 0.63458833)
  triclinic box = (0 0 0) to (2.546844 13.323779 11.296325) with tilt (-0.50348778 -0.38488756 0.63458833)
  triclinic box = (0 0 0) to (2.546844 13.323779 11.296325) with tilt (-0.50348778 -0.38991873 0.63458833)
  triclinic box = (0 0 0) to (2.546844 13.323779 11.296325) with tilt (-0.50348778 -0.38991873 0.63350793)
echo none
run 0
WARNING: No fixes with time integration, atoms won't move (src/src/verlet.cpp:60)
Per MPI rank memory allocation (min/avg/max) = 3.87 | 3.87 | 3.87 Mbytes
    PotEng          Pxx           E_mol          E_coul    
-76.61267      -399.99823      0              0            
Loop time of 9.03e-07 on 1 procs for 0 steps with 18 atoms

553.7% CPU use with 1 MPI tasks x 1 OpenMP threads

MPI task timing breakdown:
Section |  min time  |  avg time  |  max time  |%varavg| %total
---------------------------------------------------------------
Pair    | 0          | 0          | 0          |   0.0 |  0.00
Neigh   | 0          | 0          | 0          |   0.0 |  0.00
Comm    | 0          | 0          | 0          |   0.0 |  0.00
Output  | 0          | 0          | 0          |   0.0 |  0.00
Modify  | 0          | 0          | 0          |   0.0 |  0.00
Other   |            | 9.03e-07   |            |       |100.00

Nlocal:             18 ave          18 max          18 min
Histogram: 1 0 0 0 0 0 0 0 0 0
Nghost:           1529 ave        1529 max        1529 min
Histogram: 1 0 0 0 0 0 0 0 0 0
Neighs:              0 ave           0 max           0 min
Histogram: 1 0 0 0 0 0 0 0 0 0
FullNghs:         6196 ave        6196 max        6196 min
Histogram: 1 0 0 0 0 0 0 0 0 0

Total # of neighbors = 6196
Ave neighs/atom = 344.22222
Neighbor list builds = 0
Dangerous builds = 0
set atom * x 0.0 y 0.0 z 0.0
Setting atom values ...
  18 settings made for x
  18 settings made for y
  18 settings made for z
change_box all     x final 0 2.5463875959406512 y final 0 13.310478820991243 z final 0 11.282766841714661      xy final -0.513876604234771 xz final -0.3958052088703867 yz final 0.6322388666157857 units box
Changing box ...
  triclinic box = (0 0 0) to (2.5463876 13.323779 11.296325) with tilt (-0.50348778 -0.38991873 0.63350793)
  triclinic box = (0 0 0) to (2.5463876 13.310479 11.296325) with tilt (-0.50348778 -0.38991873 0.63350793)
  triclinic box = (0 0 0) to (2.5463876 13.310479 11.282767) with tilt (-0.50348778 -0.38991873 0.63350793)
  triclinic box = (0 0 0) to (2.5463876 13.310479 11.282767) with tilt (-0.5138766 -0.38991873 0.63350793)
  triclinic box = (0 0 0) to (2.5463876 13.310479 11.282767) with tilt (-0.5138766 -0.39580521 0.63350793)
  triclinic box = (0 0 0) to (2.5463876 13.310479 11.282767) with tilt (-0.5138766 -0.39580521 0.63223887)
echo none
run 0
WARNING: No fixes with time integration, atoms won't move (src/src/verlet.cpp:60)
Per MPI rank memory allocation (min/avg/max) = 3.87 | 3.87 | 3.87 Mbytes
    PotEng          Pxx           E_mol          E_coul    
-76.612953     -146.67926      0              0            
Loop time of 1.008e-06 on 1 procs for 0 steps with 18 atoms

496.0% CPU use with 1 MPI tasks x 1 OpenMP threads

MPI task timing breakdown:
Section |  min time  |  avg time  |  max time  |%varavg| %total
---------------------------------------------------------------
Pair    | 0          | 0          | 0          |   0.0 |  0.00
Neigh   | 0          | 0          | 0          |   0.0 |  0.00
Comm    | 0          | 0          | 0          |   0.0 |  0.00
Output  | 0          | 0          | 0          |   0.0 |  0.00
Modify  | 0          | 0          | 0          |   0.0 |  0.00
Other   |            | 1.008e-06  |            |       |100.00

Nlocal:             18 ave          18 max          18 min
Histogram: 1 0 0 0 0 0 0 0 0 0
Nghost:           1529 ave        1529 max        1529 min
Histogram: 1 0 0 0 0 0 0 0 0 0
Neighs:              0 ave           0 max           0 min
Histogram: 1 0 0 0 0 0 0 0 0 0
FullNghs:         6210 ave        6210 max        6210 min
Histogram: 1 0 0 0 0 0 0 0 0 0

Total # of neighbors = 6210
Ave neighs/atom = 345
Neighbor list builds = 0
Dangerous builds = 0
set atom * x 0.0 y 0.0 z 0.0
Setting atom values ...
  18 settings made for x
  18 settings made for y
  18 settings made for z
change_box all     x final 0 2.5463875959406503 y final 0 13.310478820991243 z final 0 11.282766841714663      xy final -0.5138766042347697 xz final -0.3958052088703816 yz final 0.6322388666157863 units box
Changing box ...
  triclinic box = (0 0 0) to (2.5463876 13.310479 11.282767) with tilt (-0.5138766 -0.39580521 0.63223887)
  triclinic box = (0 0 0) to (2.5463876 13.310479 11.282767) with tilt (-0.5138766 -0.39580521 0.63223887)
  triclinic box = (0 0 0) to (2.5463876 13.310479 11.282767) with tilt (-0.5138766 -0.39580521 0.63223887)
  triclinic box = (0 0 0) to (2.5463876 13.310479 11.282767) with tilt (-0.5138766 -0.39580521 0.63223887)
  triclinic box = (0 0 0) to (2.5463876 13.310479 11.282767) with tilt (-0.5138766 -0.39580521 0.63223887)
  triclinic box = (0 0 0) to (2.5463876 13.310479 11.282767) with tilt (-0.5138766 -0.39580521 0.63223887)
echo none
run 0
WARNING: No fixes with time integration, atoms won't move (src/src/verlet.cpp:60)
Per MPI rank memory allocation (min/avg/max) = 3.87 | 3.87 | 3.87 Mbytes
    PotEng          Pxx           E_mol          E_coul    
-76.612953     -146.67926      0              0            
Loop time of 9.08e-07 on 1 procs for 0 steps with 18 atoms

660.8% CPU use with 1 MPI tasks x 1 OpenMP threads

MPI task timing breakdown:
Section |  min time  |  avg time  |  max time  |%varavg| %total
---------------------------------------------------------------
Pair    | 0          | 0          | 0          |   0.0 |  0.00
Neigh   | 0          | 0          | 0          |   0.0 |  0.00
Comm    | 0          | 0          | 0          |   0.0 |  0.00
Output  | 0          | 0          | 0          |   0.0 |  0.00
Modify  | 0          | 0          | 0          |   0.0 |  0.00
Other   |            | 9.08e-07   |            |       |100.00

Nlocal:             18 ave          18 max          18 min
Histogram: 1 0 0 0 0 0 0 0 0 0
Nghost:           1529 ave        1529 max        1529 min
Histogram: 1 0 0 0 0 0 0 0 0 0
Neighs:              0 ave           0 max           0 min
Histogram: 1 0 0 0 0 0 0 0 0 0
FullNghs:         6210 ave        6210 max        6210 min
Histogram: 1 0 0 0 0 0 0 0 0 0

Total # of neighbors = 6210
Ave neighs/atom = 345
Neighbor list builds = 0
Dangerous builds = 0
set atom * x 0.0 y 0.0 z 0.0
Setting atom values ...
  18 settings made for x
  18 settings made for y
  18 settings made for z
change_box all     x final 0 2.545331800987461 y final 0 13.299446801400805 z final 0 11.272565136429973      xy final -0.5057410295258037 xz final -0.39256725914870866 yz final 0.6339715742796415 units box
Changing box ...
  triclinic box = (0 0 0) to (2.5453318 13.310479 11.282767) with tilt (-0.5138766 -0.39580521 0.63223887)
  triclinic box = (0 0 0) to (2.5453318 13.299447 11.282767) with tilt (-0.5138766 -0.39580521 0.63223887)
  triclinic box = (0 0 0) to (2.5453318 13.299447 11.272565) with tilt (-0.5138766 -0.39580521 0.63223887)
  triclinic box = (0 0 0) to (2.5453318 13.299447 11.272565) with tilt (-0.50574103 -0.39580521 0.63223887)
  triclinic box = (0 0 0) to (2.5453318 13.299447 11.272565) with tilt (-0.50574103 -0.39256726 0.63223887)
  triclinic box = (0 0 0) to (2.5453318 13.299447 11.272565) with tilt (-0.50574103 -0.39256726 0.63397157)
echo none
run 0
WARNING: No fixes with time integration, atoms won't move (src/src/verlet.cpp:60)
Per MPI rank memory allocation (min/avg/max) = 3.87 | 3.87 | 3.87 Mbytes
    PotEng          Pxx           E_mol          E_coul    
-76.61362       343.96701      0              0            
Loop time of 8.93e-07 on 1 procs for 0 steps with 18 atoms

783.9% CPU use with 1 MPI tasks x 1 OpenMP threads

MPI task timing breakdown:
Section |  min time  |  avg time  |  max time  |%varavg| %total
---------------------------------------------------------------
Pair    | 0          | 0          | 0          |   0.0 |  0.00
Neigh   | 0          | 0          | 0          |   0.0 |  0.00
Comm    | 0          | 0          | 0          |   0.0 |  0.00
Output  | 0          | 0          | 0          |   0.0 |  0.00
Modify  | 0          | 0          | 0          |   0.0 |  0.00
Other   |            | 8.93e-07   |            |       |100.00

Nlocal:             18 ave          18 max          18 min
Histogram: 1 0 0 0 0 0 0 0 0 0
Nghost:           1529 ave        1529 max        1529 min
Histogram: 1 0 0 0 0 0 0 0 0 0
Neighs:              0 ave           0 max           0 min
Histogram: 1 0 0 0 0 0 0 0 0 0
FullNghs:         6222 ave        6222 max        6222 min
Histogram: 1 0 0 0 0 0 0 0 0 0

Total # of neighbors = 6222
Ave neighs/atom = 345.66667
Neighbor list builds = 0
Dangerous builds = 0
set atom * x 0.0 y 0.0 z 0.0
Setting atom values ...
  18 settings made for x
  18 settings made for y
  18 settings made for z
change_box all     x final 0 2.5453318009874617 y final 0 13.299446801400801 z final 0 11.272565136429975      xy final -0.5057410295257955 xz final -0.3925672591487133 yz final 0.6339715742796516 units box
Changing box ...
  triclinic box = (0 0 0) to (2.5453318 13.299447 11.272565) with tilt (-0.50574103 -0.39256726 0.63397157)
  triclinic box = (0 0 0) to (2.5453318 13.299447 11.272565) with tilt (-0.50574103 -0.39256726 0.63397157)
  triclinic box = (0 0 0) to (2.5453318 13.299447 11.272565) with tilt (-0.50574103 -0.39256726 0.63397157)
  triclinic box = (0 0 0) to (2.5453318 13.299447 11.272565) with tilt (-0.50574103 -0.39256726 0.63397157)
  triclinic box = (0 0 0) to (2.5453318 13.299447 11.272565) with tilt (-0.50574103 -0.39256726 0.63397157)
  triclinic box = (0 0 0) to (2.5453318 13.299447 11.272565) with tilt (-0.50574103 -0.39256726 0.63397157)
echo none
run 0
WARNING: No fixes with time integration, atoms won't move (src/src/verlet.cpp:60)
Per MPI rank memory allocation (min/avg/max) = 3.87 | 3.87 | 3.87 Mbytes
    PotEng          Pxx           E_mol          E_coul    
-76.61362       343.96701      0              0            
Loop time of 1.126e-06 on 1 procs for 0 steps with 18 atoms

1065.7% CPU use with 1 MPI tasks x 1 OpenMP threads

MPI task timing breakdown:
Section |  min time  |  avg time  |  max time  |%varavg| %total
---------------------------------------------------------------
Pair    | 0          | 0          | 0          |   0.0 |  0.00
Neigh   | 0          | 0          | 0          |   0.0 |  0.00
Comm    | 0          | 0          | 0          |   0.0 |  0.00
Output  | 0          | 0          | 0          |   0.0 |  0.00
Modify  | 0          | 0          | 0          |   0.0 |  0.00
Other   |            | 1.126e-06  |            |       |100.00

Nlocal:             18 ave          18 max          18 min
Histogram: 1 0 0 0 0 0 0 0 0 0
Nghost:           1529 ave        1529 max        1529 min
Histogram: 1 0 0 0 0 0 0 0 0 0
Neighs:              0 ave           0 max           0 min
Histogram: 1 0 0 0 0 0 0 0 0 0
FullNghs:         6222 ave        6222 max        6222 min
Histogram: 1 0 0 0 0 0 0 0 0 0

Total # of neighbors = 6222
Ave neighs/atom = 345.66667
Neighbor list builds = 0
Dangerous builds = 0
set atom * x 0.0 y 0.0 z 0.0
Setting atom values ...
  18 settings made for x
  18 settings made for y
  18 settings made for z
change_box all     x final 0 2.5457399086893346 y final 0 13.289196396794043 z final 0 11.260453174759316      xy final -0.49761183539606973 xz final -0.3934137043009113 yz final 0.6393379819490878 units box
Changing box ...
  triclinic box = (0 0 0) to (2.5457399 13.299447 11.272565) with tilt (-0.50574103 -0.39256726 0.63397157)
  triclinic box = (0 0 0) to (2.5457399 13.289196 11.272565) with tilt (-0.50574103 -0.39256726 0.63397157)
  triclinic box = (0 0 0) to (2.5457399 13.289196 11.260453) with tilt (-0.50574103 -0.39256726 0.63397157)
  triclinic box = (0 0 0) to (2.5457399 13.289196 11.260453) with tilt (-0.49761184 -0.39256726 0.63397157)
  triclinic box = (0 0 0) to (2.5457399 13.289196 11.260453) with tilt (-0.49761184 -0.3934137 0.63397157)
  triclinic box = (0 0 0) to (2.5457399 13.289196 11.260453) with tilt (-0.49761184 -0.3934137 0.63933798)
echo none
run 0
WARNING: No fixes with time integration, atoms won't move (src/src/verlet.cpp:60)
Per MPI rank memory allocation (min/avg/max) = 3.87 | 3.87 | 3.87 Mbytes
    PotEng          Pxx           E_mol          E_coul    
-76.613997      139.59288      0              0            
Loop time of 7.86e-07 on 1 procs for 0 steps with 18 atoms

890.6% CPU use with 1 MPI tasks x 1 OpenMP threads

MPI task timing breakdown:
Section |  min time  |  avg time  |  max time  |%varavg| %total
---------------------------------------------------------------
Pair    | 0          | 0          | 0          |   0.0 |  0.00
Neigh   | 0          | 0          | 0          |   0.0 |  0.00
Comm    | 0          | 0          | 0          |   0.0 |  0.00
Output  | 0          | 0          | 0          |   0.0 |  0.00
Modify  | 0          | 0          | 0          |   0.0 |  0.00
Other   |            | 7.86e-07   |            |       |100.00

Nlocal:             18 ave          18 max          18 min
Histogram: 1 0 0 0 0 0 0 0 0 0
Nghost:           1529 ave        1529 max        1529 min
Histogram: 1 0 0 0 0 0 0 0 0 0
Neighs:              0 ave           0 max           0 min
Histogram: 1 0 0 0 0 0 0 0 0 0
FullNghs:         6234 ave        6234 max        6234 min
Histogram: 1 0 0 0 0 0 0 0 0 0

Total # of neighbors = 6234
Ave neighs/atom = 346.33333
Neighbor list builds = 0
Dangerous builds = 0
set atom * x 0.0 y 0.0 z 0.0
Setting atom values ...
  18 settings made for x
  18 settings made for y
  18 settings made for z
change_box all     x final 0 2.545739908689334 y final 0 13.28919639679404 z final 0 11.26045317475932      xy final -0.4976118353960682 xz final -0.39341370430090894 yz final 0.6393379819490891 units box
Changing box ...
  triclinic box = (0 0 0) to (2.5457399 13.289196 11.260453) with tilt (-0.49761184 -0.3934137 0.63933798)
  triclinic box = (0 0 0) to (2.5457399 13.289196 11.260453) with tilt (-0.49761184 -0.3934137 0.63933798)
  triclinic box = (0 0 0) to (2.5457399 13.289196 11.260453) with tilt (-0.49761184 -0.3934137 0.63933798)
  triclinic box = (0 0 0) to (2.5457399 13.289196 11.260453) with tilt (-0.49761184 -0.3934137 0.63933798)
  triclinic box = (0 0 0) to (2.5457399 13.289196 11.260453) with tilt (-0.49761184 -0.3934137 0.63933798)
  triclinic box = (0 0 0) to (2.5457399 13.289196 11.260453) with tilt (-0.49761184 -0.3934137 0.63933798)
echo none
run 0
WARNING: No fixes with time integration, atoms won't move (src/src/verlet.cpp:60)
Per MPI rank memory allocation (min/avg/max) = 3.87 | 3.87 | 3.87 Mbytes
    PotEng          Pxx           E_mol          E_coul    
-76.613997      139.59288      0              0            
Loop time of 7.89e-07 on 1 procs for 0 steps with 18 atoms

1140.7% CPU use with 1 MPI tasks x 1 OpenMP threads

MPI task timing breakdown:
Section |  min time  |  avg time  |  max time  |%varavg| %total
---------------------------------------------------------------
Pair    | 0          | 0          | 0          |   0.0 |  0.00
Neigh   | 0          | 0          | 0          |   0.0 |  0.00
Comm    | 0          | 0          | 0          |   0.0 |  0.00
Output  | 0          | 0          | 0          |   0.0 |  0.00
Modify  | 0          | 0          | 0          |   0.0 |  0.00
Other   |            | 7.89e-07   |            |       |100.00

Nlocal:             18 ave          18 max          18 min
Histogram: 1 0 0 0 0 0 0 0 0 0
Nghost:           1529 ave        1529 max        1529 min
Histogram: 1 0 0 0 0 0 0 0 0 0
Neighs:              0 ave           0 max           0 min
Histogram: 1 0 0 0 0 0 0 0 0 0
FullNghs:         6234 ave        6234 max        6234 min
Histogram: 1 0 0 0 0 0 0 0 0 0

Total # of neighbors = 6234
Ave neighs/atom = 346.33333
Neighbor list builds = 0
Dangerous builds = 0
set atom * x 0.0 y 0.0 z 0.0
Setting atom values ...
  18 settings made for x
  18 settings made for y
  18 settings made for z
change_box all     x final 0 2.546072897579328 y final 0 13.269564600833338 z final 0 11.2410978095536      xy final -0.49123833159444846 xz final -0.3957139610050791 yz final 0.6452167065356891 units box
Changing box ...
  triclinic box = (0 0 0) to (2.5460729 13.289196 11.260453) with tilt (-0.49761184 -0.3934137 0.63933798)
  triclinic box = (0 0 0) to (2.5460729 13.269565 11.260453) with tilt (-0.49761184 -0.3934137 0.63933798)
  triclinic box = (0 0 0) to (2.5460729 13.269565 11.241098) with tilt (-0.49761184 -0.3934137 0.63933798)
  triclinic box = (0 0 0) to (2.5460729 13.269565 11.241098) with tilt (-0.49123833 -0.3934137 0.63933798)
  triclinic box = (0 0 0) to (2.5460729 13.269565 11.241098) with tilt (-0.49123833 -0.39571396 0.63933798)
  triclinic box = (0 0 0) to (2.5460729 13.269565 11.241098) with tilt (-0.49123833 -0.39571396 0.64521671)
echo none
run 0
WARNING: No fixes with time integration, atoms won't move (src/src/verlet.cpp:60)
Per MPI rank memory allocation (min/avg/max) = 3.87 | 3.87 | 3.87 Mbytes
    PotEng          Pxx           E_mol          E_coul    
-76.614509     -31.697305      0              0            
Loop time of 7.68e-07 on 1 procs for 0 steps with 18 atoms

1302.1% CPU use with 1 MPI tasks x 1 OpenMP threads

MPI task timing breakdown:
Section |  min time  |  avg time  |  max time  |%varavg| %total
---------------------------------------------------------------
Pair    | 0          | 0          | 0          |   0.0 |  0.00
Neigh   | 0          | 0          | 0          |   0.0 |  0.00
Comm    | 0          | 0          | 0          |   0.0 |  0.00
Output  | 0          | 0          | 0          |   0.0 |  0.00
Modify  | 0          | 0          | 0          |   0.0 |  0.00
Other   |            | 7.68e-07   |            |       |100.00

Nlocal:             18 ave          18 max          18 min
Histogram: 1 0 0 0 0 0 0 0 0 0
Nghost:           1529 ave        1529 max        1529 min
Histogram: 1 0 0 0 0 0 0 0 0 0
Neighs:              0 ave           0 max           0 min
Histogram: 1 0 0 0 0 0 0 0 0 0
FullNghs:         6292 ave        6292 max        6292 min
Histogram: 1 0 0 0 0 0 0 0 0 0

Total # of neighbors = 6292
Ave neighs/atom = 349.55556
Neighbor list builds = 0
Dangerous builds = 0
set atom * x 0.0 y 0.0 z 0.0
Setting atom values ...
  18 settings made for x
  18 settings made for y
  18 settings made for z
change_box all     x final 0 2.546755027058226 y final 0 13.229498803937323 z final 0 11.201599807016853      xy final -0.4782587674647129 xz final -0.40040136059749776 yz final 0.6571752924815313 units box
Changing box ...
  triclinic box = (0 0 0) to (2.546755 13.269565 11.241098) with tilt (-0.49123833 -0.39571396 0.64521671)
  triclinic box = (0 0 0) to (2.546755 13.229499 11.241098) with tilt (-0.49123833 -0.39571396 0.64521671)
  triclinic box = (0 0 0) to (2.546755 13.229499 11.2016) with tilt (-0.49123833 -0.39571396 0.64521671)
  triclinic box = (0 0 0) to (2.546755 13.229499 11.2016) with tilt (-0.47825877 -0.39571396 0.64521671)
  triclinic box = (0 0 0) to (2.546755 13.229499 11.2016) with tilt (-0.47825877 -0.40040136 0.64521671)
  triclinic box = (0 0 0) to (2.546755 13.229499 11.2016) with tilt (-0.47825877 -0.40040136 0.65717529)
echo none
run 0
WARNING: No fixes with time integration, atoms won't move (src/src/verlet.cpp:60)
Per MPI rank memory allocation (min/avg/max) = 3.87 | 3.87 | 3.87 Mbytes
    PotEng          Pxx           E_mol          E_coul    
-76.614913     -380.80818      0              0            
Loop time of 9.54e-07 on 1 procs for 0 steps with 18 atoms

1362.7% CPU use with 1 MPI tasks x 1 OpenMP threads

MPI task timing breakdown:
Section |  min time  |  avg time  |  max time  |%varavg| %total
---------------------------------------------------------------
Pair    | 0          | 0          | 0          |   0.0 |  0.00
Neigh   | 0          | 0          | 0          |   0.0 |  0.00
Comm    | 0          | 0          | 0          |   0.0 |  0.00
Output  | 0          | 0          | 0          |   0.0 |  0.00
Modify  | 0          | 0          | 0          |   0.0 |  0.00
Other   |            | 9.54e-07   |            |       |100.00

Nlocal:             18 ave          18 max          18 min
Histogram: 1 0 0 0 0 0 0 0 0 0
Nghost:           1549 ave        1549 max        1549 min
Histogram: 1 0 0 0 0 0 0 0 0 0
Neighs:              0 ave           0 max           0 min
Histogram: 1 0 0 0 0 0 0 0 0 0
FullNghs:         6336 ave        6336 max        6336 min
Histogram: 1 0 0 0 0 0 0 0 0 0

Total # of neighbors = 6336
Ave neighs/atom = 352
Neighbor list builds = 0
Dangerous builds = 0
set atom * x 0.0 y 0.0 z 0.0
Setting atom values ...
  18 settings made for x
  18 settings made for y
  18 settings made for z
change_box all     x final 0 2.546755027058226 y final 0 13.229498803937318 z final 0 11.201599807016853      xy final -0.4782587674647104 xz final -0.4004013605974979 yz final 0.6571752924815402 units box
Changing box ...
  triclinic box = (0 0 0) to (2.546755 13.229499 11.2016) with tilt (-0.47825877 -0.40040136 0.65717529)
  triclinic box = (0 0 0) to (2.546755 13.229499 11.2016) with tilt (-0.47825877 -0.40040136 0.65717529)
  triclinic box = (0 0 0) to (2.546755 13.229499 11.2016) with tilt (-0.47825877 -0.40040136 0.65717529)
  triclinic box = (0 0 0) to (2.546755 13.229499 11.2016) with tilt (-0.47825877 -0.40040136 0.65717529)
  triclinic box = (0 0 0) to (2.546755 13.229499 11.2016) with tilt (-0.47825877 -0.40040136 0.65717529)
  triclinic box = (0 0 0) to (2.546755 13.229499 11.2016) with tilt (-0.47825877 -0.40040136 0.65717529)
echo none
run 0
WARNING: No fixes with time integration, atoms won't move (src/src/verlet.cpp:60)
Per MPI rank memory allocation (min/avg/max) = 3.87 | 3.87 | 3.87 Mbytes
    PotEng          Pxx           E_mol          E_coul    
-76.614913     -380.80818      0              0            
Loop time of 1.07e-06 on 1 procs for 0 steps with 18 atoms

560.7% CPU use with 1 MPI tasks x 1 OpenMP threads

MPI task timing breakdown:
Section |  min time  |  avg time  |  max time  |%varavg| %total
---------------------------------------------------------------
Pair    | 0          | 0          | 0          |   0.0 |  0.00
Neigh   | 0          | 0          | 0          |   0.0 |  0.00
Comm    | 0          | 0          | 0          |   0.0 |  0.00
Output  | 0          | 0          | 0          |   0.0 |  0.00
Modify  | 0          | 0          | 0          |   0.0 |  0.00
Other   |            | 1.07e-06   |            |       |100.00

Nlocal:             18 ave          18 max          18 min
Histogram: 1 0 0 0 0 0 0 0 0 0
Nghost:           1549 ave        1549 max        1549 min
Histogram: 1 0 0 0 0 0 0 0 0 0
Neighs:              0 ave           0 max           0 min
Histogram: 1 0 0 0 0 0 0 0 0 0
FullNghs:         6336 ave        6336 max        6336 min
Histogram: 1 0 0 0 0 0 0 0 0 0

Total # of neighbors = 6336
Ave neighs/atom = 352
Neighbor list builds = 0
Dangerous builds = 0
set atom * x 0.0 y 0.0 z 0.0
Setting atom values ...
  18 settings made for x
  18 settings made for y
  18 settings made for z
change_box all     x final 0 2.546913916087687 y final 0 13.203176199356745 z final 0 11.173250253651029      xy final -0.4765767437476264 xz final -0.4059440651205962 yz final 0.6595335918595759 units box
Changing box ...
  triclinic box = (0 0 0) to (2.5469139 13.229499 11.2016) with tilt (-0.47825877 -0.40040136 0.65717529)
  triclinic box = (0 0 0) to (2.5469139 13.203176 11.2016) with tilt (-0.47825877 -0.40040136 0.65717529)
  triclinic box = (0 0 0) to (2.5469139 13.203176 11.17325) with tilt (-0.47825877 -0.40040136 0.65717529)
  triclinic box = (0 0 0) to (2.5469139 13.203176 11.17325) with tilt (-0.47657674 -0.40040136 0.65717529)
  triclinic box = (0 0 0) to (2.5469139 13.203176 11.17325) with tilt (-0.47657674 -0.40594407 0.65717529)
  triclinic box = (0 0 0) to (2.5469139 13.203176 11.17325) with tilt (-0.47657674 -0.40594407 0.65953359)
echo none
run 0
WARNING: No fixes with time integration, atoms won't move (src/src/verlet.cpp:60)
Per MPI rank memory allocation (min/avg/max) = 3.87 | 3.87 | 3.87 Mbytes
    PotEng          Pxx           E_mol          E_coul    
-76.616077     -483.78291      0              0            
Loop time of 1.201e-06 on 1 procs for 0 steps with 18 atoms

832.6% CPU use with 1 MPI tasks x 1 OpenMP threads

MPI task timing breakdown:
Section |  min time  |  avg time  |  max time  |%varavg| %total
---------------------------------------------------------------
Pair    | 0          | 0          | 0          |   0.0 |  0.00
Neigh   | 0          | 0          | 0          |   0.0 |  0.00
Comm    | 0          | 0          | 0          |   0.0 |  0.00
Output  | 0          | 0          | 0          |   0.0 |  0.00
Modify  | 0          | 0          | 0          |   0.0 |  0.00
Other   |            | 1.201e-06  |            |       |100.00

Nlocal:             18 ave          18 max          18 min
Histogram: 1 0 0 0 0 0 0 0 0 0
Nghost:           1549 ave        1549 max        1549 min
Histogram: 1 0 0 0 0 0 0 0 0 0
Neighs:              0 ave           0 max           0 min
Histogram: 1 0 0 0 0 0 0 0 0 0
FullNghs:         6380 ave        6380 max        6380 min
Histogram: 1 0 0 0 0 0 0 0 0 0

Total # of neighbors = 6380
Ave neighs/atom = 354.44444
Neighbor list builds = 0
Dangerous builds = 0
set atom * x 0.0 y 0.0 z 0.0
Setting atom values ...
  18 settings made for x
  18 settings made for y
  18 settings made for z
change_box all     x final 0 2.547551020476072 y final 0 13.098416835430603 z final 0 11.060554362347583      xy final -0.4699120489387302 xz final -0.427915362274771 yz final 0.6688063691183428 units box
Changing box ...
  triclinic box = (0 0 0) to (2.547551 13.203176 11.17325) with tilt (-0.47657674 -0.40594407 0.65953359)
  triclinic box = (0 0 0) to (2.547551 13.098417 11.17325) with tilt (-0.47657674 -0.40594407 0.65953359)
  triclinic box = (0 0 0) to (2.547551 13.098417 11.060554) with tilt (-0.47657674 -0.40594407 0.65953359)
  triclinic box = (0 0 0) to (2.547551 13.098417 11.060554) with tilt (-0.46991205 -0.40594407 0.65953359)
  triclinic box = (0 0 0) to (2.547551 13.098417 11.060554) with tilt (-0.46991205 -0.42791536 0.65953359)
  triclinic box = (0 0 0) to (2.547551 13.098417 11.060554) with tilt (-0.46991205 -0.42791536 0.66880637)
echo none
run 0
WARNING: No fixes with time integration, atoms won't move (src/src/verlet.cpp:60)
Per MPI rank memory allocation (min/avg/max) = 3.87 | 3.87 | 3.87 Mbytes
    PotEng          Pxx           E_mol          E_coul    
-76.620041     -891.37356      0              0            
Loop time of 7.92e-07 on 1 procs for 0 steps with 18 atoms

1010.1% CPU use with 1 MPI tasks x 1 OpenMP threads

MPI task timing breakdown:
Section |  min time  |  avg time  |  max time  |%varavg| %total
---------------------------------------------------------------
Pair    | 0          | 0          | 0          |   0.0 |  0.00
Neigh   | 0          | 0          | 0          |   0.0 |  0.00
Comm    | 0          | 0          | 0          |   0.0 |  0.00
Output  | 0          | 0          | 0          |   0.0 |  0.00
Modify  | 0          | 0          | 0          |   0.0 |  0.00
Other   |            | 7.92e-07   |            |       |100.00

Nlocal:             18 ave          18 max          18 min
Histogram: 1 0 0 0 0 0 0 0 0 0
Nghost:           1582 ave        1582 max        1582 min
Histogram: 1 0 0 0 0 0 0 0 0 0
Neighs:              0 ave           0 max           0 min
Histogram: 1 0 0 0 0 0 0 0 0 0
FullNghs:         6498 ave        6498 max        6498 min
Histogram: 1 0 0 0 0 0 0 0 0 0

Total # of neighbors = 6498
Ave neighs/atom = 361
Neighbor list builds = 0
Dangerous builds = 0
set atom * x 0.0 y 0.0 z 0.0
Setting atom values ...
  18 settings made for x
  18 settings made for y
  18 settings made for z
change_box all     x final 0 2.5501236739366577 y final 0 12.687754452903718 z final 0 10.6208214246344      xy final -0.44423783833954095 xz final -0.5126994561132554 yz final 0.7034028288154185 units box
Changing box ...
  triclinic box = (0 0 0) to (2.5501237 13.098417 11.060554) with tilt (-0.46991205 -0.42791536 0.66880637)
  triclinic box = (0 0 0) to (2.5501237 12.687754 11.060554) with tilt (-0.46991205 -0.42791536 0.66880637)
  triclinic box = (0 0 0) to (2.5501237 12.687754 10.620821) with tilt (-0.46991205 -0.42791536 0.66880637)
  triclinic box = (0 0 0) to (2.5501237 12.687754 10.620821) with tilt (-0.44423784 -0.42791536 0.66880637)
  triclinic box = (0 0 0) to (2.5501237 12.687754 10.620821) with tilt (-0.44423784 -0.51269946 0.66880637)
  triclinic box = (0 0 0) to (2.5501237 12.687754 10.620821) with tilt (-0.44423784 -0.51269946 0.70340283)
echo none
run 0
WARNING: No fixes with time integration, atoms won't move (src/src/verlet.cpp:60)
Per MPI rank memory allocation (min/avg/max) = 3.87 | 3.87 | 3.87 Mbytes
    PotEng          Pxx           E_mol          E_coul    
-76.625176     -2454.5804      0              0            
Loop time of 4.849e-06 on 1 procs for 0 steps with 18 atoms

433.1% CPU use with 1 MPI tasks x 1 OpenMP threads

MPI task timing breakdown:
Section |  min time  |  avg time  |  max time  |%varavg| %total
---------------------------------------------------------------
Pair    | 0          | 0          | 0          |   0.0 |  0.00
Neigh   | 0          | 0          | 0          |   0.0 |  0.00
Comm    | 0          | 0          | 0          |   0.0 |  0.00
Output  | 0          | 0          | 0          |   0.0 |  0.00
Modify  | 0          | 0          | 0          |   0.0 |  0.00
Other   |            | 4.849e-06  |            |       |100.00

Nlocal:             18 ave          18 max          18 min
Histogram: 1 0 0 0 0 0 0 0 0 0
Nghost:           1868 ave        1868 max        1868 min
Histogram: 1 0 0 0 0 0 0 0 0 0
Neighs:              0 ave           0 max           0 min
Histogram: 1 0 0 0 0 0 0 0 0 0
FullNghs:         7058 ave        7058 max        7058 min
Histogram: 1 0 0 0 0 0 0 0 0 0

Total # of neighbors = 7058
Ave neighs/atom = 392.11111
Neighbor list builds = 0
Dangerous builds = 0
set atom * x 0.0 y 0.0 z 0.0
Setting atom values ...
  18 settings made for x
  18 settings made for y
  18 settings made for z
change_box all     x final 0 2.550123673936657 y final 0 12.687754452903716 z final 0 10.620821424634402      xy final -0.44423783833954417 xz final -0.512699456113256 yz final 0.7034028288154172 units box
Changing box ...
  triclinic box = (0 0 0) to (2.5501237 12.687754 10.620821) with tilt (-0.44423784 -0.51269946 0.70340283)
  triclinic box = (0 0 0) to (2.5501237 12.687754 10.620821) with tilt (-0.44423784 -0.51269946 0.70340283)
  triclinic box = (0 0 0) to (2.5501237 12.687754 10.620821) with tilt (-0.44423784 -0.51269946 0.70340283)
  triclinic box = (0 0 0) to (2.5501237 12.687754 10.620821) with tilt (-0.44423784 -0.51269946 0.70340283)
  triclinic box = (0 0 0) to (2.5501237 12.687754 10.620821) with tilt (-0.44423784 -0.51269946 0.70340283)
  triclinic box = (0 0 0) to (2.5501237 12.687754 10.620821) with tilt (-0.44423784 -0.51269946 0.70340283)
echo none
run 0
WARNING: No fixes with time integration, atoms won't move (src/src/verlet.cpp:60)
Per MPI rank memory allocation (min/avg/max) = 3.87 | 3.87 | 3.87 Mbytes
    PotEng          Pxx           E_mol          E_coul    
-76.625176     -2454.5804      0              0            
Loop time of 9.88e-07 on 1 procs for 0 steps with 18 atoms

910.9% CPU use with 1 MPI tasks x 1 OpenMP threads

MPI task timing breakdown:
Section |  min time  |  avg time  |  max time  |%varavg| %total
---------------------------------------------------------------
Pair    | 0          | 0          | 0          |   0.0 |  0.00
Neigh   | 0          | 0          | 0          |   0.0 |  0.00
Comm    | 0          | 0          | 0          |   0.0 |  0.00
Output  | 0          | 0          | 0          |   0.0 |  0.00
Modify  | 0          | 0          | 0          |   0.0 |  0.00
Other   |            | 9.88e-07   |            |       |100.00

Nlocal:             18 ave          18 max          18 min
Histogram: 1 0 0 0 0 0 0 0 0 0
Nghost:           1868 ave        1868 max        1868 min
Histogram: 1 0 0 0 0 0 0 0 0 0
Neighs:              0 ave           0 max           0 min
Histogram: 1 0 0 0 0 0 0 0 0 0
FullNghs:         7058 ave        7058 max        7058 min
Histogram: 1 0 0 0 0 0 0 0 0 0

Total # of neighbors = 7058
Ave neighs/atom = 392.11111
Neighbor list builds = 0
Dangerous builds = 0
set atom * x 0.0 y 0.0 z 0.0
Setting atom values ...
  18 settings made for x
  18 settings made for y
  18 settings made for z
change_box all     x final 0 2.5518284558100333 y final 0 12.333990622979083 z final 0 10.25901798977628      xy final -0.4214561348737044 xz final -0.5740802796223319 yz final 0.7318508616059097 units box
Changing box ...
  triclinic box = (0 0 0) to (2.5518285 12.687754 10.620821) with tilt (-0.44423784 -0.51269946 0.70340283)
  triclinic box = (0 0 0) to (2.5518285 12.333991 10.620821) with tilt (-0.44423784 -0.51269946 0.70340283)
  triclinic box = (0 0 0) to (2.5518285 12.333991 10.259018) with tilt (-0.44423784 -0.51269946 0.70340283)
  triclinic box = (0 0 0) to (2.5518285 12.333991 10.259018) with tilt (-0.42145613 -0.51269946 0.70340283)
  triclinic box = (0 0 0) to (2.5518285 12.333991 10.259018) with tilt (-0.42145613 -0.57408028 0.70340283)
  triclinic box = (0 0 0) to (2.5518285 12.333991 10.259018) with tilt (-0.42145613 -0.57408028 0.73185086)
echo none
run 0
WARNING: No fixes with time integration, atoms won't move (src/src/verlet.cpp:60)
Per MPI rank memory allocation (min/avg/max) = 3.871 | 3.871 | 3.871 Mbytes
    PotEng          Pxx           E_mol          E_coul    
-76.640138     -3205.901       0              0            
Loop time of 1.03e-06 on 1 procs for 0 steps with 18 atoms

582.5% CPU use with 1 MPI tasks x 1 OpenMP threads

MPI task timing breakdown:
Section |  min time  |  avg time  |  max time  |%varavg| %total
---------------------------------------------------------------
Pair    | 0          | 0          | 0          |   0.0 |  0.00
Neigh   | 0          | 0          | 0          |   0.0 |  0.00
Comm    | 0          | 0          | 0          |   0.0 |  0.00
Output  | 0          | 0          | 0          |   0.0 |  0.00
Modify  | 0          | 0          | 0          |   0.0 |  0.00
Other   |            | 1.03e-06   |            |       |100.00

Nlocal:             18 ave          18 max          18 min
Histogram: 1 0 0 0 0 0 0 0 0 0
Nghost:           1991 ave        1991 max        1991 min
Histogram: 1 0 0 0 0 0 0 0 0 0
Neighs:              0 ave           0 max           0 min
Histogram: 1 0 0 0 0 0 0 0 0 0
FullNghs:         7492 ave        7492 max        7492 min
Histogram: 1 0 0 0 0 0 0 0 0 0

Total # of neighbors = 7492
Ave neighs/atom = 416.22222
Neighbor list builds = 0
Dangerous builds = 0
set atom * x 0.0 y 0.0 z 0.0
Setting atom values ...
  18 settings made for x
  18 settings made for y
  18 settings made for z
change_box all     x final 0 2.5518284558100333 y final 0 12.333990622979087 z final 0 10.259017989776279      xy final -0.4214561348737049 xz final -0.5740802796223295 yz final 0.7318508616059144 units box
Changing box ...
  triclinic box = (0 0 0) to (2.5518285 12.333991 10.259018) with tilt (-0.42145613 -0.57408028 0.73185086)
  triclinic box = (0 0 0) to (2.5518285 12.333991 10.259018) with tilt (-0.42145613 -0.57408028 0.73185086)
  triclinic box = (0 0 0) to (2.5518285 12.333991 10.259018) with tilt (-0.42145613 -0.57408028 0.73185086)
  triclinic box = (0 0 0) to (2.5518285 12.333991 10.259018) with tilt (-0.42145613 -0.57408028 0.73185086)
  triclinic box = (0 0 0) to (2.5518285 12.333991 10.259018) with tilt (-0.42145613 -0.57408028 0.73185086)
  triclinic box = (0 0 0) to (2.5518285 12.333991 10.259018) with tilt (-0.42145613 -0.57408028 0.73185086)
echo none
run 0
WARNING: No fixes with time integration, atoms won't move (src/src/verlet.cpp:60)
Per MPI rank memory allocation (min/avg/max) = 3.871 | 3.871 | 3.871 Mbytes
    PotEng          Pxx           E_mol          E_coul    
-76.640138     -3205.901       0              0            
Loop time of 4.587e-06 on 1 procs for 0 steps with 18 atoms

1918.5% CPU use with 1 MPI tasks x 1 OpenMP threads

MPI task timing breakdown:
Section |  min time  |  avg time  |  max time  |%varavg| %total
---------------------------------------------------------------
Pair    | 0          | 0          | 0          |   0.0 |  0.00
Neigh   | 0          | 0          | 0          |   0.0 |  0.00
Comm    | 0          | 0          | 0          |   0.0 |  0.00
Output  | 0          | 0          | 0          |   0.0 |  0.00
Modify  | 0          | 0          | 0          |   0.0 |  0.00
Other   |            | 4.587e-06  |            |       |100.00

Nlocal:             18 ave          18 max          18 min
Histogram: 1 0 0 0 0 0 0 0 0 0
Nghost:           1991 ave        1991 max        1991 min
Histogram: 1 0 0 0 0 0 0 0 0 0
Neighs:              0 ave           0 max           0 min
Histogram: 1 0 0 0 0 0 0 0 0 0
FullNghs:         7492 ave        7492 max        7492 min
Histogram: 1 0 0 0 0 0 0 0 0 0

Total # of neighbors = 7492
Ave neighs/atom = 416.22222
Neighbor list builds = 0
Dangerous builds = 0
set atom * x 0.0 y 0.0 z 0.0
Setting atom values ...
  18 settings made for x
  18 settings made for y
  18 settings made for z
change_box all     x final 0 2.547586294263305 y final 0 11.974520215580203 z final 0 9.898205818364675      xy final -0.40683972637433335 xz final -0.6145115524125262 yz final 0.7724755168600758 units box
Changing box ...
  triclinic box = (0 0 0) to (2.5475863 12.333991 10.259018) with tilt (-0.42145613 -0.57408028 0.73185086)
  triclinic box = (0 0 0) to (2.5475863 11.97452 10.259018) with tilt (-0.42145613 -0.57408028 0.73185086)
  triclinic box = (0 0 0) to (2.5475863 11.97452 9.8982058) with tilt (-0.42145613 -0.57408028 0.73185086)
  triclinic box = (0 0 0) to (2.5475863 11.97452 9.8982058) with tilt (-0.40683973 -0.57408028 0.73185086)
  triclinic box = (0 0 0) to (2.5475863 11.97452 9.8982058) with tilt (-0.40683973 -0.61451155 0.73185086)
  triclinic box = (0 0 0) to (2.5475863 11.97452 9.8982058) with tilt (-0.40683973 -0.61451155 0.77247552)
echo none
run 0
WARNING: No fixes with time integration, atoms won't move (src/src/verlet.cpp:60)
Per MPI rank memory allocation (min/avg/max) = 3.879 | 3.879 | 3.879 Mbytes
    PotEng          Pxx           E_mol          E_coul    
-76.654351     -684.90921      0              0            
Loop time of 2.873e-06 on 1 procs for 0 steps with 18 atoms

905.0% CPU use with 1 MPI tasks x 1 OpenMP threads

MPI task timing breakdown:
Section |  min time  |  avg time  |  max time  |%varavg| %total
---------------------------------------------------------------
Pair    | 0          | 0          | 0          |   0.0 |  0.00
Neigh   | 0          | 0          | 0          |   0.0 |  0.00
Comm    | 0          | 0          | 0          |   0.0 |  0.00
Output  | 0          | 0          | 0          |   0.0 |  0.00
Modify  | 0          | 0          | 0          |   0.0 |  0.00
Other   |            | 2.873e-06  |            |       |100.00

Nlocal:             18 ave          18 max          18 min
Histogram: 1 0 0 0 0 0 0 0 0 0
Nghost:           2071 ave        2071 max        2071 min
Histogram: 1 0 0 0 0 0 0 0 0 0
Neighs:              0 ave           0 max           0 min
Histogram: 1 0 0 0 0 0 0 0 0 0
FullNghs:         8094 ave        8094 max        8094 min
Histogram: 1 0 0 0 0 0 0 0 0 0

Total # of neighbors = 8094
Ave neighs/atom = 449.66667
Neighbor list builds = 0
Dangerous builds = 0
set atom * x 0.0 y 0.0 z 0.0
Setting atom values ...
  18 settings made for x
  18 settings made for y
  18 settings made for z
change_box all     x final 0 2.5475862942633043 y final 0 11.974520215580203 z final 0 9.898205818364676      xy final -0.406839726374335 xz final -0.6145115524125214 yz final 0.7724755168600742 units box
Changing box ...
  triclinic box = (0 0 0) to (2.5475863 11.97452 9.8982058) with tilt (-0.40683973 -0.61451155 0.77247552)
  triclinic box = (0 0 0) to (2.5475863 11.97452 9.8982058) with tilt (-0.40683973 -0.61451155 0.77247552)
  triclinic box = (0 0 0) to (2.5475863 11.97452 9.8982058) with tilt (-0.40683973 -0.61451155 0.77247552)
  triclinic box = (0 0 0) to (2.5475863 11.97452 9.8982058) with tilt (-0.40683973 -0.61451155 0.77247552)
  triclinic box = (0 0 0) to (2.5475863 11.97452 9.8982058) with tilt (-0.40683973 -0.61451155 0.77247552)
  triclinic box = (0 0 0) to (2.5475863 11.97452 9.8982058) with tilt (-0.40683973 -0.61451155 0.77247552)
echo none
run 0
WARNING: No fixes with time integration, atoms won't move (src/src/verlet.cpp:60)
Per MPI rank memory allocation (min/avg/max) = 3.879 | 3.879 | 3.879 Mbytes
    PotEng          Pxx           E_mol          E_coul    
-76.654351     -684.90921      0              0            
Loop time of 1.017e-06 on 1 procs for 0 steps with 18 atoms

688.3% CPU use with 1 MPI tasks x 1 OpenMP threads

MPI task timing breakdown:
Section |  min time  |  avg time  |  max time  |%varavg| %total
---------------------------------------------------------------
Pair    | 0          | 0          | 0          |   0.0 |  0.00
Neigh   | 0          | 0          | 0          |   0.0 |  0.00
Comm    | 0          | 0          | 0          |   0.0 |  0.00
Output  | 0          | 0          | 0          |   0.0 |  0.00
Modify  | 0          | 0          | 0          |   0.0 |  0.00
Other   |            | 1.017e-06  |            |       |100.00

Nlocal:             18 ave          18 max          18 min
Histogram: 1 0 0 0 0 0 0 0 0 0
Nghost:           2071 ave        2071 max        2071 min
Histogram: 1 0 0 0 0 0 0 0 0 0
Neighs:              0 ave           0 max           0 min
Histogram: 1 0 0 0 0 0 0 0 0 0
FullNghs:         8094 ave        8094 max        8094 min
Histogram: 1 0 0 0 0 0 0 0 0 0

Total # of neighbors = 8094
Ave neighs/atom = 449.66667
Neighbor list builds = 0
Dangerous builds = 0
set atom * x 0.0 y 0.0 z 0.0
Setting atom values ...
  18 settings made for x
  18 settings made for y
  18 settings made for z
change_box all     x final 0 2.5442887767761326 y final 0 12.168316039810767 z final 0 10.096580076775659      xy final -0.4227566904033136 xz final -0.5739178013357529 yz final 0.7582109316105227 units box
Changing box ...
  triclinic box = (0 0 0) to (2.5442888 11.97452 9.8982058) with tilt (-0.40683973 -0.61451155 0.77247552)
  triclinic box = (0 0 0) to (2.5442888 12.168316 9.8982058) with tilt (-0.40683973 -0.61451155 0.77247552)
  triclinic box = (0 0 0) to (2.5442888 12.168316 10.09658) with tilt (-0.40683973 -0.61451155 0.77247552)
  triclinic box = (0 0 0) to (2.5442888 12.168316 10.09658) with tilt (-0.42275669 -0.61451155 0.77247552)
  triclinic box = (0 0 0) to (2.5442888 12.168316 10.09658) with tilt (-0.42275669 -0.5739178 0.77247552)
  triclinic box = (0 0 0) to (2.5442888 12.168316 10.09658) with tilt (-0.42275669 -0.5739178 0.75821093)
echo none
run 0
WARNING: No fixes with time integration, atoms won't move (src/src/verlet.cpp:60)
Per MPI rank memory allocation (min/avg/max) = 3.879 | 3.879 | 3.879 Mbytes
    PotEng          Pxx           E_mol          E_coul    
-76.656435      975.33302      0              0            
Loop time of 8.94e-07 on 1 procs for 0 steps with 18 atoms

1342.3% CPU use with 1 MPI tasks x 1 OpenMP threads

MPI task timing breakdown:
Section |  min time  |  avg time  |  max time  |%varavg| %total
---------------------------------------------------------------
Pair    | 0          | 0          | 0          |   0.0 |  0.00
Neigh   | 0          | 0          | 0          |   0.0 |  0.00
Comm    | 0          | 0          | 0          |   0.0 |  0.00
Output  | 0          | 0          | 0          |   0.0 |  0.00
Modify  | 0          | 0          | 0          |   0.0 |  0.00
Other   |            | 8.94e-07   |            |       |100.00

Nlocal:             18 ave          18 max          18 min
Histogram: 1 0 0 0 0 0 0 0 0 0
Nghost:           2071 ave        2071 max        2071 min
Histogram: 1 0 0 0 0 0 0 0 0 0
Neighs:              0 ave           0 max           0 min
Histogram: 1 0 0 0 0 0 0 0 0 0
FullNghs:         7762 ave        7762 max        7762 min
Histogram: 1 0 0 0 0 0 0 0 0 0

Total # of neighbors = 7762
Ave neighs/atom = 431.22222
Neighbor list builds = 0
Dangerous builds = 0
set atom * x 0.0 y 0.0 z 0.0
Setting atom values ...
  18 settings made for x
  18 settings made for y
  18 settings made for z
change_box all     x final 0 2.54557794857026 y final 0 12.09207453382384 z final 0 10.018462644033386      xy final -0.41646732734979486 xz final -0.589940862586026 yz final 0.7638963983333157 units box
Changing box ...
  triclinic box = (0 0 0) to (2.5455779 12.168316 10.09658) with tilt (-0.42275669 -0.5739178 0.75821093)
  triclinic box = (0 0 0) to (2.5455779 12.092075 10.09658) with tilt (-0.42275669 -0.5739178 0.75821093)
  triclinic box = (0 0 0) to (2.5455779 12.092075 10.018463) with tilt (-0.42275669 -0.5739178 0.75821093)
  triclinic box = (0 0 0) to (2.5455779 12.092075 10.018463) with tilt (-0.41646733 -0.5739178 0.75821093)
  triclinic box = (0 0 0) to (2.5455779 12.092075 10.018463) with tilt (-0.41646733 -0.58994086 0.75821093)
  triclinic box = (0 0 0) to (2.5455779 12.092075 10.018463) with tilt (-0.41646733 -0.58994086 0.7638964)
echo none
run 0
WARNING: No fixes with time integration, atoms won't move (src/src/verlet.cpp:60)
Per MPI rank memory allocation (min/avg/max) = 3.879 | 3.879 | 3.879 Mbytes
    PotEng          Pxx           E_mol          E_coul    
-76.657796      310.39042      0              0            
Loop time of 7.76e-07 on 1 procs for 0 steps with 18 atoms

902.1% CPU use with 1 MPI tasks x 1 OpenMP threads

MPI task timing breakdown:
Section |  min time  |  avg time  |  max time  |%varavg| %total
---------------------------------------------------------------
Pair    | 0          | 0          | 0          |   0.0 |  0.00
Neigh   | 0          | 0          | 0          |   0.0 |  0.00
Comm    | 0          | 0          | 0          |   0.0 |  0.00
Output  | 0          | 0          | 0          |   0.0 |  0.00
Modify  | 0          | 0          | 0          |   0.0 |  0.00
Other   |            | 7.76e-07   |            |       |100.00

Nlocal:             18 ave          18 max          18 min
Histogram: 1 0 0 0 0 0 0 0 0 0
Nghost:           2071 ave        2071 max        2071 min
Histogram: 1 0 0 0 0 0 0 0 0 0
Neighs:              0 ave           0 max           0 min
Histogram: 1 0 0 0 0 0 0 0 0 0
FullNghs:         7854 ave        7854 max        7854 min
Histogram: 1 0 0 0 0 0 0 0 0 0

Total # of neighbors = 7854
Ave neighs/atom = 436.33333
Neighbor list builds = 0
Dangerous builds = 0
set atom * x 0.0 y 0.0 z 0.0
Setting atom values ...
  18 settings made for x
  18 settings made for y
  18 settings made for z
change_box all     x final 0 2.545577948570259 y final 0 12.092074533823837 z final 0 10.018462644033383      xy final -0.41646732734980585 xz final -0.5899408625860212 yz final 0.7638963983333202 units box
Changing box ...
  triclinic box = (0 0 0) to (2.5455779 12.092075 10.018463) with tilt (-0.41646733 -0.58994086 0.7638964)
  triclinic box = (0 0 0) to (2.5455779 12.092075 10.018463) with tilt (-0.41646733 -0.58994086 0.7638964)
  triclinic box = (0 0 0) to (2.5455779 12.092075 10.018463) with tilt (-0.41646733 -0.58994086 0.7638964)
  triclinic box = (0 0 0) to (2.5455779 12.092075 10.018463) with tilt (-0.41646733 -0.58994086 0.7638964)
  triclinic box = (0 0 0) to (2.5455779 12.092075 10.018463) with tilt (-0.41646733 -0.58994086 0.7638964)
  triclinic box = (0 0 0) to (2.5455779 12.092075 10.018463) with tilt (-0.41646733 -0.58994086 0.7638964)
echo none
run 0
WARNING: No fixes with time integration, atoms won't move (src/src/verlet.cpp:60)
Per MPI rank memory allocation (min/avg/max) = 3.879 | 3.879 | 3.879 Mbytes
    PotEng          Pxx           E_mol          E_coul    
-76.657796      310.39042      0              0            
Loop time of 1.083e-06 on 1 procs for 0 steps with 18 atoms

461.7% CPU use with 1 MPI tasks x 1 OpenMP threads

MPI task timing breakdown:
Section |  min time  |  avg time  |  max time  |%varavg| %total
---------------------------------------------------------------
Pair    | 0          | 0          | 0          |   0.0 |  0.00
Neigh   | 0          | 0          | 0          |   0.0 |  0.00
Comm    | 0          | 0          | 0          |   0.0 |  0.00
Output  | 0          | 0          | 0          |   0.0 |  0.00
Modify  | 0          | 0          | 0          |   0.0 |  0.00
Other   |            | 1.083e-06  |            |       |100.00

Nlocal:             18 ave          18 max          18 min
Histogram: 1 0 0 0 0 0 0 0 0 0
Nghost:           2071 ave        2071 max        2071 min
Histogram: 1 0 0 0 0 0 0 0 0 0
Neighs:              0 ave           0 max           0 min
Histogram: 1 0 0 0 0 0 0 0 0 0
FullNghs:         7854 ave        7854 max        7854 min
Histogram: 1 0 0 0 0 0 0 0 0 0

Total # of neighbors = 7854
Ave neighs/atom = 436.33333
Neighbor list builds = 0
Dangerous builds = 0
set atom * x 0.0 y 0.0 z 0.0
Setting atom values ...
  18 settings made for x
  18 settings made for y
  18 settings made for z
change_box all     x final 0 2.544608747321976 y final 0 11.999726984820208 z final 0 9.911615184036174      xy final -0.4064017314227114 xz final -0.6028713582644925 yz final 0.7779006655980125 units box
Changing box ...
  triclinic box = (0 0 0) to (2.5446087 12.092075 10.018463) with tilt (-0.41646733 -0.58994086 0.7638964)
  triclinic box = (0 0 0) to (2.5446087 11.999727 10.018463) with tilt (-0.41646733 -0.58994086 0.7638964)
  triclinic box = (0 0 0) to (2.5446087 11.999727 9.9116152) with tilt (-0.41646733 -0.58994086 0.7638964)
  triclinic box = (0 0 0) to (2.5446087 11.999727 9.9116152) with tilt (-0.40640173 -0.58994086 0.7638964)
  triclinic box = (0 0 0) to (2.5446087 11.999727 9.9116152) with tilt (-0.40640173 -0.60287136 0.7638964)
  triclinic box = (0 0 0) to (2.5446087 11.999727 9.9116152) with tilt (-0.40640173 -0.60287136 0.77790067)
echo none
run 0
WARNING: No fixes with time integration, atoms won't move (src/src/verlet.cpp:60)
Per MPI rank memory allocation (min/avg/max) = 3.879 | 3.879 | 3.879 Mbytes
    PotEng          Pxx           E_mol          E_coul    
-76.662342      841.14049      0              0            
Loop time of 9.79e-07 on 1 procs for 0 steps with 18 atoms

1021.5% CPU use with 1 MPI tasks x 1 OpenMP threads

MPI task timing breakdown:
Section |  min time  |  avg time  |  max time  |%varavg| %total
---------------------------------------------------------------
Pair    | 0          | 0          | 0          |   0.0 |  0.00
Neigh   | 0          | 0          | 0          |   0.0 |  0.00
Comm    | 0          | 0          | 0          |   0.0 |  0.00
Output  | 0          | 0          | 0          |   0.0 |  0.00
Modify  | 0          | 0          | 0          |   0.0 |  0.00
Other   |            | 9.79e-07   |            |       |100.00

Nlocal:             18 ave          18 max          18 min
Histogram: 1 0 0 0 0 0 0 0 0 0
Nghost:           2071 ave        2071 max        2071 min
Histogram: 1 0 0 0 0 0 0 0 0 0
Neighs:              0 ave           0 max           0 min
Histogram: 1 0 0 0 0 0 0 0 0 0
FullNghs:         8084 ave        8084 max        8084 min
Histogram: 1 0 0 0 0 0 0 0 0 0

Total # of neighbors = 8084
Ave neighs/atom = 449.11111
Neighbor list builds = 0
Dangerous builds = 0
set atom * x 0.0 y 0.0 z 0.0
Setting atom values ...
  18 settings made for x
  18 settings made for y
  18 settings made for z
change_box all     x final 0 2.5446087473219765 y final 0 11.999726984820207 z final 0 9.91161518403618      xy final -0.4064017314226991 xz final -0.6028713582645007 yz final 0.7779006655980127 units box
Changing box ...
  triclinic box = (0 0 0) to (2.5446087 11.999727 9.9116152) with tilt (-0.40640173 -0.60287136 0.77790067)
  triclinic box = (0 0 0) to (2.5446087 11.999727 9.9116152) with tilt (-0.40640173 -0.60287136 0.77790067)
  triclinic box = (0 0 0) to (2.5446087 11.999727 9.9116152) with tilt (-0.40640173 -0.60287136 0.77790067)
  triclinic box = (0 0 0) to (2.5446087 11.999727 9.9116152) with tilt (-0.40640173 -0.60287136 0.77790067)
  triclinic box = (0 0 0) to (2.5446087 11.999727 9.9116152) with tilt (-0.40640173 -0.60287136 0.77790067)
  triclinic box = (0 0 0) to (2.5446087 11.999727 9.9116152) with tilt (-0.40640173 -0.60287136 0.77790067)
echo none
run 0
WARNING: No fixes with time integration, atoms won't move (src/src/verlet.cpp:60)
Per MPI rank memory allocation (min/avg/max) = 3.879 | 3.879 | 3.879 Mbytes
    PotEng          Pxx           E_mol          E_coul    
-76.662342      841.14049      0              0            
Loop time of 1.056e-06 on 1 procs for 0 steps with 18 atoms

757.6% CPU use with 1 MPI tasks x 1 OpenMP threads

MPI task timing breakdown:
Section |  min time  |  avg time  |  max time  |%varavg| %total
---------------------------------------------------------------
Pair    | 0          | 0          | 0          |   0.0 |  0.00
Neigh   | 0          | 0          | 0          |   0.0 |  0.00
Comm    | 0          | 0          | 0          |   0.0 |  0.00
Output  | 0          | 0          | 0          |   0.0 |  0.00
Modify  | 0          | 0          | 0          |   0.0 |  0.00
Other   |            | 1.056e-06  |            |       |100.00

Nlocal:             18 ave          18 max          18 min
Histogram: 1 0 0 0 0 0 0 0 0 0
Nghost:           2071 ave        2071 max        2071 min
Histogram: 1 0 0 0 0 0 0 0 0 0
Neighs:              0 ave           0 max           0 min
Histogram: 1 0 0 0 0 0 0 0 0 0
FullNghs:         8084 ave        8084 max        8084 min
Histogram: 1 0 0 0 0 0 0 0 0 0

Total # of neighbors = 8084
Ave neighs/atom = 449.11111
Neighbor list builds = 0
Dangerous builds = 0
set atom * x 0.0 y 0.0 z 0.0
Setting atom values ...
  18 settings made for x
  18 settings made for y
  18 settings made for z
change_box all     x final 0 2.545096187698614 y final 0 11.975842192758105 z final 0 9.885315042749802      xy final -0.40102848347449144 xz final -0.6112170515499185 yz final 0.7769836027408016 units box
Changing box ...
  triclinic box = (0 0 0) to (2.5450962 11.999727 9.9116152) with tilt (-0.40640173 -0.60287136 0.77790067)
  triclinic box = (0 0 0) to (2.5450962 11.975842 9.9116152) with tilt (-0.40640173 -0.60287136 0.77790067)
  triclinic box = (0 0 0) to (2.5450962 11.975842 9.885315) with tilt (-0.40640173 -0.60287136 0.77790067)
  triclinic box = (0 0 0) to (2.5450962 11.975842 9.885315) with tilt (-0.40102848 -0.60287136 0.77790067)
  triclinic box = (0 0 0) to (2.5450962 11.975842 9.885315) with tilt (-0.40102848 -0.61121705 0.77790067)
  triclinic box = (0 0 0) to (2.5450962 11.975842 9.885315) with tilt (-0.40102848 -0.61121705 0.7769836)
echo none
run 0
WARNING: No fixes with time integration, atoms won't move (src/src/verlet.cpp:60)
Per MPI rank memory allocation (min/avg/max) = 3.879 | 3.879 | 3.879 Mbytes
    PotEng          Pxx           E_mol          E_coul    
-76.663643      525.68619      0              0            
Loop time of 9.95e-07 on 1 procs for 0 steps with 18 atoms

703.5% CPU use with 1 MPI tasks x 1 OpenMP threads

MPI task timing breakdown:
Section |  min time  |  avg time  |  max time  |%varavg| %total
---------------------------------------------------------------
Pair    | 0          | 0          | 0          |   0.0 |  0.00
Neigh   | 0          | 0          | 0          |   0.0 |  0.00
Comm    | 0          | 0          | 0          |   0.0 |  0.00
Output  | 0          | 0          | 0          |   0.0 |  0.00
Modify  | 0          | 0          | 0          |   0.0 |  0.00
Other   |            | 9.95e-07   |            |       |100.00

Nlocal:             18 ave          18 max          18 min
Histogram: 1 0 0 0 0 0 0 0 0 0
Nghost:           2071 ave        2071 max        2071 min
Histogram: 1 0 0 0 0 0 0 0 0 0
Neighs:              0 ave           0 max           0 min
Histogram: 1 0 0 0 0 0 0 0 0 0
FullNghs:         8126 ave        8126 max        8126 min
Histogram: 1 0 0 0 0 0 0 0 0 0

Total # of neighbors = 8126
Ave neighs/atom = 451.44444
Neighbor list builds = 0
Dangerous builds = 0
set atom * x 0.0 y 0.0 z 0.0
Setting atom values ...
  18 settings made for x
  18 settings made for y
  18 settings made for z
change_box all     x final 0 2.545096187698615 y final 0 11.975842192758103 z final 0 9.885315042749804      xy final -0.40102848347449527 xz final -0.6112170515499178 yz final 0.7769836027408032 units box
Changing box ...
  triclinic box = (0 0 0) to (2.5450962 11.975842 9.885315) with tilt (-0.40102848 -0.61121705 0.7769836)
  triclinic box = (0 0 0) to (2.5450962 11.975842 9.885315) with tilt (-0.40102848 -0.61121705 0.7769836)
  triclinic box = (0 0 0) to (2.5450962 11.975842 9.885315) with tilt (-0.40102848 -0.61121705 0.7769836)
  triclinic box = (0 0 0) to (2.5450962 11.975842 9.885315) with tilt (-0.40102848 -0.61121705 0.7769836)
  triclinic box = (0 0 0) to (2.5450962 11.975842 9.885315) with tilt (-0.40102848 -0.61121705 0.7769836)
  triclinic box = (0 0 0) to (2.5450962 11.975842 9.885315) with tilt (-0.40102848 -0.61121705 0.7769836)
echo none
run 0
WARNING: No fixes with time integration, atoms won't move (src/src/verlet.cpp:60)
Per MPI rank memory allocation (min/avg/max) = 3.879 | 3.879 | 3.879 Mbytes
    PotEng          Pxx           E_mol          E_coul    
-76.663643      525.68619      0              0            
Loop time of 1.028e-06 on 1 procs for 0 steps with 18 atoms

972.8% CPU use with 1 MPI tasks x 1 OpenMP threads

MPI task timing breakdown:
Section |  min time  |  avg time  |  max time  |%varavg| %total
---------------------------------------------------------------
Pair    | 0          | 0          | 0          |   0.0 |  0.00
Neigh   | 0          | 0          | 0          |   0.0 |  0.00
Comm    | 0          | 0          | 0          |   0.0 |  0.00
Output  | 0          | 0          | 0          |   0.0 |  0.00
Modify  | 0          | 0          | 0          |   0.0 |  0.00
Other   |            | 1.028e-06  |            |       |100.00

Nlocal:             18 ave          18 max          18 min
Histogram: 1 0 0 0 0 0 0 0 0 0
Nghost:           2071 ave        2071 max        2071 min
Histogram: 1 0 0 0 0 0 0 0 0 0
Neighs:              0 ave           0 max           0 min
Histogram: 1 0 0 0 0 0 0 0 0 0
FullNghs:         8126 ave        8126 max        8126 min
Histogram: 1 0 0 0 0 0 0 0 0 0

Total # of neighbors = 8126
Ave neighs/atom = 451.44444
Neighbor list builds = 0
Dangerous builds = 0
set atom * x 0.0 y 0.0 z 0.0
Setting atom values ...
  18 settings made for x
  18 settings made for y
  18 settings made for z
change_box all     x final 0 2.5456903539231663 y final 0 11.963598015401638 z final 0 9.874031649605627      xy final -0.3986283397606314 xz final -0.616066490886051 yz final 0.7735106870430789 units box
Changing box ...
  triclinic box = (0 0 0) to (2.5456904 11.975842 9.885315) with tilt (-0.40102848 -0.61121705 0.7769836)
  triclinic box = (0 0 0) to (2.5456904 11.963598 9.885315) with tilt (-0.40102848 -0.61121705 0.7769836)
  triclinic box = (0 0 0) to (2.5456904 11.963598 9.8740316) with tilt (-0.40102848 -0.61121705 0.7769836)
  triclinic box = (0 0 0) to (2.5456904 11.963598 9.8740316) with tilt (-0.39862834 -0.61121705 0.7769836)
  triclinic box = (0 0 0) to (2.5456904 11.963598 9.8740316) with tilt (-0.39862834 -0.61606649 0.7769836)
  triclinic box = (0 0 0) to (2.5456904 11.963598 9.8740316) with tilt (-0.39862834 -0.61606649 0.77351069)
echo none
run 0
WARNING: No fixes with time integration, atoms won't move (src/src/verlet.cpp:60)
Per MPI rank memory allocation (min/avg/max) = 3.879 | 3.879 | 3.879 Mbytes
    PotEng          Pxx           E_mol          E_coul    
-76.664145      144.50635      0              0            
Loop time of 1.123e-06 on 1 procs for 0 steps with 18 atoms

801.4% CPU use with 1 MPI tasks x 1 OpenMP threads

MPI task timing breakdown:
Section |  min time  |  avg time  |  max time  |%varavg| %total
---------------------------------------------------------------
Pair    | 0          | 0          | 0          |   0.0 |  0.00
Neigh   | 0          | 0          | 0          |   0.0 |  0.00
Comm    | 0          | 0          | 0          |   0.0 |  0.00
Output  | 0          | 0          | 0          |   0.0 |  0.00
Modify  | 0          | 0          | 0          |   0.0 |  0.00
Other   |            | 1.123e-06  |            |       |100.00

Nlocal:             18 ave          18 max          18 min
Histogram: 1 0 0 0 0 0 0 0 0 0
Nghost:           2071 ave        2071 max        2071 min
Histogram: 1 0 0 0 0 0 0 0 0 0
Neighs:              0 ave           0 max           0 min
Histogram: 1 0 0 0 0 0 0 0 0 0
FullNghs:         8146 ave        8146 max        8146 min
Histogram: 1 0 0 0 0 0 0 0 0 0

Total # of neighbors = 8146
Ave neighs/atom = 452.55556
Neighbor list builds = 0
Dangerous builds = 0
set atom * x 0.0 y 0.0 z 0.0
Setting atom values ...
  18 settings made for x
  18 settings made for y
  18 settings made for z
change_box all     x final 0 2.5456903539231694 y final 0 11.963598015401642 z final 0 9.874031649605636      xy final -0.39862833976063505 xz final -0.616066490886049 yz final 0.7735106870430725 units box
Changing box ...
  triclinic box = (0 0 0) to (2.5456904 11.963598 9.8740316) with tilt (-0.39862834 -0.61606649 0.77351069)
  triclinic box = (0 0 0) to (2.5456904 11.963598 9.8740316) with tilt (-0.39862834 -0.61606649 0.77351069)
  triclinic box = (0 0 0) to (2.5456904 11.963598 9.8740316) with tilt (-0.39862834 -0.61606649 0.77351069)
  triclinic box = (0 0 0) to (2.5456904 11.963598 9.8740316) with tilt (-0.39862834 -0.61606649 0.77351069)
  triclinic box = (0 0 0) to (2.5456904 11.963598 9.8740316) with tilt (-0.39862834 -0.61606649 0.77351069)
  triclinic box = (0 0 0) to (2.5456904 11.963598 9.8740316) with tilt (-0.39862834 -0.61606649 0.77351069)
echo none
run 0
WARNING: No fixes with time integration, atoms won't move (src/src/verlet.cpp:60)
Per MPI rank memory allocation (min/avg/max) = 3.879 | 3.879 | 3.879 Mbytes
    PotEng          Pxx           E_mol          E_coul    
-76.664145      144.50635      0              0            
Loop time of 1.06e-06 on 1 procs for 0 steps with 18 atoms

566.0% CPU use with 1 MPI tasks x 1 OpenMP threads

MPI task timing breakdown:
Section |  min time  |  avg time  |  max time  |%varavg| %total
---------------------------------------------------------------
Pair    | 0          | 0          | 0          |   0.0 |  0.00
Neigh   | 0          | 0          | 0          |   0.0 |  0.00
Comm    | 0          | 0          | 0          |   0.0 |  0.00
Output  | 0          | 0          | 0          |   0.0 |  0.00
Modify  | 0          | 0          | 0          |   0.0 |  0.00
Other   |            | 1.06e-06   |            |       |100.00

Nlocal:             18 ave          18 max          18 min
Histogram: 1 0 0 0 0 0 0 0 0 0
Nghost:           2071 ave        2071 max        2071 min
Histogram: 1 0 0 0 0 0 0 0 0 0
Neighs:              0 ave           0 max           0 min
Histogram: 1 0 0 0 0 0 0 0 0 0
FullNghs:         8146 ave        8146 max        8146 min
Histogram: 1 0 0 0 0 0 0 0 0 0

Total # of neighbors = 8146
Ave neighs/atom = 452.55556
Neighbor list builds = 0
Dangerous builds = 0
set atom * x 0.0 y 0.0 z 0.0
Setting atom values ...
  18 settings made for x
  18 settings made for y
  18 settings made for z
change_box all     x final 0 2.5460117426458924 y final 0 11.958362930391331 z final 0 9.869822532726076      xy final -0.39726542973042317 xz final -0.6187874314238313 yz final 0.7707496526010901 units box
Changing box ...
  triclinic box = (0 0 0) to (2.5460117 11.963598 9.8740316) with tilt (-0.39862834 -0.61606649 0.77351069)
  triclinic box = (0 0 0) to (2.5460117 11.958363 9.8740316) with tilt (-0.39862834 -0.61606649 0.77351069)
  triclinic box = (0 0 0) to (2.5460117 11.958363 9.8698225) with tilt (-0.39862834 -0.61606649 0.77351069)
  triclinic box = (0 0 0) to (2.5460117 11.958363 9.8698225) with tilt (-0.39726543 -0.61606649 0.77351069)
  triclinic box = (0 0 0) to (2.5460117 11.958363 9.8698225) with tilt (-0.39726543 -0.61878743 0.77351069)
  triclinic box = (0 0 0) to (2.5460117 11.958363 9.8698225) with tilt (-0.39726543 -0.61878743 0.77074965)
echo none
run 0
WARNING: No fixes with time integration, atoms won't move (src/src/verlet.cpp:60)
Per MPI rank memory allocation (min/avg/max) = 3.879 | 3.879 | 3.879 Mbytes
    PotEng          Pxx           E_mol          E_coul    
-76.664316     -61.894819      0              0            
Loop time of 9.18e-07 on 1 procs for 0 steps with 18 atoms

544.7% CPU use with 1 MPI tasks x 1 OpenMP threads

MPI task timing breakdown:
Section |  min time  |  avg time  |  max time  |%varavg| %total
---------------------------------------------------------------
Pair    | 0          | 0          | 0          |   0.0 |  0.00
Neigh   | 0          | 0          | 0          |   0.0 |  0.00
Comm    | 0          | 0          | 0          |   0.0 |  0.00
Output  | 0          | 0          | 0          |   0.0 |  0.00
Modify  | 0          | 0          | 0          |   0.0 |  0.00
Other   |            | 9.18e-07   |            |       |100.00

Nlocal:             18 ave          18 max          18 min
Histogram: 1 0 0 0 0 0 0 0 0 0
Nghost:           2071 ave        2071 max        2071 min
Histogram: 1 0 0 0 0 0 0 0 0 0
Neighs:              0 ave           0 max           0 min
Histogram: 1 0 0 0 0 0 0 0 0 0
FullNghs:         8156 ave        8156 max        8156 min
Histogram: 1 0 0 0 0 0 0 0 0 0

Total # of neighbors = 8156
Ave neighs/atom = 453.11111
Neighbor list builds = 0
Dangerous builds = 0
set atom * x 0.0 y 0.0 z 0.0
Setting atom values ...
  18 settings made for x
  18 settings made for y
  18 settings made for z
change_box all     x final 0 2.5460117426458946 y final 0 11.958362930391333 z final 0 9.869822532726078      xy final -0.3972654297304333 xz final -0.6187874314238331 yz final 0.7707496526010855 units box
Changing box ...
  triclinic box = (0 0 0) to (2.5460117 11.958363 9.8698225) with tilt (-0.39726543 -0.61878743 0.77074965)
  triclinic box = (0 0 0) to (2.5460117 11.958363 9.8698225) with tilt (-0.39726543 -0.61878743 0.77074965)
  triclinic box = (0 0 0) to (2.5460117 11.958363 9.8698225) with tilt (-0.39726543 -0.61878743 0.77074965)
  triclinic box = (0 0 0) to (2.5460117 11.958363 9.8698225) with tilt (-0.39726543 -0.61878743 0.77074965)
  triclinic box = (0 0 0) to (2.5460117 11.958363 9.8698225) with tilt (-0.39726543 -0.61878743 0.77074965)
  triclinic box = (0 0 0) to (2.5460117 11.958363 9.8698225) with tilt (-0.39726543 -0.61878743 0.77074965)
echo none
run 0
WARNING: No fixes with time integration, atoms won't move (src/src/verlet.cpp:60)
Per MPI rank memory allocation (min/avg/max) = 3.879 | 3.879 | 3.879 Mbytes
    PotEng          Pxx           E_mol          E_coul    
-76.664316     -61.894819      0              0            
Loop time of 1.102e-06 on 1 procs for 0 steps with 18 atoms

635.2% CPU use with 1 MPI tasks x 1 OpenMP threads

MPI task timing breakdown:
Section |  min time  |  avg time  |  max time  |%varavg| %total
---------------------------------------------------------------
Pair    | 0          | 0          | 0          |   0.0 |  0.00
Neigh   | 0          | 0          | 0          |   0.0 |  0.00
Comm    | 0          | 0          | 0          |   0.0 |  0.00
Output  | 0          | 0          | 0          |   0.0 |  0.00
Modify  | 0          | 0          | 0          |   0.0 |  0.00
Other   |            | 1.102e-06  |            |       |100.00

Nlocal:             18 ave          18 max          18 min
Histogram: 1 0 0 0 0 0 0 0 0 0
Nghost:           2071 ave        2071 max        2071 min
Histogram: 1 0 0 0 0 0 0 0 0 0
Neighs:              0 ave           0 max           0 min
Histogram: 1 0 0 0 0 0 0 0 0 0
FullNghs:         8156 ave        8156 max        8156 min
Histogram: 1 0 0 0 0 0 0 0 0 0

Total # of neighbors = 8156
Ave neighs/atom = 453.11111
Neighbor list builds = 0
Dangerous builds = 0
set atom * x 0.0 y 0.0 z 0.0
Setting atom values ...
  18 settings made for x
  18 settings made for y
  18 settings made for z
change_box all     x final 0 2.546190492554494 y final 0 11.954875359224513 z final 0 9.866533140355038      xy final -0.39589997582593645 xz final -0.6212705611823247 yz final 0.7675849632937333 units box
Changing box ...
  triclinic box = (0 0 0) to (2.5461905 11.958363 9.8698225) with tilt (-0.39726543 -0.61878743 0.77074965)
  triclinic box = (0 0 0) to (2.5461905 11.954875 9.8698225) with tilt (-0.39726543 -0.61878743 0.77074965)
  triclinic box = (0 0 0) to (2.5461905 11.954875 9.8665331) with tilt (-0.39726543 -0.61878743 0.77074965)
  triclinic box = (0 0 0) to (2.5461905 11.954875 9.8665331) with tilt (-0.39589998 -0.61878743 0.77074965)
  triclinic box = (0 0 0) to (2.5461905 11.954875 9.8665331) with tilt (-0.39589998 -0.62127056 0.77074965)
  triclinic box = (0 0 0) to (2.5461905 11.954875 9.8665331) with tilt (-0.39589998 -0.62127056 0.76758496)
echo none
run 0
WARNING: No fixes with time integration, atoms won't move (src/src/verlet.cpp:60)
Per MPI rank memory allocation (min/avg/max) = 3.879 | 3.879 | 3.879 Mbytes
    PotEng          Pxx           E_mol          E_coul    
-76.664461     -178.07064      0              0            
Loop time of 1.193e-06 on 1 procs for 0 steps with 18 atoms

670.6% CPU use with 1 MPI tasks x 1 OpenMP threads

MPI task timing breakdown:
Section |  min time  |  avg time  |  max time  |%varavg| %total
---------------------------------------------------------------
Pair    | 0          | 0          | 0          |   0.0 |  0.00
Neigh   | 0          | 0          | 0          |   0.0 |  0.00
Comm    | 0          | 0          | 0          |   0.0 |  0.00
Output  | 0          | 0          | 0          |   0.0 |  0.00
Modify  | 0          | 0          | 0          |   0.0 |  0.00
Other   |            | 1.193e-06  |            |       |100.00

Nlocal:             18 ave          18 max          18 min
Histogram: 1 0 0 0 0 0 0 0 0 0
Nghost:           2071 ave        2071 max        2071 min
Histogram: 1 0 0 0 0 0 0 0 0 0
Neighs:              0 ave           0 max           0 min
Histogram: 1 0 0 0 0 0 0 0 0 0
FullNghs:         8156 ave        8156 max        8156 min
Histogram: 1 0 0 0 0 0 0 0 0 0

Total # of neighbors = 8156
Ave neighs/atom = 453.11111
Neighbor list builds = 0
Dangerous builds = 0
set atom * x 0.0 y 0.0 z 0.0
Setting atom values ...
  18 settings made for x
  18 settings made for y
  18 settings made for z
change_box all     x final 0 2.5464152535048212 y final 0 11.9504946610358 z final 0 9.862400066693514      xy final -0.39418403657027273 xz final -0.6243894982352539 yz final 0.7636112244539776 units box
Changing box ...
  triclinic box = (0 0 0) to (2.5464153 11.954875 9.8665331) with tilt (-0.39589998 -0.62127056 0.76758496)
  triclinic box = (0 0 0) to (2.5464153 11.950495 9.8665331) with tilt (-0.39589998 -0.62127056 0.76758496)
  triclinic box = (0 0 0) to (2.5464153 11.950495 9.8624001) with tilt (-0.39589998 -0.62127056 0.76758496)
  triclinic box = (0 0 0) to (2.5464153 11.950495 9.8624001) with tilt (-0.39418404 -0.62127056 0.76758496)
  triclinic box = (0 0 0) to (2.5464153 11.950495 9.8624001) with tilt (-0.39418404 -0.6243895 0.76758496)
  triclinic box = (0 0 0) to (2.5464153 11.950495 9.8624001) with tilt (-0.39418404 -0.6243895 0.76361122)
echo none
run 0
WARNING: No fixes with time integration, atoms won't move (src/src/verlet.cpp:60)
Per MPI rank memory allocation (min/avg/max) = 3.879 | 3.879 | 3.879 Mbytes
    PotEng          Pxx           E_mol          E_coul    
-76.664525     -322.7675       0              0            
Loop time of 1.309e-06 on 1 procs for 0 steps with 18 atoms

993.1% CPU use with 1 MPI tasks x 1 OpenMP threads

MPI task timing breakdown:
Section |  min time  |  avg time  |  max time  |%varavg| %total
---------------------------------------------------------------
Pair    | 0          | 0          | 0          |   0.0 |  0.00
Neigh   | 0          | 0          | 0          |   0.0 |  0.00
Comm    | 0          | 0          | 0          |   0.0 |  0.00
Output  | 0          | 0          | 0          |   0.0 |  0.00
Modify  | 0          | 0          | 0          |   0.0 |  0.00
Other   |            | 1.309e-06  |            |       |100.00

Nlocal:             18 ave          18 max          18 min
Histogram: 1 0 0 0 0 0 0 0 0 0
Nghost:           2071 ave        2071 max        2071 min
Histogram: 1 0 0 0 0 0 0 0 0 0
Neighs:              0 ave           0 max           0 min
Histogram: 1 0 0 0 0 0 0 0 0 0
FullNghs:         8164 ave        8164 max        8164 min
Histogram: 1 0 0 0 0 0 0 0 0 0

Total # of neighbors = 8164
Ave neighs/atom = 453.55556
Neighbor list builds = 0
Dangerous builds = 0
set atom * x 0.0 y 0.0 z 0.0
Setting atom values ...
  18 settings made for x
  18 settings made for y
  18 settings made for z
change_box all     x final 0 2.54641525350482 y final 0 11.9504946610358 z final 0 9.862400066693514      xy final -0.39418403657027784 xz final -0.6243894982352487 yz final 0.7636112244539783 units box
Changing box ...
  triclinic box = (0 0 0) to (2.5464153 11.950495 9.8624001) with tilt (-0.39418404 -0.6243895 0.76361122)
  triclinic box = (0 0 0) to (2.5464153 11.950495 9.8624001) with tilt (-0.39418404 -0.6243895 0.76361122)
  triclinic box = (0 0 0) to (2.5464153 11.950495 9.8624001) with tilt (-0.39418404 -0.6243895 0.76361122)
  triclinic box = (0 0 0) to (2.5464153 11.950495 9.8624001) with tilt (-0.39418404 -0.6243895 0.76361122)
  triclinic box = (0 0 0) to (2.5464153 11.950495 9.8624001) with tilt (-0.39418404 -0.6243895 0.76361122)
  triclinic box = (0 0 0) to (2.5464153 11.950495 9.8624001) with tilt (-0.39418404 -0.6243895 0.76361122)
echo none
run 0
WARNING: No fixes with time integration, atoms won't move (src/src/verlet.cpp:60)
Per MPI rank memory allocation (min/avg/max) = 3.879 | 3.879 | 3.879 Mbytes
    PotEng          Pxx           E_mol          E_coul    
-76.664525     -322.7675       0              0            
Loop time of 1.397e-06 on 1 procs for 0 steps with 18 atoms

787.4% CPU use with 1 MPI tasks x 1 OpenMP threads

MPI task timing breakdown:
Section |  min time  |  avg time  |  max time  |%varavg| %total
---------------------------------------------------------------
Pair    | 0          | 0          | 0          |   0.0 |  0.00
Neigh   | 0          | 0          | 0          |   0.0 |  0.00
Comm    | 0          | 0          | 0          |   0.0 |  0.00
Output  | 0          | 0          | 0          |   0.0 |  0.00
Modify  | 0          | 0          | 0          |   0.0 |  0.00
Other   |            | 1.397e-06  |            |       |100.00

Nlocal:             18 ave          18 max          18 min
Histogram: 1 0 0 0 0 0 0 0 0 0
Nghost:           2071 ave        2071 max        2071 min
Histogram: 1 0 0 0 0 0 0 0 0 0
Neighs:              0 ave           0 max           0 min
Histogram: 1 0 0 0 0 0 0 0 0 0
FullNghs:         8164 ave        8164 max        8164 min
Histogram: 1 0 0 0 0 0 0 0 0 0

Total # of neighbors = 8164
Ave neighs/atom = 453.55556
Neighbor list builds = 0
Dangerous builds = 0
set atom * x 0.0 y 0.0 z 0.0
Setting atom values ...
  18 settings made for x
  18 settings made for y
  18 settings made for z
change_box all     x final 0 2.5463129933641593 y final 0 11.94880115654135 z final 0 9.859277160693209      xy final -0.39306277585544 xz final -0.626085107206291 yz final 0.7615937754162792 units box
Changing box ...
  triclinic box = (0 0 0) to (2.546313 11.950495 9.8624001) with tilt (-0.39418404 -0.6243895 0.76361122)
  triclinic box = (0 0 0) to (2.546313 11.948801 9.8624001) with tilt (-0.39418404 -0.6243895 0.76361122)
  triclinic box = (0 0 0) to (2.546313 11.948801 9.8592772) with tilt (-0.39418404 -0.6243895 0.76361122)
  triclinic box = (0 0 0) to (2.546313 11.948801 9.8592772) with tilt (-0.39306278 -0.6243895 0.76361122)
  triclinic box = (0 0 0) to (2.546313 11.948801 9.8592772) with tilt (-0.39306278 -0.62608511 0.76361122)
  triclinic box = (0 0 0) to (2.546313 11.948801 9.8592772) with tilt (-0.39306278 -0.62608511 0.76159378)
echo none
run 0
WARNING: No fixes with time integration, atoms won't move (src/src/verlet.cpp:60)
Per MPI rank memory allocation (min/avg/max) = 3.879 | 3.879 | 3.879 Mbytes
    PotEng          Pxx           E_mol          E_coul    
-76.6647       -260.00626      0              0            
Loop time of 1.772e-06 on 1 procs for 0 steps with 18 atoms

790.1% CPU use with 1 MPI tasks x 1 OpenMP threads

MPI task timing breakdown:
Section |  min time  |  avg time  |  max time  |%varavg| %total
---------------------------------------------------------------
Pair    | 0          | 0          | 0          |   0.0 |  0.00
Neigh   | 0          | 0          | 0          |   0.0 |  0.00
Comm    | 0          | 0          | 0          |   0.0 |  0.00
Output  | 0          | 0          | 0          |   0.0 |  0.00
Modify  | 0          | 0          | 0          |   0.0 |  0.00
Other   |            | 1.772e-06  |            |       |100.00

Nlocal:             18 ave          18 max          18 min
Histogram: 1 0 0 0 0 0 0 0 0 0
Nghost:           2071 ave        2071 max        2071 min
Histogram: 1 0 0 0 0 0 0 0 0 0
Neighs:              0 ave           0 max           0 min
Histogram: 1 0 0 0 0 0 0 0 0 0
FullNghs:         8166 ave        8166 max        8166 min
Histogram: 1 0 0 0 0 0 0 0 0 0

Total # of neighbors = 8166
Ave neighs/atom = 453.66667
Neighbor list builds = 0
Dangerous builds = 0
set atom * x 0.0 y 0.0 z 0.0
Setting atom values ...
  18 settings made for x
  18 settings made for y
  18 settings made for z
change_box all     x final 0 2.5459044150667496 y final 0 11.94203088486468 z final 0 9.846792682608596      xy final -0.3885775238975979 xz final -0.6328593036178967 yz final 0.7535370620970198 units box
Changing box ...
  triclinic box = (0 0 0) to (2.5459044 11.948801 9.8592772) with tilt (-0.39306278 -0.62608511 0.76159378)
  triclinic box = (0 0 0) to (2.5459044 11.942031 9.8592772) with tilt (-0.39306278 -0.62608511 0.76159378)
  triclinic box = (0 0 0) to (2.5459044 11.942031 9.8467927) with tilt (-0.39306278 -0.62608511 0.76159378)
  triclinic box = (0 0 0) to (2.5459044 11.942031 9.8467927) with tilt (-0.38857752 -0.62608511 0.76159378)
  triclinic box = (0 0 0) to (2.5459044 11.942031 9.8467927) with tilt (-0.38857752 -0.6328593 0.76159378)
  triclinic box = (0 0 0) to (2.5459044 11.942031 9.8467927) with tilt (-0.38857752 -0.6328593 0.75353706)
echo none
run 0
WARNING: No fixes with time integration, atoms won't move (src/src/verlet.cpp:60)
Per MPI rank memory allocation (min/avg/max) = 3.879 | 3.879 | 3.879 Mbytes
    PotEng          Pxx           E_mol          E_coul    
-76.665146     -5.9976453      0              0            
Loop time of 1.687e-06 on 1 procs for 0 steps with 18 atoms

592.8% CPU use with 1 MPI tasks x 1 OpenMP threads

MPI task timing breakdown:
Section |  min time  |  avg time  |  max time  |%varavg| %total
---------------------------------------------------------------
Pair    | 0          | 0          | 0          |   0.0 |  0.00
Neigh   | 0          | 0          | 0          |   0.0 |  0.00
Comm    | 0          | 0          | 0          |   0.0 |  0.00
Output  | 0          | 0          | 0          |   0.0 |  0.00
Modify  | 0          | 0          | 0          |   0.0 |  0.00
Other   |            | 1.687e-06  |            |       |100.00

Nlocal:             18 ave          18 max          18 min
Histogram: 1 0 0 0 0 0 0 0 0 0
Nghost:           2071 ave        2071 max        2071 min
Histogram: 1 0 0 0 0 0 0 0 0 0
Neighs:              0 ave           0 max           0 min
Histogram: 1 0 0 0 0 0 0 0 0 0
FullNghs:         8178 ave        8178 max        8178 min
Histogram: 1 0 0 0 0 0 0 0 0 0

Total # of neighbors = 8178
Ave neighs/atom = 454.33333
Neighbor list builds = 0
Dangerous builds = 0
set atom * x 0.0 y 0.0 z 0.0
Setting atom values ...
  18 settings made for x
  18 settings made for y
  18 settings made for z
change_box all     x final 0 2.545904415066751 y final 0 11.942030884864684 z final 0 9.846792682608598      xy final -0.38857752389760114 xz final -0.632859303617898 yz final 0.753537062097016 units box
Changing box ...
  triclinic box = (0 0 0) to (2.5459044 11.942031 9.8467927) with tilt (-0.38857752 -0.6328593 0.75353706)
  triclinic box = (0 0 0) to (2.5459044 11.942031 9.8467927) with tilt (-0.38857752 -0.6328593 0.75353706)
  triclinic box = (0 0 0) to (2.5459044 11.942031 9.8467927) with tilt (-0.38857752 -0.6328593 0.75353706)
  triclinic box = (0 0 0) to (2.5459044 11.942031 9.8467927) with tilt (-0.38857752 -0.6328593 0.75353706)
  triclinic box = (0 0 0) to (2.5459044 11.942031 9.8467927) with tilt (-0.38857752 -0.6328593 0.75353706)
  triclinic box = (0 0 0) to (2.5459044 11.942031 9.8467927) with tilt (-0.38857752 -0.6328593 0.75353706)
echo none
run 0
WARNING: No fixes with time integration, atoms won't move (src/src/verlet.cpp:60)
Per MPI rank memory allocation (min/avg/max) = 3.879 | 3.879 | 3.879 Mbytes
    PotEng          Pxx           E_mol          E_coul    
-76.665146     -5.9976453      0              0            
Loop time of 1.851e-06 on 1 procs for 0 steps with 18 atoms

810.4% CPU use with 1 MPI tasks x 1 OpenMP threads

MPI task timing breakdown:
Section |  min time  |  avg time  |  max time  |%varavg| %total
---------------------------------------------------------------
Pair    | 0          | 0          | 0          |   0.0 |  0.00
Neigh   | 0          | 0          | 0          |   0.0 |  0.00
Comm    | 0          | 0          | 0          |   0.0 |  0.00
Output  | 0          | 0          | 0          |   0.0 |  0.00
Modify  | 0          | 0          | 0          |   0.0 |  0.00
Other   |            | 1.851e-06  |            |       |100.00

Nlocal:             18 ave          18 max          18 min
Histogram: 1 0 0 0 0 0 0 0 0 0
Nghost:           2071 ave        2071 max        2071 min
Histogram: 1 0 0 0 0 0 0 0 0 0
Neighs:              0 ave           0 max           0 min
Histogram: 1 0 0 0 0 0 0 0 0 0
FullNghs:         8178 ave        8178 max        8178 min
Histogram: 1 0 0 0 0 0 0 0 0 0

Total # of neighbors = 8178
Ave neighs/atom = 454.33333
Neighbor list builds = 0
Dangerous builds = 0
set atom * x 0.0 y 0.0 z 0.0
Setting atom values ...
  18 settings made for x
  18 settings made for y
  18 settings made for z
change_box all     x final 0 2.5456833014086304 y final 0 11.935105381220229 z final 0 9.834372801431167      xy final -0.3835519284213578 xz final -0.6406199140317713 yz final 0.7433805383165282 units box
Changing box ...
  triclinic box = (0 0 0) to (2.5456833 11.942031 9.8467927) with tilt (-0.38857752 -0.6328593 0.75353706)
  triclinic box = (0 0 0) to (2.5456833 11.935105 9.8467927) with tilt (-0.38857752 -0.6328593 0.75353706)
  triclinic box = (0 0 0) to (2.5456833 11.935105 9.8343728) with tilt (-0.38857752 -0.6328593 0.75353706)
  triclinic box = (0 0 0) to (2.5456833 11.935105 9.8343728) with tilt (-0.38355193 -0.6328593 0.75353706)
  triclinic box = (0 0 0) to (2.5456833 11.935105 9.8343728) with tilt (-0.38355193 -0.64061991 0.75353706)
  triclinic box = (0 0 0) to (2.5456833 11.935105 9.8343728) with tilt (-0.38355193 -0.64061991 0.74338054)
echo none
run 0
WARNING: No fixes with time integration, atoms won't move (src/src/verlet.cpp:60)
Per MPI rank memory allocation (min/avg/max) = 3.879 | 3.879 | 3.879 Mbytes
    PotEng          Pxx           E_mol          E_coul    
-76.665456      132.3035       0              0            
Loop time of 1.748e-06 on 1 procs for 0 steps with 18 atoms

915.3% CPU use with 1 MPI tasks x 1 OpenMP threads

MPI task timing breakdown:
Section |  min time  |  avg time  |  max time  |%varavg| %total
---------------------------------------------------------------
Pair    | 0          | 0          | 0          |   0.0 |  0.00
Neigh   | 0          | 0          | 0          |   0.0 |  0.00
Comm    | 0          | 0          | 0          |   0.0 |  0.00
Output  | 0          | 0          | 0          |   0.0 |  0.00
Modify  | 0          | 0          | 0          |   0.0 |  0.00
Other   |            | 1.748e-06  |            |       |100.00

Nlocal:             18 ave          18 max          18 min
Histogram: 1 0 0 0 0 0 0 0 0 0
Nghost:           2071 ave        2071 max        2071 min
Histogram: 1 0 0 0 0 0 0 0 0 0
Neighs:              0 ave           0 max           0 min
Histogram: 1 0 0 0 0 0 0 0 0 0
FullNghs:         8184 ave        8184 max        8184 min
Histogram: 1 0 0 0 0 0 0 0 0 0

Total # of neighbors = 8184
Ave neighs/atom = 454.66667
Neighbor list builds = 0
Dangerous builds = 0
set atom * x 0.0 y 0.0 z 0.0
Setting atom values ...
  18 settings made for x
  18 settings made for y
  18 settings made for z
change_box all     x final 0 2.545393135834975 y final 0 11.925986246932961 z final 0 9.818010878094528      xy final -0.37692233162144695 xz final -0.6508307984096439 yz final 0.7300301898330978 units box
Changing box ...
  triclinic box = (0 0 0) to (2.5453931 11.935105 9.8343728) with tilt (-0.38355193 -0.64061991 0.74338054)
  triclinic box = (0 0 0) to (2.5453931 11.925986 9.8343728) with tilt (-0.38355193 -0.64061991 0.74338054)
  triclinic box = (0 0 0) to (2.5453931 11.925986 9.8180109) with tilt (-0.38355193 -0.64061991 0.74338054)
  triclinic box = (0 0 0) to (2.5453931 11.925986 9.8180109) with tilt (-0.37692233 -0.64061991 0.74338054)
  triclinic box = (0 0 0) to (2.5453931 11.925986 9.8180109) with tilt (-0.37692233 -0.6508308 0.74338054)
  triclinic box = (0 0 0) to (2.5453931 11.925986 9.8180109) with tilt (-0.37692233 -0.6508308 0.73003019)
echo none
run 0
WARNING: No fixes with time integration, atoms won't move (src/src/verlet.cpp:60)
Per MPI rank memory allocation (min/avg/max) = 3.879 | 3.879 | 3.879 Mbytes
    PotEng          Pxx           E_mol          E_coul    
-76.665606      317.79225      0              0            
Loop time of 1.919e-06 on 1 procs for 0 steps with 18 atoms

625.3% CPU use with 1 MPI tasks x 1 OpenMP threads

MPI task timing breakdown:
Section |  min time  |  avg time  |  max time  |%varavg| %total
---------------------------------------------------------------
Pair    | 0          | 0          | 0          |   0.0 |  0.00
Neigh   | 0          | 0          | 0          |   0.0 |  0.00
Comm    | 0          | 0          | 0          |   0.0 |  0.00
Output  | 0          | 0          | 0          |   0.0 |  0.00
Modify  | 0          | 0          | 0          |   0.0 |  0.00
Other   |            | 1.919e-06  |            |       |100.00

Nlocal:             18 ave          18 max          18 min
Histogram: 1 0 0 0 0 0 0 0 0 0
Nghost:           2071 ave        2071 max        2071 min
Histogram: 1 0 0 0 0 0 0 0 0 0
Neighs:              0 ave           0 max           0 min
Histogram: 1 0 0 0 0 0 0 0 0 0
FullNghs:         8202 ave        8202 max        8202 min
Histogram: 1 0 0 0 0 0 0 0 0 0

Total # of neighbors = 8202
Ave neighs/atom = 455.66667
Neighbor list builds = 0
Dangerous builds = 0
set atom * x 0.0 y 0.0 z 0.0
Setting atom values ...
  18 settings made for x
  18 settings made for y
  18 settings made for z
change_box all     x final 0 2.545393135834976 y final 0 11.925986246932965 z final 0 9.818010878094535      xy final -0.3769223316214379 xz final -0.650830798409644 yz final 0.7300301898330946 units box
Changing box ...
  triclinic box = (0 0 0) to (2.5453931 11.925986 9.8180109) with tilt (-0.37692233 -0.6508308 0.73003019)
  triclinic box = (0 0 0) to (2.5453931 11.925986 9.8180109) with tilt (-0.37692233 -0.6508308 0.73003019)
  triclinic box = (0 0 0) to (2.5453931 11.925986 9.8180109) with tilt (-0.37692233 -0.6508308 0.73003019)
  triclinic box = (0 0 0) to (2.5453931 11.925986 9.8180109) with tilt (-0.37692233 -0.6508308 0.73003019)
  triclinic box = (0 0 0) to (2.5453931 11.925986 9.8180109) with tilt (-0.37692233 -0.6508308 0.73003019)
  triclinic box = (0 0 0) to (2.5453931 11.925986 9.8180109) with tilt (-0.37692233 -0.6508308 0.73003019)
echo none
run 0
WARNING: No fixes with time integration, atoms won't move (src/src/verlet.cpp:60)
Per MPI rank memory allocation (min/avg/max) = 3.879 | 3.879 | 3.879 Mbytes
    PotEng          Pxx           E_mol          E_coul    
-76.665606      317.79225      0              0            
Loop time of 1.541e-06 on 1 procs for 0 steps with 18 atoms

843.6% CPU use with 1 MPI tasks x 1 OpenMP threads

MPI task timing breakdown:
Section |  min time  |  avg time  |  max time  |%varavg| %total
---------------------------------------------------------------
Pair    | 0          | 0          | 0          |   0.0 |  0.00
Neigh   | 0          | 0          | 0          |   0.0 |  0.00
Comm    | 0          | 0          | 0          |   0.0 |  0.00
Output  | 0          | 0          | 0          |   0.0 |  0.00
Modify  | 0          | 0          | 0          |   0.0 |  0.00
Other   |            | 1.541e-06  |            |       |100.00

Nlocal:             18 ave          18 max          18 min
Histogram: 1 0 0 0 0 0 0 0 0 0
Nghost:           2071 ave        2071 max        2071 min
Histogram: 1 0 0 0 0 0 0 0 0 0
Neighs:              0 ave           0 max           0 min
Histogram: 1 0 0 0 0 0 0 0 0 0
FullNghs:         8202 ave        8202 max        8202 min
Histogram: 1 0 0 0 0 0 0 0 0 0

Total # of neighbors = 8202
Ave neighs/atom = 455.66667
Neighbor list builds = 0
Dangerous builds = 0
set atom * x 0.0 y 0.0 z 0.0
Setting atom values ...
  18 settings made for x
  18 settings made for y
  18 settings made for z
change_box all     x final 0 2.5454427267220536 y final 0 11.916314199929735 z final 0 9.80539530343405      xy final -0.3726467847014558 xz final -0.6580649329448895 yz final 0.7222406812355286 units box
Changing box ...
  triclinic box = (0 0 0) to (2.5454427 11.925986 9.8180109) with tilt (-0.37692233 -0.6508308 0.73003019)
  triclinic box = (0 0 0) to (2.5454427 11.916314 9.8180109) with tilt (-0.37692233 -0.6508308 0.73003019)
  triclinic box = (0 0 0) to (2.5454427 11.916314 9.8053953) with tilt (-0.37692233 -0.6508308 0.73003019)
  triclinic box = (0 0 0) to (2.5454427 11.916314 9.8053953) with tilt (-0.37264678 -0.6508308 0.73003019)
  triclinic box = (0 0 0) to (2.5454427 11.916314 9.8053953) with tilt (-0.37264678 -0.65806493 0.73003019)
  triclinic box = (0 0 0) to (2.5454427 11.916314 9.8053953) with tilt (-0.37264678 -0.65806493 0.72224068)
echo none
run 0
WARNING: No fixes with time integration, atoms won't move (src/src/verlet.cpp:60)
Per MPI rank memory allocation (min/avg/max) = 3.879 | 3.879 | 3.879 Mbytes
    PotEng          Pxx           E_mol          E_coul    
-76.666051      287.38852      0              0            
Loop time of 1.69e-06 on 1 procs for 0 steps with 18 atoms

769.2% CPU use with 1 MPI tasks x 1 OpenMP threads

MPI task timing breakdown:
Section |  min time  |  avg time  |  max time  |%varavg| %total
---------------------------------------------------------------
Pair    | 0          | 0          | 0          |   0.0 |  0.00
Neigh   | 0          | 0          | 0          |   0.0 |  0.00
Comm    | 0          | 0          | 0          |   0.0 |  0.00
Output  | 0          | 0          | 0          |   0.0 |  0.00
Modify  | 0          | 0          | 0          |   0.0 |  0.00
Other   |            | 1.69e-06   |            |       |100.00

Nlocal:             18 ave          18 max          18 min
Histogram: 1 0 0 0 0 0 0 0 0 0
Nghost:           2071 ave        2071 max        2071 min
Histogram: 1 0 0 0 0 0 0 0 0 0
Neighs:              0 ave           0 max           0 min
Histogram: 1 0 0 0 0 0 0 0 0 0
FullNghs:         8208 ave        8208 max        8208 min
Histogram: 1 0 0 0 0 0 0 0 0 0

Total # of neighbors = 8208
Ave neighs/atom = 456
Neighbor list builds = 0
Dangerous builds = 0
set atom * x 0.0 y 0.0 z 0.0
Setting atom values ...
  18 settings made for x
  18 settings made for y
  18 settings made for z
change_box all     x final 0 2.5456480967143076 y final 0 11.877724801965467 z final 0 9.755051322502613      xy final -0.3555575097197794 xz final -0.6868624968938174 yz final 0.691290144819999 units box
Changing box ...
  triclinic box = (0 0 0) to (2.5456481 11.916314 9.8053953) with tilt (-0.37264678 -0.65806493 0.72224068)
  triclinic box = (0 0 0) to (2.5456481 11.877725 9.8053953) with tilt (-0.37264678 -0.65806493 0.72224068)
  triclinic box = (0 0 0) to (2.5456481 11.877725 9.7550513) with tilt (-0.37264678 -0.65806493 0.72224068)
  triclinic box = (0 0 0) to (2.5456481 11.877725 9.7550513) with tilt (-0.35555751 -0.65806493 0.72224068)
  triclinic box = (0 0 0) to (2.5456481 11.877725 9.7550513) with tilt (-0.35555751 -0.6868625 0.72224068)
  triclinic box = (0 0 0) to (2.5456481 11.877725 9.7550513) with tilt (-0.35555751 -0.6868625 0.69129014)
echo none
run 0
WARNING: No fixes with time integration, atoms won't move (src/src/verlet.cpp:60)
Per MPI rank memory allocation (min/avg/max) = 3.879 | 3.879 | 3.879 Mbytes
    PotEng          Pxx           E_mol          E_coul    
-76.667504      166.21584      0              0            
Loop time of 1.478e-06 on 1 procs for 0 steps with 18 atoms

676.6% CPU use with 1 MPI tasks x 1 OpenMP threads

MPI task timing breakdown:
Section |  min time  |  avg time  |  max time  |%varavg| %total
---------------------------------------------------------------
Pair    | 0          | 0          | 0          |   0.0 |  0.00
Neigh   | 0          | 0          | 0          |   0.0 |  0.00
Comm    | 0          | 0          | 0          |   0.0 |  0.00
Output  | 0          | 0          | 0          |   0.0 |  0.00
Modify  | 0          | 0          | 0          |   0.0 |  0.00
Other   |            | 1.478e-06  |            |       |100.00

Nlocal:             18 ave          18 max          18 min
Histogram: 1 0 0 0 0 0 0 0 0 0
Nghost:           2101 ave        2101 max        2101 min
Histogram: 1 0 0 0 0 0 0 0 0 0
Neighs:              0 ave           0 max           0 min
Histogram: 1 0 0 0 0 0 0 0 0 0
FullNghs:         8268 ave        8268 max        8268 min
Histogram: 1 0 0 0 0 0 0 0 0 0

Total # of neighbors = 8268
Ave neighs/atom = 459.33333
Neighbor list builds = 0
Dangerous builds = 0
set atom * x 0.0 y 0.0 z 0.0
Setting atom values ...
  18 settings made for x
  18 settings made for y
  18 settings made for z
change_box all     x final 0 2.5461719067635586 y final 0 11.788077831642342 z final 0 9.638038740115958      xy final -0.31566968124220446 xz final -0.7533605807958741 yz final 0.6201818389212217 units box
Changing box ...
  triclinic box = (0 0 0) to (2.5461719 11.877725 9.7550513) with tilt (-0.35555751 -0.6868625 0.69129014)
  triclinic box = (0 0 0) to (2.5461719 11.788078 9.7550513) with tilt (-0.35555751 -0.6868625 0.69129014)
  triclinic box = (0 0 0) to (2.5461719 11.788078 9.6380387) with tilt (-0.35555751 -0.6868625 0.69129014)
  triclinic box = (0 0 0) to (2.5461719 11.788078 9.6380387) with tilt (-0.31566968 -0.6868625 0.69129014)
  triclinic box = (0 0 0) to (2.5461719 11.788078 9.6380387) with tilt (-0.31566968 -0.75336058 0.69129014)
  triclinic box = (0 0 0) to (2.5461719 11.788078 9.6380387) with tilt (-0.31566968 -0.75336058 0.62018184)
echo none
run 0
WARNING: No fixes with time integration, atoms won't move (src/src/verlet.cpp:60)
Per MPI rank memory allocation (min/avg/max) = 3.88 | 3.88 | 3.88 Mbytes
    PotEng          Pxx           E_mol          E_coul    
-76.668861     -114.17527      0              0            
Loop time of 1.403e-06 on 1 procs for 0 steps with 18 atoms

498.9% CPU use with 1 MPI tasks x 1 OpenMP threads

MPI task timing breakdown:
Section |  min time  |  avg time  |  max time  |%varavg| %total
---------------------------------------------------------------
Pair    | 0          | 0          | 0          |   0.0 |  0.00
Neigh   | 0          | 0          | 0          |   0.0 |  0.00
Comm    | 0          | 0          | 0          |   0.0 |  0.00
Output  | 0          | 0          | 0          |   0.0 |  0.00
Modify  | 0          | 0          | 0          |   0.0 |  0.00
Other   |            | 1.403e-06  |            |       |100.00

Nlocal:             18 ave          18 max          18 min
Histogram: 1 0 0 0 0 0 0 0 0 0
Nghost:           2134 ave        2134 max        2134 min
Histogram: 1 0 0 0 0 0 0 0 0 0
Neighs:              0 ave           0 max           0 min
Histogram: 1 0 0 0 0 0 0 0 0 0
FullNghs:         8448 ave        8448 max        8448 min
Histogram: 1 0 0 0 0 0 0 0 0 0

Total # of neighbors = 8448
Ave neighs/atom = 469.33333
Neighbor list builds = 0
Dangerous builds = 0
set atom * x 0.0 y 0.0 z 0.0
Setting atom values ...
  18 settings made for x
  18 settings made for y
  18 settings made for z
change_box all     x final 0 2.5461719067635578 y final 0 11.788077831642337 z final 0 9.638038740115954      xy final -0.31566968124219696 xz final -0.7533605807958713 yz final 0.6201818389212267 units box
Changing box ...
  triclinic box = (0 0 0) to (2.5461719 11.788078 9.6380387) with tilt (-0.31566968 -0.75336058 0.62018184)
  triclinic box = (0 0 0) to (2.5461719 11.788078 9.6380387) with tilt (-0.31566968 -0.75336058 0.62018184)
  triclinic box = (0 0 0) to (2.5461719 11.788078 9.6380387) with tilt (-0.31566968 -0.75336058 0.62018184)
  triclinic box = (0 0 0) to (2.5461719 11.788078 9.6380387) with tilt (-0.31566968 -0.75336058 0.62018184)
  triclinic box = (0 0 0) to (2.5461719 11.788078 9.6380387) with tilt (-0.31566968 -0.75336058 0.62018184)
  triclinic box = (0 0 0) to (2.5461719 11.788078 9.6380387) with tilt (-0.31566968 -0.75336058 0.62018184)
echo none
run 0
WARNING: No fixes with time integration, atoms won't move (src/src/verlet.cpp:60)
Per MPI rank memory allocation (min/avg/max) = 3.88 | 3.88 | 3.88 Mbytes
    PotEng          Pxx           E_mol          E_coul    
-76.668861     -114.17527      0              0            
Loop time of 1.665e-06 on 1 procs for 0 steps with 18 atoms

720.7% CPU use with 1 MPI tasks x 1 OpenMP threads

MPI task timing breakdown:
Section |  min time  |  avg time  |  max time  |%varavg| %total
---------------------------------------------------------------
Pair    | 0          | 0          | 0          |   0.0 |  0.00
Neigh   | 0          | 0          | 0          |   0.0 |  0.00
Comm    | 0          | 0          | 0          |   0.0 |  0.00
Output  | 0          | 0          | 0          |   0.0 |  0.00
Modify  | 0          | 0          | 0          |   0.0 |  0.00
Other   |            | 1.665e-06  |            |       |100.00

Nlocal:             18 ave          18 max          18 min
Histogram: 1 0 0 0 0 0 0 0 0 0
Nghost:           2134 ave        2134 max        2134 min
Histogram: 1 0 0 0 0 0 0 0 0 0
Neighs:              0 ave           0 max           0 min
Histogram: 1 0 0 0 0 0 0 0 0 0
FullNghs:         8448 ave        8448 max        8448 min
Histogram: 1 0 0 0 0 0 0 0 0 0

Total # of neighbors = 8448
Ave neighs/atom = 469.33333
Neighbor list builds = 0
Dangerous builds = 0
set atom * x 0.0 y 0.0 z 0.0
Setting atom values ...
  18 settings made for x
  18 settings made for y
  18 settings made for z
change_box all     x final 0 2.546099611280873 y final 0 11.804461128825112 z final 0 9.643866319145724      xy final -0.3041786815428766 xz final -0.769054143272525 yz final 0.5874776536050728 units box
Changing box ...
  triclinic box = (0 0 0) to (2.5460996 11.788078 9.6380387) with tilt (-0.31566968 -0.75336058 0.62018184)
  triclinic box = (0 0 0) to (2.5460996 11.804461 9.6380387) with tilt (-0.31566968 -0.75336058 0.62018184)
  triclinic box = (0 0 0) to (2.5460996 11.804461 9.6438663) with tilt (-0.31566968 -0.75336058 0.62018184)
  triclinic box = (0 0 0) to (2.5460996 11.804461 9.6438663) with tilt (-0.30417868 -0.75336058 0.62018184)
  triclinic box = (0 0 0) to (2.5460996 11.804461 9.6438663) with tilt (-0.30417868 -0.76905414 0.62018184)
  triclinic box = (0 0 0) to (2.5460996 11.804461 9.6438663) with tilt (-0.30417868 -0.76905414 0.58747765)
echo none
run 0
WARNING: No fixes with time integration, atoms won't move (src/src/verlet.cpp:60)
Per MPI rank memory allocation (min/avg/max) = 3.88 | 3.88 | 3.88 Mbytes
    PotEng          Pxx           E_mol          E_coul    
-76.670328     -146.60046      0              0            
Loop time of 1.557e-06 on 1 procs for 0 steps with 18 atoms

770.7% CPU use with 1 MPI tasks x 1 OpenMP threads

MPI task timing breakdown:
Section |  min time  |  avg time  |  max time  |%varavg| %total
---------------------------------------------------------------
Pair    | 0          | 0          | 0          |   0.0 |  0.00
Neigh   | 0          | 0          | 0          |   0.0 |  0.00
Comm    | 0          | 0          | 0          |   0.0 |  0.00
Output  | 0          | 0          | 0          |   0.0 |  0.00
Modify  | 0          | 0          | 0          |   0.0 |  0.00
Other   |            | 1.557e-06  |            |       |100.00

Nlocal:             18 ave          18 max          18 min
Histogram: 1 0 0 0 0 0 0 0 0 0
Nghost:           2134 ave        2134 max        2134 min
Histogram: 1 0 0 0 0 0 0 0 0 0
Neighs:              0 ave           0 max           0 min
Histogram: 1 0 0 0 0 0 0 0 0 0
FullNghs:         8428 ave        8428 max        8428 min
Histogram: 1 0 0 0 0 0 0 0 0 0

Total # of neighbors = 8428
Ave neighs/atom = 468.22222
Neighbor list builds = 0
Dangerous builds = 0
set atom * x 0.0 y 0.0 z 0.0
Setting atom values ...
  18 settings made for x
  18 settings made for y
  18 settings made for z
change_box all     x final 0 2.5459856860294336 y final 0 11.832952901474979 z final 0 9.653782244049914      xy final -0.2841052351724805 xz final -0.796276195553335 yz final 0.5309401331539365 units box
Changing box ...
  triclinic box = (0 0 0) to (2.5459857 11.804461 9.6438663) with tilt (-0.30417868 -0.76905414 0.58747765)
  triclinic box = (0 0 0) to (2.5459857 11.832953 9.6438663) with tilt (-0.30417868 -0.76905414 0.58747765)
  triclinic box = (0 0 0) to (2.5459857 11.832953 9.6537822) with tilt (-0.30417868 -0.76905414 0.58747765)
  triclinic box = (0 0 0) to (2.5459857 11.832953 9.6537822) with tilt (-0.28410524 -0.76905414 0.58747765)
  triclinic box = (0 0 0) to (2.5459857 11.832953 9.6537822) with tilt (-0.28410524 -0.7962762 0.58747765)
  triclinic box = (0 0 0) to (2.5459857 11.832953 9.6537822) with tilt (-0.28410524 -0.7962762 0.53094013)
echo none
run 0
WARNING: No fixes with time integration, atoms won't move (src/src/verlet.cpp:60)
Per MPI rank memory allocation (min/avg/max) = 3.88 | 3.88 | 3.88 Mbytes
    PotEng          Pxx           E_mol          E_coul    
-76.67127      -196.69771      0              0            
Loop time of 7.338e-06 on 1 procs for 0 steps with 18 atoms

899.4% CPU use with 1 MPI tasks x 1 OpenMP threads

MPI task timing breakdown:
Section |  min time  |  avg time  |  max time  |%varavg| %total
---------------------------------------------------------------
Pair    | 0          | 0          | 0          |   0.0 |  0.00
Neigh   | 0          | 0          | 0          |   0.0 |  0.00
Comm    | 0          | 0          | 0          |   0.0 |  0.00
Output  | 0          | 0          | 0          |   0.0 |  0.00
Modify  | 0          | 0          | 0          |   0.0 |  0.00
Other   |            | 7.338e-06  |            |       |100.00

Nlocal:             18 ave          18 max          18 min
Histogram: 1 0 0 0 0 0 0 0 0 0
Nghost:           2134 ave        2134 max        2134 min
Histogram: 1 0 0 0 0 0 0 0 0 0
Neighs:              0 ave           0 max           0 min
Histogram: 1 0 0 0 0 0 0 0 0 0
FullNghs:         8414 ave        8414 max        8414 min
Histogram: 1 0 0 0 0 0 0 0 0 0

Total # of neighbors = 8414
Ave neighs/atom = 467.44444
Neighbor list builds = 0
Dangerous builds = 0
set atom * x 0.0 y 0.0 z 0.0
Setting atom values ...
  18 settings made for x
  18 settings made for y
  18 settings made for z
change_box all     x final 0 2.545985686029435 y final 0 11.832952901474984 z final 0 9.65378224404991      xy final -0.28410523517249353 xz final -0.7962761955533353 yz final 0.5309401331539412 units box
Changing box ...
  triclinic box = (0 0 0) to (2.5459857 11.832953 9.6537822) with tilt (-0.28410524 -0.7962762 0.53094013)
  triclinic box = (0 0 0) to (2.5459857 11.832953 9.6537822) with tilt (-0.28410524 -0.7962762 0.53094013)
  triclinic box = (0 0 0) to (2.5459857 11.832953 9.6537822) with tilt (-0.28410524 -0.7962762 0.53094013)
  triclinic box = (0 0 0) to (2.5459857 11.832953 9.6537822) with tilt (-0.28410524 -0.7962762 0.53094013)
  triclinic box = (0 0 0) to (2.5459857 11.832953 9.6537822) with tilt (-0.28410524 -0.7962762 0.53094013)
  triclinic box = (0 0 0) to (2.5459857 11.832953 9.6537822) with tilt (-0.28410524 -0.7962762 0.53094013)
echo none
run 0
WARNING: No fixes with time integration, atoms won't move (src/src/verlet.cpp:60)
Per MPI rank memory allocation (min/avg/max) = 3.88 | 3.88 | 3.88 Mbytes
    PotEng          Pxx           E_mol          E_coul    
-76.67127      -196.69771      0              0            
Loop time of 1.425e-06 on 1 procs for 0 steps with 18 atoms

491.2% CPU use with 1 MPI tasks x 1 OpenMP threads

MPI task timing breakdown:
Section |  min time  |  avg time  |  max time  |%varavg| %total
---------------------------------------------------------------
Pair    | 0          | 0          | 0          |   0.0 |  0.00
Neigh   | 0          | 0          | 0          |   0.0 |  0.00
Comm    | 0          | 0          | 0          |   0.0 |  0.00
Output  | 0          | 0          | 0          |   0.0 |  0.00
Modify  | 0          | 0          | 0          |   0.0 |  0.00
Other   |            | 1.425e-06  |            |       |100.00

Nlocal:             18 ave          18 max          18 min
Histogram: 1 0 0 0 0 0 0 0 0 0
Nghost:           2134 ave        2134 max        2134 min
Histogram: 1 0 0 0 0 0 0 0 0 0
Neighs:              0 ave           0 max           0 min
Histogram: 1 0 0 0 0 0 0 0 0 0
FullNghs:         8414 ave        8414 max        8414 min
Histogram: 1 0 0 0 0 0 0 0 0 0

Total # of neighbors = 8414
Ave neighs/atom = 467.44444
Neighbor list builds = 0
Dangerous builds = 0
set atom * x 0.0 y 0.0 z 0.0
Setting atom values ...
  18 settings made for x
  18 settings made for y
  18 settings made for z
change_box all     x final 0 2.545995967096082 y final 0 11.754081176725728 z final 0 9.555123572813672      xy final -0.2552393570534013 xz final -0.841735729428777 yz final 0.4852249591074027 units box
Changing box ...
  triclinic box = (0 0 0) to (2.545996 11.832953 9.6537822) with tilt (-0.28410524 -0.7962762 0.53094013)
  triclinic box = (0 0 0) to (2.545996 11.754081 9.6537822) with tilt (-0.28410524 -0.7962762 0.53094013)
  triclinic box = (0 0 0) to (2.545996 11.754081 9.5551236) with tilt (-0.28410524 -0.7962762 0.53094013)
  triclinic box = (0 0 0) to (2.545996 11.754081 9.5551236) with tilt (-0.25523936 -0.7962762 0.53094013)
  triclinic box = (0 0 0) to (2.545996 11.754081 9.5551236) with tilt (-0.25523936 -0.84173573 0.53094013)
  triclinic box = (0 0 0) to (2.545996 11.754081 9.5551236) with tilt (-0.25523936 -0.84173573 0.48522496)
echo none
run 0
WARNING: No fixes with time integration, atoms won't move (src/src/verlet.cpp:60)
Per MPI rank memory allocation (min/avg/max) = 3.88 | 3.88 | 3.88 Mbytes
    PotEng          Pxx           E_mol          E_coul    
-76.673594     -96.011873      0              0            
Loop time of 1.545e-06 on 1 procs for 0 steps with 18 atoms

453.1% CPU use with 1 MPI tasks x 1 OpenMP threads

MPI task timing breakdown:
Section |  min time  |  avg time  |  max time  |%varavg| %total
---------------------------------------------------------------
Pair    | 0          | 0          | 0          |   0.0 |  0.00
Neigh   | 0          | 0          | 0          |   0.0 |  0.00
Comm    | 0          | 0          | 0          |   0.0 |  0.00
Output  | 0          | 0          | 0          |   0.0 |  0.00
Modify  | 0          | 0          | 0          |   0.0 |  0.00
Other   |            | 1.545e-06  |            |       |100.00

Nlocal:             18 ave          18 max          18 min
Histogram: 1 0 0 0 0 0 0 0 0 0
Nghost:           2134 ave        2134 max        2134 min
Histogram: 1 0 0 0 0 0 0 0 0 0
Neighs:              0 ave           0 max           0 min
Histogram: 1 0 0 0 0 0 0 0 0 0
FullNghs:         8550 ave        8550 max        8550 min
Histogram: 1 0 0 0 0 0 0 0 0 0

Total # of neighbors = 8550
Ave neighs/atom = 475
Neighbor list builds = 0
Dangerous builds = 0
set atom * x 0.0 y 0.0 z 0.0
Setting atom values ...
  18 settings made for x
  18 settings made for y
  18 settings made for z
change_box all     x final 0 2.546193660318194 y final 0 11.522047649927305 z final 0 9.265584139314251      xy final -0.17006308661895636 xz final -0.9733763329712385 yz final 0.3543298689043141 units box
Changing box ...
  triclinic box = (0 0 0) to (2.5461937 11.754081 9.5551236) with tilt (-0.25523936 -0.84173573 0.48522496)
  triclinic box = (0 0 0) to (2.5461937 11.522048 9.5551236) with tilt (-0.25523936 -0.84173573 0.48522496)
  triclinic box = (0 0 0) to (2.5461937 11.522048 9.2655841) with tilt (-0.25523936 -0.84173573 0.48522496)
  triclinic box = (0 0 0) to (2.5461937 11.522048 9.2655841) with tilt (-0.17006309 -0.84173573 0.48522496)
  triclinic box = (0 0 0) to (2.5461937 11.522048 9.2655841) with tilt (-0.17006309 -0.97337633 0.48522496)
  triclinic box = (0 0 0) to (2.5461937 11.522048 9.2655841) with tilt (-0.17006309 -0.97337633 0.35432987)
echo none
run 0
WARNING: No fixes with time integration, atoms won't move (src/src/verlet.cpp:60)
Per MPI rank memory allocation (min/avg/max) = 3.88 | 3.88 | 3.88 Mbytes
    PotEng          Pxx           E_mol          E_coul    
-76.6756        288.16074      0              0            
Loop time of 2.076e-06 on 1 procs for 0 steps with 18 atoms

674.4% CPU use with 1 MPI tasks x 1 OpenMP threads

MPI task timing breakdown:
Section |  min time  |  avg time  |  max time  |%varavg| %total
---------------------------------------------------------------
Pair    | 0          | 0          | 0          |   0.0 |  0.00
Neigh   | 0          | 0          | 0          |   0.0 |  0.00
Comm    | 0          | 0          | 0          |   0.0 |  0.00
Output  | 0          | 0          | 0          |   0.0 |  0.00
Modify  | 0          | 0          | 0          |   0.0 |  0.00
Other   |            | 2.076e-06  |            |       |100.00

Nlocal:             18 ave          18 max          18 min
Histogram: 1 0 0 0 0 0 0 0 0 0
Nghost:           2204 ave        2204 max        2204 min
Histogram: 1 0 0 0 0 0 0 0 0 0
Neighs:              0 ave           0 max           0 min
Histogram: 1 0 0 0 0 0 0 0 0 0
FullNghs:         8916 ave        8916 max        8916 min
Histogram: 1 0 0 0 0 0 0 0 0 0

Total # of neighbors = 8916
Ave neighs/atom = 495.33333
Neighbor list builds = 0
Dangerous builds = 0
set atom * x 0.0 y 0.0 z 0.0
Setting atom values ...
  18 settings made for x
  18 settings made for y
  18 settings made for z
change_box all     x final 0 2.546193660318194 y final 0 11.522047649927309 z final 0 9.265584139314251      xy final -0.17006308661895564 xz final -0.9733763329712378 yz final 0.35432986890431223 units box
Changing box ...
  triclinic box = (0 0 0) to (2.5461937 11.522048 9.2655841) with tilt (-0.17006309 -0.97337633 0.35432987)
  triclinic box = (0 0 0) to (2.5461937 11.522048 9.2655841) with tilt (-0.17006309 -0.97337633 0.35432987)
  triclinic box = (0 0 0) to (2.5461937 11.522048 9.2655841) with tilt (-0.17006309 -0.97337633 0.35432987)
  triclinic box = (0 0 0) to (2.5461937 11.522048 9.2655841) with tilt (-0.17006309 -0.97337633 0.35432987)
  triclinic box = (0 0 0) to (2.5461937 11.522048 9.2655841) with tilt (-0.17006309 -0.97337633 0.35432987)
  triclinic box = (0 0 0) to (2.5461937 11.522048 9.2655841) with tilt (-0.17006309 -0.97337633 0.35432987)
echo none
run 0
WARNING: No fixes with time integration, atoms won't move (src/src/verlet.cpp:60)
Per MPI rank memory allocation (min/avg/max) = 3.88 | 3.88 | 3.88 Mbytes
    PotEng          Pxx           E_mol          E_coul    
-76.6756        288.16074      0              0            
Loop time of 1.596e-06 on 1 procs for 0 steps with 18 atoms

751.9% CPU use with 1 MPI tasks x 1 OpenMP threads

MPI task timing breakdown:
Section |  min time  |  avg time  |  max time  |%varavg| %total
---------------------------------------------------------------
Pair    | 0          | 0          | 0          |   0.0 |  0.00
Neigh   | 0          | 0          | 0          |   0.0 |  0.00
Comm    | 0          | 0          | 0          |   0.0 |  0.00
Output  | 0          | 0          | 0          |   0.0 |  0.00
Modify  | 0          | 0          | 0          |   0.0 |  0.00
Other   |            | 1.596e-06  |            |       |100.00

Nlocal:             18 ave          18 max          18 min
Histogram: 1 0 0 0 0 0 0 0 0 0
Nghost:           2204 ave        2204 max        2204 min
Histogram: 1 0 0 0 0 0 0 0 0 0
Neighs:              0 ave           0 max           0 min
Histogram: 1 0 0 0 0 0 0 0 0 0
FullNghs:         8916 ave        8916 max        8916 min
Histogram: 1 0 0 0 0 0 0 0 0 0

Total # of neighbors = 8916
Ave neighs/atom = 495.33333
Neighbor list builds = 0
Dangerous builds = 0
set atom * x 0.0 y 0.0 z 0.0
Setting atom values ...
  18 settings made for x
  18 settings made for y
  18 settings made for z
change_box all     x final 0 2.546062753518702 y final 0 11.574185671270385 z final 0 9.318868308643017      xy final -0.16595739055544112 xz final -0.9785322333371014 yz final 0.3412801929143796 units box
Changing box ...
  triclinic box = (0 0 0) to (2.5460628 11.522048 9.2655841) with tilt (-0.17006309 -0.97337633 0.35432987)
  triclinic box = (0 0 0) to (2.5460628 11.574186 9.2655841) with tilt (-0.17006309 -0.97337633 0.35432987)
  triclinic box = (0 0 0) to (2.5460628 11.574186 9.3188683) with tilt (-0.17006309 -0.97337633 0.35432987)
  triclinic box = (0 0 0) to (2.5460628 11.574186 9.3188683) with tilt (-0.16595739 -0.97337633 0.35432987)
  triclinic box = (0 0 0) to (2.5460628 11.574186 9.3188683) with tilt (-0.16595739 -0.97853223 0.35432987)
  triclinic box = (0 0 0) to (2.5460628 11.574186 9.3188683) with tilt (-0.16595739 -0.97853223 0.34128019)
echo none
run 0
WARNING: No fixes with time integration, atoms won't move (src/src/verlet.cpp:60)
Per MPI rank memory allocation (min/avg/max) = 3.88 | 3.88 | 3.88 Mbytes
    PotEng          Pxx           E_mol          E_coul    
-76.680418      69.991787      0              0            
Loop time of 1.4e-06 on 1 procs for 0 steps with 18 atoms

1000.0% CPU use with 1 MPI tasks x 1 OpenMP threads

MPI task timing breakdown:
Section |  min time  |  avg time  |  max time  |%varavg| %total
---------------------------------------------------------------
Pair    | 0          | 0          | 0          |   0.0 |  0.00
Neigh   | 0          | 0          | 0          |   0.0 |  0.00
Comm    | 0          | 0          | 0          |   0.0 |  0.00
Output  | 0          | 0          | 0          |   0.0 |  0.00
Modify  | 0          | 0          | 0          |   0.0 |  0.00
Other   |            | 1.4e-06    |            |       |100.00

Nlocal:             18 ave          18 max          18 min
Histogram: 1 0 0 0 0 0 0 0 0 0
Nghost:           2204 ave        2204 max        2204 min
Histogram: 1 0 0 0 0 0 0 0 0 0
Neighs:              0 ave           0 max           0 min
Histogram: 1 0 0 0 0 0 0 0 0 0
FullNghs:         8828 ave        8828 max        8828 min
Histogram: 1 0 0 0 0 0 0 0 0 0

Total # of neighbors = 8828
Ave neighs/atom = 490.44444
Neighbor list builds = 0
Dangerous builds = 0
set atom * x 0.0 y 0.0 z 0.0
Setting atom values ...
  18 settings made for x
  18 settings made for y
  18 settings made for z
change_box all     x final 0 2.545845637037976 y final 0 11.662002158766205 z final 0 9.408695268797048      xy final -0.15896831330924835 xz final -0.9873526970070977 yz final 0.31908393041267397 units box
Changing box ...
  triclinic box = (0 0 0) to (2.5458456 11.574186 9.3188683) with tilt (-0.16595739 -0.97853223 0.34128019)
  triclinic box = (0 0 0) to (2.5458456 11.662002 9.3188683) with tilt (-0.16595739 -0.97853223 0.34128019)
  triclinic box = (0 0 0) to (2.5458456 11.662002 9.4086953) with tilt (-0.16595739 -0.97853223 0.34128019)
  triclinic box = (0 0 0) to (2.5458456 11.662002 9.4086953) with tilt (-0.15896831 -0.97853223 0.34128019)
  triclinic box = (0 0 0) to (2.5458456 11.662002 9.4086953) with tilt (-0.15896831 -0.9873527 0.34128019)
  triclinic box = (0 0 0) to (2.5458456 11.662002 9.4086953) with tilt (-0.15896831 -0.9873527 0.31908393)
echo none
run 0
WARNING: No fixes with time integration, atoms won't move (src/src/verlet.cpp:60)
Per MPI rank memory allocation (min/avg/max) = 3.88 | 3.88 | 3.88 Mbytes
    PotEng          Pxx           E_mol          E_coul    
-76.683375     -239.42494      0              0            
Loop time of 1.533e-06 on 1 procs for 0 steps with 18 atoms

782.8% CPU use with 1 MPI tasks x 1 OpenMP threads

MPI task timing breakdown:
Section |  min time  |  avg time  |  max time  |%varavg| %total
---------------------------------------------------------------
Pair    | 0          | 0          | 0          |   0.0 |  0.00
Neigh   | 0          | 0          | 0          |   0.0 |  0.00
Comm    | 0          | 0          | 0          |   0.0 |  0.00
Output  | 0          | 0          | 0          |   0.0 |  0.00
Modify  | 0          | 0          | 0          |   0.0 |  0.00
Other   |            | 1.533e-06  |            |       |100.00

Nlocal:             18 ave          18 max          18 min
Histogram: 1 0 0 0 0 0 0 0 0 0
Nghost:           2164 ave        2164 max        2164 min
Histogram: 1 0 0 0 0 0 0 0 0 0
Neighs:              0 ave           0 max           0 min
Histogram: 1 0 0 0 0 0 0 0 0 0
FullNghs:         8704 ave        8704 max        8704 min
Histogram: 1 0 0 0 0 0 0 0 0 0

Total # of neighbors = 8704
Ave neighs/atom = 483.55556
Neighbor list builds = 0
Dangerous builds = 0
set atom * x 0.0 y 0.0 z 0.0
Setting atom values ...
  18 settings made for x
  18 settings made for y
  18 settings made for z
change_box all     x final 0 2.5458456370379765 y final 0 11.662002158766207 z final 0 9.408695268797054      xy final -0.1589683133092531 xz final -0.9873526970070949 yz final 0.3190839304126702 units box
Changing box ...
  triclinic box = (0 0 0) to (2.5458456 11.662002 9.4086953) with tilt (-0.15896831 -0.9873527 0.31908393)
  triclinic box = (0 0 0) to (2.5458456 11.662002 9.4086953) with tilt (-0.15896831 -0.9873527 0.31908393)
  triclinic box = (0 0 0) to (2.5458456 11.662002 9.4086953) with tilt (-0.15896831 -0.9873527 0.31908393)
  triclinic box = (0 0 0) to (2.5458456 11.662002 9.4086953) with tilt (-0.15896831 -0.9873527 0.31908393)
  triclinic box = (0 0 0) to (2.5458456 11.662002 9.4086953) with tilt (-0.15896831 -0.9873527 0.31908393)
  triclinic box = (0 0 0) to (2.5458456 11.662002 9.4086953) with tilt (-0.15896831 -0.9873527 0.31908393)
echo none
run 0
WARNING: No fixes with time integration, atoms won't move (src/src/verlet.cpp:60)
Per MPI rank memory allocation (min/avg/max) = 3.88 | 3.88 | 3.88 Mbytes
    PotEng          Pxx           E_mol          E_coul    
-76.683375     -239.42494      0              0            
Loop time of 1.883e-06 on 1 procs for 0 steps with 18 atoms

849.7% CPU use with 1 MPI tasks x 1 OpenMP threads

MPI task timing breakdown:
Section |  min time  |  avg time  |  max time  |%varavg| %total
---------------------------------------------------------------
Pair    | 0          | 0          | 0          |   0.0 |  0.00
Neigh   | 0          | 0          | 0          |   0.0 |  0.00
Comm    | 0          | 0          | 0          |   0.0 |  0.00
Output  | 0          | 0          | 0          |   0.0 |  0.00
Modify  | 0          | 0          | 0          |   0.0 |  0.00
Other   |            | 1.883e-06  |            |       |100.00

Nlocal:             18 ave          18 max          18 min
Histogram: 1 0 0 0 0 0 0 0 0 0
Nghost:           2164 ave        2164 max        2164 min
Histogram: 1 0 0 0 0 0 0 0 0 0
Neighs:              0 ave           0 max           0 min
Histogram: 1 0 0 0 0 0 0 0 0 0
FullNghs:         8704 ave        8704 max        8704 min
Histogram: 1 0 0 0 0 0 0 0 0 0

Total # of neighbors = 8704
Ave neighs/atom = 483.55556
Neighbor list builds = 0
Dangerous builds = 0
set atom * x 0.0 y 0.0 z 0.0
Setting atom values ...
  18 settings made for x
  18 settings made for y
  18 settings made for z
change_box all     x final 0 2.5464848357419623 y final 0 11.524931975000413 z final 0 9.194178618980974      xy final -0.06169213214871075 xz final -1.1299336987064206 yz final 0.1443229671829566 units box
Changing box ...
  triclinic box = (0 0 0) to (2.5464848 11.662002 9.4086953) with tilt (-0.15896831 -0.9873527 0.31908393)
  triclinic box = (0 0 0) to (2.5464848 11.524932 9.4086953) with tilt (-0.15896831 -0.9873527 0.31908393)
  triclinic box = (0 0 0) to (2.5464848 11.524932 9.1941786) with tilt (-0.15896831 -0.9873527 0.31908393)
  triclinic box = (0 0 0) to (2.5464848 11.524932 9.1941786) with tilt (-0.061692132 -0.9873527 0.31908393)
  triclinic box = (0 0 0) to (2.5464848 11.524932 9.1941786) with tilt (-0.061692132 -1.1299337 0.31908393)
  triclinic box = (0 0 0) to (2.5464848 11.524932 9.1941786) with tilt (-0.061692132 -1.1299337 0.14432297)
echo none
run 0
WARNING: No fixes with time integration, atoms won't move (src/src/verlet.cpp:60)
Per MPI rank memory allocation (min/avg/max) = 3.88 | 3.88 | 3.88 Mbytes
    PotEng          Pxx           E_mol          E_coul    
-76.688769     -461.44838      0              0            
Loop time of 4.456e-06 on 1 procs for 0 steps with 18 atoms

1615.8% CPU use with 1 MPI tasks x 1 OpenMP threads

MPI task timing breakdown:
Section |  min time  |  avg time  |  max time  |%varavg| %total
---------------------------------------------------------------
Pair    | 0          | 0          | 0          |   0.0 |  0.00
Neigh   | 0          | 0          | 0          |   0.0 |  0.00
Comm    | 0          | 0          | 0          |   0.0 |  0.00
Output  | 0          | 0          | 0          |   0.0 |  0.00
Modify  | 0          | 0          | 0          |   0.0 |  0.00
Other   |            | 4.456e-06  |            |       |100.00

Nlocal:             18 ave          18 max          18 min
Histogram: 1 0 0 0 0 0 0 0 0 0
Nghost:           2204 ave        2204 max        2204 min
Histogram: 1 0 0 0 0 0 0 0 0 0
Neighs:              0 ave           0 max           0 min
Histogram: 1 0 0 0 0 0 0 0 0 0
FullNghs:         8970 ave        8970 max        8970 min
Histogram: 1 0 0 0 0 0 0 0 0 0

Total # of neighbors = 8970
Ave neighs/atom = 498.33333
Neighbor list builds = 0
Dangerous builds = 0
set atom * x 0.0 y 0.0 z 0.0
Setting atom values ...
  18 settings made for x
  18 settings made for y
  18 settings made for z
change_box all     x final 0 2.5464848357419623 y final 0 11.524931975000419 z final 0 9.19417861898098      xy final -0.06169213214870387 xz final -1.129933698706428 yz final 0.14432296718294524 units box
Changing box ...
  triclinic box = (0 0 0) to (2.5464848 11.524932 9.1941786) with tilt (-0.061692132 -1.1299337 0.14432297)
  triclinic box = (0 0 0) to (2.5464848 11.524932 9.1941786) with tilt (-0.061692132 -1.1299337 0.14432297)
  triclinic box = (0 0 0) to (2.5464848 11.524932 9.1941786) with tilt (-0.061692132 -1.1299337 0.14432297)
  triclinic box = (0 0 0) to (2.5464848 11.524932 9.1941786) with tilt (-0.061692132 -1.1299337 0.14432297)
  triclinic box = (0 0 0) to (2.5464848 11.524932 9.1941786) with tilt (-0.061692132 -1.1299337 0.14432297)
  triclinic box = (0 0 0) to (2.5464848 11.524932 9.1941786) with tilt (-0.061692132 -1.1299337 0.14432297)
echo none
run 0
WARNING: No fixes with time integration, atoms won't move (src/src/verlet.cpp:60)
Per MPI rank memory allocation (min/avg/max) = 3.88 | 3.88 | 3.88 Mbytes
    PotEng          Pxx           E_mol          E_coul    
-76.688769     -461.44838      0              0            
Loop time of 1.596e-06 on 1 procs for 0 steps with 18 atoms

438.6% CPU use with 1 MPI tasks x 1 OpenMP threads

MPI task timing breakdown:
Section |  min time  |  avg time  |  max time  |%varavg| %total
---------------------------------------------------------------
Pair    | 0          | 0          | 0          |   0.0 |  0.00
Neigh   | 0          | 0          | 0          |   0.0 |  0.00
Comm    | 0          | 0          | 0          |   0.0 |  0.00
Output  | 0          | 0          | 0          |   0.0 |  0.00
Modify  | 0          | 0          | 0          |   0.0 |  0.00
Other   |            | 1.596e-06  |            |       |100.00

Nlocal:             18 ave          18 max          18 min
Histogram: 1 0 0 0 0 0 0 0 0 0
Nghost:           2204 ave        2204 max        2204 min
Histogram: 1 0 0 0 0 0 0 0 0 0
Neighs:              0 ave           0 max           0 min
Histogram: 1 0 0 0 0 0 0 0 0 0
FullNghs:         8970 ave        8970 max        8970 min
Histogram: 1 0 0 0 0 0 0 0 0 0

Total # of neighbors = 8970
Ave neighs/atom = 498.33333
Neighbor list builds = 0
Dangerous builds = 0
set atom * x 0.0 y 0.0 z 0.0
Setting atom values ...
  18 settings made for x
  18 settings made for y
  18 settings made for z
change_box all     x final 0 2.5460350019586446 y final 0 11.485225931318688 z final 0 9.118702624762522      xy final -0.02310754656586403 xz final -1.1757282386755028 yz final 0.07852655923035753 units box
Changing box ...
  triclinic box = (0 0 0) to (2.546035 11.524932 9.1941786) with tilt (-0.061692132 -1.1299337 0.14432297)
  triclinic box = (0 0 0) to (2.546035 11.485226 9.1941786) with tilt (-0.061692132 -1.1299337 0.14432297)
  triclinic box = (0 0 0) to (2.546035 11.485226 9.1187026) with tilt (-0.061692132 -1.1299337 0.14432297)
  triclinic box = (0 0 0) to (2.546035 11.485226 9.1187026) with tilt (-0.023107547 -1.1299337 0.14432297)
  triclinic box = (0 0 0) to (2.546035 11.485226 9.1187026) with tilt (-0.023107547 -1.1757282 0.14432297)
  triclinic box = (0 0 0) to (2.546035 11.485226 9.1187026) with tilt (-0.023107547 -1.1757282 0.078526559)
echo none
run 0
WARNING: No fixes with time integration, atoms won't move (src/src/verlet.cpp:60)
Per MPI rank memory allocation (min/avg/max) = 3.88 | 3.88 | 3.88 Mbytes
    PotEng          Pxx           E_mol          E_coul    
-76.691981     -96.046746      0              0            
Loop time of 1.091e-06 on 1 procs for 0 steps with 18 atoms

1283.2% CPU use with 1 MPI tasks x 1 OpenMP threads

MPI task timing breakdown:
Section |  min time  |  avg time  |  max time  |%varavg| %total
---------------------------------------------------------------
Pair    | 0          | 0          | 0          |   0.0 |  0.00
Neigh   | 0          | 0          | 0          |   0.0 |  0.00
Comm    | 0          | 0          | 0          |   0.0 |  0.00
Output  | 0          | 0          | 0          |   0.0 |  0.00
Modify  | 0          | 0          | 0          |   0.0 |  0.00
Other   |            | 1.091e-06  |            |       |100.00

Nlocal:             18 ave          18 max          18 min
Histogram: 1 0 0 0 0 0 0 0 0 0
Nghost:           2234 ave        2234 max        2234 min
Histogram: 1 0 0 0 0 0 0 0 0 0
Neighs:              0 ave           0 max           0 min
Histogram: 1 0 0 0 0 0 0 0 0 0
FullNghs:         9100 ave        9100 max        9100 min
Histogram: 1 0 0 0 0 0 0 0 0 0

Total # of neighbors = 9100
Ave neighs/atom = 505.55556
Neighbor list builds = 0
Dangerous builds = 0
set atom * x 0.0 y 0.0 z 0.0
Setting atom values ...
  18 settings made for x
  18 settings made for y
  18 settings made for z
change_box all     x final 0 2.5460350019586437 y final 0 11.485225931318686 z final 0 9.118702624762522      xy final -0.023107546565865982 xz final -1.1757282386755075 yz final 0.07852655923035119 units box
Changing box ...
  triclinic box = (0 0 0) to (2.546035 11.485226 9.1187026) with tilt (-0.023107547 -1.1757282 0.078526559)
  triclinic box = (0 0 0) to (2.546035 11.485226 9.1187026) with tilt (-0.023107547 -1.1757282 0.078526559)
  triclinic box = (0 0 0) to (2.546035 11.485226 9.1187026) with tilt (-0.023107547 -1.1757282 0.078526559)
  triclinic box = (0 0 0) to (2.546035 11.485226 9.1187026) with tilt (-0.023107547 -1.1757282 0.078526559)
  triclinic box = (0 0 0) to (2.546035 11.485226 9.1187026) with tilt (-0.023107547 -1.1757282 0.078526559)
  triclinic box = (0 0 0) to (2.546035 11.485226 9.1187026) with tilt (-0.023107547 -1.1757282 0.078526559)
echo none
run 0
WARNING: No fixes with time integration, atoms won't move (src/src/verlet.cpp:60)
Per MPI rank memory allocation (min/avg/max) = 3.88 | 3.88 | 3.88 Mbytes
    PotEng          Pxx           E_mol          E_coul    
-76.691981     -96.046746      0              0            
Loop time of 1.321e-06 on 1 procs for 0 steps with 18 atoms

681.3% CPU use with 1 MPI tasks x 1 OpenMP threads

MPI task timing breakdown:
Section |  min time  |  avg time  |  max time  |%varavg| %total
---------------------------------------------------------------
Pair    | 0          | 0          | 0          |   0.0 |  0.00
Neigh   | 0          | 0          | 0          |   0.0 |  0.00
Comm    | 0          | 0          | 0          |   0.0 |  0.00
Output  | 0          | 0          | 0          |   0.0 |  0.00
Modify  | 0          | 0          | 0          |   0.0 |  0.00
Other   |            | 1.321e-06  |            |       |100.00

Nlocal:             18 ave          18 max          18 min
Histogram: 1 0 0 0 0 0 0 0 0 0
Nghost:           2234 ave        2234 max        2234 min
Histogram: 1 0 0 0 0 0 0 0 0 0
Neighs:              0 ave           0 max           0 min
Histogram: 1 0 0 0 0 0 0 0 0 0
FullNghs:         9100 ave        9100 max        9100 min
Histogram: 1 0 0 0 0 0 0 0 0 0

Total # of neighbors = 9100
Ave neighs/atom = 505.55556
Neighbor list builds = 0
Dangerous builds = 0
set atom * x 0.0 y 0.0 z 0.0
Setting atom values ...
  18 settings made for x
  18 settings made for y
  18 settings made for z
change_box all     x final 0 2.5452296166283834 y final 0 11.514123974023363 z final 0 9.133690644245696      xy final -0.013270202850404646 xz final -1.1849089126541814 yz final 0.044932876401238074 units box
Changing box ...
  triclinic box = (0 0 0) to (2.5452296 11.485226 9.1187026) with tilt (-0.023107547 -1.1757282 0.078526559)
  triclinic box = (0 0 0) to (2.5452296 11.514124 9.1187026) with tilt (-0.023107547 -1.1757282 0.078526559)
  triclinic box = (0 0 0) to (2.5452296 11.514124 9.1336906) with tilt (-0.023107547 -1.1757282 0.078526559)
  triclinic box = (0 0 0) to (2.5452296 11.514124 9.1336906) with tilt (-0.013270203 -1.1757282 0.078526559)
  triclinic box = (0 0 0) to (2.5452296 11.514124 9.1336906) with tilt (-0.013270203 -1.1849089 0.078526559)
  triclinic box = (0 0 0) to (2.5452296 11.514124 9.1336906) with tilt (-0.013270203 -1.1849089 0.044932876)
echo none
run 0
WARNING: No fixes with time integration, atoms won't move (src/src/verlet.cpp:60)
Per MPI rank memory allocation (min/avg/max) = 3.88 | 3.88 | 3.88 Mbytes
    PotEng          Pxx           E_mol          E_coul    
-76.696338      384.7551       0              0            
Loop time of 1.175e-06 on 1 procs for 0 steps with 18 atoms

1276.6% CPU use with 1 MPI tasks x 1 OpenMP threads

MPI task timing breakdown:
Section |  min time  |  avg time  |  max time  |%varavg| %total
---------------------------------------------------------------
Pair    | 0          | 0          | 0          |   0.0 |  0.00
Neigh   | 0          | 0          | 0          |   0.0 |  0.00
Comm    | 0          | 0          | 0          |   0.0 |  0.00
Output  | 0          | 0          | 0          |   0.0 |  0.00
Modify  | 0          | 0          | 0          |   0.0 |  0.00
Other   |            | 1.175e-06  |            |       |100.00

Nlocal:             18 ave          18 max          18 min
Histogram: 1 0 0 0 0 0 0 0 0 0
Nghost:           2204 ave        2204 max        2204 min
Histogram: 1 0 0 0 0 0 0 0 0 0
Neighs:              0 ave           0 max           0 min
Histogram: 1 0 0 0 0 0 0 0 0 0
FullNghs:         9054 ave        9054 max        9054 min
Histogram: 1 0 0 0 0 0 0 0 0 0

Total # of neighbors = 9054
Ave neighs/atom = 503
Neighbor list builds = 0
Dangerous builds = 0
set atom * x 0.0 y 0.0 z 0.0
Setting atom values ...
  18 settings made for x
  18 settings made for y
  18 settings made for z
change_box all     x final 0 2.5452296166283848 y final 0 11.514123974023361 z final 0 9.133690644245696      xy final -0.013270202850402237 xz final -1.1849089126541739 yz final 0.044932876401246304 units box
Changing box ...
  triclinic box = (0 0 0) to (2.5452296 11.514124 9.1336906) with tilt (-0.013270203 -1.1849089 0.044932876)
  triclinic box = (0 0 0) to (2.5452296 11.514124 9.1336906) with tilt (-0.013270203 -1.1849089 0.044932876)
  triclinic box = (0 0 0) to (2.5452296 11.514124 9.1336906) with tilt (-0.013270203 -1.1849089 0.044932876)
  triclinic box = (0 0 0) to (2.5452296 11.514124 9.1336906) with tilt (-0.013270203 -1.1849089 0.044932876)
  triclinic box = (0 0 0) to (2.5452296 11.514124 9.1336906) with tilt (-0.013270203 -1.1849089 0.044932876)
  triclinic box = (0 0 0) to (2.5452296 11.514124 9.1336906) with tilt (-0.013270203 -1.1849089 0.044932876)
echo none
run 0
WARNING: No fixes with time integration, atoms won't move (src/src/verlet.cpp:60)
Per MPI rank memory allocation (min/avg/max) = 3.88 | 3.88 | 3.88 Mbytes
    PotEng          Pxx           E_mol          E_coul    
-76.696338      384.7551       0              0            
Loop time of 1.57e-06 on 1 procs for 0 steps with 18 atoms

509.6% CPU use with 1 MPI tasks x 1 OpenMP threads

MPI task timing breakdown:
Section |  min time  |  avg time  |  max time  |%varavg| %total
---------------------------------------------------------------
Pair    | 0          | 0          | 0          |   0.0 |  0.00
Neigh   | 0          | 0          | 0          |   0.0 |  0.00
Comm    | 0          | 0          | 0          |   0.0 |  0.00
Output  | 0          | 0          | 0          |   0.0 |  0.00
Modify  | 0          | 0          | 0          |   0.0 |  0.00
Other   |            | 1.57e-06   |            |       |100.00

Nlocal:             18 ave          18 max          18 min
Histogram: 1 0 0 0 0 0 0 0 0 0
Nghost:           2204 ave        2204 max        2204 min
Histogram: 1 0 0 0 0 0 0 0 0 0
Neighs:              0 ave           0 max           0 min
Histogram: 1 0 0 0 0 0 0 0 0 0
FullNghs:         9054 ave        9054 max        9054 min
Histogram: 1 0 0 0 0 0 0 0 0 0

Total # of neighbors = 9054
Ave neighs/atom = 503
Neighbor list builds = 0
Dangerous builds = 0
set atom * x 0.0 y 0.0 z 0.0
Setting atom values ...
  18 settings made for x
  18 settings made for y
  18 settings made for z
change_box all     x final 0 2.5449259417790566 y final 0 11.498516441986743 z final 0 9.076179147458037      xy final 0.04884049795037459 xz final -1.2767375115952437 yz final -0.0851820236953094 units box
Changing box ...
  triclinic box = (0 0 0) to (2.5449259 11.514124 9.1336906) with tilt (-0.013270203 -1.1849089 0.044932876)
  triclinic box = (0 0 0) to (2.5449259 11.498516 9.1336906) with tilt (-0.013270203 -1.1849089 0.044932876)
  triclinic box = (0 0 0) to (2.5449259 11.498516 9.0761791) with tilt (-0.013270203 -1.1849089 0.044932876)
  triclinic box = (0 0 0) to (2.5449259 11.498516 9.0761791) with tilt (0.048840498 -1.1849089 0.044932876)
  triclinic box = (0 0 0) to (2.5449259 11.498516 9.0761791) with tilt (0.048840498 -1.2767375 0.044932876)
  triclinic box = (0 0 0) to (2.5449259 11.498516 9.0761791) with tilt (0.048840498 -1.2767375 -0.085182024)
echo none
run 0
WARNING: No fixes with time integration, atoms won't move (src/src/verlet.cpp:60)
Per MPI rank memory allocation (min/avg/max) = 3.881 | 3.881 | 3.881 Mbytes
    PotEng          Pxx           E_mol          E_coul    
-76.701708      607.53862      0              0            
Loop time of 1.487e-06 on 1 procs for 0 steps with 18 atoms

605.2% CPU use with 1 MPI tasks x 1 OpenMP threads

MPI task timing breakdown:
Section |  min time  |  avg time  |  max time  |%varavg| %total
---------------------------------------------------------------
Pair    | 0          | 0          | 0          |   0.0 |  0.00
Neigh   | 0          | 0          | 0          |   0.0 |  0.00
Comm    | 0          | 0          | 0          |   0.0 |  0.00
Output  | 0          | 0          | 0          |   0.0 |  0.00
Modify  | 0          | 0          | 0          |   0.0 |  0.00
Other   |            | 1.487e-06  |            |       |100.00

Nlocal:             18 ave          18 max          18 min
Histogram: 1 0 0 0 0 0 0 0 0 0
Nghost:           2278 ave        2278 max        2278 min
Histogram: 1 0 0 0 0 0 0 0 0 0
Neighs:              0 ave           0 max           0 min
Histogram: 1 0 0 0 0 0 0 0 0 0
FullNghs:         9136 ave        9136 max        9136 min
Histogram: 1 0 0 0 0 0 0 0 0 0

Total # of neighbors = 9136
Ave neighs/atom = 507.55556
Neighbor list builds = 0
Dangerous builds = 0
set atom * x 0.0 y 0.0 z 0.0
Setting atom values ...
  18 settings made for x
  18 settings made for y
  18 settings made for z
change_box all     x final 0 2.5449259417790593 y final 0 11.498516441986736 z final 0 9.076179147458035      xy final 0.04884049795037856 xz final -1.2767375115952446 yz final -0.08518202369529583 units box
Changing box ...
  triclinic box = (0 0 0) to (2.5449259 11.498516 9.0761791) with tilt (0.048840498 -1.2767375 -0.085182024)
  triclinic box = (0 0 0) to (2.5449259 11.498516 9.0761791) with tilt (0.048840498 -1.2767375 -0.085182024)
  triclinic box = (0 0 0) to (2.5449259 11.498516 9.0761791) with tilt (0.048840498 -1.2767375 -0.085182024)
  triclinic box = (0 0 0) to (2.5449259 11.498516 9.0761791) with tilt (0.048840498 -1.2767375 -0.085182024)
  triclinic box = (0 0 0) to (2.5449259 11.498516 9.0761791) with tilt (0.048840498 -1.2767375 -0.085182024)
  triclinic box = (0 0 0) to (2.5449259 11.498516 9.0761791) with tilt (0.048840498 -1.2767375 -0.085182024)
echo none
run 0
WARNING: No fixes with time integration, atoms won't move (src/src/verlet.cpp:60)
Per MPI rank memory allocation (min/avg/max) = 3.881 | 3.881 | 3.881 Mbytes
    PotEng          Pxx           E_mol          E_coul    
-76.701708      607.53862      0              0            
Loop time of 1.621e-06 on 1 procs for 0 steps with 18 atoms

555.2% CPU use with 1 MPI tasks x 1 OpenMP threads

MPI task timing breakdown:
Section |  min time  |  avg time  |  max time  |%varavg| %total
---------------------------------------------------------------
Pair    | 0          | 0          | 0          |   0.0 |  0.00
Neigh   | 0          | 0          | 0          |   0.0 |  0.00
Comm    | 0          | 0          | 0          |   0.0 |  0.00
Output  | 0          | 0          | 0          |   0.0 |  0.00
Modify  | 0          | 0          | 0          |   0.0 |  0.00
Other   |            | 1.621e-06  |            |       |100.00

Nlocal:             18 ave          18 max          18 min
Histogram: 1 0 0 0 0 0 0 0 0 0
Nghost:           2278 ave        2278 max        2278 min
Histogram: 1 0 0 0 0 0 0 0 0 0
Neighs:              0 ave           0 max           0 min
Histogram: 1 0 0 0 0 0 0 0 0 0
FullNghs:         9136 ave        9136 max        9136 min
Histogram: 1 0 0 0 0 0 0 0 0 0

Total # of neighbors = 9136
Ave neighs/atom = 507.55556
Neighbor list builds = 0
Dangerous builds = 0
set atom * x 0.0 y 0.0 z 0.0
Setting atom values ...
  18 settings made for x
  18 settings made for y
  18 settings made for z
change_box all     x final 0 2.544770984695786 y final 0 11.559874184890639 z final 0 9.149706699699129      xy final 0.044942776306417596 xz final -1.2696113016425374 yz final -0.09918862705452514 units box
Changing box ...
  triclinic box = (0 0 0) to (2.544771 11.498516 9.0761791) with tilt (0.048840498 -1.2767375 -0.085182024)
  triclinic box = (0 0 0) to (2.544771 11.559874 9.0761791) with tilt (0.048840498 -1.2767375 -0.085182024)
  triclinic box = (0 0 0) to (2.544771 11.559874 9.1497067) with tilt (0.048840498 -1.2767375 -0.085182024)
  triclinic box = (0 0 0) to (2.544771 11.559874 9.1497067) with tilt (0.044942776 -1.2767375 -0.085182024)
  triclinic box = (0 0 0) to (2.544771 11.559874 9.1497067) with tilt (0.044942776 -1.2696113 -0.085182024)
  triclinic box = (0 0 0) to (2.544771 11.559874 9.1497067) with tilt (0.044942776 -1.2696113 -0.099188627)
echo none
run 0
WARNING: No fixes with time integration, atoms won't move (src/src/verlet.cpp:60)
Per MPI rank memory allocation (min/avg/max) = 3.881 | 3.881 | 3.881 Mbytes
    PotEng          Pxx           E_mol          E_coul    
-76.70486       501.2748       0              0            
Loop time of 1.52e-06 on 1 procs for 0 steps with 18 atoms

526.3% CPU use with 1 MPI tasks x 1 OpenMP threads

MPI task timing breakdown:
Section |  min time  |  avg time  |  max time  |%varavg| %total
---------------------------------------------------------------
Pair    | 0          | 0          | 0          |   0.0 |  0.00
Neigh   | 0          | 0          | 0          |   0.0 |  0.00
Comm    | 0          | 0          | 0          |   0.0 |  0.00
Output  | 0          | 0          | 0          |   0.0 |  0.00
Modify  | 0          | 0          | 0          |   0.0 |  0.00
Other   |            | 1.52e-06   |            |       |100.00

Nlocal:             18 ave          18 max          18 min
Histogram: 1 0 0 0 0 0 0 0 0 0
Nghost:           2204 ave        2204 max        2204 min
Histogram: 1 0 0 0 0 0 0 0 0 0
Neighs:              0 ave           0 max           0 min
Histogram: 1 0 0 0 0 0 0 0 0 0
FullNghs:         8994 ave        8994 max        8994 min
Histogram: 1 0 0 0 0 0 0 0 0 0

Total # of neighbors = 8994
Ave neighs/atom = 499.66667
Neighbor list builds = 0
Dangerous builds = 0
set atom * x 0.0 y 0.0 z 0.0
Setting atom values ...
  18 settings made for x
  18 settings made for y
  18 settings made for z
change_box all     x final 0 2.544770984695786 y final 0 11.55987418489064 z final 0 9.149706699699133      xy final 0.04494277630642345 xz final -1.2696113016425337 yz final -0.09918862705452552 units box
Changing box ...
  triclinic box = (0 0 0) to (2.544771 11.559874 9.1497067) with tilt (0.044942776 -1.2696113 -0.099188627)
  triclinic box = (0 0 0) to (2.544771 11.559874 9.1497067) with tilt (0.044942776 -1.2696113 -0.099188627)
  triclinic box = (0 0 0) to (2.544771 11.559874 9.1497067) with tilt (0.044942776 -1.2696113 -0.099188627)
  triclinic box = (0 0 0) to (2.544771 11.559874 9.1497067) with tilt (0.044942776 -1.2696113 -0.099188627)
  triclinic box = (0 0 0) to (2.544771 11.559874 9.1497067) with tilt (0.044942776 -1.2696113 -0.099188627)
  triclinic box = (0 0 0) to (2.544771 11.559874 9.1497067) with tilt (0.044942776 -1.2696113 -0.099188627)
echo none
run 0
WARNING: No fixes with time integration, atoms won't move (src/src/verlet.cpp:60)
Per MPI rank memory allocation (min/avg/max) = 3.881 | 3.881 | 3.881 Mbytes
    PotEng          Pxx           E_mol          E_coul    
-76.70486       501.2748       0              0            
Loop time of 1.671e-06 on 1 procs for 0 steps with 18 atoms

957.5% CPU use with 1 MPI tasks x 1 OpenMP threads

MPI task timing breakdown:
Section |  min time  |  avg time  |  max time  |%varavg| %total
---------------------------------------------------------------
Pair    | 0          | 0          | 0          |   0.0 |  0.00
Neigh   | 0          | 0          | 0          |   0.0 |  0.00
Comm    | 0          | 0          | 0          |   0.0 |  0.00
Output  | 0          | 0          | 0          |   0.0 |  0.00
Modify  | 0          | 0          | 0          |   0.0 |  0.00
Other   |            | 1.671e-06  |            |       |100.00

Nlocal:             18 ave          18 max          18 min
Histogram: 1 0 0 0 0 0 0 0 0 0
Nghost:           2204 ave        2204 max        2204 min
Histogram: 1 0 0 0 0 0 0 0 0 0
Neighs:              0 ave           0 max           0 min
Histogram: 1 0 0 0 0 0 0 0 0 0
FullNghs:         8994 ave        8994 max        8994 min
Histogram: 1 0 0 0 0 0 0 0 0 0

Total # of neighbors = 8994
Ave neighs/atom = 499.66667
Neighbor list builds = 0
Dangerous builds = 0
set atom * x 0.0 y 0.0 z 0.0
Setting atom values ...
  18 settings made for x
  18 settings made for y
  18 settings made for z
change_box all     x final 0 2.5452921172017158 y final 0 11.533995346522119 z final 0 9.120383231901497      xy final 0.06680431224508451 xz final -1.301194424178442 yz final -0.13204314957206909 units box
Changing box ...
  triclinic box = (0 0 0) to (2.5452921 11.559874 9.1497067) with tilt (0.044942776 -1.2696113 -0.099188627)
  triclinic box = (0 0 0) to (2.5452921 11.533995 9.1497067) with tilt (0.044942776 -1.2696113 -0.099188627)
  triclinic box = (0 0 0) to (2.5452921 11.533995 9.1203832) with tilt (0.044942776 -1.2696113 -0.099188627)
  triclinic box = (0 0 0) to (2.5452921 11.533995 9.1203832) with tilt (0.066804312 -1.2696113 -0.099188627)
  triclinic box = (0 0 0) to (2.5452921 11.533995 9.1203832) with tilt (0.066804312 -1.3011944 -0.099188627)
  triclinic box = (0 0 0) to (2.5452921 11.533995 9.1203832) with tilt (0.066804312 -1.3011944 -0.13204315)
echo none
run 0
WARNING: No fixes with time integration, atoms won't move (src/src/verlet.cpp:60)
Per MPI rank memory allocation (min/avg/max) = 3.881 | 3.881 | 3.881 Mbytes
    PotEng          Pxx           E_mol          E_coul    
-76.705972      85.138477      0              0            
Loop time of 1.747e-06 on 1 procs for 0 steps with 18 atoms

973.1% CPU use with 1 MPI tasks x 1 OpenMP threads

MPI task timing breakdown:
Section |  min time  |  avg time  |  max time  |%varavg| %total
---------------------------------------------------------------
Pair    | 0          | 0          | 0          |   0.0 |  0.00
Neigh   | 0          | 0          | 0          |   0.0 |  0.00
Comm    | 0          | 0          | 0          |   0.0 |  0.00
Output  | 0          | 0          | 0          |   0.0 |  0.00
Modify  | 0          | 0          | 0          |   0.0 |  0.00
Other   |            | 1.747e-06  |            |       |100.00

Nlocal:             18 ave          18 max          18 min
Histogram: 1 0 0 0 0 0 0 0 0 0
Nghost:           2204 ave        2204 max        2204 min
Histogram: 1 0 0 0 0 0 0 0 0 0
Neighs:              0 ave           0 max           0 min
Histogram: 1 0 0 0 0 0 0 0 0 0
FullNghs:         9062 ave        9062 max        9062 min
Histogram: 1 0 0 0 0 0 0 0 0 0

Total # of neighbors = 9062
Ave neighs/atom = 503.44444
Neighbor list builds = 0
Dangerous builds = 0
set atom * x 0.0 y 0.0 z 0.0
Setting atom values ...
  18 settings made for x
  18 settings made for y
  18 settings made for z
change_box all     x final 0 2.5452921172017167 y final 0 11.533995346522119 z final 0 9.120383231901505      xy final 0.06680431224508711 xz final -1.3011944241784343 yz final -0.13204314957207078 units box
Changing box ...
  triclinic box = (0 0 0) to (2.5452921 11.533995 9.1203832) with tilt (0.066804312 -1.3011944 -0.13204315)
  triclinic box = (0 0 0) to (2.5452921 11.533995 9.1203832) with tilt (0.066804312 -1.3011944 -0.13204315)
  triclinic box = (0 0 0) to (2.5452921 11.533995 9.1203832) with tilt (0.066804312 -1.3011944 -0.13204315)
  triclinic box = (0 0 0) to (2.5452921 11.533995 9.1203832) with tilt (0.066804312 -1.3011944 -0.13204315)
  triclinic box = (0 0 0) to (2.5452921 11.533995 9.1203832) with tilt (0.066804312 -1.3011944 -0.13204315)
  triclinic box = (0 0 0) to (2.5452921 11.533995 9.1203832) with tilt (0.066804312 -1.3011944 -0.13204315)
echo none
run 0
WARNING: No fixes with time integration, atoms won't move (src/src/verlet.cpp:60)
Per MPI rank memory allocation (min/avg/max) = 3.881 | 3.881 | 3.881 Mbytes
    PotEng          Pxx           E_mol          E_coul    
-76.705972      85.138477      0              0            
Loop time of 1.924e-06 on 1 procs for 0 steps with 18 atoms

415.8% CPU use with 1 MPI tasks x 1 OpenMP threads

MPI task timing breakdown:
Section |  min time  |  avg time  |  max time  |%varavg| %total
---------------------------------------------------------------
Pair    | 0          | 0          | 0          |   0.0 |  0.00
Neigh   | 0          | 0          | 0          |   0.0 |  0.00
Comm    | 0          | 0          | 0          |   0.0 |  0.00
Output  | 0          | 0          | 0          |   0.0 |  0.00
Modify  | 0          | 0          | 0          |   0.0 |  0.00
Other   |            | 1.924e-06  |            |       |100.00

Nlocal:             18 ave          18 max          18 min
Histogram: 1 0 0 0 0 0 0 0 0 0
Nghost:           2204 ave        2204 max        2204 min
Histogram: 1 0 0 0 0 0 0 0 0 0
Neighs:              0 ave           0 max           0 min
Histogram: 1 0 0 0 0 0 0 0 0 0
FullNghs:         9062 ave        9062 max        9062 min
Histogram: 1 0 0 0 0 0 0 0 0 0

Total # of neighbors = 9062
Ave neighs/atom = 503.44444
Neighbor list builds = 0
Dangerous builds = 0
set atom * x 0.0 y 0.0 z 0.0
Setting atom values ...
  18 settings made for x
  18 settings made for y
  18 settings made for z
change_box all     x final 0 2.5453445364056124 y final 0 11.526242337178276 z final 0 9.123995763440131      xy final 0.060505746509176124 xz final -1.2930432807827617 yz final -0.11694823505987678 units box
Changing box ...
  triclinic box = (0 0 0) to (2.5453445 11.533995 9.1203832) with tilt (0.066804312 -1.3011944 -0.13204315)
  triclinic box = (0 0 0) to (2.5453445 11.526242 9.1203832) with tilt (0.066804312 -1.3011944 -0.13204315)
  triclinic box = (0 0 0) to (2.5453445 11.526242 9.1239958) with tilt (0.066804312 -1.3011944 -0.13204315)
  triclinic box = (0 0 0) to (2.5453445 11.526242 9.1239958) with tilt (0.060505747 -1.3011944 -0.13204315)
  triclinic box = (0 0 0) to (2.5453445 11.526242 9.1239958) with tilt (0.060505747 -1.2930433 -0.13204315)
  triclinic box = (0 0 0) to (2.5453445 11.526242 9.1239958) with tilt (0.060505747 -1.2930433 -0.11694824)
echo none
run 0
WARNING: No fixes with time integration, atoms won't move (src/src/verlet.cpp:60)
Per MPI rank memory allocation (min/avg/max) = 3.881 | 3.881 | 3.881 Mbytes
    PotEng          Pxx           E_mol          E_coul    
-76.706262     -0.32054158     0              0            
Loop time of 1.523e-06 on 1 procs for 0 steps with 18 atoms

853.6% CPU use with 1 MPI tasks x 1 OpenMP threads

MPI task timing breakdown:
Section |  min time  |  avg time  |  max time  |%varavg| %total
---------------------------------------------------------------
Pair    | 0          | 0          | 0          |   0.0 |  0.00
Neigh   | 0          | 0          | 0          |   0.0 |  0.00
Comm    | 0          | 0          | 0          |   0.0 |  0.00
Output  | 0          | 0          | 0          |   0.0 |  0.00
Modify  | 0          | 0          | 0          |   0.0 |  0.00
Other   |            | 1.523e-06  |            |       |100.00

Nlocal:             18 ave          18 max          18 min
Histogram: 1 0 0 0 0 0 0 0 0 0
Nghost:           2204 ave        2204 max        2204 min
Histogram: 1 0 0 0 0 0 0 0 0 0
Neighs:              0 ave           0 max           0 min
Histogram: 1 0 0 0 0 0 0 0 0 0
FullNghs:         9070 ave        9070 max        9070 min
Histogram: 1 0 0 0 0 0 0 0 0 0

Total # of neighbors = 9070
Ave neighs/atom = 503.88889
Neighbor list builds = 0
Dangerous builds = 0
set atom * x 0.0 y 0.0 z 0.0
Setting atom values ...
  18 settings made for x
  18 settings made for y
  18 settings made for z
change_box all     x final 0 2.5453445364056138 y final 0 11.526242337178276 z final 0 9.123995763440133      xy final 0.06050574650918085 xz final -1.2930432807827579 yz final -0.1169482350598717 units box
Changing box ...
  triclinic box = (0 0 0) to (2.5453445 11.526242 9.1239958) with tilt (0.060505747 -1.2930433 -0.11694824)
  triclinic box = (0 0 0) to (2.5453445 11.526242 9.1239958) with tilt (0.060505747 -1.2930433 -0.11694824)
  triclinic box = (0 0 0) to (2.5453445 11.526242 9.1239958) with tilt (0.060505747 -1.2930433 -0.11694824)
  triclinic box = (0 0 0) to (2.5453445 11.526242 9.1239958) with tilt (0.060505747 -1.2930433 -0.11694824)
  triclinic box = (0 0 0) to (2.5453445 11.526242 9.1239958) with tilt (0.060505747 -1.2930433 -0.11694824)
  triclinic box = (0 0 0) to (2.5453445 11.526242 9.1239958) with tilt (0.060505747 -1.2930433 -0.11694824)
echo none
run 0
WARNING: No fixes with time integration, atoms won't move (src/src/verlet.cpp:60)
Per MPI rank memory allocation (min/avg/max) = 3.881 | 3.881 | 3.881 Mbytes
    PotEng          Pxx           E_mol          E_coul    
-76.706262     -0.32054158     0              0            
Loop time of 1.814e-06 on 1 procs for 0 steps with 18 atoms

551.3% CPU use with 1 MPI tasks x 1 OpenMP threads

MPI task timing breakdown:
Section |  min time  |  avg time  |  max time  |%varavg| %total
---------------------------------------------------------------
Pair    | 0          | 0          | 0          |   0.0 |  0.00
Neigh   | 0          | 0          | 0          |   0.0 |  0.00
Comm    | 0          | 0          | 0          |   0.0 |  0.00
Output  | 0          | 0          | 0          |   0.0 |  0.00
Modify  | 0          | 0          | 0          |   0.0 |  0.00
Other   |            | 1.814e-06  |            |       |100.00

Nlocal:             18 ave          18 max          18 min
Histogram: 1 0 0 0 0 0 0 0 0 0
Nghost:           2204 ave        2204 max        2204 min
Histogram: 1 0 0 0 0 0 0 0 0 0
Neighs:              0 ave           0 max           0 min
Histogram: 1 0 0 0 0 0 0 0 0 0
FullNghs:         9070 ave        9070 max        9070 min
Histogram: 1 0 0 0 0 0 0 0 0 0

Total # of neighbors = 9070
Ave neighs/atom = 503.88889
Neighbor list builds = 0
Dangerous builds = 0
set atom * x 0.0 y 0.0 z 0.0
Setting atom values ...
  18 settings made for x
  18 settings made for y
  18 settings made for z
change_box all     x final 0 2.545387004345959 y final 0 11.508965170560234 z final 0 9.120603829935648      xy final 0.05449334113876851 xz final -1.2871239245571633 yz final -0.10420600214049033 units box
Changing box ...
  triclinic box = (0 0 0) to (2.545387 11.526242 9.1239958) with tilt (0.060505747 -1.2930433 -0.11694824)
  triclinic box = (0 0 0) to (2.545387 11.508965 9.1239958) with tilt (0.060505747 -1.2930433 -0.11694824)
  triclinic box = (0 0 0) to (2.545387 11.508965 9.1206038) with tilt (0.060505747 -1.2930433 -0.11694824)
  triclinic box = (0 0 0) to (2.545387 11.508965 9.1206038) with tilt (0.054493341 -1.2930433 -0.11694824)
  triclinic box = (0 0 0) to (2.545387 11.508965 9.1206038) with tilt (0.054493341 -1.2871239 -0.11694824)
  triclinic box = (0 0 0) to (2.545387 11.508965 9.1206038) with tilt (0.054493341 -1.2871239 -0.104206)
echo none
run 0
Per MPI rank memory allocation (min/avg/max) = 3.881 | 3.881 | 3.881 Mbytes
    PotEng          Pxx           E_mol          E_coul    
WARNING: Too many warnings: 101 vs 100. All future warnings will be suppressed (src/src/thermo.cpp:472)
-76.706552     -65.747708      0              0            
Loop time of 1.578e-06 on 1 procs for 0 steps with 18 atoms

887.2% CPU use with 1 MPI tasks x 1 OpenMP threads

MPI task timing breakdown:
Section |  min time  |  avg time  |  max time  |%varavg| %total
---------------------------------------------------------------
Pair    | 0          | 0          | 0          |   0.0 |  0.00
Neigh   | 0          | 0          | 0          |   0.0 |  0.00
Comm    | 0          | 0          | 0          |   0.0 |  0.00
Output  | 0          | 0          | 0          |   0.0 |  0.00
Modify  | 0          | 0          | 0          |   0.0 |  0.00
Other   |            | 1.578e-06  |            |       |100.00

Nlocal:             18 ave          18 max          18 min
Histogram: 1 0 0 0 0 0 0 0 0 0
Nghost:           2278 ave        2278 max        2278 min
Histogram: 1 0 0 0 0 0 0 0 0 0
Neighs:              0 ave           0 max           0 min
Histogram: 1 0 0 0 0 0 0 0 0 0
FullNghs:         9092 ave        9092 max        9092 min
Histogram: 1 0 0 0 0 0 0 0 0 0

Total # of neighbors = 9092
Ave neighs/atom = 505.11111
Neighbor list builds = 0
Dangerous builds = 0
set atom * x 0.0 y 0.0 z 0.0
Setting atom values ...
  18 settings made for x
  18 settings made for y
  18 settings made for z
change_box all     x final 0 2.5454288834997154 y final 0 11.492271265879726 z final 0 9.117312521701306      xy final 0.04869799228358435 xz final -1.2814044297742275 yz final -0.09187851487538769 units box
Changing box ...
  triclinic box = (0 0 0) to (2.5454289 11.508965 9.1206038) with tilt (0.054493341 -1.2871239 -0.104206)
  triclinic box = (0 0 0) to (2.5454289 11.492271 9.1206038) with tilt (0.054493341 -1.2871239 -0.104206)
  triclinic box = (0 0 0) to (2.5454289 11.492271 9.1173125) with tilt (0.054493341 -1.2871239 -0.104206)
  triclinic box = (0 0 0) to (2.5454289 11.492271 9.1173125) with tilt (0.048697992 -1.2871239 -0.104206)
  triclinic box = (0 0 0) to (2.5454289 11.492271 9.1173125) with tilt (0.048697992 -1.2814044 -0.104206)
  triclinic box = (0 0 0) to (2.5454289 11.492271 9.1173125) with tilt (0.048697992 -1.2814044 -0.091878515)
echo none
run 0
Per MPI rank memory allocation (min/avg/max) = 3.881 | 3.881 | 3.881 Mbytes
    PotEng          Pxx           E_mol          E_coul    
-76.706644     -128.28621      0              0            
Loop time of 1.285e-06 on 1 procs for 0 steps with 18 atoms

700.4% CPU use with 1 MPI tasks x 1 OpenMP threads

MPI task timing breakdown:
Section |  min time  |  avg time  |  max time  |%varavg| %total
---------------------------------------------------------------
Pair    | 0          | 0          | 0          |   0.0 |  0.00
Neigh   | 0          | 0          | 0          |   0.0 |  0.00
Comm    | 0          | 0          | 0          |   0.0 |  0.00
Output  | 0          | 0          | 0          |   0.0 |  0.00
Modify  | 0          | 0          | 0          |   0.0 |  0.00
Other   |            | 1.285e-06  |            |       |100.00

Nlocal:             18 ave          18 max          18 min
Histogram: 1 0 0 0 0 0 0 0 0 0
Nghost:           2278 ave        2278 max        2278 min
Histogram: 1 0 0 0 0 0 0 0 0 0
Neighs:              0 ave           0 max           0 min
Histogram: 1 0 0 0 0 0 0 0 0 0
FullNghs:         9120 ave        9120 max        9120 min
Histogram: 1 0 0 0 0 0 0 0 0 0

Total # of neighbors = 9120
Ave neighs/atom = 506.66667
Neighbor list builds = 0
Dangerous builds = 0
set atom * x 0.0 y 0.0 z 0.0
Setting atom values ...
  18 settings made for x
  18 settings made for y
  18 settings made for z
change_box all     x final 0 2.5454288834997167 y final 0 11.492271265879726 z final 0 9.117312521701312      xy final 0.0486979922835878 xz final -1.2814044297742286 yz final -0.09187851487538698 units box
Changing box ...
  triclinic box = (0 0 0) to (2.5454289 11.492271 9.1173125) with tilt (0.048697992 -1.2814044 -0.091878515)
  triclinic box = (0 0 0) to (2.5454289 11.492271 9.1173125) with tilt (0.048697992 -1.2814044 -0.091878515)
  triclinic box = (0 0 0) to (2.5454289 11.492271 9.1173125) with tilt (0.048697992 -1.2814044 -0.091878515)
  triclinic box = (0 0 0) to (2.5454289 11.492271 9.1173125) with tilt (0.048697992 -1.2814044 -0.091878515)
  triclinic box = (0 0 0) to (2.5454289 11.492271 9.1173125) with tilt (0.048697992 -1.2814044 -0.091878515)
  triclinic box = (0 0 0) to (2.5454289 11.492271 9.1173125) with tilt (0.048697992 -1.2814044 -0.091878515)
echo none
run 0
Per MPI rank memory allocation (min/avg/max) = 3.881 | 3.881 | 3.881 Mbytes
    PotEng          Pxx           E_mol          E_coul    
-76.706644     -128.28621      0              0            
Loop time of 1.391e-06 on 1 procs for 0 steps with 18 atoms

431.3% CPU use with 1 MPI tasks x 1 OpenMP threads

MPI task timing breakdown:
Section |  min time  |  avg time  |  max time  |%varavg| %total
---------------------------------------------------------------
Pair    | 0          | 0          | 0          |   0.0 |  0.00
Neigh   | 0          | 0          | 0          |   0.0 |  0.00
Comm    | 0          | 0          | 0          |   0.0 |  0.00
Output  | 0          | 0          | 0          |   0.0 |  0.00
Modify  | 0          | 0          | 0          |   0.0 |  0.00
Other   |            | 1.391e-06  |            |       |100.00

Nlocal:             18 ave          18 max          18 min
Histogram: 1 0 0 0 0 0 0 0 0 0
Nghost:           2278 ave        2278 max        2278 min
Histogram: 1 0 0 0 0 0 0 0 0 0
Neighs:              0 ave           0 max           0 min
Histogram: 1 0 0 0 0 0 0 0 0 0
FullNghs:         9120 ave        9120 max        9120 min
Histogram: 1 0 0 0 0 0 0 0 0 0

Total # of neighbors = 9120
Ave neighs/atom = 506.66667
Neighbor list builds = 0
Dangerous builds = 0
set atom * x 0.0 y 0.0 z 0.0
Setting atom values ...
  18 settings made for x
  18 settings made for y
  18 settings made for z
change_box all     x final 0 2.545420446824194 y final 0 11.48728078433599 z final 0 9.115650026619663      xy final 0.04977953289381831 xz final -1.2846446651284664 yz final -0.09831060958234944 units box
Changing box ...
  triclinic box = (0 0 0) to (2.5454204 11.492271 9.1173125) with tilt (0.048697992 -1.2814044 -0.091878515)
  triclinic box = (0 0 0) to (2.5454204 11.487281 9.1173125) with tilt (0.048697992 -1.2814044 -0.091878515)
  triclinic box = (0 0 0) to (2.5454204 11.487281 9.11565) with tilt (0.048697992 -1.2814044 -0.091878515)
  triclinic box = (0 0 0) to (2.5454204 11.487281 9.11565) with tilt (0.049779533 -1.2814044 -0.091878515)
  triclinic box = (0 0 0) to (2.5454204 11.487281 9.11565) with tilt (0.049779533 -1.2846447 -0.091878515)
  triclinic box = (0 0 0) to (2.5454204 11.487281 9.11565) with tilt (0.049779533 -1.2846447 -0.09831061)
echo none
run 0
Per MPI rank memory allocation (min/avg/max) = 3.881 | 3.881 | 3.881 Mbytes
    PotEng          Pxx           E_mol          E_coul    
-76.706896     -111.09575      0              0            
Loop time of 1.24e-06 on 1 procs for 0 steps with 18 atoms

1048.4% CPU use with 1 MPI tasks x 1 OpenMP threads

MPI task timing breakdown:
Section |  min time  |  avg time  |  max time  |%varavg| %total
---------------------------------------------------------------
Pair    | 0          | 0          | 0          |   0.0 |  0.00
Neigh   | 0          | 0          | 0          |   0.0 |  0.00
Comm    | 0          | 0          | 0          |   0.0 |  0.00
Output  | 0          | 0          | 0          |   0.0 |  0.00
Modify  | 0          | 0          | 0          |   0.0 |  0.00
Other   |            | 1.24e-06   |            |       |100.00

Nlocal:             18 ave          18 max          18 min
Histogram: 1 0 0 0 0 0 0 0 0 0
Nghost:           2278 ave        2278 max        2278 min
Histogram: 1 0 0 0 0 0 0 0 0 0
Neighs:              0 ave           0 max           0 min
Histogram: 1 0 0 0 0 0 0 0 0 0
FullNghs:         9126 ave        9126 max        9126 min
Histogram: 1 0 0 0 0 0 0 0 0 0

Total # of neighbors = 9126
Ave neighs/atom = 507
Neighbor list builds = 0
Dangerous builds = 0
set atom * x 0.0 y 0.0 z 0.0
Setting atom values ...
  18 settings made for x
  18 settings made for y
  18 settings made for z
change_box all     x final 0 2.545388556857349 y final 0 11.467601752897732 z final 0 9.109053909118451      xy final 0.054072025828907216 xz final -1.2974496766783918 yz final -0.12371155145131864 units box
Changing box ...
  triclinic box = (0 0 0) to (2.5453886 11.487281 9.11565) with tilt (0.049779533 -1.2846447 -0.09831061)
  triclinic box = (0 0 0) to (2.5453886 11.467602 9.11565) with tilt (0.049779533 -1.2846447 -0.09831061)
  triclinic box = (0 0 0) to (2.5453886 11.467602 9.1090539) with tilt (0.049779533 -1.2846447 -0.09831061)
  triclinic box = (0 0 0) to (2.5453886 11.467602 9.1090539) with tilt (0.054072026 -1.2846447 -0.09831061)
  triclinic box = (0 0 0) to (2.5453886 11.467602 9.1090539) with tilt (0.054072026 -1.2974497 -0.09831061)
  triclinic box = (0 0 0) to (2.5453886 11.467602 9.1090539) with tilt (0.054072026 -1.2974497 -0.12371155)
echo none
run 0
Per MPI rank memory allocation (min/avg/max) = 3.881 | 3.881 | 3.881 Mbytes
    PotEng          Pxx           E_mol          E_coul    
-76.707339     -37.074793      0              0            
Loop time of 1.491e-06 on 1 procs for 0 steps with 18 atoms

737.8% CPU use with 1 MPI tasks x 1 OpenMP threads

MPI task timing breakdown:
Section |  min time  |  avg time  |  max time  |%varavg| %total
---------------------------------------------------------------
Pair    | 0          | 0          | 0          |   0.0 |  0.00
Neigh   | 0          | 0          | 0          |   0.0 |  0.00
Comm    | 0          | 0          | 0          |   0.0 |  0.00
Output  | 0          | 0          | 0          |   0.0 |  0.00
Modify  | 0          | 0          | 0          |   0.0 |  0.00
Other   |            | 1.491e-06  |            |       |100.00

Nlocal:             18 ave          18 max          18 min
Histogram: 1 0 0 0 0 0 0 0 0 0
Nghost:           2311 ave        2311 max        2311 min
Histogram: 1 0 0 0 0 0 0 0 0 0
Neighs:              0 ave           0 max           0 min
Histogram: 1 0 0 0 0 0 0 0 0 0
FullNghs:         9148 ave        9148 max        9148 min
Histogram: 1 0 0 0 0 0 0 0 0 0

Total # of neighbors = 9148
Ave neighs/atom = 508.22222
Neighbor list builds = 0
Dangerous builds = 0
set atom * x 0.0 y 0.0 z 0.0
Setting atom values ...
  18 settings made for x
  18 settings made for y
  18 settings made for z
change_box all     x final 0 2.545388556857351 y final 0 11.46760175289773 z final 0 9.10905390911845      xy final 0.05407202582891098 xz final -1.297449676678387 yz final -0.12371155145131212 units box
Changing box ...
  triclinic box = (0 0 0) to (2.5453886 11.467602 9.1090539) with tilt (0.054072026 -1.2974497 -0.12371155)
  triclinic box = (0 0 0) to (2.5453886 11.467602 9.1090539) with tilt (0.054072026 -1.2974497 -0.12371155)
  triclinic box = (0 0 0) to (2.5453886 11.467602 9.1090539) with tilt (0.054072026 -1.2974497 -0.12371155)
  triclinic box = (0 0 0) to (2.5453886 11.467602 9.1090539) with tilt (0.054072026 -1.2974497 -0.12371155)
  triclinic box = (0 0 0) to (2.5453886 11.467602 9.1090539) with tilt (0.054072026 -1.2974497 -0.12371155)
  triclinic box = (0 0 0) to (2.5453886 11.467602 9.1090539) with tilt (0.054072026 -1.2974497 -0.12371155)
echo none
run 0
Per MPI rank memory allocation (min/avg/max) = 3.881 | 3.881 | 3.881 Mbytes
    PotEng          Pxx           E_mol          E_coul    
-76.707339     -37.074793      0              0            
Loop time of 1.457e-06 on 1 procs for 0 steps with 18 atoms

686.3% CPU use with 1 MPI tasks x 1 OpenMP threads

MPI task timing breakdown:
Section |  min time  |  avg time  |  max time  |%varavg| %total
---------------------------------------------------------------
Pair    | 0          | 0          | 0          |   0.0 |  0.00
Neigh   | 0          | 0          | 0          |   0.0 |  0.00
Comm    | 0          | 0          | 0          |   0.0 |  0.00
Output  | 0          | 0          | 0          |   0.0 |  0.00
Modify  | 0          | 0          | 0          |   0.0 |  0.00
Other   |            | 1.457e-06  |            |       |100.00

Nlocal:             18 ave          18 max          18 min
Histogram: 1 0 0 0 0 0 0 0 0 0
Nghost:           2311 ave        2311 max        2311 min
Histogram: 1 0 0 0 0 0 0 0 0 0
Neighs:              0 ave           0 max           0 min
Histogram: 1 0 0 0 0 0 0 0 0 0
FullNghs:         9148 ave        9148 max        9148 min
Histogram: 1 0 0 0 0 0 0 0 0 0

Total # of neighbors = 9148
Ave neighs/atom = 508.22222
Neighbor list builds = 0
Dangerous builds = 0
set atom * x 0.0 y 0.0 z 0.0
Setting atom values ...
  18 settings made for x
  18 settings made for y
  18 settings made for z
change_box all     x final 0 2.5453498519084232 y final 0 11.467804720072012 z final 0 9.114125695113382      xy final 0.056076666465956035 xz final -1.300125857118544 yz final -0.1308345182962419 units box
Changing box ...
  triclinic box = (0 0 0) to (2.5453499 11.467602 9.1090539) with tilt (0.054072026 -1.2974497 -0.12371155)
  triclinic box = (0 0 0) to (2.5453499 11.467805 9.1090539) with tilt (0.054072026 -1.2974497 -0.12371155)
  triclinic box = (0 0 0) to (2.5453499 11.467805 9.1141257) with tilt (0.054072026 -1.2974497 -0.12371155)
  triclinic box = (0 0 0) to (2.5453499 11.467805 9.1141257) with tilt (0.056076666 -1.2974497 -0.12371155)
  triclinic box = (0 0 0) to (2.5453499 11.467805 9.1141257) with tilt (0.056076666 -1.3001259 -0.12371155)
  triclinic box = (0 0 0) to (2.5453499 11.467805 9.1141257) with tilt (0.056076666 -1.3001259 -0.13083452)
echo none
run 0
Per MPI rank memory allocation (min/avg/max) = 3.881 | 3.881 | 3.881 Mbytes
    PotEng          Pxx           E_mol          E_coul    
-76.707525     -11.313137      0              0            
Loop time of 1.298e-06 on 1 procs for 0 steps with 18 atoms

385.2% CPU use with 1 MPI tasks x 1 OpenMP threads

MPI task timing breakdown:
Section |  min time  |  avg time  |  max time  |%varavg| %total
---------------------------------------------------------------
Pair    | 0          | 0          | 0          |   0.0 |  0.00
Neigh   | 0          | 0          | 0          |   0.0 |  0.00
Comm    | 0          | 0          | 0          |   0.0 |  0.00
Output  | 0          | 0          | 0          |   0.0 |  0.00
Modify  | 0          | 0          | 0          |   0.0 |  0.00
Other   |            | 1.298e-06  |            |       |100.00

Nlocal:             18 ave          18 max          18 min
Histogram: 1 0 0 0 0 0 0 0 0 0
Nghost:           2311 ave        2311 max        2311 min
Histogram: 1 0 0 0 0 0 0 0 0 0
Neighs:              0 ave           0 max           0 min
Histogram: 1 0 0 0 0 0 0 0 0 0
FullNghs:         9150 ave        9150 max        9150 min
Histogram: 1 0 0 0 0 0 0 0 0 0

Total # of neighbors = 9150
Ave neighs/atom = 508.33333
Neighbor list builds = 0
Dangerous builds = 0
set atom * x 0.0 y 0.0 z 0.0
Setting atom values ...
  18 settings made for x
  18 settings made for y
  18 settings made for z
change_box all     x final 0 2.545217215896976 y final 0 11.468532465266202 z final 0 9.131650920719649      xy final 0.0630257172964241 xz final -1.309407901468675 yz final -0.15551041469284435 units box
Changing box ...
  triclinic box = (0 0 0) to (2.5452172 11.467805 9.1141257) with tilt (0.056076666 -1.3001259 -0.13083452)
  triclinic box = (0 0 0) to (2.5452172 11.468532 9.1141257) with tilt (0.056076666 -1.3001259 -0.13083452)
  triclinic box = (0 0 0) to (2.5452172 11.468532 9.1316509) with tilt (0.056076666 -1.3001259 -0.13083452)
  triclinic box = (0 0 0) to (2.5452172 11.468532 9.1316509) with tilt (0.063025717 -1.3001259 -0.13083452)
  triclinic box = (0 0 0) to (2.5452172 11.468532 9.1316509) with tilt (0.063025717 -1.3094079 -0.13083452)
  triclinic box = (0 0 0) to (2.5452172 11.468532 9.1316509) with tilt (0.063025717 -1.3094079 -0.15551041)
echo none
run 0
Per MPI rank memory allocation (min/avg/max) = 3.881 | 3.881 | 3.881 Mbytes
    PotEng          Pxx           E_mol          E_coul    
-76.707805      78.013796      0              0            
Loop time of 1.74e-06 on 1 procs for 0 steps with 18 atoms

747.1% CPU use with 1 MPI tasks x 1 OpenMP threads

MPI task timing breakdown:
Section |  min time  |  avg time  |  max time  |%varavg| %total
---------------------------------------------------------------
Pair    | 0          | 0          | 0          |   0.0 |  0.00
Neigh   | 0          | 0          | 0          |   0.0 |  0.00
Comm    | 0          | 0          | 0          |   0.0 |  0.00
Output  | 0          | 0          | 0          |   0.0 |  0.00
Modify  | 0          | 0          | 0          |   0.0 |  0.00
Other   |            | 1.74e-06   |            |       |100.00

Nlocal:             18 ave          18 max          18 min
Histogram: 1 0 0 0 0 0 0 0 0 0
Nghost:           2311 ave        2311 max        2311 min
Histogram: 1 0 0 0 0 0 0 0 0 0
Neighs:              0 ave           0 max           0 min
Histogram: 1 0 0 0 0 0 0 0 0 0
FullNghs:         9132 ave        9132 max        9132 min
Histogram: 1 0 0 0 0 0 0 0 0 0

Total # of neighbors = 9132
Ave neighs/atom = 507.33333
Neighbor list builds = 0
Dangerous builds = 0
set atom * x 0.0 y 0.0 z 0.0
Setting atom values ...
  18 settings made for x
  18 settings made for y
  18 settings made for z
change_box all     x final 0 2.5452172158969772 y final 0 11.4685324652662 z final 0 9.131650920719643      xy final 0.06302571729642584 xz final -1.3094079014686713 yz final -0.15551041469283808 units box
Changing box ...
  triclinic box = (0 0 0) to (2.5452172 11.468532 9.1316509) with tilt (0.063025717 -1.3094079 -0.15551041)
  triclinic box = (0 0 0) to (2.5452172 11.468532 9.1316509) with tilt (0.063025717 -1.3094079 -0.15551041)
  triclinic box = (0 0 0) to (2.5452172 11.468532 9.1316509) with tilt (0.063025717 -1.3094079 -0.15551041)
  triclinic box = (0 0 0) to (2.5452172 11.468532 9.1316509) with tilt (0.063025717 -1.3094079 -0.15551041)
  triclinic box = (0 0 0) to (2.5452172 11.468532 9.1316509) with tilt (0.063025717 -1.3094079 -0.15551041)
  triclinic box = (0 0 0) to (2.5452172 11.468532 9.1316509) with tilt (0.063025717 -1.3094079 -0.15551041)
echo none
run 0
Per MPI rank memory allocation (min/avg/max) = 3.881 | 3.881 | 3.881 Mbytes
    PotEng          Pxx           E_mol          E_coul    
-76.707805      78.013796      0              0            
Loop time of 1.481e-06 on 1 procs for 0 steps with 18 atoms

472.7% CPU use with 1 MPI tasks x 1 OpenMP threads

MPI task timing breakdown:
Section |  min time  |  avg time  |  max time  |%varavg| %total
---------------------------------------------------------------
Pair    | 0          | 0          | 0          |   0.0 |  0.00
Neigh   | 0          | 0          | 0          |   0.0 |  0.00
Comm    | 0          | 0          | 0          |   0.0 |  0.00
Output  | 0          | 0          | 0          |   0.0 |  0.00
Modify  | 0          | 0          | 0          |   0.0 |  0.00
Other   |            | 1.481e-06  |            |       |100.00

Nlocal:             18 ave          18 max          18 min
Histogram: 1 0 0 0 0 0 0 0 0 0
Nghost:           2311 ave        2311 max        2311 min
Histogram: 1 0 0 0 0 0 0 0 0 0
Neighs:              0 ave           0 max           0 min
Histogram: 1 0 0 0 0 0 0 0 0 0
FullNghs:         9132 ave        9132 max        9132 min
Histogram: 1 0 0 0 0 0 0 0 0 0

Total # of neighbors = 9132
Ave neighs/atom = 507.33333
Neighbor list builds = 0
Dangerous builds = 0
set atom * x 0.0 y 0.0 z 0.0
Setting atom values ...
  18 settings made for x
  18 settings made for y
  18 settings made for z
change_box all     x final 0 2.5452475683543434 y final 0 11.46211891835674 z final 0 9.136158710624697      xy final 0.06272385564778815 xz final -1.310717654155566 yz final -0.16128969516761646 units box
Changing box ...
  triclinic box = (0 0 0) to (2.5452476 11.468532 9.1316509) with tilt (0.063025717 -1.3094079 -0.15551041)
  triclinic box = (0 0 0) to (2.5452476 11.462119 9.1316509) with tilt (0.063025717 -1.3094079 -0.15551041)
  triclinic box = (0 0 0) to (2.5452476 11.462119 9.1361587) with tilt (0.063025717 -1.3094079 -0.15551041)
  triclinic box = (0 0 0) to (2.5452476 11.462119 9.1361587) with tilt (0.062723856 -1.3094079 -0.15551041)
  triclinic box = (0 0 0) to (2.5452476 11.462119 9.1361587) with tilt (0.062723856 -1.3107177 -0.15551041)
  triclinic box = (0 0 0) to (2.5452476 11.462119 9.1361587) with tilt (0.062723856 -1.3107177 -0.1612897)
echo none
run 0
Per MPI rank memory allocation (min/avg/max) = 3.881 | 3.881 | 3.881 Mbytes
    PotEng          Pxx           E_mol          E_coul    
-76.708103      54.505111      0              0            
Loop time of 1.254e-06 on 1 procs for 0 steps with 18 atoms

877.2% CPU use with 1 MPI tasks x 1 OpenMP threads

MPI task timing breakdown:
Section |  min time  |  avg time  |  max time  |%varavg| %total
---------------------------------------------------------------
Pair    | 0          | 0          | 0          |   0.0 |  0.00
Neigh   | 0          | 0          | 0          |   0.0 |  0.00
Comm    | 0          | 0          | 0          |   0.0 |  0.00
Output  | 0          | 0          | 0          |   0.0 |  0.00
Modify  | 0          | 0          | 0          |   0.0 |  0.00
Other   |            | 1.254e-06  |            |       |100.00

Nlocal:             18 ave          18 max          18 min
Histogram: 1 0 0 0 0 0 0 0 0 0
Nghost:           2311 ave        2311 max        2311 min
Histogram: 1 0 0 0 0 0 0 0 0 0
Neighs:              0 ave           0 max           0 min
Histogram: 1 0 0 0 0 0 0 0 0 0
FullNghs:         9132 ave        9132 max        9132 min
Histogram: 1 0 0 0 0 0 0 0 0 0

Total # of neighbors = 9132
Ave neighs/atom = 507.33333
Neighbor list builds = 0
Dangerous builds = 0
set atom * x 0.0 y 0.0 z 0.0
Setting atom values ...
  18 settings made for x
  18 settings made for y
  18 settings made for z
change_box all     x final 0 2.5453692678682636 y final 0 11.436527153016678 z final 0 9.15418983259044      xy final 0.061530437333460294 xz final -1.315969427405877 yz final -0.18447359886854306 units box
Changing box ...
  triclinic box = (0 0 0) to (2.5453693 11.462119 9.1361587) with tilt (0.062723856 -1.3107177 -0.1612897)
  triclinic box = (0 0 0) to (2.5453693 11.436527 9.1361587) with tilt (0.062723856 -1.3107177 -0.1612897)
  triclinic box = (0 0 0) to (2.5453693 11.436527 9.1541898) with tilt (0.062723856 -1.3107177 -0.1612897)
  triclinic box = (0 0 0) to (2.5453693 11.436527 9.1541898) with tilt (0.061530437 -1.3107177 -0.1612897)
  triclinic box = (0 0 0) to (2.5453693 11.436527 9.1541898) with tilt (0.061530437 -1.3159694 -0.1612897)
  triclinic box = (0 0 0) to (2.5453693 11.436527 9.1541898) with tilt (0.061530437 -1.3159694 -0.1844736)
echo none
run 0
Per MPI rank memory allocation (min/avg/max) = 3.881 | 3.881 | 3.881 Mbytes
    PotEng          Pxx           E_mol          E_coul    
-76.70911      -40.931851      0              0            
Loop time of 1.188e-06 on 1 procs for 0 steps with 18 atoms

841.8% CPU use with 1 MPI tasks x 1 OpenMP threads

MPI task timing breakdown:
Section |  min time  |  avg time  |  max time  |%varavg| %total
---------------------------------------------------------------
Pair    | 0          | 0          | 0          |   0.0 |  0.00
Neigh   | 0          | 0          | 0          |   0.0 |  0.00
Comm    | 0          | 0          | 0          |   0.0 |  0.00
Output  | 0          | 0          | 0          |   0.0 |  0.00
Modify  | 0          | 0          | 0          |   0.0 |  0.00
Other   |            | 1.188e-06  |            |       |100.00

Nlocal:             18 ave          18 max          18 min
Histogram: 1 0 0 0 0 0 0 0 0 0
Nghost:           2311 ave        2311 max        2311 min
Histogram: 1 0 0 0 0 0 0 0 0 0
Neighs:              0 ave           0 max           0 min
Histogram: 1 0 0 0 0 0 0 0 0 0
FullNghs:         9144 ave        9144 max        9144 min
Histogram: 1 0 0 0 0 0 0 0 0 0

Total # of neighbors = 9144
Ave neighs/atom = 508
Neighbor list builds = 0
Dangerous builds = 0
set atom * x 0.0 y 0.0 z 0.0
Setting atom values ...
  18 settings made for x
  18 settings made for y
  18 settings made for z
change_box all     x final 0 2.545743321484897 y final 0 11.359090291667728 z final 0 9.209179321014153      xy final 0.05802900248903492 xz final -1.3321142058283142 yz final -0.25584876118858546 units box
Changing box ...
  triclinic box = (0 0 0) to (2.5457433 11.436527 9.1541898) with tilt (0.061530437 -1.3159694 -0.1844736)
  triclinic box = (0 0 0) to (2.5457433 11.35909 9.1541898) with tilt (0.061530437 -1.3159694 -0.1844736)
  triclinic box = (0 0 0) to (2.5457433 11.35909 9.2091793) with tilt (0.061530437 -1.3159694 -0.1844736)
  triclinic box = (0 0 0) to (2.5457433 11.35909 9.2091793) with tilt (0.058029002 -1.3159694 -0.1844736)
  triclinic box = (0 0 0) to (2.5457433 11.35909 9.2091793) with tilt (0.058029002 -1.3321142 -0.1844736)
  triclinic box = (0 0 0) to (2.5457433 11.35909 9.2091793) with tilt (0.058029002 -1.3321142 -0.25584876)
echo none
run 0
Per MPI rank memory allocation (min/avg/max) = 3.881 | 3.881 | 3.881 Mbytes
    PotEng          Pxx           E_mol          E_coul    
-76.710436     -346.59669      0              0            
Loop time of 1.648e-06 on 1 procs for 0 steps with 18 atoms

788.8% CPU use with 1 MPI tasks x 1 OpenMP threads

MPI task timing breakdown:
Section |  min time  |  avg time  |  max time  |%varavg| %total
---------------------------------------------------------------
Pair    | 0          | 0          | 0          |   0.0 |  0.00
Neigh   | 0          | 0          | 0          |   0.0 |  0.00
Comm    | 0          | 0          | 0          |   0.0 |  0.00
Output  | 0          | 0          | 0          |   0.0 |  0.00
Modify  | 0          | 0          | 0          |   0.0 |  0.00
Other   |            | 1.648e-06  |            |       |100.00

Nlocal:             18 ave          18 max          18 min
Histogram: 1 0 0 0 0 0 0 0 0 0
Nghost:           2344 ave        2344 max        2344 min
Histogram: 1 0 0 0 0 0 0 0 0 0
Neighs:              0 ave           0 max           0 min
Histogram: 1 0 0 0 0 0 0 0 0 0
FullNghs:         9176 ave        9176 max        9176 min
Histogram: 1 0 0 0 0 0 0 0 0 0

Total # of neighbors = 9176
Ave neighs/atom = 509.77778
Neighbor list builds = 0
Dangerous builds = 0
set atom * x 0.0 y 0.0 z 0.0
Setting atom values ...
  18 settings made for x
  18 settings made for y
  18 settings made for z
change_box all     x final 0 2.5457433214848963 y final 0 11.359090291667735 z final 0 9.209179321014153      xy final 0.05802900248903532 xz final -1.3321142058283182 yz final -0.25584876118859196 units box
Changing box ...
  triclinic box = (0 0 0) to (2.5457433 11.35909 9.2091793) with tilt (0.058029002 -1.3321142 -0.25584876)
  triclinic box = (0 0 0) to (2.5457433 11.35909 9.2091793) with tilt (0.058029002 -1.3321142 -0.25584876)
  triclinic box = (0 0 0) to (2.5457433 11.35909 9.2091793) with tilt (0.058029002 -1.3321142 -0.25584876)
  triclinic box = (0 0 0) to (2.5457433 11.35909 9.2091793) with tilt (0.058029002 -1.3321142 -0.25584876)
  triclinic box = (0 0 0) to (2.5457433 11.35909 9.2091793) with tilt (0.058029002 -1.3321142 -0.25584876)
  triclinic box = (0 0 0) to (2.5457433 11.35909 9.2091793) with tilt (0.058029002 -1.3321142 -0.25584876)
echo none
run 0
Per MPI rank memory allocation (min/avg/max) = 3.881 | 3.881 | 3.881 Mbytes
    PotEng          Pxx           E_mol          E_coul    
-76.710436     -346.59669      0              0            
Loop time of 1.732e-06 on 1 procs for 0 steps with 18 atoms

635.1% CPU use with 1 MPI tasks x 1 OpenMP threads

MPI task timing breakdown:
Section |  min time  |  avg time  |  max time  |%varavg| %total
---------------------------------------------------------------
Pair    | 0          | 0          | 0          |   0.0 |  0.00
Neigh   | 0          | 0          | 0          |   0.0 |  0.00
Comm    | 0          | 0          | 0          |   0.0 |  0.00
Output  | 0          | 0          | 0          |   0.0 |  0.00
Modify  | 0          | 0          | 0          |   0.0 |  0.00
Other   |            | 1.732e-06  |            |       |100.00

Nlocal:             18 ave          18 max          18 min
Histogram: 1 0 0 0 0 0 0 0 0 0
Nghost:           2344 ave        2344 max        2344 min
Histogram: 1 0 0 0 0 0 0 0 0 0
Neighs:              0 ave           0 max           0 min
Histogram: 1 0 0 0 0 0 0 0 0 0
FullNghs:         9176 ave        9176 max        9176 min
Histogram: 1 0 0 0 0 0 0 0 0 0

Total # of neighbors = 9176
Ave neighs/atom = 509.77778
Neighbor list builds = 0
Dangerous builds = 0
set atom * x 0.0 y 0.0 z 0.0
Setting atom values ...
  18 settings made for x
  18 settings made for y
  18 settings made for z
change_box all     x final 0 2.545434456292501 y final 0 11.22209182118687 z final 0 9.192672253291233      xy final 0.04579834336959035 xz final -1.349962822287825 yz final -0.29862873751804225 units box
Changing box ...
  triclinic box = (0 0 0) to (2.5454345 11.35909 9.2091793) with tilt (0.058029002 -1.3321142 -0.25584876)
  triclinic box = (0 0 0) to (2.5454345 11.222092 9.2091793) with tilt (0.058029002 -1.3321142 -0.25584876)
  triclinic box = (0 0 0) to (2.5454345 11.222092 9.1926723) with tilt (0.058029002 -1.3321142 -0.25584876)
  triclinic box = (0 0 0) to (2.5454345 11.222092 9.1926723) with tilt (0.045798343 -1.3321142 -0.25584876)
  triclinic box = (0 0 0) to (2.5454345 11.222092 9.1926723) with tilt (0.045798343 -1.3499628 -0.25584876)
  triclinic box = (0 0 0) to (2.5454345 11.222092 9.1926723) with tilt (0.045798343 -1.3499628 -0.29862874)
echo none
run 0
Per MPI rank memory allocation (min/avg/max) = 3.881 | 3.881 | 3.881 Mbytes
    PotEng          Pxx           E_mol          E_coul    
-76.712937     -110.26469      0              0            
Loop time of 1.605e-06 on 1 procs for 0 steps with 18 atoms

498.4% CPU use with 1 MPI tasks x 1 OpenMP threads

MPI task timing breakdown:
Section |  min time  |  avg time  |  max time  |%varavg| %total
---------------------------------------------------------------
Pair    | 0          | 0          | 0          |   0.0 |  0.00
Neigh   | 0          | 0          | 0          |   0.0 |  0.00
Comm    | 0          | 0          | 0          |   0.0 |  0.00
Output  | 0          | 0          | 0          |   0.0 |  0.00
Modify  | 0          | 0          | 0          |   0.0 |  0.00
Other   |            | 1.605e-06  |            |       |100.00

Nlocal:             18 ave          18 max          18 min
Histogram: 1 0 0 0 0 0 0 0 0 0
Nghost:           2344 ave        2344 max        2344 min
Histogram: 1 0 0 0 0 0 0 0 0 0
Neighs:              0 ave           0 max           0 min
Histogram: 1 0 0 0 0 0 0 0 0 0
FullNghs:         9298 ave        9298 max        9298 min
Histogram: 1 0 0 0 0 0 0 0 0 0

Total # of neighbors = 9298
Ave neighs/atom = 516.55556
Neighbor list builds = 0
Dangerous builds = 0
set atom * x 0.0 y 0.0 z 0.0
Setting atom values ...
  18 settings made for x
  18 settings made for y
  18 settings made for z
change_box all     x final 0 2.544639861700976 y final 0 10.866028623720894 z final 0 9.148106359738186      xy final 0.015088220450482482 xz final -1.397054599888748 yz final -0.41245627224120074 units box
Changing box ...
  triclinic box = (0 0 0) to (2.5446399 11.222092 9.1926723) with tilt (0.045798343 -1.3499628 -0.29862874)
  triclinic box = (0 0 0) to (2.5446399 10.866029 9.1926723) with tilt (0.045798343 -1.3499628 -0.29862874)
  triclinic box = (0 0 0) to (2.5446399 10.866029 9.1481064) with tilt (0.045798343 -1.3499628 -0.29862874)
  triclinic box = (0 0 0) to (2.5446399 10.866029 9.1481064) with tilt (0.01508822 -1.3499628 -0.29862874)
  triclinic box = (0 0 0) to (2.5446399 10.866029 9.1481064) with tilt (0.01508822 -1.3970546 -0.29862874)
  triclinic box = (0 0 0) to (2.5446399 10.866029 9.1481064) with tilt (0.01508822 -1.3970546 -0.41245627)
echo none
run 0
Per MPI rank memory allocation (min/avg/max) = 3.882 | 3.882 | 3.882 Mbytes
    PotEng          Pxx           E_mol          E_coul    
-76.715215      540.88343      0              0            
Loop time of 1.694e-06 on 1 procs for 0 steps with 18 atoms

649.4% CPU use with 1 MPI tasks x 1 OpenMP threads

MPI task timing breakdown:
Section |  min time  |  avg time  |  max time  |%varavg| %total
---------------------------------------------------------------
Pair    | 0          | 0          | 0          |   0.0 |  0.00
Neigh   | 0          | 0          | 0          |   0.0 |  0.00
Comm    | 0          | 0          | 0          |   0.0 |  0.00
Output  | 0          | 0          | 0          |   0.0 |  0.00
Modify  | 0          | 0          | 0          |   0.0 |  0.00
Other   |            | 1.694e-06  |            |       |100.00

Nlocal:             18 ave          18 max          18 min
Histogram: 1 0 0 0 0 0 0 0 0 0
Nghost:           2428 ave        2428 max        2428 min
Histogram: 1 0 0 0 0 0 0 0 0 0
Neighs:              0 ave           0 max           0 min
Histogram: 1 0 0 0 0 0 0 0 0 0
FullNghs:         9690 ave        9690 max        9690 min
Histogram: 1 0 0 0 0 0 0 0 0 0

Total # of neighbors = 9690
Ave neighs/atom = 538.33333
Neighbor list builds = 0
Dangerous builds = 0
set atom * x 0.0 y 0.0 z 0.0
Setting atom values ...
  18 settings made for x
  18 settings made for y
  18 settings made for z
change_box all     x final 0 2.5446398617009782 y final 0 10.86602862372089 z final 0 9.148106359738188      xy final 0.015088220450483851 xz final -1.3970545998887467 yz final -0.4124562722411947 units box
Changing box ...
  triclinic box = (0 0 0) to (2.5446399 10.866029 9.1481064) with tilt (0.01508822 -1.3970546 -0.41245627)
  triclinic box = (0 0 0) to (2.5446399 10.866029 9.1481064) with tilt (0.01508822 -1.3970546 -0.41245627)
  triclinic box = (0 0 0) to (2.5446399 10.866029 9.1481064) with tilt (0.01508822 -1.3970546 -0.41245627)
  triclinic box = (0 0 0) to (2.5446399 10.866029 9.1481064) with tilt (0.01508822 -1.3970546 -0.41245627)
  triclinic box = (0 0 0) to (2.5446399 10.866029 9.1481064) with tilt (0.01508822 -1.3970546 -0.41245627)
  triclinic box = (0 0 0) to (2.5446399 10.866029 9.1481064) with tilt (0.01508822 -1.3970546 -0.41245627)
echo none
run 0
Per MPI rank memory allocation (min/avg/max) = 3.882 | 3.882 | 3.882 Mbytes
    PotEng          Pxx           E_mol          E_coul    
-76.715215      540.88343      0              0            
Loop time of 1.572e-06 on 1 procs for 0 steps with 18 atoms

636.1% CPU use with 1 MPI tasks x 1 OpenMP threads

MPI task timing breakdown:
Section |  min time  |  avg time  |  max time  |%varavg| %total
---------------------------------------------------------------
Pair    | 0          | 0          | 0          |   0.0 |  0.00
Neigh   | 0          | 0          | 0          |   0.0 |  0.00
Comm    | 0          | 0          | 0          |   0.0 |  0.00
Output  | 0          | 0          | 0          |   0.0 |  0.00
Modify  | 0          | 0          | 0          |   0.0 |  0.00
Other   |            | 1.572e-06  |            |       |100.00

Nlocal:             18 ave          18 max          18 min
Histogram: 1 0 0 0 0 0 0 0 0 0
Nghost:           2428 ave        2428 max        2428 min
Histogram: 1 0 0 0 0 0 0 0 0 0
Neighs:              0 ave           0 max           0 min
Histogram: 1 0 0 0 0 0 0 0 0 0
FullNghs:         9690 ave        9690 max        9690 min
Histogram: 1 0 0 0 0 0 0 0 0 0

Total # of neighbors = 9690
Ave neighs/atom = 538.33333
Neighbor list builds = 0
Dangerous builds = 0
set atom * x 0.0 y 0.0 z 0.0
Setting atom values ...
  18 settings made for x
  18 settings made for y
  18 settings made for z
change_box all     x final 0 2.5453437853602385 y final 0 10.863271557129606 z final 0 9.179229836657226      xy final 0.003447184208811017 xz final -1.3856399870464233 yz final -0.4049533706583821 units box
Changing box ...
  triclinic box = (0 0 0) to (2.5453438 10.866029 9.1481064) with tilt (0.01508822 -1.3970546 -0.41245627)
  triclinic box = (0 0 0) to (2.5453438 10.863272 9.1481064) with tilt (0.01508822 -1.3970546 -0.41245627)
  triclinic box = (0 0 0) to (2.5453438 10.863272 9.1792298) with tilt (0.01508822 -1.3970546 -0.41245627)
  triclinic box = (0 0 0) to (2.5453438 10.863272 9.1792298) with tilt (0.0034471842 -1.3970546 -0.41245627)
  triclinic box = (0 0 0) to (2.5453438 10.863272 9.1792298) with tilt (0.0034471842 -1.38564 -0.41245627)
  triclinic box = (0 0 0) to (2.5453438 10.863272 9.1792298) with tilt (0.0034471842 -1.38564 -0.40495337)
echo none
run 0
Per MPI rank memory allocation (min/avg/max) = 3.882 | 3.882 | 3.882 Mbytes
    PotEng          Pxx           E_mol          E_coul    
-76.717466      66.590674      0              0            
Loop time of 1.572e-06 on 1 procs for 0 steps with 18 atoms

954.2% CPU use with 1 MPI tasks x 1 OpenMP threads

MPI task timing breakdown:
Section |  min time  |  avg time  |  max time  |%varavg| %total
---------------------------------------------------------------
Pair    | 0          | 0          | 0          |   0.0 |  0.00
Neigh   | 0          | 0          | 0          |   0.0 |  0.00
Comm    | 0          | 0          | 0          |   0.0 |  0.00
Output  | 0          | 0          | 0          |   0.0 |  0.00
Modify  | 0          | 0          | 0          |   0.0 |  0.00
Other   |            | 1.572e-06  |            |       |100.00

Nlocal:             18 ave          18 max          18 min
Histogram: 1 0 0 0 0 0 0 0 0 0
Nghost:           2428 ave        2428 max        2428 min
Histogram: 1 0 0 0 0 0 0 0 0 0
Neighs:              0 ave           0 max           0 min
Histogram: 1 0 0 0 0 0 0 0 0 0
FullNghs:         9646 ave        9646 max        9646 min
Histogram: 1 0 0 0 0 0 0 0 0 0

Total # of neighbors = 9646
Ave neighs/atom = 535.88889
Neighbor list builds = 0
Dangerous builds = 0
set atom * x 0.0 y 0.0 z 0.0
Setting atom values ...
  18 settings made for x
  18 settings made for y
  18 settings made for z
change_box all     x final 0 2.5462999622721987 y final 0 10.859540768285083 z final 0 9.22145505383192      xy final -0.012267419919699018 xz final -1.370119848312935 yz final -0.3947324352578465 units box
Changing box ...
  triclinic box = (0 0 0) to (2.5463 10.863272 9.1792298) with tilt (0.0034471842 -1.38564 -0.40495337)
  triclinic box = (0 0 0) to (2.5463 10.859541 9.1792298) with tilt (0.0034471842 -1.38564 -0.40495337)
  triclinic box = (0 0 0) to (2.5463 10.859541 9.2214551) with tilt (0.0034471842 -1.38564 -0.40495337)
  triclinic box = (0 0 0) to (2.5463 10.859541 9.2214551) with tilt (-0.01226742 -1.38564 -0.40495337)
  triclinic box = (0 0 0) to (2.5463 10.859541 9.2214551) with tilt (-0.01226742 -1.3701198 -0.40495337)
  triclinic box = (0 0 0) to (2.5463 10.859541 9.2214551) with tilt (-0.01226742 -1.3701198 -0.39473244)
echo none
run 0
Per MPI rank memory allocation (min/avg/max) = 3.882 | 3.882 | 3.882 Mbytes
    PotEng          Pxx           E_mol          E_coul    
-76.718526     -559.38999      0              0            
Loop time of 1.383e-06 on 1 procs for 0 steps with 18 atoms

723.1% CPU use with 1 MPI tasks x 1 OpenMP threads

MPI task timing breakdown:
Section |  min time  |  avg time  |  max time  |%varavg| %total
---------------------------------------------------------------
Pair    | 0          | 0          | 0          |   0.0 |  0.00
Neigh   | 0          | 0          | 0          |   0.0 |  0.00
Comm    | 0          | 0          | 0          |   0.0 |  0.00
Output  | 0          | 0          | 0          |   0.0 |  0.00
Modify  | 0          | 0          | 0          |   0.0 |  0.00
Other   |            | 1.383e-06  |            |       |100.00

Nlocal:             18 ave          18 max          18 min
Histogram: 1 0 0 0 0 0 0 0 0 0
Nghost:           2428 ave        2428 max        2428 min
Histogram: 1 0 0 0 0 0 0 0 0 0
Neighs:              0 ave           0 max           0 min
Histogram: 1 0 0 0 0 0 0 0 0 0
FullNghs:         9612 ave        9612 max        9612 min
Histogram: 1 0 0 0 0 0 0 0 0 0

Total # of neighbors = 9612
Ave neighs/atom = 534
Neighbor list builds = 0
Dangerous builds = 0
set atom * x 0.0 y 0.0 z 0.0
Setting atom values ...
  18 settings made for x
  18 settings made for y
  18 settings made for z
change_box all     x final 0 2.5462999622721982 y final 0 10.859540768285079 z final 0 9.221455053831917      xy final -0.012267419919696983 xz final -1.3701198483129347 yz final -0.3947324352578494 units box
Changing box ...
  triclinic box = (0 0 0) to (2.5463 10.859541 9.2214551) with tilt (-0.01226742 -1.3701198 -0.39473244)
  triclinic box = (0 0 0) to (2.5463 10.859541 9.2214551) with tilt (-0.01226742 -1.3701198 -0.39473244)
  triclinic box = (0 0 0) to (2.5463 10.859541 9.2214551) with tilt (-0.01226742 -1.3701198 -0.39473244)
  triclinic box = (0 0 0) to (2.5463 10.859541 9.2214551) with tilt (-0.01226742 -1.3701198 -0.39473244)
  triclinic box = (0 0 0) to (2.5463 10.859541 9.2214551) with tilt (-0.01226742 -1.3701198 -0.39473244)
  triclinic box = (0 0 0) to (2.5463 10.859541 9.2214551) with tilt (-0.01226742 -1.3701198 -0.39473244)
echo none
run 0
Per MPI rank memory allocation (min/avg/max) = 3.882 | 3.882 | 3.882 Mbytes
    PotEng          Pxx           E_mol          E_coul    
-76.718526     -559.38999      0              0            
Loop time of 1.28e-06 on 1 procs for 0 steps with 18 atoms

546.9% CPU use with 1 MPI tasks x 1 OpenMP threads

MPI task timing breakdown:
Section |  min time  |  avg time  |  max time  |%varavg| %total
---------------------------------------------------------------
Pair    | 0          | 0          | 0          |   0.0 |  0.00
Neigh   | 0          | 0          | 0          |   0.0 |  0.00
Comm    | 0          | 0          | 0          |   0.0 |  0.00
Output  | 0          | 0          | 0          |   0.0 |  0.00
Modify  | 0          | 0          | 0          |   0.0 |  0.00
Other   |            | 1.28e-06   |            |       |100.00

Nlocal:             18 ave          18 max          18 min
Histogram: 1 0 0 0 0 0 0 0 0 0
Nghost:           2428 ave        2428 max        2428 min
Histogram: 1 0 0 0 0 0 0 0 0 0
Neighs:              0 ave           0 max           0 min
Histogram: 1 0 0 0 0 0 0 0 0 0
FullNghs:         9612 ave        9612 max        9612 min
Histogram: 1 0 0 0 0 0 0 0 0 0

Total # of neighbors = 9612
Ave neighs/atom = 534
Neighbor list builds = 0
Dangerous builds = 0
set atom * x 0.0 y 0.0 z 0.0
Setting atom values ...
  18 settings made for x
  18 settings made for y
  18 settings made for z
change_box all     x final 0 2.546309800165902 y final 0 10.70521154291466 z final 0 9.235414978467462      xy final -0.017195892751524073 xz final -1.4042657681963178 yz final -0.49626713104778675 units box
Changing box ...
  triclinic box = (0 0 0) to (2.5463098 10.859541 9.2214551) with tilt (-0.01226742 -1.3701198 -0.39473244)
  triclinic box = (0 0 0) to (2.5463098 10.705212 9.2214551) with tilt (-0.01226742 -1.3701198 -0.39473244)
  triclinic box = (0 0 0) to (2.5463098 10.705212 9.235415) with tilt (-0.01226742 -1.3701198 -0.39473244)
  triclinic box = (0 0 0) to (2.5463098 10.705212 9.235415) with tilt (-0.017195893 -1.3701198 -0.39473244)
  triclinic box = (0 0 0) to (2.5463098 10.705212 9.235415) with tilt (-0.017195893 -1.4042658 -0.39473244)
  triclinic box = (0 0 0) to (2.5463098 10.705212 9.235415) with tilt (-0.017195893 -1.4042658 -0.49626713)
echo none
run 0
Per MPI rank memory allocation (min/avg/max) = 3.882 | 3.882 | 3.882 Mbytes
    PotEng          Pxx           E_mol          E_coul    
-76.721018     -600.05077      0              0            
Loop time of 1.476e-06 on 1 procs for 0 steps with 18 atoms

1151.8% CPU use with 1 MPI tasks x 1 OpenMP threads

MPI task timing breakdown:
Section |  min time  |  avg time  |  max time  |%varavg| %total
---------------------------------------------------------------
Pair    | 0          | 0          | 0          |   0.0 |  0.00
Neigh   | 0          | 0          | 0          |   0.0 |  0.00
Comm    | 0          | 0          | 0          |   0.0 |  0.00
Output  | 0          | 0          | 0          |   0.0 |  0.00
Modify  | 0          | 0          | 0          |   0.0 |  0.00
Other   |            | 1.476e-06  |            |       |100.00

Nlocal:             18 ave          18 max          18 min
Histogram: 1 0 0 0 0 0 0 0 0 0
Nghost:           2472 ave        2472 max        2472 min
Histogram: 1 0 0 0 0 0 0 0 0 0
Neighs:              0 ave           0 max           0 min
Histogram: 1 0 0 0 0 0 0 0 0 0
FullNghs:         9788 ave        9788 max        9788 min
Histogram: 1 0 0 0 0 0 0 0 0 0

Total # of neighbors = 9788
Ave neighs/atom = 543.77778
Neighbor list builds = 0
Dangerous builds = 0
set atom * x 0.0 y 0.0 z 0.0
Setting atom values ...
  18 settings made for x
  18 settings made for y
  18 settings made for z
change_box all     x final 0 2.546406559947175 y final 0 10.335928816965136 z final 0 9.266662004884155      xy final -0.026894410005962984 xz final -1.4892631408837893 yz final -0.7506165173041909 units box
Changing box ...
  triclinic box = (0 0 0) to (2.5464066 10.705212 9.235415) with tilt (-0.017195893 -1.4042658 -0.49626713)
  triclinic box = (0 0 0) to (2.5464066 10.335929 9.235415) with tilt (-0.017195893 -1.4042658 -0.49626713)
  triclinic box = (0 0 0) to (2.5464066 10.335929 9.266662) with tilt (-0.017195893 -1.4042658 -0.49626713)
  triclinic box = (0 0 0) to (2.5464066 10.335929 9.266662) with tilt (-0.02689441 -1.4042658 -0.49626713)
  triclinic box = (0 0 0) to (2.5464066 10.335929 9.266662) with tilt (-0.02689441 -1.4892631 -0.49626713)
  triclinic box = (0 0 0) to (2.5464066 10.335929 9.266662) with tilt (-0.02689441 -1.4892631 -0.75061652)
echo none
run 0
Per MPI rank memory allocation (min/avg/max) = 3.882 | 3.882 | 3.882 Mbytes
    PotEng          Pxx           E_mol          E_coul    
-76.722457     -972.44818      0              0            
Loop time of 1.237e-06 on 1 procs for 0 steps with 18 atoms

1131.8% CPU use with 1 MPI tasks x 1 OpenMP threads

MPI task timing breakdown:
Section |  min time  |  avg time  |  max time  |%varavg| %total
---------------------------------------------------------------
Pair    | 0          | 0          | 0          |   0.0 |  0.00
Neigh   | 0          | 0          | 0          |   0.0 |  0.00
Comm    | 0          | 0          | 0          |   0.0 |  0.00
Output  | 0          | 0          | 0          |   0.0 |  0.00
Modify  | 0          | 0          | 0          |   0.0 |  0.00
Other   |            | 1.237e-06  |            |       |100.00

Nlocal:             18 ave          18 max          18 min
Histogram: 1 0 0 0 0 0 0 0 0 0
Nghost:           2502 ave        2502 max        2502 min
Histogram: 1 0 0 0 0 0 0 0 0 0
Neighs:              0 ave           0 max           0 min
Histogram: 1 0 0 0 0 0 0 0 0 0
FullNghs:        10170 ave       10170 max       10170 min
Histogram: 1 0 0 0 0 0 0 0 0 0

Total # of neighbors = 10170
Ave neighs/atom = 565
Neighbor list builds = 0
Dangerous builds = 0
set atom * x 0.0 y 0.0 z 0.0
Setting atom values ...
  18 settings made for x
  18 settings made for y
  18 settings made for z
change_box all     x final 0 2.5464065599471755 y final 0 10.335928816965136 z final 0 9.266662004884148      xy final -0.02689441000596142 xz final -1.4892631408837869 yz final -0.7506165173041969 units box
Changing box ...
  triclinic box = (0 0 0) to (2.5464066 10.335929 9.266662) with tilt (-0.02689441 -1.4892631 -0.75061652)
  triclinic box = (0 0 0) to (2.5464066 10.335929 9.266662) with tilt (-0.02689441 -1.4892631 -0.75061652)
  triclinic box = (0 0 0) to (2.5464066 10.335929 9.266662) with tilt (-0.02689441 -1.4892631 -0.75061652)
  triclinic box = (0 0 0) to (2.5464066 10.335929 9.266662) with tilt (-0.02689441 -1.4892631 -0.75061652)
  triclinic box = (0 0 0) to (2.5464066 10.335929 9.266662) with tilt (-0.02689441 -1.4892631 -0.75061652)
  triclinic box = (0 0 0) to (2.5464066 10.335929 9.266662) with tilt (-0.02689441 -1.4892631 -0.75061652)
echo none
run 0
Per MPI rank memory allocation (min/avg/max) = 3.882 | 3.882 | 3.882 Mbytes
    PotEng          Pxx           E_mol          E_coul    
-76.722457     -972.44818      0              0            
Loop time of 1.604e-06 on 1 procs for 0 steps with 18 atoms

997.5% CPU use with 1 MPI tasks x 1 OpenMP threads

MPI task timing breakdown:
Section |  min time  |  avg time  |  max time  |%varavg| %total
---------------------------------------------------------------
Pair    | 0          | 0          | 0          |   0.0 |  0.00
Neigh   | 0          | 0          | 0          |   0.0 |  0.00
Comm    | 0          | 0          | 0          |   0.0 |  0.00
Output  | 0          | 0          | 0          |   0.0 |  0.00
Modify  | 0          | 0          | 0          |   0.0 |  0.00
Other   |            | 1.604e-06  |            |       |100.00

Nlocal:             18 ave          18 max          18 min
Histogram: 1 0 0 0 0 0 0 0 0 0
Nghost:           2502 ave        2502 max        2502 min
Histogram: 1 0 0 0 0 0 0 0 0 0
Neighs:              0 ave           0 max           0 min
Histogram: 1 0 0 0 0 0 0 0 0 0
FullNghs:        10170 ave       10170 max       10170 min
Histogram: 1 0 0 0 0 0 0 0 0 0

Total # of neighbors = 10170
Ave neighs/atom = 565
Neighbor list builds = 0
Dangerous builds = 0
set atom * x 0.0 y 0.0 z 0.0
Setting atom values ...
  18 settings made for x
  18 settings made for y
  18 settings made for z
change_box all     x final 0 2.545418506082657 y final 0 10.449165752877004 z final 0 9.308580708381156      xy final -0.032041951391930536 xz final -1.4711291850703614 yz final -0.7389965967414465 units box
Changing box ...
  triclinic box = (0 0 0) to (2.5454185 10.335929 9.266662) with tilt (-0.02689441 -1.4892631 -0.75061652)
  triclinic box = (0 0 0) to (2.5454185 10.449166 9.266662) with tilt (-0.02689441 -1.4892631 -0.75061652)
  triclinic box = (0 0 0) to (2.5454185 10.449166 9.3085807) with tilt (-0.02689441 -1.4892631 -0.75061652)
  triclinic box = (0 0 0) to (2.5454185 10.449166 9.3085807) with tilt (-0.032041951 -1.4892631 -0.75061652)
  triclinic box = (0 0 0) to (2.5454185 10.449166 9.3085807) with tilt (-0.032041951 -1.4711292 -0.75061652)
  triclinic box = (0 0 0) to (2.5454185 10.449166 9.3085807) with tilt (-0.032041951 -1.4711292 -0.7389966)
echo none
run 0
Per MPI rank memory allocation (min/avg/max) = 3.882 | 3.882 | 3.882 Mbytes
    PotEng          Pxx           E_mol          E_coul    
-76.726082     -131.73793      0              0            
Loop time of 1.45e-06 on 1 procs for 0 steps with 18 atoms

1310.3% CPU use with 1 MPI tasks x 1 OpenMP threads

MPI task timing breakdown:
Section |  min time  |  avg time  |  max time  |%varavg| %total
---------------------------------------------------------------
Pair    | 0          | 0          | 0          |   0.0 |  0.00
Neigh   | 0          | 0          | 0          |   0.0 |  0.00
Comm    | 0          | 0          | 0          |   0.0 |  0.00
Output  | 0          | 0          | 0          |   0.0 |  0.00
Modify  | 0          | 0          | 0          |   0.0 |  0.00
Other   |            | 1.45e-06   |            |       |100.00

Nlocal:             18 ave          18 max          18 min
Histogram: 1 0 0 0 0 0 0 0 0 0
Nghost:           2502 ave        2502 max        2502 min
Histogram: 1 0 0 0 0 0 0 0 0 0
Neighs:              0 ave           0 max           0 min
Histogram: 1 0 0 0 0 0 0 0 0 0
FullNghs:        10046 ave       10046 max       10046 min
Histogram: 1 0 0 0 0 0 0 0 0 0

Total # of neighbors = 10046
Ave neighs/atom = 558.11111
Neighbor list builds = 0
Dangerous builds = 0
set atom * x 0.0 y 0.0 z 0.0
Setting atom values ...
  18 settings made for x
  18 settings made for y
  18 settings made for z
change_box all     x final 0 2.5454185060826586 y final 0 10.449165752877002 z final 0 9.308580708381154      xy final -0.032041951391929786 xz final -1.4711291850703572 yz final -0.7389965967414499 units box
Changing box ...
  triclinic box = (0 0 0) to (2.5454185 10.449166 9.3085807) with tilt (-0.032041951 -1.4711292 -0.7389966)
  triclinic box = (0 0 0) to (2.5454185 10.449166 9.3085807) with tilt (-0.032041951 -1.4711292 -0.7389966)
  triclinic box = (0 0 0) to (2.5454185 10.449166 9.3085807) with tilt (-0.032041951 -1.4711292 -0.7389966)
  triclinic box = (0 0 0) to (2.5454185 10.449166 9.3085807) with tilt (-0.032041951 -1.4711292 -0.7389966)
  triclinic box = (0 0 0) to (2.5454185 10.449166 9.3085807) with tilt (-0.032041951 -1.4711292 -0.7389966)
  triclinic box = (0 0 0) to (2.5454185 10.449166 9.3085807) with tilt (-0.032041951 -1.4711292 -0.7389966)
echo none
run 0
Per MPI rank memory allocation (min/avg/max) = 3.882 | 3.882 | 3.882 Mbytes
    PotEng          Pxx           E_mol          E_coul    
-76.726082     -131.73793      0              0            
Loop time of 1.645e-06 on 1 procs for 0 steps with 18 atoms

1459.0% CPU use with 1 MPI tasks x 1 OpenMP threads

MPI task timing breakdown:
Section |  min time  |  avg time  |  max time  |%varavg| %total
---------------------------------------------------------------
Pair    | 0          | 0          | 0          |   0.0 |  0.00
Neigh   | 0          | 0          | 0          |   0.0 |  0.00
Comm    | 0          | 0          | 0          |   0.0 |  0.00
Output  | 0          | 0          | 0          |   0.0 |  0.00
Modify  | 0          | 0          | 0          |   0.0 |  0.00
Other   |            | 1.645e-06  |            |       |100.00

Nlocal:             18 ave          18 max          18 min
Histogram: 1 0 0 0 0 0 0 0 0 0
Nghost:           2502 ave        2502 max        2502 min
Histogram: 1 0 0 0 0 0 0 0 0 0
Neighs:              0 ave           0 max           0 min
Histogram: 1 0 0 0 0 0 0 0 0 0
FullNghs:        10046 ave       10046 max       10046 min
Histogram: 1 0 0 0 0 0 0 0 0 0

Total # of neighbors = 10046
Ave neighs/atom = 558.11111
Neighbor list builds = 0
Dangerous builds = 0
set atom * x 0.0 y 0.0 z 0.0
Setting atom values ...
  18 settings made for x
  18 settings made for y
  18 settings made for z
change_box all     x final 0 2.5447837153985815 y final 0 10.328419862063509 z final 0 9.39257597785958      xy final -0.05158736991410201 xz final -1.49915889658927 yz final -0.8897610909687941 units box
Changing box ...
  triclinic box = (0 0 0) to (2.5447837 10.449166 9.3085807) with tilt (-0.032041951 -1.4711292 -0.7389966)
  triclinic box = (0 0 0) to (2.5447837 10.32842 9.3085807) with tilt (-0.032041951 -1.4711292 -0.7389966)
  triclinic box = (0 0 0) to (2.5447837 10.32842 9.392576) with tilt (-0.032041951 -1.4711292 -0.7389966)
  triclinic box = (0 0 0) to (2.5447837 10.32842 9.392576) with tilt (-0.05158737 -1.4711292 -0.7389966)
  triclinic box = (0 0 0) to (2.5447837 10.32842 9.392576) with tilt (-0.05158737 -1.4991589 -0.7389966)
  triclinic box = (0 0 0) to (2.5447837 10.32842 9.392576) with tilt (-0.05158737 -1.4991589 -0.88976109)
echo none
run 0
Per MPI rank memory allocation (min/avg/max) = 3.882 | 3.882 | 3.882 Mbytes
    PotEng          Pxx           E_mol          E_coul    
-76.729965      317.23092      0              0            
Loop time of 1.523e-06 on 1 procs for 0 steps with 18 atoms

919.2% CPU use with 1 MPI tasks x 1 OpenMP threads

MPI task timing breakdown:
Section |  min time  |  avg time  |  max time  |%varavg| %total
---------------------------------------------------------------
Pair    | 0          | 0          | 0          |   0.0 |  0.00
Neigh   | 0          | 0          | 0          |   0.0 |  0.00
Comm    | 0          | 0          | 0          |   0.0 |  0.00
Output  | 0          | 0          | 0          |   0.0 |  0.00
Modify  | 0          | 0          | 0          |   0.0 |  0.00
Other   |            | 1.523e-06  |            |       |100.00

Nlocal:             18 ave          18 max          18 min
Histogram: 1 0 0 0 0 0 0 0 0 0
Nghost:           2502 ave        2502 max        2502 min
Histogram: 1 0 0 0 0 0 0 0 0 0
Neighs:              0 ave           0 max           0 min
Histogram: 1 0 0 0 0 0 0 0 0 0
FullNghs:        10066 ave       10066 max       10066 min
Histogram: 1 0 0 0 0 0 0 0 0 0

Total # of neighbors = 10066
Ave neighs/atom = 559.22222
Neighbor list builds = 0
Dangerous builds = 0
set atom * x 0.0 y 0.0 z 0.0
Setting atom values ...
  18 settings made for x
  18 settings made for y
  18 settings made for z
change_box all     x final 0 2.544071252103785 y final 0 10.19257449716072 z final 0 9.488654617320417      xy final -0.07293667942393946 xz final -1.5321018591603826 yz final -1.0686399858927436 units box
Changing box ...
  triclinic box = (0 0 0) to (2.5440713 10.32842 9.392576) with tilt (-0.05158737 -1.4991589 -0.88976109)
  triclinic box = (0 0 0) to (2.5440713 10.192574 9.392576) with tilt (-0.05158737 -1.4991589 -0.88976109)
  triclinic box = (0 0 0) to (2.5440713 10.192574 9.4886546) with tilt (-0.05158737 -1.4991589 -0.88976109)
  triclinic box = (0 0 0) to (2.5440713 10.192574 9.4886546) with tilt (-0.072936679 -1.4991589 -0.88976109)
  triclinic box = (0 0 0) to (2.5440713 10.192574 9.4886546) with tilt (-0.072936679 -1.5321019 -0.88976109)
  triclinic box = (0 0 0) to (2.5440713 10.192574 9.4886546) with tilt (-0.072936679 -1.5321019 -1.06864)
echo none
run 0
Per MPI rank memory allocation (min/avg/max) = 3.882 | 3.882 | 3.882 Mbytes
    PotEng          Pxx           E_mol          E_coul    
-76.731369      683.65213      0              0            
Loop time of 1.643e-06 on 1 procs for 0 steps with 18 atoms

973.8% CPU use with 1 MPI tasks x 1 OpenMP threads

MPI task timing breakdown:
Section |  min time  |  avg time  |  max time  |%varavg| %total
---------------------------------------------------------------
Pair    | 0          | 0          | 0          |   0.0 |  0.00
Neigh   | 0          | 0          | 0          |   0.0 |  0.00
Comm    | 0          | 0          | 0          |   0.0 |  0.00
Output  | 0          | 0          | 0          |   0.0 |  0.00
Modify  | 0          | 0          | 0          |   0.0 |  0.00
Other   |            | 1.643e-06  |            |       |100.00

Nlocal:             18 ave          18 max          18 min
Histogram: 1 0 0 0 0 0 0 0 0 0
Nghost:           2472 ave        2472 max        2472 min
Histogram: 1 0 0 0 0 0 0 0 0 0
Neighs:              0 ave           0 max           0 min
Histogram: 1 0 0 0 0 0 0 0 0 0
FullNghs:        10118 ave       10118 max       10118 min
Histogram: 1 0 0 0 0 0 0 0 0 0

Total # of neighbors = 10118
Ave neighs/atom = 562.11111
Neighbor list builds = 0
Dangerous builds = 0
set atom * x 0.0 y 0.0 z 0.0
Setting atom values ...
  18 settings made for x
  18 settings made for y
  18 settings made for z
change_box all     x final 0 2.544071252103786 y final 0 10.192574497160722 z final 0 9.488654617320417      xy final -0.07293667942393993 xz final -1.532101859160381 yz final -1.0686399858927427 units box
Changing box ...
  triclinic box = (0 0 0) to (2.5440713 10.192574 9.4886546) with tilt (-0.072936679 -1.5321019 -1.06864)
  triclinic box = (0 0 0) to (2.5440713 10.192574 9.4886546) with tilt (-0.072936679 -1.5321019 -1.06864)
  triclinic box = (0 0 0) to (2.5440713 10.192574 9.4886546) with tilt (-0.072936679 -1.5321019 -1.06864)
  triclinic box = (0 0 0) to (2.5440713 10.192574 9.4886546) with tilt (-0.072936679 -1.5321019 -1.06864)
  triclinic box = (0 0 0) to (2.5440713 10.192574 9.4886546) with tilt (-0.072936679 -1.5321019 -1.06864)
  triclinic box = (0 0 0) to (2.5440713 10.192574 9.4886546) with tilt (-0.072936679 -1.5321019 -1.06864)
echo none
run 0
Per MPI rank memory allocation (min/avg/max) = 3.882 | 3.882 | 3.882 Mbytes
    PotEng          Pxx           E_mol          E_coul    
-76.731369      683.65213      0              0            
Loop time of 1.326e-06 on 1 procs for 0 steps with 18 atoms

1131.2% CPU use with 1 MPI tasks x 1 OpenMP threads

MPI task timing breakdown:
Section |  min time  |  avg time  |  max time  |%varavg| %total
---------------------------------------------------------------
Pair    | 0          | 0          | 0          |   0.0 |  0.00
Neigh   | 0          | 0          | 0          |   0.0 |  0.00
Comm    | 0          | 0          | 0          |   0.0 |  0.00
Output  | 0          | 0          | 0          |   0.0 |  0.00
Modify  | 0          | 0          | 0          |   0.0 |  0.00
Other   |            | 1.326e-06  |            |       |100.00

Nlocal:             18 ave          18 max          18 min
Histogram: 1 0 0 0 0 0 0 0 0 0
Nghost:           2472 ave        2472 max        2472 min
Histogram: 1 0 0 0 0 0 0 0 0 0
Neighs:              0 ave           0 max           0 min
Histogram: 1 0 0 0 0 0 0 0 0 0
FullNghs:        10118 ave       10118 max       10118 min
Histogram: 1 0 0 0 0 0 0 0 0 0

Total # of neighbors = 10118
Ave neighs/atom = 562.11111
Neighbor list builds = 0
Dangerous builds = 0
set atom * x 0.0 y 0.0 z 0.0
Setting atom values ...
  18 settings made for x
  18 settings made for y
  18 settings made for z
change_box all     x final 0 2.544896500137854 y final 0 10.082987602585076 z final 0 9.510500175871988      xy final -0.08074615808539143 xz final -1.5506487618055935 yz final -1.1533183038802886 units box
Changing box ...
  triclinic box = (0 0 0) to (2.5448965 10.192574 9.4886546) with tilt (-0.072936679 -1.5321019 -1.06864)
  triclinic box = (0 0 0) to (2.5448965 10.082988 9.4886546) with tilt (-0.072936679 -1.5321019 -1.06864)
  triclinic box = (0 0 0) to (2.5448965 10.082988 9.5105002) with tilt (-0.072936679 -1.5321019 -1.06864)
  triclinic box = (0 0 0) to (2.5448965 10.082988 9.5105002) with tilt (-0.080746158 -1.5321019 -1.06864)
  triclinic box = (0 0 0) to (2.5448965 10.082988 9.5105002) with tilt (-0.080746158 -1.5506488 -1.06864)
  triclinic box = (0 0 0) to (2.5448965 10.082988 9.5105002) with tilt (-0.080746158 -1.5506488 -1.1533183)
echo none
run 0
Per MPI rank memory allocation (min/avg/max) = 3.882 | 3.882 | 3.882 Mbytes
    PotEng          Pxx           E_mol          E_coul    
-76.733579      152.18501      0              0            
Loop time of 3.0623e-05 on 1 procs for 0 steps with 18 atoms

13.1% CPU use with 1 MPI tasks x 1 OpenMP threads

MPI task timing breakdown:
Section |  min time  |  avg time  |  max time  |%varavg| %total
---------------------------------------------------------------
Pair    | 0          | 0          | 0          |   0.0 |  0.00
Neigh   | 0          | 0          | 0          |   0.0 |  0.00
Comm    | 0          | 0          | 0          |   0.0 |  0.00
Output  | 0          | 0          | 0          |   0.0 |  0.00
Modify  | 0          | 0          | 0          |   0.0 |  0.00
Other   |            | 3.062e-05  |            |       |100.00

Nlocal:             18 ave          18 max          18 min
Histogram: 1 0 0 0 0 0 0 0 0 0
Nghost:           2472 ave        2472 max        2472 min
Histogram: 1 0 0 0 0 0 0 0 0 0
Neighs:              0 ave           0 max           0 min
Histogram: 1 0 0 0 0 0 0 0 0 0
FullNghs:        10208 ave       10208 max       10208 min
Histogram: 1 0 0 0 0 0 0 0 0 0

Total # of neighbors = 10208
Ave neighs/atom = 567.11111
Neighbor list builds = 0
Dangerous builds = 0
set atom * x 0.0 y 0.0 z 0.0
Setting atom values ...
  18 settings made for x
  18 settings made for y
  18 settings made for z
change_box all     x final 0 2.5459685036818804 y final 0 9.944365405714214 z final 0 9.537875137882915      xy final -0.09028377882727665 xz final -1.574653019589449 yz final -1.263602486308556 units box
Changing box ...
  triclinic box = (0 0 0) to (2.5459685 10.082988 9.5105002) with tilt (-0.080746158 -1.5506488 -1.1533183)
  triclinic box = (0 0 0) to (2.5459685 9.9443654 9.5105002) with tilt (-0.080746158 -1.5506488 -1.1533183)
  triclinic box = (0 0 0) to (2.5459685 9.9443654 9.5378751) with tilt (-0.080746158 -1.5506488 -1.1533183)
  triclinic box = (0 0 0) to (2.5459685 9.9443654 9.5378751) with tilt (-0.090283779 -1.5506488 -1.1533183)
  triclinic box = (0 0 0) to (2.5459685 9.9443654 9.5378751) with tilt (-0.090283779 -1.574653 -1.1533183)
  triclinic box = (0 0 0) to (2.5459685 9.9443654 9.5378751) with tilt (-0.090283779 -1.574653 -1.2636025)
echo none
run 0
Per MPI rank memory allocation (min/avg/max) = 3.882 | 3.882 | 3.882 Mbytes
    PotEng          Pxx           E_mol          E_coul    
-76.734434     -604.04194      0              0            
Loop time of 1.465e-06 on 1 procs for 0 steps with 18 atoms

750.9% CPU use with 1 MPI tasks x 1 OpenMP threads

MPI task timing breakdown:
Section |  min time  |  avg time  |  max time  |%varavg| %total
---------------------------------------------------------------
Pair    | 0          | 0          | 0          |   0.0 |  0.00
Neigh   | 0          | 0          | 0          |   0.0 |  0.00
Comm    | 0          | 0          | 0          |   0.0 |  0.00
Output  | 0          | 0          | 0          |   0.0 |  0.00
Modify  | 0          | 0          | 0          |   0.0 |  0.00
Other   |            | 1.465e-06  |            |       |100.00

Nlocal:             18 ave          18 max          18 min
Histogram: 1 0 0 0 0 0 0 0 0 0
Nghost:           2472 ave        2472 max        2472 min
Histogram: 1 0 0 0 0 0 0 0 0 0
Neighs:              0 ave           0 max           0 min
Histogram: 1 0 0 0 0 0 0 0 0 0
FullNghs:        10364 ave       10364 max       10364 min
Histogram: 1 0 0 0 0 0 0 0 0 0

Total # of neighbors = 10364
Ave neighs/atom = 575.77778
Neighbor list builds = 0
Dangerous builds = 0
set atom * x 0.0 y 0.0 z 0.0
Setting atom values ...
  18 settings made for x
  18 settings made for y
  18 settings made for z
change_box all     x final 0 2.5459685036818804 y final 0 9.944365405714207 z final 0 9.53787513788292      xy final -0.09028377882727676 xz final -1.5746530195894521 yz final -1.2636024863085478 units box
Changing box ...
  triclinic box = (0 0 0) to (2.5459685 9.9443654 9.5378751) with tilt (-0.090283779 -1.574653 -1.2636025)
  triclinic box = (0 0 0) to (2.5459685 9.9443654 9.5378751) with tilt (-0.090283779 -1.574653 -1.2636025)
  triclinic box = (0 0 0) to (2.5459685 9.9443654 9.5378751) with tilt (-0.090283779 -1.574653 -1.2636025)
  triclinic box = (0 0 0) to (2.5459685 9.9443654 9.5378751) with tilt (-0.090283779 -1.574653 -1.2636025)
  triclinic box = (0 0 0) to (2.5459685 9.9443654 9.5378751) with tilt (-0.090283779 -1.574653 -1.2636025)
  triclinic box = (0 0 0) to (2.5459685 9.9443654 9.5378751) with tilt (-0.090283779 -1.574653 -1.2636025)
echo none
run 0
Per MPI rank memory allocation (min/avg/max) = 3.882 | 3.882 | 3.882 Mbytes
    PotEng          Pxx           E_mol          E_coul    
-76.734434     -604.04194      0              0            
Loop time of 1.482e-06 on 1 procs for 0 steps with 18 atoms

472.3% CPU use with 1 MPI tasks x 1 OpenMP threads

MPI task timing breakdown:
Section |  min time  |  avg time  |  max time  |%varavg| %total
---------------------------------------------------------------
Pair    | 0          | 0          | 0          |   0.0 |  0.00
Neigh   | 0          | 0          | 0          |   0.0 |  0.00
Comm    | 0          | 0          | 0          |   0.0 |  0.00
Output  | 0          | 0          | 0          |   0.0 |  0.00
Modify  | 0          | 0          | 0          |   0.0 |  0.00
Other   |            | 1.482e-06  |            |       |100.00

Nlocal:             18 ave          18 max          18 min
Histogram: 1 0 0 0 0 0 0 0 0 0
Nghost:           2472 ave        2472 max        2472 min
Histogram: 1 0 0 0 0 0 0 0 0 0
Neighs:              0 ave           0 max           0 min
Histogram: 1 0 0 0 0 0 0 0 0 0
FullNghs:        10364 ave       10364 max       10364 min
Histogram: 1 0 0 0 0 0 0 0 0 0

Total # of neighbors = 10364
Ave neighs/atom = 575.77778
Neighbor list builds = 0
Dangerous builds = 0
set atom * x 0.0 y 0.0 z 0.0
Setting atom values ...
  18 settings made for x
  18 settings made for y
  18 settings made for z
change_box all     x final 0 2.5459320789999964 y final 0 9.993042218818111 z final 0 9.541773072842325      xy final -0.10905461694143495 xz final -1.5395680402974457 yz final -1.184738874912935 units box
Changing box ...
  triclinic box = (0 0 0) to (2.5459321 9.9443654 9.5378751) with tilt (-0.090283779 -1.574653 -1.2636025)
  triclinic box = (0 0 0) to (2.5459321 9.9930422 9.5378751) with tilt (-0.090283779 -1.574653 -1.2636025)
  triclinic box = (0 0 0) to (2.5459321 9.9930422 9.5417731) with tilt (-0.090283779 -1.574653 -1.2636025)
  triclinic box = (0 0 0) to (2.5459321 9.9930422 9.5417731) with tilt (-0.10905462 -1.574653 -1.2636025)
  triclinic box = (0 0 0) to (2.5459321 9.9930422 9.5417731) with tilt (-0.10905462 -1.539568 -1.2636025)
  triclinic box = (0 0 0) to (2.5459321 9.9930422 9.5417731) with tilt (-0.10905462 -1.539568 -1.1847389)
echo none
run 0
Per MPI rank memory allocation (min/avg/max) = 3.882 | 3.882 | 3.882 Mbytes
    PotEng          Pxx           E_mol          E_coul    
-76.735566     -29.676998      0              0            
Loop time of 1.623e-06 on 1 procs for 0 steps with 18 atoms

862.6% CPU use with 1 MPI tasks x 1 OpenMP threads

MPI task timing breakdown:
Section |  min time  |  avg time  |  max time  |%varavg| %total
---------------------------------------------------------------
Pair    | 0          | 0          | 0          |   0.0 |  0.00
Neigh   | 0          | 0          | 0          |   0.0 |  0.00
Comm    | 0          | 0          | 0          |   0.0 |  0.00
Output  | 0          | 0          | 0          |   0.0 |  0.00
Modify  | 0          | 0          | 0          |   0.0 |  0.00
Other   |            | 1.623e-06  |            |       |100.00

Nlocal:             18 ave          18 max          18 min
Histogram: 1 0 0 0 0 0 0 0 0 0
Nghost:           2472 ave        2472 max        2472 min
Histogram: 1 0 0 0 0 0 0 0 0 0
Neighs:              0 ave           0 max           0 min
Histogram: 1 0 0 0 0 0 0 0 0 0
FullNghs:        10284 ave       10284 max       10284 min
Histogram: 1 0 0 0 0 0 0 0 0 0

Total # of neighbors = 10284
Ave neighs/atom = 571.33333
Neighbor list builds = 0
Dangerous builds = 0
set atom * x 0.0 y 0.0 z 0.0
Setting atom values ...
  18 settings made for x
  18 settings made for y
  18 settings made for z
change_box all     x final 0 2.5459320789999977 y final 0 9.993042218818106 z final 0 9.541773072842323      xy final -0.10905461694143552 xz final -1.539568040297441 yz final -1.1847388749129355 units box
Changing box ...
  triclinic box = (0 0 0) to (2.5459321 9.9930422 9.5417731) with tilt (-0.10905462 -1.539568 -1.1847389)
  triclinic box = (0 0 0) to (2.5459321 9.9930422 9.5417731) with tilt (-0.10905462 -1.539568 -1.1847389)
  triclinic box = (0 0 0) to (2.5459321 9.9930422 9.5417731) with tilt (-0.10905462 -1.539568 -1.1847389)
  triclinic box = (0 0 0) to (2.5459321 9.9930422 9.5417731) with tilt (-0.10905462 -1.539568 -1.1847389)
  triclinic box = (0 0 0) to (2.5459321 9.9930422 9.5417731) with tilt (-0.10905462 -1.539568 -1.1847389)
  triclinic box = (0 0 0) to (2.5459321 9.9930422 9.5417731) with tilt (-0.10905462 -1.539568 -1.1847389)
echo none
run 0
Per MPI rank memory allocation (min/avg/max) = 3.882 | 3.882 | 3.882 Mbytes
    PotEng          Pxx           E_mol          E_coul    
-76.735566     -29.676998      0              0            
Loop time of 1.375e-06 on 1 procs for 0 steps with 18 atoms

945.5% CPU use with 1 MPI tasks x 1 OpenMP threads

MPI task timing breakdown:
Section |  min time  |  avg time  |  max time  |%varavg| %total
---------------------------------------------------------------
Pair    | 0          | 0          | 0          |   0.0 |  0.00
Neigh   | 0          | 0          | 0          |   0.0 |  0.00
Comm    | 0          | 0          | 0          |   0.0 |  0.00
Output  | 0          | 0          | 0          |   0.0 |  0.00
Modify  | 0          | 0          | 0          |   0.0 |  0.00
Other   |            | 1.375e-06  |            |       |100.00

Nlocal:             18 ave          18 max          18 min
Histogram: 1 0 0 0 0 0 0 0 0 0
Nghost:           2472 ave        2472 max        2472 min
Histogram: 1 0 0 0 0 0 0 0 0 0
Neighs:              0 ave           0 max           0 min
Histogram: 1 0 0 0 0 0 0 0 0 0
FullNghs:        10284 ave       10284 max       10284 min
Histogram: 1 0 0 0 0 0 0 0 0 0

Total # of neighbors = 10284
Ave neighs/atom = 571.33333
Neighbor list builds = 0
Dangerous builds = 0
set atom * x 0.0 y 0.0 z 0.0
Setting atom values ...
  18 settings made for x
  18 settings made for y
  18 settings made for z
change_box all     x final 0 2.545442926894312 y final 0 9.930356359252228 z final 0 9.596413888157938      xy final -0.13376136918685752 xz final -1.548830183588547 yz final -1.2620769647108223 units box
Changing box ...
  triclinic box = (0 0 0) to (2.5454429 9.9930422 9.5417731) with tilt (-0.10905462 -1.539568 -1.1847389)
  triclinic box = (0 0 0) to (2.5454429 9.9303564 9.5417731) with tilt (-0.10905462 -1.539568 -1.1847389)
  triclinic box = (0 0 0) to (2.5454429 9.9303564 9.5964139) with tilt (-0.10905462 -1.539568 -1.1847389)
  triclinic box = (0 0 0) to (2.5454429 9.9303564 9.5964139) with tilt (-0.13376137 -1.539568 -1.1847389)
  triclinic box = (0 0 0) to (2.5454429 9.9303564 9.5964139) with tilt (-0.13376137 -1.5488302 -1.1847389)
  triclinic box = (0 0 0) to (2.5454429 9.9303564 9.5964139) with tilt (-0.13376137 -1.5488302 -1.262077)
echo none
run 0
Per MPI rank memory allocation (min/avg/max) = 3.882 | 3.882 | 3.882 Mbytes
    PotEng          Pxx           E_mol          E_coul    
-76.737095      102.80984      0              0            
Loop time of 1.326e-06 on 1 procs for 0 steps with 18 atoms

754.1% CPU use with 1 MPI tasks x 1 OpenMP threads

MPI task timing breakdown:
Section |  min time  |  avg time  |  max time  |%varavg| %total
---------------------------------------------------------------
Pair    | 0          | 0          | 0          |   0.0 |  0.00
Neigh   | 0          | 0          | 0          |   0.0 |  0.00
Comm    | 0          | 0          | 0          |   0.0 |  0.00
Output  | 0          | 0          | 0          |   0.0 |  0.00
Modify  | 0          | 0          | 0          |   0.0 |  0.00
Other   |            | 1.326e-06  |            |       |100.00

Nlocal:             18 ave          18 max          18 min
Histogram: 1 0 0 0 0 0 0 0 0 0
Nghost:           2472 ave        2472 max        2472 min
Histogram: 1 0 0 0 0 0 0 0 0 0
Neighs:              0 ave           0 max           0 min
Histogram: 1 0 0 0 0 0 0 0 0 0
FullNghs:        10306 ave       10306 max       10306 min
Histogram: 1 0 0 0 0 0 0 0 0 0

Total # of neighbors = 10306
Ave neighs/atom = 572.55556
Neighbor list builds = 0
Dangerous builds = 0
set atom * x 0.0 y 0.0 z 0.0
Setting atom values ...
  18 settings made for x
  18 settings made for y
  18 settings made for z
change_box all     x final 0 2.5450288682047586 y final 0 9.87702445638424 z final 0 9.643364858566128      xy final -0.15470685391217073 xz final -1.5568340362822686 yz final -1.3296592398646496 units box
Changing box ...
  triclinic box = (0 0 0) to (2.5450289 9.9303564 9.5964139) with tilt (-0.13376137 -1.5488302 -1.262077)
  triclinic box = (0 0 0) to (2.5450289 9.8770245 9.5964139) with tilt (-0.13376137 -1.5488302 -1.262077)
  triclinic box = (0 0 0) to (2.5450289 9.8770245 9.6433649) with tilt (-0.13376137 -1.5488302 -1.262077)
  triclinic box = (0 0 0) to (2.5450289 9.8770245 9.6433649) with tilt (-0.15470685 -1.5488302 -1.262077)
  triclinic box = (0 0 0) to (2.5450289 9.8770245 9.6433649) with tilt (-0.15470685 -1.556834 -1.262077)
  triclinic box = (0 0 0) to (2.5450289 9.8770245 9.6433649) with tilt (-0.15470685 -1.556834 -1.3296592)
echo none
run 0
Per MPI rank memory allocation (min/avg/max) = 3.882 | 3.882 | 3.882 Mbytes
    PotEng          Pxx           E_mol          E_coul    
-76.737481      189.64177      0              0            
Loop time of 1.204e-06 on 1 procs for 0 steps with 18 atoms

664.5% CPU use with 1 MPI tasks x 1 OpenMP threads

MPI task timing breakdown:
Section |  min time  |  avg time  |  max time  |%varavg| %total
---------------------------------------------------------------
Pair    | 0          | 0          | 0          |   0.0 |  0.00
Neigh   | 0          | 0          | 0          |   0.0 |  0.00
Comm    | 0          | 0          | 0          |   0.0 |  0.00
Output  | 0          | 0          | 0          |   0.0 |  0.00
Modify  | 0          | 0          | 0          |   0.0 |  0.00
Other   |            | 1.204e-06  |            |       |100.00

Nlocal:             18 ave          18 max          18 min
Histogram: 1 0 0 0 0 0 0 0 0 0
Nghost:           2472 ave        2472 max        2472 min
Histogram: 1 0 0 0 0 0 0 0 0 0
Neighs:              0 ave           0 max           0 min
Histogram: 1 0 0 0 0 0 0 0 0 0
FullNghs:        10320 ave       10320 max       10320 min
Histogram: 1 0 0 0 0 0 0 0 0 0

Total # of neighbors = 10320
Ave neighs/atom = 573.33333
Neighbor list builds = 0
Dangerous builds = 0
set atom * x 0.0 y 0.0 z 0.0
Setting atom values ...
  18 settings made for x
  18 settings made for y
  18 settings made for z
change_box all     x final 0 2.54502886820476 y final 0 9.87702445638424 z final 0 9.643364858566134      xy final -0.154706853912171 xz final -1.5568340362822701 yz final -1.3296592398646505 units box
Changing box ...
  triclinic box = (0 0 0) to (2.5450289 9.8770245 9.6433649) with tilt (-0.15470685 -1.556834 -1.3296592)
  triclinic box = (0 0 0) to (2.5450289 9.8770245 9.6433649) with tilt (-0.15470685 -1.556834 -1.3296592)
  triclinic box = (0 0 0) to (2.5450289 9.8770245 9.6433649) with tilt (-0.15470685 -1.556834 -1.3296592)
  triclinic box = (0 0 0) to (2.5450289 9.8770245 9.6433649) with tilt (-0.15470685 -1.556834 -1.3296592)
  triclinic box = (0 0 0) to (2.5450289 9.8770245 9.6433649) with tilt (-0.15470685 -1.556834 -1.3296592)
  triclinic box = (0 0 0) to (2.5450289 9.8770245 9.6433649) with tilt (-0.15470685 -1.556834 -1.3296592)
echo none
run 0
Per MPI rank memory allocation (min/avg/max) = 3.882 | 3.882 | 3.882 Mbytes
    PotEng          Pxx           E_mol          E_coul    
-76.737481      189.64177      0              0            
Loop time of 1.581e-06 on 1 procs for 0 steps with 18 atoms

759.0% CPU use with 1 MPI tasks x 1 OpenMP threads

MPI task timing breakdown:
Section |  min time  |  avg time  |  max time  |%varavg| %total
---------------------------------------------------------------
Pair    | 0          | 0          | 0          |   0.0 |  0.00
Neigh   | 0          | 0          | 0          |   0.0 |  0.00
Comm    | 0          | 0          | 0          |   0.0 |  0.00
Output  | 0          | 0          | 0          |   0.0 |  0.00
Modify  | 0          | 0          | 0          |   0.0 |  0.00
Other   |            | 1.581e-06  |            |       |100.00

Nlocal:             18 ave          18 max          18 min
Histogram: 1 0 0 0 0 0 0 0 0 0
Nghost:           2472 ave        2472 max        2472 min
Histogram: 1 0 0 0 0 0 0 0 0 0
Neighs:              0 ave           0 max           0 min
Histogram: 1 0 0 0 0 0 0 0 0 0
FullNghs:        10320 ave       10320 max       10320 min
Histogram: 1 0 0 0 0 0 0 0 0 0

Total # of neighbors = 10320
Ave neighs/atom = 573.33333
Neighbor list builds = 0
Dangerous builds = 0
set atom * x 0.0 y 0.0 z 0.0
Setting atom values ...
  18 settings made for x
  18 settings made for y
  18 settings made for z
change_box all     x final 0 2.5452609145860636 y final 0 9.85464707273584 z final 0 9.647863043231078      xy final -0.15666764301338754 xz final -1.556956042084124 yz final -1.3553234409928017 units box
Changing box ...
  triclinic box = (0 0 0) to (2.5452609 9.8770245 9.6433649) with tilt (-0.15470685 -1.556834 -1.3296592)
  triclinic box = (0 0 0) to (2.5452609 9.8546471 9.6433649) with tilt (-0.15470685 -1.556834 -1.3296592)
  triclinic box = (0 0 0) to (2.5452609 9.8546471 9.647863) with tilt (-0.15470685 -1.556834 -1.3296592)
  triclinic box = (0 0 0) to (2.5452609 9.8546471 9.647863) with tilt (-0.15666764 -1.556834 -1.3296592)
  triclinic box = (0 0 0) to (2.5452609 9.8546471 9.647863) with tilt (-0.15666764 -1.556956 -1.3296592)
  triclinic box = (0 0 0) to (2.5452609 9.8546471 9.647863) with tilt (-0.15666764 -1.556956 -1.3553234)
echo none
run 0
Per MPI rank memory allocation (min/avg/max) = 3.882 | 3.882 | 3.882 Mbytes
    PotEng          Pxx           E_mol          E_coul    
-76.738582      138.94568      0              0            
Loop time of 1.561e-06 on 1 procs for 0 steps with 18 atoms

832.8% CPU use with 1 MPI tasks x 1 OpenMP threads

MPI task timing breakdown:
Section |  min time  |  avg time  |  max time  |%varavg| %total
---------------------------------------------------------------
Pair    | 0          | 0          | 0          |   0.0 |  0.00
Neigh   | 0          | 0          | 0          |   0.0 |  0.00
Comm    | 0          | 0          | 0          |   0.0 |  0.00
Output  | 0          | 0          | 0          |   0.0 |  0.00
Modify  | 0          | 0          | 0          |   0.0 |  0.00
Other   |            | 1.561e-06  |            |       |100.00

Nlocal:             18 ave          18 max          18 min
Histogram: 1 0 0 0 0 0 0 0 0 0
Nghost:           2472 ave        2472 max        2472 min
Histogram: 1 0 0 0 0 0 0 0 0 0
Neighs:              0 ave           0 max           0 min
Histogram: 1 0 0 0 0 0 0 0 0 0
FullNghs:        10328 ave       10328 max       10328 min
Histogram: 1 0 0 0 0 0 0 0 0 0

Total # of neighbors = 10328
Ave neighs/atom = 573.77778
Neighbor list builds = 0
Dangerous builds = 0
set atom * x 0.0 y 0.0 z 0.0
Setting atom values ...
  18 settings made for x
  18 settings made for y
  18 settings made for z
change_box all     x final 0 2.545598274317582 y final 0 9.822300093541717 z final 0 9.654319623757619      xy final -0.15950211102526352 xz final -1.557128130073043 yz final -1.3927111010010091 units box
Changing box ...
  triclinic box = (0 0 0) to (2.5455983 9.8546471 9.647863) with tilt (-0.15666764 -1.556956 -1.3553234)
  triclinic box = (0 0 0) to (2.5455983 9.8223001 9.647863) with tilt (-0.15666764 -1.556956 -1.3553234)
  triclinic box = (0 0 0) to (2.5455983 9.8223001 9.6543196) with tilt (-0.15666764 -1.556956 -1.3553234)
  triclinic box = (0 0 0) to (2.5455983 9.8223001 9.6543196) with tilt (-0.15950211 -1.556956 -1.3553234)
  triclinic box = (0 0 0) to (2.5455983 9.8223001 9.6543196) with tilt (-0.15950211 -1.5571281 -1.3553234)
  triclinic box = (0 0 0) to (2.5455983 9.8223001 9.6543196) with tilt (-0.15950211 -1.5571281 -1.3927111)
echo none
run 0
Per MPI rank memory allocation (min/avg/max) = 3.882 | 3.882 | 3.882 Mbytes
    PotEng          Pxx           E_mol          E_coul    
-76.739169      68.316486      0              0            
Loop time of 1.424e-06 on 1 procs for 0 steps with 18 atoms

842.7% CPU use with 1 MPI tasks x 1 OpenMP threads

MPI task timing breakdown:
Section |  min time  |  avg time  |  max time  |%varavg| %total
---------------------------------------------------------------
Pair    | 0          | 0          | 0          |   0.0 |  0.00
Neigh   | 0          | 0          | 0          |   0.0 |  0.00
Comm    | 0          | 0          | 0          |   0.0 |  0.00
Output  | 0          | 0          | 0          |   0.0 |  0.00
Modify  | 0          | 0          | 0          |   0.0 |  0.00
Other   |            | 1.424e-06  |            |       |100.00

Nlocal:             18 ave          18 max          18 min
Histogram: 1 0 0 0 0 0 0 0 0 0
Nghost:           2472 ave        2472 max        2472 min
Histogram: 1 0 0 0 0 0 0 0 0 0
Neighs:              0 ave           0 max           0 min
Histogram: 1 0 0 0 0 0 0 0 0 0
FullNghs:        10350 ave       10350 max       10350 min
Histogram: 1 0 0 0 0 0 0 0 0 0

Total # of neighbors = 10350
Ave neighs/atom = 575
Neighbor list builds = 0
Dangerous builds = 0
set atom * x 0.0 y 0.0 z 0.0
Setting atom values ...
  18 settings made for x
  18 settings made for y
  18 settings made for z
change_box all     x final 0 2.545598274317582 y final 0 9.822300093541713 z final 0 9.654319623757615      xy final -0.15950211102526315 xz final -1.5571281300730406 yz final -1.3927111010010103 units box
Changing box ...
  triclinic box = (0 0 0) to (2.5455983 9.8223001 9.6543196) with tilt (-0.15950211 -1.5571281 -1.3927111)
  triclinic box = (0 0 0) to (2.5455983 9.8223001 9.6543196) with tilt (-0.15950211 -1.5571281 -1.3927111)
  triclinic box = (0 0 0) to (2.5455983 9.8223001 9.6543196) with tilt (-0.15950211 -1.5571281 -1.3927111)
  triclinic box = (0 0 0) to (2.5455983 9.8223001 9.6543196) with tilt (-0.15950211 -1.5571281 -1.3927111)
  triclinic box = (0 0 0) to (2.5455983 9.8223001 9.6543196) with tilt (-0.15950211 -1.5571281 -1.3927111)
  triclinic box = (0 0 0) to (2.5455983 9.8223001 9.6543196) with tilt (-0.15950211 -1.5571281 -1.3927111)
echo none
run 0
Per MPI rank memory allocation (min/avg/max) = 3.882 | 3.882 | 3.882 Mbytes
    PotEng          Pxx           E_mol          E_coul    
-76.739169      68.316486      0              0            
Loop time of 1.778e-06 on 1 procs for 0 steps with 18 atoms

562.4% CPU use with 1 MPI tasks x 1 OpenMP threads

MPI task timing breakdown:
Section |  min time  |  avg time  |  max time  |%varavg| %total
---------------------------------------------------------------
Pair    | 0          | 0          | 0          |   0.0 |  0.00
Neigh   | 0          | 0          | 0          |   0.0 |  0.00
Comm    | 0          | 0          | 0          |   0.0 |  0.00
Output  | 0          | 0          | 0          |   0.0 |  0.00
Modify  | 0          | 0          | 0          |   0.0 |  0.00
Other   |            | 1.778e-06  |            |       |100.00

Nlocal:             18 ave          18 max          18 min
Histogram: 1 0 0 0 0 0 0 0 0 0
Nghost:           2472 ave        2472 max        2472 min
Histogram: 1 0 0 0 0 0 0 0 0 0
Neighs:              0 ave           0 max           0 min
Histogram: 1 0 0 0 0 0 0 0 0 0
FullNghs:        10350 ave       10350 max       10350 min
Histogram: 1 0 0 0 0 0 0 0 0 0

Total # of neighbors = 10350
Ave neighs/atom = 575
Neighbor list builds = 0
Dangerous builds = 0
set atom * x 0.0 y 0.0 z 0.0
Setting atom values ...
  18 settings made for x
  18 settings made for y
  18 settings made for z
change_box all     x final 0 2.545353318317533 y final 0 9.82388899184566 z final 0 9.65894065399168      xy final -0.16322730869892887 xz final -1.553070215034116 yz final -1.3735763880324674 units box
Changing box ...
  triclinic box = (0 0 0) to (2.5453533 9.8223001 9.6543196) with tilt (-0.15950211 -1.5571281 -1.3927111)
  triclinic box = (0 0 0) to (2.5453533 9.823889 9.6543196) with tilt (-0.15950211 -1.5571281 -1.3927111)
  triclinic box = (0 0 0) to (2.5453533 9.823889 9.6589407) with tilt (-0.15950211 -1.5571281 -1.3927111)
  triclinic box = (0 0 0) to (2.5453533 9.823889 9.6589407) with tilt (-0.16322731 -1.5571281 -1.3927111)
  triclinic box = (0 0 0) to (2.5453533 9.823889 9.6589407) with tilt (-0.16322731 -1.5530702 -1.3927111)
  triclinic box = (0 0 0) to (2.5453533 9.823889 9.6589407) with tilt (-0.16322731 -1.5530702 -1.3735764)
echo none
run 0
Per MPI rank memory allocation (min/avg/max) = 3.882 | 3.882 | 3.882 Mbytes
    PotEng          Pxx           E_mol          E_coul    
-76.739737      109.68367      0              0            
Loop time of 1.603e-06 on 1 procs for 0 steps with 18 atoms

998.1% CPU use with 1 MPI tasks x 1 OpenMP threads

MPI task timing breakdown:
Section |  min time  |  avg time  |  max time  |%varavg| %total
---------------------------------------------------------------
Pair    | 0          | 0          | 0          |   0.0 |  0.00
Neigh   | 0          | 0          | 0          |   0.0 |  0.00
Comm    | 0          | 0          | 0          |   0.0 |  0.00
Output  | 0          | 0          | 0          |   0.0 |  0.00
Modify  | 0          | 0          | 0          |   0.0 |  0.00
Other   |            | 1.603e-06  |            |       |100.00

Nlocal:             18 ave          18 max          18 min
Histogram: 1 0 0 0 0 0 0 0 0 0
Nghost:           2472 ave        2472 max        2472 min
Histogram: 1 0 0 0 0 0 0 0 0 0
Neighs:              0 ave           0 max           0 min
Histogram: 1 0 0 0 0 0 0 0 0 0
FullNghs:        10350 ave       10350 max       10350 min
Histogram: 1 0 0 0 0 0 0 0 0 0

Total # of neighbors = 10350
Ave neighs/atom = 575
Neighbor list builds = 0
Dangerous builds = 0
set atom * x 0.0 y 0.0 z 0.0
Setting atom values ...
  18 settings made for x
  18 settings made for y
  18 settings made for z
change_box all     x final 0 2.5453533183175336 y final 0 9.82388899184566 z final 0 9.658940653991685      xy final -0.16322730869892907 xz final -1.5530702150341187 yz final -1.3735763880324672 units box
Changing box ...
  triclinic box = (0 0 0) to (2.5453533 9.823889 9.6589407) with tilt (-0.16322731 -1.5530702 -1.3735764)
  triclinic box = (0 0 0) to (2.5453533 9.823889 9.6589407) with tilt (-0.16322731 -1.5530702 -1.3735764)
  triclinic box = (0 0 0) to (2.5453533 9.823889 9.6589407) with tilt (-0.16322731 -1.5530702 -1.3735764)
  triclinic box = (0 0 0) to (2.5453533 9.823889 9.6589407) with tilt (-0.16322731 -1.5530702 -1.3735764)
  triclinic box = (0 0 0) to (2.5453533 9.823889 9.6589407) with tilt (-0.16322731 -1.5530702 -1.3735764)
  triclinic box = (0 0 0) to (2.5453533 9.823889 9.6589407) with tilt (-0.16322731 -1.5530702 -1.3735764)
echo none
run 0
Per MPI rank memory allocation (min/avg/max) = 3.882 | 3.882 | 3.882 Mbytes
    PotEng          Pxx           E_mol          E_coul    
-76.739737      109.68367      0              0            
Loop time of 2.168e-06 on 1 procs for 0 steps with 18 atoms

645.8% CPU use with 1 MPI tasks x 1 OpenMP threads

MPI task timing breakdown:
Section |  min time  |  avg time  |  max time  |%varavg| %total
---------------------------------------------------------------
Pair    | 0          | 0          | 0          |   0.0 |  0.00
Neigh   | 0          | 0          | 0          |   0.0 |  0.00
Comm    | 0          | 0          | 0          |   0.0 |  0.00
Output  | 0          | 0          | 0          |   0.0 |  0.00
Modify  | 0          | 0          | 0          |   0.0 |  0.00
Other   |            | 2.168e-06  |            |       |100.00

Nlocal:             18 ave          18 max          18 min
Histogram: 1 0 0 0 0 0 0 0 0 0
Nghost:           2472 ave        2472 max        2472 min
Histogram: 1 0 0 0 0 0 0 0 0 0
Neighs:              0 ave           0 max           0 min
Histogram: 1 0 0 0 0 0 0 0 0 0
FullNghs:        10350 ave       10350 max       10350 min
Histogram: 1 0 0 0 0 0 0 0 0 0

Total # of neighbors = 10350
Ave neighs/atom = 575
Neighbor list builds = 0
Dangerous builds = 0
set atom * x 0.0 y 0.0 z 0.0
Setting atom values ...
  18 settings made for x
  18 settings made for y
  18 settings made for z
change_box all     x final 0 2.54522236457732 y final 0 9.850713168101807 z final 0 9.645236283627485      xy final -0.15661468079924398 xz final -1.5571582248947213 yz final -1.35520431271956 units box
Changing box ...
  triclinic box = (0 0 0) to (2.5452224 9.823889 9.6589407) with tilt (-0.16322731 -1.5530702 -1.3735764)
  triclinic box = (0 0 0) to (2.5452224 9.8507132 9.6589407) with tilt (-0.16322731 -1.5530702 -1.3735764)
  triclinic box = (0 0 0) to (2.5452224 9.8507132 9.6452363) with tilt (-0.16322731 -1.5530702 -1.3735764)
  triclinic box = (0 0 0) to (2.5452224 9.8507132 9.6452363) with tilt (-0.15661468 -1.5530702 -1.3735764)
  triclinic box = (0 0 0) to (2.5452224 9.8507132 9.6452363) with tilt (-0.15661468 -1.5571582 -1.3735764)
  triclinic box = (0 0 0) to (2.5452224 9.8507132 9.6452363) with tilt (-0.15661468 -1.5571582 -1.3552043)
echo none
run 0
Per MPI rank memory allocation (min/avg/max) = 3.882 | 3.882 | 3.882 Mbytes
    PotEng          Pxx           E_mol          E_coul    
-76.739995      94.406882      0              0            
Loop time of 2.969e-06 on 1 procs for 0 steps with 18 atoms

538.9% CPU use with 1 MPI tasks x 1 OpenMP threads

MPI task timing breakdown:
Section |  min time  |  avg time  |  max time  |%varavg| %total
---------------------------------------------------------------
Pair    | 0          | 0          | 0          |   0.0 |  0.00
Neigh   | 0          | 0          | 0          |   0.0 |  0.00
Comm    | 0          | 0          | 0          |   0.0 |  0.00
Output  | 0          | 0          | 0          |   0.0 |  0.00
Modify  | 0          | 0          | 0          |   0.0 |  0.00
Other   |            | 2.969e-06  |            |       |100.00

Nlocal:             18 ave          18 max          18 min
Histogram: 1 0 0 0 0 0 0 0 0 0
Nghost:           2472 ave        2472 max        2472 min
Histogram: 1 0 0 0 0 0 0 0 0 0
Neighs:              0 ave           0 max           0 min
Histogram: 1 0 0 0 0 0 0 0 0 0
FullNghs:        10336 ave       10336 max       10336 min
Histogram: 1 0 0 0 0 0 0 0 0 0

Total # of neighbors = 10336
Ave neighs/atom = 574.22222
Neighbor list builds = 0
Dangerous builds = 0
set atom * x 0.0 y 0.0 z 0.0
Setting atom values ...
  18 settings made for x
  18 settings made for y
  18 settings made for z
change_box all     x final 0 2.5452223645773193 y final 0 9.850713168101807 z final 0 9.645236283627487      xy final -0.15661468079924373 xz final -1.557158224894724 yz final -1.355204312719556 units box
Changing box ...
  triclinic box = (0 0 0) to (2.5452224 9.8507132 9.6452363) with tilt (-0.15661468 -1.5571582 -1.3552043)
  triclinic box = (0 0 0) to (2.5452224 9.8507132 9.6452363) with tilt (-0.15661468 -1.5571582 -1.3552043)
  triclinic box = (0 0 0) to (2.5452224 9.8507132 9.6452363) with tilt (-0.15661468 -1.5571582 -1.3552043)
  triclinic box = (0 0 0) to (2.5452224 9.8507132 9.6452363) with tilt (-0.15661468 -1.5571582 -1.3552043)
  triclinic box = (0 0 0) to (2.5452224 9.8507132 9.6452363) with tilt (-0.15661468 -1.5571582 -1.3552043)
  triclinic box = (0 0 0) to (2.5452224 9.8507132 9.6452363) with tilt (-0.15661468 -1.5571582 -1.3552043)
echo none
run 0
Per MPI rank memory allocation (min/avg/max) = 3.882 | 3.882 | 3.882 Mbytes
    PotEng          Pxx           E_mol          E_coul    
-76.739995      94.406882      0              0            
Loop time of 1.506e-06 on 1 procs for 0 steps with 18 atoms

929.6% CPU use with 1 MPI tasks x 1 OpenMP threads

MPI task timing breakdown:
Section |  min time  |  avg time  |  max time  |%varavg| %total
---------------------------------------------------------------
Pair    | 0          | 0          | 0          |   0.0 |  0.00
Neigh   | 0          | 0          | 0          |   0.0 |  0.00
Comm    | 0          | 0          | 0          |   0.0 |  0.00
Output  | 0          | 0          | 0          |   0.0 |  0.00
Modify  | 0          | 0          | 0          |   0.0 |  0.00
Other   |            | 1.506e-06  |            |       |100.00

Nlocal:             18 ave          18 max          18 min
Histogram: 1 0 0 0 0 0 0 0 0 0
Nghost:           2472 ave        2472 max        2472 min
Histogram: 1 0 0 0 0 0 0 0 0 0
Neighs:              0 ave           0 max           0 min
Histogram: 1 0 0 0 0 0 0 0 0 0
FullNghs:        10336 ave       10336 max       10336 min
Histogram: 1 0 0 0 0 0 0 0 0 0

Total # of neighbors = 10336
Ave neighs/atom = 574.22222
Neighbor list builds = 0
Dangerous builds = 0
set atom * x 0.0 y 0.0 z 0.0
Setting atom values ...
  18 settings made for x
  18 settings made for y
  18 settings made for z
change_box all     x final 0 2.5452101212765856 y final 0 9.841481852170032 z final 0 9.637115011342052      xy final -0.15788546082057567 xz final -1.5564702735004556 yz final -1.3486633383596849 units box
Changing box ...
  triclinic box = (0 0 0) to (2.5452101 9.8507132 9.6452363) with tilt (-0.15661468 -1.5571582 -1.3552043)
  triclinic box = (0 0 0) to (2.5452101 9.8414819 9.6452363) with tilt (-0.15661468 -1.5571582 -1.3552043)
  triclinic box = (0 0 0) to (2.5452101 9.8414819 9.637115) with tilt (-0.15661468 -1.5571582 -1.3552043)
  triclinic box = (0 0 0) to (2.5452101 9.8414819 9.637115) with tilt (-0.15788546 -1.5571582 -1.3552043)
  triclinic box = (0 0 0) to (2.5452101 9.8414819 9.637115) with tilt (-0.15788546 -1.5564703 -1.3552043)
  triclinic box = (0 0 0) to (2.5452101 9.8414819 9.637115) with tilt (-0.15788546 -1.5564703 -1.3486633)
echo none
run 0
Per MPI rank memory allocation (min/avg/max) = 3.882 | 3.882 | 3.882 Mbytes
    PotEng          Pxx           E_mol          E_coul    
-76.740107      75.027192      0              0            
Loop time of 1.533e-06 on 1 procs for 0 steps with 18 atoms

782.8% CPU use with 1 MPI tasks x 1 OpenMP threads

MPI task timing breakdown:
Section |  min time  |  avg time  |  max time  |%varavg| %total
---------------------------------------------------------------
Pair    | 0          | 0          | 0          |   0.0 |  0.00
Neigh   | 0          | 0          | 0          |   0.0 |  0.00
Comm    | 0          | 0          | 0          |   0.0 |  0.00
Output  | 0          | 0          | 0          |   0.0 |  0.00
Modify  | 0          | 0          | 0          |   0.0 |  0.00
Other   |            | 1.533e-06  |            |       |100.00

Nlocal:             18 ave          18 max          18 min
Histogram: 1 0 0 0 0 0 0 0 0 0
Nghost:           2472 ave        2472 max        2472 min
Histogram: 1 0 0 0 0 0 0 0 0 0
Neighs:              0 ave           0 max           0 min
Histogram: 1 0 0 0 0 0 0 0 0 0
FullNghs:        10358 ave       10358 max       10358 min
Histogram: 1 0 0 0 0 0 0 0 0 0

Total # of neighbors = 10358
Ave neighs/atom = 575.44444
Neighbor list builds = 0
Dangerous builds = 0
set atom * x 0.0 y 0.0 z 0.0
Setting atom values ...
  18 settings made for x
  18 settings made for y
  18 settings made for z
change_box all     x final 0 2.5451972065245463 y final 0 9.831733173425544 z final 0 9.628534521868122      xy final -0.1592259735698123 xz final -1.5557452861666756 yz final -1.3417589545131903 units box
Changing box ...
  triclinic box = (0 0 0) to (2.5451972 9.8414819 9.637115) with tilt (-0.15788546 -1.5564703 -1.3486633)
  triclinic box = (0 0 0) to (2.5451972 9.8317332 9.637115) with tilt (-0.15788546 -1.5564703 -1.3486633)
  triclinic box = (0 0 0) to (2.5451972 9.8317332 9.6285345) with tilt (-0.15788546 -1.5564703 -1.3486633)
  triclinic box = (0 0 0) to (2.5451972 9.8317332 9.6285345) with tilt (-0.15922597 -1.5564703 -1.3486633)
  triclinic box = (0 0 0) to (2.5451972 9.8317332 9.6285345) with tilt (-0.15922597 -1.5557453 -1.3486633)
  triclinic box = (0 0 0) to (2.5451972 9.8317332 9.6285345) with tilt (-0.15922597 -1.5557453 -1.341759)
echo none
run 0
Per MPI rank memory allocation (min/avg/max) = 3.882 | 3.882 | 3.882 Mbytes
    PotEng          Pxx           E_mol          E_coul    
-76.740147      55.284801      0              0            
Loop time of 1.433e-06 on 1 procs for 0 steps with 18 atoms

628.1% CPU use with 1 MPI tasks x 1 OpenMP threads

MPI task timing breakdown:
Section |  min time  |  avg time  |  max time  |%varavg| %total
---------------------------------------------------------------
Pair    | 0          | 0          | 0          |   0.0 |  0.00
Neigh   | 0          | 0          | 0          |   0.0 |  0.00
Comm    | 0          | 0          | 0          |   0.0 |  0.00
Output  | 0          | 0          | 0          |   0.0 |  0.00
Modify  | 0          | 0          | 0          |   0.0 |  0.00
Other   |            | 1.433e-06  |            |       |100.00

Nlocal:             18 ave          18 max          18 min
Histogram: 1 0 0 0 0 0 0 0 0 0
Nghost:           2472 ave        2472 max        2472 min
Histogram: 1 0 0 0 0 0 0 0 0 0
Neighs:              0 ave           0 max           0 min
Histogram: 1 0 0 0 0 0 0 0 0 0
FullNghs:        10376 ave       10376 max       10376 min
Histogram: 1 0 0 0 0 0 0 0 0 0

Total # of neighbors = 10376
Ave neighs/atom = 576.44444
Neighbor list builds = 0
Dangerous builds = 0
set atom * x 0.0 y 0.0 z 0.0
Setting atom values ...
  18 settings made for x
  18 settings made for y
  18 settings made for z
change_box all     x final 0 2.5451972065245463 y final 0 9.831733173425539 z final 0 9.628534521868119      xy final -0.15922597356981194 xz final -1.5557452861666736 yz final -1.3417589545131852 units box
Changing box ...
  triclinic box = (0 0 0) to (2.5451972 9.8317332 9.6285345) with tilt (-0.15922597 -1.5557453 -1.341759)
  triclinic box = (0 0 0) to (2.5451972 9.8317332 9.6285345) with tilt (-0.15922597 -1.5557453 -1.341759)
  triclinic box = (0 0 0) to (2.5451972 9.8317332 9.6285345) with tilt (-0.15922597 -1.5557453 -1.341759)
  triclinic box = (0 0 0) to (2.5451972 9.8317332 9.6285345) with tilt (-0.15922597 -1.5557453 -1.341759)
  triclinic box = (0 0 0) to (2.5451972 9.8317332 9.6285345) with tilt (-0.15922597 -1.5557453 -1.341759)
  triclinic box = (0 0 0) to (2.5451972 9.8317332 9.6285345) with tilt (-0.15922597 -1.5557453 -1.341759)
echo none
run 0
Per MPI rank memory allocation (min/avg/max) = 3.882 | 3.882 | 3.882 Mbytes
    PotEng          Pxx           E_mol          E_coul    
-76.740147      55.284801      0              0            
Loop time of 1.286e-06 on 1 procs for 0 steps with 18 atoms

466.6% CPU use with 1 MPI tasks x 1 OpenMP threads

MPI task timing breakdown:
Section |  min time  |  avg time  |  max time  |%varavg| %total
---------------------------------------------------------------
Pair    | 0          | 0          | 0          |   0.0 |  0.00
Neigh   | 0          | 0          | 0          |   0.0 |  0.00
Comm    | 0          | 0          | 0          |   0.0 |  0.00
Output  | 0          | 0          | 0          |   0.0 |  0.00
Modify  | 0          | 0          | 0          |   0.0 |  0.00
Other   |            | 1.286e-06  |            |       |100.00

Nlocal:             18 ave          18 max          18 min
Histogram: 1 0 0 0 0 0 0 0 0 0
Nghost:           2472 ave        2472 max        2472 min
Histogram: 1 0 0 0 0 0 0 0 0 0
Neighs:              0 ave           0 max           0 min
Histogram: 1 0 0 0 0 0 0 0 0 0
FullNghs:        10376 ave       10376 max       10376 min
Histogram: 1 0 0 0 0 0 0 0 0 0

Total # of neighbors = 10376
Ave neighs/atom = 576.44444
Neighbor list builds = 0
Dangerous builds = 0
set atom * x 0.0 y 0.0 z 0.0
Setting atom values ...
  18 settings made for x
  18 settings made for y
  18 settings made for z
change_box all     x final 0 2.545269756888572 y final 0 9.853238055192081 z final 0 9.607013482354219      xy final -0.15224982017440367 xz final -1.5560866033905232 yz final -1.3154114554652145 units box
Changing box ...
  triclinic box = (0 0 0) to (2.5452698 9.8317332 9.6285345) with tilt (-0.15922597 -1.5557453 -1.341759)
  triclinic box = (0 0 0) to (2.5452698 9.8532381 9.6285345) with tilt (-0.15922597 -1.5557453 -1.341759)
  triclinic box = (0 0 0) to (2.5452698 9.8532381 9.6070135) with tilt (-0.15922597 -1.5557453 -1.341759)
  triclinic box = (0 0 0) to (2.5452698 9.8532381 9.6070135) with tilt (-0.15224982 -1.5557453 -1.341759)
  triclinic box = (0 0 0) to (2.5452698 9.8532381 9.6070135) with tilt (-0.15224982 -1.5560866 -1.341759)
  triclinic box = (0 0 0) to (2.5452698 9.8532381 9.6070135) with tilt (-0.15224982 -1.5560866 -1.3154115)
echo none
run 0
Per MPI rank memory allocation (min/avg/max) = 3.882 | 3.882 | 3.882 Mbytes
    PotEng          Pxx           E_mol          E_coul    
-76.740327     -0.37308632     0              0            
Loop time of 2.12e-06 on 1 procs for 0 steps with 18 atoms

801.9% CPU use with 1 MPI tasks x 1 OpenMP threads

MPI task timing breakdown:
Section |  min time  |  avg time  |  max time  |%varavg| %total
---------------------------------------------------------------
Pair    | 0          | 0          | 0          |   0.0 |  0.00
Neigh   | 0          | 0          | 0          |   0.0 |  0.00
Comm    | 0          | 0          | 0          |   0.0 |  0.00
Output  | 0          | 0          | 0          |   0.0 |  0.00
Modify  | 0          | 0          | 0          |   0.0 |  0.00
Other   |            | 2.12e-06   |            |       |100.00

Nlocal:             18 ave          18 max          18 min
Histogram: 1 0 0 0 0 0 0 0 0 0
Nghost:           2472 ave        2472 max        2472 min
Histogram: 1 0 0 0 0 0 0 0 0 0
Neighs:              0 ave           0 max           0 min
Histogram: 1 0 0 0 0 0 0 0 0 0
FullNghs:        10366 ave       10366 max       10366 min
Histogram: 1 0 0 0 0 0 0 0 0 0

Total # of neighbors = 10366
Ave neighs/atom = 575.88889
Neighbor list builds = 0
Dangerous builds = 0
set atom * x 0.0 y 0.0 z 0.0
Setting atom values ...
  18 settings made for x
  18 settings made for y
  18 settings made for z
change_box all     x final 0 2.545416259091338 y final 0 9.896480374263703 z final 0 9.5640226665905      xy final -0.13822163895851297 xz final -1.556744857591966 yz final -1.263256667877689 units box
Changing box ...
  triclinic box = (0 0 0) to (2.5454163 9.8532381 9.6070135) with tilt (-0.15224982 -1.5560866 -1.3154115)
  triclinic box = (0 0 0) to (2.5454163 9.8964804 9.6070135) with tilt (-0.15224982 -1.5560866 -1.3154115)
  triclinic box = (0 0 0) to (2.5454163 9.8964804 9.5640227) with tilt (-0.15224982 -1.5560866 -1.3154115)
  triclinic box = (0 0 0) to (2.5454163 9.8964804 9.5640227) with tilt (-0.13822164 -1.5560866 -1.3154115)
  triclinic box = (0 0 0) to (2.5454163 9.8964804 9.5640227) with tilt (-0.13822164 -1.5567449 -1.3154115)
  triclinic box = (0 0 0) to (2.5454163 9.8964804 9.5640227) with tilt (-0.13822164 -1.5567449 -1.2632567)
echo none
run 0
Per MPI rank memory allocation (min/avg/max) = 3.882 | 3.882 | 3.882 Mbytes
    PotEng          Pxx           E_mol          E_coul    
-76.740461     -122.58055      0              0            
Loop time of 1.177e-06 on 1 procs for 0 steps with 18 atoms

679.7% CPU use with 1 MPI tasks x 1 OpenMP threads

MPI task timing breakdown:
Section |  min time  |  avg time  |  max time  |%varavg| %total
---------------------------------------------------------------
Pair    | 0          | 0          | 0          |   0.0 |  0.00
Neigh   | 0          | 0          | 0          |   0.0 |  0.00
Comm    | 0          | 0          | 0          |   0.0 |  0.00
Output  | 0          | 0          | 0          |   0.0 |  0.00
Modify  | 0          | 0          | 0          |   0.0 |  0.00
Other   |            | 1.177e-06  |            |       |100.00

Nlocal:             18 ave          18 max          18 min
Histogram: 1 0 0 0 0 0 0 0 0 0
Nghost:           2472 ave        2472 max        2472 min
Histogram: 1 0 0 0 0 0 0 0 0 0
Neighs:              0 ave           0 max           0 min
Histogram: 1 0 0 0 0 0 0 0 0 0
FullNghs:        10384 ave       10384 max       10384 min
Histogram: 1 0 0 0 0 0 0 0 0 0

Total # of neighbors = 10384
Ave neighs/atom = 576.88889
Neighbor list builds = 0
Dangerous builds = 0
set atom * x 0.0 y 0.0 z 0.0
Setting atom values ...
  18 settings made for x
  18 settings made for y
  18 settings made for z
change_box all     x final 0 2.545416259091338 y final 0 9.896480374263703 z final 0 9.564022666590505      xy final -0.13822163895851278 xz final -1.556744857591969 yz final -1.2632566678776904 units box
Changing box ...
  triclinic box = (0 0 0) to (2.5454163 9.8964804 9.5640227) with tilt (-0.13822164 -1.5567449 -1.2632567)
  triclinic box = (0 0 0) to (2.5454163 9.8964804 9.5640227) with tilt (-0.13822164 -1.5567449 -1.2632567)
  triclinic box = (0 0 0) to (2.5454163 9.8964804 9.5640227) with tilt (-0.13822164 -1.5567449 -1.2632567)
  triclinic box = (0 0 0) to (2.5454163 9.8964804 9.5640227) with tilt (-0.13822164 -1.5567449 -1.2632567)
  triclinic box = (0 0 0) to (2.5454163 9.8964804 9.5640227) with tilt (-0.13822164 -1.5567449 -1.2632567)
  triclinic box = (0 0 0) to (2.5454163 9.8964804 9.5640227) with tilt (-0.13822164 -1.5567449 -1.2632567)
echo none
run 0
Per MPI rank memory allocation (min/avg/max) = 3.882 | 3.882 | 3.882 Mbytes
    PotEng          Pxx           E_mol          E_coul    
-76.740461     -122.58055      0              0            
Loop time of 1.358e-06 on 1 procs for 0 steps with 18 atoms

957.3% CPU use with 1 MPI tasks x 1 OpenMP threads

MPI task timing breakdown:
Section |  min time  |  avg time  |  max time  |%varavg| %total
---------------------------------------------------------------
Pair    | 0          | 0          | 0          |   0.0 |  0.00
Neigh   | 0          | 0          | 0          |   0.0 |  0.00
Comm    | 0          | 0          | 0          |   0.0 |  0.00
Output  | 0          | 0          | 0          |   0.0 |  0.00
Modify  | 0          | 0          | 0          |   0.0 |  0.00
Other   |            | 1.358e-06  |            |       |100.00

Nlocal:             18 ave          18 max          18 min
Histogram: 1 0 0 0 0 0 0 0 0 0
Nghost:           2472 ave        2472 max        2472 min
Histogram: 1 0 0 0 0 0 0 0 0 0
Neighs:              0 ave           0 max           0 min
Histogram: 1 0 0 0 0 0 0 0 0 0
FullNghs:        10384 ave       10384 max       10384 min
Histogram: 1 0 0 0 0 0 0 0 0 0

Total # of neighbors = 10384
Ave neighs/atom = 576.88889
Neighbor list builds = 0
Dangerous builds = 0
set atom * x 0.0 y 0.0 z 0.0
Setting atom values ...
  18 settings made for x
  18 settings made for y
  18 settings made for z
change_box all     x final 0 2.545346228035164 y final 0 9.880376908665543 z final 0 9.56385156165531      xy final -0.14199331339112153 xz final -1.5568627428362094 yz final -1.2692897322776042 units box
Changing box ...
  triclinic box = (0 0 0) to (2.5453462 9.8964804 9.5640227) with tilt (-0.13822164 -1.5567449 -1.2632567)
  triclinic box = (0 0 0) to (2.5453462 9.8803769 9.5640227) with tilt (-0.13822164 -1.5567449 -1.2632567)
  triclinic box = (0 0 0) to (2.5453462 9.8803769 9.5638516) with tilt (-0.13822164 -1.5567449 -1.2632567)
  triclinic box = (0 0 0) to (2.5453462 9.8803769 9.5638516) with tilt (-0.14199331 -1.5567449 -1.2632567)
  triclinic box = (0 0 0) to (2.5453462 9.8803769 9.5638516) with tilt (-0.14199331 -1.5568627 -1.2632567)
  triclinic box = (0 0 0) to (2.5453462 9.8803769 9.5638516) with tilt (-0.14199331 -1.5568627 -1.2692897)
echo none
run 0
Per MPI rank memory allocation (min/avg/max) = 3.882 | 3.882 | 3.882 Mbytes
    PotEng          Pxx           E_mol          E_coul    
-76.740658     -109.2263       0              0            
Loop time of 1.336e-06 on 1 procs for 0 steps with 18 atoms

898.2% CPU use with 1 MPI tasks x 1 OpenMP threads

MPI task timing breakdown:
Section |  min time  |  avg time  |  max time  |%varavg| %total
---------------------------------------------------------------
Pair    | 0          | 0          | 0          |   0.0 |  0.00
Neigh   | 0          | 0          | 0          |   0.0 |  0.00
Comm    | 0          | 0          | 0          |   0.0 |  0.00
Output  | 0          | 0          | 0          |   0.0 |  0.00
Modify  | 0          | 0          | 0          |   0.0 |  0.00
Other   |            | 1.336e-06  |            |       |100.00

Nlocal:             18 ave          18 max          18 min
Histogram: 1 0 0 0 0 0 0 0 0 0
Nghost:           2472 ave        2472 max        2472 min
Histogram: 1 0 0 0 0 0 0 0 0 0
Neighs:              0 ave           0 max           0 min
Histogram: 1 0 0 0 0 0 0 0 0 0
FullNghs:        10396 ave       10396 max       10396 min
Histogram: 1 0 0 0 0 0 0 0 0 0

Total # of neighbors = 10396
Ave neighs/atom = 577.55556
Neighbor list builds = 0
Dangerous builds = 0
set atom * x 0.0 y 0.0 z 0.0
Setting atom values ...
  18 settings made for x
  18 settings made for y
  18 settings made for z
change_box all     x final 0 2.545251673987759 y final 0 9.858621128844787 z final 0 9.56361372894498      xy final -0.14708083831790247 xz final -1.5570206732433651 yz final -1.2774665452199931 units box
Changing box ...
  triclinic box = (0 0 0) to (2.5452517 9.8803769 9.5638516) with tilt (-0.14199331 -1.5568627 -1.2692897)
  triclinic box = (0 0 0) to (2.5452517 9.8586211 9.5638516) with tilt (-0.14199331 -1.5568627 -1.2692897)
  triclinic box = (0 0 0) to (2.5452517 9.8586211 9.5636137) with tilt (-0.14199331 -1.5568627 -1.2692897)
  triclinic box = (0 0 0) to (2.5452517 9.8586211 9.5636137) with tilt (-0.14708084 -1.5568627 -1.2692897)
  triclinic box = (0 0 0) to (2.5452517 9.8586211 9.5636137) with tilt (-0.14708084 -1.5570207 -1.2692897)
  triclinic box = (0 0 0) to (2.5452517 9.8586211 9.5636137) with tilt (-0.14708084 -1.5570207 -1.2774665)
echo none
run 0
Per MPI rank memory allocation (min/avg/max) = 3.882 | 3.882 | 3.882 Mbytes
    PotEng          Pxx           E_mol          E_coul    
-76.740754     -90.539089      0              0            
Loop time of 1.44e-06 on 1 procs for 0 steps with 18 atoms

833.3% CPU use with 1 MPI tasks x 1 OpenMP threads

MPI task timing breakdown:
Section |  min time  |  avg time  |  max time  |%varavg| %total
---------------------------------------------------------------
Pair    | 0          | 0          | 0          |   0.0 |  0.00
Neigh   | 0          | 0          | 0          |   0.0 |  0.00
Comm    | 0          | 0          | 0          |   0.0 |  0.00
Output  | 0          | 0          | 0          |   0.0 |  0.00
Modify  | 0          | 0          | 0          |   0.0 |  0.00
Other   |            | 1.44e-06   |            |       |100.00

Nlocal:             18 ave          18 max          18 min
Histogram: 1 0 0 0 0 0 0 0 0 0
Nghost:           2472 ave        2472 max        2472 min
Histogram: 1 0 0 0 0 0 0 0 0 0
Neighs:              0 ave           0 max           0 min
Histogram: 1 0 0 0 0 0 0 0 0 0
FullNghs:        10416 ave       10416 max       10416 min
Histogram: 1 0 0 0 0 0 0 0 0 0

Total # of neighbors = 10416
Ave neighs/atom = 578.66667
Neighbor list builds = 0
Dangerous builds = 0
set atom * x 0.0 y 0.0 z 0.0
Setting atom values ...
  18 settings made for x
  18 settings made for y
  18 settings made for z
change_box all     x final 0 2.5452516739877566 y final 0 9.858621128844785 z final 0 9.563613728944981      xy final -0.147080838317902 xz final -1.5570206732433696 yz final -1.2774665452199923 units box
Changing box ...
  triclinic box = (0 0 0) to (2.5452517 9.8586211 9.5636137) with tilt (-0.14708084 -1.5570207 -1.2774665)
  triclinic box = (0 0 0) to (2.5452517 9.8586211 9.5636137) with tilt (-0.14708084 -1.5570207 -1.2774665)
  triclinic box = (0 0 0) to (2.5452517 9.8586211 9.5636137) with tilt (-0.14708084 -1.5570207 -1.2774665)
  triclinic box = (0 0 0) to (2.5452517 9.8586211 9.5636137) with tilt (-0.14708084 -1.5570207 -1.2774665)
  triclinic box = (0 0 0) to (2.5452517 9.8586211 9.5636137) with tilt (-0.14708084 -1.5570207 -1.2774665)
  triclinic box = (0 0 0) to (2.5452517 9.8586211 9.5636137) with tilt (-0.14708084 -1.5570207 -1.2774665)
echo none
run 0
Per MPI rank memory allocation (min/avg/max) = 3.882 | 3.882 | 3.882 Mbytes
    PotEng          Pxx           E_mol          E_coul    
-76.740754     -90.539089      0              0            
Loop time of 1.889e-06 on 1 procs for 0 steps with 18 atoms

582.3% CPU use with 1 MPI tasks x 1 OpenMP threads

MPI task timing breakdown:
Section |  min time  |  avg time  |  max time  |%varavg| %total
---------------------------------------------------------------
Pair    | 0          | 0          | 0          |   0.0 |  0.00
Neigh   | 0          | 0          | 0          |   0.0 |  0.00
Comm    | 0          | 0          | 0          |   0.0 |  0.00
Output  | 0          | 0          | 0          |   0.0 |  0.00
Modify  | 0          | 0          | 0          |   0.0 |  0.00
Other   |            | 1.889e-06  |            |       |100.00

Nlocal:             18 ave          18 max          18 min
Histogram: 1 0 0 0 0 0 0 0 0 0
Nghost:           2472 ave        2472 max        2472 min
Histogram: 1 0 0 0 0 0 0 0 0 0
Neighs:              0 ave           0 max           0 min
Histogram: 1 0 0 0 0 0 0 0 0 0
FullNghs:        10416 ave       10416 max       10416 min
Histogram: 1 0 0 0 0 0 0 0 0 0

Total # of neighbors = 10416
Ave neighs/atom = 578.66667
Neighbor list builds = 0
Dangerous builds = 0
set atom * x 0.0 y 0.0 z 0.0
Setting atom values ...
  18 settings made for x
  18 settings made for y
  18 settings made for z
change_box all     x final 0 2.5452434075393953 y final 0 9.863340902862628 z final 0 9.554410142076511      xy final -0.14670933036621778 xz final -1.5560832644879476 yz final -1.2644790333143012 units box
Changing box ...
  triclinic box = (0 0 0) to (2.5452434 9.8586211 9.5636137) with tilt (-0.14708084 -1.5570207 -1.2774665)
  triclinic box = (0 0 0) to (2.5452434 9.8633409 9.5636137) with tilt (-0.14708084 -1.5570207 -1.2774665)
  triclinic box = (0 0 0) to (2.5452434 9.8633409 9.5544101) with tilt (-0.14708084 -1.5570207 -1.2774665)
  triclinic box = (0 0 0) to (2.5452434 9.8633409 9.5544101) with tilt (-0.14670933 -1.5570207 -1.2774665)
  triclinic box = (0 0 0) to (2.5452434 9.8633409 9.5544101) with tilt (-0.14670933 -1.5560833 -1.2774665)
  triclinic box = (0 0 0) to (2.5452434 9.8633409 9.5544101) with tilt (-0.14670933 -1.5560833 -1.264479)
echo none
run 0
Per MPI rank memory allocation (min/avg/max) = 3.882 | 3.882 | 3.882 Mbytes
    PotEng          Pxx           E_mol          E_coul    
-76.740943     -80.231897      0              0            
Loop time of 1.941e-06 on 1 procs for 0 steps with 18 atoms

875.8% CPU use with 1 MPI tasks x 1 OpenMP threads

MPI task timing breakdown:
Section |  min time  |  avg time  |  max time  |%varavg| %total
---------------------------------------------------------------
Pair    | 0          | 0          | 0          |   0.0 |  0.00
Neigh   | 0          | 0          | 0          |   0.0 |  0.00
Comm    | 0          | 0          | 0          |   0.0 |  0.00
Output  | 0          | 0          | 0          |   0.0 |  0.00
Modify  | 0          | 0          | 0          |   0.0 |  0.00
Other   |            | 1.941e-06  |            |       |100.00

Nlocal:             18 ave          18 max          18 min
Histogram: 1 0 0 0 0 0 0 0 0 0
Nghost:           2472 ave        2472 max        2472 min
Histogram: 1 0 0 0 0 0 0 0 0 0
Neighs:              0 ave           0 max           0 min
Histogram: 1 0 0 0 0 0 0 0 0 0
FullNghs:        10418 ave       10418 max       10418 min
Histogram: 1 0 0 0 0 0 0 0 0 0

Total # of neighbors = 10418
Ave neighs/atom = 578.77778
Neighbor list builds = 0
Dangerous builds = 0
set atom * x 0.0 y 0.0 z 0.0
Setting atom values ...
  18 settings made for x
  18 settings made for y
  18 settings made for z
change_box all     x final 0 2.5452105313350355 y final 0 9.88235285852594 z final 0 9.517577387991121      xy final -0.14520320542637333 xz final -1.5523556867731167 yz final -1.2128286658387826 units box
Changing box ...
  triclinic box = (0 0 0) to (2.5452105 9.8633409 9.5544101) with tilt (-0.14670933 -1.5560833 -1.264479)
  triclinic box = (0 0 0) to (2.5452105 9.8823529 9.5544101) with tilt (-0.14670933 -1.5560833 -1.264479)
  triclinic box = (0 0 0) to (2.5452105 9.8823529 9.5175774) with tilt (-0.14670933 -1.5560833 -1.264479)
  triclinic box = (0 0 0) to (2.5452105 9.8823529 9.5175774) with tilt (-0.14520321 -1.5560833 -1.264479)
  triclinic box = (0 0 0) to (2.5452105 9.8823529 9.5175774) with tilt (-0.14520321 -1.5523557 -1.264479)
  triclinic box = (0 0 0) to (2.5452105 9.8823529 9.5175774) with tilt (-0.14520321 -1.5523557 -1.2128287)
echo none
run 0
Per MPI rank memory allocation (min/avg/max) = 3.882 | 3.882 | 3.882 Mbytes
    PotEng          Pxx           E_mol          E_coul    
-76.74132      -42.753574      0              0            
Loop time of 1.647e-06 on 1 procs for 0 steps with 18 atoms

667.9% CPU use with 1 MPI tasks x 1 OpenMP threads

MPI task timing breakdown:
Section |  min time  |  avg time  |  max time  |%varavg| %total
---------------------------------------------------------------
Pair    | 0          | 0          | 0          |   0.0 |  0.00
Neigh   | 0          | 0          | 0          |   0.0 |  0.00
Comm    | 0          | 0          | 0          |   0.0 |  0.00
Output  | 0          | 0          | 0          |   0.0 |  0.00
Modify  | 0          | 0          | 0          |   0.0 |  0.00
Other   |            | 1.647e-06  |            |       |100.00

Nlocal:             18 ave          18 max          18 min
Histogram: 1 0 0 0 0 0 0 0 0 0
Nghost:           2472 ave        2472 max        2472 min
Histogram: 1 0 0 0 0 0 0 0 0 0
Neighs:              0 ave           0 max           0 min
Histogram: 1 0 0 0 0 0 0 0 0 0
FullNghs:        10452 ave       10452 max       10452 min
Histogram: 1 0 0 0 0 0 0 0 0 0

Total # of neighbors = 10452
Ave neighs/atom = 580.66667
Neighbor list builds = 0
Dangerous builds = 0
set atom * x 0.0 y 0.0 z 0.0
Setting atom values ...
  18 settings made for x
  18 settings made for y
  18 settings made for z
change_box all     x final 0 2.5452105313350364 y final 0 9.882352858525937 z final 0 9.517577387991127      xy final -0.14520320542637363 xz final -1.5523556867731165 yz final -1.2128286658387817 units box
Changing box ...
  triclinic box = (0 0 0) to (2.5452105 9.8823529 9.5175774) with tilt (-0.14520321 -1.5523557 -1.2128287)
  triclinic box = (0 0 0) to (2.5452105 9.8823529 9.5175774) with tilt (-0.14520321 -1.5523557 -1.2128287)
  triclinic box = (0 0 0) to (2.5452105 9.8823529 9.5175774) with tilt (-0.14520321 -1.5523557 -1.2128287)
  triclinic box = (0 0 0) to (2.5452105 9.8823529 9.5175774) with tilt (-0.14520321 -1.5523557 -1.2128287)
  triclinic box = (0 0 0) to (2.5452105 9.8823529 9.5175774) with tilt (-0.14520321 -1.5523557 -1.2128287)
  triclinic box = (0 0 0) to (2.5452105 9.8823529 9.5175774) with tilt (-0.14520321 -1.5523557 -1.2128287)
echo none
run 0
Per MPI rank memory allocation (min/avg/max) = 3.882 | 3.882 | 3.882 Mbytes
    PotEng          Pxx           E_mol          E_coul    
-76.74132      -42.753574      0              0            
Loop time of 3.883e-06 on 1 procs for 0 steps with 18 atoms

3657.0% CPU use with 1 MPI tasks x 1 OpenMP threads

MPI task timing breakdown:
Section |  min time  |  avg time  |  max time  |%varavg| %total
---------------------------------------------------------------
Pair    | 0          | 0          | 0          |   0.0 |  0.00
Neigh   | 0          | 0          | 0          |   0.0 |  0.00
Comm    | 0          | 0          | 0          |   0.0 |  0.00
Output  | 0          | 0          | 0          |   0.0 |  0.00
Modify  | 0          | 0          | 0          |   0.0 |  0.00
Other   |            | 3.883e-06  |            |       |100.00

Nlocal:             18 ave          18 max          18 min
Histogram: 1 0 0 0 0 0 0 0 0 0
Nghost:           2472 ave        2472 max        2472 min
Histogram: 1 0 0 0 0 0 0 0 0 0
Neighs:              0 ave           0 max           0 min
Histogram: 1 0 0 0 0 0 0 0 0 0
FullNghs:        10452 ave       10452 max       10452 min
Histogram: 1 0 0 0 0 0 0 0 0 0

Total # of neighbors = 10452
Ave neighs/atom = 580.66667
Neighbor list builds = 0
Dangerous builds = 0
set atom * x 0.0 y 0.0 z 0.0
Setting atom values ...
  18 settings made for x
  18 settings made for y
  18 settings made for z
change_box all     x final 0 2.5453100552983154 y final 0 9.87567470041481 z final 0 9.513614428095394      xy final -0.14283206847106017 xz final -1.564143306143333 yz final -1.2310300007577493 units box
Changing box ...
  triclinic box = (0 0 0) to (2.5453101 9.8823529 9.5175774) with tilt (-0.14520321 -1.5523557 -1.2128287)
  triclinic box = (0 0 0) to (2.5453101 9.8756747 9.5175774) with tilt (-0.14520321 -1.5523557 -1.2128287)
  triclinic box = (0 0 0) to (2.5453101 9.8756747 9.5136144) with tilt (-0.14520321 -1.5523557 -1.2128287)
  triclinic box = (0 0 0) to (2.5453101 9.8756747 9.5136144) with tilt (-0.14283207 -1.5523557 -1.2128287)
  triclinic box = (0 0 0) to (2.5453101 9.8756747 9.5136144) with tilt (-0.14283207 -1.5641433 -1.2128287)
  triclinic box = (0 0 0) to (2.5453101 9.8756747 9.5136144) with tilt (-0.14283207 -1.5641433 -1.23103)
echo none
run 0
Per MPI rank memory allocation (min/avg/max) = 3.882 | 3.882 | 3.882 Mbytes
    PotEng          Pxx           E_mol          E_coul    
-76.741862     -85.724664      0              0            
Loop time of 1.667e-06 on 1 procs for 0 steps with 18 atoms

899.8% CPU use with 1 MPI tasks x 1 OpenMP threads

MPI task timing breakdown:
Section |  min time  |  avg time  |  max time  |%varavg| %total
---------------------------------------------------------------
Pair    | 0          | 0          | 0          |   0.0 |  0.00
Neigh   | 0          | 0          | 0          |   0.0 |  0.00
Comm    | 0          | 0          | 0          |   0.0 |  0.00
Output  | 0          | 0          | 0          |   0.0 |  0.00
Modify  | 0          | 0          | 0          |   0.0 |  0.00
Other   |            | 1.667e-06  |            |       |100.00

Nlocal:             18 ave          18 max          18 min
Histogram: 1 0 0 0 0 0 0 0 0 0
Nghost:           2472 ave        2472 max        2472 min
Histogram: 1 0 0 0 0 0 0 0 0 0
Neighs:              0 ave           0 max           0 min
Histogram: 1 0 0 0 0 0 0 0 0 0
FullNghs:        10468 ave       10468 max       10468 min
Histogram: 1 0 0 0 0 0 0 0 0 0

Total # of neighbors = 10468
Ave neighs/atom = 581.55556
Neighbor list builds = 0
Dangerous builds = 0
set atom * x 0.0 y 0.0 z 0.0
Setting atom values ...
  18 settings made for x
  18 settings made for y
  18 settings made for z
change_box all     x final 0 2.5457034405415455 y final 0 9.850602854657586 z final 0 9.49836443323712      xy final -0.1336575179669279 xz final -1.6088010459157627 yz final -1.2998684813650891 units box
Changing box ...
  triclinic box = (0 0 0) to (2.5457034 9.8756747 9.5136144) with tilt (-0.14283207 -1.5641433 -1.23103)
  triclinic box = (0 0 0) to (2.5457034 9.8506029 9.5136144) with tilt (-0.14283207 -1.5641433 -1.23103)
  triclinic box = (0 0 0) to (2.5457034 9.8506029 9.4983644) with tilt (-0.14283207 -1.5641433 -1.23103)
  triclinic box = (0 0 0) to (2.5457034 9.8506029 9.4983644) with tilt (-0.13365752 -1.5641433 -1.23103)
  triclinic box = (0 0 0) to (2.5457034 9.8506029 9.4983644) with tilt (-0.13365752 -1.608801 -1.23103)
  triclinic box = (0 0 0) to (2.5457034 9.8506029 9.4983644) with tilt (-0.13365752 -1.608801 -1.2998685)
echo none
run 0
Per MPI rank memory allocation (min/avg/max) = 3.882 | 3.882 | 3.882 Mbytes
    PotEng          Pxx           E_mol          E_coul    
-76.74277      -253.22768      0              0            
Loop time of 1.879e-06 on 1 procs for 0 steps with 18 atoms

851.5% CPU use with 1 MPI tasks x 1 OpenMP threads

MPI task timing breakdown:
Section |  min time  |  avg time  |  max time  |%varavg| %total
---------------------------------------------------------------
Pair    | 0          | 0          | 0          |   0.0 |  0.00
Neigh   | 0          | 0          | 0          |   0.0 |  0.00
Comm    | 0          | 0          | 0          |   0.0 |  0.00
Output  | 0          | 0          | 0          |   0.0 |  0.00
Modify  | 0          | 0          | 0          |   0.0 |  0.00
Other   |            | 1.879e-06  |            |       |100.00

Nlocal:             18 ave          18 max          18 min
Histogram: 1 0 0 0 0 0 0 0 0 0
Nghost:           2502 ave        2502 max        2502 min
Histogram: 1 0 0 0 0 0 0 0 0 0
Neighs:              0 ave           0 max           0 min
Histogram: 1 0 0 0 0 0 0 0 0 0
FullNghs:        10520 ave       10520 max       10520 min
Histogram: 1 0 0 0 0 0 0 0 0 0

Total # of neighbors = 10520
Ave neighs/atom = 584.44444
Neighbor list builds = 0
Dangerous builds = 0
set atom * x 0.0 y 0.0 z 0.0
Setting atom values ...
  18 settings made for x
  18 settings made for y
  18 settings made for z
change_box all     x final 0 2.545703440541545 y final 0 9.85060285465759 z final 0 9.498364433237114      xy final -0.13365751796692812 xz final -1.6088010459157613 yz final -1.2998684813650923 units box
Changing box ...
  triclinic box = (0 0 0) to (2.5457034 9.8506029 9.4983644) with tilt (-0.13365752 -1.608801 -1.2998685)
  triclinic box = (0 0 0) to (2.5457034 9.8506029 9.4983644) with tilt (-0.13365752 -1.608801 -1.2998685)
  triclinic box = (0 0 0) to (2.5457034 9.8506029 9.4983644) with tilt (-0.13365752 -1.608801 -1.2998685)
  triclinic box = (0 0 0) to (2.5457034 9.8506029 9.4983644) with tilt (-0.13365752 -1.608801 -1.2998685)
  triclinic box = (0 0 0) to (2.5457034 9.8506029 9.4983644) with tilt (-0.13365752 -1.608801 -1.2998685)
  triclinic box = (0 0 0) to (2.5457034 9.8506029 9.4983644) with tilt (-0.13365752 -1.608801 -1.2998685)
echo none
run 0
Per MPI rank memory allocation (min/avg/max) = 3.882 | 3.882 | 3.882 Mbytes
    PotEng          Pxx           E_mol          E_coul    
-76.74277      -253.22768      0              0            
Loop time of 1.453e-06 on 1 procs for 0 steps with 18 atoms

412.9% CPU use with 1 MPI tasks x 1 OpenMP threads

MPI task timing breakdown:
Section |  min time  |  avg time  |  max time  |%varavg| %total
---------------------------------------------------------------
Pair    | 0          | 0          | 0          |   0.0 |  0.00
Neigh   | 0          | 0          | 0          |   0.0 |  0.00
Comm    | 0          | 0          | 0          |   0.0 |  0.00
Output  | 0          | 0          | 0          |   0.0 |  0.00
Modify  | 0          | 0          | 0          |   0.0 |  0.00
Other   |            | 1.453e-06  |            |       |100.00

Nlocal:             18 ave          18 max          18 min
Histogram: 1 0 0 0 0 0 0 0 0 0
Nghost:           2502 ave        2502 max        2502 min
Histogram: 1 0 0 0 0 0 0 0 0 0
Neighs:              0 ave           0 max           0 min
Histogram: 1 0 0 0 0 0 0 0 0 0
FullNghs:        10520 ave       10520 max       10520 min
Histogram: 1 0 0 0 0 0 0 0 0 0

Total # of neighbors = 10520
Ave neighs/atom = 584.44444
Neighbor list builds = 0
Dangerous builds = 0
set atom * x 0.0 y 0.0 z 0.0
Setting atom values ...
  18 settings made for x
  18 settings made for y
  18 settings made for z
change_box all     x final 0 2.54570195563529 y final 0 9.842991560239405 z final 0 9.466057507059142      xy final -0.13491033400468472 xz final -1.6095589464255564 yz final -1.2847343658064745 units box
Changing box ...
  triclinic box = (0 0 0) to (2.545702 9.8506029 9.4983644) with tilt (-0.13365752 -1.608801 -1.2998685)
  triclinic box = (0 0 0) to (2.545702 9.8429916 9.4983644) with tilt (-0.13365752 -1.608801 -1.2998685)
  triclinic box = (0 0 0) to (2.545702 9.8429916 9.4660575) with tilt (-0.13365752 -1.608801 -1.2998685)
  triclinic box = (0 0 0) to (2.545702 9.8429916 9.4660575) with tilt (-0.13491033 -1.608801 -1.2998685)
  triclinic box = (0 0 0) to (2.545702 9.8429916 9.4660575) with tilt (-0.13491033 -1.6095589 -1.2998685)
  triclinic box = (0 0 0) to (2.545702 9.8429916 9.4660575) with tilt (-0.13491033 -1.6095589 -1.2847344)
echo none
run 0
Per MPI rank memory allocation (min/avg/max) = 3.882 | 3.882 | 3.882 Mbytes
    PotEng          Pxx           E_mol          E_coul    
-76.744104     -82.00684       0              0            
Loop time of 1.441e-06 on 1 procs for 0 steps with 18 atoms

555.2% CPU use with 1 MPI tasks x 1 OpenMP threads

MPI task timing breakdown:
Section |  min time  |  avg time  |  max time  |%varavg| %total
---------------------------------------------------------------
Pair    | 0          | 0          | 0          |   0.0 |  0.00
Neigh   | 0          | 0          | 0          |   0.0 |  0.00
Comm    | 0          | 0          | 0          |   0.0 |  0.00
Output  | 0          | 0          | 0          |   0.0 |  0.00
Modify  | 0          | 0          | 0          |   0.0 |  0.00
Other   |            | 1.441e-06  |            |       |100.00

Nlocal:             18 ave          18 max          18 min
Histogram: 1 0 0 0 0 0 0 0 0 0
Nghost:           2502 ave        2502 max        2502 min
Histogram: 1 0 0 0 0 0 0 0 0 0
Neighs:              0 ave           0 max           0 min
Histogram: 1 0 0 0 0 0 0 0 0 0
FullNghs:        10556 ave       10556 max       10556 min
Histogram: 1 0 0 0 0 0 0 0 0 0

Total # of neighbors = 10556
Ave neighs/atom = 586.44444
Neighbor list builds = 0
Dangerous builds = 0
set atom * x 0.0 y 0.0 z 0.0
Setting atom values ...
  18 settings made for x
  18 settings made for y
  18 settings made for z
change_box all     x final 0 2.5456979957785073 y final 0 9.822297113589135 z final 0 9.37833442360418      xy final -0.13832385027726601 xz final -1.6116285633407534 yz final -1.2439251524095363 units box
Changing box ...
  triclinic box = (0 0 0) to (2.545698 9.8429916 9.4660575) with tilt (-0.13491033 -1.6095589 -1.2847344)
  triclinic box = (0 0 0) to (2.545698 9.8222971 9.4660575) with tilt (-0.13491033 -1.6095589 -1.2847344)
  triclinic box = (0 0 0) to (2.545698 9.8222971 9.3783344) with tilt (-0.13491033 -1.6095589 -1.2847344)
  triclinic box = (0 0 0) to (2.545698 9.8222971 9.3783344) with tilt (-0.13832385 -1.6095589 -1.2847344)
  triclinic box = (0 0 0) to (2.545698 9.8222971 9.3783344) with tilt (-0.13832385 -1.6116286 -1.2847344)
  triclinic box = (0 0 0) to (2.545698 9.8222971 9.3783344) with tilt (-0.13832385 -1.6116286 -1.2439252)
echo none
run 0
Per MPI rank memory allocation (min/avg/max) = 3.882 | 3.882 | 3.882 Mbytes
    PotEng          Pxx           E_mol          E_coul    
-76.745602      420.87686      0              0            
Loop time of 1.481e-06 on 1 procs for 0 steps with 18 atoms

810.3% CPU use with 1 MPI tasks x 1 OpenMP threads

MPI task timing breakdown:
Section |  min time  |  avg time  |  max time  |%varavg| %total
---------------------------------------------------------------
Pair    | 0          | 0          | 0          |   0.0 |  0.00
Neigh   | 0          | 0          | 0          |   0.0 |  0.00
Comm    | 0          | 0          | 0          |   0.0 |  0.00
Output  | 0          | 0          | 0          |   0.0 |  0.00
Modify  | 0          | 0          | 0          |   0.0 |  0.00
Other   |            | 1.481e-06  |            |       |100.00

Nlocal:             18 ave          18 max          18 min
Histogram: 1 0 0 0 0 0 0 0 0 0
Nghost:           2502 ave        2502 max        2502 min
Histogram: 1 0 0 0 0 0 0 0 0 0
Neighs:              0 ave           0 max           0 min
Histogram: 1 0 0 0 0 0 0 0 0 0
FullNghs:        10678 ave       10678 max       10678 min
Histogram: 1 0 0 0 0 0 0 0 0 0

Total # of neighbors = 10678
Ave neighs/atom = 593.22222
Neighbor list builds = 0
Dangerous builds = 0
set atom * x 0.0 y 0.0 z 0.0
Setting atom values ...
  18 settings made for x
  18 settings made for y
  18 settings made for z
change_box all     x final 0 2.5456979957785077 y final 0 9.822297113589135 z final 0 9.378334423604183      xy final -0.1383238502772662 xz final -1.611628563340752 yz final -1.2439251524095398 units box
Changing box ...
  triclinic box = (0 0 0) to (2.545698 9.8222971 9.3783344) with tilt (-0.13832385 -1.6116286 -1.2439252)
  triclinic box = (0 0 0) to (2.545698 9.8222971 9.3783344) with tilt (-0.13832385 -1.6116286 -1.2439252)
  triclinic box = (0 0 0) to (2.545698 9.8222971 9.3783344) with tilt (-0.13832385 -1.6116286 -1.2439252)
  triclinic box = (0 0 0) to (2.545698 9.8222971 9.3783344) with tilt (-0.13832385 -1.6116286 -1.2439252)
  triclinic box = (0 0 0) to (2.545698 9.8222971 9.3783344) with tilt (-0.13832385 -1.6116286 -1.2439252)
  triclinic box = (0 0 0) to (2.545698 9.8222971 9.3783344) with tilt (-0.13832385 -1.6116286 -1.2439252)
echo none
run 0
Per MPI rank memory allocation (min/avg/max) = 3.882 | 3.882 | 3.882 Mbytes
    PotEng          Pxx           E_mol          E_coul    
-76.745602      420.87686      0              0            
Loop time of 1.437e-06 on 1 procs for 0 steps with 18 atoms

1043.8% CPU use with 1 MPI tasks x 1 OpenMP threads

MPI task timing breakdown:
Section |  min time  |  avg time  |  max time  |%varavg| %total
---------------------------------------------------------------
Pair    | 0          | 0          | 0          |   0.0 |  0.00
Neigh   | 0          | 0          | 0          |   0.0 |  0.00
Comm    | 0          | 0          | 0          |   0.0 |  0.00
Output  | 0          | 0          | 0          |   0.0 |  0.00
Modify  | 0          | 0          | 0          |   0.0 |  0.00
Other   |            | 1.437e-06  |            |       |100.00

Nlocal:             18 ave          18 max          18 min
Histogram: 1 0 0 0 0 0 0 0 0 0
Nghost:           2502 ave        2502 max        2502 min
Histogram: 1 0 0 0 0 0 0 0 0 0
Neighs:              0 ave           0 max           0 min
Histogram: 1 0 0 0 0 0 0 0 0 0
FullNghs:        10678 ave       10678 max       10678 min
Histogram: 1 0 0 0 0 0 0 0 0 0

Total # of neighbors = 10678
Ave neighs/atom = 593.22222
Neighbor list builds = 0
Dangerous builds = 0
set atom * x 0.0 y 0.0 z 0.0
Setting atom values ...
  18 settings made for x
  18 settings made for y
  18 settings made for z
change_box all     x final 0 2.5455348932685906 y final 0 9.782009710090273 z final 0 9.35332208386677      xy final -0.1366393737965707 xz final -1.6363642789171737 yz final -1.260829360611263 units box
Changing box ...
  triclinic box = (0 0 0) to (2.5455349 9.8222971 9.3783344) with tilt (-0.13832385 -1.6116286 -1.2439252)
  triclinic box = (0 0 0) to (2.5455349 9.7820097 9.3783344) with tilt (-0.13832385 -1.6116286 -1.2439252)
  triclinic box = (0 0 0) to (2.5455349 9.7820097 9.3533221) with tilt (-0.13832385 -1.6116286 -1.2439252)
  triclinic box = (0 0 0) to (2.5455349 9.7820097 9.3533221) with tilt (-0.13663937 -1.6116286 -1.2439252)
  triclinic box = (0 0 0) to (2.5455349 9.7820097 9.3533221) with tilt (-0.13663937 -1.6363643 -1.2439252)
  triclinic box = (0 0 0) to (2.5455349 9.7820097 9.3533221) with tilt (-0.13663937 -1.6363643 -1.2608294)
echo none
run 0
Per MPI rank memory allocation (min/avg/max) = 3.882 | 3.882 | 3.882 Mbytes
    PotEng          Pxx           E_mol          E_coul    
-76.747919      310.52764      0              0            
Loop time of 1.348e-06 on 1 procs for 0 steps with 18 atoms

816.0% CPU use with 1 MPI tasks x 1 OpenMP threads

MPI task timing breakdown:
Section |  min time  |  avg time  |  max time  |%varavg| %total
---------------------------------------------------------------
Pair    | 0          | 0          | 0          |   0.0 |  0.00
Neigh   | 0          | 0          | 0          |   0.0 |  0.00
Comm    | 0          | 0          | 0          |   0.0 |  0.00
Output  | 0          | 0          | 0          |   0.0 |  0.00
Modify  | 0          | 0          | 0          |   0.0 |  0.00
Other   |            | 1.348e-06  |            |       |100.00

Nlocal:             18 ave          18 max          18 min
Histogram: 1 0 0 0 0 0 0 0 0 0
Nghost:           2502 ave        2502 max        2502 min
Histogram: 1 0 0 0 0 0 0 0 0 0
Neighs:              0 ave           0 max           0 min
Histogram: 1 0 0 0 0 0 0 0 0 0
FullNghs:        10738 ave       10738 max       10738 min
Histogram: 1 0 0 0 0 0 0 0 0 0

Total # of neighbors = 10738
Ave neighs/atom = 596.55556
Neighbor list builds = 0
Dangerous builds = 0
set atom * x 0.0 y 0.0 z 0.0
Setting atom values ...
  18 settings made for x
  18 settings made for y
  18 settings made for z
change_box all     x final 0 2.5449616106113133 y final 0 9.622799211747607 z final 0 9.253368511053933      xy final -0.12943103230082642 xz final -1.734207700381891 yz final -1.3275154408921166 units box
Changing box ...
  triclinic box = (0 0 0) to (2.5449616 9.7820097 9.3533221) with tilt (-0.13663937 -1.6363643 -1.2608294)
  triclinic box = (0 0 0) to (2.5449616 9.6227992 9.3533221) with tilt (-0.13663937 -1.6363643 -1.2608294)
  triclinic box = (0 0 0) to (2.5449616 9.6227992 9.2533685) with tilt (-0.13663937 -1.6363643 -1.2608294)
  triclinic box = (0 0 0) to (2.5449616 9.6227992 9.2533685) with tilt (-0.12943103 -1.6363643 -1.2608294)
  triclinic box = (0 0 0) to (2.5449616 9.6227992 9.2533685) with tilt (-0.12943103 -1.7342077 -1.2608294)
  triclinic box = (0 0 0) to (2.5449616 9.6227992 9.2533685) with tilt (-0.12943103 -1.7342077 -1.3275154)
echo none
run 0
Per MPI rank memory allocation (min/avg/max) = 3.882 | 3.882 | 3.882 Mbytes
    PotEng          Pxx           E_mol          E_coul    
-76.753007     -153.82034      0              0            
Loop time of 1.753e-06 on 1 procs for 0 steps with 18 atoms

399.3% CPU use with 1 MPI tasks x 1 OpenMP threads

MPI task timing breakdown:
Section |  min time  |  avg time  |  max time  |%varavg| %total
---------------------------------------------------------------
Pair    | 0          | 0          | 0          |   0.0 |  0.00
Neigh   | 0          | 0          | 0          |   0.0 |  0.00
Comm    | 0          | 0          | 0          |   0.0 |  0.00
Output  | 0          | 0          | 0          |   0.0 |  0.00
Modify  | 0          | 0          | 0          |   0.0 |  0.00
Other   |            | 1.753e-06  |            |       |100.00

Nlocal:             18 ave          18 max          18 min
Histogram: 1 0 0 0 0 0 0 0 0 0
Nghost:           2502 ave        2502 max        2502 min
Histogram: 1 0 0 0 0 0 0 0 0 0
Neighs:              0 ave           0 max           0 min
Histogram: 1 0 0 0 0 0 0 0 0 0
FullNghs:        11000 ave       11000 max       11000 min
Histogram: 1 0 0 0 0 0 0 0 0 0

Total # of neighbors = 11000
Ave neighs/atom = 611.11111
Neighbor list builds = 0
Dangerous builds = 0
set atom * x 0.0 y 0.0 z 0.0
Setting atom values ...
  18 settings made for x
  18 settings made for y
  18 settings made for z
change_box all     x final 0 2.5449616106113147 y final 0 9.622799211747607 z final 0 9.253368511053935      xy final -0.1294310323008269 xz final -1.7342077003818908 yz final -1.3275154408921195 units box
Changing box ...
  triclinic box = (0 0 0) to (2.5449616 9.6227992 9.2533685) with tilt (-0.12943103 -1.7342077 -1.3275154)
  triclinic box = (0 0 0) to (2.5449616 9.6227992 9.2533685) with tilt (-0.12943103 -1.7342077 -1.3275154)
  triclinic box = (0 0 0) to (2.5449616 9.6227992 9.2533685) with tilt (-0.12943103 -1.7342077 -1.3275154)
  triclinic box = (0 0 0) to (2.5449616 9.6227992 9.2533685) with tilt (-0.12943103 -1.7342077 -1.3275154)
  triclinic box = (0 0 0) to (2.5449616 9.6227992 9.2533685) with tilt (-0.12943103 -1.7342077 -1.3275154)
  triclinic box = (0 0 0) to (2.5449616 9.6227992 9.2533685) with tilt (-0.12943103 -1.7342077 -1.3275154)
echo none
run 0
Per MPI rank memory allocation (min/avg/max) = 3.882 | 3.882 | 3.882 Mbytes
    PotEng          Pxx           E_mol          E_coul    
-76.753007     -153.82034      0              0            
Loop time of 9.41e-07 on 1 procs for 0 steps with 18 atoms

850.2% CPU use with 1 MPI tasks x 1 OpenMP threads

MPI task timing breakdown:
Section |  min time  |  avg time  |  max time  |%varavg| %total
---------------------------------------------------------------
Pair    | 0          | 0          | 0          |   0.0 |  0.00
Neigh   | 0          | 0          | 0          |   0.0 |  0.00
Comm    | 0          | 0          | 0          |   0.0 |  0.00
Output  | 0          | 0          | 0          |   0.0 |  0.00
Modify  | 0          | 0          | 0          |   0.0 |  0.00
Other   |            | 9.41e-07   |            |       |100.00

Nlocal:             18 ave          18 max          18 min
Histogram: 1 0 0 0 0 0 0 0 0 0
Nghost:           2502 ave        2502 max        2502 min
Histogram: 1 0 0 0 0 0 0 0 0 0
Neighs:              0 ave           0 max           0 min
Histogram: 1 0 0 0 0 0 0 0 0 0
FullNghs:        11000 ave       11000 max       11000 min
Histogram: 1 0 0 0 0 0 0 0 0 0

Total # of neighbors = 11000
Ave neighs/atom = 611.11111
Neighbor list builds = 0
Dangerous builds = 0
set atom * x 0.0 y 0.0 z 0.0
Setting atom values ...
  18 settings made for x
  18 settings made for y
  18 settings made for z
change_box all     x final 0 2.5442559206454627 y final 0 9.581202938898185 z final 0 8.97523902734662      xy final -0.12340902908613463 xz final -1.7981252817950348 yz final -1.1859483838492035 units box
Changing box ...
  triclinic box = (0 0 0) to (2.5442559 9.6227992 9.2533685) with tilt (-0.12943103 -1.7342077 -1.3275154)
  triclinic box = (0 0 0) to (2.5442559 9.5812029 9.2533685) with tilt (-0.12943103 -1.7342077 -1.3275154)
  triclinic box = (0 0 0) to (2.5442559 9.5812029 8.975239) with tilt (-0.12943103 -1.7342077 -1.3275154)
  triclinic box = (0 0 0) to (2.5442559 9.5812029 8.975239) with tilt (-0.12340903 -1.7342077 -1.3275154)
  triclinic box = (0 0 0) to (2.5442559 9.5812029 8.975239) with tilt (-0.12340903 -1.7981253 -1.3275154)
  triclinic box = (0 0 0) to (2.5442559 9.5812029 8.975239) with tilt (-0.12340903 -1.7981253 -1.1859484)
echo none
run 0
Per MPI rank memory allocation (min/avg/max) = 3.887 | 3.887 | 3.887 Mbytes
    PotEng          Pxx           E_mol          E_coul    
-76.760879      165.66006      0              0            
Loop time of 1.955e-06 on 1 procs for 0 steps with 18 atoms

716.1% CPU use with 1 MPI tasks x 1 OpenMP threads

MPI task timing breakdown:
Section |  min time  |  avg time  |  max time  |%varavg| %total
---------------------------------------------------------------
Pair    | 0          | 0          | 0          |   0.0 |  0.00
Neigh   | 0          | 0          | 0          |   0.0 |  0.00
Comm    | 0          | 0          | 0          |   0.0 |  0.00
Output  | 0          | 0          | 0          |   0.0 |  0.00
Modify  | 0          | 0          | 0          |   0.0 |  0.00
Other   |            | 1.955e-06  |            |       |100.00

Nlocal:             18 ave          18 max          18 min
Histogram: 1 0 0 0 0 0 0 0 0 0
Nghost:           2598 ave        2598 max        2598 min
Histogram: 1 0 0 0 0 0 0 0 0 0
Neighs:              0 ave           0 max           0 min
Histogram: 1 0 0 0 0 0 0 0 0 0
FullNghs:        11374 ave       11374 max       11374 min
Histogram: 1 0 0 0 0 0 0 0 0 0

Total # of neighbors = 11374
Ave neighs/atom = 631.88889
Neighbor list builds = 0
Dangerous builds = 0
set atom * x 0.0 y 0.0 z 0.0
Setting atom values ...
  18 settings made for x
  18 settings made for y
  18 settings made for z
change_box all     x final 0 2.5442559206454636 y final 0 9.581202938898185 z final 0 8.975239027346621      xy final -0.12340902908613503 xz final -1.798125281795035 yz final -1.1859483838492042 units box
Changing box ...
  triclinic box = (0 0 0) to (2.5442559 9.5812029 8.975239) with tilt (-0.12340903 -1.7981253 -1.1859484)
  triclinic box = (0 0 0) to (2.5442559 9.5812029 8.975239) with tilt (-0.12340903 -1.7981253 -1.1859484)
  triclinic box = (0 0 0) to (2.5442559 9.5812029 8.975239) with tilt (-0.12340903 -1.7981253 -1.1859484)
  triclinic box = (0 0 0) to (2.5442559 9.5812029 8.975239) with tilt (-0.12340903 -1.7981253 -1.1859484)
  triclinic box = (0 0 0) to (2.5442559 9.5812029 8.975239) with tilt (-0.12340903 -1.7981253 -1.1859484)
  triclinic box = (0 0 0) to (2.5442559 9.5812029 8.975239) with tilt (-0.12340903 -1.7981253 -1.1859484)
echo none
run 0
Per MPI rank memory allocation (min/avg/max) = 3.887 | 3.887 | 3.887 Mbytes
    PotEng          Pxx           E_mol          E_coul    
-76.760879      165.66006      0              0            
Loop time of 1.532e-06 on 1 procs for 0 steps with 18 atoms

587.5% CPU use with 1 MPI tasks x 1 OpenMP threads

MPI task timing breakdown:
Section |  min time  |  avg time  |  max time  |%varavg| %total
---------------------------------------------------------------
Pair    | 0          | 0          | 0          |   0.0 |  0.00
Neigh   | 0          | 0          | 0          |   0.0 |  0.00
Comm    | 0          | 0          | 0          |   0.0 |  0.00
Output  | 0          | 0          | 0          |   0.0 |  0.00
Modify  | 0          | 0          | 0          |   0.0 |  0.00
Other   |            | 1.532e-06  |            |       |100.00

Nlocal:             18 ave          18 max          18 min
Histogram: 1 0 0 0 0 0 0 0 0 0
Nghost:           2598 ave        2598 max        2598 min
Histogram: 1 0 0 0 0 0 0 0 0 0
Neighs:              0 ave           0 max           0 min
Histogram: 1 0 0 0 0 0 0 0 0 0
FullNghs:        11374 ave       11374 max       11374 min
Histogram: 1 0 0 0 0 0 0 0 0 0

Total # of neighbors = 11374
Ave neighs/atom = 631.88889
Neighbor list builds = 0
Dangerous builds = 0
set atom * x 0.0 y 0.0 z 0.0
Setting atom values ...
  18 settings made for x
  18 settings made for y
  18 settings made for z
change_box all     x final 0 2.5438185126756876 y final 0 9.397277379948292 z final 0 8.914815899714108      xy final -0.1767138729408202 xz final -1.8659002464490573 yz final -1.3234028000340912 units box
Changing box ...
  triclinic box = (0 0 0) to (2.5438185 9.5812029 8.975239) with tilt (-0.12340903 -1.7981253 -1.1859484)
  triclinic box = (0 0 0) to (2.5438185 9.3972774 8.975239) with tilt (-0.12340903 -1.7981253 -1.1859484)
  triclinic box = (0 0 0) to (2.5438185 9.3972774 8.9148159) with tilt (-0.12340903 -1.7981253 -1.1859484)
  triclinic box = (0 0 0) to (2.5438185 9.3972774 8.9148159) with tilt (-0.17671387 -1.7981253 -1.1859484)
  triclinic box = (0 0 0) to (2.5438185 9.3972774 8.9148159) with tilt (-0.17671387 -1.8659002 -1.1859484)
  triclinic box = (0 0 0) to (2.5438185 9.3972774 8.9148159) with tilt (-0.17671387 -1.8659002 -1.3234028)
echo none
run 0
Per MPI rank memory allocation (min/avg/max) = 3.887 | 3.887 | 3.887 Mbytes
    PotEng          Pxx           E_mol          E_coul    
-76.769608      74.940258      0              0            
Loop time of 1.423e-06 on 1 procs for 0 steps with 18 atoms

983.8% CPU use with 1 MPI tasks x 1 OpenMP threads

MPI task timing breakdown:
Section |  min time  |  avg time  |  max time  |%varavg| %total
---------------------------------------------------------------
Pair    | 0          | 0          | 0          |   0.0 |  0.00
Neigh   | 0          | 0          | 0          |   0.0 |  0.00
Comm    | 0          | 0          | 0          |   0.0 |  0.00
Output  | 0          | 0          | 0          |   0.0 |  0.00
Modify  | 0          | 0          | 0          |   0.0 |  0.00
Other   |            | 1.423e-06  |            |       |100.00

Nlocal:             18 ave          18 max          18 min
Histogram: 1 0 0 0 0 0 0 0 0 0
Nghost:           2626 ave        2626 max        2626 min
Histogram: 1 0 0 0 0 0 0 0 0 0
Neighs:              0 ave           0 max           0 min
Histogram: 1 0 0 0 0 0 0 0 0 0
FullNghs:        11700 ave       11700 max       11700 min
Histogram: 1 0 0 0 0 0 0 0 0 0

Total # of neighbors = 11700
Ave neighs/atom = 650
Neighbor list builds = 0
Dangerous builds = 0
set atom * x 0.0 y 0.0 z 0.0
Setting atom values ...
  18 settings made for x
  18 settings made for y
  18 settings made for z
change_box all     x final 0 2.543818512675689 y final 0 9.397277379948296 z final 0 8.91481589971411      xy final -0.17671387294082055 xz final -1.865900246449058 yz final -1.3234028000340958 units box
Changing box ...
  triclinic box = (0 0 0) to (2.5438185 9.3972774 8.9148159) with tilt (-0.17671387 -1.8659002 -1.3234028)
  triclinic box = (0 0 0) to (2.5438185 9.3972774 8.9148159) with tilt (-0.17671387 -1.8659002 -1.3234028)
  triclinic box = (0 0 0) to (2.5438185 9.3972774 8.9148159) with tilt (-0.17671387 -1.8659002 -1.3234028)
  triclinic box = (0 0 0) to (2.5438185 9.3972774 8.9148159) with tilt (-0.17671387 -1.8659002 -1.3234028)
  triclinic box = (0 0 0) to (2.5438185 9.3972774 8.9148159) with tilt (-0.17671387 -1.8659002 -1.3234028)
  triclinic box = (0 0 0) to (2.5438185 9.3972774 8.9148159) with tilt (-0.17671387 -1.8659002 -1.3234028)
echo none
run 0
Per MPI rank memory allocation (min/avg/max) = 3.887 | 3.887 | 3.887 Mbytes
    PotEng          Pxx           E_mol          E_coul    
-76.769608      74.940258      0              0            
Loop time of 1.508e-06 on 1 procs for 0 steps with 18 atoms

994.7% CPU use with 1 MPI tasks x 1 OpenMP threads

MPI task timing breakdown:
Section |  min time  |  avg time  |  max time  |%varavg| %total
---------------------------------------------------------------
Pair    | 0          | 0          | 0          |   0.0 |  0.00
Neigh   | 0          | 0          | 0          |   0.0 |  0.00
Comm    | 0          | 0          | 0          |   0.0 |  0.00
Output  | 0          | 0          | 0          |   0.0 |  0.00
Modify  | 0          | 0          | 0          |   0.0 |  0.00
Other   |            | 1.508e-06  |            |       |100.00

Nlocal:             18 ave          18 max          18 min
Histogram: 1 0 0 0 0 0 0 0 0 0
Nghost:           2626 ave        2626 max        2626 min
Histogram: 1 0 0 0 0 0 0 0 0 0
Neighs:              0 ave           0 max           0 min
Histogram: 1 0 0 0 0 0 0 0 0 0
FullNghs:        11700 ave       11700 max       11700 min
Histogram: 1 0 0 0 0 0 0 0 0 0

Total # of neighbors = 11700
Ave neighs/atom = 650
Neighbor list builds = 0
Dangerous builds = 0
set atom * x 0.0 y 0.0 z 0.0
Setting atom values ...
  18 settings made for x
  18 settings made for y
  18 settings made for z
change_box all     x final 0 2.5443992216790146 y final 0 9.497413088684423 z final 0 9.001096542185993      xy final -0.1770661896196185 xz final -1.8252274147588112 yz final -1.2953589729421575 units box
Changing box ...
  triclinic box = (0 0 0) to (2.5443992 9.3972774 8.9148159) with tilt (-0.17671387 -1.8659002 -1.3234028)
  triclinic box = (0 0 0) to (2.5443992 9.4974131 8.9148159) with tilt (-0.17671387 -1.8659002 -1.3234028)
  triclinic box = (0 0 0) to (2.5443992 9.4974131 9.0010965) with tilt (-0.17671387 -1.8659002 -1.3234028)
  triclinic box = (0 0 0) to (2.5443992 9.4974131 9.0010965) with tilt (-0.17706619 -1.8659002 -1.3234028)
  triclinic box = (0 0 0) to (2.5443992 9.4974131 9.0010965) with tilt (-0.17706619 -1.8252274 -1.3234028)
  triclinic box = (0 0 0) to (2.5443992 9.4974131 9.0010965) with tilt (-0.17706619 -1.8252274 -1.295359)
echo none
run 0
Per MPI rank memory allocation (min/avg/max) = 3.887 | 3.887 | 3.887 Mbytes
    PotEng          Pxx           E_mol          E_coul    
-76.77291      -191.37429      0              0            
Loop time of 1.497e-06 on 1 procs for 0 steps with 18 atoms

1068.8% CPU use with 1 MPI tasks x 1 OpenMP threads

MPI task timing breakdown:
Section |  min time  |  avg time  |  max time  |%varavg| %total
---------------------------------------------------------------
Pair    | 0          | 0          | 0          |   0.0 |  0.00
Neigh   | 0          | 0          | 0          |   0.0 |  0.00
Comm    | 0          | 0          | 0          |   0.0 |  0.00
Output  | 0          | 0          | 0          |   0.0 |  0.00
Modify  | 0          | 0          | 0          |   0.0 |  0.00
Other   |            | 1.497e-06  |            |       |100.00

Nlocal:             18 ave          18 max          18 min
Histogram: 1 0 0 0 0 0 0 0 0 0
Nghost:           2614 ave        2614 max        2614 min
Histogram: 1 0 0 0 0 0 0 0 0 0
Neighs:              0 ave           0 max           0 min
Histogram: 1 0 0 0 0 0 0 0 0 0
FullNghs:        11442 ave       11442 max       11442 min
Histogram: 1 0 0 0 0 0 0 0 0 0

Total # of neighbors = 11442
Ave neighs/atom = 635.66667
Neighbor list builds = 0
Dangerous builds = 0
set atom * x 0.0 y 0.0 z 0.0
Setting atom values ...
  18 settings made for x
  18 settings made for y
  18 settings made for z
change_box all     x final 0 2.544399221679014 y final 0 9.497413088684423 z final 0 9.001096542185984      xy final -0.1770661896196183 xz final -1.8252274147588101 yz final -1.2953589729421524 units box
Changing box ...
  triclinic box = (0 0 0) to (2.5443992 9.4974131 9.0010965) with tilt (-0.17706619 -1.8252274 -1.295359)
  triclinic box = (0 0 0) to (2.5443992 9.4974131 9.0010965) with tilt (-0.17706619 -1.8252274 -1.295359)
  triclinic box = (0 0 0) to (2.5443992 9.4974131 9.0010965) with tilt (-0.17706619 -1.8252274 -1.295359)
  triclinic box = (0 0 0) to (2.5443992 9.4974131 9.0010965) with tilt (-0.17706619 -1.8252274 -1.295359)
  triclinic box = (0 0 0) to (2.5443992 9.4974131 9.0010965) with tilt (-0.17706619 -1.8252274 -1.295359)
  triclinic box = (0 0 0) to (2.5443992 9.4974131 9.0010965) with tilt (-0.17706619 -1.8252274 -1.295359)
echo none
run 0
Per MPI rank memory allocation (min/avg/max) = 3.887 | 3.887 | 3.887 Mbytes
    PotEng          Pxx           E_mol          E_coul    
-76.77291      -191.37429      0              0            
Loop time of 1.513e-06 on 1 procs for 0 steps with 18 atoms

925.3% CPU use with 1 MPI tasks x 1 OpenMP threads

MPI task timing breakdown:
Section |  min time  |  avg time  |  max time  |%varavg| %total
---------------------------------------------------------------
Pair    | 0          | 0          | 0          |   0.0 |  0.00
Neigh   | 0          | 0          | 0          |   0.0 |  0.00
Comm    | 0          | 0          | 0          |   0.0 |  0.00
Output  | 0          | 0          | 0          |   0.0 |  0.00
Modify  | 0          | 0          | 0          |   0.0 |  0.00
Other   |            | 1.513e-06  |            |       |100.00

Nlocal:             18 ave          18 max          18 min
Histogram: 1 0 0 0 0 0 0 0 0 0
Nghost:           2614 ave        2614 max        2614 min
Histogram: 1 0 0 0 0 0 0 0 0 0
Neighs:              0 ave           0 max           0 min
Histogram: 1 0 0 0 0 0 0 0 0 0
FullNghs:        11442 ave       11442 max       11442 min
Histogram: 1 0 0 0 0 0 0 0 0 0

Total # of neighbors = 11442
Ave neighs/atom = 635.66667
Neighbor list builds = 0
Dangerous builds = 0
set atom * x 0.0 y 0.0 z 0.0
Setting atom values ...
  18 settings made for x
  18 settings made for y
  18 settings made for z
change_box all     x final 0 2.5450713371065827 y final 0 9.439773599231485 z final 0 8.924045262013374      xy final -0.17030862199634086 xz final -1.8573025129629217 yz final -1.2930847556879912 units box
Changing box ...
  triclinic box = (0 0 0) to (2.5450713 9.4974131 9.0010965) with tilt (-0.17706619 -1.8252274 -1.295359)
  triclinic box = (0 0 0) to (2.5450713 9.4397736 9.0010965) with tilt (-0.17706619 -1.8252274 -1.295359)
  triclinic box = (0 0 0) to (2.5450713 9.4397736 8.9240453) with tilt (-0.17706619 -1.8252274 -1.295359)
  triclinic box = (0 0 0) to (2.5450713 9.4397736 8.9240453) with tilt (-0.17030862 -1.8252274 -1.295359)
  triclinic box = (0 0 0) to (2.5450713 9.4397736 8.9240453) with tilt (-0.17030862 -1.8573025 -1.295359)
  triclinic box = (0 0 0) to (2.5450713 9.4397736 8.9240453) with tilt (-0.17030862 -1.8573025 -1.2930848)
echo none
run 0
Per MPI rank memory allocation (min/avg/max) = 3.887 | 3.887 | 3.887 Mbytes
    PotEng          Pxx           E_mol          E_coul    
-76.775165     -97.780873      0              0            
Loop time of 1.454e-06 on 1 procs for 0 steps with 18 atoms

756.5% CPU use with 1 MPI tasks x 1 OpenMP threads

MPI task timing breakdown:
Section |  min time  |  avg time  |  max time  |%varavg| %total
---------------------------------------------------------------
Pair    | 0          | 0          | 0          |   0.0 |  0.00
Neigh   | 0          | 0          | 0          |   0.0 |  0.00
Comm    | 0          | 0          | 0          |   0.0 |  0.00
Output  | 0          | 0          | 0          |   0.0 |  0.00
Modify  | 0          | 0          | 0          |   0.0 |  0.00
Other   |            | 1.454e-06  |            |       |100.00

Nlocal:             18 ave          18 max          18 min
Histogram: 1 0 0 0 0 0 0 0 0 0
Nghost:           2614 ave        2614 max        2614 min
Histogram: 1 0 0 0 0 0 0 0 0 0
Neighs:              0 ave           0 max           0 min
Histogram: 1 0 0 0 0 0 0 0 0 0
FullNghs:        11590 ave       11590 max       11590 min
Histogram: 1 0 0 0 0 0 0 0 0 0

Total # of neighbors = 11590
Ave neighs/atom = 643.88889
Neighbor list builds = 0
Dangerous builds = 0
set atom * x 0.0 y 0.0 z 0.0
Setting atom values ...
  18 settings made for x
  18 settings made for y
  18 settings made for z
change_box all     x final 0 2.5450713371065827 y final 0 9.439773599231485 z final 0 8.924045262013376      xy final -0.17030862199634106 xz final -1.8573025129629213 yz final -1.2930847556879894 units box
Changing box ...
  triclinic box = (0 0 0) to (2.5450713 9.4397736 8.9240453) with tilt (-0.17030862 -1.8573025 -1.2930848)
  triclinic box = (0 0 0) to (2.5450713 9.4397736 8.9240453) with tilt (-0.17030862 -1.8573025 -1.2930848)
  triclinic box = (0 0 0) to (2.5450713 9.4397736 8.9240453) with tilt (-0.17030862 -1.8573025 -1.2930848)
  triclinic box = (0 0 0) to (2.5450713 9.4397736 8.9240453) with tilt (-0.17030862 -1.8573025 -1.2930848)
  triclinic box = (0 0 0) to (2.5450713 9.4397736 8.9240453) with tilt (-0.17030862 -1.8573025 -1.2930848)
  triclinic box = (0 0 0) to (2.5450713 9.4397736 8.9240453) with tilt (-0.17030862 -1.8573025 -1.2930848)
echo none
run 0
Per MPI rank memory allocation (min/avg/max) = 3.887 | 3.887 | 3.887 Mbytes
    PotEng          Pxx           E_mol          E_coul    
-76.775165     -97.780873      0              0            
Loop time of 1.446e-06 on 1 procs for 0 steps with 18 atoms

968.2% CPU use with 1 MPI tasks x 1 OpenMP threads

MPI task timing breakdown:
Section |  min time  |  avg time  |  max time  |%varavg| %total
---------------------------------------------------------------
Pair    | 0          | 0          | 0          |   0.0 |  0.00
Neigh   | 0          | 0          | 0          |   0.0 |  0.00
Comm    | 0          | 0          | 0          |   0.0 |  0.00
Output  | 0          | 0          | 0          |   0.0 |  0.00
Modify  | 0          | 0          | 0          |   0.0 |  0.00
Other   |            | 1.446e-06  |            |       |100.00

Nlocal:             18 ave          18 max          18 min
Histogram: 1 0 0 0 0 0 0 0 0 0
Nghost:           2614 ave        2614 max        2614 min
Histogram: 1 0 0 0 0 0 0 0 0 0
Neighs:              0 ave           0 max           0 min
Histogram: 1 0 0 0 0 0 0 0 0 0
FullNghs:        11590 ave       11590 max       11590 min
Histogram: 1 0 0 0 0 0 0 0 0 0

Total # of neighbors = 11590
Ave neighs/atom = 643.88889
Neighbor list builds = 0
Dangerous builds = 0
set atom * x 0.0 y 0.0 z 0.0
Setting atom values ...
  18 settings made for x
  18 settings made for y
  18 settings made for z
change_box all     x final 0 2.5451765374185085 y final 0 9.401274062677857 z final 0 8.945943575937378      xy final -0.16803931508424724 xz final -1.8782740099391153 yz final -1.3604033060455978 units box
Changing box ...
  triclinic box = (0 0 0) to (2.5451765 9.4397736 8.9240453) with tilt (-0.17030862 -1.8573025 -1.2930848)
  triclinic box = (0 0 0) to (2.5451765 9.4012741 8.9240453) with tilt (-0.17030862 -1.8573025 -1.2930848)
  triclinic box = (0 0 0) to (2.5451765 9.4012741 8.9459436) with tilt (-0.17030862 -1.8573025 -1.2930848)
  triclinic box = (0 0 0) to (2.5451765 9.4012741 8.9459436) with tilt (-0.16803932 -1.8573025 -1.2930848)
  triclinic box = (0 0 0) to (2.5451765 9.4012741 8.9459436) with tilt (-0.16803932 -1.878274 -1.2930848)
  triclinic box = (0 0 0) to (2.5451765 9.4012741 8.9459436) with tilt (-0.16803932 -1.878274 -1.3604033)
echo none
run 0
Per MPI rank memory allocation (min/avg/max) = 3.887 | 3.887 | 3.887 Mbytes
    PotEng          Pxx           E_mol          E_coul    
-76.776081     -234.74779      0              0            
Loop time of 1.296e-06 on 1 procs for 0 steps with 18 atoms

1003.1% CPU use with 1 MPI tasks x 1 OpenMP threads

MPI task timing breakdown:
Section |  min time  |  avg time  |  max time  |%varavg| %total
---------------------------------------------------------------
Pair    | 0          | 0          | 0          |   0.0 |  0.00
Neigh   | 0          | 0          | 0          |   0.0 |  0.00
Comm    | 0          | 0          | 0          |   0.0 |  0.00
Output  | 0          | 0          | 0          |   0.0 |  0.00
Modify  | 0          | 0          | 0          |   0.0 |  0.00
Other   |            | 1.296e-06  |            |       |100.00

Nlocal:             18 ave          18 max          18 min
Histogram: 1 0 0 0 0 0 0 0 0 0
Nghost:           2626 ave        2626 max        2626 min
Histogram: 1 0 0 0 0 0 0 0 0 0
Neighs:              0 ave           0 max           0 min
Histogram: 1 0 0 0 0 0 0 0 0 0
FullNghs:        11620 ave       11620 max       11620 min
Histogram: 1 0 0 0 0 0 0 0 0 0

Total # of neighbors = 11620
Ave neighs/atom = 645.55556
Neighbor list builds = 0
Dangerous builds = 0
set atom * x 0.0 y 0.0 z 0.0
Setting atom values ...
  18 settings made for x
  18 settings made for y
  18 settings made for z
change_box all     x final 0 2.5451765374185094 y final 0 9.401274062677862 z final 0 8.94594357593738      xy final -0.16803931508424763 xz final -1.8782740099391153 yz final -1.360403306045598 units box
Changing box ...
  triclinic box = (0 0 0) to (2.5451765 9.4012741 8.9459436) with tilt (-0.16803932 -1.878274 -1.3604033)
  triclinic box = (0 0 0) to (2.5451765 9.4012741 8.9459436) with tilt (-0.16803932 -1.878274 -1.3604033)
  triclinic box = (0 0 0) to (2.5451765 9.4012741 8.9459436) with tilt (-0.16803932 -1.878274 -1.3604033)
  triclinic box = (0 0 0) to (2.5451765 9.4012741 8.9459436) with tilt (-0.16803932 -1.878274 -1.3604033)
  triclinic box = (0 0 0) to (2.5451765 9.4012741 8.9459436) with tilt (-0.16803932 -1.878274 -1.3604033)
  triclinic box = (0 0 0) to (2.5451765 9.4012741 8.9459436) with tilt (-0.16803932 -1.878274 -1.3604033)
echo none
run 0
Per MPI rank memory allocation (min/avg/max) = 3.887 | 3.887 | 3.887 Mbytes
    PotEng          Pxx           E_mol          E_coul    
-76.776081     -234.74779      0              0            
Loop time of 1.457e-06 on 1 procs for 0 steps with 18 atoms

892.2% CPU use with 1 MPI tasks x 1 OpenMP threads

MPI task timing breakdown:
Section |  min time  |  avg time  |  max time  |%varavg| %total
---------------------------------------------------------------
Pair    | 0          | 0          | 0          |   0.0 |  0.00
Neigh   | 0          | 0          | 0          |   0.0 |  0.00
Comm    | 0          | 0          | 0          |   0.0 |  0.00
Output  | 0          | 0          | 0          |   0.0 |  0.00
Modify  | 0          | 0          | 0          |   0.0 |  0.00
Other   |            | 1.457e-06  |            |       |100.00

Nlocal:             18 ave          18 max          18 min
Histogram: 1 0 0 0 0 0 0 0 0 0
Nghost:           2626 ave        2626 max        2626 min
Histogram: 1 0 0 0 0 0 0 0 0 0
Neighs:              0 ave           0 max           0 min
Histogram: 1 0 0 0 0 0 0 0 0 0
FullNghs:        11620 ave       11620 max       11620 min
Histogram: 1 0 0 0 0 0 0 0 0 0

Total # of neighbors = 11620
Ave neighs/atom = 645.55556
Neighbor list builds = 0
Dangerous builds = 0
set atom * x 0.0 y 0.0 z 0.0
Setting atom values ...
  18 settings made for x
  18 settings made for y
  18 settings made for z
change_box all     x final 0 2.544988952250141 y final 0 9.415753139584732 z final 0 8.924752429095296      xy final -0.15604692374881618 xz final -1.8972399656625067 yz final -1.3597017993733598 units box
Changing box ...
  triclinic box = (0 0 0) to (2.544989 9.4012741 8.9459436) with tilt (-0.16803932 -1.878274 -1.3604033)
  triclinic box = (0 0 0) to (2.544989 9.4157531 8.9459436) with tilt (-0.16803932 -1.878274 -1.3604033)
  triclinic box = (0 0 0) to (2.544989 9.4157531 8.9247524) with tilt (-0.16803932 -1.878274 -1.3604033)
  triclinic box = (0 0 0) to (2.544989 9.4157531 8.9247524) with tilt (-0.15604692 -1.878274 -1.3604033)
  triclinic box = (0 0 0) to (2.544989 9.4157531 8.9247524) with tilt (-0.15604692 -1.89724 -1.3604033)
  triclinic box = (0 0 0) to (2.544989 9.4157531 8.9247524) with tilt (-0.15604692 -1.89724 -1.3597018)
echo none
run 0
Per MPI rank memory allocation (min/avg/max) = 3.887 | 3.887 | 3.887 Mbytes
    PotEng          Pxx           E_mol          E_coul    
-76.777129     -163.65068      0              0            
Loop time of 1.394e-06 on 1 procs for 0 steps with 18 atoms

1004.3% CPU use with 1 MPI tasks x 1 OpenMP threads

MPI task timing breakdown:
Section |  min time  |  avg time  |  max time  |%varavg| %total
---------------------------------------------------------------
Pair    | 0          | 0          | 0          |   0.0 |  0.00
Neigh   | 0          | 0          | 0          |   0.0 |  0.00
Comm    | 0          | 0          | 0          |   0.0 |  0.00
Output  | 0          | 0          | 0          |   0.0 |  0.00
Modify  | 0          | 0          | 0          |   0.0 |  0.00
Other   |            | 1.394e-06  |            |       |100.00

Nlocal:             18 ave          18 max          18 min
Histogram: 1 0 0 0 0 0 0 0 0 0
Nghost:           2626 ave        2626 max        2626 min
Histogram: 1 0 0 0 0 0 0 0 0 0
Neighs:              0 ave           0 max           0 min
Histogram: 1 0 0 0 0 0 0 0 0 0
FullNghs:        11662 ave       11662 max       11662 min
Histogram: 1 0 0 0 0 0 0 0 0 0

Total # of neighbors = 11662
Ave neighs/atom = 647.88889
Neighbor list builds = 0
Dangerous builds = 0
set atom * x 0.0 y 0.0 z 0.0
Setting atom values ...
  18 settings made for x
  18 settings made for y
  18 settings made for z
change_box all     x final 0 2.544988952250141 y final 0 9.41575313958473 z final 0 8.924752429095296      xy final -0.1560469237488158 xz final -1.897239965662507 yz final -1.359701799373359 units box
Changing box ...
  triclinic box = (0 0 0) to (2.544989 9.4157531 8.9247524) with tilt (-0.15604692 -1.89724 -1.3597018)
  triclinic box = (0 0 0) to (2.544989 9.4157531 8.9247524) with tilt (-0.15604692 -1.89724 -1.3597018)
  triclinic box = (0 0 0) to (2.544989 9.4157531 8.9247524) with tilt (-0.15604692 -1.89724 -1.3597018)
  triclinic box = (0 0 0) to (2.544989 9.4157531 8.9247524) with tilt (-0.15604692 -1.89724 -1.3597018)
  triclinic box = (0 0 0) to (2.544989 9.4157531 8.9247524) with tilt (-0.15604692 -1.89724 -1.3597018)
  triclinic box = (0 0 0) to (2.544989 9.4157531 8.9247524) with tilt (-0.15604692 -1.89724 -1.3597018)
echo none
run 0
Per MPI rank memory allocation (min/avg/max) = 3.887 | 3.887 | 3.887 Mbytes
    PotEng          Pxx           E_mol          E_coul    
-76.777129     -163.65068      0              0            
Loop time of 1.5e-06 on 1 procs for 0 steps with 18 atoms

733.3% CPU use with 1 MPI tasks x 1 OpenMP threads

MPI task timing breakdown:
Section |  min time  |  avg time  |  max time  |%varavg| %total
---------------------------------------------------------------
Pair    | 0          | 0          | 0          |   0.0 |  0.00
Neigh   | 0          | 0          | 0          |   0.0 |  0.00
Comm    | 0          | 0          | 0          |   0.0 |  0.00
Output  | 0          | 0          | 0          |   0.0 |  0.00
Modify  | 0          | 0          | 0          |   0.0 |  0.00
Other   |            | 1.5e-06    |            |       |100.00

Nlocal:             18 ave          18 max          18 min
Histogram: 1 0 0 0 0 0 0 0 0 0
Nghost:           2626 ave        2626 max        2626 min
Histogram: 1 0 0 0 0 0 0 0 0 0
Neighs:              0 ave           0 max           0 min
Histogram: 1 0 0 0 0 0 0 0 0 0
FullNghs:        11662 ave       11662 max       11662 min
Histogram: 1 0 0 0 0 0 0 0 0 0

Total # of neighbors = 11662
Ave neighs/atom = 647.88889
Neighbor list builds = 0
Dangerous builds = 0
set atom * x 0.0 y 0.0 z 0.0
Setting atom values ...
  18 settings made for x
  18 settings made for y
  18 settings made for z
change_box all     x final 0 2.5447903602952895 y final 0 9.436877894727566 z final 0 8.91210775208038      xy final -0.13729216891997856 xz final -1.9184089339170627 yz final -1.3663069420512246 units box
Changing box ...
  triclinic box = (0 0 0) to (2.5447904 9.4157531 8.9247524) with tilt (-0.15604692 -1.89724 -1.3597018)
  triclinic box = (0 0 0) to (2.5447904 9.4368779 8.9247524) with tilt (-0.15604692 -1.89724 -1.3597018)
  triclinic box = (0 0 0) to (2.5447904 9.4368779 8.9121078) with tilt (-0.15604692 -1.89724 -1.3597018)
  triclinic box = (0 0 0) to (2.5447904 9.4368779 8.9121078) with tilt (-0.13729217 -1.89724 -1.3597018)
  triclinic box = (0 0 0) to (2.5447904 9.4368779 8.9121078) with tilt (-0.13729217 -1.9184089 -1.3597018)
  triclinic box = (0 0 0) to (2.5447904 9.4368779 8.9121078) with tilt (-0.13729217 -1.9184089 -1.3663069)
echo none
run 0
Per MPI rank memory allocation (min/avg/max) = 3.887 | 3.887 | 3.887 Mbytes
    PotEng          Pxx           E_mol          E_coul    
-76.778047     -56.626844      0              0            
Loop time of 1.343e-06 on 1 procs for 0 steps with 18 atoms

1191.4% CPU use with 1 MPI tasks x 1 OpenMP threads

MPI task timing breakdown:
Section |  min time  |  avg time  |  max time  |%varavg| %total
---------------------------------------------------------------
Pair    | 0          | 0          | 0          |   0.0 |  0.00
Neigh   | 0          | 0          | 0          |   0.0 |  0.00
Comm    | 0          | 0          | 0          |   0.0 |  0.00
Output  | 0          | 0          | 0          |   0.0 |  0.00
Modify  | 0          | 0          | 0          |   0.0 |  0.00
Other   |            | 1.343e-06  |            |       |100.00

Nlocal:             18 ave          18 max          18 min
Histogram: 1 0 0 0 0 0 0 0 0 0
Nghost:           2638 ave        2638 max        2638 min
Histogram: 1 0 0 0 0 0 0 0 0 0
Neighs:              0 ave           0 max           0 min
Histogram: 1 0 0 0 0 0 0 0 0 0
FullNghs:        11654 ave       11654 max       11654 min
Histogram: 1 0 0 0 0 0 0 0 0 0

Total # of neighbors = 11654
Ave neighs/atom = 647.44444
Neighbor list builds = 0
Dangerous builds = 0
set atom * x 0.0 y 0.0 z 0.0
Setting atom values ...
  18 settings made for x
  18 settings made for y
  18 settings made for z
change_box all     x final 0 2.544790360295289 y final 0 9.436877894727562 z final 0 8.912107752080376      xy final -0.13729216891997828 xz final -1.9184089339170618 yz final -1.366306942051223 units box
Changing box ...
  triclinic box = (0 0 0) to (2.5447904 9.4368779 8.9121078) with tilt (-0.13729217 -1.9184089 -1.3663069)
  triclinic box = (0 0 0) to (2.5447904 9.4368779 8.9121078) with tilt (-0.13729217 -1.9184089 -1.3663069)
  triclinic box = (0 0 0) to (2.5447904 9.4368779 8.9121078) with tilt (-0.13729217 -1.9184089 -1.3663069)
  triclinic box = (0 0 0) to (2.5447904 9.4368779 8.9121078) with tilt (-0.13729217 -1.9184089 -1.3663069)
  triclinic box = (0 0 0) to (2.5447904 9.4368779 8.9121078) with tilt (-0.13729217 -1.9184089 -1.3663069)
  triclinic box = (0 0 0) to (2.5447904 9.4368779 8.9121078) with tilt (-0.13729217 -1.9184089 -1.3663069)
echo none
run 0
Per MPI rank memory allocation (min/avg/max) = 3.887 | 3.887 | 3.887 Mbytes
    PotEng          Pxx           E_mol          E_coul    
-76.778047     -56.626844      0              0            
Loop time of 1.477e-06 on 1 procs for 0 steps with 18 atoms

677.0% CPU use with 1 MPI tasks x 1 OpenMP threads

MPI task timing breakdown:
Section |  min time  |  avg time  |  max time  |%varavg| %total
---------------------------------------------------------------
Pair    | 0          | 0          | 0          |   0.0 |  0.00
Neigh   | 0          | 0          | 0          |   0.0 |  0.00
Comm    | 0          | 0          | 0          |   0.0 |  0.00
Output  | 0          | 0          | 0          |   0.0 |  0.00
Modify  | 0          | 0          | 0          |   0.0 |  0.00
Other   |            | 1.477e-06  |            |       |100.00

Nlocal:             18 ave          18 max          18 min
Histogram: 1 0 0 0 0 0 0 0 0 0
Nghost:           2638 ave        2638 max        2638 min
Histogram: 1 0 0 0 0 0 0 0 0 0
Neighs:              0 ave           0 max           0 min
Histogram: 1 0 0 0 0 0 0 0 0 0
FullNghs:        11654 ave       11654 max       11654 min
Histogram: 1 0 0 0 0 0 0 0 0 0

Total # of neighbors = 11654
Ave neighs/atom = 647.44444
Neighbor list builds = 0
Dangerous builds = 0
set atom * x 0.0 y 0.0 z 0.0
Setting atom values ...
  18 settings made for x
  18 settings made for y
  18 settings made for z
change_box all     x final 0 2.5448639971112472 y final 0 9.448662535850222 z final 0 8.898408624839776      xy final -0.11885367275439312 xz final -1.9366806903162703 yz final -1.3759044783720473 units box
Changing box ...
  triclinic box = (0 0 0) to (2.544864 9.4368779 8.9121078) with tilt (-0.13729217 -1.9184089 -1.3663069)
  triclinic box = (0 0 0) to (2.544864 9.4486625 8.9121078) with tilt (-0.13729217 -1.9184089 -1.3663069)
  triclinic box = (0 0 0) to (2.544864 9.4486625 8.8984086) with tilt (-0.13729217 -1.9184089 -1.3663069)
  triclinic box = (0 0 0) to (2.544864 9.4486625 8.8984086) with tilt (-0.11885367 -1.9184089 -1.3663069)
  triclinic box = (0 0 0) to (2.544864 9.4486625 8.8984086) with tilt (-0.11885367 -1.9366807 -1.3663069)
  triclinic box = (0 0 0) to (2.544864 9.4486625 8.8984086) with tilt (-0.11885367 -1.9366807 -1.3759045)
echo none
run 0
Per MPI rank memory allocation (min/avg/max) = 3.887 | 3.887 | 3.887 Mbytes
    PotEng          Pxx           E_mol          E_coul    
-76.778512     -39.118117      0              0            
Loop time of 1.397e-06 on 1 procs for 0 steps with 18 atoms

859.0% CPU use with 1 MPI tasks x 1 OpenMP threads

MPI task timing breakdown:
Section |  min time  |  avg time  |  max time  |%varavg| %total
---------------------------------------------------------------
Pair    | 0          | 0          | 0          |   0.0 |  0.00
Neigh   | 0          | 0          | 0          |   0.0 |  0.00
Comm    | 0          | 0          | 0          |   0.0 |  0.00
Output  | 0          | 0          | 0          |   0.0 |  0.00
Modify  | 0          | 0          | 0          |   0.0 |  0.00
Other   |            | 1.397e-06  |            |       |100.00

Nlocal:             18 ave          18 max          18 min
Histogram: 1 0 0 0 0 0 0 0 0 0
Nghost:           2638 ave        2638 max        2638 min
Histogram: 1 0 0 0 0 0 0 0 0 0
Neighs:              0 ave           0 max           0 min
Histogram: 1 0 0 0 0 0 0 0 0 0
FullNghs:        11666 ave       11666 max       11666 min
Histogram: 1 0 0 0 0 0 0 0 0 0

Total # of neighbors = 11666
Ave neighs/atom = 648.11111
Neighbor list builds = 0
Dangerous builds = 0
set atom * x 0.0 y 0.0 z 0.0
Setting atom values ...
  18 settings made for x
  18 settings made for y
  18 settings made for z
change_box all     x final 0 2.544863997111249 y final 0 9.448662535850218 z final 0 8.898408624839774      xy final -0.1188536727543935 xz final -1.936680690316271 yz final -1.3759044783720442 units box
Changing box ...
  triclinic box = (0 0 0) to (2.544864 9.4486625 8.8984086) with tilt (-0.11885367 -1.9366807 -1.3759045)
  triclinic box = (0 0 0) to (2.544864 9.4486625 8.8984086) with tilt (-0.11885367 -1.9366807 -1.3759045)
  triclinic box = (0 0 0) to (2.544864 9.4486625 8.8984086) with tilt (-0.11885367 -1.9366807 -1.3759045)
  triclinic box = (0 0 0) to (2.544864 9.4486625 8.8984086) with tilt (-0.11885367 -1.9366807 -1.3759045)
  triclinic box = (0 0 0) to (2.544864 9.4486625 8.8984086) with tilt (-0.11885367 -1.9366807 -1.3759045)
  triclinic box = (0 0 0) to (2.544864 9.4486625 8.8984086) with tilt (-0.11885367 -1.9366807 -1.3759045)
echo none
run 0
Per MPI rank memory allocation (min/avg/max) = 3.887 | 3.887 | 3.887 Mbytes
    PotEng          Pxx           E_mol          E_coul    
-76.778512     -39.118117      0              0            
Loop time of 1.884e-06 on 1 procs for 0 steps with 18 atoms

3131.6% CPU use with 1 MPI tasks x 1 OpenMP threads

MPI task timing breakdown:
Section |  min time  |  avg time  |  max time  |%varavg| %total
---------------------------------------------------------------
Pair    | 0          | 0          | 0          |   0.0 |  0.00
Neigh   | 0          | 0          | 0          |   0.0 |  0.00
Comm    | 0          | 0          | 0          |   0.0 |  0.00
Output  | 0          | 0          | 0          |   0.0 |  0.00
Modify  | 0          | 0          | 0          |   0.0 |  0.00
Other   |            | 1.884e-06  |            |       |100.00

Nlocal:             18 ave          18 max          18 min
Histogram: 1 0 0 0 0 0 0 0 0 0
Nghost:           2638 ave        2638 max        2638 min
Histogram: 1 0 0 0 0 0 0 0 0 0
Neighs:              0 ave           0 max           0 min
Histogram: 1 0 0 0 0 0 0 0 0 0
FullNghs:        11666 ave       11666 max       11666 min
Histogram: 1 0 0 0 0 0 0 0 0 0

Total # of neighbors = 11666
Ave neighs/atom = 648.11111
Neighbor list builds = 0
Dangerous builds = 0
set atom * x 0.0 y 0.0 z 0.0
Setting atom values ...
  18 settings made for x
  18 settings made for y
  18 settings made for z
change_box all     x final 0 2.5449700388351353 y final 0 9.454989224779304 z final 0 8.88704371903926      xy final -0.10189997154685085 xz final -1.95078509139504 yz final -1.3834898672241904 units box
Changing box ...
  triclinic box = (0 0 0) to (2.54497 9.4486625 8.8984086) with tilt (-0.11885367 -1.9366807 -1.3759045)
  triclinic box = (0 0 0) to (2.54497 9.4549892 8.8984086) with tilt (-0.11885367 -1.9366807 -1.3759045)
  triclinic box = (0 0 0) to (2.54497 9.4549892 8.8870437) with tilt (-0.11885367 -1.9366807 -1.3759045)
  triclinic box = (0 0 0) to (2.54497 9.4549892 8.8870437) with tilt (-0.10189997 -1.9366807 -1.3759045)
  triclinic box = (0 0 0) to (2.54497 9.4549892 8.8870437) with tilt (-0.10189997 -1.9507851 -1.3759045)
  triclinic box = (0 0 0) to (2.54497 9.4549892 8.8870437) with tilt (-0.10189997 -1.9507851 -1.3834899)
echo none
run 0
Per MPI rank memory allocation (min/avg/max) = 3.888 | 3.888 | 3.888 Mbytes
    PotEng          Pxx           E_mol          E_coul    
-76.778793     -21.067636      0              0            
Loop time of 1.56e-06 on 1 procs for 0 steps with 18 atoms

961.5% CPU use with 1 MPI tasks x 1 OpenMP threads

MPI task timing breakdown:
Section |  min time  |  avg time  |  max time  |%varavg| %total
---------------------------------------------------------------
Pair    | 0          | 0          | 0          |   0.0 |  0.00
Neigh   | 0          | 0          | 0          |   0.0 |  0.00
Comm    | 0          | 0          | 0          |   0.0 |  0.00
Output  | 0          | 0          | 0          |   0.0 |  0.00
Modify  | 0          | 0          | 0          |   0.0 |  0.00
Other   |            | 1.56e-06   |            |       |100.00

Nlocal:             18 ave          18 max          18 min
Histogram: 1 0 0 0 0 0 0 0 0 0
Nghost:           2682 ave        2682 max        2682 min
Histogram: 1 0 0 0 0 0 0 0 0 0
Neighs:              0 ave           0 max           0 min
Histogram: 1 0 0 0 0 0 0 0 0 0
FullNghs:        11708 ave       11708 max       11708 min
Histogram: 1 0 0 0 0 0 0 0 0 0

Total # of neighbors = 11708
Ave neighs/atom = 650.44444
Neighbor list builds = 0
Dangerous builds = 0
set atom * x 0.0 y 0.0 z 0.0
Setting atom values ...
  18 settings made for x
  18 settings made for y
  18 settings made for z
change_box all     x final 0 2.544970038835136 y final 0 9.4549892247793 z final 0 8.88704371903926      xy final -0.10189997154685089 xz final -1.9507850913950409 yz final -1.383489867224187 units box
Changing box ...
  triclinic box = (0 0 0) to (2.54497 9.4549892 8.8870437) with tilt (-0.10189997 -1.9507851 -1.3834899)
  triclinic box = (0 0 0) to (2.54497 9.4549892 8.8870437) with tilt (-0.10189997 -1.9507851 -1.3834899)
  triclinic box = (0 0 0) to (2.54497 9.4549892 8.8870437) with tilt (-0.10189997 -1.9507851 -1.3834899)
  triclinic box = (0 0 0) to (2.54497 9.4549892 8.8870437) with tilt (-0.10189997 -1.9507851 -1.3834899)
  triclinic box = (0 0 0) to (2.54497 9.4549892 8.8870437) with tilt (-0.10189997 -1.9507851 -1.3834899)
  triclinic box = (0 0 0) to (2.54497 9.4549892 8.8870437) with tilt (-0.10189997 -1.9507851 -1.3834899)
echo none
run 0
Per MPI rank memory allocation (min/avg/max) = 3.888 | 3.888 | 3.888 Mbytes
    PotEng          Pxx           E_mol          E_coul    
-76.778793     -21.067636      0              0            
Loop time of 1.486e-06 on 1 procs for 0 steps with 18 atoms

538.4% CPU use with 1 MPI tasks x 1 OpenMP threads

MPI task timing breakdown:
Section |  min time  |  avg time  |  max time  |%varavg| %total
---------------------------------------------------------------
Pair    | 0          | 0          | 0          |   0.0 |  0.00
Neigh   | 0          | 0          | 0          |   0.0 |  0.00
Comm    | 0          | 0          | 0          |   0.0 |  0.00
Output  | 0          | 0          | 0          |   0.0 |  0.00
Modify  | 0          | 0          | 0          |   0.0 |  0.00
Other   |            | 1.486e-06  |            |       |100.00

Nlocal:             18 ave          18 max          18 min
Histogram: 1 0 0 0 0 0 0 0 0 0
Nghost:           2682 ave        2682 max        2682 min
Histogram: 1 0 0 0 0 0 0 0 0 0
Neighs:              0 ave           0 max           0 min
Histogram: 1 0 0 0 0 0 0 0 0 0
FullNghs:        11708 ave       11708 max       11708 min
Histogram: 1 0 0 0 0 0 0 0 0 0

Total # of neighbors = 11708
Ave neighs/atom = 650.44444
Neighbor list builds = 0
Dangerous builds = 0
set atom * x 0.0 y 0.0 z 0.0
Setting atom values ...
  18 settings made for x
  18 settings made for y
  18 settings made for z
change_box all     x final 0 2.5450555095057754 y final 0 9.457108599294846 z final 0 8.875277875165139      xy final -0.08427334211893624 xz final -1.9644708183953232 yz final -1.3876671467945856 units box
Changing box ...
  triclinic box = (0 0 0) to (2.5450555 9.4549892 8.8870437) with tilt (-0.10189997 -1.9507851 -1.3834899)
  triclinic box = (0 0 0) to (2.5450555 9.4571086 8.8870437) with tilt (-0.10189997 -1.9507851 -1.3834899)
  triclinic box = (0 0 0) to (2.5450555 9.4571086 8.8752779) with tilt (-0.10189997 -1.9507851 -1.3834899)
  triclinic box = (0 0 0) to (2.5450555 9.4571086 8.8752779) with tilt (-0.084273342 -1.9507851 -1.3834899)
  triclinic box = (0 0 0) to (2.5450555 9.4571086 8.8752779) with tilt (-0.084273342 -1.9644708 -1.3834899)
  triclinic box = (0 0 0) to (2.5450555 9.4571086 8.8752779) with tilt (-0.084273342 -1.9644708 -1.3876671)
echo none
run 0
Per MPI rank memory allocation (min/avg/max) = 3.888 | 3.888 | 3.888 Mbytes
    PotEng          Pxx           E_mol          E_coul    
-76.779074     -4.0441347      0              0            
Loop time of 1.339e-06 on 1 procs for 0 steps with 18 atoms

896.2% CPU use with 1 MPI tasks x 1 OpenMP threads

MPI task timing breakdown:
Section |  min time  |  avg time  |  max time  |%varavg| %total
---------------------------------------------------------------
Pair    | 0          | 0          | 0          |   0.0 |  0.00
Neigh   | 0          | 0          | 0          |   0.0 |  0.00
Comm    | 0          | 0          | 0          |   0.0 |  0.00
Output  | 0          | 0          | 0          |   0.0 |  0.00
Modify  | 0          | 0          | 0          |   0.0 |  0.00
Other   |            | 1.339e-06  |            |       |100.00

Nlocal:             18 ave          18 max          18 min
Histogram: 1 0 0 0 0 0 0 0 0 0
Nghost:           2682 ave        2682 max        2682 min
Histogram: 1 0 0 0 0 0 0 0 0 0
Neighs:              0 ave           0 max           0 min
Histogram: 1 0 0 0 0 0 0 0 0 0
FullNghs:        11708 ave       11708 max       11708 min
Histogram: 1 0 0 0 0 0 0 0 0 0

Total # of neighbors = 11708
Ave neighs/atom = 650.44444
Neighbor list builds = 0
Dangerous builds = 0
set atom * x 0.0 y 0.0 z 0.0
Setting atom values ...
  18 settings made for x
  18 settings made for y
  18 settings made for z
change_box all     x final 0 2.545179298003604 y final 0 9.459947405113866 z final 0 8.859425432251811      xy final -0.06048488151254908 xz final -1.982901461869774 yz final -1.3932524607538195 units box
Changing box ...
  triclinic box = (0 0 0) to (2.5451793 9.4571086 8.8752779) with tilt (-0.084273342 -1.9644708 -1.3876671)
  triclinic box = (0 0 0) to (2.5451793 9.4599474 8.8752779) with tilt (-0.084273342 -1.9644708 -1.3876671)
  triclinic box = (0 0 0) to (2.5451793 9.4599474 8.8594254) with tilt (-0.084273342 -1.9644708 -1.3876671)
  triclinic box = (0 0 0) to (2.5451793 9.4599474 8.8594254) with tilt (-0.060484882 -1.9644708 -1.3876671)
  triclinic box = (0 0 0) to (2.5451793 9.4599474 8.8594254) with tilt (-0.060484882 -1.9829015 -1.3876671)
  triclinic box = (0 0 0) to (2.5451793 9.4599474 8.8594254) with tilt (-0.060484882 -1.9829015 -1.3932525)
echo none
run 0
Per MPI rank memory allocation (min/avg/max) = 3.888 | 3.888 | 3.888 Mbytes
    PotEng          Pxx           E_mol          E_coul    
-76.779212      15.156055      0              0            
Loop time of 1.47e-06 on 1 procs for 0 steps with 18 atoms

1156.5% CPU use with 1 MPI tasks x 1 OpenMP threads

MPI task timing breakdown:
Section |  min time  |  avg time  |  max time  |%varavg| %total
---------------------------------------------------------------
Pair    | 0          | 0          | 0          |   0.0 |  0.00
Neigh   | 0          | 0          | 0          |   0.0 |  0.00
Comm    | 0          | 0          | 0          |   0.0 |  0.00
Output  | 0          | 0          | 0          |   0.0 |  0.00
Modify  | 0          | 0          | 0          |   0.0 |  0.00
Other   |            | 1.47e-06   |            |       |100.00

Nlocal:             18 ave          18 max          18 min
Histogram: 1 0 0 0 0 0 0 0 0 0
Nghost:           2682 ave        2682 max        2682 min
Histogram: 1 0 0 0 0 0 0 0 0 0
Neighs:              0 ave           0 max           0 min
Histogram: 1 0 0 0 0 0 0 0 0 0
FullNghs:        11750 ave       11750 max       11750 min
Histogram: 1 0 0 0 0 0 0 0 0 0

Total # of neighbors = 11750
Ave neighs/atom = 652.77778
Neighbor list builds = 0
Dangerous builds = 0
set atom * x 0.0 y 0.0 z 0.0
Setting atom values ...
  18 settings made for x
  18 settings made for y
  18 settings made for z
change_box all     x final 0 2.545179298003604 y final 0 9.459947405113867 z final 0 8.859425432251816      xy final -0.060484881512548966 xz final -1.9829014618697731 yz final -1.3932524607538248 units box
Changing box ...
  triclinic box = (0 0 0) to (2.5451793 9.4599474 8.8594254) with tilt (-0.060484882 -1.9829015 -1.3932525)
  triclinic box = (0 0 0) to (2.5451793 9.4599474 8.8594254) with tilt (-0.060484882 -1.9829015 -1.3932525)
  triclinic box = (0 0 0) to (2.5451793 9.4599474 8.8594254) with tilt (-0.060484882 -1.9829015 -1.3932525)
  triclinic box = (0 0 0) to (2.5451793 9.4599474 8.8594254) with tilt (-0.060484882 -1.9829015 -1.3932525)
  triclinic box = (0 0 0) to (2.5451793 9.4599474 8.8594254) with tilt (-0.060484882 -1.9829015 -1.3932525)
  triclinic box = (0 0 0) to (2.5451793 9.4599474 8.8594254) with tilt (-0.060484882 -1.9829015 -1.3932525)
echo none
run 0
Per MPI rank memory allocation (min/avg/max) = 3.888 | 3.888 | 3.888 Mbytes
    PotEng          Pxx           E_mol          E_coul    
-76.779212      15.156055      0              0            
Loop time of 1.476e-06 on 1 procs for 0 steps with 18 atoms

609.8% CPU use with 1 MPI tasks x 1 OpenMP threads

MPI task timing breakdown:
Section |  min time  |  avg time  |  max time  |%varavg| %total
---------------------------------------------------------------
Pair    | 0          | 0          | 0          |   0.0 |  0.00
Neigh   | 0          | 0          | 0          |   0.0 |  0.00
Comm    | 0          | 0          | 0          |   0.0 |  0.00
Output  | 0          | 0          | 0          |   0.0 |  0.00
Modify  | 0          | 0          | 0          |   0.0 |  0.00
Other   |            | 1.476e-06  |            |       |100.00

Nlocal:             18 ave          18 max          18 min
Histogram: 1 0 0 0 0 0 0 0 0 0
Nghost:           2682 ave        2682 max        2682 min
Histogram: 1 0 0 0 0 0 0 0 0 0
Neighs:              0 ave           0 max           0 min
Histogram: 1 0 0 0 0 0 0 0 0 0
FullNghs:        11750 ave       11750 max       11750 min
Histogram: 1 0 0 0 0 0 0 0 0 0

Total # of neighbors = 11750
Ave neighs/atom = 652.77778
Neighbor list builds = 0
Dangerous builds = 0
set atom * x 0.0 y 0.0 z 0.0
Setting atom values ...
  18 settings made for x
  18 settings made for y
  18 settings made for z
change_box all     x final 0 2.545149307931803 y final 0 9.455002583406547 z final 0 8.8559936169419      xy final -0.05248170378948535 xz final -1.9888069713452892 yz final -1.389015354019867 units box
Changing box ...
  triclinic box = (0 0 0) to (2.5451493 9.4599474 8.8594254) with tilt (-0.060484882 -1.9829015 -1.3932525)
  triclinic box = (0 0 0) to (2.5451493 9.4550026 8.8594254) with tilt (-0.060484882 -1.9829015 -1.3932525)
  triclinic box = (0 0 0) to (2.5451493 9.4550026 8.8559936) with tilt (-0.060484882 -1.9829015 -1.3932525)
  triclinic box = (0 0 0) to (2.5451493 9.4550026 8.8559936) with tilt (-0.052481704 -1.9829015 -1.3932525)
  triclinic box = (0 0 0) to (2.5451493 9.4550026 8.8559936) with tilt (-0.052481704 -1.988807 -1.3932525)
  triclinic box = (0 0 0) to (2.5451493 9.4550026 8.8559936) with tilt (-0.052481704 -1.988807 -1.3890154)
echo none
run 0
Per MPI rank memory allocation (min/avg/max) = 3.888 | 3.888 | 3.888 Mbytes
    PotEng          Pxx           E_mol          E_coul    
-76.779637      19.812941      0              0            
Loop time of 1.29e-06 on 1 procs for 0 steps with 18 atoms

697.7% CPU use with 1 MPI tasks x 1 OpenMP threads

MPI task timing breakdown:
Section |  min time  |  avg time  |  max time  |%varavg| %total
---------------------------------------------------------------
Pair    | 0          | 0          | 0          |   0.0 |  0.00
Neigh   | 0          | 0          | 0          |   0.0 |  0.00
Comm    | 0          | 0          | 0          |   0.0 |  0.00
Output  | 0          | 0          | 0          |   0.0 |  0.00
Modify  | 0          | 0          | 0          |   0.0 |  0.00
Other   |            | 1.29e-06   |            |       |100.00

Nlocal:             18 ave          18 max          18 min
Histogram: 1 0 0 0 0 0 0 0 0 0
Nghost:           2682 ave        2682 max        2682 min
Histogram: 1 0 0 0 0 0 0 0 0 0
Neighs:              0 ave           0 max           0 min
Histogram: 1 0 0 0 0 0 0 0 0 0
FullNghs:        11760 ave       11760 max       11760 min
Histogram: 1 0 0 0 0 0 0 0 0 0

Total # of neighbors = 11760
Ave neighs/atom = 653.33333
Neighbor list builds = 0
Dangerous builds = 0
set atom * x 0.0 y 0.0 z 0.0
Setting atom values ...
  18 settings made for x
  18 settings made for y
  18 settings made for z
change_box all     x final 0 2.545040011103791 y final 0 9.435229787669387 z final 0 8.842260735066791      xy final -0.020565022633844916 xz final -2.012362853170562 yz final -1.3720605070011906 units box
Changing box ...
  triclinic box = (0 0 0) to (2.54504 9.4550026 8.8559936) with tilt (-0.052481704 -1.988807 -1.3890154)
  triclinic box = (0 0 0) to (2.54504 9.4352298 8.8559936) with tilt (-0.052481704 -1.988807 -1.3890154)
  triclinic box = (0 0 0) to (2.54504 9.4352298 8.8422607) with tilt (-0.052481704 -1.988807 -1.3890154)
  triclinic box = (0 0 0) to (2.54504 9.4352298 8.8422607) with tilt (-0.020565023 -1.988807 -1.3890154)
  triclinic box = (0 0 0) to (2.54504 9.4352298 8.8422607) with tilt (-0.020565023 -2.0123629 -1.3890154)
  triclinic box = (0 0 0) to (2.54504 9.4352298 8.8422607) with tilt (-0.020565023 -2.0123629 -1.3720605)
echo none
run 0
Per MPI rank memory allocation (min/avg/max) = 3.888 | 3.888 | 3.888 Mbytes
    PotEng          Pxx           E_mol          E_coul    
-76.78116       30.973156      0              0            
Loop time of 1.437e-06 on 1 procs for 0 steps with 18 atoms

1043.8% CPU use with 1 MPI tasks x 1 OpenMP threads

MPI task timing breakdown:
Section |  min time  |  avg time  |  max time  |%varavg| %total
---------------------------------------------------------------
Pair    | 0          | 0          | 0          |   0.0 |  0.00
Neigh   | 0          | 0          | 0          |   0.0 |  0.00
Comm    | 0          | 0          | 0          |   0.0 |  0.00
Output  | 0          | 0          | 0          |   0.0 |  0.00
Modify  | 0          | 0          | 0          |   0.0 |  0.00
Other   |            | 1.437e-06  |            |       |100.00

Nlocal:             18 ave          18 max          18 min
Histogram: 1 0 0 0 0 0 0 0 0 0
Nghost:           2682 ave        2682 max        2682 min
Histogram: 1 0 0 0 0 0 0 0 0 0
Neighs:              0 ave           0 max           0 min
Histogram: 1 0 0 0 0 0 0 0 0 0
FullNghs:        11808 ave       11808 max       11808 min
Histogram: 1 0 0 0 0 0 0 0 0 0

Total # of neighbors = 11808
Ave neighs/atom = 656
Neighbor list builds = 0
Dangerous builds = 0
set atom * x 0.0 y 0.0 z 0.0
Setting atom values ...
  18 settings made for x
  18 settings made for y
  18 settings made for z
change_box all     x final 0 2.5447719704914205 y final 0 9.356250746968476 z final 0 8.787240109814483      xy final 0.10557643286483163 xz final -2.1055353099736713 yz final -1.304148687801219 units box
Changing box ...
  triclinic box = (0 0 0) to (2.544772 9.4352298 8.8422607) with tilt (-0.020565023 -2.0123629 -1.3720605)
  triclinic box = (0 0 0) to (2.544772 9.3562507 8.8422607) with tilt (-0.020565023 -2.0123629 -1.3720605)
  triclinic box = (0 0 0) to (2.544772 9.3562507 8.7872401) with tilt (-0.020565023 -2.0123629 -1.3720605)
  triclinic box = (0 0 0) to (2.544772 9.3562507 8.7872401) with tilt (0.10557643 -2.0123629 -1.3720605)
  triclinic box = (0 0 0) to (2.544772 9.3562507 8.7872401) with tilt (0.10557643 -2.1055353 -1.3720605)
  triclinic box = (0 0 0) to (2.544772 9.3562507 8.7872401) with tilt (0.10557643 -2.1055353 -1.3041487)
echo none
run 0
Per MPI rank memory allocation (min/avg/max) = 3.888 | 3.888 | 3.888 Mbytes
    PotEng          Pxx           E_mol          E_coul    
-76.784469     -51.217766      0              0            
Loop time of 1.538e-06 on 1 procs for 0 steps with 18 atoms

910.3% CPU use with 1 MPI tasks x 1 OpenMP threads

MPI task timing breakdown:
Section |  min time  |  avg time  |  max time  |%varavg| %total
---------------------------------------------------------------
Pair    | 0          | 0          | 0          |   0.0 |  0.00
Neigh   | 0          | 0          | 0          |   0.0 |  0.00
Comm    | 0          | 0          | 0          |   0.0 |  0.00
Output  | 0          | 0          | 0          |   0.0 |  0.00
Modify  | 0          | 0          | 0          |   0.0 |  0.00
Other   |            | 1.538e-06  |            |       |100.00

Nlocal:             18 ave          18 max          18 min
Histogram: 1 0 0 0 0 0 0 0 0 0
Nghost:           2726 ave        2726 max        2726 min
Histogram: 1 0 0 0 0 0 0 0 0 0
Neighs:              0 ave           0 max           0 min
Histogram: 1 0 0 0 0 0 0 0 0 0
FullNghs:        11966 ave       11966 max       11966 min
Histogram: 1 0 0 0 0 0 0 0 0 0

Total # of neighbors = 11966
Ave neighs/atom = 664.77778
Neighbor list builds = 0
Dangerous builds = 0
set atom * x 0.0 y 0.0 z 0.0
Setting atom values ...
  18 settings made for x
  18 settings made for y
  18 settings made for z
change_box all     x final 0 2.544771970491421 y final 0 9.356250746968472 z final 0 8.78724010981448      xy final 0.10557643286483165 xz final -2.1055353099736718 yz final -1.304148687801222 units box
Changing box ...
  triclinic box = (0 0 0) to (2.544772 9.3562507 8.7872401) with tilt (0.10557643 -2.1055353 -1.3041487)
  triclinic box = (0 0 0) to (2.544772 9.3562507 8.7872401) with tilt (0.10557643 -2.1055353 -1.3041487)
  triclinic box = (0 0 0) to (2.544772 9.3562507 8.7872401) with tilt (0.10557643 -2.1055353 -1.3041487)
  triclinic box = (0 0 0) to (2.544772 9.3562507 8.7872401) with tilt (0.10557643 -2.1055353 -1.3041487)
  triclinic box = (0 0 0) to (2.544772 9.3562507 8.7872401) with tilt (0.10557643 -2.1055353 -1.3041487)
  triclinic box = (0 0 0) to (2.544772 9.3562507 8.7872401) with tilt (0.10557643 -2.1055353 -1.3041487)
echo none
run 0
Per MPI rank memory allocation (min/avg/max) = 3.888 | 3.888 | 3.888 Mbytes
    PotEng          Pxx           E_mol          E_coul    
-76.784469     -51.217766      0              0            
Loop time of 1.611e-06 on 1 procs for 0 steps with 18 atoms

869.0% CPU use with 1 MPI tasks x 1 OpenMP threads

MPI task timing breakdown:
Section |  min time  |  avg time  |  max time  |%varavg| %total
---------------------------------------------------------------
Pair    | 0          | 0          | 0          |   0.0 |  0.00
Neigh   | 0          | 0          | 0          |   0.0 |  0.00
Comm    | 0          | 0          | 0          |   0.0 |  0.00
Output  | 0          | 0          | 0          |   0.0 |  0.00
Modify  | 0          | 0          | 0          |   0.0 |  0.00
Other   |            | 1.611e-06  |            |       |100.00

Nlocal:             18 ave          18 max          18 min
Histogram: 1 0 0 0 0 0 0 0 0 0
Nghost:           2726 ave        2726 max        2726 min
Histogram: 1 0 0 0 0 0 0 0 0 0
Neighs:              0 ave           0 max           0 min
Histogram: 1 0 0 0 0 0 0 0 0 0
FullNghs:        11966 ave       11966 max       11966 min
Histogram: 1 0 0 0 0 0 0 0 0 0

Total # of neighbors = 11966
Ave neighs/atom = 664.77778
Neighbor list builds = 0
Dangerous builds = 0
set atom * x 0.0 y 0.0 z 0.0
Setting atom values ...
  18 settings made for x
  18 settings made for y
  18 settings made for z
change_box all     x final 0 2.544925147520665 y final 0 9.280258681206684 z final 0 8.73591896595874      xy final 0.2157943262882022 xz final -2.1991394638322608 yz final -1.2417251573750172 units box
Changing box ...
  triclinic box = (0 0 0) to (2.5449251 9.3562507 8.7872401) with tilt (0.10557643 -2.1055353 -1.3041487)
  triclinic box = (0 0 0) to (2.5449251 9.2802587 8.7872401) with tilt (0.10557643 -2.1055353 -1.3041487)
  triclinic box = (0 0 0) to (2.5449251 9.2802587 8.735919) with tilt (0.10557643 -2.1055353 -1.3041487)
  triclinic box = (0 0 0) to (2.5449251 9.2802587 8.735919) with tilt (0.21579433 -2.1055353 -1.3041487)
  triclinic box = (0 0 0) to (2.5449251 9.2802587 8.735919) with tilt (0.21579433 -2.1991395 -1.3041487)
  triclinic box = (0 0 0) to (2.5449251 9.2802587 8.735919) with tilt (0.21579433 -2.1991395 -1.2417252)
echo none
run 0
Per MPI rank memory allocation (min/avg/max) = 3.888 | 3.888 | 3.888 Mbytes
    PotEng          Pxx           E_mol          E_coul    
-76.788718     -262.23129      0              0            
Loop time of 1.481e-06 on 1 procs for 0 steps with 18 atoms

1080.4% CPU use with 1 MPI tasks x 1 OpenMP threads

MPI task timing breakdown:
Section |  min time  |  avg time  |  max time  |%varavg| %total
---------------------------------------------------------------
Pair    | 0          | 0          | 0          |   0.0 |  0.00
Neigh   | 0          | 0          | 0          |   0.0 |  0.00
Comm    | 0          | 0          | 0          |   0.0 |  0.00
Output  | 0          | 0          | 0          |   0.0 |  0.00
Modify  | 0          | 0          | 0          |   0.0 |  0.00
Other   |            | 1.481e-06  |            |       |100.00

Nlocal:             18 ave          18 max          18 min
Histogram: 1 0 0 0 0 0 0 0 0 0
Nghost:           2754 ave        2754 max        2754 min
Histogram: 1 0 0 0 0 0 0 0 0 0
Neighs:              0 ave           0 max           0 min
Histogram: 1 0 0 0 0 0 0 0 0 0
FullNghs:        12102 ave       12102 max       12102 min
Histogram: 1 0 0 0 0 0 0 0 0 0

Total # of neighbors = 12102
Ave neighs/atom = 672.33333
Neighbor list builds = 0
Dangerous builds = 0
set atom * x 0.0 y 0.0 z 0.0
Setting atom values ...
  18 settings made for x
  18 settings made for y
  18 settings made for z
change_box all     x final 0 2.546903775155643 y final 0 9.043191144897165 z final 0 8.573376602999494      xy final 0.5490270717712701 xz final -2.4840152082623055 yz final -1.0446652381588488 units box
Changing box ...
  triclinic box = (0 0 0) to (2.5469038 9.2802587 8.735919) with tilt (0.21579433 -2.1991395 -1.2417252)
  triclinic box = (0 0 0) to (2.5469038 9.0431911 8.735919) with tilt (0.21579433 -2.1991395 -1.2417252)
  triclinic box = (0 0 0) to (2.5469038 9.0431911 8.5733766) with tilt (0.21579433 -2.1991395 -1.2417252)
  triclinic box = (0 0 0) to (2.5469038 9.0431911 8.5733766) with tilt (0.54902707 -2.1991395 -1.2417252)
  triclinic box = (0 0 0) to (2.5469038 9.0431911 8.5733766) with tilt (0.54902707 -2.4840152 -1.2417252)
  triclinic box = (0 0 0) to (2.5469038 9.0431911 8.5733766) with tilt (0.54902707 -2.4840152 -1.0446652)
echo none
run 0
Per MPI rank memory allocation (min/avg/max) = 3.924 | 3.924 | 3.924 Mbytes
    PotEng          Pxx           E_mol          E_coul    
-76.792155     -2224.9245      0              0            
Loop time of 1.497e-06 on 1 procs for 0 steps with 18 atoms

734.8% CPU use with 1 MPI tasks x 1 OpenMP threads

MPI task timing breakdown:
Section |  min time  |  avg time  |  max time  |%varavg| %total
---------------------------------------------------------------
Pair    | 0          | 0          | 0          |   0.0 |  0.00
Neigh   | 0          | 0          | 0          |   0.0 |  0.00
Comm    | 0          | 0          | 0          |   0.0 |  0.00
Output  | 0          | 0          | 0          |   0.0 |  0.00
Modify  | 0          | 0          | 0          |   0.0 |  0.00
Other   |            | 1.497e-06  |            |       |100.00

Nlocal:             18 ave          18 max          18 min
Histogram: 1 0 0 0 0 0 0 0 0 0
Nghost:           2842 ave        2842 max        2842 min
Histogram: 1 0 0 0 0 0 0 0 0 0
Neighs:              0 ave           0 max           0 min
Histogram: 1 0 0 0 0 0 0 0 0 0
FullNghs:        12588 ave       12588 max       12588 min
Histogram: 1 0 0 0 0 0 0 0 0 0

Total # of neighbors = 12588
Ave neighs/atom = 699.33333
Neighbor list builds = 0
Dangerous builds = 0
set atom * x 0.0 y 0.0 z 0.0
Setting atom values ...
  18 settings made for x
  18 settings made for y
  18 settings made for z
change_box all     x final 0 2.5458945666236286 y final 0 9.132344602363268 z final 0 8.634954085516917      xy final 0.4255407416581327 xz final -2.3781099711357876 yz final -1.1191744074779317 units box
Changing box ...
  triclinic box = (0 0 0) to (2.5458946 9.0431911 8.5733766) with tilt (0.54902707 -2.4840152 -1.0446652)
  triclinic box = (0 0 0) to (2.5458946 9.1323446 8.5733766) with tilt (0.54902707 -2.4840152 -1.0446652)
  triclinic box = (0 0 0) to (2.5458946 9.1323446 8.6349541) with tilt (0.54902707 -2.4840152 -1.0446652)
  triclinic box = (0 0 0) to (2.5458946 9.1323446 8.6349541) with tilt (0.42554074 -2.4840152 -1.0446652)
  triclinic box = (0 0 0) to (2.5458946 9.1323446 8.6349541) with tilt (0.42554074 -2.37811 -1.0446652)
  triclinic box = (0 0 0) to (2.5458946 9.1323446 8.6349541) with tilt (0.42554074 -2.37811 -1.1191744)
echo none
run 0
Per MPI rank memory allocation (min/avg/max) = 3.924 | 3.924 | 3.924 Mbytes
    PotEng          Pxx           E_mol          E_coul    
-76.793058     -1253.6062      0              0            
Loop time of 1.688e-06 on 1 procs for 0 steps with 18 atoms

533.2% CPU use with 1 MPI tasks x 1 OpenMP threads

MPI task timing breakdown:
Section |  min time  |  avg time  |  max time  |%varavg| %total
---------------------------------------------------------------
Pair    | 0          | 0          | 0          |   0.0 |  0.00
Neigh   | 0          | 0          | 0          |   0.0 |  0.00
Comm    | 0          | 0          | 0          |   0.0 |  0.00
Output  | 0          | 0          | 0          |   0.0 |  0.00
Modify  | 0          | 0          | 0          |   0.0 |  0.00
Other   |            | 1.688e-06  |            |       |100.00

Nlocal:             18 ave          18 max          18 min
Histogram: 1 0 0 0 0 0 0 0 0 0
Nghost:           2814 ave        2814 max        2814 min
Histogram: 1 0 0 0 0 0 0 0 0 0
Neighs:              0 ave           0 max           0 min
Histogram: 1 0 0 0 0 0 0 0 0 0
FullNghs:        12440 ave       12440 max       12440 min
Histogram: 1 0 0 0 0 0 0 0 0 0

Total # of neighbors = 12440
Ave neighs/atom = 691.11111
Neighbor list builds = 0
Dangerous builds = 0
set atom * x 0.0 y 0.0 z 0.0
Setting atom values ...
  18 settings made for x
  18 settings made for y
  18 settings made for z
change_box all     x final 0 2.5458945666236286 y final 0 9.132344602363263 z final 0 8.634954085516915      xy final 0.4255407416581332 xz final -2.3781099711357876 yz final -1.119174407477929 units box
Changing box ...
  triclinic box = (0 0 0) to (2.5458946 9.1323446 8.6349541) with tilt (0.42554074 -2.37811 -1.1191744)
  triclinic box = (0 0 0) to (2.5458946 9.1323446 8.6349541) with tilt (0.42554074 -2.37811 -1.1191744)
  triclinic box = (0 0 0) to (2.5458946 9.1323446 8.6349541) with tilt (0.42554074 -2.37811 -1.1191744)
  triclinic box = (0 0 0) to (2.5458946 9.1323446 8.6349541) with tilt (0.42554074 -2.37811 -1.1191744)
  triclinic box = (0 0 0) to (2.5458946 9.1323446 8.6349541) with tilt (0.42554074 -2.37811 -1.1191744)
  triclinic box = (0 0 0) to (2.5458946 9.1323446 8.6349541) with tilt (0.42554074 -2.37811 -1.1191744)
echo none
run 0
Per MPI rank memory allocation (min/avg/max) = 3.924 | 3.924 | 3.924 Mbytes
    PotEng          Pxx           E_mol          E_coul    
-76.793058     -1253.6062      0              0            
Loop time of 1.868e-06 on 1 procs for 0 steps with 18 atoms

910.1% CPU use with 1 MPI tasks x 1 OpenMP threads

MPI task timing breakdown:
Section |  min time  |  avg time  |  max time  |%varavg| %total
---------------------------------------------------------------
Pair    | 0          | 0          | 0          |   0.0 |  0.00
Neigh   | 0          | 0          | 0          |   0.0 |  0.00
Comm    | 0          | 0          | 0          |   0.0 |  0.00
Output  | 0          | 0          | 0          |   0.0 |  0.00
Modify  | 0          | 0          | 0          |   0.0 |  0.00
Other   |            | 1.868e-06  |            |       |100.00

Nlocal:             18 ave          18 max          18 min
Histogram: 1 0 0 0 0 0 0 0 0 0
Nghost:           2814 ave        2814 max        2814 min
Histogram: 1 0 0 0 0 0 0 0 0 0
Neighs:              0 ave           0 max           0 min
Histogram: 1 0 0 0 0 0 0 0 0 0
FullNghs:        12440 ave       12440 max       12440 min
Histogram: 1 0 0 0 0 0 0 0 0 0

Total # of neighbors = 12440
Ave neighs/atom = 691.11111
Neighbor list builds = 0
Dangerous builds = 0
set atom * x 0.0 y 0.0 z 0.0
Setting atom values ...
  18 settings made for x
  18 settings made for y
  18 settings made for z
change_box all     x final 0 2.545139288519326 y final 0 9.036986612124387 z final 0 8.706520436508676      xy final 0.5462037580593916 xz final -2.4558194111237492 yz final -1.079443615074445 units box
Changing box ...
  triclinic box = (0 0 0) to (2.5451393 9.1323446 8.6349541) with tilt (0.42554074 -2.37811 -1.1191744)
  triclinic box = (0 0 0) to (2.5451393 9.0369866 8.6349541) with tilt (0.42554074 -2.37811 -1.1191744)
  triclinic box = (0 0 0) to (2.5451393 9.0369866 8.7065204) with tilt (0.42554074 -2.37811 -1.1191744)
  triclinic box = (0 0 0) to (2.5451393 9.0369866 8.7065204) with tilt (0.54620376 -2.37811 -1.1191744)
  triclinic box = (0 0 0) to (2.5451393 9.0369866 8.7065204) with tilt (0.54620376 -2.4558194 -1.1191744)
  triclinic box = (0 0 0) to (2.5451393 9.0369866 8.7065204) with tilt (0.54620376 -2.4558194 -1.0794436)
echo none
run 0
Per MPI rank memory allocation (min/avg/max) = 3.924 | 3.924 | 3.924 Mbytes
    PotEng          Pxx           E_mol          E_coul    
-76.79947      -658.82326      0              0            
Loop time of 2.796e-06 on 1 procs for 0 steps with 18 atoms

536.5% CPU use with 1 MPI tasks x 1 OpenMP threads

MPI task timing breakdown:
Section |  min time  |  avg time  |  max time  |%varavg| %total
---------------------------------------------------------------
Pair    | 0          | 0          | 0          |   0.0 |  0.00
Neigh   | 0          | 0          | 0          |   0.0 |  0.00
Comm    | 0          | 0          | 0          |   0.0 |  0.00
Output  | 0          | 0          | 0          |   0.0 |  0.00
Modify  | 0          | 0          | 0          |   0.0 |  0.00
Other   |            | 2.796e-06  |            |       |100.00

Nlocal:             18 ave          18 max          18 min
Histogram: 1 0 0 0 0 0 0 0 0 0
Nghost:           2782 ave        2782 max        2782 min
Histogram: 1 0 0 0 0 0 0 0 0 0
Neighs:              0 ave           0 max           0 min
Histogram: 1 0 0 0 0 0 0 0 0 0
FullNghs:        12376 ave       12376 max       12376 min
Histogram: 1 0 0 0 0 0 0 0 0 0

Total # of neighbors = 12376
Ave neighs/atom = 687.55556
Neighbor list builds = 0
Dangerous builds = 0
set atom * x 0.0 y 0.0 z 0.0
Setting atom values ...
  18 settings made for x
  18 settings made for y
  18 settings made for z
change_box all     x final 0 2.5451392885193256 y final 0 9.03698661212438 z final 0 8.706520436508677      xy final 0.5462037580593921 xz final -2.4558194111237492 yz final -1.0794436150744429 units box
Changing box ...
  triclinic box = (0 0 0) to (2.5451393 9.0369866 8.7065204) with tilt (0.54620376 -2.4558194 -1.0794436)
  triclinic box = (0 0 0) to (2.5451393 9.0369866 8.7065204) with tilt (0.54620376 -2.4558194 -1.0794436)
  triclinic box = (0 0 0) to (2.5451393 9.0369866 8.7065204) with tilt (0.54620376 -2.4558194 -1.0794436)
  triclinic box = (0 0 0) to (2.5451393 9.0369866 8.7065204) with tilt (0.54620376 -2.4558194 -1.0794436)
  triclinic box = (0 0 0) to (2.5451393 9.0369866 8.7065204) with tilt (0.54620376 -2.4558194 -1.0794436)
  triclinic box = (0 0 0) to (2.5451393 9.0369866 8.7065204) with tilt (0.54620376 -2.4558194 -1.0794436)
echo none
run 0
Per MPI rank memory allocation (min/avg/max) = 3.924 | 3.924 | 3.924 Mbytes
    PotEng          Pxx           E_mol          E_coul    
-76.79947      -658.82326      0              0            
Loop time of 1.653e-06 on 1 procs for 0 steps with 18 atoms

665.5% CPU use with 1 MPI tasks x 1 OpenMP threads

MPI task timing breakdown:
Section |  min time  |  avg time  |  max time  |%varavg| %total
---------------------------------------------------------------
Pair    | 0          | 0          | 0          |   0.0 |  0.00
Neigh   | 0          | 0          | 0          |   0.0 |  0.00
Comm    | 0          | 0          | 0          |   0.0 |  0.00
Output  | 0          | 0          | 0          |   0.0 |  0.00
Modify  | 0          | 0          | 0          |   0.0 |  0.00
Other   |            | 1.653e-06  |            |       |100.00

Nlocal:             18 ave          18 max          18 min
Histogram: 1 0 0 0 0 0 0 0 0 0
Nghost:           2782 ave        2782 max        2782 min
Histogram: 1 0 0 0 0 0 0 0 0 0
Neighs:              0 ave           0 max           0 min
Histogram: 1 0 0 0 0 0 0 0 0 0
FullNghs:        12376 ave       12376 max       12376 min
Histogram: 1 0 0 0 0 0 0 0 0 0

Total # of neighbors = 12376
Ave neighs/atom = 687.55556
Neighbor list builds = 0
Dangerous builds = 0
set atom * x 0.0 y 0.0 z 0.0
Setting atom values ...
  18 settings made for x
  18 settings made for y
  18 settings made for z
change_box all     x final 0 2.545317252693767 y final 0 8.936883045609303 z final 0 8.72468503336984      xy final 0.6710710238371149 xz final -2.563271403092455 yz final -1.0943468808449401 units box
Changing box ...
  triclinic box = (0 0 0) to (2.5453173 9.0369866 8.7065204) with tilt (0.54620376 -2.4558194 -1.0794436)
  triclinic box = (0 0 0) to (2.5453173 8.936883 8.7065204) with tilt (0.54620376 -2.4558194 -1.0794436)
  triclinic box = (0 0 0) to (2.5453173 8.936883 8.724685) with tilt (0.54620376 -2.4558194 -1.0794436)
  triclinic box = (0 0 0) to (2.5453173 8.936883 8.724685) with tilt (0.67107102 -2.4558194 -1.0794436)
  triclinic box = (0 0 0) to (2.5453173 8.936883 8.724685) with tilt (0.67107102 -2.5632714 -1.0794436)
  triclinic box = (0 0 0) to (2.5453173 8.936883 8.724685) with tilt (0.67107102 -2.5632714 -1.0943469)
echo none
run 0
Per MPI rank memory allocation (min/avg/max) = 3.924 | 3.924 | 3.924 Mbytes
    PotEng          Pxx           E_mol          E_coul    
-76.803673     -418.80062      0              0            
Loop time of 1.652e-06 on 1 procs for 0 steps with 18 atoms

786.9% CPU use with 1 MPI tasks x 1 OpenMP threads

MPI task timing breakdown:
Section |  min time  |  avg time  |  max time  |%varavg| %total
---------------------------------------------------------------
Pair    | 0          | 0          | 0          |   0.0 |  0.00
Neigh   | 0          | 0          | 0          |   0.0 |  0.00
Comm    | 0          | 0          | 0          |   0.0 |  0.00
Output  | 0          | 0          | 0          |   0.0 |  0.00
Modify  | 0          | 0          | 0          |   0.0 |  0.00
Other   |            | 1.652e-06  |            |       |100.00

Nlocal:             18 ave          18 max          18 min
Histogram: 1 0 0 0 0 0 0 0 0 0
Nghost:           2798 ave        2798 max        2798 min
Histogram: 1 0 0 0 0 0 0 0 0 0
Neighs:              0 ave           0 max           0 min
Histogram: 1 0 0 0 0 0 0 0 0 0
FullNghs:        12484 ave       12484 max       12484 min
Histogram: 1 0 0 0 0 0 0 0 0 0

Total # of neighbors = 12484
Ave neighs/atom = 693.55556
Neighbor list builds = 0
Dangerous builds = 0
set atom * x 0.0 y 0.0 z 0.0
Setting atom values ...
  18 settings made for x
  18 settings made for y
  18 settings made for z
change_box all     x final 0 2.5453172526937666 y final 0 8.936883045609305 z final 0 8.72468503336984      xy final 0.6710710238371149 xz final -2.563271403092455 yz final -1.0943468808449435 units box
Changing box ...
  triclinic box = (0 0 0) to (2.5453173 8.936883 8.724685) with tilt (0.67107102 -2.5632714 -1.0943469)
  triclinic box = (0 0 0) to (2.5453173 8.936883 8.724685) with tilt (0.67107102 -2.5632714 -1.0943469)
  triclinic box = (0 0 0) to (2.5453173 8.936883 8.724685) with tilt (0.67107102 -2.5632714 -1.0943469)
  triclinic box = (0 0 0) to (2.5453173 8.936883 8.724685) with tilt (0.67107102 -2.5632714 -1.0943469)
  triclinic box = (0 0 0) to (2.5453173 8.936883 8.724685) with tilt (0.67107102 -2.5632714 -1.0943469)
  triclinic box = (0 0 0) to (2.5453173 8.936883 8.724685) with tilt (0.67107102 -2.5632714 -1.0943469)
echo none
run 0
Per MPI rank memory allocation (min/avg/max) = 3.924 | 3.924 | 3.924 Mbytes
    PotEng          Pxx           E_mol          E_coul    
-76.803673     -418.80062      0              0            
Loop time of 1.741e-06 on 1 procs for 0 steps with 18 atoms

746.7% CPU use with 1 MPI tasks x 1 OpenMP threads

MPI task timing breakdown:
Section |  min time  |  avg time  |  max time  |%varavg| %total
---------------------------------------------------------------
Pair    | 0          | 0          | 0          |   0.0 |  0.00
Neigh   | 0          | 0          | 0          |   0.0 |  0.00
Comm    | 0          | 0          | 0          |   0.0 |  0.00
Output  | 0          | 0          | 0          |   0.0 |  0.00
Modify  | 0          | 0          | 0          |   0.0 |  0.00
Other   |            | 1.741e-06  |            |       |100.00

Nlocal:             18 ave          18 max          18 min
Histogram: 1 0 0 0 0 0 0 0 0 0
Nghost:           2798 ave        2798 max        2798 min
Histogram: 1 0 0 0 0 0 0 0 0 0
Neighs:              0 ave           0 max           0 min
Histogram: 1 0 0 0 0 0 0 0 0 0
FullNghs:        12484 ave       12484 max       12484 min
Histogram: 1 0 0 0 0 0 0 0 0 0

Total # of neighbors = 12484
Ave neighs/atom = 693.55556
Neighbor list builds = 0
Dangerous builds = 0
set atom * x 0.0 y 0.0 z 0.0
Setting atom values ...
  18 settings made for x
  18 settings made for y
  18 settings made for z
change_box all     x final 0 2.5447350379198213 y final 0 8.970850406591126 z final 0 8.769479454804195      xy final 0.7129589324058867 xz final -2.561857444281261 yz final -1.1014356804143823 units box
Changing box ...
  triclinic box = (0 0 0) to (2.544735 8.936883 8.724685) with tilt (0.67107102 -2.5632714 -1.0943469)
  triclinic box = (0 0 0) to (2.544735 8.9708504 8.724685) with tilt (0.67107102 -2.5632714 -1.0943469)
  triclinic box = (0 0 0) to (2.544735 8.9708504 8.7694795) with tilt (0.67107102 -2.5632714 -1.0943469)
  triclinic box = (0 0 0) to (2.544735 8.9708504 8.7694795) with tilt (0.71295893 -2.5632714 -1.0943469)
  triclinic box = (0 0 0) to (2.544735 8.9708504 8.7694795) with tilt (0.71295893 -2.5618574 -1.0943469)
  triclinic box = (0 0 0) to (2.544735 8.9708504 8.7694795) with tilt (0.71295893 -2.5618574 -1.1014357)
echo none
run 0
Per MPI rank memory allocation (min/avg/max) = 3.924 | 3.924 | 3.924 Mbytes
    PotEng          Pxx           E_mol          E_coul    
-76.805546      466.10282      0              0            
Loop time of 1.822e-06 on 1 procs for 0 steps with 18 atoms

878.2% CPU use with 1 MPI tasks x 1 OpenMP threads

MPI task timing breakdown:
Section |  min time  |  avg time  |  max time  |%varavg| %total
---------------------------------------------------------------
Pair    | 0          | 0          | 0          |   0.0 |  0.00
Neigh   | 0          | 0          | 0          |   0.0 |  0.00
Comm    | 0          | 0          | 0          |   0.0 |  0.00
Output  | 0          | 0          | 0          |   0.0 |  0.00
Modify  | 0          | 0          | 0          |   0.0 |  0.00
Other   |            | 1.822e-06  |            |       |100.00

Nlocal:             18 ave          18 max          18 min
Histogram: 1 0 0 0 0 0 0 0 0 0
Nghost:           2798 ave        2798 max        2798 min
Histogram: 1 0 0 0 0 0 0 0 0 0
Neighs:              0 ave           0 max           0 min
Histogram: 1 0 0 0 0 0 0 0 0 0
FullNghs:        12350 ave       12350 max       12350 min
Histogram: 1 0 0 0 0 0 0 0 0 0

Total # of neighbors = 12350
Ave neighs/atom = 686.11111
Neighbor list builds = 0
Dangerous builds = 0
set atom * x 0.0 y 0.0 z 0.0
Setting atom values ...
  18 settings made for x
  18 settings made for y
  18 settings made for z
change_box all     x final 0 2.5447350379198226 y final 0 8.97085040659113 z final 0 8.769479454804197      xy final 0.712958932405886 xz final -2.5618574442812627 yz final -1.1014356804143828 units box
Changing box ...
  triclinic box = (0 0 0) to (2.544735 8.9708504 8.7694795) with tilt (0.71295893 -2.5618574 -1.1014357)
  triclinic box = (0 0 0) to (2.544735 8.9708504 8.7694795) with tilt (0.71295893 -2.5618574 -1.1014357)
  triclinic box = (0 0 0) to (2.544735 8.9708504 8.7694795) with tilt (0.71295893 -2.5618574 -1.1014357)
  triclinic box = (0 0 0) to (2.544735 8.9708504 8.7694795) with tilt (0.71295893 -2.5618574 -1.1014357)
  triclinic box = (0 0 0) to (2.544735 8.9708504 8.7694795) with tilt (0.71295893 -2.5618574 -1.1014357)
  triclinic box = (0 0 0) to (2.544735 8.9708504 8.7694795) with tilt (0.71295893 -2.5618574 -1.1014357)
echo none
run 0
Per MPI rank memory allocation (min/avg/max) = 3.924 | 3.924 | 3.924 Mbytes
    PotEng          Pxx           E_mol          E_coul    
-76.805546      466.10282      0              0            
Loop time of 1.378e-06 on 1 procs for 0 steps with 18 atoms

870.8% CPU use with 1 MPI tasks x 1 OpenMP threads

MPI task timing breakdown:
Section |  min time  |  avg time  |  max time  |%varavg| %total
---------------------------------------------------------------
Pair    | 0          | 0          | 0          |   0.0 |  0.00
Neigh   | 0          | 0          | 0          |   0.0 |  0.00
Comm    | 0          | 0          | 0          |   0.0 |  0.00
Output  | 0          | 0          | 0          |   0.0 |  0.00
Modify  | 0          | 0          | 0          |   0.0 |  0.00
Other   |            | 1.378e-06  |            |       |100.00

Nlocal:             18 ave          18 max          18 min
Histogram: 1 0 0 0 0 0 0 0 0 0
Nghost:           2798 ave        2798 max        2798 min
Histogram: 1 0 0 0 0 0 0 0 0 0
Neighs:              0 ave           0 max           0 min
Histogram: 1 0 0 0 0 0 0 0 0 0
FullNghs:        12350 ave       12350 max       12350 min
Histogram: 1 0 0 0 0 0 0 0 0 0

Total # of neighbors = 12350
Ave neighs/atom = 686.11111
Neighbor list builds = 0
Dangerous builds = 0
set atom * x 0.0 y 0.0 z 0.0
Setting atom values ...
  18 settings made for x
  18 settings made for y
  18 settings made for z
change_box all     x final 0 2.545278529140943 y final 0 8.88578019637489 z final 0 8.778930752197269      xy final 0.8301201429805963 xz final -2.661321501160709 yz final -1.105364032725299 units box
Changing box ...
  triclinic box = (0 0 0) to (2.5452785 8.9708504 8.7694795) with tilt (0.71295893 -2.5618574 -1.1014357)
  triclinic box = (0 0 0) to (2.5452785 8.8857802 8.7694795) with tilt (0.71295893 -2.5618574 -1.1014357)
  triclinic box = (0 0 0) to (2.5452785 8.8857802 8.7789308) with tilt (0.71295893 -2.5618574 -1.1014357)
  triclinic box = (0 0 0) to (2.5452785 8.8857802 8.7789308) with tilt (0.83012014 -2.5618574 -1.1014357)
  triclinic box = (0 0 0) to (2.5452785 8.8857802 8.7789308) with tilt (0.83012014 -2.6613215 -1.1014357)
  triclinic box = (0 0 0) to (2.5452785 8.8857802 8.7789308) with tilt (0.83012014 -2.6613215 -1.105364)
echo none
run 0
Per MPI rank memory allocation (min/avg/max) = 3.931 | 3.931 | 3.931 Mbytes
    PotEng          Pxx           E_mol          E_coul    
-76.807841     -111.02017      0              0            
Loop time of 1.535e-06 on 1 procs for 0 steps with 18 atoms

912.1% CPU use with 1 MPI tasks x 1 OpenMP threads

MPI task timing breakdown:
Section |  min time  |  avg time  |  max time  |%varavg| %total
---------------------------------------------------------------
Pair    | 0          | 0          | 0          |   0.0 |  0.00
Neigh   | 0          | 0          | 0          |   0.0 |  0.00
Comm    | 0          | 0          | 0          |   0.0 |  0.00
Output  | 0          | 0          | 0          |   0.0 |  0.00
Modify  | 0          | 0          | 0          |   0.0 |  0.00
Other   |            | 1.535e-06  |            |       |100.00

Nlocal:             18 ave          18 max          18 min
Histogram: 1 0 0 0 0 0 0 0 0 0
Nghost:           2798 ave        2798 max        2798 min
Histogram: 1 0 0 0 0 0 0 0 0 0
Neighs:              0 ave           0 max           0 min
Histogram: 1 0 0 0 0 0 0 0 0 0
FullNghs:        12464 ave       12464 max       12464 min
Histogram: 1 0 0 0 0 0 0 0 0 0

Total # of neighbors = 12464
Ave neighs/atom = 692.44444
Neighbor list builds = 0
Dangerous builds = 0
set atom * x 0.0 y 0.0 z 0.0
Setting atom values ...
  18 settings made for x
  18 settings made for y
  18 settings made for z
change_box all     x final 0 2.5452785291409414 y final 0 8.885780196374888 z final 0 8.778930752197272      xy final 0.8301201429805958 xz final -2.661321501160705 yz final -1.1053640327252985 units box
Changing box ...
  triclinic box = (0 0 0) to (2.5452785 8.8857802 8.7789308) with tilt (0.83012014 -2.6613215 -1.105364)
  triclinic box = (0 0 0) to (2.5452785 8.8857802 8.7789308) with tilt (0.83012014 -2.6613215 -1.105364)
  triclinic box = (0 0 0) to (2.5452785 8.8857802 8.7789308) with tilt (0.83012014 -2.6613215 -1.105364)
  triclinic box = (0 0 0) to (2.5452785 8.8857802 8.7789308) with tilt (0.83012014 -2.6613215 -1.105364)
  triclinic box = (0 0 0) to (2.5452785 8.8857802 8.7789308) with tilt (0.83012014 -2.6613215 -1.105364)
  triclinic box = (0 0 0) to (2.5452785 8.8857802 8.7789308) with tilt (0.83012014 -2.6613215 -1.105364)
echo none
run 0
Per MPI rank memory allocation (min/avg/max) = 3.931 | 3.931 | 3.931 Mbytes
    PotEng          Pxx           E_mol          E_coul    
-76.807841     -111.02017      0              0            
Loop time of 1.406e-06 on 1 procs for 0 steps with 18 atoms

853.5% CPU use with 1 MPI tasks x 1 OpenMP threads

MPI task timing breakdown:
Section |  min time  |  avg time  |  max time  |%varavg| %total
---------------------------------------------------------------
Pair    | 0          | 0          | 0          |   0.0 |  0.00
Neigh   | 0          | 0          | 0          |   0.0 |  0.00
Comm    | 0          | 0          | 0          |   0.0 |  0.00
Output  | 0          | 0          | 0          |   0.0 |  0.00
Modify  | 0          | 0          | 0          |   0.0 |  0.00
Other   |            | 1.406e-06  |            |       |100.00

Nlocal:             18 ave          18 max          18 min
Histogram: 1 0 0 0 0 0 0 0 0 0
Nghost:           2798 ave        2798 max        2798 min
Histogram: 1 0 0 0 0 0 0 0 0 0
Neighs:              0 ave           0 max           0 min
Histogram: 1 0 0 0 0 0 0 0 0 0
FullNghs:        12464 ave       12464 max       12464 min
Histogram: 1 0 0 0 0 0 0 0 0 0

Total # of neighbors = 12464
Ave neighs/atom = 692.44444
Neighbor list builds = 0
Dangerous builds = 0
set atom * x 0.0 y 0.0 z 0.0
Setting atom values ...
  18 settings made for x
  18 settings made for y
  18 settings made for z
change_box all     x final 0 2.54497522968419 y final 0 8.904401278433541 z final 0 8.767918315157557      xy final 0.868032888215152 xz final -2.6817451626120374 yz final -1.1080059960574162 units box
Changing box ...
  triclinic box = (0 0 0) to (2.5449752 8.8857802 8.7789308) with tilt (0.83012014 -2.6613215 -1.105364)
  triclinic box = (0 0 0) to (2.5449752 8.9044013 8.7789308) with tilt (0.83012014 -2.6613215 -1.105364)
  triclinic box = (0 0 0) to (2.5449752 8.9044013 8.7679183) with tilt (0.83012014 -2.6613215 -1.105364)
  triclinic box = (0 0 0) to (2.5449752 8.9044013 8.7679183) with tilt (0.86803289 -2.6613215 -1.105364)
  triclinic box = (0 0 0) to (2.5449752 8.9044013 8.7679183) with tilt (0.86803289 -2.6817452 -1.105364)
  triclinic box = (0 0 0) to (2.5449752 8.9044013 8.7679183) with tilt (0.86803289 -2.6817452 -1.108006)
echo none
run 0
Per MPI rank memory allocation (min/avg/max) = 3.931 | 3.931 | 3.931 Mbytes
    PotEng          Pxx           E_mol          E_coul    
-76.810464     -15.992812      0              0            
Loop time of 1.353e-06 on 1 procs for 0 steps with 18 atoms

1034.7% CPU use with 1 MPI tasks x 1 OpenMP threads

MPI task timing breakdown:
Section |  min time  |  avg time  |  max time  |%varavg| %total
---------------------------------------------------------------
Pair    | 0          | 0          | 0          |   0.0 |  0.00
Neigh   | 0          | 0          | 0          |   0.0 |  0.00
Comm    | 0          | 0          | 0          |   0.0 |  0.00
Output  | 0          | 0          | 0          |   0.0 |  0.00
Modify  | 0          | 0          | 0          |   0.0 |  0.00
Other   |            | 1.353e-06  |            |       |100.00

Nlocal:             18 ave          18 max          18 min
Histogram: 1 0 0 0 0 0 0 0 0 0
Nghost:           2798 ave        2798 max        2798 min
Histogram: 1 0 0 0 0 0 0 0 0 0
Neighs:              0 ave           0 max           0 min
Histogram: 1 0 0 0 0 0 0 0 0 0
FullNghs:        12462 ave       12462 max       12462 min
Histogram: 1 0 0 0 0 0 0 0 0 0

Total # of neighbors = 12462
Ave neighs/atom = 692.33333
Neighbor list builds = 0
Dangerous builds = 0
set atom * x 0.0 y 0.0 z 0.0
Setting atom values ...
  18 settings made for x
  18 settings made for y
  18 settings made for z
change_box all     x final 0 2.5445804492780564 y final 0 8.93086055758872 z final 0 8.75224885011003      xy final 0.9222354928294976 xz final -2.7108137968084165 yz final -1.1116635053554655 units box
Changing box ...
  triclinic box = (0 0 0) to (2.5445804 8.9044013 8.7679183) with tilt (0.86803289 -2.6817452 -1.108006)
  triclinic box = (0 0 0) to (2.5445804 8.9308606 8.7679183) with tilt (0.86803289 -2.6817452 -1.108006)
  triclinic box = (0 0 0) to (2.5445804 8.9308606 8.7522489) with tilt (0.86803289 -2.6817452 -1.108006)
  triclinic box = (0 0 0) to (2.5445804 8.9308606 8.7522489) with tilt (0.92223549 -2.6817452 -1.108006)
  triclinic box = (0 0 0) to (2.5445804 8.9308606 8.7522489) with tilt (0.92223549 -2.7108138 -1.108006)
  triclinic box = (0 0 0) to (2.5445804 8.9308606 8.7522489) with tilt (0.92223549 -2.7108138 -1.1116635)
echo none
run 0
Per MPI rank memory allocation (min/avg/max) = 3.931 | 3.931 | 3.931 Mbytes
    PotEng          Pxx           E_mol          E_coul    
-76.811841      110.85169      0              0            
Loop time of 1.601e-06 on 1 procs for 0 steps with 18 atoms

687.1% CPU use with 1 MPI tasks x 1 OpenMP threads

MPI task timing breakdown:
Section |  min time  |  avg time  |  max time  |%varavg| %total
---------------------------------------------------------------
Pair    | 0          | 0          | 0          |   0.0 |  0.00
Neigh   | 0          | 0          | 0          |   0.0 |  0.00
Comm    | 0          | 0          | 0          |   0.0 |  0.00
Output  | 0          | 0          | 0          |   0.0 |  0.00
Modify  | 0          | 0          | 0          |   0.0 |  0.00
Other   |            | 1.601e-06  |            |       |100.00

Nlocal:             18 ave          18 max          18 min
Histogram: 1 0 0 0 0 0 0 0 0 0
Nghost:           2826 ave        2826 max        2826 min
Histogram: 1 0 0 0 0 0 0 0 0 0
Neighs:              0 ave           0 max           0 min
Histogram: 1 0 0 0 0 0 0 0 0 0
FullNghs:        12446 ave       12446 max       12446 min
Histogram: 1 0 0 0 0 0 0 0 0 0

Total # of neighbors = 12446
Ave neighs/atom = 691.44444
Neighbor list builds = 0
Dangerous builds = 0
set atom * x 0.0 y 0.0 z 0.0
Setting atom values ...
  18 settings made for x
  18 settings made for y
  18 settings made for z
change_box all     x final 0 2.5445804492780577 y final 0 8.930860557588717 z final 0 8.75224885011003      xy final 0.9222354928294988 xz final -2.710813796808419 yz final -1.1116635053554635 units box
Changing box ...
  triclinic box = (0 0 0) to (2.5445804 8.9308606 8.7522489) with tilt (0.92223549 -2.7108138 -1.1116635)
  triclinic box = (0 0 0) to (2.5445804 8.9308606 8.7522489) with tilt (0.92223549 -2.7108138 -1.1116635)
  triclinic box = (0 0 0) to (2.5445804 8.9308606 8.7522489) with tilt (0.92223549 -2.7108138 -1.1116635)
  triclinic box = (0 0 0) to (2.5445804 8.9308606 8.7522489) with tilt (0.92223549 -2.7108138 -1.1116635)
  triclinic box = (0 0 0) to (2.5445804 8.9308606 8.7522489) with tilt (0.92223549 -2.7108138 -1.1116635)
  triclinic box = (0 0 0) to (2.5445804 8.9308606 8.7522489) with tilt (0.92223549 -2.7108138 -1.1116635)
echo none
run 0
Per MPI rank memory allocation (min/avg/max) = 3.931 | 3.931 | 3.931 Mbytes
    PotEng          Pxx           E_mol          E_coul    
-76.811841      110.85169      0              0            
Loop time of 1.484e-06 on 1 procs for 0 steps with 18 atoms

808.6% CPU use with 1 MPI tasks x 1 OpenMP threads

MPI task timing breakdown:
Section |  min time  |  avg time  |  max time  |%varavg| %total
---------------------------------------------------------------
Pair    | 0          | 0          | 0          |   0.0 |  0.00
Neigh   | 0          | 0          | 0          |   0.0 |  0.00
Comm    | 0          | 0          | 0          |   0.0 |  0.00
Output  | 0          | 0          | 0          |   0.0 |  0.00
Modify  | 0          | 0          | 0          |   0.0 |  0.00
Other   |            | 1.484e-06  |            |       |100.00

Nlocal:             18 ave          18 max          18 min
Histogram: 1 0 0 0 0 0 0 0 0 0
Nghost:           2826 ave        2826 max        2826 min
Histogram: 1 0 0 0 0 0 0 0 0 0
Neighs:              0 ave           0 max           0 min
Histogram: 1 0 0 0 0 0 0 0 0 0
FullNghs:        12446 ave       12446 max       12446 min
Histogram: 1 0 0 0 0 0 0 0 0 0

Total # of neighbors = 12446
Ave neighs/atom = 691.44444
Neighbor list builds = 0
Dangerous builds = 0
set atom * x 0.0 y 0.0 z 0.0
Setting atom values ...
  18 settings made for x
  18 settings made for y
  18 settings made for z
change_box all     x final 0 2.5444408790170567 y final 0 8.926045143987144 z final 0 8.727407709638097      xy final 0.9548453781288522 xz final -2.7163834552332027 yz final -1.0598541666708343 units box
Changing box ...
  triclinic box = (0 0 0) to (2.5444409 8.9308606 8.7522489) with tilt (0.92223549 -2.7108138 -1.1116635)
  triclinic box = (0 0 0) to (2.5444409 8.9260451 8.7522489) with tilt (0.92223549 -2.7108138 -1.1116635)
  triclinic box = (0 0 0) to (2.5444409 8.9260451 8.7274077) with tilt (0.92223549 -2.7108138 -1.1116635)
  triclinic box = (0 0 0) to (2.5444409 8.9260451 8.7274077) with tilt (0.95484538 -2.7108138 -1.1116635)
  triclinic box = (0 0 0) to (2.5444409 8.9260451 8.7274077) with tilt (0.95484538 -2.7163835 -1.1116635)
  triclinic box = (0 0 0) to (2.5444409 8.9260451 8.7274077) with tilt (0.95484538 -2.7163835 -1.0598542)
echo none
run 0
Per MPI rank memory allocation (min/avg/max) = 3.931 | 3.931 | 3.931 Mbytes
    PotEng          Pxx           E_mol          E_coul    
-76.813706      193.47585      0              0            
Loop time of 1.413e-06 on 1 procs for 0 steps with 18 atoms

778.5% CPU use with 1 MPI tasks x 1 OpenMP threads

MPI task timing breakdown:
Section |  min time  |  avg time  |  max time  |%varavg| %total
---------------------------------------------------------------
Pair    | 0          | 0          | 0          |   0.0 |  0.00
Neigh   | 0          | 0          | 0          |   0.0 |  0.00
Comm    | 0          | 0          | 0          |   0.0 |  0.00
Output  | 0          | 0          | 0          |   0.0 |  0.00
Modify  | 0          | 0          | 0          |   0.0 |  0.00
Other   |            | 1.413e-06  |            |       |100.00

Nlocal:             18 ave          18 max          18 min
Histogram: 1 0 0 0 0 0 0 0 0 0
Nghost:           2842 ave        2842 max        2842 min
Histogram: 1 0 0 0 0 0 0 0 0 0
Neighs:              0 ave           0 max           0 min
Histogram: 1 0 0 0 0 0 0 0 0 0
FullNghs:        12450 ave       12450 max       12450 min
Histogram: 1 0 0 0 0 0 0 0 0 0

Total # of neighbors = 12450
Ave neighs/atom = 691.66667
Neighbor list builds = 0
Dangerous builds = 0
set atom * x 0.0 y 0.0 z 0.0
Setting atom values ...
  18 settings made for x
  18 settings made for y
  18 settings made for z
change_box all     x final 0 2.5442643584761715 y final 0 8.919337490321224 z final 0 8.691522470197327      xy final 1.00166307205273 xz final -2.7241061250501524 yz final -0.9859001911473224 units box
Changing box ...
  triclinic box = (0 0 0) to (2.5442644 8.9260451 8.7274077) with tilt (0.95484538 -2.7163835 -1.0598542)
  triclinic box = (0 0 0) to (2.5442644 8.9193375 8.7274077) with tilt (0.95484538 -2.7163835 -1.0598542)
  triclinic box = (0 0 0) to (2.5442644 8.9193375 8.6915225) with tilt (0.95484538 -2.7163835 -1.0598542)
  triclinic box = (0 0 0) to (2.5442644 8.9193375 8.6915225) with tilt (1.0016631 -2.7163835 -1.0598542)
  triclinic box = (0 0 0) to (2.5442644 8.9193375 8.6915225) with tilt (1.0016631 -2.7241061 -1.0598542)
  triclinic box = (0 0 0) to (2.5442644 8.9193375 8.6915225) with tilt (1.0016631 -2.7241061 -0.98590019)
echo none
run 0
Per MPI rank memory allocation (min/avg/max) = 3.932 | 3.932 | 3.932 Mbytes
    PotEng          Pxx           E_mol          E_coul    
-76.814663      297.09864      0              0            
Loop time of 1.819e-06 on 1 procs for 0 steps with 18 atoms

769.7% CPU use with 1 MPI tasks x 1 OpenMP threads

MPI task timing breakdown:
Section |  min time  |  avg time  |  max time  |%varavg| %total
---------------------------------------------------------------
Pair    | 0          | 0          | 0          |   0.0 |  0.00
Neigh   | 0          | 0          | 0          |   0.0 |  0.00
Comm    | 0          | 0          | 0          |   0.0 |  0.00
Output  | 0          | 0          | 0          |   0.0 |  0.00
Modify  | 0          | 0          | 0          |   0.0 |  0.00
Other   |            | 1.819e-06  |            |       |100.00

Nlocal:             18 ave          18 max          18 min
Histogram: 1 0 0 0 0 0 0 0 0 0
Nghost:           2886 ave        2886 max        2886 min
Histogram: 1 0 0 0 0 0 0 0 0 0
Neighs:              0 ave           0 max           0 min
Histogram: 1 0 0 0 0 0 0 0 0 0
FullNghs:        12526 ave       12526 max       12526 min
Histogram: 1 0 0 0 0 0 0 0 0 0

Total # of neighbors = 12526
Ave neighs/atom = 695.88889
Neighbor list builds = 0
Dangerous builds = 0
set atom * x 0.0 y 0.0 z 0.0
Setting atom values ...
  18 settings made for x
  18 settings made for y
  18 settings made for z
change_box all     x final 0 2.544264358476172 y final 0 8.919337490321224 z final 0 8.691522470197325      xy final 1.001663072052729 xz final -2.7241061250501524 yz final -0.9859001911473217 units box
Changing box ...
  triclinic box = (0 0 0) to (2.5442644 8.9193375 8.6915225) with tilt (1.0016631 -2.7241061 -0.98590019)
  triclinic box = (0 0 0) to (2.5442644 8.9193375 8.6915225) with tilt (1.0016631 -2.7241061 -0.98590019)
  triclinic box = (0 0 0) to (2.5442644 8.9193375 8.6915225) with tilt (1.0016631 -2.7241061 -0.98590019)
  triclinic box = (0 0 0) to (2.5442644 8.9193375 8.6915225) with tilt (1.0016631 -2.7241061 -0.98590019)
  triclinic box = (0 0 0) to (2.5442644 8.9193375 8.6915225) with tilt (1.0016631 -2.7241061 -0.98590019)
  triclinic box = (0 0 0) to (2.5442644 8.9193375 8.6915225) with tilt (1.0016631 -2.7241061 -0.98590019)
echo none
run 0
Per MPI rank memory allocation (min/avg/max) = 3.932 | 3.932 | 3.932 Mbytes
    PotEng          Pxx           E_mol          E_coul    
-76.814663      297.09864      0              0            
Loop time of 1.284e-06 on 1 procs for 0 steps with 18 atoms

934.6% CPU use with 1 MPI tasks x 1 OpenMP threads

MPI task timing breakdown:
Section |  min time  |  avg time  |  max time  |%varavg| %total
---------------------------------------------------------------
Pair    | 0          | 0          | 0          |   0.0 |  0.00
Neigh   | 0          | 0          | 0          |   0.0 |  0.00
Comm    | 0          | 0          | 0          |   0.0 |  0.00
Output  | 0          | 0          | 0          |   0.0 |  0.00
Modify  | 0          | 0          | 0          |   0.0 |  0.00
Other   |            | 1.284e-06  |            |       |100.00

Nlocal:             18 ave          18 max          18 min
Histogram: 1 0 0 0 0 0 0 0 0 0
Nghost:           2886 ave        2886 max        2886 min
Histogram: 1 0 0 0 0 0 0 0 0 0
Neighs:              0 ave           0 max           0 min
Histogram: 1 0 0 0 0 0 0 0 0 0
FullNghs:        12526 ave       12526 max       12526 min
Histogram: 1 0 0 0 0 0 0 0 0 0

Total # of neighbors = 12526
Ave neighs/atom = 695.88889
Neighbor list builds = 0
Dangerous builds = 0
set atom * x 0.0 y 0.0 z 0.0
Setting atom values ...
  18 settings made for x
  18 settings made for y
  18 settings made for z
change_box all     x final 0 2.5439605403118732 y final 0 8.919619120859602 z final 0 8.71592003582166      xy final 0.9801635359262612 xz final -2.7128119132078394 yz final -1.0200773425709924 units box
Changing box ...
  triclinic box = (0 0 0) to (2.5439605 8.9193375 8.6915225) with tilt (1.0016631 -2.7241061 -0.98590019)
  triclinic box = (0 0 0) to (2.5439605 8.9196191 8.6915225) with tilt (1.0016631 -2.7241061 -0.98590019)
  triclinic box = (0 0 0) to (2.5439605 8.9196191 8.71592) with tilt (1.0016631 -2.7241061 -0.98590019)
  triclinic box = (0 0 0) to (2.5439605 8.9196191 8.71592) with tilt (0.98016354 -2.7241061 -0.98590019)
  triclinic box = (0 0 0) to (2.5439605 8.9196191 8.71592) with tilt (0.98016354 -2.7128119 -0.98590019)
  triclinic box = (0 0 0) to (2.5439605 8.9196191 8.71592) with tilt (0.98016354 -2.7128119 -1.0200773)
echo none
run 0
Per MPI rank memory allocation (min/avg/max) = 3.932 | 3.932 | 3.932 Mbytes
    PotEng          Pxx           E_mol          E_coul    
-76.81577       479.49899      0              0            
Loop time of 1.306e-06 on 1 procs for 0 steps with 18 atoms

1148.5% CPU use with 1 MPI tasks x 1 OpenMP threads

MPI task timing breakdown:
Section |  min time  |  avg time  |  max time  |%varavg| %total
---------------------------------------------------------------
Pair    | 0          | 0          | 0          |   0.0 |  0.00
Neigh   | 0          | 0          | 0          |   0.0 |  0.00
Comm    | 0          | 0          | 0          |   0.0 |  0.00
Output  | 0          | 0          | 0          |   0.0 |  0.00
Modify  | 0          | 0          | 0          |   0.0 |  0.00
Other   |            | 1.306e-06  |            |       |100.00

Nlocal:             18 ave          18 max          18 min
Histogram: 1 0 0 0 0 0 0 0 0 0
Nghost:           2842 ave        2842 max        2842 min
Histogram: 1 0 0 0 0 0 0 0 0 0
Neighs:              0 ave           0 max           0 min
Histogram: 1 0 0 0 0 0 0 0 0 0
FullNghs:        12498 ave       12498 max       12498 min
Histogram: 1 0 0 0 0 0 0 0 0 0

Total # of neighbors = 12498
Ave neighs/atom = 694.33333
Neighbor list builds = 0
Dangerous builds = 0
set atom * x 0.0 y 0.0 z 0.0
Setting atom values ...
  18 settings made for x
  18 settings made for y
  18 settings made for z
change_box all     x final 0 2.543960540311874 y final 0 8.919619120859613 z final 0 8.715920035821663      xy final 0.9801635359262604 xz final -2.7128119132078408 yz final -1.0200773425709984 units box
Changing box ...
  triclinic box = (0 0 0) to (2.5439605 8.9196191 8.71592) with tilt (0.98016354 -2.7128119 -1.0200773)
  triclinic box = (0 0 0) to (2.5439605 8.9196191 8.71592) with tilt (0.98016354 -2.7128119 -1.0200773)
  triclinic box = (0 0 0) to (2.5439605 8.9196191 8.71592) with tilt (0.98016354 -2.7128119 -1.0200773)
  triclinic box = (0 0 0) to (2.5439605 8.9196191 8.71592) with tilt (0.98016354 -2.7128119 -1.0200773)
  triclinic box = (0 0 0) to (2.5439605 8.9196191 8.71592) with tilt (0.98016354 -2.7128119 -1.0200773)
  triclinic box = (0 0 0) to (2.5439605 8.9196191 8.71592) with tilt (0.98016354 -2.7128119 -1.0200773)
echo none
run 0
Per MPI rank memory allocation (min/avg/max) = 3.932 | 3.932 | 3.932 Mbytes
    PotEng          Pxx           E_mol          E_coul    
-76.81577       479.49899      0              0            
Loop time of 1.208e-06 on 1 procs for 0 steps with 18 atoms

1158.9% CPU use with 1 MPI tasks x 1 OpenMP threads

MPI task timing breakdown:
Section |  min time  |  avg time  |  max time  |%varavg| %total
---------------------------------------------------------------
Pair    | 0          | 0          | 0          |   0.0 |  0.00
Neigh   | 0          | 0          | 0          |   0.0 |  0.00
Comm    | 0          | 0          | 0          |   0.0 |  0.00
Output  | 0          | 0          | 0          |   0.0 |  0.00
Modify  | 0          | 0          | 0          |   0.0 |  0.00
Other   |            | 1.208e-06  |            |       |100.00

Nlocal:             18 ave          18 max          18 min
Histogram: 1 0 0 0 0 0 0 0 0 0
Nghost:           2842 ave        2842 max        2842 min
Histogram: 1 0 0 0 0 0 0 0 0 0
Neighs:              0 ave           0 max           0 min
Histogram: 1 0 0 0 0 0 0 0 0 0
FullNghs:        12498 ave       12498 max       12498 min
Histogram: 1 0 0 0 0 0 0 0 0 0

Total # of neighbors = 12498
Ave neighs/atom = 694.33333
Neighbor list builds = 0
Dangerous builds = 0
set atom * x 0.0 y 0.0 z 0.0
Setting atom values ...
  18 settings made for x
  18 settings made for y
  18 settings made for z
change_box all     x final 0 2.5448731808612366 y final 0 8.901502099822736 z final 0 8.718974860467242      xy final 0.9985465732748652 xz final -2.7274235709739942 yz final -1.0267888184969762 units box
Changing box ...
  triclinic box = (0 0 0) to (2.5448732 8.9196191 8.71592) with tilt (0.98016354 -2.7128119 -1.0200773)
  triclinic box = (0 0 0) to (2.5448732 8.9015021 8.71592) with tilt (0.98016354 -2.7128119 -1.0200773)
  triclinic box = (0 0 0) to (2.5448732 8.9015021 8.7189749) with tilt (0.98016354 -2.7128119 -1.0200773)
  triclinic box = (0 0 0) to (2.5448732 8.9015021 8.7189749) with tilt (0.99854657 -2.7128119 -1.0200773)
  triclinic box = (0 0 0) to (2.5448732 8.9015021 8.7189749) with tilt (0.99854657 -2.7274236 -1.0200773)
  triclinic box = (0 0 0) to (2.5448732 8.9015021 8.7189749) with tilt (0.99854657 -2.7274236 -1.0267888)
echo none
run 0
Per MPI rank memory allocation (min/avg/max) = 3.932 | 3.932 | 3.932 Mbytes
    PotEng          Pxx           E_mol          E_coul    
-76.816765     -257.62762      0              0            
Loop time of 6.215e-06 on 1 procs for 0 steps with 18 atoms

2300.9% CPU use with 1 MPI tasks x 1 OpenMP threads

MPI task timing breakdown:
Section |  min time  |  avg time  |  max time  |%varavg| %total
---------------------------------------------------------------
Pair    | 0          | 0          | 0          |   0.0 |  0.00
Neigh   | 0          | 0          | 0          |   0.0 |  0.00
Comm    | 0          | 0          | 0          |   0.0 |  0.00
Output  | 0          | 0          | 0          |   0.0 |  0.00
Modify  | 0          | 0          | 0          |   0.0 |  0.00
Other   |            | 6.215e-06  |            |       |100.00

Nlocal:             18 ave          18 max          18 min
Histogram: 1 0 0 0 0 0 0 0 0 0
Nghost:           2842 ave        2842 max        2842 min
Histogram: 1 0 0 0 0 0 0 0 0 0
Neighs:              0 ave           0 max           0 min
Histogram: 1 0 0 0 0 0 0 0 0 0
FullNghs:        12500 ave       12500 max       12500 min
Histogram: 1 0 0 0 0 0 0 0 0 0

Total # of neighbors = 12500
Ave neighs/atom = 694.44444
Neighbor list builds = 0
Dangerous builds = 0
set atom * x 0.0 y 0.0 z 0.0
Setting atom values ...
  18 settings made for x
  18 settings made for y
  18 settings made for z
change_box all     x final 0 2.5448731808612375 y final 0 8.901502099822741 z final 0 8.718974860467243      xy final 0.998546573274865 xz final -2.727423570973996 yz final -1.0267888184969798 units box
Changing box ...
  triclinic box = (0 0 0) to (2.5448732 8.9015021 8.7189749) with tilt (0.99854657 -2.7274236 -1.0267888)
  triclinic box = (0 0 0) to (2.5448732 8.9015021 8.7189749) with tilt (0.99854657 -2.7274236 -1.0267888)
  triclinic box = (0 0 0) to (2.5448732 8.9015021 8.7189749) with tilt (0.99854657 -2.7274236 -1.0267888)
  triclinic box = (0 0 0) to (2.5448732 8.9015021 8.7189749) with tilt (0.99854657 -2.7274236 -1.0267888)
  triclinic box = (0 0 0) to (2.5448732 8.9015021 8.7189749) with tilt (0.99854657 -2.7274236 -1.0267888)
  triclinic box = (0 0 0) to (2.5448732 8.9015021 8.7189749) with tilt (0.99854657 -2.7274236 -1.0267888)
echo none
run 0
Per MPI rank memory allocation (min/avg/max) = 3.932 | 3.932 | 3.932 Mbytes
    PotEng          Pxx           E_mol          E_coul    
-76.816765     -257.62762      0              0            
Loop time of 1.665e-06 on 1 procs for 0 steps with 18 atoms

1081.1% CPU use with 1 MPI tasks x 1 OpenMP threads

MPI task timing breakdown:
Section |  min time  |  avg time  |  max time  |%varavg| %total
---------------------------------------------------------------
Pair    | 0          | 0          | 0          |   0.0 |  0.00
Neigh   | 0          | 0          | 0          |   0.0 |  0.00
Comm    | 0          | 0          | 0          |   0.0 |  0.00
Output  | 0          | 0          | 0          |   0.0 |  0.00
Modify  | 0          | 0          | 0          |   0.0 |  0.00
Other   |            | 1.665e-06  |            |       |100.00

Nlocal:             18 ave          18 max          18 min
Histogram: 1 0 0 0 0 0 0 0 0 0
Nghost:           2842 ave        2842 max        2842 min
Histogram: 1 0 0 0 0 0 0 0 0 0
Neighs:              0 ave           0 max           0 min
Histogram: 1 0 0 0 0 0 0 0 0 0
FullNghs:        12500 ave       12500 max       12500 min
Histogram: 1 0 0 0 0 0 0 0 0 0

Total # of neighbors = 12500
Ave neighs/atom = 694.44444
Neighbor list builds = 0
Dangerous builds = 0
set atom * x 0.0 y 0.0 z 0.0
Setting atom values ...
  18 settings made for x
  18 settings made for y
  18 settings made for z
change_box all     x final 0 2.5446432673653328 y final 0 8.88535861160713 z final 0 8.726544929260951      xy final 0.9723521960437851 xz final -2.7025388719527617 yz final -1.0228207327276608 units box
Changing box ...
  triclinic box = (0 0 0) to (2.5446433 8.9015021 8.7189749) with tilt (0.99854657 -2.7274236 -1.0267888)
  triclinic box = (0 0 0) to (2.5446433 8.8853586 8.7189749) with tilt (0.99854657 -2.7274236 -1.0267888)
  triclinic box = (0 0 0) to (2.5446433 8.8853586 8.7265449) with tilt (0.99854657 -2.7274236 -1.0267888)
  triclinic box = (0 0 0) to (2.5446433 8.8853586 8.7265449) with tilt (0.9723522 -2.7274236 -1.0267888)
  triclinic box = (0 0 0) to (2.5446433 8.8853586 8.7265449) with tilt (0.9723522 -2.7025389 -1.0267888)
  triclinic box = (0 0 0) to (2.5446433 8.8853586 8.7265449) with tilt (0.9723522 -2.7025389 -1.0228207)
echo none
run 0
Per MPI rank memory allocation (min/avg/max) = 3.932 | 3.932 | 3.932 Mbytes
    PotEng          Pxx           E_mol          E_coul    
-76.81759       19.377736      0              0            
Loop time of 1.349e-06 on 1 procs for 0 steps with 18 atoms

889.5% CPU use with 1 MPI tasks x 1 OpenMP threads

MPI task timing breakdown:
Section |  min time  |  avg time  |  max time  |%varavg| %total
---------------------------------------------------------------
Pair    | 0          | 0          | 0          |   0.0 |  0.00
Neigh   | 0          | 0          | 0          |   0.0 |  0.00
Comm    | 0          | 0          | 0          |   0.0 |  0.00
Output  | 0          | 0          | 0          |   0.0 |  0.00
Modify  | 0          | 0          | 0          |   0.0 |  0.00
Other   |            | 1.349e-06  |            |       |100.00

Nlocal:             18 ave          18 max          18 min
Histogram: 1 0 0 0 0 0 0 0 0 0
Nghost:           2826 ave        2826 max        2826 min
Histogram: 1 0 0 0 0 0 0 0 0 0
Neighs:              0 ave           0 max           0 min
Histogram: 1 0 0 0 0 0 0 0 0 0
FullNghs:        12512 ave       12512 max       12512 min
Histogram: 1 0 0 0 0 0 0 0 0 0

Total # of neighbors = 12512
Ave neighs/atom = 695.11111
Neighbor list builds = 0
Dangerous builds = 0
set atom * x 0.0 y 0.0 z 0.0
Setting atom values ...
  18 settings made for x
  18 settings made for y
  18 settings made for z
change_box all     x final 0 2.544643267365333 y final 0 8.885358611607135 z final 0 8.726544929260953      xy final 0.972352196043785 xz final -2.7025388719527625 yz final -1.022820732727664 units box
Changing box ...
  triclinic box = (0 0 0) to (2.5446433 8.8853586 8.7265449) with tilt (0.9723522 -2.7025389 -1.0228207)
  triclinic box = (0 0 0) to (2.5446433 8.8853586 8.7265449) with tilt (0.9723522 -2.7025389 -1.0228207)
  triclinic box = (0 0 0) to (2.5446433 8.8853586 8.7265449) with tilt (0.9723522 -2.7025389 -1.0228207)
  triclinic box = (0 0 0) to (2.5446433 8.8853586 8.7265449) with tilt (0.9723522 -2.7025389 -1.0228207)
  triclinic box = (0 0 0) to (2.5446433 8.8853586 8.7265449) with tilt (0.9723522 -2.7025389 -1.0228207)
  triclinic box = (0 0 0) to (2.5446433 8.8853586 8.7265449) with tilt (0.9723522 -2.7025389 -1.0228207)
echo none
run 0
Per MPI rank memory allocation (min/avg/max) = 3.932 | 3.932 | 3.932 Mbytes
    PotEng          Pxx           E_mol          E_coul    
-76.81759       19.377736      0              0            
Loop time of 2.002e-06 on 1 procs for 0 steps with 18 atoms

549.5% CPU use with 1 MPI tasks x 1 OpenMP threads

MPI task timing breakdown:
Section |  min time  |  avg time  |  max time  |%varavg| %total
---------------------------------------------------------------
Pair    | 0          | 0          | 0          |   0.0 |  0.00
Neigh   | 0          | 0          | 0          |   0.0 |  0.00
Comm    | 0          | 0          | 0          |   0.0 |  0.00
Output  | 0          | 0          | 0          |   0.0 |  0.00
Modify  | 0          | 0          | 0          |   0.0 |  0.00
Other   |            | 2.002e-06  |            |       |100.00

Nlocal:             18 ave          18 max          18 min
Histogram: 1 0 0 0 0 0 0 0 0 0
Nghost:           2826 ave        2826 max        2826 min
Histogram: 1 0 0 0 0 0 0 0 0 0
Neighs:              0 ave           0 max           0 min
Histogram: 1 0 0 0 0 0 0 0 0 0
FullNghs:        12512 ave       12512 max       12512 min
Histogram: 1 0 0 0 0 0 0 0 0 0

Total # of neighbors = 12512
Ave neighs/atom = 695.11111
Neighbor list builds = 0
Dangerous builds = 0
set atom * x 0.0 y 0.0 z 0.0
Setting atom values ...
  18 settings made for x
  18 settings made for y
  18 settings made for z
change_box all     x final 0 2.545040242199351 y final 0 8.8697469171984 z final 0 8.720642415707971      xy final 0.9839322926219642 xz final -2.7090223453329627 yz final -1.0048908325485344 units box
Changing box ...
  triclinic box = (0 0 0) to (2.5450402 8.8853586 8.7265449) with tilt (0.9723522 -2.7025389 -1.0228207)
  triclinic box = (0 0 0) to (2.5450402 8.8697469 8.7265449) with tilt (0.9723522 -2.7025389 -1.0228207)
  triclinic box = (0 0 0) to (2.5450402 8.8697469 8.7206424) with tilt (0.9723522 -2.7025389 -1.0228207)
  triclinic box = (0 0 0) to (2.5450402 8.8697469 8.7206424) with tilt (0.98393229 -2.7025389 -1.0228207)
  triclinic box = (0 0 0) to (2.5450402 8.8697469 8.7206424) with tilt (0.98393229 -2.7090223 -1.0228207)
  triclinic box = (0 0 0) to (2.5450402 8.8697469 8.7206424) with tilt (0.98393229 -2.7090223 -1.0048908)
echo none
run 0
Per MPI rank memory allocation (min/avg/max) = 3.932 | 3.932 | 3.932 Mbytes
    PotEng          Pxx           E_mol          E_coul    
-76.818249     -300.32138      0              0            
Loop time of 2.559e-06 on 1 procs for 0 steps with 18 atoms

664.3% CPU use with 1 MPI tasks x 1 OpenMP threads

MPI task timing breakdown:
Section |  min time  |  avg time  |  max time  |%varavg| %total
---------------------------------------------------------------
Pair    | 0          | 0          | 0          |   0.0 |  0.00
Neigh   | 0          | 0          | 0          |   0.0 |  0.00
Comm    | 0          | 0          | 0          |   0.0 |  0.00
Output  | 0          | 0          | 0          |   0.0 |  0.00
Modify  | 0          | 0          | 0          |   0.0 |  0.00
Other   |            | 2.559e-06  |            |       |100.00

Nlocal:             18 ave          18 max          18 min
Histogram: 1 0 0 0 0 0 0 0 0 0
Nghost:           2826 ave        2826 max        2826 min
Histogram: 1 0 0 0 0 0 0 0 0 0
Neighs:              0 ave           0 max           0 min
Histogram: 1 0 0 0 0 0 0 0 0 0
FullNghs:        12542 ave       12542 max       12542 min
Histogram: 1 0 0 0 0 0 0 0 0 0

Total # of neighbors = 12542
Ave neighs/atom = 696.77778
Neighbor list builds = 0
Dangerous builds = 0
set atom * x 0.0 y 0.0 z 0.0
Setting atom values ...
  18 settings made for x
  18 settings made for y
  18 settings made for z
change_box all     x final 0 2.545040242199351 y final 0 8.869746917198395 z final 0 8.720642415707971      xy final 0.9839322926219647 xz final -2.7090223453329627 yz final -1.0048908325485326 units box
Changing box ...
  triclinic box = (0 0 0) to (2.5450402 8.8697469 8.7206424) with tilt (0.98393229 -2.7090223 -1.0048908)
  triclinic box = (0 0 0) to (2.5450402 8.8697469 8.7206424) with tilt (0.98393229 -2.7090223 -1.0048908)
  triclinic box = (0 0 0) to (2.5450402 8.8697469 8.7206424) with tilt (0.98393229 -2.7090223 -1.0048908)
  triclinic box = (0 0 0) to (2.5450402 8.8697469 8.7206424) with tilt (0.98393229 -2.7090223 -1.0048908)
  triclinic box = (0 0 0) to (2.5450402 8.8697469 8.7206424) with tilt (0.98393229 -2.7090223 -1.0048908)
  triclinic box = (0 0 0) to (2.5450402 8.8697469 8.7206424) with tilt (0.98393229 -2.7090223 -1.0048908)
echo none
run 0
Per MPI rank memory allocation (min/avg/max) = 3.932 | 3.932 | 3.932 Mbytes
    PotEng          Pxx           E_mol          E_coul    
-76.818249     -300.32138      0              0            
Loop time of 1.432e-06 on 1 procs for 0 steps with 18 atoms

768.2% CPU use with 1 MPI tasks x 1 OpenMP threads

MPI task timing breakdown:
Section |  min time  |  avg time  |  max time  |%varavg| %total
---------------------------------------------------------------
Pair    | 0          | 0          | 0          |   0.0 |  0.00
Neigh   | 0          | 0          | 0          |   0.0 |  0.00
Comm    | 0          | 0          | 0          |   0.0 |  0.00
Output  | 0          | 0          | 0          |   0.0 |  0.00
Modify  | 0          | 0          | 0          |   0.0 |  0.00
Other   |            | 1.432e-06  |            |       |100.00

Nlocal:             18 ave          18 max          18 min
Histogram: 1 0 0 0 0 0 0 0 0 0
Nghost:           2826 ave        2826 max        2826 min
Histogram: 1 0 0 0 0 0 0 0 0 0
Neighs:              0 ave           0 max           0 min
Histogram: 1 0 0 0 0 0 0 0 0 0
FullNghs:        12542 ave       12542 max       12542 min
Histogram: 1 0 0 0 0 0 0 0 0 0

Total # of neighbors = 12542
Ave neighs/atom = 696.77778
Neighbor list builds = 0
Dangerous builds = 0
set atom * x 0.0 y 0.0 z 0.0
Setting atom values ...
  18 settings made for x
  18 settings made for y
  18 settings made for z
change_box all     x final 0 2.5449031728123166 y final 0 8.87335044681403 z final 0 8.716726212095349      xy final 0.9865940123308262 xz final -2.7057265965474744 yz final -0.9900028905136303 units box
Changing box ...
  triclinic box = (0 0 0) to (2.5449032 8.8697469 8.7206424) with tilt (0.98393229 -2.7090223 -1.0048908)
  triclinic box = (0 0 0) to (2.5449032 8.8733504 8.7206424) with tilt (0.98393229 -2.7090223 -1.0048908)
  triclinic box = (0 0 0) to (2.5449032 8.8733504 8.7167262) with tilt (0.98393229 -2.7090223 -1.0048908)
  triclinic box = (0 0 0) to (2.5449032 8.8733504 8.7167262) with tilt (0.98659401 -2.7090223 -1.0048908)
  triclinic box = (0 0 0) to (2.5449032 8.8733504 8.7167262) with tilt (0.98659401 -2.7057266 -1.0048908)
  triclinic box = (0 0 0) to (2.5449032 8.8733504 8.7167262) with tilt (0.98659401 -2.7057266 -0.99000289)
echo none
run 0
Per MPI rank memory allocation (min/avg/max) = 3.932 | 3.932 | 3.932 Mbytes
    PotEng          Pxx           E_mol          E_coul    
-76.818656     -172.59367      0              0            
Loop time of 1.681e-06 on 1 procs for 0 steps with 18 atoms

713.9% CPU use with 1 MPI tasks x 1 OpenMP threads

MPI task timing breakdown:
Section |  min time  |  avg time  |  max time  |%varavg| %total
---------------------------------------------------------------
Pair    | 0          | 0          | 0          |   0.0 |  0.00
Neigh   | 0          | 0          | 0          |   0.0 |  0.00
Comm    | 0          | 0          | 0          |   0.0 |  0.00
Output  | 0          | 0          | 0          |   0.0 |  0.00
Modify  | 0          | 0          | 0          |   0.0 |  0.00
Other   |            | 1.681e-06  |            |       |100.00

Nlocal:             18 ave          18 max          18 min
Histogram: 1 0 0 0 0 0 0 0 0 0
Nghost:           2826 ave        2826 max        2826 min
Histogram: 1 0 0 0 0 0 0 0 0 0
Neighs:              0 ave           0 max           0 min
Histogram: 1 0 0 0 0 0 0 0 0 0
FullNghs:        12546 ave       12546 max       12546 min
Histogram: 1 0 0 0 0 0 0 0 0 0

Total # of neighbors = 12546
Ave neighs/atom = 697
Neighbor list builds = 0
Dangerous builds = 0
set atom * x 0.0 y 0.0 z 0.0
Setting atom values ...
  18 settings made for x
  18 settings made for y
  18 settings made for z
change_box all     x final 0 2.544903172812319 y final 0 8.87335044681403 z final 0 8.716726212095352      xy final 0.9865940123308263 xz final -2.7057265965474766 yz final -0.9900028905136281 units box
Changing box ...
  triclinic box = (0 0 0) to (2.5449032 8.8733504 8.7167262) with tilt (0.98659401 -2.7057266 -0.99000289)
  triclinic box = (0 0 0) to (2.5449032 8.8733504 8.7167262) with tilt (0.98659401 -2.7057266 -0.99000289)
  triclinic box = (0 0 0) to (2.5449032 8.8733504 8.7167262) with tilt (0.98659401 -2.7057266 -0.99000289)
  triclinic box = (0 0 0) to (2.5449032 8.8733504 8.7167262) with tilt (0.98659401 -2.7057266 -0.99000289)
  triclinic box = (0 0 0) to (2.5449032 8.8733504 8.7167262) with tilt (0.98659401 -2.7057266 -0.99000289)
  triclinic box = (0 0 0) to (2.5449032 8.8733504 8.7167262) with tilt (0.98659401 -2.7057266 -0.99000289)
echo none
run 0
Per MPI rank memory allocation (min/avg/max) = 3.932 | 3.932 | 3.932 Mbytes
    PotEng          Pxx           E_mol          E_coul    
-76.818656     -172.59367      0              0            
Loop time of 1.54e-06 on 1 procs for 0 steps with 18 atoms

2077.9% CPU use with 1 MPI tasks x 1 OpenMP threads

MPI task timing breakdown:
Section |  min time  |  avg time  |  max time  |%varavg| %total
---------------------------------------------------------------
Pair    | 0          | 0          | 0          |   0.0 |  0.00
Neigh   | 0          | 0          | 0          |   0.0 |  0.00
Comm    | 0          | 0          | 0          |   0.0 |  0.00
Output  | 0          | 0          | 0          |   0.0 |  0.00
Modify  | 0          | 0          | 0          |   0.0 |  0.00
Other   |            | 1.54e-06   |            |       |100.00

Nlocal:             18 ave          18 max          18 min
Histogram: 1 0 0 0 0 0 0 0 0 0
Nghost:           2826 ave        2826 max        2826 min
Histogram: 1 0 0 0 0 0 0 0 0 0
Neighs:              0 ave           0 max           0 min
Histogram: 1 0 0 0 0 0 0 0 0 0
FullNghs:        12546 ave       12546 max       12546 min
Histogram: 1 0 0 0 0 0 0 0 0 0

Total # of neighbors = 12546
Ave neighs/atom = 697
Neighbor list builds = 0
Dangerous builds = 0
set atom * x 0.0 y 0.0 z 0.0
Setting atom values ...
  18 settings made for x
  18 settings made for y
  18 settings made for z
change_box all     x final 0 2.5447935185914674 y final 0 8.87805167324849 z final 0 8.7154779046375      xy final 1.0041978960056448 xz final -2.715243559735055 yz final -0.9849233787023473 units box
Changing box ...
  triclinic box = (0 0 0) to (2.5447935 8.8733504 8.7167262) with tilt (0.98659401 -2.7057266 -0.99000289)
  triclinic box = (0 0 0) to (2.5447935 8.8780517 8.7167262) with tilt (0.98659401 -2.7057266 -0.99000289)
  triclinic box = (0 0 0) to (2.5447935 8.8780517 8.7154779) with tilt (0.98659401 -2.7057266 -0.99000289)
  triclinic box = (0 0 0) to (2.5447935 8.8780517 8.7154779) with tilt (1.0041979 -2.7057266 -0.99000289)
  triclinic box = (0 0 0) to (2.5447935 8.8780517 8.7154779) with tilt (1.0041979 -2.7152436 -0.99000289)
  triclinic box = (0 0 0) to (2.5447935 8.8780517 8.7154779) with tilt (1.0041979 -2.7152436 -0.98492338)
echo none
run 0
Per MPI rank memory allocation (min/avg/max) = 3.932 | 3.932 | 3.932 Mbytes
    PotEng          Pxx           E_mol          E_coul    
-76.818821     -94.686407      0              0            
Loop time of 1.519e-06 on 1 procs for 0 steps with 18 atoms

1185.0% CPU use with 1 MPI tasks x 1 OpenMP threads

MPI task timing breakdown:
Section |  min time  |  avg time  |  max time  |%varavg| %total
---------------------------------------------------------------
Pair    | 0          | 0          | 0          |   0.0 |  0.00
Neigh   | 0          | 0          | 0          |   0.0 |  0.00
Comm    | 0          | 0          | 0          |   0.0 |  0.00
Output  | 0          | 0          | 0          |   0.0 |  0.00
Modify  | 0          | 0          | 0          |   0.0 |  0.00
Other   |            | 1.519e-06  |            |       |100.00

Nlocal:             18 ave          18 max          18 min
Histogram: 1 0 0 0 0 0 0 0 0 0
Nghost:           2842 ave        2842 max        2842 min
Histogram: 1 0 0 0 0 0 0 0 0 0
Neighs:              0 ave           0 max           0 min
Histogram: 1 0 0 0 0 0 0 0 0 0
FullNghs:        12538 ave       12538 max       12538 min
Histogram: 1 0 0 0 0 0 0 0 0 0

Total # of neighbors = 12538
Ave neighs/atom = 696.55556
Neighbor list builds = 0
Dangerous builds = 0
set atom * x 0.0 y 0.0 z 0.0
Setting atom values ...
  18 settings made for x
  18 settings made for y
  18 settings made for z
change_box all     x final 0 2.5447008313823476 y final 0 8.889064935955984 z final 0 8.715231948464082      xy final 1.016912850995291 xz final -2.720783897637777 yz final -0.9868254672350603 units box
Changing box ...
  triclinic box = (0 0 0) to (2.5447008 8.8780517 8.7154779) with tilt (1.0041979 -2.7152436 -0.98492338)
  triclinic box = (0 0 0) to (2.5447008 8.8890649 8.7154779) with tilt (1.0041979 -2.7152436 -0.98492338)
  triclinic box = (0 0 0) to (2.5447008 8.8890649 8.7152319) with tilt (1.0041979 -2.7152436 -0.98492338)
  triclinic box = (0 0 0) to (2.5447008 8.8890649 8.7152319) with tilt (1.0169129 -2.7152436 -0.98492338)
  triclinic box = (0 0 0) to (2.5447008 8.8890649 8.7152319) with tilt (1.0169129 -2.7207839 -0.98492338)
  triclinic box = (0 0 0) to (2.5447008 8.8890649 8.7152319) with tilt (1.0169129 -2.7207839 -0.98682547)
echo none
run 0
Per MPI rank memory allocation (min/avg/max) = 3.932 | 3.932 | 3.932 Mbytes
    PotEng          Pxx           E_mol          E_coul    
-76.818919     -29.004289      0              0            
Loop time of 2.009e-06 on 1 procs for 0 steps with 18 atoms

896.0% CPU use with 1 MPI tasks x 1 OpenMP threads

MPI task timing breakdown:
Section |  min time  |  avg time  |  max time  |%varavg| %total
---------------------------------------------------------------
Pair    | 0          | 0          | 0          |   0.0 |  0.00
Neigh   | 0          | 0          | 0          |   0.0 |  0.00
Comm    | 0          | 0          | 0          |   0.0 |  0.00
Output  | 0          | 0          | 0          |   0.0 |  0.00
Modify  | 0          | 0          | 0          |   0.0 |  0.00
Other   |            | 2.009e-06  |            |       |100.00

Nlocal:             18 ave          18 max          18 min
Histogram: 1 0 0 0 0 0 0 0 0 0
Nghost:           2842 ave        2842 max        2842 min
Histogram: 1 0 0 0 0 0 0 0 0 0
Neighs:              0 ave           0 max           0 min
Histogram: 1 0 0 0 0 0 0 0 0 0
FullNghs:        12518 ave       12518 max       12518 min
Histogram: 1 0 0 0 0 0 0 0 0 0

Total # of neighbors = 12518
Ave neighs/atom = 695.44444
Neighbor list builds = 0
Dangerous builds = 0
set atom * x 0.0 y 0.0 z 0.0
Setting atom values ...
  18 settings made for x
  18 settings made for y
  18 settings made for z
change_box all     x final 0 2.544700831382349 y final 0 8.889064935955984 z final 0 8.715231948464082      xy final 1.0169128509952914 xz final -2.7207838976377783 yz final -0.9868254672350606 units box
Changing box ...
  triclinic box = (0 0 0) to (2.5447008 8.8890649 8.7152319) with tilt (1.0169129 -2.7207839 -0.98682547)
  triclinic box = (0 0 0) to (2.5447008 8.8890649 8.7152319) with tilt (1.0169129 -2.7207839 -0.98682547)
  triclinic box = (0 0 0) to (2.5447008 8.8890649 8.7152319) with tilt (1.0169129 -2.7207839 -0.98682547)
  triclinic box = (0 0 0) to (2.5447008 8.8890649 8.7152319) with tilt (1.0169129 -2.7207839 -0.98682547)
  triclinic box = (0 0 0) to (2.5447008 8.8890649 8.7152319) with tilt (1.0169129 -2.7207839 -0.98682547)
  triclinic box = (0 0 0) to (2.5447008 8.8890649 8.7152319) with tilt (1.0169129 -2.7207839 -0.98682547)
echo none
run 0
Per MPI rank memory allocation (min/avg/max) = 3.932 | 3.932 | 3.932 Mbytes
    PotEng          Pxx           E_mol          E_coul    
-76.818919     -29.004289      0              0            
Loop time of 3.418e-06 on 1 procs for 0 steps with 18 atoms

4330.0% CPU use with 1 MPI tasks x 1 OpenMP threads

MPI task timing breakdown:
Section |  min time  |  avg time  |  max time  |%varavg| %total
---------------------------------------------------------------
Pair    | 0          | 0          | 0          |   0.0 |  0.00
Neigh   | 0          | 0          | 0          |   0.0 |  0.00
Comm    | 0          | 0          | 0          |   0.0 |  0.00
Output  | 0          | 0          | 0          |   0.0 |  0.00
Modify  | 0          | 0          | 0          |   0.0 |  0.00
Other   |            | 3.418e-06  |            |       |100.00

Nlocal:             18 ave          18 max          18 min
Histogram: 1 0 0 0 0 0 0 0 0 0
Nghost:           2842 ave        2842 max        2842 min
Histogram: 1 0 0 0 0 0 0 0 0 0
Neighs:              0 ave           0 max           0 min
Histogram: 1 0 0 0 0 0 0 0 0 0
FullNghs:        12518 ave       12518 max       12518 min
Histogram: 1 0 0 0 0 0 0 0 0 0

Total # of neighbors = 12518
Ave neighs/atom = 695.44444
Neighbor list builds = 0
Dangerous builds = 0
set atom * x 0.0 y 0.0 z 0.0
Setting atom values ...
  18 settings made for x
  18 settings made for y
  18 settings made for z
change_box all     x final 0 2.544541175788386 y final 0 8.895450632024186 z final 0 8.715196690446726      xy final 1.0327695985191043 xz final -2.728437791198323 yz final -0.9923033157644856 units box
Changing box ...
  triclinic box = (0 0 0) to (2.5445412 8.8890649 8.7152319) with tilt (1.0169129 -2.7207839 -0.98682547)
  triclinic box = (0 0 0) to (2.5445412 8.8954506 8.7152319) with tilt (1.0169129 -2.7207839 -0.98682547)
  triclinic box = (0 0 0) to (2.5445412 8.8954506 8.7151967) with tilt (1.0169129 -2.7207839 -0.98682547)
  triclinic box = (0 0 0) to (2.5445412 8.8954506 8.7151967) with tilt (1.0327696 -2.7207839 -0.98682547)
  triclinic box = (0 0 0) to (2.5445412 8.8954506 8.7151967) with tilt (1.0327696 -2.7284378 -0.98682547)
  triclinic box = (0 0 0) to (2.5445412 8.8954506 8.7151967) with tilt (1.0327696 -2.7284378 -0.99230332)
echo none
run 0
Per MPI rank memory allocation (min/avg/max) = 3.932 | 3.932 | 3.932 Mbytes
    PotEng          Pxx           E_mol          E_coul    
-76.819018      93.977882      0              0            
Loop time of 1.589e-06 on 1 procs for 0 steps with 18 atoms

1069.9% CPU use with 1 MPI tasks x 1 OpenMP threads

MPI task timing breakdown:
Section |  min time  |  avg time  |  max time  |%varavg| %total
---------------------------------------------------------------
Pair    | 0          | 0          | 0          |   0.0 |  0.00
Neigh   | 0          | 0          | 0          |   0.0 |  0.00
Comm    | 0          | 0          | 0          |   0.0 |  0.00
Output  | 0          | 0          | 0          |   0.0 |  0.00
Modify  | 0          | 0          | 0          |   0.0 |  0.00
Other   |            | 1.589e-06  |            |       |100.00

Nlocal:             18 ave          18 max          18 min
Histogram: 1 0 0 0 0 0 0 0 0 0
Nghost:           2842 ave        2842 max        2842 min
Histogram: 1 0 0 0 0 0 0 0 0 0
Neighs:              0 ave           0 max           0 min
Histogram: 1 0 0 0 0 0 0 0 0 0
FullNghs:        12512 ave       12512 max       12512 min
Histogram: 1 0 0 0 0 0 0 0 0 0

Total # of neighbors = 12512
Ave neighs/atom = 695.11111
Neighbor list builds = 0
Dangerous builds = 0
set atom * x 0.0 y 0.0 z 0.0
Setting atom values ...
  18 settings made for x
  18 settings made for y
  18 settings made for z
change_box all     x final 0 2.5443671878470555 y final 0 8.902572732212402 z final 0 8.715153590103645      xy final 1.0504973573075915 xz final -2.7369966363062255 yz final -0.9984064153905374 units box
Changing box ...
  triclinic box = (0 0 0) to (2.5443672 8.8954506 8.7151967) with tilt (1.0327696 -2.7284378 -0.99230332)
  triclinic box = (0 0 0) to (2.5443672 8.9025727 8.7151967) with tilt (1.0327696 -2.7284378 -0.99230332)
  triclinic box = (0 0 0) to (2.5443672 8.9025727 8.7151536) with tilt (1.0327696 -2.7284378 -0.99230332)
  triclinic box = (0 0 0) to (2.5443672 8.9025727 8.7151536) with tilt (1.0504974 -2.7284378 -0.99230332)
  triclinic box = (0 0 0) to (2.5443672 8.9025727 8.7151536) with tilt (1.0504974 -2.7369966 -0.99230332)
  triclinic box = (0 0 0) to (2.5443672 8.9025727 8.7151536) with tilt (1.0504974 -2.7369966 -0.99840642)
echo none
run 0
Per MPI rank memory allocation (min/avg/max) = 3.932 | 3.932 | 3.932 Mbytes
    PotEng          Pxx           E_mol          E_coul    
-76.819052      227.66834      0              0            
Loop time of 1.677e-06 on 1 procs for 0 steps with 18 atoms

417.4% CPU use with 1 MPI tasks x 1 OpenMP threads

MPI task timing breakdown:
Section |  min time  |  avg time  |  max time  |%varavg| %total
---------------------------------------------------------------
Pair    | 0          | 0          | 0          |   0.0 |  0.00
Neigh   | 0          | 0          | 0          |   0.0 |  0.00
Comm    | 0          | 0          | 0          |   0.0 |  0.00
Output  | 0          | 0          | 0          |   0.0 |  0.00
Modify  | 0          | 0          | 0          |   0.0 |  0.00
Other   |            | 1.677e-06  |            |       |100.00

Nlocal:             18 ave          18 max          18 min
Histogram: 1 0 0 0 0 0 0 0 0 0
Nghost:           2842 ave        2842 max        2842 min
Histogram: 1 0 0 0 0 0 0 0 0 0
Neighs:              0 ave           0 max           0 min
Histogram: 1 0 0 0 0 0 0 0 0 0
FullNghs:        12498 ave       12498 max       12498 min
Histogram: 1 0 0 0 0 0 0 0 0 0

Total # of neighbors = 12498
Ave neighs/atom = 694.33333
Neighbor list builds = 0
Dangerous builds = 0
set atom * x 0.0 y 0.0 z 0.0
Setting atom values ...
  18 settings made for x
  18 settings made for y
  18 settings made for z
change_box all     x final 0 2.5443671878470546 y final 0 8.902572732212406 z final 0 8.715153590103647      xy final 1.0504973573075902 xz final -2.7369966363062233 yz final -0.9984064153905367 units box
Changing box ...
  triclinic box = (0 0 0) to (2.5443672 8.9025727 8.7151536) with tilt (1.0504974 -2.7369966 -0.99840642)
  triclinic box = (0 0 0) to (2.5443672 8.9025727 8.7151536) with tilt (1.0504974 -2.7369966 -0.99840642)
  triclinic box = (0 0 0) to (2.5443672 8.9025727 8.7151536) with tilt (1.0504974 -2.7369966 -0.99840642)
  triclinic box = (0 0 0) to (2.5443672 8.9025727 8.7151536) with tilt (1.0504974 -2.7369966 -0.99840642)
  triclinic box = (0 0 0) to (2.5443672 8.9025727 8.7151536) with tilt (1.0504974 -2.7369966 -0.99840642)
  triclinic box = (0 0 0) to (2.5443672 8.9025727 8.7151536) with tilt (1.0504974 -2.7369966 -0.99840642)
echo none
run 0
Per MPI rank memory allocation (min/avg/max) = 3.932 | 3.932 | 3.932 Mbytes
    PotEng          Pxx           E_mol          E_coul    
-76.819052      227.66834      0              0            
Loop time of 1.435e-06 on 1 procs for 0 steps with 18 atoms

905.9% CPU use with 1 MPI tasks x 1 OpenMP threads

MPI task timing breakdown:
Section |  min time  |  avg time  |  max time  |%varavg| %total
---------------------------------------------------------------
Pair    | 0          | 0          | 0          |   0.0 |  0.00
Neigh   | 0          | 0          | 0          |   0.0 |  0.00
Comm    | 0          | 0          | 0          |   0.0 |  0.00
Output  | 0          | 0          | 0          |   0.0 |  0.00
Modify  | 0          | 0          | 0          |   0.0 |  0.00
Other   |            | 1.435e-06  |            |       |100.00

Nlocal:             18 ave          18 max          18 min
Histogram: 1 0 0 0 0 0 0 0 0 0
Nghost:           2842 ave        2842 max        2842 min
Histogram: 1 0 0 0 0 0 0 0 0 0
Neighs:              0 ave           0 max           0 min
Histogram: 1 0 0 0 0 0 0 0 0 0
FullNghs:        12498 ave       12498 max       12498 min
Histogram: 1 0 0 0 0 0 0 0 0 0

Total # of neighbors = 12498
Ave neighs/atom = 694.33333
Neighbor list builds = 0
Dangerous builds = 0
set atom * x 0.0 y 0.0 z 0.0
Setting atom values ...
  18 settings made for x
  18 settings made for y
  18 settings made for z
change_box all     x final 0 2.544435273448765 y final 0 8.905535669708195 z final 0 8.712285986535802      xy final 1.0478178657769566 xz final -2.7345852527631 yz final -1.0028765268994566 units box
Changing box ...
  triclinic box = (0 0 0) to (2.5444353 8.9025727 8.7151536) with tilt (1.0504974 -2.7369966 -0.99840642)
  triclinic box = (0 0 0) to (2.5444353 8.9055357 8.7151536) with tilt (1.0504974 -2.7369966 -0.99840642)
  triclinic box = (0 0 0) to (2.5444353 8.9055357 8.712286) with tilt (1.0504974 -2.7369966 -0.99840642)
  triclinic box = (0 0 0) to (2.5444353 8.9055357 8.712286) with tilt (1.0478179 -2.7369966 -0.99840642)
  triclinic box = (0 0 0) to (2.5444353 8.9055357 8.712286) with tilt (1.0478179 -2.7345853 -0.99840642)
  triclinic box = (0 0 0) to (2.5444353 8.9055357 8.712286) with tilt (1.0478179 -2.7345853 -1.0028765)
echo none
run 0
Per MPI rank memory allocation (min/avg/max) = 3.932 | 3.932 | 3.932 Mbytes
    PotEng          Pxx           E_mol          E_coul    
-76.81916       171.08872      0              0            
Loop time of 1.725e-06 on 1 procs for 0 steps with 18 atoms

869.6% CPU use with 1 MPI tasks x 1 OpenMP threads

MPI task timing breakdown:
Section |  min time  |  avg time  |  max time  |%varavg| %total
---------------------------------------------------------------
Pair    | 0          | 0          | 0          |   0.0 |  0.00
Neigh   | 0          | 0          | 0          |   0.0 |  0.00
Comm    | 0          | 0          | 0          |   0.0 |  0.00
Output  | 0          | 0          | 0          |   0.0 |  0.00
Modify  | 0          | 0          | 0          |   0.0 |  0.00
Other   |            | 1.725e-06  |            |       |100.00

Nlocal:             18 ave          18 max          18 min
Histogram: 1 0 0 0 0 0 0 0 0 0
Nghost:           2842 ave        2842 max        2842 min
Histogram: 1 0 0 0 0 0 0 0 0 0
Neighs:              0 ave           0 max           0 min
Histogram: 1 0 0 0 0 0 0 0 0 0
FullNghs:        12500 ave       12500 max       12500 min
Histogram: 1 0 0 0 0 0 0 0 0 0

Total # of neighbors = 12500
Ave neighs/atom = 694.44444
Neighbor list builds = 0
Dangerous builds = 0
set atom * x 0.0 y 0.0 z 0.0
Setting atom values ...
  18 settings made for x
  18 settings made for y
  18 settings made for z
change_box all     x final 0 2.5447093246923798 y final 0 8.917404683963001 z final 0 8.700812004024273      xy final 1.0370735111409661 xz final -2.7249408682922374 yz final -1.0207237141820733 units box
Changing box ...
  triclinic box = (0 0 0) to (2.5447093 8.9055357 8.712286) with tilt (1.0478179 -2.7345853 -1.0028765)
  triclinic box = (0 0 0) to (2.5447093 8.9174047 8.712286) with tilt (1.0478179 -2.7345853 -1.0028765)
  triclinic box = (0 0 0) to (2.5447093 8.9174047 8.700812) with tilt (1.0478179 -2.7345853 -1.0028765)
  triclinic box = (0 0 0) to (2.5447093 8.9174047 8.700812) with tilt (1.0370735 -2.7345853 -1.0028765)
  triclinic box = (0 0 0) to (2.5447093 8.9174047 8.700812) with tilt (1.0370735 -2.7249409 -1.0028765)
  triclinic box = (0 0 0) to (2.5447093 8.9174047 8.700812) with tilt (1.0370735 -2.7249409 -1.0207237)
echo none
run 0
Per MPI rank memory allocation (min/avg/max) = 3.932 | 3.932 | 3.932 Mbytes
    PotEng          Pxx           E_mol          E_coul    
-76.8194       -54.101545      0              0            
Loop time of 1.444e-06 on 1 procs for 0 steps with 18 atoms

969.5% CPU use with 1 MPI tasks x 1 OpenMP threads

MPI task timing breakdown:
Section |  min time  |  avg time  |  max time  |%varavg| %total
---------------------------------------------------------------
Pair    | 0          | 0          | 0          |   0.0 |  0.00
Neigh   | 0          | 0          | 0          |   0.0 |  0.00
Comm    | 0          | 0          | 0          |   0.0 |  0.00
Output  | 0          | 0          | 0          |   0.0 |  0.00
Modify  | 0          | 0          | 0          |   0.0 |  0.00
Other   |            | 1.444e-06  |            |       |100.00

Nlocal:             18 ave          18 max          18 min
Histogram: 1 0 0 0 0 0 0 0 0 0
Nghost:           2886 ave        2886 max        2886 min
Histogram: 1 0 0 0 0 0 0 0 0 0
Neighs:              0 ave           0 max           0 min
Histogram: 1 0 0 0 0 0 0 0 0 0
FullNghs:        12494 ave       12494 max       12494 min
Histogram: 1 0 0 0 0 0 0 0 0 0

Total # of neighbors = 12494
Ave neighs/atom = 694.11111
Neighbor list builds = 0
Dangerous builds = 0
set atom * x 0.0 y 0.0 z 0.0
Setting atom values ...
  18 settings made for x
  18 settings made for y
  18 settings made for z
change_box all     x final 0 2.544709324692378 y final 0 8.917404683962996 z final 0 8.700812004024275      xy final 1.0370735111409666 xz final -2.7249408682922356 yz final -1.0207237141820706 units box
Changing box ...
  triclinic box = (0 0 0) to (2.5447093 8.9174047 8.700812) with tilt (1.0370735 -2.7249409 -1.0207237)
  triclinic box = (0 0 0) to (2.5447093 8.9174047 8.700812) with tilt (1.0370735 -2.7249409 -1.0207237)
  triclinic box = (0 0 0) to (2.5447093 8.9174047 8.700812) with tilt (1.0370735 -2.7249409 -1.0207237)
  triclinic box = (0 0 0) to (2.5447093 8.9174047 8.700812) with tilt (1.0370735 -2.7249409 -1.0207237)
  triclinic box = (0 0 0) to (2.5447093 8.9174047 8.700812) with tilt (1.0370735 -2.7249409 -1.0207237)
  triclinic box = (0 0 0) to (2.5447093 8.9174047 8.700812) with tilt (1.0370735 -2.7249409 -1.0207237)
echo none
run 0
Per MPI rank memory allocation (min/avg/max) = 3.932 | 3.932 | 3.932 Mbytes
    PotEng          Pxx           E_mol          E_coul    
-76.8194       -54.101545      0              0            
Loop time of 1.4e-06 on 1 procs for 0 steps with 18 atoms

714.3% CPU use with 1 MPI tasks x 1 OpenMP threads

MPI task timing breakdown:
Section |  min time  |  avg time  |  max time  |%varavg| %total
---------------------------------------------------------------
Pair    | 0          | 0          | 0          |   0.0 |  0.00
Neigh   | 0          | 0          | 0          |   0.0 |  0.00
Comm    | 0          | 0          | 0          |   0.0 |  0.00
Output  | 0          | 0          | 0          |   0.0 |  0.00
Modify  | 0          | 0          | 0          |   0.0 |  0.00
Other   |            | 1.4e-06    |            |       |100.00

Nlocal:             18 ave          18 max          18 min
Histogram: 1 0 0 0 0 0 0 0 0 0
Nghost:           2886 ave        2886 max        2886 min
Histogram: 1 0 0 0 0 0 0 0 0 0
Neighs:              0 ave           0 max           0 min
Histogram: 1 0 0 0 0 0 0 0 0 0
FullNghs:        12494 ave       12494 max       12494 min
Histogram: 1 0 0 0 0 0 0 0 0 0

Total # of neighbors = 12494
Ave neighs/atom = 694.11111
Neighbor list builds = 0
Dangerous builds = 0
set atom * x 0.0 y 0.0 z 0.0
Setting atom values ...
  18 settings made for x
  18 settings made for y
  18 settings made for z
change_box all     x final 0 2.544440536336216 y final 0 8.89998538839008 z final 0 8.696120791761334      xy final 1.030944510503559 xz final -2.7198438665863667 yz final -1.03547593002555 units box
Changing box ...
  triclinic box = (0 0 0) to (2.5444405 8.9174047 8.700812) with tilt (1.0370735 -2.7249409 -1.0207237)
  triclinic box = (0 0 0) to (2.5444405 8.8999854 8.700812) with tilt (1.0370735 -2.7249409 -1.0207237)
  triclinic box = (0 0 0) to (2.5444405 8.8999854 8.6961208) with tilt (1.0370735 -2.7249409 -1.0207237)
  triclinic box = (0 0 0) to (2.5444405 8.8999854 8.6961208) with tilt (1.0309445 -2.7249409 -1.0207237)
  triclinic box = (0 0 0) to (2.5444405 8.8999854 8.6961208) with tilt (1.0309445 -2.7198439 -1.0207237)
  triclinic box = (0 0 0) to (2.5444405 8.8999854 8.6961208) with tilt (1.0309445 -2.7198439 -1.0354759)
echo none
run 0
Per MPI rank memory allocation (min/avg/max) = 3.932 | 3.932 | 3.932 Mbytes
    PotEng          Pxx           E_mol          E_coul    
-76.819741      178.41328      0              0            
Loop time of 1.277e-06 on 1 procs for 0 steps with 18 atoms

861.4% CPU use with 1 MPI tasks x 1 OpenMP threads

MPI task timing breakdown:
Section |  min time  |  avg time  |  max time  |%varavg| %total
---------------------------------------------------------------
Pair    | 0          | 0          | 0          |   0.0 |  0.00
Neigh   | 0          | 0          | 0          |   0.0 |  0.00
Comm    | 0          | 0          | 0          |   0.0 |  0.00
Output  | 0          | 0          | 0          |   0.0 |  0.00
Modify  | 0          | 0          | 0          |   0.0 |  0.00
Other   |            | 1.277e-06  |            |       |100.00

Nlocal:             18 ave          18 max          18 min
Histogram: 1 0 0 0 0 0 0 0 0 0
Nghost:           2886 ave        2886 max        2886 min
Histogram: 1 0 0 0 0 0 0 0 0 0
Neighs:              0 ave           0 max           0 min
Histogram: 1 0 0 0 0 0 0 0 0 0
FullNghs:        12524 ave       12524 max       12524 min
Histogram: 1 0 0 0 0 0 0 0 0 0

Total # of neighbors = 12524
Ave neighs/atom = 695.77778
Neighbor list builds = 0
Dangerous builds = 0
set atom * x 0.0 y 0.0 z 0.0
Setting atom values ...
  18 settings made for x
  18 settings made for y
  18 settings made for z
change_box all     x final 0 2.5440752118549717 y final 0 8.876320491868976 z final 0 8.689698753237883      xy final 1.0226078376077823 xz final -2.712891441239087 yz final -1.055568718175186 units box
Changing box ...
  triclinic box = (0 0 0) to (2.5440752 8.8999854 8.6961208) with tilt (1.0309445 -2.7198439 -1.0354759)
  triclinic box = (0 0 0) to (2.5440752 8.8763205 8.6961208) with tilt (1.0309445 -2.7198439 -1.0354759)
  triclinic box = (0 0 0) to (2.5440752 8.8763205 8.6896988) with tilt (1.0309445 -2.7198439 -1.0354759)
  triclinic box = (0 0 0) to (2.5440752 8.8763205 8.6896988) with tilt (1.0226078 -2.7198439 -1.0354759)
  triclinic box = (0 0 0) to (2.5440752 8.8763205 8.6896988) with tilt (1.0226078 -2.7128914 -1.0354759)
  triclinic box = (0 0 0) to (2.5440752 8.8763205 8.6896988) with tilt (1.0226078 -2.7128914 -1.0555687)
echo none
run 0
Per MPI rank memory allocation (min/avg/max) = 3.932 | 3.932 | 3.932 Mbytes
    PotEng          Pxx           E_mol          E_coul    
-76.81991       496.78963      0              0            
Loop time of 1.47e-06 on 1 procs for 0 steps with 18 atoms

1020.4% CPU use with 1 MPI tasks x 1 OpenMP threads

MPI task timing breakdown:
Section |  min time  |  avg time  |  max time  |%varavg| %total
---------------------------------------------------------------
Pair    | 0          | 0          | 0          |   0.0 |  0.00
Neigh   | 0          | 0          | 0          |   0.0 |  0.00
Comm    | 0          | 0          | 0          |   0.0 |  0.00
Output  | 0          | 0          | 0          |   0.0 |  0.00
Modify  | 0          | 0          | 0          |   0.0 |  0.00
Other   |            | 1.47e-06   |            |       |100.00

Nlocal:             18 ave          18 max          18 min
Histogram: 1 0 0 0 0 0 0 0 0 0
Nghost:           2886 ave        2886 max        2886 min
Histogram: 1 0 0 0 0 0 0 0 0 0
Neighs:              0 ave           0 max           0 min
Histogram: 1 0 0 0 0 0 0 0 0 0
FullNghs:        12602 ave       12602 max       12602 min
Histogram: 1 0 0 0 0 0 0 0 0 0

Total # of neighbors = 12602
Ave neighs/atom = 700.11111
Neighbor list builds = 0
Dangerous builds = 0
set atom * x 0.0 y 0.0 z 0.0
Setting atom values ...
  18 settings made for x
  18 settings made for y
  18 settings made for z
change_box all     x final 0 2.544075211854973 y final 0 8.876320491868983 z final 0 8.689698753237883      xy final 1.022607837607782 xz final -2.7128914412390888 yz final -1.05556871817519 units box
Changing box ...
  triclinic box = (0 0 0) to (2.5440752 8.8763205 8.6896988) with tilt (1.0226078 -2.7128914 -1.0555687)
  triclinic box = (0 0 0) to (2.5440752 8.8763205 8.6896988) with tilt (1.0226078 -2.7128914 -1.0555687)
  triclinic box = (0 0 0) to (2.5440752 8.8763205 8.6896988) with tilt (1.0226078 -2.7128914 -1.0555687)
  triclinic box = (0 0 0) to (2.5440752 8.8763205 8.6896988) with tilt (1.0226078 -2.7128914 -1.0555687)
  triclinic box = (0 0 0) to (2.5440752 8.8763205 8.6896988) with tilt (1.0226078 -2.7128914 -1.0555687)
  triclinic box = (0 0 0) to (2.5440752 8.8763205 8.6896988) with tilt (1.0226078 -2.7128914 -1.0555687)
echo none
run 0
Per MPI rank memory allocation (min/avg/max) = 3.932 | 3.932 | 3.932 Mbytes
    PotEng          Pxx           E_mol          E_coul    
-76.81991       496.78963      0              0            
Loop time of 1.579e-06 on 1 procs for 0 steps with 18 atoms

696.6% CPU use with 1 MPI tasks x 1 OpenMP threads

MPI task timing breakdown:
Section |  min time  |  avg time  |  max time  |%varavg| %total
---------------------------------------------------------------
Pair    | 0          | 0          | 0          |   0.0 |  0.00
Neigh   | 0          | 0          | 0          |   0.0 |  0.00
Comm    | 0          | 0          | 0          |   0.0 |  0.00
Output  | 0          | 0          | 0          |   0.0 |  0.00
Modify  | 0          | 0          | 0          |   0.0 |  0.00
Other   |            | 1.579e-06  |            |       |100.00

Nlocal:             18 ave          18 max          18 min
Histogram: 1 0 0 0 0 0 0 0 0 0
Nghost:           2886 ave        2886 max        2886 min
Histogram: 1 0 0 0 0 0 0 0 0 0
Neighs:              0 ave           0 max           0 min
Histogram: 1 0 0 0 0 0 0 0 0 0
FullNghs:        12602 ave       12602 max       12602 min
Histogram: 1 0 0 0 0 0 0 0 0 0

Total # of neighbors = 12602
Ave neighs/atom = 700.11111
Neighbor list builds = 0
Dangerous builds = 0
set atom * x 0.0 y 0.0 z 0.0
Setting atom values ...
  18 settings made for x
  18 settings made for y
  18 settings made for z
change_box all     x final 0 2.5442065679016688 y final 0 8.877356235355931 z final 0 8.682812348969795      xy final 1.0169945429039353 xz final -2.705801776039742 yz final -1.0591749840130948 units box
Changing box ...
  triclinic box = (0 0 0) to (2.5442066 8.8763205 8.6896988) with tilt (1.0226078 -2.7128914 -1.0555687)
  triclinic box = (0 0 0) to (2.5442066 8.8773562 8.6896988) with tilt (1.0226078 -2.7128914 -1.0555687)
  triclinic box = (0 0 0) to (2.5442066 8.8773562 8.6828123) with tilt (1.0226078 -2.7128914 -1.0555687)
  triclinic box = (0 0 0) to (2.5442066 8.8773562 8.6828123) with tilt (1.0169945 -2.7128914 -1.0555687)
  triclinic box = (0 0 0) to (2.5442066 8.8773562 8.6828123) with tilt (1.0169945 -2.7058018 -1.0555687)
  triclinic box = (0 0 0) to (2.5442066 8.8773562 8.6828123) with tilt (1.0169945 -2.7058018 -1.059175)
echo none
run 0
Per MPI rank memory allocation (min/avg/max) = 3.932 | 3.932 | 3.932 Mbytes
    PotEng          Pxx           E_mol          E_coul    
-76.820424      387.15956      0              0            
Loop time of 1.455e-06 on 1 procs for 0 steps with 18 atoms

1237.1% CPU use with 1 MPI tasks x 1 OpenMP threads

MPI task timing breakdown:
Section |  min time  |  avg time  |  max time  |%varavg| %total
---------------------------------------------------------------
Pair    | 0          | 0          | 0          |   0.0 |  0.00
Neigh   | 0          | 0          | 0          |   0.0 |  0.00
Comm    | 0          | 0          | 0          |   0.0 |  0.00
Output  | 0          | 0          | 0          |   0.0 |  0.00
Modify  | 0          | 0          | 0          |   0.0 |  0.00
Other   |            | 1.455e-06  |            |       |100.00

Nlocal:             18 ave          18 max          18 min
Histogram: 1 0 0 0 0 0 0 0 0 0
Nghost:           2886 ave        2886 max        2886 min
Histogram: 1 0 0 0 0 0 0 0 0 0
Neighs:              0 ave           0 max           0 min
Histogram: 1 0 0 0 0 0 0 0 0 0
FullNghs:        12612 ave       12612 max       12612 min
Histogram: 1 0 0 0 0 0 0 0 0 0

Total # of neighbors = 12612
Ave neighs/atom = 700.66667
Neighbor list builds = 0
Dangerous builds = 0
set atom * x 0.0 y 0.0 z 0.0
Setting atom values ...
  18 settings made for x
  18 settings made for y
  18 settings made for z
change_box all     x final 0 2.544742313356748 y final 0 8.881494110110173 z final 0 8.655292534633128      xy final 0.9945068704704718 xz final -2.677526787620835 yz final -1.0735070217819287 units box
Changing box ...
  triclinic box = (0 0 0) to (2.5447423 8.8773562 8.6828123) with tilt (1.0169945 -2.7058018 -1.059175)
  triclinic box = (0 0 0) to (2.5447423 8.8814941 8.6828123) with tilt (1.0169945 -2.7058018 -1.059175)
  triclinic box = (0 0 0) to (2.5447423 8.8814941 8.6552925) with tilt (1.0169945 -2.7058018 -1.059175)
  triclinic box = (0 0 0) to (2.5447423 8.8814941 8.6552925) with tilt (0.99450687 -2.7058018 -1.059175)
  triclinic box = (0 0 0) to (2.5447423 8.8814941 8.6552925) with tilt (0.99450687 -2.6775268 -1.059175)
  triclinic box = (0 0 0) to (2.5447423 8.8814941 8.6552925) with tilt (0.99450687 -2.6775268 -1.073507)
echo none
run 0
Per MPI rank memory allocation (min/avg/max) = 3.932 | 3.932 | 3.932 Mbytes
    PotEng          Pxx           E_mol          E_coul    
-76.821583     -61.917929      0              0            
Loop time of 1.303e-06 on 1 procs for 0 steps with 18 atoms

767.5% CPU use with 1 MPI tasks x 1 OpenMP threads

MPI task timing breakdown:
Section |  min time  |  avg time  |  max time  |%varavg| %total
---------------------------------------------------------------
Pair    | 0          | 0          | 0          |   0.0 |  0.00
Neigh   | 0          | 0          | 0          |   0.0 |  0.00
Comm    | 0          | 0          | 0          |   0.0 |  0.00
Output  | 0          | 0          | 0          |   0.0 |  0.00
Modify  | 0          | 0          | 0          |   0.0 |  0.00
Other   |            | 1.303e-06  |            |       |100.00

Nlocal:             18 ave          18 max          18 min
Histogram: 1 0 0 0 0 0 0 0 0 0
Nghost:           2886 ave        2886 max        2886 min
Histogram: 1 0 0 0 0 0 0 0 0 0
Neighs:              0 ave           0 max           0 min
Histogram: 1 0 0 0 0 0 0 0 0 0
FullNghs:        12642 ave       12642 max       12642 min
Histogram: 1 0 0 0 0 0 0 0 0 0

Total # of neighbors = 12642
Ave neighs/atom = 702.33333
Neighbor list builds = 0
Dangerous builds = 0
set atom * x 0.0 y 0.0 z 0.0
Setting atom values ...
  18 settings made for x
  18 settings made for y
  18 settings made for z
change_box all     x final 0 2.544742313356748 y final 0 8.881494110110179 z final 0 8.65529253463313      xy final 0.9945068704704706 xz final -2.677526787620834 yz final -1.0735070217819314 units box
Changing box ...
  triclinic box = (0 0 0) to (2.5447423 8.8814941 8.6552925) with tilt (0.99450687 -2.6775268 -1.073507)
  triclinic box = (0 0 0) to (2.5447423 8.8814941 8.6552925) with tilt (0.99450687 -2.6775268 -1.073507)
  triclinic box = (0 0 0) to (2.5447423 8.8814941 8.6552925) with tilt (0.99450687 -2.6775268 -1.073507)
  triclinic box = (0 0 0) to (2.5447423 8.8814941 8.6552925) with tilt (0.99450687 -2.6775268 -1.073507)
  triclinic box = (0 0 0) to (2.5447423 8.8814941 8.6552925) with tilt (0.99450687 -2.6775268 -1.073507)
  triclinic box = (0 0 0) to (2.5447423 8.8814941 8.6552925) with tilt (0.99450687 -2.6775268 -1.073507)
echo none
run 0
Per MPI rank memory allocation (min/avg/max) = 3.932 | 3.932 | 3.932 Mbytes
    PotEng          Pxx           E_mol          E_coul    
-76.821583     -61.917929      0              0            
Loop time of 5.481e-06 on 1 procs for 0 steps with 18 atoms

273.7% CPU use with 1 MPI tasks x 1 OpenMP threads

MPI task timing breakdown:
Section |  min time  |  avg time  |  max time  |%varavg| %total
---------------------------------------------------------------
Pair    | 0          | 0          | 0          |   0.0 |  0.00
Neigh   | 0          | 0          | 0          |   0.0 |  0.00
Comm    | 0          | 0          | 0          |   0.0 |  0.00
Output  | 0          | 0          | 0          |   0.0 |  0.00
Modify  | 0          | 0          | 0          |   0.0 |  0.00
Other   |            | 5.481e-06  |            |       |100.00

Nlocal:             18 ave          18 max          18 min
Histogram: 1 0 0 0 0 0 0 0 0 0
Nghost:           2886 ave        2886 max        2886 min
Histogram: 1 0 0 0 0 0 0 0 0 0
Neighs:              0 ave           0 max           0 min
Histogram: 1 0 0 0 0 0 0 0 0 0
FullNghs:        12642 ave       12642 max       12642 min
Histogram: 1 0 0 0 0 0 0 0 0 0

Total # of neighbors = 12642
Ave neighs/atom = 702.33333
Neighbor list builds = 0
Dangerous builds = 0
set atom * x 0.0 y 0.0 z 0.0
Setting atom values ...
  18 settings made for x
  18 settings made for y
  18 settings made for z
change_box all     x final 0 2.5447607900833704 y final 0 8.848369800552875 z final 0 8.661924725932742      xy final 0.9170414658982143 xz final -2.6165137884847707 yz final -1.077446668511399 units box
Changing box ...
  triclinic box = (0 0 0) to (2.5447608 8.8814941 8.6552925) with tilt (0.99450687 -2.6775268 -1.073507)
  triclinic box = (0 0 0) to (2.5447608 8.8483698 8.6552925) with tilt (0.99450687 -2.6775268 -1.073507)
  triclinic box = (0 0 0) to (2.5447608 8.8483698 8.6619247) with tilt (0.99450687 -2.6775268 -1.073507)
  triclinic box = (0 0 0) to (2.5447608 8.8483698 8.6619247) with tilt (0.91704147 -2.6775268 -1.073507)
  triclinic box = (0 0 0) to (2.5447608 8.8483698 8.6619247) with tilt (0.91704147 -2.6165138 -1.073507)
  triclinic box = (0 0 0) to (2.5447608 8.8483698 8.6619247) with tilt (0.91704147 -2.6165138 -1.0774467)
echo none
run 0
Per MPI rank memory allocation (min/avg/max) = 3.932 | 3.932 | 3.932 Mbytes
    PotEng          Pxx           E_mol          E_coul    
-76.822957     -43.439811      0              0            
Loop time of 1.464e-06 on 1 procs for 0 steps with 18 atoms

956.3% CPU use with 1 MPI tasks x 1 OpenMP threads

MPI task timing breakdown:
Section |  min time  |  avg time  |  max time  |%varavg| %total
---------------------------------------------------------------
Pair    | 0          | 0          | 0          |   0.0 |  0.00
Neigh   | 0          | 0          | 0          |   0.0 |  0.00
Comm    | 0          | 0          | 0          |   0.0 |  0.00
Output  | 0          | 0          | 0          |   0.0 |  0.00
Modify  | 0          | 0          | 0          |   0.0 |  0.00
Other   |            | 1.464e-06  |            |       |100.00

Nlocal:             18 ave          18 max          18 min
Histogram: 1 0 0 0 0 0 0 0 0 0
Nghost:           2870 ave        2870 max        2870 min
Histogram: 1 0 0 0 0 0 0 0 0 0
Neighs:              0 ave           0 max           0 min
Histogram: 1 0 0 0 0 0 0 0 0 0
FullNghs:        12682 ave       12682 max       12682 min
Histogram: 1 0 0 0 0 0 0 0 0 0

Total # of neighbors = 12682
Ave neighs/atom = 704.55556
Neighbor list builds = 0
Dangerous builds = 0
set atom * x 0.0 y 0.0 z 0.0
Setting atom values ...
  18 settings made for x
  18 settings made for y
  18 settings made for z
change_box all     x final 0 2.54521152598643 y final 0 8.773554897778332 z final 0 8.676325352416525      xy final 0.7449339261559894 xz final -2.4797029848023073 yz final -1.0849719690403123 units box
Changing box ...
  triclinic box = (0 0 0) to (2.5452115 8.8483698 8.6619247) with tilt (0.91704147 -2.6165138 -1.0774467)
  triclinic box = (0 0 0) to (2.5452115 8.7735549 8.6619247) with tilt (0.91704147 -2.6165138 -1.0774467)
  triclinic box = (0 0 0) to (2.5452115 8.7735549 8.6763254) with tilt (0.91704147 -2.6165138 -1.0774467)
  triclinic box = (0 0 0) to (2.5452115 8.7735549 8.6763254) with tilt (0.74493393 -2.6165138 -1.0774467)
  triclinic box = (0 0 0) to (2.5452115 8.7735549 8.6763254) with tilt (0.74493393 -2.479703 -1.0774467)
  triclinic box = (0 0 0) to (2.5452115 8.7735549 8.6763254) with tilt (0.74493393 -2.479703 -1.084972)
echo none
run 0
Per MPI rank memory allocation (min/avg/max) = 3.924 | 3.924 | 3.924 Mbytes
    PotEng          Pxx           E_mol          E_coul    
-76.824035     -394.3326       0              0            
Loop time of 1.34e-06 on 1 procs for 0 steps with 18 atoms

671.6% CPU use with 1 MPI tasks x 1 OpenMP threads

MPI task timing breakdown:
Section |  min time  |  avg time  |  max time  |%varavg| %total
---------------------------------------------------------------
Pair    | 0          | 0          | 0          |   0.0 |  0.00
Neigh   | 0          | 0          | 0          |   0.0 |  0.00
Comm    | 0          | 0          | 0          |   0.0 |  0.00
Output  | 0          | 0          | 0          |   0.0 |  0.00
Modify  | 0          | 0          | 0          |   0.0 |  0.00
Other   |            | 1.34e-06   |            |       |100.00

Nlocal:             18 ave          18 max          18 min
Histogram: 1 0 0 0 0 0 0 0 0 0
Nghost:           2830 ave        2830 max        2830 min
Histogram: 1 0 0 0 0 0 0 0 0 0
Neighs:              0 ave           0 max           0 min
Histogram: 1 0 0 0 0 0 0 0 0 0
FullNghs:        12800 ave       12800 max       12800 min
Histogram: 1 0 0 0 0 0 0 0 0 0

Total # of neighbors = 12800
Ave neighs/atom = 711.11111
Neighbor list builds = 0
Dangerous builds = 0
set atom * x 0.0 y 0.0 z 0.0
Setting atom values ...
  18 settings made for x
  18 settings made for y
  18 settings made for z
change_box all     x final 0 2.54521152598643 y final 0 8.773554897778329 z final 0 8.676325352416523      xy final 0.7449339261559887 xz final -2.4797029848023073 yz final -1.0849719690403123 units box
Changing box ...
  triclinic box = (0 0 0) to (2.5452115 8.7735549 8.6763254) with tilt (0.74493393 -2.479703 -1.084972)
  triclinic box = (0 0 0) to (2.5452115 8.7735549 8.6763254) with tilt (0.74493393 -2.479703 -1.084972)
  triclinic box = (0 0 0) to (2.5452115 8.7735549 8.6763254) with tilt (0.74493393 -2.479703 -1.084972)
  triclinic box = (0 0 0) to (2.5452115 8.7735549 8.6763254) with tilt (0.74493393 -2.479703 -1.084972)
  triclinic box = (0 0 0) to (2.5452115 8.7735549 8.6763254) with tilt (0.74493393 -2.479703 -1.084972)
  triclinic box = (0 0 0) to (2.5452115 8.7735549 8.6763254) with tilt (0.74493393 -2.479703 -1.084972)
echo none
run 0
Per MPI rank memory allocation (min/avg/max) = 3.924 | 3.924 | 3.924 Mbytes
    PotEng          Pxx           E_mol          E_coul    
-76.824035     -394.3326       0              0            
Loop time of 1.31e-06 on 1 procs for 0 steps with 18 atoms

610.7% CPU use with 1 MPI tasks x 1 OpenMP threads

MPI task timing breakdown:
Section |  min time  |  avg time  |  max time  |%varavg| %total
---------------------------------------------------------------
Pair    | 0          | 0          | 0          |   0.0 |  0.00
Neigh   | 0          | 0          | 0          |   0.0 |  0.00
Comm    | 0          | 0          | 0          |   0.0 |  0.00
Output  | 0          | 0          | 0          |   0.0 |  0.00
Modify  | 0          | 0          | 0          |   0.0 |  0.00
Other   |            | 1.31e-06   |            |       |100.00

Nlocal:             18 ave          18 max          18 min
Histogram: 1 0 0 0 0 0 0 0 0 0
Nghost:           2830 ave        2830 max        2830 min
Histogram: 1 0 0 0 0 0 0 0 0 0
Neighs:              0 ave           0 max           0 min
Histogram: 1 0 0 0 0 0 0 0 0 0
FullNghs:        12800 ave       12800 max       12800 min
Histogram: 1 0 0 0 0 0 0 0 0 0

Total # of neighbors = 12800
Ave neighs/atom = 711.11111
Neighbor list builds = 0
Dangerous builds = 0
set atom * x 0.0 y 0.0 z 0.0
Setting atom values ...
  18 settings made for x
  18 settings made for y
  18 settings made for z
change_box all     x final 0 2.5451186895556748 y final 0 8.75697767858447 z final 0 8.673535271625862      xy final 0.7354126515318914 xz final -2.4591554678464522 yz final -1.0384351875324545 units box
Changing box ...
  triclinic box = (0 0 0) to (2.5451187 8.7735549 8.6763254) with tilt (0.74493393 -2.479703 -1.084972)
  triclinic box = (0 0 0) to (2.5451187 8.7569777 8.6763254) with tilt (0.74493393 -2.479703 -1.084972)
  triclinic box = (0 0 0) to (2.5451187 8.7569777 8.6735353) with tilt (0.74493393 -2.479703 -1.084972)
  triclinic box = (0 0 0) to (2.5451187 8.7569777 8.6735353) with tilt (0.73541265 -2.479703 -1.084972)
  triclinic box = (0 0 0) to (2.5451187 8.7569777 8.6735353) with tilt (0.73541265 -2.4591555 -1.084972)
  triclinic box = (0 0 0) to (2.5451187 8.7569777 8.6735353) with tilt (0.73541265 -2.4591555 -1.0384352)
echo none
run 0
Per MPI rank memory allocation (min/avg/max) = 3.924 | 3.924 | 3.924 Mbytes
    PotEng          Pxx           E_mol          E_coul    
-76.826496     -219.38029      0              0            
Loop time of 1.183e-06 on 1 procs for 0 steps with 18 atoms

1098.9% CPU use with 1 MPI tasks x 1 OpenMP threads

MPI task timing breakdown:
Section |  min time  |  avg time  |  max time  |%varavg| %total
---------------------------------------------------------------
Pair    | 0          | 0          | 0          |   0.0 |  0.00
Neigh   | 0          | 0          | 0          |   0.0 |  0.00
Comm    | 0          | 0          | 0          |   0.0 |  0.00
Output  | 0          | 0          | 0          |   0.0 |  0.00
Modify  | 0          | 0          | 0          |   0.0 |  0.00
Other   |            | 1.183e-06  |            |       |100.00

Nlocal:             18 ave          18 max          18 min
Histogram: 1 0 0 0 0 0 0 0 0 0
Nghost:           2874 ave        2874 max        2874 min
Histogram: 1 0 0 0 0 0 0 0 0 0
Neighs:              0 ave           0 max           0 min
Histogram: 1 0 0 0 0 0 0 0 0 0
FullNghs:        12852 ave       12852 max       12852 min
Histogram: 1 0 0 0 0 0 0 0 0 0

Total # of neighbors = 12852
Ave neighs/atom = 714
Neighbor list builds = 0
Dangerous builds = 0
set atom * x 0.0 y 0.0 z 0.0
Setting atom values ...
  18 settings made for x
  18 settings made for y
  18 settings made for z
change_box all     x final 0 2.5449330166033324 y final 0 8.72033189058028 z final 0 8.666749077696851      xy final 0.7145070834125165 xz final -2.413286544203651 yz final -0.9340645721375826 units box
Changing box ...
  triclinic box = (0 0 0) to (2.544933 8.7569777 8.6735353) with tilt (0.73541265 -2.4591555 -1.0384352)
  triclinic box = (0 0 0) to (2.544933 8.7203319 8.6735353) with tilt (0.73541265 -2.4591555 -1.0384352)
  triclinic box = (0 0 0) to (2.544933 8.7203319 8.6667491) with tilt (0.73541265 -2.4591555 -1.0384352)
  triclinic box = (0 0 0) to (2.544933 8.7203319 8.6667491) with tilt (0.71450708 -2.4591555 -1.0384352)
  triclinic box = (0 0 0) to (2.544933 8.7203319 8.6667491) with tilt (0.71450708 -2.4132865 -1.0384352)
  triclinic box = (0 0 0) to (2.544933 8.7203319 8.6667491) with tilt (0.71450708 -2.4132865 -0.93406457)
echo none
run 0
Per MPI rank memory allocation (min/avg/max) = 3.924 | 3.924 | 3.924 Mbytes
    PotEng          Pxx           E_mol          E_coul    
-76.828566      197.37555      0              0            
Loop time of 1.181e-06 on 1 procs for 0 steps with 18 atoms

931.4% CPU use with 1 MPI tasks x 1 OpenMP threads

MPI task timing breakdown:
Section |  min time  |  avg time  |  max time  |%varavg| %total
---------------------------------------------------------------
Pair    | 0          | 0          | 0          |   0.0 |  0.00
Neigh   | 0          | 0          | 0          |   0.0 |  0.00
Comm    | 0          | 0          | 0          |   0.0 |  0.00
Output  | 0          | 0          | 0          |   0.0 |  0.00
Modify  | 0          | 0          | 0          |   0.0 |  0.00
Other   |            | 1.181e-06  |            |       |100.00

Nlocal:             18 ave          18 max          18 min
Histogram: 1 0 0 0 0 0 0 0 0 0
Nghost:           2842 ave        2842 max        2842 min
Histogram: 1 0 0 0 0 0 0 0 0 0
Neighs:              0 ave           0 max           0 min
Histogram: 1 0 0 0 0 0 0 0 0 0
FullNghs:        12892 ave       12892 max       12892 min
Histogram: 1 0 0 0 0 0 0 0 0 0

Total # of neighbors = 12892
Ave neighs/atom = 716.22222
Neighbor list builds = 0
Dangerous builds = 0
set atom * x 0.0 y 0.0 z 0.0
Setting atom values ...
  18 settings made for x
  18 settings made for y
  18 settings made for z
change_box all     x final 0 2.544933016603334 y final 0 8.720331890580283 z final 0 8.666749077696853      xy final 0.7145070834125167 xz final -2.4132865442036526 yz final -0.9340645721375856 units box
Changing box ...
  triclinic box = (0 0 0) to (2.544933 8.7203319 8.6667491) with tilt (0.71450708 -2.4132865 -0.93406457)
  triclinic box = (0 0 0) to (2.544933 8.7203319 8.6667491) with tilt (0.71450708 -2.4132865 -0.93406457)
  triclinic box = (0 0 0) to (2.544933 8.7203319 8.6667491) with tilt (0.71450708 -2.4132865 -0.93406457)
  triclinic box = (0 0 0) to (2.544933 8.7203319 8.6667491) with tilt (0.71450708 -2.4132865 -0.93406457)
  triclinic box = (0 0 0) to (2.544933 8.7203319 8.6667491) with tilt (0.71450708 -2.4132865 -0.93406457)
  triclinic box = (0 0 0) to (2.544933 8.7203319 8.6667491) with tilt (0.71450708 -2.4132865 -0.93406457)
echo none
run 0
Per MPI rank memory allocation (min/avg/max) = 3.924 | 3.924 | 3.924 Mbytes
    PotEng          Pxx           E_mol          E_coul    
-76.828566      197.37555      0              0            
Loop time of 1.379e-06 on 1 procs for 0 steps with 18 atoms

725.2% CPU use with 1 MPI tasks x 1 OpenMP threads

MPI task timing breakdown:
Section |  min time  |  avg time  |  max time  |%varavg| %total
---------------------------------------------------------------
Pair    | 0          | 0          | 0          |   0.0 |  0.00
Neigh   | 0          | 0          | 0          |   0.0 |  0.00
Comm    | 0          | 0          | 0          |   0.0 |  0.00
Output  | 0          | 0          | 0          |   0.0 |  0.00
Modify  | 0          | 0          | 0          |   0.0 |  0.00
Other   |            | 1.379e-06  |            |       |100.00

Nlocal:             18 ave          18 max          18 min
Histogram: 1 0 0 0 0 0 0 0 0 0
Nghost:           2842 ave        2842 max        2842 min
Histogram: 1 0 0 0 0 0 0 0 0 0
Neighs:              0 ave           0 max           0 min
Histogram: 1 0 0 0 0 0 0 0 0 0
FullNghs:        12892 ave       12892 max       12892 min
Histogram: 1 0 0 0 0 0 0 0 0 0

Total # of neighbors = 12892
Ave neighs/atom = 716.22222
Neighbor list builds = 0
Dangerous builds = 0
set atom * x 0.0 y 0.0 z 0.0
Setting atom values ...
  18 settings made for x
  18 settings made for y
  18 settings made for z
change_box all     x final 0 2.5459833228623423 y final 0 8.641930662755536 z final 0 8.691212526352821      xy final 0.5316714154451042 xz final -2.2419752417144903 yz final -0.8925585056873784 units box
Changing box ...
  triclinic box = (0 0 0) to (2.5459833 8.7203319 8.6667491) with tilt (0.71450708 -2.4132865 -0.93406457)
  triclinic box = (0 0 0) to (2.5459833 8.6419307 8.6667491) with tilt (0.71450708 -2.4132865 -0.93406457)
  triclinic box = (0 0 0) to (2.5459833 8.6419307 8.6912125) with tilt (0.71450708 -2.4132865 -0.93406457)
  triclinic box = (0 0 0) to (2.5459833 8.6419307 8.6912125) with tilt (0.53167142 -2.4132865 -0.93406457)
  triclinic box = (0 0 0) to (2.5459833 8.6419307 8.6912125) with tilt (0.53167142 -2.2419752 -0.93406457)
  triclinic box = (0 0 0) to (2.5459833 8.6419307 8.6912125) with tilt (0.53167142 -2.2419752 -0.89255851)
echo none
run 0
Per MPI rank memory allocation (min/avg/max) = 3.924 | 3.924 | 3.924 Mbytes
    PotEng          Pxx           E_mol          E_coul    
-76.831969     -891.51724      0              0            
Loop time of 1.401e-06 on 1 procs for 0 steps with 18 atoms

927.9% CPU use with 1 MPI tasks x 1 OpenMP threads

MPI task timing breakdown:
Section |  min time  |  avg time  |  max time  |%varavg| %total
---------------------------------------------------------------
Pair    | 0          | 0          | 0          |   0.0 |  0.00
Neigh   | 0          | 0          | 0          |   0.0 |  0.00
Comm    | 0          | 0          | 0          |   0.0 |  0.00
Output  | 0          | 0          | 0          |   0.0 |  0.00
Modify  | 0          | 0          | 0          |   0.0 |  0.00
Other   |            | 1.401e-06  |            |       |100.00

Nlocal:             18 ave          18 max          18 min
Histogram: 1 0 0 0 0 0 0 0 0 0
Nghost:           2886 ave        2886 max        2886 min
Histogram: 1 0 0 0 0 0 0 0 0 0
Neighs:              0 ave           0 max           0 min
Histogram: 1 0 0 0 0 0 0 0 0 0
FullNghs:        12992 ave       12992 max       12992 min
Histogram: 1 0 0 0 0 0 0 0 0 0

Total # of neighbors = 12992
Ave neighs/atom = 721.77778
Neighbor list builds = 0
Dangerous builds = 0
set atom * x 0.0 y 0.0 z 0.0
Setting atom values ...
  18 settings made for x
  18 settings made for y
  18 settings made for z
change_box all     x final 0 2.5459833228623405 y final 0 8.641930662755538 z final 0 8.691212526352823      xy final 0.5316714154451039 xz final -2.2419752417144894 yz final -0.8925585056873786 units box
Changing box ...
  triclinic box = (0 0 0) to (2.5459833 8.6419307 8.6912125) with tilt (0.53167142 -2.2419752 -0.89255851)
  triclinic box = (0 0 0) to (2.5459833 8.6419307 8.6912125) with tilt (0.53167142 -2.2419752 -0.89255851)
  triclinic box = (0 0 0) to (2.5459833 8.6419307 8.6912125) with tilt (0.53167142 -2.2419752 -0.89255851)
  triclinic box = (0 0 0) to (2.5459833 8.6419307 8.6912125) with tilt (0.53167142 -2.2419752 -0.89255851)
  triclinic box = (0 0 0) to (2.5459833 8.6419307 8.6912125) with tilt (0.53167142 -2.2419752 -0.89255851)
  triclinic box = (0 0 0) to (2.5459833 8.6419307 8.6912125) with tilt (0.53167142 -2.2419752 -0.89255851)
echo none
run 0
Per MPI rank memory allocation (min/avg/max) = 3.924 | 3.924 | 3.924 Mbytes
    PotEng          Pxx           E_mol          E_coul    
-76.831969     -891.51724      0              0            
Loop time of 1.243e-06 on 1 procs for 0 steps with 18 atoms

643.6% CPU use with 1 MPI tasks x 1 OpenMP threads

MPI task timing breakdown:
Section |  min time  |  avg time  |  max time  |%varavg| %total
---------------------------------------------------------------
Pair    | 0          | 0          | 0          |   0.0 |  0.00
Neigh   | 0          | 0          | 0          |   0.0 |  0.00
Comm    | 0          | 0          | 0          |   0.0 |  0.00
Output  | 0          | 0          | 0          |   0.0 |  0.00
Modify  | 0          | 0          | 0          |   0.0 |  0.00
Other   |            | 1.243e-06  |            |       |100.00

Nlocal:             18 ave          18 max          18 min
Histogram: 1 0 0 0 0 0 0 0 0 0
Nghost:           2886 ave        2886 max        2886 min
Histogram: 1 0 0 0 0 0 0 0 0 0
Neighs:              0 ave           0 max           0 min
Histogram: 1 0 0 0 0 0 0 0 0 0
FullNghs:        12992 ave       12992 max       12992 min
Histogram: 1 0 0 0 0 0 0 0 0 0

Total # of neighbors = 12992
Ave neighs/atom = 721.77778
Neighbor list builds = 0
Dangerous builds = 0
set atom * x 0.0 y 0.0 z 0.0
Setting atom values ...
  18 settings made for x
  18 settings made for y
  18 settings made for z
change_box all     x final 0 2.545934058899132 y final 0 8.582360909614595 z final 0 8.705635051733394      xy final 0.3800328793959266 xz final -2.0629749586857278 yz final -0.8241493651857484 units box
Changing box ...
  triclinic box = (0 0 0) to (2.5459341 8.6419307 8.6912125) with tilt (0.53167142 -2.2419752 -0.89255851)
  triclinic box = (0 0 0) to (2.5459341 8.5823609 8.6912125) with tilt (0.53167142 -2.2419752 -0.89255851)
  triclinic box = (0 0 0) to (2.5459341 8.5823609 8.7056351) with tilt (0.53167142 -2.2419752 -0.89255851)
  triclinic box = (0 0 0) to (2.5459341 8.5823609 8.7056351) with tilt (0.38003288 -2.2419752 -0.89255851)
  triclinic box = (0 0 0) to (2.5459341 8.5823609 8.7056351) with tilt (0.38003288 -2.062975 -0.89255851)
  triclinic box = (0 0 0) to (2.5459341 8.5823609 8.7056351) with tilt (0.38003288 -2.062975 -0.82414937)
echo none
run 0
Per MPI rank memory allocation (min/avg/max) = 3.924 | 3.924 | 3.924 Mbytes
    PotEng          Pxx           E_mol          E_coul    
-76.835065     -1271.8408      0              0            
Loop time of 1.133e-06 on 1 procs for 0 steps with 18 atoms

706.1% CPU use with 1 MPI tasks x 1 OpenMP threads

MPI task timing breakdown:
Section |  min time  |  avg time  |  max time  |%varavg| %total
---------------------------------------------------------------
Pair    | 0          | 0          | 0          |   0.0 |  0.00
Neigh   | 0          | 0          | 0          |   0.0 |  0.00
Comm    | 0          | 0          | 0          |   0.0 |  0.00
Output  | 0          | 0          | 0          |   0.0 |  0.00
Modify  | 0          | 0          | 0          |   0.0 |  0.00
Other   |            | 1.133e-06  |            |       |100.00

Nlocal:             18 ave          18 max          18 min
Histogram: 1 0 0 0 0 0 0 0 0 0
Nghost:           2858 ave        2858 max        2858 min
Histogram: 1 0 0 0 0 0 0 0 0 0
Neighs:              0 ave           0 max           0 min
Histogram: 1 0 0 0 0 0 0 0 0 0
FullNghs:        13024 ave       13024 max       13024 min
Histogram: 1 0 0 0 0 0 0 0 0 0

Total # of neighbors = 13024
Ave neighs/atom = 723.55556
Neighbor list builds = 0
Dangerous builds = 0
set atom * x 0.0 y 0.0 z 0.0
Setting atom values ...
  18 settings made for x
  18 settings made for y
  18 settings made for z
change_box all     x final 0 2.545934058899132 y final 0 8.582360909614597 z final 0 8.705635051733395      xy final 0.38003287939592656 xz final -2.0629749586857278 yz final -0.8241493651857487 units box
Changing box ...
  triclinic box = (0 0 0) to (2.5459341 8.5823609 8.7056351) with tilt (0.38003288 -2.062975 -0.82414937)
  triclinic box = (0 0 0) to (2.5459341 8.5823609 8.7056351) with tilt (0.38003288 -2.062975 -0.82414937)
  triclinic box = (0 0 0) to (2.5459341 8.5823609 8.7056351) with tilt (0.38003288 -2.062975 -0.82414937)
  triclinic box = (0 0 0) to (2.5459341 8.5823609 8.7056351) with tilt (0.38003288 -2.062975 -0.82414937)
  triclinic box = (0 0 0) to (2.5459341 8.5823609 8.7056351) with tilt (0.38003288 -2.062975 -0.82414937)
  triclinic box = (0 0 0) to (2.5459341 8.5823609 8.7056351) with tilt (0.38003288 -2.062975 -0.82414937)
echo none
run 0
Per MPI rank memory allocation (min/avg/max) = 3.924 | 3.924 | 3.924 Mbytes
    PotEng          Pxx           E_mol          E_coul    
-76.835065     -1271.8408      0              0            
Loop time of 1.515e-06 on 1 procs for 0 steps with 18 atoms

858.1% CPU use with 1 MPI tasks x 1 OpenMP threads

MPI task timing breakdown:
Section |  min time  |  avg time  |  max time  |%varavg| %total
---------------------------------------------------------------
Pair    | 0          | 0          | 0          |   0.0 |  0.00
Neigh   | 0          | 0          | 0          |   0.0 |  0.00
Comm    | 0          | 0          | 0          |   0.0 |  0.00
Output  | 0          | 0          | 0          |   0.0 |  0.00
Modify  | 0          | 0          | 0          |   0.0 |  0.00
Other   |            | 1.515e-06  |            |       |100.00

Nlocal:             18 ave          18 max          18 min
Histogram: 1 0 0 0 0 0 0 0 0 0
Nghost:           2858 ave        2858 max        2858 min
Histogram: 1 0 0 0 0 0 0 0 0 0
Neighs:              0 ave           0 max           0 min
Histogram: 1 0 0 0 0 0 0 0 0 0
FullNghs:        13024 ave       13024 max       13024 min
Histogram: 1 0 0 0 0 0 0 0 0 0

Total # of neighbors = 13024
Ave neighs/atom = 723.55556
Neighbor list builds = 0
Dangerous builds = 0
set atom * x 0.0 y 0.0 z 0.0
Setting atom values ...
  18 settings made for x
  18 settings made for y
  18 settings made for z
change_box all     x final 0 2.544517424814136 y final 0 8.602692933471964 z final 0 8.716175448301668      xy final 0.3489804089670665 xz final -2.002026339915184 yz final -0.7468986982082085 units box
Changing box ...
  triclinic box = (0 0 0) to (2.5445174 8.5823609 8.7056351) with tilt (0.38003288 -2.062975 -0.82414937)
  triclinic box = (0 0 0) to (2.5445174 8.6026929 8.7056351) with tilt (0.38003288 -2.062975 -0.82414937)
  triclinic box = (0 0 0) to (2.5445174 8.6026929 8.7161754) with tilt (0.38003288 -2.062975 -0.82414937)
  triclinic box = (0 0 0) to (2.5445174 8.6026929 8.7161754) with tilt (0.34898041 -2.062975 -0.82414937)
  triclinic box = (0 0 0) to (2.5445174 8.6026929 8.7161754) with tilt (0.34898041 -2.0020263 -0.82414937)
  triclinic box = (0 0 0) to (2.5445174 8.6026929 8.7161754) with tilt (0.34898041 -2.0020263 -0.7468987)
echo none
run 0
Per MPI rank memory allocation (min/avg/max) = 3.924 | 3.924 | 3.924 Mbytes
    PotEng          Pxx           E_mol          E_coul    
-76.837068     -45.754158      0              0            
Loop time of 1.924e-06 on 1 procs for 0 steps with 18 atoms

727.7% CPU use with 1 MPI tasks x 1 OpenMP threads

MPI task timing breakdown:
Section |  min time  |  avg time  |  max time  |%varavg| %total
---------------------------------------------------------------
Pair    | 0          | 0          | 0          |   0.0 |  0.00
Neigh   | 0          | 0          | 0          |   0.0 |  0.00
Comm    | 0          | 0          | 0          |   0.0 |  0.00
Output  | 0          | 0          | 0          |   0.0 |  0.00
Modify  | 0          | 0          | 0          |   0.0 |  0.00
Other   |            | 1.924e-06  |            |       |100.00

Nlocal:             18 ave          18 max          18 min
Histogram: 1 0 0 0 0 0 0 0 0 0
Nghost:           2858 ave        2858 max        2858 min
Histogram: 1 0 0 0 0 0 0 0 0 0
Neighs:              0 ave           0 max           0 min
Histogram: 1 0 0 0 0 0 0 0 0 0
FullNghs:        12960 ave       12960 max       12960 min
Histogram: 1 0 0 0 0 0 0 0 0 0

Total # of neighbors = 12960
Ave neighs/atom = 720
Neighbor list builds = 0
Dangerous builds = 0
set atom * x 0.0 y 0.0 z 0.0
Setting atom values ...
  18 settings made for x
  18 settings made for y
  18 settings made for z
change_box all     x final 0 2.544517424814135 y final 0 8.602692933471964 z final 0 8.716175448301666      xy final 0.3489804089670662 xz final -2.0020263399151834 yz final -0.7468986982082104 units box
Changing box ...
  triclinic box = (0 0 0) to (2.5445174 8.6026929 8.7161754) with tilt (0.34898041 -2.0020263 -0.7468987)
  triclinic box = (0 0 0) to (2.5445174 8.6026929 8.7161754) with tilt (0.34898041 -2.0020263 -0.7468987)
  triclinic box = (0 0 0) to (2.5445174 8.6026929 8.7161754) with tilt (0.34898041 -2.0020263 -0.7468987)
  triclinic box = (0 0 0) to (2.5445174 8.6026929 8.7161754) with tilt (0.34898041 -2.0020263 -0.7468987)
  triclinic box = (0 0 0) to (2.5445174 8.6026929 8.7161754) with tilt (0.34898041 -2.0020263 -0.7468987)
  triclinic box = (0 0 0) to (2.5445174 8.6026929 8.7161754) with tilt (0.34898041 -2.0020263 -0.7468987)
echo none
run 0
Per MPI rank memory allocation (min/avg/max) = 3.924 | 3.924 | 3.924 Mbytes
    PotEng          Pxx           E_mol          E_coul    
-76.837068     -45.754158      0              0            
Loop time of 1.386e-06 on 1 procs for 0 steps with 18 atoms

721.5% CPU use with 1 MPI tasks x 1 OpenMP threads

MPI task timing breakdown:
Section |  min time  |  avg time  |  max time  |%varavg| %total
---------------------------------------------------------------
Pair    | 0          | 0          | 0          |   0.0 |  0.00
Neigh   | 0          | 0          | 0          |   0.0 |  0.00
Comm    | 0          | 0          | 0          |   0.0 |  0.00
Output  | 0          | 0          | 0          |   0.0 |  0.00
Modify  | 0          | 0          | 0          |   0.0 |  0.00
Other   |            | 1.386e-06  |            |       |100.00

Nlocal:             18 ave          18 max          18 min
Histogram: 1 0 0 0 0 0 0 0 0 0
Nghost:           2858 ave        2858 max        2858 min
Histogram: 1 0 0 0 0 0 0 0 0 0
Neighs:              0 ave           0 max           0 min
Histogram: 1 0 0 0 0 0 0 0 0 0
FullNghs:        12960 ave       12960 max       12960 min
Histogram: 1 0 0 0 0 0 0 0 0 0

Total # of neighbors = 12960
Ave neighs/atom = 720
Neighbor list builds = 0
Dangerous builds = 0
set atom * x 0.0 y 0.0 z 0.0
Setting atom values ...
  18 settings made for x
  18 settings made for y
  18 settings made for z
change_box all     x final 0 2.544341939788743 y final 0 8.574960690500935 z final 0 8.698564804585223      xy final 0.3079653701622064 xz final -1.9268610954443361 yz final -0.6719410005895865 units box
Changing box ...
  triclinic box = (0 0 0) to (2.5443419 8.6026929 8.7161754) with tilt (0.34898041 -2.0020263 -0.7468987)
  triclinic box = (0 0 0) to (2.5443419 8.5749607 8.7161754) with tilt (0.34898041 -2.0020263 -0.7468987)
  triclinic box = (0 0 0) to (2.5443419 8.5749607 8.6985648) with tilt (0.34898041 -2.0020263 -0.7468987)
  triclinic box = (0 0 0) to (2.5443419 8.5749607 8.6985648) with tilt (0.30796537 -2.0020263 -0.7468987)
  triclinic box = (0 0 0) to (2.5443419 8.5749607 8.6985648) with tilt (0.30796537 -1.9268611 -0.7468987)
  triclinic box = (0 0 0) to (2.5443419 8.5749607 8.6985648) with tilt (0.30796537 -1.9268611 -0.671941)
echo none
run 0
Per MPI rank memory allocation (min/avg/max) = 3.924 | 3.924 | 3.924 Mbytes
    PotEng          Pxx           E_mol          E_coul    
-76.838341      25.51977       0              0            
Loop time of 1.218e-06 on 1 procs for 0 steps with 18 atoms

1231.5% CPU use with 1 MPI tasks x 1 OpenMP threads

MPI task timing breakdown:
Section |  min time  |  avg time  |  max time  |%varavg| %total
---------------------------------------------------------------
Pair    | 0          | 0          | 0          |   0.0 |  0.00
Neigh   | 0          | 0          | 0          |   0.0 |  0.00
Comm    | 0          | 0          | 0          |   0.0 |  0.00
Output  | 0          | 0          | 0          |   0.0 |  0.00
Modify  | 0          | 0          | 0          |   0.0 |  0.00
Other   |            | 1.218e-06  |            |       |100.00

Nlocal:             18 ave          18 max          18 min
Histogram: 1 0 0 0 0 0 0 0 0 0
Nghost:           2858 ave        2858 max        2858 min
Histogram: 1 0 0 0 0 0 0 0 0 0
Neighs:              0 ave           0 max           0 min
Histogram: 1 0 0 0 0 0 0 0 0 0
FullNghs:        13026 ave       13026 max       13026 min
Histogram: 1 0 0 0 0 0 0 0 0 0

Total # of neighbors = 13026
Ave neighs/atom = 723.66667
Neighbor list builds = 0
Dangerous builds = 0
set atom * x 0.0 y 0.0 z 0.0
Setting atom values ...
  18 settings made for x
  18 settings made for y
  18 settings made for z
change_box all     x final 0 2.544341939788743 y final 0 8.574960690500935 z final 0 8.698564804585224      xy final 0.30796537016220593 xz final -1.9268610954443368 yz final -0.6719410005895843 units box
Changing box ...
  triclinic box = (0 0 0) to (2.5443419 8.5749607 8.6985648) with tilt (0.30796537 -1.9268611 -0.671941)
  triclinic box = (0 0 0) to (2.5443419 8.5749607 8.6985648) with tilt (0.30796537 -1.9268611 -0.671941)
  triclinic box = (0 0 0) to (2.5443419 8.5749607 8.6985648) with tilt (0.30796537 -1.9268611 -0.671941)
  triclinic box = (0 0 0) to (2.5443419 8.5749607 8.6985648) with tilt (0.30796537 -1.9268611 -0.671941)
  triclinic box = (0 0 0) to (2.5443419 8.5749607 8.6985648) with tilt (0.30796537 -1.9268611 -0.671941)
  triclinic box = (0 0 0) to (2.5443419 8.5749607 8.6985648) with tilt (0.30796537 -1.9268611 -0.671941)
echo none
run 0
Per MPI rank memory allocation (min/avg/max) = 3.924 | 3.924 | 3.924 Mbytes
    PotEng          Pxx           E_mol          E_coul    
-76.838341      25.51977       0              0            
Loop time of 1.641e-06 on 1 procs for 0 steps with 18 atoms

609.4% CPU use with 1 MPI tasks x 1 OpenMP threads

MPI task timing breakdown:
Section |  min time  |  avg time  |  max time  |%varavg| %total
---------------------------------------------------------------
Pair    | 0          | 0          | 0          |   0.0 |  0.00
Neigh   | 0          | 0          | 0          |   0.0 |  0.00
Comm    | 0          | 0          | 0          |   0.0 |  0.00
Output  | 0          | 0          | 0          |   0.0 |  0.00
Modify  | 0          | 0          | 0          |   0.0 |  0.00
Other   |            | 1.641e-06  |            |       |100.00

Nlocal:             18 ave          18 max          18 min
Histogram: 1 0 0 0 0 0 0 0 0 0
Nghost:           2858 ave        2858 max        2858 min
Histogram: 1 0 0 0 0 0 0 0 0 0
Neighs:              0 ave           0 max           0 min
Histogram: 1 0 0 0 0 0 0 0 0 0
FullNghs:        13026 ave       13026 max       13026 min
Histogram: 1 0 0 0 0 0 0 0 0 0

Total # of neighbors = 13026
Ave neighs/atom = 723.66667
Neighbor list builds = 0
Dangerous builds = 0
set atom * x 0.0 y 0.0 z 0.0
Setting atom values ...
  18 settings made for x
  18 settings made for y
  18 settings made for z
change_box all     x final 0 2.5443942979606327 y final 0 8.579909686821738 z final 0 8.706033736679371      xy final 0.30388258175100286 xz final -1.9302443882764289 yz final -0.6726895556860153 units box
Changing box ...
  triclinic box = (0 0 0) to (2.5443943 8.5749607 8.6985648) with tilt (0.30796537 -1.9268611 -0.671941)
  triclinic box = (0 0 0) to (2.5443943 8.5799097 8.6985648) with tilt (0.30796537 -1.9268611 -0.671941)
  triclinic box = (0 0 0) to (2.5443943 8.5799097 8.7060337) with tilt (0.30796537 -1.9268611 -0.671941)
  triclinic box = (0 0 0) to (2.5443943 8.5799097 8.7060337) with tilt (0.30388258 -1.9268611 -0.671941)
  triclinic box = (0 0 0) to (2.5443943 8.5799097 8.7060337) with tilt (0.30388258 -1.9302444 -0.671941)
  triclinic box = (0 0 0) to (2.5443943 8.5799097 8.7060337) with tilt (0.30388258 -1.9302444 -0.67268956)
echo none
run 0
Per MPI rank memory allocation (min/avg/max) = 3.924 | 3.924 | 3.924 Mbytes
    PotEng          Pxx           E_mol          E_coul    
-76.838927      91.829109      0              0            
Loop time of 1.469e-06 on 1 procs for 0 steps with 18 atoms

2178.4% CPU use with 1 MPI tasks x 1 OpenMP threads

MPI task timing breakdown:
Section |  min time  |  avg time  |  max time  |%varavg| %total
---------------------------------------------------------------
Pair    | 0          | 0          | 0          |   0.0 |  0.00
Neigh   | 0          | 0          | 0          |   0.0 |  0.00
Comm    | 0          | 0          | 0          |   0.0 |  0.00
Output  | 0          | 0          | 0          |   0.0 |  0.00
Modify  | 0          | 0          | 0          |   0.0 |  0.00
Other   |            | 1.469e-06  |            |       |100.00

Nlocal:             18 ave          18 max          18 min
Histogram: 1 0 0 0 0 0 0 0 0 0
Nghost:           2858 ave        2858 max        2858 min
Histogram: 1 0 0 0 0 0 0 0 0 0
Neighs:              0 ave           0 max           0 min
Histogram: 1 0 0 0 0 0 0 0 0 0
FullNghs:        13016 ave       13016 max       13016 min
Histogram: 1 0 0 0 0 0 0 0 0 0

Total # of neighbors = 13016
Ave neighs/atom = 723.11111
Neighbor list builds = 0
Dangerous builds = 0
set atom * x 0.0 y 0.0 z 0.0
Setting atom values ...
  18 settings made for x
  18 settings made for y
  18 settings made for z
change_box all     x final 0 2.5443942979606327 y final 0 8.579909686821734 z final 0 8.706033736679371      xy final 0.303882581751003 xz final -1.9302443882764295 yz final -0.6726895556860195 units box
Changing box ...
  triclinic box = (0 0 0) to (2.5443943 8.5799097 8.7060337) with tilt (0.30388258 -1.9302444 -0.67268956)
  triclinic box = (0 0 0) to (2.5443943 8.5799097 8.7060337) with tilt (0.30388258 -1.9302444 -0.67268956)
  triclinic box = (0 0 0) to (2.5443943 8.5799097 8.7060337) with tilt (0.30388258 -1.9302444 -0.67268956)
  triclinic box = (0 0 0) to (2.5443943 8.5799097 8.7060337) with tilt (0.30388258 -1.9302444 -0.67268956)
  triclinic box = (0 0 0) to (2.5443943 8.5799097 8.7060337) with tilt (0.30388258 -1.9302444 -0.67268956)
  triclinic box = (0 0 0) to (2.5443943 8.5799097 8.7060337) with tilt (0.30388258 -1.9302444 -0.67268956)
echo none
run 0
Per MPI rank memory allocation (min/avg/max) = 3.924 | 3.924 | 3.924 Mbytes
    PotEng          Pxx           E_mol          E_coul    
-76.838927      91.829109      0              0            
Loop time of 1.357e-06 on 1 procs for 0 steps with 18 atoms

589.5% CPU use with 1 MPI tasks x 1 OpenMP threads

MPI task timing breakdown:
Section |  min time  |  avg time  |  max time  |%varavg| %total
---------------------------------------------------------------
Pair    | 0          | 0          | 0          |   0.0 |  0.00
Neigh   | 0          | 0          | 0          |   0.0 |  0.00
Comm    | 0          | 0          | 0          |   0.0 |  0.00
Output  | 0          | 0          | 0          |   0.0 |  0.00
Modify  | 0          | 0          | 0          |   0.0 |  0.00
Other   |            | 1.357e-06  |            |       |100.00

Nlocal:             18 ave          18 max          18 min
Histogram: 1 0 0 0 0 0 0 0 0 0
Nghost:           2858 ave        2858 max        2858 min
Histogram: 1 0 0 0 0 0 0 0 0 0
Neighs:              0 ave           0 max           0 min
Histogram: 1 0 0 0 0 0 0 0 0 0
FullNghs:        13016 ave       13016 max       13016 min
Histogram: 1 0 0 0 0 0 0 0 0 0

Total # of neighbors = 13016
Ave neighs/atom = 723.11111
Neighbor list builds = 0
Dangerous builds = 0
set atom * x 0.0 y 0.0 z 0.0
Setting atom values ...
  18 settings made for x
  18 settings made for y
  18 settings made for z
change_box all     x final 0 2.544527608881402 y final 0 8.584736758853609 z final 0 8.708663163580093      xy final 0.2884322634416705 xz final -1.9214140894887284 yz final -0.7054940456382083 units box
Changing box ...
  triclinic box = (0 0 0) to (2.5445276 8.5799097 8.7060337) with tilt (0.30388258 -1.9302444 -0.67268956)
  triclinic box = (0 0 0) to (2.5445276 8.5847368 8.7060337) with tilt (0.30388258 -1.9302444 -0.67268956)
  triclinic box = (0 0 0) to (2.5445276 8.5847368 8.7086632) with tilt (0.30388258 -1.9302444 -0.67268956)
  triclinic box = (0 0 0) to (2.5445276 8.5847368 8.7086632) with tilt (0.28843226 -1.9302444 -0.67268956)
  triclinic box = (0 0 0) to (2.5445276 8.5847368 8.7086632) with tilt (0.28843226 -1.9214141 -0.67268956)
  triclinic box = (0 0 0) to (2.5445276 8.5847368 8.7086632) with tilt (0.28843226 -1.9214141 -0.70549405)
echo none
run 0
Per MPI rank memory allocation (min/avg/max) = 3.924 | 3.924 | 3.924 Mbytes
    PotEng          Pxx           E_mol          E_coul    
-76.839402     -4.4949138      0              0            
Loop time of 1.451e-06 on 1 procs for 0 steps with 18 atoms

1171.6% CPU use with 1 MPI tasks x 1 OpenMP threads

MPI task timing breakdown:
Section |  min time  |  avg time  |  max time  |%varavg| %total
---------------------------------------------------------------
Pair    | 0          | 0          | 0          |   0.0 |  0.00
Neigh   | 0          | 0          | 0          |   0.0 |  0.00
Comm    | 0          | 0          | 0          |   0.0 |  0.00
Output  | 0          | 0          | 0          |   0.0 |  0.00
Modify  | 0          | 0          | 0          |   0.0 |  0.00
Other   |            | 1.451e-06  |            |       |100.00

Nlocal:             18 ave          18 max          18 min
Histogram: 1 0 0 0 0 0 0 0 0 0
Nghost:           2846 ave        2846 max        2846 min
Histogram: 1 0 0 0 0 0 0 0 0 0
Neighs:              0 ave           0 max           0 min
Histogram: 1 0 0 0 0 0 0 0 0 0
FullNghs:        13000 ave       13000 max       13000 min
Histogram: 1 0 0 0 0 0 0 0 0 0

Total # of neighbors = 13000
Ave neighs/atom = 722.22222
Neighbor list builds = 0
Dangerous builds = 0
set atom * x 0.0 y 0.0 z 0.0
Setting atom values ...
  18 settings made for x
  18 settings made for y
  18 settings made for z
change_box all     x final 0 2.5445276088814026 y final 0 8.584736758853609 z final 0 8.708663163580097      xy final 0.2884322634416702 xz final -1.9214140894887297 yz final -0.7054940456382072 units box
Changing box ...
  triclinic box = (0 0 0) to (2.5445276 8.5847368 8.7086632) with tilt (0.28843226 -1.9214141 -0.70549405)
  triclinic box = (0 0 0) to (2.5445276 8.5847368 8.7086632) with tilt (0.28843226 -1.9214141 -0.70549405)
  triclinic box = (0 0 0) to (2.5445276 8.5847368 8.7086632) with tilt (0.28843226 -1.9214141 -0.70549405)
  triclinic box = (0 0 0) to (2.5445276 8.5847368 8.7086632) with tilt (0.28843226 -1.9214141 -0.70549405)
  triclinic box = (0 0 0) to (2.5445276 8.5847368 8.7086632) with tilt (0.28843226 -1.9214141 -0.70549405)
  triclinic box = (0 0 0) to (2.5445276 8.5847368 8.7086632) with tilt (0.28843226 -1.9214141 -0.70549405)
echo none
run 0
Per MPI rank memory allocation (min/avg/max) = 3.924 | 3.924 | 3.924 Mbytes
    PotEng          Pxx           E_mol          E_coul    
-76.839402     -4.4949138      0              0            
Loop time of 1.426e-06 on 1 procs for 0 steps with 18 atoms

841.5% CPU use with 1 MPI tasks x 1 OpenMP threads

MPI task timing breakdown:
Section |  min time  |  avg time  |  max time  |%varavg| %total
---------------------------------------------------------------
Pair    | 0          | 0          | 0          |   0.0 |  0.00
Neigh   | 0          | 0          | 0          |   0.0 |  0.00
Comm    | 0          | 0          | 0          |   0.0 |  0.00
Output  | 0          | 0          | 0          |   0.0 |  0.00
Modify  | 0          | 0          | 0          |   0.0 |  0.00
Other   |            | 1.426e-06  |            |       |100.00

Nlocal:             18 ave          18 max          18 min
Histogram: 1 0 0 0 0 0 0 0 0 0
Nghost:           2846 ave        2846 max        2846 min
Histogram: 1 0 0 0 0 0 0 0 0 0
Neighs:              0 ave           0 max           0 min
Histogram: 1 0 0 0 0 0 0 0 0 0
FullNghs:        13000 ave       13000 max       13000 min
Histogram: 1 0 0 0 0 0 0 0 0 0

Total # of neighbors = 13000
Ave neighs/atom = 722.22222
Neighbor list builds = 0
Dangerous builds = 0
set atom * x 0.0 y 0.0 z 0.0
Setting atom values ...
  18 settings made for x
  18 settings made for y
  18 settings made for z
change_box all     x final 0 2.5446783028698636 y final 0 8.577278825995027 z final 0 8.710113942425238      xy final 0.2570692595986128 xz final -1.9030736805449198 yz final -0.7407869779708766 units box
Changing box ...
  triclinic box = (0 0 0) to (2.5446783 8.5847368 8.7086632) with tilt (0.28843226 -1.9214141 -0.70549405)
  triclinic box = (0 0 0) to (2.5446783 8.5772788 8.7086632) with tilt (0.28843226 -1.9214141 -0.70549405)
  triclinic box = (0 0 0) to (2.5446783 8.5772788 8.7101139) with tilt (0.28843226 -1.9214141 -0.70549405)
  triclinic box = (0 0 0) to (2.5446783 8.5772788 8.7101139) with tilt (0.25706926 -1.9214141 -0.70549405)
  triclinic box = (0 0 0) to (2.5446783 8.5772788 8.7101139) with tilt (0.25706926 -1.9030737 -0.70549405)
  triclinic box = (0 0 0) to (2.5446783 8.5772788 8.7101139) with tilt (0.25706926 -1.9030737 -0.74078698)
echo none
run 0
Per MPI rank memory allocation (min/avg/max) = 3.924 | 3.924 | 3.924 Mbytes
    PotEng          Pxx           E_mol          E_coul    
-76.839706     -132.46218      0              0            
Loop time of 1.6e-06 on 1 procs for 0 steps with 18 atoms

1187.5% CPU use with 1 MPI tasks x 1 OpenMP threads

MPI task timing breakdown:
Section |  min time  |  avg time  |  max time  |%varavg| %total
---------------------------------------------------------------
Pair    | 0          | 0          | 0          |   0.0 |  0.00
Neigh   | 0          | 0          | 0          |   0.0 |  0.00
Comm    | 0          | 0          | 0          |   0.0 |  0.00
Output  | 0          | 0          | 0          |   0.0 |  0.00
Modify  | 0          | 0          | 0          |   0.0 |  0.00
Other   |            | 1.6e-06    |            |       |100.00

Nlocal:             18 ave          18 max          18 min
Histogram: 1 0 0 0 0 0 0 0 0 0
Nghost:           2846 ave        2846 max        2846 min
Histogram: 1 0 0 0 0 0 0 0 0 0
Neighs:              0 ave           0 max           0 min
Histogram: 1 0 0 0 0 0 0 0 0 0
FullNghs:        12996 ave       12996 max       12996 min
Histogram: 1 0 0 0 0 0 0 0 0 0

Total # of neighbors = 12996
Ave neighs/atom = 722
Neighbor list builds = 0
Dangerous builds = 0
set atom * x 0.0 y 0.0 z 0.0
Setting atom values ...
  18 settings made for x
  18 settings made for y
  18 settings made for z
change_box all     x final 0 2.544678302869864 y final 0 8.577278825995029 z final 0 8.71011394242524      xy final 0.25706925959861304 xz final -1.9030736805449202 yz final -0.7407869779708751 units box
Changing box ...
  triclinic box = (0 0 0) to (2.5446783 8.5772788 8.7101139) with tilt (0.25706926 -1.9030737 -0.74078698)
  triclinic box = (0 0 0) to (2.5446783 8.5772788 8.7101139) with tilt (0.25706926 -1.9030737 -0.74078698)
  triclinic box = (0 0 0) to (2.5446783 8.5772788 8.7101139) with tilt (0.25706926 -1.9030737 -0.74078698)
  triclinic box = (0 0 0) to (2.5446783 8.5772788 8.7101139) with tilt (0.25706926 -1.9030737 -0.74078698)
  triclinic box = (0 0 0) to (2.5446783 8.5772788 8.7101139) with tilt (0.25706926 -1.9030737 -0.74078698)
  triclinic box = (0 0 0) to (2.5446783 8.5772788 8.7101139) with tilt (0.25706926 -1.9030737 -0.74078698)
echo none
run 0
Per MPI rank memory allocation (min/avg/max) = 3.924 | 3.924 | 3.924 Mbytes
    PotEng          Pxx           E_mol          E_coul    
-76.839706     -132.46218      0              0            
Loop time of 1.398e-06 on 1 procs for 0 steps with 18 atoms

1216.0% CPU use with 1 MPI tasks x 1 OpenMP threads

MPI task timing breakdown:
Section |  min time  |  avg time  |  max time  |%varavg| %total
---------------------------------------------------------------
Pair    | 0          | 0          | 0          |   0.0 |  0.00
Neigh   | 0          | 0          | 0          |   0.0 |  0.00
Comm    | 0          | 0          | 0          |   0.0 |  0.00
Output  | 0          | 0          | 0          |   0.0 |  0.00
Modify  | 0          | 0          | 0          |   0.0 |  0.00
Other   |            | 1.398e-06  |            |       |100.00

Nlocal:             18 ave          18 max          18 min
Histogram: 1 0 0 0 0 0 0 0 0 0
Nghost:           2846 ave        2846 max        2846 min
Histogram: 1 0 0 0 0 0 0 0 0 0
Neighs:              0 ave           0 max           0 min
Histogram: 1 0 0 0 0 0 0 0 0 0
FullNghs:        12996 ave       12996 max       12996 min
Histogram: 1 0 0 0 0 0 0 0 0 0

Total # of neighbors = 12996
Ave neighs/atom = 722
Neighbor list builds = 0
Dangerous builds = 0
set atom * x 0.0 y 0.0 z 0.0
Setting atom values ...
  18 settings made for x
  18 settings made for y
  18 settings made for z
change_box all     x final 0 2.54444392954531 y final 0 8.584773863291813 z final 0 8.703020002035355      xy final 0.25201864886401903 xz final -1.9069045832827232 yz final -0.7897802901345957 units box
Changing box ...
  triclinic box = (0 0 0) to (2.5444439 8.5772788 8.7101139) with tilt (0.25706926 -1.9030737 -0.74078698)
  triclinic box = (0 0 0) to (2.5444439 8.5847739 8.7101139) with tilt (0.25706926 -1.9030737 -0.74078698)
  triclinic box = (0 0 0) to (2.5444439 8.5847739 8.70302) with tilt (0.25706926 -1.9030737 -0.74078698)
  triclinic box = (0 0 0) to (2.5444439 8.5847739 8.70302) with tilt (0.25201865 -1.9030737 -0.74078698)
  triclinic box = (0 0 0) to (2.5444439 8.5847739 8.70302) with tilt (0.25201865 -1.9069046 -0.74078698)
  triclinic box = (0 0 0) to (2.5444439 8.5847739 8.70302) with tilt (0.25201865 -1.9069046 -0.78978029)
echo none
run 0
Per MPI rank memory allocation (min/avg/max) = 3.924 | 3.924 | 3.924 Mbytes
    PotEng          Pxx           E_mol          E_coul    
-76.839886      19.943869      0              0            
Loop time of 1.504e-06 on 1 procs for 0 steps with 18 atoms

997.3% CPU use with 1 MPI tasks x 1 OpenMP threads

MPI task timing breakdown:
Section |  min time  |  avg time  |  max time  |%varavg| %total
---------------------------------------------------------------
Pair    | 0          | 0          | 0          |   0.0 |  0.00
Neigh   | 0          | 0          | 0          |   0.0 |  0.00
Comm    | 0          | 0          | 0          |   0.0 |  0.00
Output  | 0          | 0          | 0          |   0.0 |  0.00
Modify  | 0          | 0          | 0          |   0.0 |  0.00
Other   |            | 1.504e-06  |            |       |100.00

Nlocal:             18 ave          18 max          18 min
Histogram: 1 0 0 0 0 0 0 0 0 0
Nghost:           2846 ave        2846 max        2846 min
Histogram: 1 0 0 0 0 0 0 0 0 0
Neighs:              0 ave           0 max           0 min
Histogram: 1 0 0 0 0 0 0 0 0 0
FullNghs:        13036 ave       13036 max       13036 min
Histogram: 1 0 0 0 0 0 0 0 0 0

Total # of neighbors = 13036
Ave neighs/atom = 724.22222
Neighbor list builds = 0
Dangerous builds = 0
set atom * x 0.0 y 0.0 z 0.0
Setting atom values ...
  18 settings made for x
  18 settings made for y
  18 settings made for z
change_box all     x final 0 2.54444392954531 y final 0 8.584773863291815 z final 0 8.703020002035355      xy final 0.25201864886401915 xz final -1.9069045832827232 yz final -0.7897802901345987 units box
Changing box ...
  triclinic box = (0 0 0) to (2.5444439 8.5847739 8.70302) with tilt (0.25201865 -1.9069046 -0.78978029)
  triclinic box = (0 0 0) to (2.5444439 8.5847739 8.70302) with tilt (0.25201865 -1.9069046 -0.78978029)
  triclinic box = (0 0 0) to (2.5444439 8.5847739 8.70302) with tilt (0.25201865 -1.9069046 -0.78978029)
  triclinic box = (0 0 0) to (2.5444439 8.5847739 8.70302) with tilt (0.25201865 -1.9069046 -0.78978029)
  triclinic box = (0 0 0) to (2.5444439 8.5847739 8.70302) with tilt (0.25201865 -1.9069046 -0.78978029)
  triclinic box = (0 0 0) to (2.5444439 8.5847739 8.70302) with tilt (0.25201865 -1.9069046 -0.78978029)
echo none
run 0
Per MPI rank memory allocation (min/avg/max) = 3.924 | 3.924 | 3.924 Mbytes
    PotEng          Pxx           E_mol          E_coul    
-76.839886      19.943869      0              0            
Loop time of 1.496e-06 on 1 procs for 0 steps with 18 atoms

601.6% CPU use with 1 MPI tasks x 1 OpenMP threads

MPI task timing breakdown:
Section |  min time  |  avg time  |  max time  |%varavg| %total
---------------------------------------------------------------
Pair    | 0          | 0          | 0          |   0.0 |  0.00
Neigh   | 0          | 0          | 0          |   0.0 |  0.00
Comm    | 0          | 0          | 0          |   0.0 |  0.00
Output  | 0          | 0          | 0          |   0.0 |  0.00
Modify  | 0          | 0          | 0          |   0.0 |  0.00
Other   |            | 1.496e-06  |            |       |100.00

Nlocal:             18 ave          18 max          18 min
Histogram: 1 0 0 0 0 0 0 0 0 0
Nghost:           2846 ave        2846 max        2846 min
Histogram: 1 0 0 0 0 0 0 0 0 0
Neighs:              0 ave           0 max           0 min
Histogram: 1 0 0 0 0 0 0 0 0 0
FullNghs:        13036 ave       13036 max       13036 min
Histogram: 1 0 0 0 0 0 0 0 0 0

Total # of neighbors = 13036
Ave neighs/atom = 724.22222
Neighbor list builds = 0
Dangerous builds = 0
set atom * x 0.0 y 0.0 z 0.0
Setting atom values ...
  18 settings made for x
  18 settings made for y
  18 settings made for z
change_box all     x final 0 2.544609942198628 y final 0 8.578935361669561 z final 0 8.69972405462996      xy final 0.23049450964316098 xz final -1.893826695167975 yz final -0.8041958394803151 units box
Changing box ...
  triclinic box = (0 0 0) to (2.5446099 8.5847739 8.70302) with tilt (0.25201865 -1.9069046 -0.78978029)
  triclinic box = (0 0 0) to (2.5446099 8.5789354 8.70302) with tilt (0.25201865 -1.9069046 -0.78978029)
  triclinic box = (0 0 0) to (2.5446099 8.5789354 8.6997241) with tilt (0.25201865 -1.9069046 -0.78978029)
  triclinic box = (0 0 0) to (2.5446099 8.5789354 8.6997241) with tilt (0.23049451 -1.9069046 -0.78978029)
  triclinic box = (0 0 0) to (2.5446099 8.5789354 8.6997241) with tilt (0.23049451 -1.8938267 -0.78978029)
  triclinic box = (0 0 0) to (2.5446099 8.5789354 8.6997241) with tilt (0.23049451 -1.8938267 -0.80419584)
echo none
run 0
Per MPI rank memory allocation (min/avg/max) = 3.924 | 3.924 | 3.924 Mbytes
    PotEng          Pxx           E_mol          E_coul    
-76.839985     -120.20309      0              0            
Loop time of 1.362e-06 on 1 procs for 0 steps with 18 atoms

807.6% CPU use with 1 MPI tasks x 1 OpenMP threads

MPI task timing breakdown:
Section |  min time  |  avg time  |  max time  |%varavg| %total
---------------------------------------------------------------
Pair    | 0          | 0          | 0          |   0.0 |  0.00
Neigh   | 0          | 0          | 0          |   0.0 |  0.00
Comm    | 0          | 0          | 0          |   0.0 |  0.00
Output  | 0          | 0          | 0          |   0.0 |  0.00
Modify  | 0          | 0          | 0          |   0.0 |  0.00
Other   |            | 1.362e-06  |            |       |100.00

Nlocal:             18 ave          18 max          18 min
Histogram: 1 0 0 0 0 0 0 0 0 0
Nghost:           2846 ave        2846 max        2846 min
Histogram: 1 0 0 0 0 0 0 0 0 0
Neighs:              0 ave           0 max           0 min
Histogram: 1 0 0 0 0 0 0 0 0 0
FullNghs:        13044 ave       13044 max       13044 min
Histogram: 1 0 0 0 0 0 0 0 0 0

Total # of neighbors = 13044
Ave neighs/atom = 724.66667
Neighbor list builds = 0
Dangerous builds = 0
set atom * x 0.0 y 0.0 z 0.0
Setting atom values ...
  18 settings made for x
  18 settings made for y
  18 settings made for z
change_box all     x final 0 2.544609942198627 y final 0 8.578935361669561 z final 0 8.699724054629963      xy final 0.23049450964316098 xz final -1.8938266951679736 yz final -0.8041958394803121 units box
Changing box ...
  triclinic box = (0 0 0) to (2.5446099 8.5789354 8.6997241) with tilt (0.23049451 -1.8938267 -0.80419584)
  triclinic box = (0 0 0) to (2.5446099 8.5789354 8.6997241) with tilt (0.23049451 -1.8938267 -0.80419584)
  triclinic box = (0 0 0) to (2.5446099 8.5789354 8.6997241) with tilt (0.23049451 -1.8938267 -0.80419584)
  triclinic box = (0 0 0) to (2.5446099 8.5789354 8.6997241) with tilt (0.23049451 -1.8938267 -0.80419584)
  triclinic box = (0 0 0) to (2.5446099 8.5789354 8.6997241) with tilt (0.23049451 -1.8938267 -0.80419584)
  triclinic box = (0 0 0) to (2.5446099 8.5789354 8.6997241) with tilt (0.23049451 -1.8938267 -0.80419584)
echo none
run 0
Per MPI rank memory allocation (min/avg/max) = 3.924 | 3.924 | 3.924 Mbytes
    PotEng          Pxx           E_mol          E_coul    
-76.839985     -120.20309      0              0            
Loop time of 1.736e-06 on 1 procs for 0 steps with 18 atoms

921.7% CPU use with 1 MPI tasks x 1 OpenMP threads

MPI task timing breakdown:
Section |  min time  |  avg time  |  max time  |%varavg| %total
---------------------------------------------------------------
Pair    | 0          | 0          | 0          |   0.0 |  0.00
Neigh   | 0          | 0          | 0          |   0.0 |  0.00
Comm    | 0          | 0          | 0          |   0.0 |  0.00
Output  | 0          | 0          | 0          |   0.0 |  0.00
Modify  | 0          | 0          | 0          |   0.0 |  0.00
Other   |            | 1.736e-06  |            |       |100.00

Nlocal:             18 ave          18 max          18 min
Histogram: 1 0 0 0 0 0 0 0 0 0
Nghost:           2846 ave        2846 max        2846 min
Histogram: 1 0 0 0 0 0 0 0 0 0
Neighs:              0 ave           0 max           0 min
Histogram: 1 0 0 0 0 0 0 0 0 0
FullNghs:        13044 ave       13044 max       13044 min
Histogram: 1 0 0 0 0 0 0 0 0 0

Total # of neighbors = 13044
Ave neighs/atom = 724.66667
Neighbor list builds = 0
Dangerous builds = 0
set atom * x 0.0 y 0.0 z 0.0
Setting atom values ...
  18 settings made for x
  18 settings made for y
  18 settings made for z
change_box all     x final 0 2.5445228556246997 y final 0 8.580295337042728 z final 0 8.697045500195598      xy final 0.2280063150913934 xz final -1.89327865743327 yz final -0.8111076976517088 units box
Changing box ...
  triclinic box = (0 0 0) to (2.5445229 8.5789354 8.6997241) with tilt (0.23049451 -1.8938267 -0.80419584)
  triclinic box = (0 0 0) to (2.5445229 8.5802953 8.6997241) with tilt (0.23049451 -1.8938267 -0.80419584)
  triclinic box = (0 0 0) to (2.5445229 8.5802953 8.6970455) with tilt (0.23049451 -1.8938267 -0.80419584)
  triclinic box = (0 0 0) to (2.5445229 8.5802953 8.6970455) with tilt (0.22800632 -1.8938267 -0.80419584)
  triclinic box = (0 0 0) to (2.5445229 8.5802953 8.6970455) with tilt (0.22800632 -1.8932787 -0.80419584)
  triclinic box = (0 0 0) to (2.5445229 8.5802953 8.6970455) with tilt (0.22800632 -1.8932787 -0.8111077)
echo none
run 0
Per MPI rank memory allocation (min/avg/max) = 3.924 | 3.924 | 3.924 Mbytes
    PotEng          Pxx           E_mol          E_coul    
-76.840056     -34.54134       0              0            
Loop time of 2.169e-06 on 1 procs for 0 steps with 18 atoms

645.5% CPU use with 1 MPI tasks x 1 OpenMP threads

MPI task timing breakdown:
Section |  min time  |  avg time  |  max time  |%varavg| %total
---------------------------------------------------------------
Pair    | 0          | 0          | 0          |   0.0 |  0.00
Neigh   | 0          | 0          | 0          |   0.0 |  0.00
Comm    | 0          | 0          | 0          |   0.0 |  0.00
Output  | 0          | 0          | 0          |   0.0 |  0.00
Modify  | 0          | 0          | 0          |   0.0 |  0.00
Other   |            | 2.169e-06  |            |       |100.00

Nlocal:             18 ave          18 max          18 min
Histogram: 1 0 0 0 0 0 0 0 0 0
Nghost:           2846 ave        2846 max        2846 min
Histogram: 1 0 0 0 0 0 0 0 0 0
Neighs:              0 ave           0 max           0 min
Histogram: 1 0 0 0 0 0 0 0 0 0
FullNghs:        13048 ave       13048 max       13048 min
Histogram: 1 0 0 0 0 0 0 0 0 0

Total # of neighbors = 13048
Ave neighs/atom = 724.88889
Neighbor list builds = 0
Dangerous builds = 0
set atom * x 0.0 y 0.0 z 0.0
Setting atom values ...
  18 settings made for x
  18 settings made for y
  18 settings made for z
change_box all     x final 0 2.544423913262125 y final 0 8.581845488851485 z final 0 8.693996641100634      xy final 0.2251754861430167 xz final -1.892653616442451 yz final -0.8189631866035523 units box
Changing box ...
  triclinic box = (0 0 0) to (2.5444239 8.5802953 8.6970455) with tilt (0.22800632 -1.8932787 -0.8111077)
  triclinic box = (0 0 0) to (2.5444239 8.5818455 8.6970455) with tilt (0.22800632 -1.8932787 -0.8111077)
  triclinic box = (0 0 0) to (2.5444239 8.5818455 8.6939966) with tilt (0.22800632 -1.8932787 -0.8111077)
  triclinic box = (0 0 0) to (2.5444239 8.5818455 8.6939966) with tilt (0.22517549 -1.8932787 -0.8111077)
  triclinic box = (0 0 0) to (2.5444239 8.5818455 8.6939966) with tilt (0.22517549 -1.8926536 -0.8111077)
  triclinic box = (0 0 0) to (2.5444239 8.5818455 8.6939966) with tilt (0.22517549 -1.8926536 -0.81896319)
echo none
run 0
Per MPI rank memory allocation (min/avg/max) = 3.924 | 3.924 | 3.924 Mbytes
    PotEng          Pxx           E_mol          E_coul    
-76.840085      63.272436      0              0            
Loop time of 1.387e-06 on 1 procs for 0 steps with 18 atoms

648.9% CPU use with 1 MPI tasks x 1 OpenMP threads

MPI task timing breakdown:
Section |  min time  |  avg time  |  max time  |%varavg| %total
---------------------------------------------------------------
Pair    | 0          | 0          | 0          |   0.0 |  0.00
Neigh   | 0          | 0          | 0          |   0.0 |  0.00
Comm    | 0          | 0          | 0          |   0.0 |  0.00
Output  | 0          | 0          | 0          |   0.0 |  0.00
Modify  | 0          | 0          | 0          |   0.0 |  0.00
Other   |            | 1.387e-06  |            |       |100.00

Nlocal:             18 ave          18 max          18 min
Histogram: 1 0 0 0 0 0 0 0 0 0
Nghost:           2846 ave        2846 max        2846 min
Histogram: 1 0 0 0 0 0 0 0 0 0
Neighs:              0 ave           0 max           0 min
Histogram: 1 0 0 0 0 0 0 0 0 0
FullNghs:        13050 ave       13050 max       13050 min
Histogram: 1 0 0 0 0 0 0 0 0 0

Total # of neighbors = 13050
Ave neighs/atom = 725
Neighbor list builds = 0
Dangerous builds = 0
set atom * x 0.0 y 0.0 z 0.0
Setting atom values ...
  18 settings made for x
  18 settings made for y
  18 settings made for z
change_box all     x final 0 2.544423913262124 y final 0 8.581845488851483 z final 0 8.693996641100632      xy final 0.22517548614301672 xz final -1.89265361644245 yz final -0.8189631866035524 units box
Changing box ...
  triclinic box = (0 0 0) to (2.5444239 8.5818455 8.6939966) with tilt (0.22517549 -1.8926536 -0.81896319)
  triclinic box = (0 0 0) to (2.5444239 8.5818455 8.6939966) with tilt (0.22517549 -1.8926536 -0.81896319)
  triclinic box = (0 0 0) to (2.5444239 8.5818455 8.6939966) with tilt (0.22517549 -1.8926536 -0.81896319)
  triclinic box = (0 0 0) to (2.5444239 8.5818455 8.6939966) with tilt (0.22517549 -1.8926536 -0.81896319)
  triclinic box = (0 0 0) to (2.5444239 8.5818455 8.6939966) with tilt (0.22517549 -1.8926536 -0.81896319)
  triclinic box = (0 0 0) to (2.5444239 8.5818455 8.6939966) with tilt (0.22517549 -1.8926536 -0.81896319)
echo none
run 0
Per MPI rank memory allocation (min/avg/max) = 3.924 | 3.924 | 3.924 Mbytes
    PotEng          Pxx           E_mol          E_coul    
-76.840085      63.272436      0              0            
Loop time of 1.455e-06 on 1 procs for 0 steps with 18 atoms

412.4% CPU use with 1 MPI tasks x 1 OpenMP threads

MPI task timing breakdown:
Section |  min time  |  avg time  |  max time  |%varavg| %total
---------------------------------------------------------------
Pair    | 0          | 0          | 0          |   0.0 |  0.00
Neigh   | 0          | 0          | 0          |   0.0 |  0.00
Comm    | 0          | 0          | 0          |   0.0 |  0.00
Output  | 0          | 0          | 0          |   0.0 |  0.00
Modify  | 0          | 0          | 0          |   0.0 |  0.00
Other   |            | 1.455e-06  |            |       |100.00

Nlocal:             18 ave          18 max          18 min
Histogram: 1 0 0 0 0 0 0 0 0 0
Nghost:           2846 ave        2846 max        2846 min
Histogram: 1 0 0 0 0 0 0 0 0 0
Neighs:              0 ave           0 max           0 min
Histogram: 1 0 0 0 0 0 0 0 0 0
FullNghs:        13050 ave       13050 max       13050 min
Histogram: 1 0 0 0 0 0 0 0 0 0

Total # of neighbors = 13050
Ave neighs/atom = 725
Neighbor list builds = 0
Dangerous builds = 0
set atom * x 0.0 y 0.0 z 0.0
Setting atom values ...
  18 settings made for x
  18 settings made for y
  18 settings made for z
change_box all     x final 0 2.544460233684167 y final 0 8.581119195185995 z final 0 8.693673688644623      xy final 0.2249034923295271 xz final -1.8892946588487254 yz final -0.815445744609448 units box
Changing box ...
  triclinic box = (0 0 0) to (2.5444602 8.5818455 8.6939966) with tilt (0.22517549 -1.8926536 -0.81896319)
  triclinic box = (0 0 0) to (2.5444602 8.5811192 8.6939966) with tilt (0.22517549 -1.8926536 -0.81896319)
  triclinic box = (0 0 0) to (2.5444602 8.5811192 8.6936737) with tilt (0.22517549 -1.8926536 -0.81896319)
  triclinic box = (0 0 0) to (2.5444602 8.5811192 8.6936737) with tilt (0.22490349 -1.8926536 -0.81896319)
  triclinic box = (0 0 0) to (2.5444602 8.5811192 8.6936737) with tilt (0.22490349 -1.8892947 -0.81896319)
  triclinic box = (0 0 0) to (2.5444602 8.5811192 8.6936737) with tilt (0.22490349 -1.8892947 -0.81544574)
echo none
run 0
Per MPI rank memory allocation (min/avg/max) = 3.924 | 3.924 | 3.924 Mbytes
    PotEng          Pxx           E_mol          E_coul    
-76.840163      32.657525      0              0            
Loop time of 1.226e-06 on 1 procs for 0 steps with 18 atoms

1305.1% CPU use with 1 MPI tasks x 1 OpenMP threads

MPI task timing breakdown:
Section |  min time  |  avg time  |  max time  |%varavg| %total
---------------------------------------------------------------
Pair    | 0          | 0          | 0          |   0.0 |  0.00
Neigh   | 0          | 0          | 0          |   0.0 |  0.00
Comm    | 0          | 0          | 0          |   0.0 |  0.00
Output  | 0          | 0          | 0          |   0.0 |  0.00
Modify  | 0          | 0          | 0          |   0.0 |  0.00
Other   |            | 1.226e-06  |            |       |100.00

Nlocal:             18 ave          18 max          18 min
Histogram: 1 0 0 0 0 0 0 0 0 0
Nghost:           2846 ave        2846 max        2846 min
Histogram: 1 0 0 0 0 0 0 0 0 0
Neighs:              0 ave           0 max           0 min
Histogram: 1 0 0 0 0 0 0 0 0 0
FullNghs:        13048 ave       13048 max       13048 min
Histogram: 1 0 0 0 0 0 0 0 0 0

Total # of neighbors = 13048
Ave neighs/atom = 724.88889
Neighbor list builds = 0
Dangerous builds = 0
set atom * x 0.0 y 0.0 z 0.0
Setting atom values ...
  18 settings made for x
  18 settings made for y
  18 settings made for z
change_box all     x final 0 2.544607198521089 y final 0 8.578222167688834 z final 0 8.692368634071027      xy final 0.22382917935541832 xz final -1.875864495479631 yz final -0.8013783104176471 units box
Changing box ...
  triclinic box = (0 0 0) to (2.5446072 8.5811192 8.6936737) with tilt (0.22490349 -1.8892947 -0.81544574)
  triclinic box = (0 0 0) to (2.5446072 8.5782222 8.6936737) with tilt (0.22490349 -1.8892947 -0.81544574)
  triclinic box = (0 0 0) to (2.5446072 8.5782222 8.6923686) with tilt (0.22490349 -1.8892947 -0.81544574)
  triclinic box = (0 0 0) to (2.5446072 8.5782222 8.6923686) with tilt (0.22382918 -1.8892947 -0.81544574)
  triclinic box = (0 0 0) to (2.5446072 8.5782222 8.6923686) with tilt (0.22382918 -1.8758645 -0.81544574)
  triclinic box = (0 0 0) to (2.5446072 8.5782222 8.6923686) with tilt (0.22382918 -1.8758645 -0.80137831)
echo none
run 0
Per MPI rank memory allocation (min/avg/max) = 3.924 | 3.924 | 3.924 Mbytes
    PotEng          Pxx           E_mol          E_coul    
-76.840376     -90.635594      0              0            
Loop time of 1.883e-06 on 1 procs for 0 steps with 18 atoms

478.0% CPU use with 1 MPI tasks x 1 OpenMP threads

MPI task timing breakdown:
Section |  min time  |  avg time  |  max time  |%varavg| %total
---------------------------------------------------------------
Pair    | 0          | 0          | 0          |   0.0 |  0.00
Neigh   | 0          | 0          | 0          |   0.0 |  0.00
Comm    | 0          | 0          | 0          |   0.0 |  0.00
Output  | 0          | 0          | 0          |   0.0 |  0.00
Modify  | 0          | 0          | 0          |   0.0 |  0.00
Other   |            | 1.883e-06  |            |       |100.00

Nlocal:             18 ave          18 max          18 min
Histogram: 1 0 0 0 0 0 0 0 0 0
Nghost:           2846 ave        2846 max        2846 min
Histogram: 1 0 0 0 0 0 0 0 0 0
Neighs:              0 ave           0 max           0 min
Histogram: 1 0 0 0 0 0 0 0 0 0
FullNghs:        13052 ave       13052 max       13052 min
Histogram: 1 0 0 0 0 0 0 0 0 0

Total # of neighbors = 13052
Ave neighs/atom = 725.11111
Neighbor list builds = 0
Dangerous builds = 0
set atom * x 0.0 y 0.0 z 0.0
Setting atom values ...
  18 settings made for x
  18 settings made for y
  18 settings made for z
change_box all     x final 0 2.5446071985210885 y final 0 8.578222167688834 z final 0 8.692368634071023      xy final 0.22382917935541813 xz final -1.8758644954796306 yz final -0.801378310417654 units box
Changing box ...
  triclinic box = (0 0 0) to (2.5446072 8.5782222 8.6923686) with tilt (0.22382918 -1.8758645 -0.80137831)
  triclinic box = (0 0 0) to (2.5446072 8.5782222 8.6923686) with tilt (0.22382918 -1.8758645 -0.80137831)
  triclinic box = (0 0 0) to (2.5446072 8.5782222 8.6923686) with tilt (0.22382918 -1.8758645 -0.80137831)
  triclinic box = (0 0 0) to (2.5446072 8.5782222 8.6923686) with tilt (0.22382918 -1.8758645 -0.80137831)
  triclinic box = (0 0 0) to (2.5446072 8.5782222 8.6923686) with tilt (0.22382918 -1.8758645 -0.80137831)
  triclinic box = (0 0 0) to (2.5446072 8.5782222 8.6923686) with tilt (0.22382918 -1.8758645 -0.80137831)
echo none
run 0
Per MPI rank memory allocation (min/avg/max) = 3.924 | 3.924 | 3.924 Mbytes
    PotEng          Pxx           E_mol          E_coul    
-76.840376     -90.635594      0              0            
Loop time of 1.611e-06 on 1 procs for 0 steps with 18 atoms

931.1% CPU use with 1 MPI tasks x 1 OpenMP threads

MPI task timing breakdown:
Section |  min time  |  avg time  |  max time  |%varavg| %total
---------------------------------------------------------------
Pair    | 0          | 0          | 0          |   0.0 |  0.00
Neigh   | 0          | 0          | 0          |   0.0 |  0.00
Comm    | 0          | 0          | 0          |   0.0 |  0.00
Output  | 0          | 0          | 0          |   0.0 |  0.00
Modify  | 0          | 0          | 0          |   0.0 |  0.00
Other   |            | 1.611e-06  |            |       |100.00

Nlocal:             18 ave          18 max          18 min
Histogram: 1 0 0 0 0 0 0 0 0 0
Nghost:           2846 ave        2846 max        2846 min
Histogram: 1 0 0 0 0 0 0 0 0 0
Neighs:              0 ave           0 max           0 min
Histogram: 1 0 0 0 0 0 0 0 0 0
FullNghs:        13052 ave       13052 max       13052 min
Histogram: 1 0 0 0 0 0 0 0 0 0

Total # of neighbors = 13052
Ave neighs/atom = 725.11111
Neighbor list builds = 0
Dangerous builds = 0
set atom * x 0.0 y 0.0 z 0.0
Setting atom values ...
  18 settings made for x
  18 settings made for y
  18 settings made for z
change_box all     x final 0 2.5444309667822456 y final 0 8.57304647593595 z final 0 8.694663080003071      xy final 0.2387795774420327 xz final -1.8674664191001942 yz final -0.8064264438733038 units box
Changing box ...
  triclinic box = (0 0 0) to (2.544431 8.5782222 8.6923686) with tilt (0.22382918 -1.8758645 -0.80137831)
  triclinic box = (0 0 0) to (2.544431 8.5730465 8.6923686) with tilt (0.22382918 -1.8758645 -0.80137831)
  triclinic box = (0 0 0) to (2.544431 8.5730465 8.6946631) with tilt (0.22382918 -1.8758645 -0.80137831)
  triclinic box = (0 0 0) to (2.544431 8.5730465 8.6946631) with tilt (0.23877958 -1.8758645 -0.80137831)
  triclinic box = (0 0 0) to (2.544431 8.5730465 8.6946631) with tilt (0.23877958 -1.8674664 -0.80137831)
  triclinic box = (0 0 0) to (2.544431 8.5730465 8.6946631) with tilt (0.23877958 -1.8674664 -0.80642644)
echo none
run 0
Per MPI rank memory allocation (min/avg/max) = 3.924 | 3.924 | 3.924 Mbytes
    PotEng          Pxx           E_mol          E_coul    
-76.840795      39.191147      0              0            
Loop time of 1.42e-06 on 1 procs for 0 steps with 18 atoms

1056.3% CPU use with 1 MPI tasks x 1 OpenMP threads

MPI task timing breakdown:
Section |  min time  |  avg time  |  max time  |%varavg| %total
---------------------------------------------------------------
Pair    | 0          | 0          | 0          |   0.0 |  0.00
Neigh   | 0          | 0          | 0          |   0.0 |  0.00
Comm    | 0          | 0          | 0          |   0.0 |  0.00
Output  | 0          | 0          | 0          |   0.0 |  0.00
Modify  | 0          | 0          | 0          |   0.0 |  0.00
Other   |            | 1.42e-06   |            |       |100.00

Nlocal:             18 ave          18 max          18 min
Histogram: 1 0 0 0 0 0 0 0 0 0
Nghost:           2846 ave        2846 max        2846 min
Histogram: 1 0 0 0 0 0 0 0 0 0
Neighs:              0 ave           0 max           0 min
Histogram: 1 0 0 0 0 0 0 0 0 0
FullNghs:        13060 ave       13060 max       13060 min
Histogram: 1 0 0 0 0 0 0 0 0 0

Total # of neighbors = 13060
Ave neighs/atom = 725.55556
Neighbor list builds = 0
Dangerous builds = 0
set atom * x 0.0 y 0.0 z 0.0
Setting atom values ...
  18 settings made for x
  18 settings made for y
  18 settings made for z
change_box all     x final 0 2.5441367069602867 y final 0 8.564086118329833 z final 0 8.698615266202944      xy final 0.2645766345550201 xz final -1.8529560062302988 yz final -0.81519557392691 units box
Changing box ...
  triclinic box = (0 0 0) to (2.5441367 8.5730465 8.6946631) with tilt (0.23877958 -1.8674664 -0.80642644)
  triclinic box = (0 0 0) to (2.5441367 8.5640861 8.6946631) with tilt (0.23877958 -1.8674664 -0.80642644)
  triclinic box = (0 0 0) to (2.5441367 8.5640861 8.6986153) with tilt (0.23877958 -1.8674664 -0.80642644)
  triclinic box = (0 0 0) to (2.5441367 8.5640861 8.6986153) with tilt (0.26457663 -1.8674664 -0.80642644)
  triclinic box = (0 0 0) to (2.5441367 8.5640861 8.6986153) with tilt (0.26457663 -1.852956 -0.80642644)
  triclinic box = (0 0 0) to (2.5441367 8.5640861 8.6986153) with tilt (0.26457663 -1.852956 -0.81519557)
echo none
run 0
Per MPI rank memory allocation (min/avg/max) = 3.924 | 3.924 | 3.924 Mbytes
    PotEng          Pxx           E_mol          E_coul    
-76.841077      256.86542      0              0            
Loop time of 1.341e-06 on 1 procs for 0 steps with 18 atoms

820.3% CPU use with 1 MPI tasks x 1 OpenMP threads

MPI task timing breakdown:
Section |  min time  |  avg time  |  max time  |%varavg| %total
---------------------------------------------------------------
Pair    | 0          | 0          | 0          |   0.0 |  0.00
Neigh   | 0          | 0          | 0          |   0.0 |  0.00
Comm    | 0          | 0          | 0          |   0.0 |  0.00
Output  | 0          | 0          | 0          |   0.0 |  0.00
Modify  | 0          | 0          | 0          |   0.0 |  0.00
Other   |            | 1.341e-06  |            |       |100.00

Nlocal:             18 ave          18 max          18 min
Histogram: 1 0 0 0 0 0 0 0 0 0
Nghost:           2846 ave        2846 max        2846 min
Histogram: 1 0 0 0 0 0 0 0 0 0
Neighs:              0 ave           0 max           0 min
Histogram: 1 0 0 0 0 0 0 0 0 0
FullNghs:        13060 ave       13060 max       13060 min
Histogram: 1 0 0 0 0 0 0 0 0 0

Total # of neighbors = 13060
Ave neighs/atom = 725.55556
Neighbor list builds = 0
Dangerous builds = 0
set atom * x 0.0 y 0.0 z 0.0
Setting atom values ...
  18 settings made for x
  18 settings made for y
  18 settings made for z
change_box all     x final 0 2.544136706960287 y final 0 8.564086118329831 z final 0 8.698615266202943      xy final 0.26457663455502034 xz final -1.8529560062302988 yz final -0.8151955739269084 units box
Changing box ...
  triclinic box = (0 0 0) to (2.5441367 8.5640861 8.6986153) with tilt (0.26457663 -1.852956 -0.81519557)
  triclinic box = (0 0 0) to (2.5441367 8.5640861 8.6986153) with tilt (0.26457663 -1.852956 -0.81519557)
  triclinic box = (0 0 0) to (2.5441367 8.5640861 8.6986153) with tilt (0.26457663 -1.852956 -0.81519557)
  triclinic box = (0 0 0) to (2.5441367 8.5640861 8.6986153) with tilt (0.26457663 -1.852956 -0.81519557)
  triclinic box = (0 0 0) to (2.5441367 8.5640861 8.6986153) with tilt (0.26457663 -1.852956 -0.81519557)
  triclinic box = (0 0 0) to (2.5441367 8.5640861 8.6986153) with tilt (0.26457663 -1.852956 -0.81519557)
echo none
run 0
Per MPI rank memory allocation (min/avg/max) = 3.924 | 3.924 | 3.924 Mbytes
    PotEng          Pxx           E_mol          E_coul    
-76.841077      256.86542      0              0            
Loop time of 1.529e-06 on 1 procs for 0 steps with 18 atoms

0.0% CPU use with 1 MPI tasks x 1 OpenMP threads

MPI task timing breakdown:
Section |  min time  |  avg time  |  max time  |%varavg| %total
---------------------------------------------------------------
Pair    | 0          | 0          | 0          |   0.0 |  0.00
Neigh   | 0          | 0          | 0          |   0.0 |  0.00
Comm    | 0          | 0          | 0          |   0.0 |  0.00
Output  | 0          | 0          | 0          |   0.0 |  0.00
Modify  | 0          | 0          | 0          |   0.0 |  0.00
Other   |            | 1.529e-06  |            |       |100.00

Nlocal:             18 ave          18 max          18 min
Histogram: 1 0 0 0 0 0 0 0 0 0
Nghost:           2846 ave        2846 max        2846 min
Histogram: 1 0 0 0 0 0 0 0 0 0
Neighs:              0 ave           0 max           0 min
Histogram: 1 0 0 0 0 0 0 0 0 0
FullNghs:        13060 ave       13060 max       13060 min
Histogram: 1 0 0 0 0 0 0 0 0 0

Total # of neighbors = 13060
Ave neighs/atom = 725.55556
Neighbor list builds = 0
Dangerous builds = 0
set atom * x 0.0 y 0.0 z 0.0
Setting atom values ...
  18 settings made for x
  18 settings made for y
  18 settings made for z
change_box all     x final 0 2.544246208087336 y final 0 8.557662102942286 z final 0 8.686210916265718      xy final 0.2879629343038555 xz final -1.847591647442972 yz final -0.8453152653614979 units box
Changing box ...
  triclinic box = (0 0 0) to (2.5442462 8.5640861 8.6986153) with tilt (0.26457663 -1.852956 -0.81519557)
  triclinic box = (0 0 0) to (2.5442462 8.5576621 8.6986153) with tilt (0.26457663 -1.852956 -0.81519557)
  triclinic box = (0 0 0) to (2.5442462 8.5576621 8.6862109) with tilt (0.26457663 -1.852956 -0.81519557)
  triclinic box = (0 0 0) to (2.5442462 8.5576621 8.6862109) with tilt (0.28796293 -1.852956 -0.81519557)
  triclinic box = (0 0 0) to (2.5442462 8.5576621 8.6862109) with tilt (0.28796293 -1.8475916 -0.81519557)
  triclinic box = (0 0 0) to (2.5442462 8.5576621 8.6862109) with tilt (0.28796293 -1.8475916 -0.84531527)
echo none
run 0
Per MPI rank memory allocation (min/avg/max) = 3.924 | 3.924 | 3.924 Mbytes
    PotEng          Pxx           E_mol          E_coul    
-76.841806      137.29806      0              0            
Loop time of 1.723e-06 on 1 procs for 0 steps with 18 atoms

986.7% CPU use with 1 MPI tasks x 1 OpenMP threads

MPI task timing breakdown:
Section |  min time  |  avg time  |  max time  |%varavg| %total
---------------------------------------------------------------
Pair    | 0          | 0          | 0          |   0.0 |  0.00
Neigh   | 0          | 0          | 0          |   0.0 |  0.00
Comm    | 0          | 0          | 0          |   0.0 |  0.00
Output  | 0          | 0          | 0          |   0.0 |  0.00
Modify  | 0          | 0          | 0          |   0.0 |  0.00
Other   |            | 1.723e-06  |            |       |100.00

Nlocal:             18 ave          18 max          18 min
Histogram: 1 0 0 0 0 0 0 0 0 0
Nghost:           2846 ave        2846 max        2846 min
Histogram: 1 0 0 0 0 0 0 0 0 0
Neighs:              0 ave           0 max           0 min
Histogram: 1 0 0 0 0 0 0 0 0 0
FullNghs:        13104 ave       13104 max       13104 min
Histogram: 1 0 0 0 0 0 0 0 0 0

Total # of neighbors = 13104
Ave neighs/atom = 728
Neighbor list builds = 0
Dangerous builds = 0
set atom * x 0.0 y 0.0 z 0.0
Setting atom values ...
  18 settings made for x
  18 settings made for y
  18 settings made for z
change_box all     x final 0 2.5447674209176085 y final 0 8.532364840871464 z final 0 8.636132981316447      xy final 0.380930650875538 xz final -1.8270466427330267 yz final -0.9651123315153964 units box
Changing box ...
  triclinic box = (0 0 0) to (2.5447674 8.5576621 8.6862109) with tilt (0.28796293 -1.8475916 -0.84531527)
  triclinic box = (0 0 0) to (2.5447674 8.5323648 8.6862109) with tilt (0.28796293 -1.8475916 -0.84531527)
  triclinic box = (0 0 0) to (2.5447674 8.5323648 8.636133) with tilt (0.28796293 -1.8475916 -0.84531527)
  triclinic box = (0 0 0) to (2.5447674 8.5323648 8.636133) with tilt (0.38093065 -1.8475916 -0.84531527)
  triclinic box = (0 0 0) to (2.5447674 8.5323648 8.636133) with tilt (0.38093065 -1.8270466 -0.84531527)
  triclinic box = (0 0 0) to (2.5447674 8.5323648 8.636133) with tilt (0.38093065 -1.8270466 -0.96511233)
echo none
run 0
Per MPI rank memory allocation (min/avg/max) = 3.924 | 3.924 | 3.924 Mbytes
    PotEng          Pxx           E_mol          E_coul    
-76.843267     -465.23978      0              0            
Loop time of 1.626e-06 on 1 procs for 0 steps with 18 atoms

553.5% CPU use with 1 MPI tasks x 1 OpenMP threads

MPI task timing breakdown:
Section |  min time  |  avg time  |  max time  |%varavg| %total
---------------------------------------------------------------
Pair    | 0          | 0          | 0          |   0.0 |  0.00
Neigh   | 0          | 0          | 0          |   0.0 |  0.00
Comm    | 0          | 0          | 0          |   0.0 |  0.00
Output  | 0          | 0          | 0          |   0.0 |  0.00
Modify  | 0          | 0          | 0          |   0.0 |  0.00
Other   |            | 1.626e-06  |            |       |100.00

Nlocal:             18 ave          18 max          18 min
Histogram: 1 0 0 0 0 0 0 0 0 0
Nghost:           2846 ave        2846 max        2846 min
Histogram: 1 0 0 0 0 0 0 0 0 0
Neighs:              0 ave           0 max           0 min
Histogram: 1 0 0 0 0 0 0 0 0 0
FullNghs:        13250 ave       13250 max       13250 min
Histogram: 1 0 0 0 0 0 0 0 0 0

Total # of neighbors = 13250
Ave neighs/atom = 736.11111
Neighbor list builds = 0
Dangerous builds = 0
set atom * x 0.0 y 0.0 z 0.0
Setting atom values ...
  18 settings made for x
  18 settings made for y
  18 settings made for z
change_box all     x final 0 2.5447674209176085 y final 0 8.532364840871466 z final 0 8.636132981316443      xy final 0.38093065087553796 xz final -1.8270466427330267 yz final -0.9651123315153987 units box
Changing box ...
  triclinic box = (0 0 0) to (2.5447674 8.5323648 8.636133) with tilt (0.38093065 -1.8270466 -0.96511233)
  triclinic box = (0 0 0) to (2.5447674 8.5323648 8.636133) with tilt (0.38093065 -1.8270466 -0.96511233)
  triclinic box = (0 0 0) to (2.5447674 8.5323648 8.636133) with tilt (0.38093065 -1.8270466 -0.96511233)
  triclinic box = (0 0 0) to (2.5447674 8.5323648 8.636133) with tilt (0.38093065 -1.8270466 -0.96511233)
  triclinic box = (0 0 0) to (2.5447674 8.5323648 8.636133) with tilt (0.38093065 -1.8270466 -0.96511233)
  triclinic box = (0 0 0) to (2.5447674 8.5323648 8.636133) with tilt (0.38093065 -1.8270466 -0.96511233)
echo none
run 0
Per MPI rank memory allocation (min/avg/max) = 3.924 | 3.924 | 3.924 Mbytes
    PotEng          Pxx           E_mol          E_coul    
-76.843267     -465.23978      0              0            
Loop time of 1.62e-06 on 1 procs for 0 steps with 18 atoms

740.7% CPU use with 1 MPI tasks x 1 OpenMP threads

MPI task timing breakdown:
Section |  min time  |  avg time  |  max time  |%varavg| %total
---------------------------------------------------------------
Pair    | 0          | 0          | 0          |   0.0 |  0.00
Neigh   | 0          | 0          | 0          |   0.0 |  0.00
Comm    | 0          | 0          | 0          |   0.0 |  0.00
Output  | 0          | 0          | 0          |   0.0 |  0.00
Modify  | 0          | 0          | 0          |   0.0 |  0.00
Other   |            | 1.62e-06   |            |       |100.00

Nlocal:             18 ave          18 max          18 min
Histogram: 1 0 0 0 0 0 0 0 0 0
Nghost:           2846 ave        2846 max        2846 min
Histogram: 1 0 0 0 0 0 0 0 0 0
Neighs:              0 ave           0 max           0 min
Histogram: 1 0 0 0 0 0 0 0 0 0
FullNghs:        13250 ave       13250 max       13250 min
Histogram: 1 0 0 0 0 0 0 0 0 0

Total # of neighbors = 13250
Ave neighs/atom = 736.11111
Neighbor list builds = 0
Dangerous builds = 0
set atom * x 0.0 y 0.0 z 0.0
Setting atom values ...
  18 settings made for x
  18 settings made for y
  18 settings made for z
change_box all     x final 0 2.5445252679070434 y final 0 8.499816424221105 z final 0 8.654629187062538      xy final 0.46281044001208993 xz final -1.8210679156895495 yz final -0.9990419814240092 units box
Changing box ...
  triclinic box = (0 0 0) to (2.5445253 8.5323648 8.636133) with tilt (0.38093065 -1.8270466 -0.96511233)
  triclinic box = (0 0 0) to (2.5445253 8.4998164 8.636133) with tilt (0.38093065 -1.8270466 -0.96511233)
  triclinic box = (0 0 0) to (2.5445253 8.4998164 8.6546292) with tilt (0.38093065 -1.8270466 -0.96511233)
  triclinic box = (0 0 0) to (2.5445253 8.4998164 8.6546292) with tilt (0.46281044 -1.8270466 -0.96511233)
  triclinic box = (0 0 0) to (2.5445253 8.4998164 8.6546292) with tilt (0.46281044 -1.8210679 -0.96511233)
  triclinic box = (0 0 0) to (2.5445253 8.4998164 8.6546292) with tilt (0.46281044 -1.8210679 -0.99904198)
echo none
run 0
Per MPI rank memory allocation (min/avg/max) = 3.924 | 3.924 | 3.924 Mbytes
    PotEng          Pxx           E_mol          E_coul    
-76.844755     -325.12836      0              0            
Loop time of 1.653e-06 on 1 procs for 0 steps with 18 atoms

726.0% CPU use with 1 MPI tasks x 1 OpenMP threads

MPI task timing breakdown:
Section |  min time  |  avg time  |  max time  |%varavg| %total
---------------------------------------------------------------
Pair    | 0          | 0          | 0          |   0.0 |  0.00
Neigh   | 0          | 0          | 0          |   0.0 |  0.00
Comm    | 0          | 0          | 0          |   0.0 |  0.00
Output  | 0          | 0          | 0          |   0.0 |  0.00
Modify  | 0          | 0          | 0          |   0.0 |  0.00
Other   |            | 1.653e-06  |            |       |100.00

Nlocal:             18 ave          18 max          18 min
Histogram: 1 0 0 0 0 0 0 0 0 0
Nghost:           2846 ave        2846 max        2846 min
Histogram: 1 0 0 0 0 0 0 0 0 0
Neighs:              0 ave           0 max           0 min
Histogram: 1 0 0 0 0 0 0 0 0 0
FullNghs:        13280 ave       13280 max       13280 min
Histogram: 1 0 0 0 0 0 0 0 0 0

Total # of neighbors = 13280
Ave neighs/atom = 737.77778
Neighbor list builds = 0
Dangerous builds = 0
set atom * x 0.0 y 0.0 z 0.0
Setting atom values ...
  18 settings made for x
  18 settings made for y
  18 settings made for z
change_box all     x final 0 2.544525267907043 y final 0 8.499816424221107 z final 0 8.654629187062536      xy final 0.4628104400120902 xz final -1.8210679156895486 yz final -0.9990419814240118 units box
Changing box ...
  triclinic box = (0 0 0) to (2.5445253 8.4998164 8.6546292) with tilt (0.46281044 -1.8210679 -0.99904198)
  triclinic box = (0 0 0) to (2.5445253 8.4998164 8.6546292) with tilt (0.46281044 -1.8210679 -0.99904198)
  triclinic box = (0 0 0) to (2.5445253 8.4998164 8.6546292) with tilt (0.46281044 -1.8210679 -0.99904198)
  triclinic box = (0 0 0) to (2.5445253 8.4998164 8.6546292) with tilt (0.46281044 -1.8210679 -0.99904198)
  triclinic box = (0 0 0) to (2.5445253 8.4998164 8.6546292) with tilt (0.46281044 -1.8210679 -0.99904198)
  triclinic box = (0 0 0) to (2.5445253 8.4998164 8.6546292) with tilt (0.46281044 -1.8210679 -0.99904198)
echo none
run 0
Per MPI rank memory allocation (min/avg/max) = 3.924 | 3.924 | 3.924 Mbytes
    PotEng          Pxx           E_mol          E_coul    
-76.844755     -325.12836      0              0            
Loop time of 2.032e-06 on 1 procs for 0 steps with 18 atoms

836.6% CPU use with 1 MPI tasks x 1 OpenMP threads

MPI task timing breakdown:
Section |  min time  |  avg time  |  max time  |%varavg| %total
---------------------------------------------------------------
Pair    | 0          | 0          | 0          |   0.0 |  0.00
Neigh   | 0          | 0          | 0          |   0.0 |  0.00
Comm    | 0          | 0          | 0          |   0.0 |  0.00
Output  | 0          | 0          | 0          |   0.0 |  0.00
Modify  | 0          | 0          | 0          |   0.0 |  0.00
Other   |            | 2.032e-06  |            |       |100.00

Nlocal:             18 ave          18 max          18 min
Histogram: 1 0 0 0 0 0 0 0 0 0
Nghost:           2846 ave        2846 max        2846 min
Histogram: 1 0 0 0 0 0 0 0 0 0
Neighs:              0 ave           0 max           0 min
Histogram: 1 0 0 0 0 0 0 0 0 0
FullNghs:        13280 ave       13280 max       13280 min
Histogram: 1 0 0 0 0 0 0 0 0 0

Total # of neighbors = 13280
Ave neighs/atom = 737.77778
Neighbor list builds = 0
Dangerous builds = 0
set atom * x 0.0 y 0.0 z 0.0
Setting atom values ...
  18 settings made for x
  18 settings made for y
  18 settings made for z
change_box all     x final 0 2.544490284605395 y final 0 8.484355911814001 z final 0 8.664290155893665      xy final 0.5477900669104754 xz final -1.7963947197307646 yz final -1.0026446452388338 units box
Changing box ...
  triclinic box = (0 0 0) to (2.5444903 8.4998164 8.6546292) with tilt (0.46281044 -1.8210679 -0.99904198)
  triclinic box = (0 0 0) to (2.5444903 8.4843559 8.6546292) with tilt (0.46281044 -1.8210679 -0.99904198)
  triclinic box = (0 0 0) to (2.5444903 8.4843559 8.6642902) with tilt (0.46281044 -1.8210679 -0.99904198)
  triclinic box = (0 0 0) to (2.5444903 8.4843559 8.6642902) with tilt (0.54779007 -1.8210679 -0.99904198)
  triclinic box = (0 0 0) to (2.5444903 8.4843559 8.6642902) with tilt (0.54779007 -1.7963947 -0.99904198)
  triclinic box = (0 0 0) to (2.5444903 8.4843559 8.6642902) with tilt (0.54779007 -1.7963947 -1.0026446)
echo none
run 0
Per MPI rank memory allocation (min/avg/max) = 3.924 | 3.924 | 3.924 Mbytes
    PotEng          Pxx           E_mol          E_coul    
-76.846183     -85.762996      0              0            
Loop time of 1.38e-06 on 1 procs for 0 steps with 18 atoms

942.0% CPU use with 1 MPI tasks x 1 OpenMP threads

MPI task timing breakdown:
Section |  min time  |  avg time  |  max time  |%varavg| %total
---------------------------------------------------------------
Pair    | 0          | 0          | 0          |   0.0 |  0.00
Neigh   | 0          | 0          | 0          |   0.0 |  0.00
Comm    | 0          | 0          | 0          |   0.0 |  0.00
Output  | 0          | 0          | 0          |   0.0 |  0.00
Modify  | 0          | 0          | 0          |   0.0 |  0.00
Other   |            | 1.38e-06   |            |       |100.00

Nlocal:             18 ave          18 max          18 min
Histogram: 1 0 0 0 0 0 0 0 0 0
Nghost:           2846 ave        2846 max        2846 min
Histogram: 1 0 0 0 0 0 0 0 0 0
Neighs:              0 ave           0 max           0 min
Histogram: 1 0 0 0 0 0 0 0 0 0
FullNghs:        13292 ave       13292 max       13292 min
Histogram: 1 0 0 0 0 0 0 0 0 0

Total # of neighbors = 13292
Ave neighs/atom = 738.44444
Neighbor list builds = 0
Dangerous builds = 0
set atom * x 0.0 y 0.0 z 0.0
Setting atom values ...
  18 settings made for x
  18 settings made for y
  18 settings made for z
change_box all     x final 0 2.5444902846053954 y final 0 8.484355911814001 z final 0 8.664290155893664      xy final 0.5477900669104755 xz final -1.7963947197307648 yz final -1.0026446452388365 units box
Changing box ...
  triclinic box = (0 0 0) to (2.5444903 8.4843559 8.6642902) with tilt (0.54779007 -1.7963947 -1.0026446)
  triclinic box = (0 0 0) to (2.5444903 8.4843559 8.6642902) with tilt (0.54779007 -1.7963947 -1.0026446)
  triclinic box = (0 0 0) to (2.5444903 8.4843559 8.6642902) with tilt (0.54779007 -1.7963947 -1.0026446)
  triclinic box = (0 0 0) to (2.5444903 8.4843559 8.6642902) with tilt (0.54779007 -1.7963947 -1.0026446)
  triclinic box = (0 0 0) to (2.5444903 8.4843559 8.6642902) with tilt (0.54779007 -1.7963947 -1.0026446)
  triclinic box = (0 0 0) to (2.5444903 8.4843559 8.6642902) with tilt (0.54779007 -1.7963947 -1.0026446)
echo none
run 0
Per MPI rank memory allocation (min/avg/max) = 3.924 | 3.924 | 3.924 Mbytes
    PotEng          Pxx           E_mol          E_coul    
-76.846183     -85.762996      0              0            
Loop time of 1.766e-06 on 1 procs for 0 steps with 18 atoms

849.4% CPU use with 1 MPI tasks x 1 OpenMP threads

MPI task timing breakdown:
Section |  min time  |  avg time  |  max time  |%varavg| %total
---------------------------------------------------------------
Pair    | 0          | 0          | 0          |   0.0 |  0.00
Neigh   | 0          | 0          | 0          |   0.0 |  0.00
Comm    | 0          | 0          | 0          |   0.0 |  0.00
Output  | 0          | 0          | 0          |   0.0 |  0.00
Modify  | 0          | 0          | 0          |   0.0 |  0.00
Other   |            | 1.766e-06  |            |       |100.00

Nlocal:             18 ave          18 max          18 min
Histogram: 1 0 0 0 0 0 0 0 0 0
Nghost:           2846 ave        2846 max        2846 min
Histogram: 1 0 0 0 0 0 0 0 0 0
Neighs:              0 ave           0 max           0 min
Histogram: 1 0 0 0 0 0 0 0 0 0
FullNghs:        13292 ave       13292 max       13292 min
Histogram: 1 0 0 0 0 0 0 0 0 0

Total # of neighbors = 13292
Ave neighs/atom = 738.44444
Neighbor list builds = 0
Dangerous builds = 0
set atom * x 0.0 y 0.0 z 0.0
Setting atom values ...
  18 settings made for x
  18 settings made for y
  18 settings made for z
change_box all     x final 0 2.5443766074837315 y final 0 8.470197534759969 z final 0 8.668491871108648      xy final 0.5952187007377945 xz final -1.7135826247552859 yz final -1.0215111880254122 units box
Changing box ...
  triclinic box = (0 0 0) to (2.5443766 8.4843559 8.6642902) with tilt (0.54779007 -1.7963947 -1.0026446)
  triclinic box = (0 0 0) to (2.5443766 8.4701975 8.6642902) with tilt (0.54779007 -1.7963947 -1.0026446)
  triclinic box = (0 0 0) to (2.5443766 8.4701975 8.6684919) with tilt (0.54779007 -1.7963947 -1.0026446)
  triclinic box = (0 0 0) to (2.5443766 8.4701975 8.6684919) with tilt (0.5952187 -1.7963947 -1.0026446)
  triclinic box = (0 0 0) to (2.5443766 8.4701975 8.6684919) with tilt (0.5952187 -1.7135826 -1.0026446)
  triclinic box = (0 0 0) to (2.5443766 8.4701975 8.6684919) with tilt (0.5952187 -1.7135826 -1.0215112)
echo none
run 0
Per MPI rank memory allocation (min/avg/max) = 3.924 | 3.924 | 3.924 Mbytes
    PotEng          Pxx           E_mol          E_coul    
-76.847095     -122.69377      0              0            
Loop time of 1.569e-06 on 1 procs for 0 steps with 18 atoms

764.8% CPU use with 1 MPI tasks x 1 OpenMP threads

MPI task timing breakdown:
Section |  min time  |  avg time  |  max time  |%varavg| %total
---------------------------------------------------------------
Pair    | 0          | 0          | 0          |   0.0 |  0.00
Neigh   | 0          | 0          | 0          |   0.0 |  0.00
Comm    | 0          | 0          | 0          |   0.0 |  0.00
Output  | 0          | 0          | 0          |   0.0 |  0.00
Modify  | 0          | 0          | 0          |   0.0 |  0.00
Other   |            | 1.569e-06  |            |       |100.00

Nlocal:             18 ave          18 max          18 min
Histogram: 1 0 0 0 0 0 0 0 0 0
Nghost:           2886 ave        2886 max        2886 min
Histogram: 1 0 0 0 0 0 0 0 0 0
Neighs:              0 ave           0 max           0 min
Histogram: 1 0 0 0 0 0 0 0 0 0
FullNghs:        13302 ave       13302 max       13302 min
Histogram: 1 0 0 0 0 0 0 0 0 0

Total # of neighbors = 13302
Ave neighs/atom = 739
Neighbor list builds = 0
Dangerous builds = 0
set atom * x 0.0 y 0.0 z 0.0
Setting atom values ...
  18 settings made for x
  18 settings made for y
  18 settings made for z
change_box all     x final 0 2.544376607483733 y final 0 8.470197534759965 z final 0 8.66849187110865      xy final 0.5952187007377948 xz final -1.7135826247552868 yz final -1.0215111880254086 units box
Changing box ...
  triclinic box = (0 0 0) to (2.5443766 8.4701975 8.6684919) with tilt (0.5952187 -1.7135826 -1.0215112)
  triclinic box = (0 0 0) to (2.5443766 8.4701975 8.6684919) with tilt (0.5952187 -1.7135826 -1.0215112)
  triclinic box = (0 0 0) to (2.5443766 8.4701975 8.6684919) with tilt (0.5952187 -1.7135826 -1.0215112)
  triclinic box = (0 0 0) to (2.5443766 8.4701975 8.6684919) with tilt (0.5952187 -1.7135826 -1.0215112)
  triclinic box = (0 0 0) to (2.5443766 8.4701975 8.6684919) with tilt (0.5952187 -1.7135826 -1.0215112)
  triclinic box = (0 0 0) to (2.5443766 8.4701975 8.6684919) with tilt (0.5952187 -1.7135826 -1.0215112)
echo none
run 0
Per MPI rank memory allocation (min/avg/max) = 3.924 | 3.924 | 3.924 Mbytes
    PotEng          Pxx           E_mol          E_coul    
-76.847095     -122.69377      0              0            
Loop time of 1.418e-06 on 1 procs for 0 steps with 18 atoms

846.3% CPU use with 1 MPI tasks x 1 OpenMP threads

MPI task timing breakdown:
Section |  min time  |  avg time  |  max time  |%varavg| %total
---------------------------------------------------------------
Pair    | 0          | 0          | 0          |   0.0 |  0.00
Neigh   | 0          | 0          | 0          |   0.0 |  0.00
Comm    | 0          | 0          | 0          |   0.0 |  0.00
Output  | 0          | 0          | 0          |   0.0 |  0.00
Modify  | 0          | 0          | 0          |   0.0 |  0.00
Other   |            | 1.418e-06  |            |       |100.00

Nlocal:             18 ave          18 max          18 min
Histogram: 1 0 0 0 0 0 0 0 0 0
Nghost:           2886 ave        2886 max        2886 min
Histogram: 1 0 0 0 0 0 0 0 0 0
Neighs:              0 ave           0 max           0 min
Histogram: 1 0 0 0 0 0 0 0 0 0
FullNghs:        13302 ave       13302 max       13302 min
Histogram: 1 0 0 0 0 0 0 0 0 0

Total # of neighbors = 13302
Ave neighs/atom = 739
Neighbor list builds = 0
Dangerous builds = 0
set atom * x 0.0 y 0.0 z 0.0
Setting atom values ...
  18 settings made for x
  18 settings made for y
  18 settings made for z
change_box all     x final 0 2.544752098926753 y final 0 8.495842940525534 z final 0 8.671757282570374      xy final 0.6532040346499774 xz final -1.7065808148581623 yz final -1.0043020534754281 units box
Changing box ...
  triclinic box = (0 0 0) to (2.5447521 8.4701975 8.6684919) with tilt (0.5952187 -1.7135826 -1.0215112)
  triclinic box = (0 0 0) to (2.5447521 8.4958429 8.6684919) with tilt (0.5952187 -1.7135826 -1.0215112)
  triclinic box = (0 0 0) to (2.5447521 8.4958429 8.6717573) with tilt (0.5952187 -1.7135826 -1.0215112)
  triclinic box = (0 0 0) to (2.5447521 8.4958429 8.6717573) with tilt (0.65320403 -1.7135826 -1.0215112)
  triclinic box = (0 0 0) to (2.5447521 8.4958429 8.6717573) with tilt (0.65320403 -1.7065808 -1.0215112)
  triclinic box = (0 0 0) to (2.5447521 8.4958429 8.6717573) with tilt (0.65320403 -1.7065808 -1.0043021)
echo none
run 0
Per MPI rank memory allocation (min/avg/max) = 3.924 | 3.924 | 3.924 Mbytes
    PotEng          Pxx           E_mol          E_coul    
-76.847866     -282.24238      0              0            
Loop time of 1.531e-06 on 1 procs for 0 steps with 18 atoms

979.8% CPU use with 1 MPI tasks x 1 OpenMP threads

MPI task timing breakdown:
Section |  min time  |  avg time  |  max time  |%varavg| %total
---------------------------------------------------------------
Pair    | 0          | 0          | 0          |   0.0 |  0.00
Neigh   | 0          | 0          | 0          |   0.0 |  0.00
Comm    | 0          | 0          | 0          |   0.0 |  0.00
Output  | 0          | 0          | 0          |   0.0 |  0.00
Modify  | 0          | 0          | 0          |   0.0 |  0.00
Other   |            | 1.531e-06  |            |       |100.00

Nlocal:             18 ave          18 max          18 min
Histogram: 1 0 0 0 0 0 0 0 0 0
Nghost:           2846 ave        2846 max        2846 min
Histogram: 1 0 0 0 0 0 0 0 0 0
Neighs:              0 ave           0 max           0 min
Histogram: 1 0 0 0 0 0 0 0 0 0
FullNghs:        13254 ave       13254 max       13254 min
Histogram: 1 0 0 0 0 0 0 0 0 0

Total # of neighbors = 13254
Ave neighs/atom = 736.33333
Neighbor list builds = 0
Dangerous builds = 0
set atom * x 0.0 y 0.0 z 0.0
Setting atom values ...
  18 settings made for x
  18 settings made for y
  18 settings made for z
change_box all     x final 0 2.5447520989267556 y final 0 8.495842940525531 z final 0 8.671757282570377      xy final 0.653204034649978 xz final -1.7065808148581632 yz final -1.004302053475426 units box
Changing box ...
  triclinic box = (0 0 0) to (2.5447521 8.4958429 8.6717573) with tilt (0.65320403 -1.7065808 -1.0043021)
  triclinic box = (0 0 0) to (2.5447521 8.4958429 8.6717573) with tilt (0.65320403 -1.7065808 -1.0043021)
  triclinic box = (0 0 0) to (2.5447521 8.4958429 8.6717573) with tilt (0.65320403 -1.7065808 -1.0043021)
  triclinic box = (0 0 0) to (2.5447521 8.4958429 8.6717573) with tilt (0.65320403 -1.7065808 -1.0043021)
  triclinic box = (0 0 0) to (2.5447521 8.4958429 8.6717573) with tilt (0.65320403 -1.7065808 -1.0043021)
  triclinic box = (0 0 0) to (2.5447521 8.4958429 8.6717573) with tilt (0.65320403 -1.7065808 -1.0043021)
echo none
run 0
Per MPI rank memory allocation (min/avg/max) = 3.924 | 3.924 | 3.924 Mbytes
    PotEng          Pxx           E_mol          E_coul    
-76.847866     -282.24238      0              0            
Loop time of 1.393e-06 on 1 procs for 0 steps with 18 atoms

861.5% CPU use with 1 MPI tasks x 1 OpenMP threads

MPI task timing breakdown:
Section |  min time  |  avg time  |  max time  |%varavg| %total
---------------------------------------------------------------
Pair    | 0          | 0          | 0          |   0.0 |  0.00
Neigh   | 0          | 0          | 0          |   0.0 |  0.00
Comm    | 0          | 0          | 0          |   0.0 |  0.00
Output  | 0          | 0          | 0          |   0.0 |  0.00
Modify  | 0          | 0          | 0          |   0.0 |  0.00
Other   |            | 1.393e-06  |            |       |100.00

Nlocal:             18 ave          18 max          18 min
Histogram: 1 0 0 0 0 0 0 0 0 0
Nghost:           2846 ave        2846 max        2846 min
Histogram: 1 0 0 0 0 0 0 0 0 0
Neighs:              0 ave           0 max           0 min
Histogram: 1 0 0 0 0 0 0 0 0 0
FullNghs:        13254 ave       13254 max       13254 min
Histogram: 1 0 0 0 0 0 0 0 0 0

Total # of neighbors = 13254
Ave neighs/atom = 736.33333
Neighbor list builds = 0
Dangerous builds = 0
set atom * x 0.0 y 0.0 z 0.0
Setting atom values ...
  18 settings made for x
  18 settings made for y
  18 settings made for z
change_box all     x final 0 2.5443037387158864 y final 0 8.49356264533012 z final 0 8.666780079844536      xy final 0.6445349321216578 xz final -1.6790396527867937 yz final -1.01028074826202 units box
Changing box ...
  triclinic box = (0 0 0) to (2.5443037 8.4958429 8.6717573) with tilt (0.65320403 -1.7065808 -1.0043021)
  triclinic box = (0 0 0) to (2.5443037 8.4935626 8.6717573) with tilt (0.65320403 -1.7065808 -1.0043021)
  triclinic box = (0 0 0) to (2.5443037 8.4935626 8.6667801) with tilt (0.65320403 -1.7065808 -1.0043021)
  triclinic box = (0 0 0) to (2.5443037 8.4935626 8.6667801) with tilt (0.64453493 -1.7065808 -1.0043021)
  triclinic box = (0 0 0) to (2.5443037 8.4935626 8.6667801) with tilt (0.64453493 -1.6790397 -1.0043021)
  triclinic box = (0 0 0) to (2.5443037 8.4935626 8.6667801) with tilt (0.64453493 -1.6790397 -1.0102807)
echo none
run 0
Per MPI rank memory allocation (min/avg/max) = 3.924 | 3.924 | 3.924 Mbytes
    PotEng          Pxx           E_mol          E_coul    
-76.848393      12.687725      0              0            
Loop time of 1.301e-06 on 1 procs for 0 steps with 18 atoms

922.4% CPU use with 1 MPI tasks x 1 OpenMP threads

MPI task timing breakdown:
Section |  min time  |  avg time  |  max time  |%varavg| %total
---------------------------------------------------------------
Pair    | 0          | 0          | 0          |   0.0 |  0.00
Neigh   | 0          | 0          | 0          |   0.0 |  0.00
Comm    | 0          | 0          | 0          |   0.0 |  0.00
Output  | 0          | 0          | 0          |   0.0 |  0.00
Modify  | 0          | 0          | 0          |   0.0 |  0.00
Other   |            | 1.301e-06  |            |       |100.00

Nlocal:             18 ave          18 max          18 min
Histogram: 1 0 0 0 0 0 0 0 0 0
Nghost:           2846 ave        2846 max        2846 min
Histogram: 1 0 0 0 0 0 0 0 0 0
Neighs:              0 ave           0 max           0 min
Histogram: 1 0 0 0 0 0 0 0 0 0
FullNghs:        13264 ave       13264 max       13264 min
Histogram: 1 0 0 0 0 0 0 0 0 0

Total # of neighbors = 13264
Ave neighs/atom = 736.88889
Neighbor list builds = 0
Dangerous builds = 0
set atom * x 0.0 y 0.0 z 0.0
Setting atom values ...
  18 settings made for x
  18 settings made for y
  18 settings made for z
change_box all     x final 0 2.5436897197455806 y final 0 8.490342209477639 z final 0 8.659690518190438      xy final 0.632269505829694 xz final -1.6401904294313472 yz final -1.0186763950162996 units box
Changing box ...
  triclinic box = (0 0 0) to (2.5436897 8.4935626 8.6667801) with tilt (0.64453493 -1.6790397 -1.0102807)
  triclinic box = (0 0 0) to (2.5436897 8.4903422 8.6667801) with tilt (0.64453493 -1.6790397 -1.0102807)
  triclinic box = (0 0 0) to (2.5436897 8.4903422 8.6596905) with tilt (0.64453493 -1.6790397 -1.0102807)
  triclinic box = (0 0 0) to (2.5436897 8.4903422 8.6596905) with tilt (0.63226951 -1.6790397 -1.0102807)
  triclinic box = (0 0 0) to (2.5436897 8.4903422 8.6596905) with tilt (0.63226951 -1.6401904 -1.0102807)
  triclinic box = (0 0 0) to (2.5436897 8.4903422 8.6596905) with tilt (0.63226951 -1.6401904 -1.0186764)
echo none
run 0
Per MPI rank memory allocation (min/avg/max) = 3.924 | 3.924 | 3.924 Mbytes
    PotEng          Pxx           E_mol          E_coul    
-76.848656      409.80148      0              0            
Loop time of 2.474e-06 on 1 procs for 0 steps with 18 atoms

848.8% CPU use with 1 MPI tasks x 1 OpenMP threads

MPI task timing breakdown:
Section |  min time  |  avg time  |  max time  |%varavg| %total
---------------------------------------------------------------
Pair    | 0          | 0          | 0          |   0.0 |  0.00
Neigh   | 0          | 0          | 0          |   0.0 |  0.00
Comm    | 0          | 0          | 0          |   0.0 |  0.00
Output  | 0          | 0          | 0          |   0.0 |  0.00
Modify  | 0          | 0          | 0          |   0.0 |  0.00
Other   |            | 2.474e-06  |            |       |100.00

Nlocal:             18 ave          18 max          18 min
Histogram: 1 0 0 0 0 0 0 0 0 0
Nghost:           2830 ave        2830 max        2830 min
Histogram: 1 0 0 0 0 0 0 0 0 0
Neighs:              0 ave           0 max           0 min
Histogram: 1 0 0 0 0 0 0 0 0 0
FullNghs:        13242 ave       13242 max       13242 min
Histogram: 1 0 0 0 0 0 0 0 0 0

Total # of neighbors = 13242
Ave neighs/atom = 735.66667
Neighbor list builds = 0
Dangerous builds = 0
set atom * x 0.0 y 0.0 z 0.0
Setting atom values ...
  18 settings made for x
  18 settings made for y
  18 settings made for z
change_box all     x final 0 2.5436897197455814 y final 0 8.49034220947764 z final 0 8.659690518190441      xy final 0.6322695058296938 xz final -1.640190429431347 yz final -1.0186763950162963 units box
Changing box ...
  triclinic box = (0 0 0) to (2.5436897 8.4903422 8.6596905) with tilt (0.63226951 -1.6401904 -1.0186764)
  triclinic box = (0 0 0) to (2.5436897 8.4903422 8.6596905) with tilt (0.63226951 -1.6401904 -1.0186764)
  triclinic box = (0 0 0) to (2.5436897 8.4903422 8.6596905) with tilt (0.63226951 -1.6401904 -1.0186764)
  triclinic box = (0 0 0) to (2.5436897 8.4903422 8.6596905) with tilt (0.63226951 -1.6401904 -1.0186764)
  triclinic box = (0 0 0) to (2.5436897 8.4903422 8.6596905) with tilt (0.63226951 -1.6401904 -1.0186764)
  triclinic box = (0 0 0) to (2.5436897 8.4903422 8.6596905) with tilt (0.63226951 -1.6401904 -1.0186764)
echo none
run 0
Per MPI rank memory allocation (min/avg/max) = 3.924 | 3.924 | 3.924 Mbytes
    PotEng          Pxx           E_mol          E_coul    
-76.848656      409.80148      0              0            
Loop time of 1.412e-06 on 1 procs for 0 steps with 18 atoms

779.0% CPU use with 1 MPI tasks x 1 OpenMP threads

MPI task timing breakdown:
Section |  min time  |  avg time  |  max time  |%varavg| %total
---------------------------------------------------------------
Pair    | 0          | 0          | 0          |   0.0 |  0.00
Neigh   | 0          | 0          | 0          |   0.0 |  0.00
Comm    | 0          | 0          | 0          |   0.0 |  0.00
Output  | 0          | 0          | 0          |   0.0 |  0.00
Modify  | 0          | 0          | 0          |   0.0 |  0.00
Other   |            | 1.412e-06  |            |       |100.00

Nlocal:             18 ave          18 max          18 min
Histogram: 1 0 0 0 0 0 0 0 0 0
Nghost:           2830 ave        2830 max        2830 min
Histogram: 1 0 0 0 0 0 0 0 0 0
Neighs:              0 ave           0 max           0 min
Histogram: 1 0 0 0 0 0 0 0 0 0
FullNghs:        13242 ave       13242 max       13242 min
Histogram: 1 0 0 0 0 0 0 0 0 0

Total # of neighbors = 13242
Ave neighs/atom = 735.66667
Neighbor list builds = 0
Dangerous builds = 0
set atom * x 0.0 y 0.0 z 0.0
Setting atom values ...
  18 settings made for x
  18 settings made for y
  18 settings made for z
change_box all     x final 0 2.5443655802785448 y final 0 8.491168374521314 z final 0 8.657636873428224      xy final 0.6656894117628325 xz final -1.6614356804423576 yz final -1.0386241771969607 units box
Changing box ...
  triclinic box = (0 0 0) to (2.5443656 8.4903422 8.6596905) with tilt (0.63226951 -1.6401904 -1.0186764)
  triclinic box = (0 0 0) to (2.5443656 8.4911684 8.6596905) with tilt (0.63226951 -1.6401904 -1.0186764)
  triclinic box = (0 0 0) to (2.5443656 8.4911684 8.6576369) with tilt (0.63226951 -1.6401904 -1.0186764)
  triclinic box = (0 0 0) to (2.5443656 8.4911684 8.6576369) with tilt (0.66568941 -1.6401904 -1.0186764)
  triclinic box = (0 0 0) to (2.5443656 8.4911684 8.6576369) with tilt (0.66568941 -1.6614357 -1.0186764)
  triclinic box = (0 0 0) to (2.5443656 8.4911684 8.6576369) with tilt (0.66568941 -1.6614357 -1.0386242)
echo none
run 0
Per MPI rank memory allocation (min/avg/max) = 3.924 | 3.924 | 3.924 Mbytes
    PotEng          Pxx           E_mol          E_coul    
-76.848895     -272.96457      0              0            
Loop time of 1.603e-06 on 1 procs for 0 steps with 18 atoms

1122.9% CPU use with 1 MPI tasks x 1 OpenMP threads

MPI task timing breakdown:
Section |  min time  |  avg time  |  max time  |%varavg| %total
---------------------------------------------------------------
Pair    | 0          | 0          | 0          |   0.0 |  0.00
Neigh   | 0          | 0          | 0          |   0.0 |  0.00
Comm    | 0          | 0          | 0          |   0.0 |  0.00
Output  | 0          | 0          | 0          |   0.0 |  0.00
Modify  | 0          | 0          | 0          |   0.0 |  0.00
Other   |            | 1.603e-06  |            |       |100.00

Nlocal:             18 ave          18 max          18 min
Histogram: 1 0 0 0 0 0 0 0 0 0
Nghost:           2830 ave        2830 max        2830 min
Histogram: 1 0 0 0 0 0 0 0 0 0
Neighs:              0 ave           0 max           0 min
Histogram: 1 0 0 0 0 0 0 0 0 0
FullNghs:        13294 ave       13294 max       13294 min
Histogram: 1 0 0 0 0 0 0 0 0 0

Total # of neighbors = 13294
Ave neighs/atom = 738.55556
Neighbor list builds = 0
Dangerous builds = 0
set atom * x 0.0 y 0.0 z 0.0
Setting atom values ...
  18 settings made for x
  18 settings made for y
  18 settings made for z
change_box all     x final 0 2.5443655802785448 y final 0 8.491168374521312 z final 0 8.65763687342823      xy final 0.6656894117628315 xz final -1.661435680442359 yz final -1.0386241771969595 units box
Changing box ...
  triclinic box = (0 0 0) to (2.5443656 8.4911684 8.6576369) with tilt (0.66568941 -1.6614357 -1.0386242)
  triclinic box = (0 0 0) to (2.5443656 8.4911684 8.6576369) with tilt (0.66568941 -1.6614357 -1.0386242)
  triclinic box = (0 0 0) to (2.5443656 8.4911684 8.6576369) with tilt (0.66568941 -1.6614357 -1.0386242)
  triclinic box = (0 0 0) to (2.5443656 8.4911684 8.6576369) with tilt (0.66568941 -1.6614357 -1.0386242)
  triclinic box = (0 0 0) to (2.5443656 8.4911684 8.6576369) with tilt (0.66568941 -1.6614357 -1.0386242)
  triclinic box = (0 0 0) to (2.5443656 8.4911684 8.6576369) with tilt (0.66568941 -1.6614357 -1.0386242)
echo none
run 0
Per MPI rank memory allocation (min/avg/max) = 3.924 | 3.924 | 3.924 Mbytes
    PotEng          Pxx           E_mol          E_coul    
-76.848895     -272.96457      0              0            
Loop time of 1.436e-06 on 1 procs for 0 steps with 18 atoms

1044.6% CPU use with 1 MPI tasks x 1 OpenMP threads

MPI task timing breakdown:
Section |  min time  |  avg time  |  max time  |%varavg| %total
---------------------------------------------------------------
Pair    | 0          | 0          | 0          |   0.0 |  0.00
Neigh   | 0          | 0          | 0          |   0.0 |  0.00
Comm    | 0          | 0          | 0          |   0.0 |  0.00
Output  | 0          | 0          | 0          |   0.0 |  0.00
Modify  | 0          | 0          | 0          |   0.0 |  0.00
Other   |            | 1.436e-06  |            |       |100.00

Nlocal:             18 ave          18 max          18 min
Histogram: 1 0 0 0 0 0 0 0 0 0
Nghost:           2830 ave        2830 max        2830 min
Histogram: 1 0 0 0 0 0 0 0 0 0
Neighs:              0 ave           0 max           0 min
Histogram: 1 0 0 0 0 0 0 0 0 0
FullNghs:        13294 ave       13294 max       13294 min
Histogram: 1 0 0 0 0 0 0 0 0 0

Total # of neighbors = 13294
Ave neighs/atom = 738.55556
Neighbor list builds = 0
Dangerous builds = 0
set atom * x 0.0 y 0.0 z 0.0
Setting atom values ...
  18 settings made for x
  18 settings made for y
  18 settings made for z
change_box all     x final 0 2.5438396873906153 y final 0 8.491092362315554 z final 0 8.659456075149562      xy final 0.6830067849340432 xz final -1.670013283293612 yz final -1.054489891650884 units box
Changing box ...
  triclinic box = (0 0 0) to (2.5438397 8.4911684 8.6576369) with tilt (0.66568941 -1.6614357 -1.0386242)
  triclinic box = (0 0 0) to (2.5438397 8.4910924 8.6576369) with tilt (0.66568941 -1.6614357 -1.0386242)
  triclinic box = (0 0 0) to (2.5438397 8.4910924 8.6594561) with tilt (0.66568941 -1.6614357 -1.0386242)
  triclinic box = (0 0 0) to (2.5438397 8.4910924 8.6594561) with tilt (0.68300678 -1.6614357 -1.0386242)
  triclinic box = (0 0 0) to (2.5438397 8.4910924 8.6594561) with tilt (0.68300678 -1.6700133 -1.0386242)
  triclinic box = (0 0 0) to (2.5438397 8.4910924 8.6594561) with tilt (0.68300678 -1.6700133 -1.0544899)
echo none
run 0
Per MPI rank memory allocation (min/avg/max) = 3.924 | 3.924 | 3.924 Mbytes
    PotEng          Pxx           E_mol          E_coul    
-76.849023      347.89861      0              0            
Loop time of 5.22e-06 on 1 procs for 0 steps with 18 atoms

2164.8% CPU use with 1 MPI tasks x 1 OpenMP threads

MPI task timing breakdown:
Section |  min time  |  avg time  |  max time  |%varavg| %total
---------------------------------------------------------------
Pair    | 0          | 0          | 0          |   0.0 |  0.00
Neigh   | 0          | 0          | 0          |   0.0 |  0.00
Comm    | 0          | 0          | 0          |   0.0 |  0.00
Output  | 0          | 0          | 0          |   0.0 |  0.00
Modify  | 0          | 0          | 0          |   0.0 |  0.00
Other   |            | 5.22e-06   |            |       |100.00

Nlocal:             18 ave          18 max          18 min
Histogram: 1 0 0 0 0 0 0 0 0 0
Nghost:           2846 ave        2846 max        2846 min
Histogram: 1 0 0 0 0 0 0 0 0 0
Neighs:              0 ave           0 max           0 min
Histogram: 1 0 0 0 0 0 0 0 0 0
FullNghs:        13300 ave       13300 max       13300 min
Histogram: 1 0 0 0 0 0 0 0 0 0

Total # of neighbors = 13300
Ave neighs/atom = 738.88889
Neighbor list builds = 0
Dangerous builds = 0
set atom * x 0.0 y 0.0 z 0.0
Setting atom values ...
  18 settings made for x
  18 settings made for y
  18 settings made for z
change_box all     x final 0 2.5438396873906157 y final 0 8.49109236231555 z final 0 8.659456075149564      xy final 0.6830067849340439 xz final -1.670013283293613 yz final -1.0544898916508836 units box
Changing box ...
  triclinic box = (0 0 0) to (2.5438397 8.4910924 8.6594561) with tilt (0.68300678 -1.6700133 -1.0544899)
  triclinic box = (0 0 0) to (2.5438397 8.4910924 8.6594561) with tilt (0.68300678 -1.6700133 -1.0544899)
  triclinic box = (0 0 0) to (2.5438397 8.4910924 8.6594561) with tilt (0.68300678 -1.6700133 -1.0544899)
  triclinic box = (0 0 0) to (2.5438397 8.4910924 8.6594561) with tilt (0.68300678 -1.6700133 -1.0544899)
  triclinic box = (0 0 0) to (2.5438397 8.4910924 8.6594561) with tilt (0.68300678 -1.6700133 -1.0544899)
  triclinic box = (0 0 0) to (2.5438397 8.4910924 8.6594561) with tilt (0.68300678 -1.6700133 -1.0544899)
echo none
run 0
Per MPI rank memory allocation (min/avg/max) = 3.924 | 3.924 | 3.924 Mbytes
    PotEng          Pxx           E_mol          E_coul    
-76.849023      347.89861      0              0            
Loop time of 1.523e-06 on 1 procs for 0 steps with 18 atoms

853.6% CPU use with 1 MPI tasks x 1 OpenMP threads

MPI task timing breakdown:
Section |  min time  |  avg time  |  max time  |%varavg| %total
---------------------------------------------------------------
Pair    | 0          | 0          | 0          |   0.0 |  0.00
Neigh   | 0          | 0          | 0          |   0.0 |  0.00
Comm    | 0          | 0          | 0          |   0.0 |  0.00
Output  | 0          | 0          | 0          |   0.0 |  0.00
Modify  | 0          | 0          | 0          |   0.0 |  0.00
Other   |            | 1.523e-06  |            |       |100.00

Nlocal:             18 ave          18 max          18 min
Histogram: 1 0 0 0 0 0 0 0 0 0
Nghost:           2846 ave        2846 max        2846 min
Histogram: 1 0 0 0 0 0 0 0 0 0
Neighs:              0 ave           0 max           0 min
Histogram: 1 0 0 0 0 0 0 0 0 0
FullNghs:        13300 ave       13300 max       13300 min
Histogram: 1 0 0 0 0 0 0 0 0 0

Total # of neighbors = 13300
Ave neighs/atom = 738.88889
Neighbor list builds = 0
Dangerous builds = 0
set atom * x 0.0 y 0.0 z 0.0
Setting atom values ...
  18 settings made for x
  18 settings made for y
  18 settings made for z
change_box all     x final 0 2.544445478306059 y final 0 8.490531552173175 z final 0 8.654533289157076      xy final 0.7112179747680093 xz final -1.6742383698149594 yz final -1.0722333529326384 units box
Changing box ...
  triclinic box = (0 0 0) to (2.5444455 8.4910924 8.6594561) with tilt (0.68300678 -1.6700133 -1.0544899)
  triclinic box = (0 0 0) to (2.5444455 8.4905316 8.6594561) with tilt (0.68300678 -1.6700133 -1.0544899)
  triclinic box = (0 0 0) to (2.5444455 8.4905316 8.6545333) with tilt (0.68300678 -1.6700133 -1.0544899)
  triclinic box = (0 0 0) to (2.5444455 8.4905316 8.6545333) with tilt (0.71121797 -1.6700133 -1.0544899)
  triclinic box = (0 0 0) to (2.5444455 8.4905316 8.6545333) with tilt (0.71121797 -1.6742384 -1.0544899)
  triclinic box = (0 0 0) to (2.5444455 8.4905316 8.6545333) with tilt (0.71121797 -1.6742384 -1.0722334)
echo none
run 0
Per MPI rank memory allocation (min/avg/max) = 3.924 | 3.924 | 3.924 Mbytes
    PotEng          Pxx           E_mol          E_coul    
-76.849091     -172.09914      0              0            
Loop time of 1.467e-06 on 1 procs for 0 steps with 18 atoms

954.3% CPU use with 1 MPI tasks x 1 OpenMP threads

MPI task timing breakdown:
Section |  min time  |  avg time  |  max time  |%varavg| %total
---------------------------------------------------------------
Pair    | 0          | 0          | 0          |   0.0 |  0.00
Neigh   | 0          | 0          | 0          |   0.0 |  0.00
Comm    | 0          | 0          | 0          |   0.0 |  0.00
Output  | 0          | 0          | 0          |   0.0 |  0.00
Modify  | 0          | 0          | 0          |   0.0 |  0.00
Other   |            | 1.467e-06  |            |       |100.00

Nlocal:             18 ave          18 max          18 min
Histogram: 1 0 0 0 0 0 0 0 0 0
Nghost:           2830 ave        2830 max        2830 min
Histogram: 1 0 0 0 0 0 0 0 0 0
Neighs:              0 ave           0 max           0 min
Histogram: 1 0 0 0 0 0 0 0 0 0
FullNghs:        13306 ave       13306 max       13306 min
Histogram: 1 0 0 0 0 0 0 0 0 0

Total # of neighbors = 13306
Ave neighs/atom = 739.22222
Neighbor list builds = 0
Dangerous builds = 0
set atom * x 0.0 y 0.0 z 0.0
Setting atom values ...
  18 settings made for x
  18 settings made for y
  18 settings made for z
change_box all     x final 0 2.54444547830606 y final 0 8.490531552173174 z final 0 8.654533289157078      xy final 0.7112179747680099 xz final -1.6742383698149599 yz final -1.0722333529326384 units box
Changing box ...
  triclinic box = (0 0 0) to (2.5444455 8.4905316 8.6545333) with tilt (0.71121797 -1.6742384 -1.0722334)
  triclinic box = (0 0 0) to (2.5444455 8.4905316 8.6545333) with tilt (0.71121797 -1.6742384 -1.0722334)
  triclinic box = (0 0 0) to (2.5444455 8.4905316 8.6545333) with tilt (0.71121797 -1.6742384 -1.0722334)
  triclinic box = (0 0 0) to (2.5444455 8.4905316 8.6545333) with tilt (0.71121797 -1.6742384 -1.0722334)
  triclinic box = (0 0 0) to (2.5444455 8.4905316 8.6545333) with tilt (0.71121797 -1.6742384 -1.0722334)
  triclinic box = (0 0 0) to (2.5444455 8.4905316 8.6545333) with tilt (0.71121797 -1.6742384 -1.0722334)
echo none
run 0
Per MPI rank memory allocation (min/avg/max) = 3.924 | 3.924 | 3.924 Mbytes
    PotEng          Pxx           E_mol          E_coul    
-76.849091     -172.09914      0              0            
Loop time of 1.852e-06 on 1 procs for 0 steps with 18 atoms

809.9% CPU use with 1 MPI tasks x 1 OpenMP threads

MPI task timing breakdown:
Section |  min time  |  avg time  |  max time  |%varavg| %total
---------------------------------------------------------------
Pair    | 0          | 0          | 0          |   0.0 |  0.00
Neigh   | 0          | 0          | 0          |   0.0 |  0.00
Comm    | 0          | 0          | 0          |   0.0 |  0.00
Output  | 0          | 0          | 0          |   0.0 |  0.00
Modify  | 0          | 0          | 0          |   0.0 |  0.00
Other   |            | 1.852e-06  |            |       |100.00

Nlocal:             18 ave          18 max          18 min
Histogram: 1 0 0 0 0 0 0 0 0 0
Nghost:           2830 ave        2830 max        2830 min
Histogram: 1 0 0 0 0 0 0 0 0 0
Neighs:              0 ave           0 max           0 min
Histogram: 1 0 0 0 0 0 0 0 0 0
FullNghs:        13306 ave       13306 max       13306 min
Histogram: 1 0 0 0 0 0 0 0 0 0

Total # of neighbors = 13306
Ave neighs/atom = 739.22222
Neighbor list builds = 0
Dangerous builds = 0
set atom * x 0.0 y 0.0 z 0.0
Setting atom values ...
  18 settings made for x
  18 settings made for y
  18 settings made for z
change_box all     x final 0 2.5443514746063776 y final 0 8.493998387780719 z final 0 8.649543155603642      xy final 0.7361124213480912 xz final -1.6859221735792418 yz final -1.0999224424679763 units box
Changing box ...
  triclinic box = (0 0 0) to (2.5443515 8.4905316 8.6545333) with tilt (0.71121797 -1.6742384 -1.0722334)
  triclinic box = (0 0 0) to (2.5443515 8.4939984 8.6545333) with tilt (0.71121797 -1.6742384 -1.0722334)
  triclinic box = (0 0 0) to (2.5443515 8.4939984 8.6495432) with tilt (0.71121797 -1.6742384 -1.0722334)
  triclinic box = (0 0 0) to (2.5443515 8.4939984 8.6495432) with tilt (0.73611242 -1.6742384 -1.0722334)
  triclinic box = (0 0 0) to (2.5443515 8.4939984 8.6495432) with tilt (0.73611242 -1.6859222 -1.0722334)
  triclinic box = (0 0 0) to (2.5443515 8.4939984 8.6495432) with tilt (0.73611242 -1.6859222 -1.0999224)
echo none
run 0
Per MPI rank memory allocation (min/avg/max) = 3.924 | 3.924 | 3.924 Mbytes
    PotEng          Pxx           E_mol          E_coul    
-76.84915      -53.498585      0              0            
Loop time of 1.1024e-05 on 1 procs for 0 steps with 18 atoms

1623.7% CPU use with 1 MPI tasks x 1 OpenMP threads

MPI task timing breakdown:
Section |  min time  |  avg time  |  max time  |%varavg| %total
---------------------------------------------------------------
Pair    | 0          | 0          | 0          |   0.0 |  0.00
Neigh   | 0          | 0          | 0          |   0.0 |  0.00
Comm    | 0          | 0          | 0          |   0.0 |  0.00
Output  | 0          | 0          | 0          |   0.0 |  0.00
Modify  | 0          | 0          | 0          |   0.0 |  0.00
Other   |            | 1.102e-05  |            |       |100.00

Nlocal:             18 ave          18 max          18 min
Histogram: 1 0 0 0 0 0 0 0 0 0
Nghost:           2846 ave        2846 max        2846 min
Histogram: 1 0 0 0 0 0 0 0 0 0
Neighs:              0 ave           0 max           0 min
Histogram: 1 0 0 0 0 0 0 0 0 0
FullNghs:        13322 ave       13322 max       13322 min
Histogram: 1 0 0 0 0 0 0 0 0 0

Total # of neighbors = 13322
Ave neighs/atom = 740.11111
Neighbor list builds = 0
Dangerous builds = 0
set atom * x 0.0 y 0.0 z 0.0
Setting atom values ...
  18 settings made for x
  18 settings made for y
  18 settings made for z
change_box all     x final 0 2.5443514746063784 y final 0 8.493998387780717 z final 0 8.649543155603636      xy final 0.7361124213480914 xz final -1.6859221735792405 yz final -1.0999224424679783 units box
Changing box ...
  triclinic box = (0 0 0) to (2.5443515 8.4939984 8.6495432) with tilt (0.73611242 -1.6859222 -1.0999224)
  triclinic box = (0 0 0) to (2.5443515 8.4939984 8.6495432) with tilt (0.73611242 -1.6859222 -1.0999224)
  triclinic box = (0 0 0) to (2.5443515 8.4939984 8.6495432) with tilt (0.73611242 -1.6859222 -1.0999224)
  triclinic box = (0 0 0) to (2.5443515 8.4939984 8.6495432) with tilt (0.73611242 -1.6859222 -1.0999224)
  triclinic box = (0 0 0) to (2.5443515 8.4939984 8.6495432) with tilt (0.73611242 -1.6859222 -1.0999224)
  triclinic box = (0 0 0) to (2.5443515 8.4939984 8.6495432) with tilt (0.73611242 -1.6859222 -1.0999224)
echo none
run 0
Per MPI rank memory allocation (min/avg/max) = 3.924 | 3.924 | 3.924 Mbytes
    PotEng          Pxx           E_mol          E_coul    
-76.84915      -53.498585      0              0            
Loop time of 1.866e-06 on 1 procs for 0 steps with 18 atoms

911.0% CPU use with 1 MPI tasks x 1 OpenMP threads

MPI task timing breakdown:
Section |  min time  |  avg time  |  max time  |%varavg| %total
---------------------------------------------------------------
Pair    | 0          | 0          | 0          |   0.0 |  0.00
Neigh   | 0          | 0          | 0          |   0.0 |  0.00
Comm    | 0          | 0          | 0          |   0.0 |  0.00
Output  | 0          | 0          | 0          |   0.0 |  0.00
Modify  | 0          | 0          | 0          |   0.0 |  0.00
Other   |            | 1.866e-06  |            |       |100.00

Nlocal:             18 ave          18 max          18 min
Histogram: 1 0 0 0 0 0 0 0 0 0
Nghost:           2846 ave        2846 max        2846 min
Histogram: 1 0 0 0 0 0 0 0 0 0
Neighs:              0 ave           0 max           0 min
Histogram: 1 0 0 0 0 0 0 0 0 0
FullNghs:        13322 ave       13322 max       13322 min
Histogram: 1 0 0 0 0 0 0 0 0 0

Total # of neighbors = 13322
Ave neighs/atom = 740.11111
Neighbor list builds = 0
Dangerous builds = 0
set atom * x 0.0 y 0.0 z 0.0
Setting atom values ...
  18 settings made for x
  18 settings made for y
  18 settings made for z
change_box all     x final 0 2.5445431210520937 y final 0 8.502366407089777 z final 0 8.645287090614042      xy final 0.7539283891611539 xz final -1.70043641272467 yz final -1.1233729299535284 units box
Changing box ...
  triclinic box = (0 0 0) to (2.5445431 8.4939984 8.6495432) with tilt (0.73611242 -1.6859222 -1.0999224)
  triclinic box = (0 0 0) to (2.5445431 8.5023664 8.6495432) with tilt (0.73611242 -1.6859222 -1.0999224)
  triclinic box = (0 0 0) to (2.5445431 8.5023664 8.6452871) with tilt (0.73611242 -1.6859222 -1.0999224)
  triclinic box = (0 0 0) to (2.5445431 8.5023664 8.6452871) with tilt (0.75392839 -1.6859222 -1.0999224)
  triclinic box = (0 0 0) to (2.5445431 8.5023664 8.6452871) with tilt (0.75392839 -1.7004364 -1.0999224)
  triclinic box = (0 0 0) to (2.5445431 8.5023664 8.6452871) with tilt (0.75392839 -1.7004364 -1.1233729)
echo none
run 0
Per MPI rank memory allocation (min/avg/max) = 3.924 | 3.924 | 3.924 Mbytes
    PotEng          Pxx           E_mol          E_coul    
-76.849209     -204.35828      0              0            
Loop time of 1.965e-06 on 1 procs for 0 steps with 18 atoms

916.0% CPU use with 1 MPI tasks x 1 OpenMP threads

MPI task timing breakdown:
Section |  min time  |  avg time  |  max time  |%varavg| %total
---------------------------------------------------------------
Pair    | 0          | 0          | 0          |   0.0 |  0.00
Neigh   | 0          | 0          | 0          |   0.0 |  0.00
Comm    | 0          | 0          | 0          |   0.0 |  0.00
Output  | 0          | 0          | 0          |   0.0 |  0.00
Modify  | 0          | 0          | 0          |   0.0 |  0.00
Other   |            | 1.965e-06  |            |       |100.00

Nlocal:             18 ave          18 max          18 min
Histogram: 1 0 0 0 0 0 0 0 0 0
Nghost:           2846 ave        2846 max        2846 min
Histogram: 1 0 0 0 0 0 0 0 0 0
Neighs:              0 ave           0 max           0 min
Histogram: 1 0 0 0 0 0 0 0 0 0
FullNghs:        13324 ave       13324 max       13324 min
Histogram: 1 0 0 0 0 0 0 0 0 0

Total # of neighbors = 13324
Ave neighs/atom = 740.22222
Neighbor list builds = 0
Dangerous builds = 0
set atom * x 0.0 y 0.0 z 0.0
Setting atom values ...
  18 settings made for x
  18 settings made for y
  18 settings made for z
change_box all     x final 0 2.5445431210520937 y final 0 8.502366407089768 z final 0 8.645287090614044      xy final 0.7539283891611531 xz final -1.700436412724671 yz final -1.12337292995353 units box
Changing box ...
  triclinic box = (0 0 0) to (2.5445431 8.5023664 8.6452871) with tilt (0.75392839 -1.7004364 -1.1233729)
  triclinic box = (0 0 0) to (2.5445431 8.5023664 8.6452871) with tilt (0.75392839 -1.7004364 -1.1233729)
  triclinic box = (0 0 0) to (2.5445431 8.5023664 8.6452871) with tilt (0.75392839 -1.7004364 -1.1233729)
  triclinic box = (0 0 0) to (2.5445431 8.5023664 8.6452871) with tilt (0.75392839 -1.7004364 -1.1233729)
  triclinic box = (0 0 0) to (2.5445431 8.5023664 8.6452871) with tilt (0.75392839 -1.7004364 -1.1233729)
  triclinic box = (0 0 0) to (2.5445431 8.5023664 8.6452871) with tilt (0.75392839 -1.7004364 -1.1233729)
echo none
run 0
Per MPI rank memory allocation (min/avg/max) = 3.924 | 3.924 | 3.924 Mbytes
    PotEng          Pxx           E_mol          E_coul    
-76.849209     -204.35828      0              0            
Loop time of 1.553e-06 on 1 procs for 0 steps with 18 atoms

1094.7% CPU use with 1 MPI tasks x 1 OpenMP threads

MPI task timing breakdown:
Section |  min time  |  avg time  |  max time  |%varavg| %total
---------------------------------------------------------------
Pair    | 0          | 0          | 0          |   0.0 |  0.00
Neigh   | 0          | 0          | 0          |   0.0 |  0.00
Comm    | 0          | 0          | 0          |   0.0 |  0.00
Output  | 0          | 0          | 0          |   0.0 |  0.00
Modify  | 0          | 0          | 0          |   0.0 |  0.00
Other   |            | 1.553e-06  |            |       |100.00

Nlocal:             18 ave          18 max          18 min
Histogram: 1 0 0 0 0 0 0 0 0 0
Nghost:           2846 ave        2846 max        2846 min
Histogram: 1 0 0 0 0 0 0 0 0 0
Neighs:              0 ave           0 max           0 min
Histogram: 1 0 0 0 0 0 0 0 0 0
FullNghs:        13324 ave       13324 max       13324 min
Histogram: 1 0 0 0 0 0 0 0 0 0

Total # of neighbors = 13324
Ave neighs/atom = 740.22222
Neighbor list builds = 0
Dangerous builds = 0
set atom * x 0.0 y 0.0 z 0.0
Setting atom values ...
  18 settings made for x
  18 settings made for y
  18 settings made for z
change_box all     x final 0 2.5441616430250034 y final 0 8.506877255781237 z final 0 8.63879331030779      xy final 0.7721869394694852 xz final -1.7172874484569307 yz final -1.1482735316767216 units box
Changing box ...
  triclinic box = (0 0 0) to (2.5441616 8.5023664 8.6452871) with tilt (0.75392839 -1.7004364 -1.1233729)
  triclinic box = (0 0 0) to (2.5441616 8.5068773 8.6452871) with tilt (0.75392839 -1.7004364 -1.1233729)
  triclinic box = (0 0 0) to (2.5441616 8.5068773 8.6387933) with tilt (0.75392839 -1.7004364 -1.1233729)
  triclinic box = (0 0 0) to (2.5441616 8.5068773 8.6387933) with tilt (0.77218694 -1.7004364 -1.1233729)
  triclinic box = (0 0 0) to (2.5441616 8.5068773 8.6387933) with tilt (0.77218694 -1.7172874 -1.1233729)
  triclinic box = (0 0 0) to (2.5441616 8.5068773 8.6387933) with tilt (0.77218694 -1.7172874 -1.1482735)
echo none
run 0
Per MPI rank memory allocation (min/avg/max) = 3.924 | 3.924 | 3.924 Mbytes
    PotEng          Pxx           E_mol          E_coul    
-76.849253      121.84976      0              0            
Loop time of 1.492e-06 on 1 procs for 0 steps with 18 atoms

804.3% CPU use with 1 MPI tasks x 1 OpenMP threads

MPI task timing breakdown:
Section |  min time  |  avg time  |  max time  |%varavg| %total
---------------------------------------------------------------
Pair    | 0          | 0          | 0          |   0.0 |  0.00
Neigh   | 0          | 0          | 0          |   0.0 |  0.00
Comm    | 0          | 0          | 0          |   0.0 |  0.00
Output  | 0          | 0          | 0          |   0.0 |  0.00
Modify  | 0          | 0          | 0          |   0.0 |  0.00
Other   |            | 1.492e-06  |            |       |100.00

Nlocal:             18 ave          18 max          18 min
Histogram: 1 0 0 0 0 0 0 0 0 0
Nghost:           2846 ave        2846 max        2846 min
Histogram: 1 0 0 0 0 0 0 0 0 0
Neighs:              0 ave           0 max           0 min
Histogram: 1 0 0 0 0 0 0 0 0 0
FullNghs:        13314 ave       13314 max       13314 min
Histogram: 1 0 0 0 0 0 0 0 0 0

Total # of neighbors = 13314
Ave neighs/atom = 739.66667
Neighbor list builds = 0
Dangerous builds = 0
set atom * x 0.0 y 0.0 z 0.0
Setting atom values ...
  18 settings made for x
  18 settings made for y
  18 settings made for z
change_box all     x final 0 2.5441616430250042 y final 0 8.506877255781237 z final 0 8.63879331030779      xy final 0.7721869394694852 xz final -1.7172874484569294 yz final -1.148273531676718 units box
Changing box ...
  triclinic box = (0 0 0) to (2.5441616 8.5068773 8.6387933) with tilt (0.77218694 -1.7172874 -1.1482735)
  triclinic box = (0 0 0) to (2.5441616 8.5068773 8.6387933) with tilt (0.77218694 -1.7172874 -1.1482735)
  triclinic box = (0 0 0) to (2.5441616 8.5068773 8.6387933) with tilt (0.77218694 -1.7172874 -1.1482735)
  triclinic box = (0 0 0) to (2.5441616 8.5068773 8.6387933) with tilt (0.77218694 -1.7172874 -1.1482735)
  triclinic box = (0 0 0) to (2.5441616 8.5068773 8.6387933) with tilt (0.77218694 -1.7172874 -1.1482735)
  triclinic box = (0 0 0) to (2.5441616 8.5068773 8.6387933) with tilt (0.77218694 -1.7172874 -1.1482735)
echo none
run 0
Per MPI rank memory allocation (min/avg/max) = 3.924 | 3.924 | 3.924 Mbytes
    PotEng          Pxx           E_mol          E_coul    
-76.849253      121.84976      0              0            
Loop time of 1.507e-06 on 1 procs for 0 steps with 18 atoms

929.0% CPU use with 1 MPI tasks x 1 OpenMP threads

MPI task timing breakdown:
Section |  min time  |  avg time  |  max time  |%varavg| %total
---------------------------------------------------------------
Pair    | 0          | 0          | 0          |   0.0 |  0.00
Neigh   | 0          | 0          | 0          |   0.0 |  0.00
Comm    | 0          | 0          | 0          |   0.0 |  0.00
Output  | 0          | 0          | 0          |   0.0 |  0.00
Modify  | 0          | 0          | 0          |   0.0 |  0.00
Other   |            | 1.507e-06  |            |       |100.00

Nlocal:             18 ave          18 max          18 min
Histogram: 1 0 0 0 0 0 0 0 0 0
Nghost:           2846 ave        2846 max        2846 min
Histogram: 1 0 0 0 0 0 0 0 0 0
Neighs:              0 ave           0 max           0 min
Histogram: 1 0 0 0 0 0 0 0 0 0
FullNghs:        13314 ave       13314 max       13314 min
Histogram: 1 0 0 0 0 0 0 0 0 0

Total # of neighbors = 13314
Ave neighs/atom = 739.66667
Neighbor list builds = 0
Dangerous builds = 0
set atom * x 0.0 y 0.0 z 0.0
Setting atom values ...
  18 settings made for x
  18 settings made for y
  18 settings made for z
change_box all     x final 0 2.5441850717677967 y final 0 8.510593750613126 z final 0 8.633423737270325      xy final 0.7754193541231333 xz final -1.7286086417108248 yz final -1.1670952500413996 units box
Changing box ...
  triclinic box = (0 0 0) to (2.5441851 8.5068773 8.6387933) with tilt (0.77218694 -1.7172874 -1.1482735)
  triclinic box = (0 0 0) to (2.5441851 8.5105938 8.6387933) with tilt (0.77218694 -1.7172874 -1.1482735)
  triclinic box = (0 0 0) to (2.5441851 8.5105938 8.6334237) with tilt (0.77218694 -1.7172874 -1.1482735)
  triclinic box = (0 0 0) to (2.5441851 8.5105938 8.6334237) with tilt (0.77541935 -1.7172874 -1.1482735)
  triclinic box = (0 0 0) to (2.5441851 8.5105938 8.6334237) with tilt (0.77541935 -1.7286086 -1.1482735)
  triclinic box = (0 0 0) to (2.5441851 8.5105938 8.6334237) with tilt (0.77541935 -1.7286086 -1.1670953)
echo none
run 0
Per MPI rank memory allocation (min/avg/max) = 3.924 | 3.924 | 3.924 Mbytes
    PotEng          Pxx           E_mol          E_coul    
-76.849291      75.328238      0              0            
Loop time of 1.334e-06 on 1 procs for 0 steps with 18 atoms

1274.4% CPU use with 1 MPI tasks x 1 OpenMP threads

MPI task timing breakdown:
Section |  min time  |  avg time  |  max time  |%varavg| %total
---------------------------------------------------------------
Pair    | 0          | 0          | 0          |   0.0 |  0.00
Neigh   | 0          | 0          | 0          |   0.0 |  0.00
Comm    | 0          | 0          | 0          |   0.0 |  0.00
Output  | 0          | 0          | 0          |   0.0 |  0.00
Modify  | 0          | 0          | 0          |   0.0 |  0.00
Other   |            | 1.334e-06  |            |       |100.00

Nlocal:             18 ave          18 max          18 min
Histogram: 1 0 0 0 0 0 0 0 0 0
Nghost:           2846 ave        2846 max        2846 min
Histogram: 1 0 0 0 0 0 0 0 0 0
Neighs:              0 ave           0 max           0 min
Histogram: 1 0 0 0 0 0 0 0 0 0
FullNghs:        13318 ave       13318 max       13318 min
Histogram: 1 0 0 0 0 0 0 0 0 0

Total # of neighbors = 13318
Ave neighs/atom = 739.88889
Neighbor list builds = 0
Dangerous builds = 0
set atom * x 0.0 y 0.0 z 0.0
Setting atom values ...
  18 settings made for x
  18 settings made for y
  18 settings made for z
change_box all     x final 0 2.5441850717677967 y final 0 8.510593750613129 z final 0 8.633423737270325      xy final 0.7754193541231328 xz final -1.7286086417108246 yz final -1.1670952500413996 units box
Changing box ...
  triclinic box = (0 0 0) to (2.5441851 8.5105938 8.6334237) with tilt (0.77541935 -1.7286086 -1.1670953)
  triclinic box = (0 0 0) to (2.5441851 8.5105938 8.6334237) with tilt (0.77541935 -1.7286086 -1.1670953)
  triclinic box = (0 0 0) to (2.5441851 8.5105938 8.6334237) with tilt (0.77541935 -1.7286086 -1.1670953)
  triclinic box = (0 0 0) to (2.5441851 8.5105938 8.6334237) with tilt (0.77541935 -1.7286086 -1.1670953)
  triclinic box = (0 0 0) to (2.5441851 8.5105938 8.6334237) with tilt (0.77541935 -1.7286086 -1.1670953)
  triclinic box = (0 0 0) to (2.5441851 8.5105938 8.6334237) with tilt (0.77541935 -1.7286086 -1.1670953)
echo none
run 0
Per MPI rank memory allocation (min/avg/max) = 3.924 | 3.924 | 3.924 Mbytes
    PotEng          Pxx           E_mol          E_coul    
-76.849291      75.328238      0              0            
Loop time of 1.465e-06 on 1 procs for 0 steps with 18 atoms

477.8% CPU use with 1 MPI tasks x 1 OpenMP threads

MPI task timing breakdown:
Section |  min time  |  avg time  |  max time  |%varavg| %total
---------------------------------------------------------------
Pair    | 0          | 0          | 0          |   0.0 |  0.00
Neigh   | 0          | 0          | 0          |   0.0 |  0.00
Comm    | 0          | 0          | 0          |   0.0 |  0.00
Output  | 0          | 0          | 0          |   0.0 |  0.00
Modify  | 0          | 0          | 0          |   0.0 |  0.00
Other   |            | 1.465e-06  |            |       |100.00

Nlocal:             18 ave          18 max          18 min
Histogram: 1 0 0 0 0 0 0 0 0 0
Nghost:           2846 ave        2846 max        2846 min
Histogram: 1 0 0 0 0 0 0 0 0 0
Neighs:              0 ave           0 max           0 min
Histogram: 1 0 0 0 0 0 0 0 0 0
FullNghs:        13318 ave       13318 max       13318 min
Histogram: 1 0 0 0 0 0 0 0 0 0

Total # of neighbors = 13318
Ave neighs/atom = 739.88889
Neighbor list builds = 0
Dangerous builds = 0
set atom * x 0.0 y 0.0 z 0.0
Setting atom values ...
  18 settings made for x
  18 settings made for y
  18 settings made for z
change_box all     x final 0 2.5441780156836926 y final 0 8.511756853111136 z final 0 8.630075712615733      xy final 0.7732317343467814 xz final -1.7372684493955848 yz final -1.1763228799189636 units box
Changing box ...
  triclinic box = (0 0 0) to (2.544178 8.5105938 8.6334237) with tilt (0.77541935 -1.7286086 -1.1670953)
  triclinic box = (0 0 0) to (2.544178 8.5117569 8.6334237) with tilt (0.77541935 -1.7286086 -1.1670953)
  triclinic box = (0 0 0) to (2.544178 8.5117569 8.6300757) with tilt (0.77541935 -1.7286086 -1.1670953)
  triclinic box = (0 0 0) to (2.544178 8.5117569 8.6300757) with tilt (0.77323173 -1.7286086 -1.1670953)
  triclinic box = (0 0 0) to (2.544178 8.5117569 8.6300757) with tilt (0.77323173 -1.7372684 -1.1670953)
  triclinic box = (0 0 0) to (2.544178 8.5117569 8.6300757) with tilt (0.77323173 -1.7372684 -1.1763229)
echo none
run 0
Per MPI rank memory allocation (min/avg/max) = 3.924 | 3.924 | 3.924 Mbytes
    PotEng          Pxx           E_mol          E_coul    
-76.84932       74.233026      0              0            
Loop time of 1.191e-06 on 1 procs for 0 steps with 18 atoms

923.6% CPU use with 1 MPI tasks x 1 OpenMP threads

MPI task timing breakdown:
Section |  min time  |  avg time  |  max time  |%varavg| %total
---------------------------------------------------------------
Pair    | 0          | 0          | 0          |   0.0 |  0.00
Neigh   | 0          | 0          | 0          |   0.0 |  0.00
Comm    | 0          | 0          | 0          |   0.0 |  0.00
Output  | 0          | 0          | 0          |   0.0 |  0.00
Modify  | 0          | 0          | 0          |   0.0 |  0.00
Other   |            | 1.191e-06  |            |       |100.00

Nlocal:             18 ave          18 max          18 min
Histogram: 1 0 0 0 0 0 0 0 0 0
Nghost:           2846 ave        2846 max        2846 min
Histogram: 1 0 0 0 0 0 0 0 0 0
Neighs:              0 ave           0 max           0 min
Histogram: 1 0 0 0 0 0 0 0 0 0
FullNghs:        13318 ave       13318 max       13318 min
Histogram: 1 0 0 0 0 0 0 0 0 0

Total # of neighbors = 13318
Ave neighs/atom = 739.88889
Neighbor list builds = 0
Dangerous builds = 0
set atom * x 0.0 y 0.0 z 0.0
Setting atom values ...
  18 settings made for x
  18 settings made for y
  18 settings made for z
change_box all     x final 0 2.5441780156836935 y final 0 8.51175685311113 z final 0 8.630075712615735      xy final 0.773231734346782 xz final -1.7372684493955846 yz final -1.1763228799189653 units box
Changing box ...
  triclinic box = (0 0 0) to (2.544178 8.5117569 8.6300757) with tilt (0.77323173 -1.7372684 -1.1763229)
  triclinic box = (0 0 0) to (2.544178 8.5117569 8.6300757) with tilt (0.77323173 -1.7372684 -1.1763229)
  triclinic box = (0 0 0) to (2.544178 8.5117569 8.6300757) with tilt (0.77323173 -1.7372684 -1.1763229)
  triclinic box = (0 0 0) to (2.544178 8.5117569 8.6300757) with tilt (0.77323173 -1.7372684 -1.1763229)
  triclinic box = (0 0 0) to (2.544178 8.5117569 8.6300757) with tilt (0.77323173 -1.7372684 -1.1763229)
  triclinic box = (0 0 0) to (2.544178 8.5117569 8.6300757) with tilt (0.77323173 -1.7372684 -1.1763229)
echo none
run 0
Per MPI rank memory allocation (min/avg/max) = 3.924 | 3.924 | 3.924 Mbytes
    PotEng          Pxx           E_mol          E_coul    
-76.84932       74.233026      0              0            
Loop time of 1.394e-06 on 1 procs for 0 steps with 18 atoms

1004.3% CPU use with 1 MPI tasks x 1 OpenMP threads

MPI task timing breakdown:
Section |  min time  |  avg time  |  max time  |%varavg| %total
---------------------------------------------------------------
Pair    | 0          | 0          | 0          |   0.0 |  0.00
Neigh   | 0          | 0          | 0          |   0.0 |  0.00
Comm    | 0          | 0          | 0          |   0.0 |  0.00
Output  | 0          | 0          | 0          |   0.0 |  0.00
Modify  | 0          | 0          | 0          |   0.0 |  0.00
Other   |            | 1.394e-06  |            |       |100.00

Nlocal:             18 ave          18 max          18 min
Histogram: 1 0 0 0 0 0 0 0 0 0
Nghost:           2846 ave        2846 max        2846 min
Histogram: 1 0 0 0 0 0 0 0 0 0
Neighs:              0 ave           0 max           0 min
Histogram: 1 0 0 0 0 0 0 0 0 0
FullNghs:        13318 ave       13318 max       13318 min
Histogram: 1 0 0 0 0 0 0 0 0 0

Total # of neighbors = 13318
Ave neighs/atom = 739.88889
Neighbor list builds = 0
Dangerous builds = 0
set atom * x 0.0 y 0.0 z 0.0
Setting atom values ...
  18 settings made for x
  18 settings made for y
  18 settings made for z
change_box all     x final 0 2.54425936454908 y final 0 8.511426489847603 z final 0 8.626237223117949      xy final 0.7671504044604618 xz final -1.7437001531994485 yz final -1.189049912120418 units box
Changing box ...
  triclinic box = (0 0 0) to (2.5442594 8.5117569 8.6300757) with tilt (0.77323173 -1.7372684 -1.1763229)
  triclinic box = (0 0 0) to (2.5442594 8.5114265 8.6300757) with tilt (0.77323173 -1.7372684 -1.1763229)
  triclinic box = (0 0 0) to (2.5442594 8.5114265 8.6262372) with tilt (0.77323173 -1.7372684 -1.1763229)
  triclinic box = (0 0 0) to (2.5442594 8.5114265 8.6262372) with tilt (0.7671504 -1.7372684 -1.1763229)
  triclinic box = (0 0 0) to (2.5442594 8.5114265 8.6262372) with tilt (0.7671504 -1.7437002 -1.1763229)
  triclinic box = (0 0 0) to (2.5442594 8.5114265 8.6262372) with tilt (0.7671504 -1.7437002 -1.1890499)
echo none
run 0
Per MPI rank memory allocation (min/avg/max) = 3.924 | 3.924 | 3.924 Mbytes
    PotEng          Pxx           E_mol          E_coul    
-76.849355      1.4668097      0              0            
Loop time of 1.559e-06 on 1 procs for 0 steps with 18 atoms

1026.3% CPU use with 1 MPI tasks x 1 OpenMP threads

MPI task timing breakdown:
Section |  min time  |  avg time  |  max time  |%varavg| %total
---------------------------------------------------------------
Pair    | 0          | 0          | 0          |   0.0 |  0.00
Neigh   | 0          | 0          | 0          |   0.0 |  0.00
Comm    | 0          | 0          | 0          |   0.0 |  0.00
Output  | 0          | 0          | 0          |   0.0 |  0.00
Modify  | 0          | 0          | 0          |   0.0 |  0.00
Other   |            | 1.559e-06  |            |       |100.00

Nlocal:             18 ave          18 max          18 min
Histogram: 1 0 0 0 0 0 0 0 0 0
Nghost:           2846 ave        2846 max        2846 min
Histogram: 1 0 0 0 0 0 0 0 0 0
Neighs:              0 ave           0 max           0 min
Histogram: 1 0 0 0 0 0 0 0 0 0
FullNghs:        13322 ave       13322 max       13322 min
Histogram: 1 0 0 0 0 0 0 0 0 0

Total # of neighbors = 13322
Ave neighs/atom = 740.11111
Neighbor list builds = 0
Dangerous builds = 0
set atom * x 0.0 y 0.0 z 0.0
Setting atom values ...
  18 settings made for x
  18 settings made for y
  18 settings made for z
change_box all     x final 0 2.544351129507611 y final 0 8.511070080465998 z final 0 8.621960226746616      xy final 0.7604085034838297 xz final -1.750831533439888 yz final -1.2031783689044941 units box
Changing box ...
  triclinic box = (0 0 0) to (2.5443511 8.5114265 8.6262372) with tilt (0.7671504 -1.7437002 -1.1890499)
  triclinic box = (0 0 0) to (2.5443511 8.5110701 8.6262372) with tilt (0.7671504 -1.7437002 -1.1890499)
  triclinic box = (0 0 0) to (2.5443511 8.5110701 8.6219602) with tilt (0.7671504 -1.7437002 -1.1890499)
  triclinic box = (0 0 0) to (2.5443511 8.5110701 8.6219602) with tilt (0.7604085 -1.7437002 -1.1890499)
  triclinic box = (0 0 0) to (2.5443511 8.5110701 8.6219602) with tilt (0.7604085 -1.7508315 -1.1890499)
  triclinic box = (0 0 0) to (2.5443511 8.5110701 8.6219602) with tilt (0.7604085 -1.7508315 -1.2031784)
echo none
run 0
Per MPI rank memory allocation (min/avg/max) = 3.924 | 3.924 | 3.924 Mbytes
    PotEng          Pxx           E_mol          E_coul    
-76.849368     -80.691179      0              0            
Loop time of 1.334e-06 on 1 procs for 0 steps with 18 atoms

824.6% CPU use with 1 MPI tasks x 1 OpenMP threads

MPI task timing breakdown:
Section |  min time  |  avg time  |  max time  |%varavg| %total
---------------------------------------------------------------
Pair    | 0          | 0          | 0          |   0.0 |  0.00
Neigh   | 0          | 0          | 0          |   0.0 |  0.00
Comm    | 0          | 0          | 0          |   0.0 |  0.00
Output  | 0          | 0          | 0          |   0.0 |  0.00
Modify  | 0          | 0          | 0          |   0.0 |  0.00
Other   |            | 1.334e-06  |            |       |100.00

Nlocal:             18 ave          18 max          18 min
Histogram: 1 0 0 0 0 0 0 0 0 0
Nghost:           2846 ave        2846 max        2846 min
Histogram: 1 0 0 0 0 0 0 0 0 0
Neighs:              0 ave           0 max           0 min
Histogram: 1 0 0 0 0 0 0 0 0 0
FullNghs:        13326 ave       13326 max       13326 min
Histogram: 1 0 0 0 0 0 0 0 0 0

Total # of neighbors = 13326
Ave neighs/atom = 740.33333
Neighbor list builds = 0
Dangerous builds = 0
set atom * x 0.0 y 0.0 z 0.0
Setting atom values ...
  18 settings made for x
  18 settings made for y
  18 settings made for z
change_box all     x final 0 2.5443511295076107 y final 0 8.511070080465998 z final 0 8.621960226746616      xy final 0.7604085034838294 xz final -1.750831533439888 yz final -1.203178368904496 units box
Changing box ...
  triclinic box = (0 0 0) to (2.5443511 8.5110701 8.6219602) with tilt (0.7604085 -1.7508315 -1.2031784)
  triclinic box = (0 0 0) to (2.5443511 8.5110701 8.6219602) with tilt (0.7604085 -1.7508315 -1.2031784)
  triclinic box = (0 0 0) to (2.5443511 8.5110701 8.6219602) with tilt (0.7604085 -1.7508315 -1.2031784)
  triclinic box = (0 0 0) to (2.5443511 8.5110701 8.6219602) with tilt (0.7604085 -1.7508315 -1.2031784)
  triclinic box = (0 0 0) to (2.5443511 8.5110701 8.6219602) with tilt (0.7604085 -1.7508315 -1.2031784)
  triclinic box = (0 0 0) to (2.5443511 8.5110701 8.6219602) with tilt (0.7604085 -1.7508315 -1.2031784)
echo none
run 0
Per MPI rank memory allocation (min/avg/max) = 3.924 | 3.924 | 3.924 Mbytes
    PotEng          Pxx           E_mol          E_coul    
-76.849368     -80.691179      0              0            
Loop time of 1.509e-06 on 1 procs for 0 steps with 18 atoms

861.5% CPU use with 1 MPI tasks x 1 OpenMP threads

MPI task timing breakdown:
Section |  min time  |  avg time  |  max time  |%varavg| %total
---------------------------------------------------------------
Pair    | 0          | 0          | 0          |   0.0 |  0.00
Neigh   | 0          | 0          | 0          |   0.0 |  0.00
Comm    | 0          | 0          | 0          |   0.0 |  0.00
Output  | 0          | 0          | 0          |   0.0 |  0.00
Modify  | 0          | 0          | 0          |   0.0 |  0.00
Other   |            | 1.509e-06  |            |       |100.00

Nlocal:             18 ave          18 max          18 min
Histogram: 1 0 0 0 0 0 0 0 0 0
Nghost:           2846 ave        2846 max        2846 min
Histogram: 1 0 0 0 0 0 0 0 0 0
Neighs:              0 ave           0 max           0 min
Histogram: 1 0 0 0 0 0 0 0 0 0
FullNghs:        13326 ave       13326 max       13326 min
Histogram: 1 0 0 0 0 0 0 0 0 0

Total # of neighbors = 13326
Ave neighs/atom = 740.33333
Neighbor list builds = 0
Dangerous builds = 0
set atom * x 0.0 y 0.0 z 0.0
Setting atom values ...
  18 settings made for x
  18 settings made for y
  18 settings made for z
change_box all     x final 0 2.5444429988911494 y final 0 8.51247425633636 z final 0 8.622797964163992      xy final 0.7614437856971732 xz final -1.7539165426432783 yz final -1.2078669064661864 units box
Changing box ...
  triclinic box = (0 0 0) to (2.544443 8.5110701 8.6219602) with tilt (0.7604085 -1.7508315 -1.2031784)
  triclinic box = (0 0 0) to (2.544443 8.5124743 8.6219602) with tilt (0.7604085 -1.7508315 -1.2031784)
  triclinic box = (0 0 0) to (2.544443 8.5124743 8.622798) with tilt (0.7604085 -1.7508315 -1.2031784)
  triclinic box = (0 0 0) to (2.544443 8.5124743 8.622798) with tilt (0.76144379 -1.7508315 -1.2031784)
  triclinic box = (0 0 0) to (2.544443 8.5124743 8.622798) with tilt (0.76144379 -1.7539165 -1.2031784)
  triclinic box = (0 0 0) to (2.544443 8.5124743 8.622798) with tilt (0.76144379 -1.7539165 -1.2078669)
echo none
run 0
Per MPI rank memory allocation (min/avg/max) = 3.924 | 3.924 | 3.924 Mbytes
    PotEng          Pxx           E_mol          E_coul    
-76.849413     -149.93905      0              0            
Loop time of 1.519e-06 on 1 procs for 0 steps with 18 atoms

1053.3% CPU use with 1 MPI tasks x 1 OpenMP threads

MPI task timing breakdown:
Section |  min time  |  avg time  |  max time  |%varavg| %total
---------------------------------------------------------------
Pair    | 0          | 0          | 0          |   0.0 |  0.00
Neigh   | 0          | 0          | 0          |   0.0 |  0.00
Comm    | 0          | 0          | 0          |   0.0 |  0.00
Output  | 0          | 0          | 0          |   0.0 |  0.00
Modify  | 0          | 0          | 0          |   0.0 |  0.00
Other   |            | 1.519e-06  |            |       |100.00

Nlocal:             18 ave          18 max          18 min
Histogram: 1 0 0 0 0 0 0 0 0 0
Nghost:           2846 ave        2846 max        2846 min
Histogram: 1 0 0 0 0 0 0 0 0 0
Neighs:              0 ave           0 max           0 min
Histogram: 1 0 0 0 0 0 0 0 0 0
FullNghs:        13328 ave       13328 max       13328 min
Histogram: 1 0 0 0 0 0 0 0 0 0

Total # of neighbors = 13328
Ave neighs/atom = 740.44444
Neighbor list builds = 0
Dangerous builds = 0
set atom * x 0.0 y 0.0 z 0.0
Setting atom values ...
  18 settings made for x
  18 settings made for y
  18 settings made for z
change_box all     x final 0 2.5448118632083445 y final 0 8.51810568126949 z final 0 8.626132577792069      xy final 0.7656029701504583 xz final -1.766269827309964 yz final -1.2266286890268183 units box
Changing box ...
  triclinic box = (0 0 0) to (2.5448119 8.5124743 8.622798) with tilt (0.76144379 -1.7539165 -1.2078669)
  triclinic box = (0 0 0) to (2.5448119 8.5181057 8.622798) with tilt (0.76144379 -1.7539165 -1.2078669)
  triclinic box = (0 0 0) to (2.5448119 8.5181057 8.6261326) with tilt (0.76144379 -1.7539165 -1.2078669)
  triclinic box = (0 0 0) to (2.5448119 8.5181057 8.6261326) with tilt (0.76560297 -1.7539165 -1.2078669)
  triclinic box = (0 0 0) to (2.5448119 8.5181057 8.6261326) with tilt (0.76560297 -1.7662698 -1.2078669)
  triclinic box = (0 0 0) to (2.5448119 8.5181057 8.6261326) with tilt (0.76560297 -1.7662698 -1.2266287)
echo none
run 0
Per MPI rank memory allocation (min/avg/max) = 3.924 | 3.924 | 3.924 Mbytes
    PotEng          Pxx           E_mol          E_coul    
-76.849499     -427.39323      0              0            
Loop time of 1.596e-06 on 1 procs for 0 steps with 18 atoms

751.9% CPU use with 1 MPI tasks x 1 OpenMP threads

MPI task timing breakdown:
Section |  min time  |  avg time  |  max time  |%varavg| %total
---------------------------------------------------------------
Pair    | 0          | 0          | 0          |   0.0 |  0.00
Neigh   | 0          | 0          | 0          |   0.0 |  0.00
Comm    | 0          | 0          | 0          |   0.0 |  0.00
Output  | 0          | 0          | 0          |   0.0 |  0.00
Modify  | 0          | 0          | 0          |   0.0 |  0.00
Other   |            | 1.596e-06  |            |       |100.00

Nlocal:             18 ave          18 max          18 min
Histogram: 1 0 0 0 0 0 0 0 0 0
Nghost:           2846 ave        2846 max        2846 min
Histogram: 1 0 0 0 0 0 0 0 0 0
Neighs:              0 ave           0 max           0 min
Histogram: 1 0 0 0 0 0 0 0 0 0
FullNghs:        13306 ave       13306 max       13306 min
Histogram: 1 0 0 0 0 0 0 0 0 0

Total # of neighbors = 13306
Ave neighs/atom = 739.22222
Neighbor list builds = 0
Dangerous builds = 0
set atom * x 0.0 y 0.0 z 0.0
Setting atom values ...
  18 settings made for x
  18 settings made for y
  18 settings made for z
change_box all     x final 0 2.5448118632083454 y final 0 8.518105681269505 z final 0 8.626132577792069      xy final 0.7656029701504578 xz final -1.7662698273099635 yz final -1.2266286890268179 units box
Changing box ...
  triclinic box = (0 0 0) to (2.5448119 8.5181057 8.6261326) with tilt (0.76560297 -1.7662698 -1.2266287)
  triclinic box = (0 0 0) to (2.5448119 8.5181057 8.6261326) with tilt (0.76560297 -1.7662698 -1.2266287)
  triclinic box = (0 0 0) to (2.5448119 8.5181057 8.6261326) with tilt (0.76560297 -1.7662698 -1.2266287)
  triclinic box = (0 0 0) to (2.5448119 8.5181057 8.6261326) with tilt (0.76560297 -1.7662698 -1.2266287)
  triclinic box = (0 0 0) to (2.5448119 8.5181057 8.6261326) with tilt (0.76560297 -1.7662698 -1.2266287)
  triclinic box = (0 0 0) to (2.5448119 8.5181057 8.6261326) with tilt (0.76560297 -1.7662698 -1.2266287)
echo none
run 0
Per MPI rank memory allocation (min/avg/max) = 3.924 | 3.924 | 3.924 Mbytes
    PotEng          Pxx           E_mol          E_coul    
-76.849499     -427.39323      0              0            
Loop time of 1.727e-06 on 1 procs for 0 steps with 18 atoms

810.7% CPU use with 1 MPI tasks x 1 OpenMP threads

MPI task timing breakdown:
Section |  min time  |  avg time  |  max time  |%varavg| %total
---------------------------------------------------------------
Pair    | 0          | 0          | 0          |   0.0 |  0.00
Neigh   | 0          | 0          | 0          |   0.0 |  0.00
Comm    | 0          | 0          | 0          |   0.0 |  0.00
Output  | 0          | 0          | 0          |   0.0 |  0.00
Modify  | 0          | 0          | 0          |   0.0 |  0.00
Other   |            | 1.727e-06  |            |       |100.00

Nlocal:             18 ave          18 max          18 min
Histogram: 1 0 0 0 0 0 0 0 0 0
Nghost:           2846 ave        2846 max        2846 min
Histogram: 1 0 0 0 0 0 0 0 0 0
Neighs:              0 ave           0 max           0 min
Histogram: 1 0 0 0 0 0 0 0 0 0
FullNghs:        13306 ave       13306 max       13306 min
Histogram: 1 0 0 0 0 0 0 0 0 0

Total # of neighbors = 13306
Ave neighs/atom = 739.22222
Neighbor list builds = 0
Dangerous builds = 0
set atom * x 0.0 y 0.0 z 0.0
Setting atom values ...
  18 settings made for x
  18 settings made for y
  18 settings made for z
change_box all     x final 0 2.5445436907492187 y final 0 8.521187064836228 z final 0 8.618581685362587      xy final 0.7770736298724183 xz final -1.776966922322765 yz final -1.2625645265614378 units box
Changing box ...
  triclinic box = (0 0 0) to (2.5445437 8.5181057 8.6261326) with tilt (0.76560297 -1.7662698 -1.2266287)
  triclinic box = (0 0 0) to (2.5445437 8.5211871 8.6261326) with tilt (0.76560297 -1.7662698 -1.2266287)
  triclinic box = (0 0 0) to (2.5445437 8.5211871 8.6185817) with tilt (0.76560297 -1.7662698 -1.2266287)
  triclinic box = (0 0 0) to (2.5445437 8.5211871 8.6185817) with tilt (0.77707363 -1.7662698 -1.2266287)
  triclinic box = (0 0 0) to (2.5445437 8.5211871 8.6185817) with tilt (0.77707363 -1.7769669 -1.2266287)
  triclinic box = (0 0 0) to (2.5445437 8.5211871 8.6185817) with tilt (0.77707363 -1.7769669 -1.2625645)
echo none
run 0
Per MPI rank memory allocation (min/avg/max) = 3.924 | 3.924 | 3.924 Mbytes
    PotEng          Pxx           E_mol          E_coul    
-76.849674     -128.71539      0              0            
Loop time of 1.489e-06 on 1 procs for 0 steps with 18 atoms

873.1% CPU use with 1 MPI tasks x 1 OpenMP threads

MPI task timing breakdown:
Section |  min time  |  avg time  |  max time  |%varavg| %total
---------------------------------------------------------------
Pair    | 0          | 0          | 0          |   0.0 |  0.00
Neigh   | 0          | 0          | 0          |   0.0 |  0.00
Comm    | 0          | 0          | 0          |   0.0 |  0.00
Output  | 0          | 0          | 0          |   0.0 |  0.00
Modify  | 0          | 0          | 0          |   0.0 |  0.00
Other   |            | 1.489e-06  |            |       |100.00

Nlocal:             18 ave          18 max          18 min
Histogram: 1 0 0 0 0 0 0 0 0 0
Nghost:           2846 ave        2846 max        2846 min
Histogram: 1 0 0 0 0 0 0 0 0 0
Neighs:              0 ave           0 max           0 min
Histogram: 1 0 0 0 0 0 0 0 0 0
FullNghs:        13296 ave       13296 max       13296 min
Histogram: 1 0 0 0 0 0 0 0 0 0

Total # of neighbors = 13296
Ave neighs/atom = 738.66667
Neighbor list builds = 0
Dangerous builds = 0
set atom * x 0.0 y 0.0 z 0.0
Setting atom values ...
  18 settings made for x
  18 settings made for y
  18 settings made for z
change_box all     x final 0 2.5442180728231842 y final 0 8.525079912688721 z final 0 8.609188727571134      xy final 0.791238437304757 xz final -1.7901668346152022 yz final -1.3066611004935595 units box
Changing box ...
  triclinic box = (0 0 0) to (2.5442181 8.5211871 8.6185817) with tilt (0.77707363 -1.7769669 -1.2625645)
  triclinic box = (0 0 0) to (2.5442181 8.5250799 8.6185817) with tilt (0.77707363 -1.7769669 -1.2625645)
  triclinic box = (0 0 0) to (2.5442181 8.5250799 8.6091887) with tilt (0.77707363 -1.7769669 -1.2625645)
  triclinic box = (0 0 0) to (2.5442181 8.5250799 8.6091887) with tilt (0.79123844 -1.7769669 -1.2625645)
  triclinic box = (0 0 0) to (2.5442181 8.5250799 8.6091887) with tilt (0.79123844 -1.7901668 -1.2625645)
  triclinic box = (0 0 0) to (2.5442181 8.5250799 8.6091887) with tilt (0.79123844 -1.7901668 -1.3066611)
echo none
run 0
Per MPI rank memory allocation (min/avg/max) = 3.924 | 3.924 | 3.924 Mbytes
    PotEng          Pxx           E_mol          E_coul    
-76.849732      226.91495      0              0            
Loop time of 1.649e-06 on 1 procs for 0 steps with 18 atoms

727.7% CPU use with 1 MPI tasks x 1 OpenMP threads

MPI task timing breakdown:
Section |  min time  |  avg time  |  max time  |%varavg| %total
---------------------------------------------------------------
Pair    | 0          | 0          | 0          |   0.0 |  0.00
Neigh   | 0          | 0          | 0          |   0.0 |  0.00
Comm    | 0          | 0          | 0          |   0.0 |  0.00
Output  | 0          | 0          | 0          |   0.0 |  0.00
Modify  | 0          | 0          | 0          |   0.0 |  0.00
Other   |            | 1.649e-06  |            |       |100.00

Nlocal:             18 ave          18 max          18 min
Histogram: 1 0 0 0 0 0 0 0 0 0
Nghost:           2846 ave        2846 max        2846 min
Histogram: 1 0 0 0 0 0 0 0 0 0
Neighs:              0 ave           0 max           0 min
Histogram: 1 0 0 0 0 0 0 0 0 0
FullNghs:        13308 ave       13308 max       13308 min
Histogram: 1 0 0 0 0 0 0 0 0 0

Total # of neighbors = 13308
Ave neighs/atom = 739.33333
Neighbor list builds = 0
Dangerous builds = 0
set atom * x 0.0 y 0.0 z 0.0
Setting atom values ...
  18 settings made for x
  18 settings made for y
  18 settings made for z
change_box all     x final 0 2.5442180728231834 y final 0 8.525079912688717 z final 0 8.609188727571134      xy final 0.7912384373047563 xz final -1.7901668346152013 yz final -1.30666110049356 units box
Changing box ...
  triclinic box = (0 0 0) to (2.5442181 8.5250799 8.6091887) with tilt (0.79123844 -1.7901668 -1.3066611)
  triclinic box = (0 0 0) to (2.5442181 8.5250799 8.6091887) with tilt (0.79123844 -1.7901668 -1.3066611)
  triclinic box = (0 0 0) to (2.5442181 8.5250799 8.6091887) with tilt (0.79123844 -1.7901668 -1.3066611)
  triclinic box = (0 0 0) to (2.5442181 8.5250799 8.6091887) with tilt (0.79123844 -1.7901668 -1.3066611)
  triclinic box = (0 0 0) to (2.5442181 8.5250799 8.6091887) with tilt (0.79123844 -1.7901668 -1.3066611)
  triclinic box = (0 0 0) to (2.5442181 8.5250799 8.6091887) with tilt (0.79123844 -1.7901668 -1.3066611)
echo none
run 0
Per MPI rank memory allocation (min/avg/max) = 3.924 | 3.924 | 3.924 Mbytes
    PotEng          Pxx           E_mol          E_coul    
-76.849732      226.91495      0              0            
Loop time of 1.51e-06 on 1 procs for 0 steps with 18 atoms

794.7% CPU use with 1 MPI tasks x 1 OpenMP threads

MPI task timing breakdown:
Section |  min time  |  avg time  |  max time  |%varavg| %total
---------------------------------------------------------------
Pair    | 0          | 0          | 0          |   0.0 |  0.00
Neigh   | 0          | 0          | 0          |   0.0 |  0.00
Comm    | 0          | 0          | 0          |   0.0 |  0.00
Output  | 0          | 0          | 0          |   0.0 |  0.00
Modify  | 0          | 0          | 0          |   0.0 |  0.00
Other   |            | 1.51e-06   |            |       |100.00

Nlocal:             18 ave          18 max          18 min
Histogram: 1 0 0 0 0 0 0 0 0 0
Nghost:           2846 ave        2846 max        2846 min
Histogram: 1 0 0 0 0 0 0 0 0 0
Neighs:              0 ave           0 max           0 min
Histogram: 1 0 0 0 0 0 0 0 0 0
FullNghs:        13308 ave       13308 max       13308 min
Histogram: 1 0 0 0 0 0 0 0 0 0

Total # of neighbors = 13308
Ave neighs/atom = 739.33333
Neighbor list builds = 0
Dangerous builds = 0
set atom * x 0.0 y 0.0 z 0.0
Setting atom values ...
  18 settings made for x
  18 settings made for y
  18 settings made for z
change_box all     x final 0 2.5445201601569236 y final 0 8.530287850867802 z final 0 8.604629933438037      xy final 0.8097339413980055 xz final -1.811523311790901 yz final -1.3370186717585324 units box
Changing box ...
  triclinic box = (0 0 0) to (2.5445202 8.5250799 8.6091887) with tilt (0.79123844 -1.7901668 -1.3066611)
  triclinic box = (0 0 0) to (2.5445202 8.5302879 8.6091887) with tilt (0.79123844 -1.7901668 -1.3066611)
  triclinic box = (0 0 0) to (2.5445202 8.5302879 8.6046299) with tilt (0.79123844 -1.7901668 -1.3066611)
  triclinic box = (0 0 0) to (2.5445202 8.5302879 8.6046299) with tilt (0.80973394 -1.7901668 -1.3066611)
  triclinic box = (0 0 0) to (2.5445202 8.5302879 8.6046299) with tilt (0.80973394 -1.8115233 -1.3066611)
  triclinic box = (0 0 0) to (2.5445202 8.5302879 8.6046299) with tilt (0.80973394 -1.8115233 -1.3370187)
echo none
run 0
Per MPI rank memory allocation (min/avg/max) = 3.924 | 3.924 | 3.924 Mbytes
    PotEng          Pxx           E_mol          E_coul    
-76.849936     -99.536887      0              0            
Loop time of 1.355e-06 on 1 procs for 0 steps with 18 atoms

1033.2% CPU use with 1 MPI tasks x 1 OpenMP threads

MPI task timing breakdown:
Section |  min time  |  avg time  |  max time  |%varavg| %total
---------------------------------------------------------------
Pair    | 0          | 0          | 0          |   0.0 |  0.00
Neigh   | 0          | 0          | 0          |   0.0 |  0.00
Comm    | 0          | 0          | 0          |   0.0 |  0.00
Output  | 0          | 0          | 0          |   0.0 |  0.00
Modify  | 0          | 0          | 0          |   0.0 |  0.00
Other   |            | 1.355e-06  |            |       |100.00

Nlocal:             18 ave          18 max          18 min
Histogram: 1 0 0 0 0 0 0 0 0 0
Nghost:           2858 ave        2858 max        2858 min
Histogram: 1 0 0 0 0 0 0 0 0 0
Neighs:              0 ave           0 max           0 min
Histogram: 1 0 0 0 0 0 0 0 0 0
FullNghs:        13300 ave       13300 max       13300 min
Histogram: 1 0 0 0 0 0 0 0 0 0

Total # of neighbors = 13300
Ave neighs/atom = 738.88889
Neighbor list builds = 0
Dangerous builds = 0
set atom * x 0.0 y 0.0 z 0.0
Setting atom values ...
  18 settings made for x
  18 settings made for y
  18 settings made for z
change_box all     x final 0 2.5451399726314485 y final 0 8.540625223542424 z final 0 8.595488269658675      xy final 0.8462428298020124 xz final -1.8535562466373803 yz final -1.3963651702495292 units box
Changing box ...
  triclinic box = (0 0 0) to (2.54514 8.5302879 8.6046299) with tilt (0.80973394 -1.8115233 -1.3370187)
  triclinic box = (0 0 0) to (2.54514 8.5406252 8.6046299) with tilt (0.80973394 -1.8115233 -1.3370187)
  triclinic box = (0 0 0) to (2.54514 8.5406252 8.5954883) with tilt (0.80973394 -1.8115233 -1.3370187)
  triclinic box = (0 0 0) to (2.54514 8.5406252 8.5954883) with tilt (0.84624283 -1.8115233 -1.3370187)
  triclinic box = (0 0 0) to (2.54514 8.5406252 8.5954883) with tilt (0.84624283 -1.8535562 -1.3370187)
  triclinic box = (0 0 0) to (2.54514 8.5406252 8.5954883) with tilt (0.84624283 -1.8535562 -1.3963652)
echo none
run 0
Per MPI rank memory allocation (min/avg/max) = 3.924 | 3.924 | 3.924 Mbytes
    PotEng          Pxx           E_mol          E_coul    
-76.850086     -766.79713      0              0            
Loop time of 1.858e-06 on 1 procs for 0 steps with 18 atoms

915.0% CPU use with 1 MPI tasks x 1 OpenMP threads

MPI task timing breakdown:
Section |  min time  |  avg time  |  max time  |%varavg| %total
---------------------------------------------------------------
Pair    | 0          | 0          | 0          |   0.0 |  0.00
Neigh   | 0          | 0          | 0          |   0.0 |  0.00
Comm    | 0          | 0          | 0          |   0.0 |  0.00
Output  | 0          | 0          | 0          |   0.0 |  0.00
Modify  | 0          | 0          | 0          |   0.0 |  0.00
Other   |            | 1.858e-06  |            |       |100.00

Nlocal:             18 ave          18 max          18 min
Histogram: 1 0 0 0 0 0 0 0 0 0
Nghost:           2858 ave        2858 max        2858 min
Histogram: 1 0 0 0 0 0 0 0 0 0
Neighs:              0 ave           0 max           0 min
Histogram: 1 0 0 0 0 0 0 0 0 0
FullNghs:        13302 ave       13302 max       13302 min
Histogram: 1 0 0 0 0 0 0 0 0 0

Total # of neighbors = 13302
Ave neighs/atom = 739
Neighbor list builds = 0
Dangerous builds = 0
set atom * x 0.0 y 0.0 z 0.0
Setting atom values ...
  18 settings made for x
  18 settings made for y
  18 settings made for z
change_box all     x final 0 2.544376519319434 y final 0 8.543643014480418 z final 0 8.590994120290384      xy final 0.8596809766831647 xz final -1.864428622246952 yz final -1.390904047190818 units box
Changing box ...
  triclinic box = (0 0 0) to (2.5443765 8.5406252 8.5954883) with tilt (0.84624283 -1.8535562 -1.3963652)
  triclinic box = (0 0 0) to (2.5443765 8.543643 8.5954883) with tilt (0.84624283 -1.8535562 -1.3963652)
  triclinic box = (0 0 0) to (2.5443765 8.543643 8.5909941) with tilt (0.84624283 -1.8535562 -1.3963652)
  triclinic box = (0 0 0) to (2.5443765 8.543643 8.5909941) with tilt (0.85968098 -1.8535562 -1.3963652)
  triclinic box = (0 0 0) to (2.5443765 8.543643 8.5909941) with tilt (0.85968098 -1.8644286 -1.3963652)
  triclinic box = (0 0 0) to (2.5443765 8.543643 8.5909941) with tilt (0.85968098 -1.8644286 -1.390904)
echo none
run 0
Per MPI rank memory allocation (min/avg/max) = 3.924 | 3.924 | 3.924 Mbytes
    PotEng          Pxx           E_mol          E_coul    
-76.850364     -49.772105      0              0            
Loop time of 1.472e-06 on 1 procs for 0 steps with 18 atoms

883.2% CPU use with 1 MPI tasks x 1 OpenMP threads

MPI task timing breakdown:
Section |  min time  |  avg time  |  max time  |%varavg| %total
---------------------------------------------------------------
Pair    | 0          | 0          | 0          |   0.0 |  0.00
Neigh   | 0          | 0          | 0          |   0.0 |  0.00
Comm    | 0          | 0          | 0          |   0.0 |  0.00
Output  | 0          | 0          | 0          |   0.0 |  0.00
Modify  | 0          | 0          | 0          |   0.0 |  0.00
Other   |            | 1.472e-06  |            |       |100.00

Nlocal:             18 ave          18 max          18 min
Histogram: 1 0 0 0 0 0 0 0 0 0
Nghost:           2858 ave        2858 max        2858 min
Histogram: 1 0 0 0 0 0 0 0 0 0
Neighs:              0 ave           0 max           0 min
Histogram: 1 0 0 0 0 0 0 0 0 0
FullNghs:        13294 ave       13294 max       13294 min
Histogram: 1 0 0 0 0 0 0 0 0 0

Total # of neighbors = 13294
Ave neighs/atom = 738.55556
Neighbor list builds = 0
Dangerous builds = 0
set atom * x 0.0 y 0.0 z 0.0
Setting atom values ...
  18 settings made for x
  18 settings made for y
  18 settings made for z
change_box all     x final 0 2.5436859484520875 y final 0 8.546382212091453 z final 0 8.586905001048857      xy final 0.8718982938337605 xz final -1.8742997162667474 yz final -1.3859348505775109 units box
Changing box ...
  triclinic box = (0 0 0) to (2.5436859 8.543643 8.5909941) with tilt (0.85968098 -1.8644286 -1.390904)
  triclinic box = (0 0 0) to (2.5436859 8.5463822 8.5909941) with tilt (0.85968098 -1.8644286 -1.390904)
  triclinic box = (0 0 0) to (2.5436859 8.5463822 8.586905) with tilt (0.85968098 -1.8644286 -1.390904)
  triclinic box = (0 0 0) to (2.5436859 8.5463822 8.586905) with tilt (0.87189829 -1.8644286 -1.390904)
  triclinic box = (0 0 0) to (2.5436859 8.5463822 8.586905) with tilt (0.87189829 -1.8742997 -1.390904)
  triclinic box = (0 0 0) to (2.5436859 8.5463822 8.586905) with tilt (0.87189829 -1.8742997 -1.3859349)
echo none
run 0
Per MPI rank memory allocation (min/avg/max) = 3.924 | 3.924 | 3.924 Mbytes
    PotEng          Pxx           E_mol          E_coul    
-76.850444      600.00927      0              0            
Loop time of 1.402e-06 on 1 procs for 0 steps with 18 atoms

1141.2% CPU use with 1 MPI tasks x 1 OpenMP threads

MPI task timing breakdown:
Section |  min time  |  avg time  |  max time  |%varavg| %total
---------------------------------------------------------------
Pair    | 0          | 0          | 0          |   0.0 |  0.00
Neigh   | 0          | 0          | 0          |   0.0 |  0.00
Comm    | 0          | 0          | 0          |   0.0 |  0.00
Output  | 0          | 0          | 0          |   0.0 |  0.00
Modify  | 0          | 0          | 0          |   0.0 |  0.00
Other   |            | 1.402e-06  |            |       |100.00

Nlocal:             18 ave          18 max          18 min
Histogram: 1 0 0 0 0 0 0 0 0 0
Nghost:           2858 ave        2858 max        2858 min
Histogram: 1 0 0 0 0 0 0 0 0 0
Neighs:              0 ave           0 max           0 min
Histogram: 1 0 0 0 0 0 0 0 0 0
FullNghs:        13294 ave       13294 max       13294 min
Histogram: 1 0 0 0 0 0 0 0 0 0

Total # of neighbors = 13294
Ave neighs/atom = 738.55556
Neighbor list builds = 0
Dangerous builds = 0
set atom * x 0.0 y 0.0 z 0.0
Setting atom values ...
  18 settings made for x
  18 settings made for y
  18 settings made for z
change_box all     x final 0 2.5436859484520893 y final 0 8.546382212091451 z final 0 8.586905001048857      xy final 0.8718982938337615 xz final -1.8742997162667474 yz final -1.38593485057751 units box
Changing box ...
  triclinic box = (0 0 0) to (2.5436859 8.5463822 8.586905) with tilt (0.87189829 -1.8742997 -1.3859349)
  triclinic box = (0 0 0) to (2.5436859 8.5463822 8.586905) with tilt (0.87189829 -1.8742997 -1.3859349)
  triclinic box = (0 0 0) to (2.5436859 8.5463822 8.586905) with tilt (0.87189829 -1.8742997 -1.3859349)
  triclinic box = (0 0 0) to (2.5436859 8.5463822 8.586905) with tilt (0.87189829 -1.8742997 -1.3859349)
  triclinic box = (0 0 0) to (2.5436859 8.5463822 8.586905) with tilt (0.87189829 -1.8742997 -1.3859349)
  triclinic box = (0 0 0) to (2.5436859 8.5463822 8.586905) with tilt (0.87189829 -1.8742997 -1.3859349)
echo none
run 0
Per MPI rank memory allocation (min/avg/max) = 3.924 | 3.924 | 3.924 Mbytes
    PotEng          Pxx           E_mol          E_coul    
-76.850444      600.00927      0              0            
Loop time of 1.847e-06 on 1 procs for 0 steps with 18 atoms

595.6% CPU use with 1 MPI tasks x 1 OpenMP threads

MPI task timing breakdown:
Section |  min time  |  avg time  |  max time  |%varavg| %total
---------------------------------------------------------------
Pair    | 0          | 0          | 0          |   0.0 |  0.00
Neigh   | 0          | 0          | 0          |   0.0 |  0.00
Comm    | 0          | 0          | 0          |   0.0 |  0.00
Output  | 0          | 0          | 0          |   0.0 |  0.00
Modify  | 0          | 0          | 0          |   0.0 |  0.00
Other   |            | 1.847e-06  |            |       |100.00

Nlocal:             18 ave          18 max          18 min
Histogram: 1 0 0 0 0 0 0 0 0 0
Nghost:           2858 ave        2858 max        2858 min
Histogram: 1 0 0 0 0 0 0 0 0 0
Neighs:              0 ave           0 max           0 min
Histogram: 1 0 0 0 0 0 0 0 0 0
FullNghs:        13294 ave       13294 max       13294 min
Histogram: 1 0 0 0 0 0 0 0 0 0

Total # of neighbors = 13294
Ave neighs/atom = 738.55556
Neighbor list builds = 0
Dangerous builds = 0
set atom * x 0.0 y 0.0 z 0.0
Setting atom values ...
  18 settings made for x
  18 settings made for y
  18 settings made for z
change_box all     x final 0 2.5437566978223956 y final 0 8.550970596968 z final 0 8.575868663771242      xy final 0.9231762640498203 xz final -1.9232565248547195 yz final -1.4308199989070312 units box
Changing box ...
  triclinic box = (0 0 0) to (2.5437567 8.5463822 8.586905) with tilt (0.87189829 -1.8742997 -1.3859349)
  triclinic box = (0 0 0) to (2.5437567 8.5509706 8.586905) with tilt (0.87189829 -1.8742997 -1.3859349)
  triclinic box = (0 0 0) to (2.5437567 8.5509706 8.5758687) with tilt (0.87189829 -1.8742997 -1.3859349)
  triclinic box = (0 0 0) to (2.5437567 8.5509706 8.5758687) with tilt (0.92317626 -1.8742997 -1.3859349)
  triclinic box = (0 0 0) to (2.5437567 8.5509706 8.5758687) with tilt (0.92317626 -1.9232565 -1.3859349)
  triclinic box = (0 0 0) to (2.5437567 8.5509706 8.5758687) with tilt (0.92317626 -1.9232565 -1.43082)
echo none
run 0
Per MPI rank memory allocation (min/avg/max) = 3.924 | 3.924 | 3.924 Mbytes
    PotEng          Pxx           E_mol          E_coul    
-76.850764      522.87003      0              0            
Loop time of 1.406e-06 on 1 procs for 0 steps with 18 atoms

853.5% CPU use with 1 MPI tasks x 1 OpenMP threads

MPI task timing breakdown:
Section |  min time  |  avg time  |  max time  |%varavg| %total
---------------------------------------------------------------
Pair    | 0          | 0          | 0          |   0.0 |  0.00
Neigh   | 0          | 0          | 0          |   0.0 |  0.00
Comm    | 0          | 0          | 0          |   0.0 |  0.00
Output  | 0          | 0          | 0          |   0.0 |  0.00
Modify  | 0          | 0          | 0          |   0.0 |  0.00
Other   |            | 1.406e-06  |            |       |100.00

Nlocal:             18 ave          18 max          18 min
Histogram: 1 0 0 0 0 0 0 0 0 0
Nghost:           2858 ave        2858 max        2858 min
Histogram: 1 0 0 0 0 0 0 0 0 0
Neighs:              0 ave           0 max           0 min
Histogram: 1 0 0 0 0 0 0 0 0 0
FullNghs:        13286 ave       13286 max       13286 min
Histogram: 1 0 0 0 0 0 0 0 0 0

Total # of neighbors = 13286
Ave neighs/atom = 738.11111
Neighbor list builds = 0
Dangerous builds = 0
set atom * x 0.0 y 0.0 z 0.0
Setting atom values ...
  18 settings made for x
  18 settings made for y
  18 settings made for z
change_box all     x final 0 2.5440737861957383 y final 0 8.560103723545692 z final 0 8.553383492236215      xy final 1.02584064362461 xz final -2.021125058610933 yz final -1.5190321099772397 units box
Changing box ...
  triclinic box = (0 0 0) to (2.5440738 8.5509706 8.5758687) with tilt (0.92317626 -1.9232565 -1.43082)
  triclinic box = (0 0 0) to (2.5440738 8.5601037 8.5758687) with tilt (0.92317626 -1.9232565 -1.43082)
  triclinic box = (0 0 0) to (2.5440738 8.5601037 8.5533835) with tilt (0.92317626 -1.9232565 -1.43082)
  triclinic box = (0 0 0) to (2.5440738 8.5601037 8.5533835) with tilt (1.0258406 -1.9232565 -1.43082)
  triclinic box = (0 0 0) to (2.5440738 8.5601037 8.5533835) with tilt (1.0258406 -2.0211251 -1.43082)
  triclinic box = (0 0 0) to (2.5440738 8.5601037 8.5533835) with tilt (1.0258406 -2.0211251 -1.5190321)
echo none
run 0
Per MPI rank memory allocation (min/avg/max) = 3.924 | 3.924 | 3.924 Mbytes
    PotEng          Pxx           E_mol          E_coul    
-76.850984      185.53491      0              0            
Loop time of 1.233e-06 on 1 procs for 0 steps with 18 atoms

1054.3% CPU use with 1 MPI tasks x 1 OpenMP threads

MPI task timing breakdown:
Section |  min time  |  avg time  |  max time  |%varavg| %total
---------------------------------------------------------------
Pair    | 0          | 0          | 0          |   0.0 |  0.00
Neigh   | 0          | 0          | 0          |   0.0 |  0.00
Comm    | 0          | 0          | 0          |   0.0 |  0.00
Output  | 0          | 0          | 0          |   0.0 |  0.00
Modify  | 0          | 0          | 0          |   0.0 |  0.00
Other   |            | 1.233e-06  |            |       |100.00

Nlocal:             18 ave          18 max          18 min
Histogram: 1 0 0 0 0 0 0 0 0 0
Nghost:           2886 ave        2886 max        2886 min
Histogram: 1 0 0 0 0 0 0 0 0 0
Neighs:              0 ave           0 max           0 min
Histogram: 1 0 0 0 0 0 0 0 0 0
FullNghs:        13304 ave       13304 max       13304 min
Histogram: 1 0 0 0 0 0 0 0 0 0

Total # of neighbors = 13304
Ave neighs/atom = 739.11111
Neighbor list builds = 0
Dangerous builds = 0
set atom * x 0.0 y 0.0 z 0.0
Setting atom values ...
  18 settings made for x
  18 settings made for y
  18 settings made for z
change_box all     x final 0 2.5440737861957383 y final 0 8.560103723545685 z final 0 8.553383492236215      xy final 1.02584064362461 xz final -2.021125058610933 yz final -1.5190321099772406 units box
Changing box ...
  triclinic box = (0 0 0) to (2.5440738 8.5601037 8.5533835) with tilt (1.0258406 -2.0211251 -1.5190321)
  triclinic box = (0 0 0) to (2.5440738 8.5601037 8.5533835) with tilt (1.0258406 -2.0211251 -1.5190321)
  triclinic box = (0 0 0) to (2.5440738 8.5601037 8.5533835) with tilt (1.0258406 -2.0211251 -1.5190321)
  triclinic box = (0 0 0) to (2.5440738 8.5601037 8.5533835) with tilt (1.0258406 -2.0211251 -1.5190321)
  triclinic box = (0 0 0) to (2.5440738 8.5601037 8.5533835) with tilt (1.0258406 -2.0211251 -1.5190321)
  triclinic box = (0 0 0) to (2.5440738 8.5601037 8.5533835) with tilt (1.0258406 -2.0211251 -1.5190321)
echo none
run 0
Per MPI rank memory allocation (min/avg/max) = 3.924 | 3.924 | 3.924 Mbytes
    PotEng          Pxx           E_mol          E_coul    
-76.850984      185.53491      0              0            
Loop time of 1.404e-06 on 1 procs for 0 steps with 18 atoms

498.6% CPU use with 1 MPI tasks x 1 OpenMP threads

MPI task timing breakdown:
Section |  min time  |  avg time  |  max time  |%varavg| %total
---------------------------------------------------------------
Pair    | 0          | 0          | 0          |   0.0 |  0.00
Neigh   | 0          | 0          | 0          |   0.0 |  0.00
Comm    | 0          | 0          | 0          |   0.0 |  0.00
Output  | 0          | 0          | 0          |   0.0 |  0.00
Modify  | 0          | 0          | 0          |   0.0 |  0.00
Other   |            | 1.404e-06  |            |       |100.00

Nlocal:             18 ave          18 max          18 min
Histogram: 1 0 0 0 0 0 0 0 0 0
Nghost:           2886 ave        2886 max        2886 min
Histogram: 1 0 0 0 0 0 0 0 0 0
Neighs:              0 ave           0 max           0 min
Histogram: 1 0 0 0 0 0 0 0 0 0
FullNghs:        13304 ave       13304 max       13304 min
Histogram: 1 0 0 0 0 0 0 0 0 0

Total # of neighbors = 13304
Ave neighs/atom = 739.11111
Neighbor list builds = 0
Dangerous builds = 0
set atom * x 0.0 y 0.0 z 0.0
Setting atom values ...
  18 settings made for x
  18 settings made for y
  18 settings made for z
change_box all     x final 0 2.5441037402752134 y final 0 8.552142886132177 z final 0 8.55125912375928      xy final 1.0573168357304648 xz final -2.0498078190549682 yz final -1.5228184727744654 units box
Changing box ...
  triclinic box = (0 0 0) to (2.5441037 8.5601037 8.5533835) with tilt (1.0258406 -2.0211251 -1.5190321)
  triclinic box = (0 0 0) to (2.5441037 8.5521429 8.5533835) with tilt (1.0258406 -2.0211251 -1.5190321)
  triclinic box = (0 0 0) to (2.5441037 8.5521429 8.5512591) with tilt (1.0258406 -2.0211251 -1.5190321)
  triclinic box = (0 0 0) to (2.5441037 8.5521429 8.5512591) with tilt (1.0573168 -2.0211251 -1.5190321)
  triclinic box = (0 0 0) to (2.5441037 8.5521429 8.5512591) with tilt (1.0573168 -2.0498078 -1.5190321)
  triclinic box = (0 0 0) to (2.5441037 8.5521429 8.5512591) with tilt (1.0573168 -2.0498078 -1.5228185)
echo none
run 0
Per MPI rank memory allocation (min/avg/max) = 3.924 | 3.924 | 3.924 Mbytes
    PotEng          Pxx           E_mol          E_coul    
-76.851828      185.65175      0              0            
Loop time of 1.479e-06 on 1 procs for 0 steps with 18 atoms

1014.2% CPU use with 1 MPI tasks x 1 OpenMP threads

MPI task timing breakdown:
Section |  min time  |  avg time  |  max time  |%varavg| %total
---------------------------------------------------------------
Pair    | 0          | 0          | 0          |   0.0 |  0.00
Neigh   | 0          | 0          | 0          |   0.0 |  0.00
Comm    | 0          | 0          | 0          |   0.0 |  0.00
Output  | 0          | 0          | 0          |   0.0 |  0.00
Modify  | 0          | 0          | 0          |   0.0 |  0.00
Other   |            | 1.479e-06  |            |       |100.00

Nlocal:             18 ave          18 max          18 min
Histogram: 1 0 0 0 0 0 0 0 0 0
Nghost:           2886 ave        2886 max        2886 min
Histogram: 1 0 0 0 0 0 0 0 0 0
Neighs:              0 ave           0 max           0 min
Histogram: 1 0 0 0 0 0 0 0 0 0
FullNghs:        13320 ave       13320 max       13320 min
Histogram: 1 0 0 0 0 0 0 0 0 0

Total # of neighbors = 13320
Ave neighs/atom = 740
Neighbor list builds = 0
Dangerous builds = 0
set atom * x 0.0 y 0.0 z 0.0
Setting atom values ...
  18 settings made for x
  18 settings made for y
  18 settings made for z
change_box all     x final 0 2.5443782909186043 y final 0 8.52399827574956 z final 0 8.543601128263985      xy final 1.1672359093766194 xz final -2.1503250881106966 yz final -1.535442051473709 units box
Changing box ...
  triclinic box = (0 0 0) to (2.5443783 8.5521429 8.5512591) with tilt (1.0573168 -2.0498078 -1.5228185)
  triclinic box = (0 0 0) to (2.5443783 8.5239983 8.5512591) with tilt (1.0573168 -2.0498078 -1.5228185)
  triclinic box = (0 0 0) to (2.5443783 8.5239983 8.5436011) with tilt (1.0573168 -2.0498078 -1.5228185)
  triclinic box = (0 0 0) to (2.5443783 8.5239983 8.5436011) with tilt (1.1672359 -2.0498078 -1.5228185)
  triclinic box = (0 0 0) to (2.5443783 8.5239983 8.5436011) with tilt (1.1672359 -2.1503251 -1.5228185)
  triclinic box = (0 0 0) to (2.5443783 8.5239983 8.5436011) with tilt (1.1672359 -2.1503251 -1.5354421)
echo none
run 0
Per MPI rank memory allocation (min/avg/max) = 3.924 | 3.924 | 3.924 Mbytes
    PotEng          Pxx           E_mol          E_coul    
-76.853096      34.019067      0              0            
Loop time of 1.35e-06 on 1 procs for 0 steps with 18 atoms

666.7% CPU use with 1 MPI tasks x 1 OpenMP threads

MPI task timing breakdown:
Section |  min time  |  avg time  |  max time  |%varavg| %total
---------------------------------------------------------------
Pair    | 0          | 0          | 0          |   0.0 |  0.00
Neigh   | 0          | 0          | 0          |   0.0 |  0.00
Comm    | 0          | 0          | 0          |   0.0 |  0.00
Output  | 0          | 0          | 0          |   0.0 |  0.00
Modify  | 0          | 0          | 0          |   0.0 |  0.00
Other   |            | 1.35e-06   |            |       |100.00

Nlocal:             18 ave          18 max          18 min
Histogram: 1 0 0 0 0 0 0 0 0 0
Nghost:           2930 ave        2930 max        2930 min
Histogram: 1 0 0 0 0 0 0 0 0 0
Neighs:              0 ave           0 max           0 min
Histogram: 1 0 0 0 0 0 0 0 0 0
FullNghs:        13354 ave       13354 max       13354 min
Histogram: 1 0 0 0 0 0 0 0 0 0

Total # of neighbors = 13354
Ave neighs/atom = 741.88889
Neighbor list builds = 0
Dangerous builds = 0
set atom * x 0.0 y 0.0 z 0.0
Setting atom values ...
  18 settings made for x
  18 settings made for y
  18 settings made for z
change_box all     x final 0 2.5443782909186052 y final 0 8.523998275749562 z final 0 8.543601128263983      xy final 1.1672359093766198 xz final -2.150325088110698 yz final -1.5354420514737082 units box
Changing box ...
  triclinic box = (0 0 0) to (2.5443783 8.5239983 8.5436011) with tilt (1.1672359 -2.1503251 -1.5354421)
  triclinic box = (0 0 0) to (2.5443783 8.5239983 8.5436011) with tilt (1.1672359 -2.1503251 -1.5354421)
  triclinic box = (0 0 0) to (2.5443783 8.5239983 8.5436011) with tilt (1.1672359 -2.1503251 -1.5354421)
  triclinic box = (0 0 0) to (2.5443783 8.5239983 8.5436011) with tilt (1.1672359 -2.1503251 -1.5354421)
  triclinic box = (0 0 0) to (2.5443783 8.5239983 8.5436011) with tilt (1.1672359 -2.1503251 -1.5354421)
  triclinic box = (0 0 0) to (2.5443783 8.5239983 8.5436011) with tilt (1.1672359 -2.1503251 -1.5354421)
echo none
run 0
Per MPI rank memory allocation (min/avg/max) = 3.924 | 3.924 | 3.924 Mbytes
    PotEng          Pxx           E_mol          E_coul    
-76.853096      34.019067      0              0            
Loop time of 1.355e-06 on 1 procs for 0 steps with 18 atoms

516.6% CPU use with 1 MPI tasks x 1 OpenMP threads

MPI task timing breakdown:
Section |  min time  |  avg time  |  max time  |%varavg| %total
---------------------------------------------------------------
Pair    | 0          | 0          | 0          |   0.0 |  0.00
Neigh   | 0          | 0          | 0          |   0.0 |  0.00
Comm    | 0          | 0          | 0          |   0.0 |  0.00
Output  | 0          | 0          | 0          |   0.0 |  0.00
Modify  | 0          | 0          | 0          |   0.0 |  0.00
Other   |            | 1.355e-06  |            |       |100.00

Nlocal:             18 ave          18 max          18 min
Histogram: 1 0 0 0 0 0 0 0 0 0
Nghost:           2930 ave        2930 max        2930 min
Histogram: 1 0 0 0 0 0 0 0 0 0
Neighs:              0 ave           0 max           0 min
Histogram: 1 0 0 0 0 0 0 0 0 0
FullNghs:        13354 ave       13354 max       13354 min
Histogram: 1 0 0 0 0 0 0 0 0 0

Total # of neighbors = 13354
Ave neighs/atom = 741.88889
Neighbor list builds = 0
Dangerous builds = 0
set atom * x 0.0 y 0.0 z 0.0
Setting atom values ...
  18 settings made for x
  18 settings made for y
  18 settings made for z
change_box all     x final 0 2.545635709718214 y final 0 8.525794955695135 z final 0 8.523129539098475      xy final 1.3556347831335158 xz final -2.34457750919335 yz final -1.6075338412062636 units box
Changing box ...
  triclinic box = (0 0 0) to (2.5456357 8.5239983 8.5436011) with tilt (1.1672359 -2.1503251 -1.5354421)
  triclinic box = (0 0 0) to (2.5456357 8.525795 8.5436011) with tilt (1.1672359 -2.1503251 -1.5354421)
  triclinic box = (0 0 0) to (2.5456357 8.525795 8.5231295) with tilt (1.1672359 -2.1503251 -1.5354421)
  triclinic box = (0 0 0) to (2.5456357 8.525795 8.5231295) with tilt (1.3556348 -2.1503251 -1.5354421)
  triclinic box = (0 0 0) to (2.5456357 8.525795 8.5231295) with tilt (1.3556348 -2.3445775 -1.5354421)
  triclinic box = (0 0 0) to (2.5456357 8.525795 8.5231295) with tilt (1.3556348 -2.3445775 -1.6075338)
echo none
run 0
Per MPI rank memory allocation (min/avg/max) = 3.925 | 3.925 | 3.925 Mbytes
    PotEng          Pxx           E_mol          E_coul    
-76.854801     -1038.3779      0              0            
Loop time of 1.012e-06 on 1 procs for 0 steps with 18 atoms

296.4% CPU use with 1 MPI tasks x 1 OpenMP threads

MPI task timing breakdown:
Section |  min time  |  avg time  |  max time  |%varavg| %total
---------------------------------------------------------------
Pair    | 0          | 0          | 0          |   0.0 |  0.00
Neigh   | 0          | 0          | 0          |   0.0 |  0.00
Comm    | 0          | 0          | 0          |   0.0 |  0.00
Output  | 0          | 0          | 0          |   0.0 |  0.00
Modify  | 0          | 0          | 0          |   0.0 |  0.00
Other   |            | 1.012e-06  |            |       |100.00

Nlocal:             18 ave          18 max          18 min
Histogram: 1 0 0 0 0 0 0 0 0 0
Nghost:           3046 ave        3046 max        3046 min
Histogram: 1 0 0 0 0 0 0 0 0 0
Neighs:              0 ave           0 max           0 min
Histogram: 1 0 0 0 0 0 0 0 0 0
FullNghs:        13386 ave       13386 max       13386 min
Histogram: 1 0 0 0 0 0 0 0 0 0

Total # of neighbors = 13386
Ave neighs/atom = 743.66667
Neighbor list builds = 0
Dangerous builds = 0
set atom * x 0.0 y 0.0 z 0.0
Setting atom values ...
  18 settings made for x
  18 settings made for y
  18 settings made for z
change_box all     x final 0 2.5456357097182134 y final 0 8.525794955695135 z final 0 8.523129539098473      xy final 1.3556347831335143 xz final -2.344577509193349 yz final -1.6075338412062623 units box
Changing box ...
  triclinic box = (0 0 0) to (2.5456357 8.525795 8.5231295) with tilt (1.3556348 -2.3445775 -1.6075338)
  triclinic box = (0 0 0) to (2.5456357 8.525795 8.5231295) with tilt (1.3556348 -2.3445775 -1.6075338)
  triclinic box = (0 0 0) to (2.5456357 8.525795 8.5231295) with tilt (1.3556348 -2.3445775 -1.6075338)
  triclinic box = (0 0 0) to (2.5456357 8.525795 8.5231295) with tilt (1.3556348 -2.3445775 -1.6075338)
  triclinic box = (0 0 0) to (2.5456357 8.525795 8.5231295) with tilt (1.3556348 -2.3445775 -1.6075338)
  triclinic box = (0 0 0) to (2.5456357 8.525795 8.5231295) with tilt (1.3556348 -2.3445775 -1.6075338)
echo none
run 0
Per MPI rank memory allocation (min/avg/max) = 3.925 | 3.925 | 3.925 Mbytes
    PotEng          Pxx           E_mol          E_coul    
-76.854801     -1038.3779      0              0            
Loop time of 1.323e-06 on 1 procs for 0 steps with 18 atoms

831.4% CPU use with 1 MPI tasks x 1 OpenMP threads

MPI task timing breakdown:
Section |  min time  |  avg time  |  max time  |%varavg| %total
---------------------------------------------------------------
Pair    | 0          | 0          | 0          |   0.0 |  0.00
Neigh   | 0          | 0          | 0          |   0.0 |  0.00
Comm    | 0          | 0          | 0          |   0.0 |  0.00
Output  | 0          | 0          | 0          |   0.0 |  0.00
Modify  | 0          | 0          | 0          |   0.0 |  0.00
Other   |            | 1.323e-06  |            |       |100.00

Nlocal:             18 ave          18 max          18 min
Histogram: 1 0 0 0 0 0 0 0 0 0
Nghost:           3046 ave        3046 max        3046 min
Histogram: 1 0 0 0 0 0 0 0 0 0
Neighs:              0 ave           0 max           0 min
Histogram: 1 0 0 0 0 0 0 0 0 0
FullNghs:        13386 ave       13386 max       13386 min
Histogram: 1 0 0 0 0 0 0 0 0 0

Total # of neighbors = 13386
Ave neighs/atom = 743.66667
Neighbor list builds = 0
Dangerous builds = 0
set atom * x 0.0 y 0.0 z 0.0
Setting atom values ...
  18 settings made for x
  18 settings made for y
  18 settings made for z
change_box all     x final 0 2.544490488695096 y final 0 8.51520627311801 z final 0 8.522574537196176      xy final 1.4514658490620989 xz final -2.4948088869085843 yz final -1.6590378967921173 units box
Changing box ...
  triclinic box = (0 0 0) to (2.5444905 8.525795 8.5231295) with tilt (1.3556348 -2.3445775 -1.6075338)
  triclinic box = (0 0 0) to (2.5444905 8.5152063 8.5231295) with tilt (1.3556348 -2.3445775 -1.6075338)
  triclinic box = (0 0 0) to (2.5444905 8.5152063 8.5225745) with tilt (1.3556348 -2.3445775 -1.6075338)
  triclinic box = (0 0 0) to (2.5444905 8.5152063 8.5225745) with tilt (1.4514658 -2.3445775 -1.6075338)
  triclinic box = (0 0 0) to (2.5444905 8.5152063 8.5225745) with tilt (1.4514658 -2.4948089 -1.6075338)
  triclinic box = (0 0 0) to (2.5444905 8.5152063 8.5225745) with tilt (1.4514658 -2.4948089 -1.6590379)
echo none
run 0
Per MPI rank memory allocation (min/avg/max) = 3.933 | 3.933 | 3.933 Mbytes
    PotEng          Pxx           E_mol          E_coul    
-76.856347     -222.07952      0              0            
Loop time of 1.379e-06 on 1 procs for 0 steps with 18 atoms

942.7% CPU use with 1 MPI tasks x 1 OpenMP threads

MPI task timing breakdown:
Section |  min time  |  avg time  |  max time  |%varavg| %total
---------------------------------------------------------------
Pair    | 0          | 0          | 0          |   0.0 |  0.00
Neigh   | 0          | 0          | 0          |   0.0 |  0.00
Comm    | 0          | 0          | 0          |   0.0 |  0.00
Output  | 0          | 0          | 0          |   0.0 |  0.00
Modify  | 0          | 0          | 0          |   0.0 |  0.00
Other   |            | 1.379e-06  |            |       |100.00

Nlocal:             18 ave          18 max          18 min
Histogram: 1 0 0 0 0 0 0 0 0 0
Nghost:           3078 ave        3078 max        3078 min
Histogram: 1 0 0 0 0 0 0 0 0 0
Neighs:              0 ave           0 max           0 min
Histogram: 1 0 0 0 0 0 0 0 0 0
FullNghs:        13448 ave       13448 max       13448 min
Histogram: 1 0 0 0 0 0 0 0 0 0

Total # of neighbors = 13448
Ave neighs/atom = 747.11111
Neighbor list builds = 0
Dangerous builds = 0
set atom * x 0.0 y 0.0 z 0.0
Setting atom values ...
  18 settings made for x
  18 settings made for y
  18 settings made for z
change_box all     x final 0 2.5444904886950948 y final 0 8.515206273118004 z final 0 8.522574537196176      xy final 1.4514658490620986 xz final -2.494808886908583 yz final -1.6590378967921173 units box
Changing box ...
  triclinic box = (0 0 0) to (2.5444905 8.5152063 8.5225745) with tilt (1.4514658 -2.4948089 -1.6590379)
  triclinic box = (0 0 0) to (2.5444905 8.5152063 8.5225745) with tilt (1.4514658 -2.4948089 -1.6590379)
  triclinic box = (0 0 0) to (2.5444905 8.5152063 8.5225745) with tilt (1.4514658 -2.4948089 -1.6590379)
  triclinic box = (0 0 0) to (2.5444905 8.5152063 8.5225745) with tilt (1.4514658 -2.4948089 -1.6590379)
  triclinic box = (0 0 0) to (2.5444905 8.5152063 8.5225745) with tilt (1.4514658 -2.4948089 -1.6590379)
  triclinic box = (0 0 0) to (2.5444905 8.5152063 8.5225745) with tilt (1.4514658 -2.4948089 -1.6590379)
echo none
run 0
Per MPI rank memory allocation (min/avg/max) = 3.933 | 3.933 | 3.933 Mbytes
    PotEng          Pxx           E_mol          E_coul    
-76.856347     -222.07952      0              0            
Loop time of 1.359e-06 on 1 procs for 0 steps with 18 atoms

441.5% CPU use with 1 MPI tasks x 1 OpenMP threads

MPI task timing breakdown:
Section |  min time  |  avg time  |  max time  |%varavg| %total
---------------------------------------------------------------
Pair    | 0          | 0          | 0          |   0.0 |  0.00
Neigh   | 0          | 0          | 0          |   0.0 |  0.00
Comm    | 0          | 0          | 0          |   0.0 |  0.00
Output  | 0          | 0          | 0          |   0.0 |  0.00
Modify  | 0          | 0          | 0          |   0.0 |  0.00
Other   |            | 1.359e-06  |            |       |100.00

Nlocal:             18 ave          18 max          18 min
Histogram: 1 0 0 0 0 0 0 0 0 0
Nghost:           3078 ave        3078 max        3078 min
Histogram: 1 0 0 0 0 0 0 0 0 0
Neighs:              0 ave           0 max           0 min
Histogram: 1 0 0 0 0 0 0 0 0 0
FullNghs:        13448 ave       13448 max       13448 min
Histogram: 1 0 0 0 0 0 0 0 0 0

Total # of neighbors = 13448
Ave neighs/atom = 747.11111
Neighbor list builds = 0
Dangerous builds = 0
set atom * x 0.0 y 0.0 z 0.0
Setting atom values ...
  18 settings made for x
  18 settings made for y
  18 settings made for z
change_box all     x final 0 2.5431801739508337 y final 0 8.50870937777711 z final 0 8.533251146662842      xy final 1.3578179653582707 xz final -2.552903603319058 yz final -1.5920115339332694 units box
Changing box ...
  triclinic box = (0 0 0) to (2.5431802 8.5152063 8.5225745) with tilt (1.4514658 -2.4948089 -1.6590379)
  triclinic box = (0 0 0) to (2.5431802 8.5087094 8.5225745) with tilt (1.4514658 -2.4948089 -1.6590379)
  triclinic box = (0 0 0) to (2.5431802 8.5087094 8.5332511) with tilt (1.4514658 -2.4948089 -1.6590379)
  triclinic box = (0 0 0) to (2.5431802 8.5087094 8.5332511) with tilt (1.357818 -2.4948089 -1.6590379)
  triclinic box = (0 0 0) to (2.5431802 8.5087094 8.5332511) with tilt (1.357818 -2.5529036 -1.6590379)
  triclinic box = (0 0 0) to (2.5431802 8.5087094 8.5332511) with tilt (1.357818 -2.5529036 -1.5920115)
echo none
run 0
Per MPI rank memory allocation (min/avg/max) = 3.933 | 3.933 | 3.933 Mbytes
    PotEng          Pxx           E_mol          E_coul    
-76.856465      1421.5431      0              0            
Loop time of 1.592e-06 on 1 procs for 0 steps with 18 atoms

879.4% CPU use with 1 MPI tasks x 1 OpenMP threads

MPI task timing breakdown:
Section |  min time  |  avg time  |  max time  |%varavg| %total
---------------------------------------------------------------
Pair    | 0          | 0          | 0          |   0.0 |  0.00
Neigh   | 0          | 0          | 0          |   0.0 |  0.00
Comm    | 0          | 0          | 0          |   0.0 |  0.00
Output  | 0          | 0          | 0          |   0.0 |  0.00
Modify  | 0          | 0          | 0          |   0.0 |  0.00
Other   |            | 1.592e-06  |            |       |100.00

Nlocal:             18 ave          18 max          18 min
Histogram: 1 0 0 0 0 0 0 0 0 0
Nghost:           3094 ave        3094 max        3094 min
Histogram: 1 0 0 0 0 0 0 0 0 0
Neighs:              0 ave           0 max           0 min
Histogram: 1 0 0 0 0 0 0 0 0 0
FullNghs:        13436 ave       13436 max       13436 min
Histogram: 1 0 0 0 0 0 0 0 0 0

Total # of neighbors = 13436
Ave neighs/atom = 746.44444
Neighbor list builds = 0
Dangerous builds = 0
set atom * x 0.0 y 0.0 z 0.0
Setting atom values ...
  18 settings made for x
  18 settings made for y
  18 settings made for z
change_box all     x final 0 2.5437456808035677 y final 0 8.511644832568766 z final 0 8.528513300441556      xy final 1.400060671474813 xz final -2.526622152070282 yz final -1.6221553995735094 units box
Changing box ...
  triclinic box = (0 0 0) to (2.5437457 8.5087094 8.5332511) with tilt (1.357818 -2.5529036 -1.5920115)
  triclinic box = (0 0 0) to (2.5437457 8.5116448 8.5332511) with tilt (1.357818 -2.5529036 -1.5920115)
  triclinic box = (0 0 0) to (2.5437457 8.5116448 8.5285133) with tilt (1.357818 -2.5529036 -1.5920115)
  triclinic box = (0 0 0) to (2.5437457 8.5116448 8.5285133) with tilt (1.4000607 -2.5529036 -1.5920115)
  triclinic box = (0 0 0) to (2.5437457 8.5116448 8.5285133) with tilt (1.4000607 -2.5266222 -1.5920115)
  triclinic box = (0 0 0) to (2.5437457 8.5116448 8.5285133) with tilt (1.4000607 -2.5266222 -1.6221554)
echo none
run 0
Per MPI rank memory allocation (min/avg/max) = 3.933 | 3.933 | 3.933 Mbytes
    PotEng          Pxx           E_mol          E_coul    
-76.856687      711.44632      0              0            
Loop time of 1.447e-06 on 1 procs for 0 steps with 18 atoms

829.3% CPU use with 1 MPI tasks x 1 OpenMP threads

MPI task timing breakdown:
Section |  min time  |  avg time  |  max time  |%varavg| %total
---------------------------------------------------------------
Pair    | 0          | 0          | 0          |   0.0 |  0.00
Neigh   | 0          | 0          | 0          |   0.0 |  0.00
Comm    | 0          | 0          | 0          |   0.0 |  0.00
Output  | 0          | 0          | 0          |   0.0 |  0.00
Modify  | 0          | 0          | 0          |   0.0 |  0.00
Other   |            | 1.447e-06  |            |       |100.00

Nlocal:             18 ave          18 max          18 min
Histogram: 1 0 0 0 0 0 0 0 0 0
Nghost:           3094 ave        3094 max        3094 min
Histogram: 1 0 0 0 0 0 0 0 0 0
Neighs:              0 ave           0 max           0 min
Histogram: 1 0 0 0 0 0 0 0 0 0
FullNghs:        13418 ave       13418 max       13418 min
Histogram: 1 0 0 0 0 0 0 0 0 0

Total # of neighbors = 13418
Ave neighs/atom = 745.44444
Neighbor list builds = 0
Dangerous builds = 0
set atom * x 0.0 y 0.0 z 0.0
Setting atom values ...
  18 settings made for x
  18 settings made for y
  18 settings made for z
change_box all     x final 0 2.5437456808035668 y final 0 8.51164483256877 z final 0 8.52851330044156      xy final 1.4000606714748125 xz final -2.526622152070281 yz final -1.6221553995735103 units box
Changing box ...
  triclinic box = (0 0 0) to (2.5437457 8.5116448 8.5285133) with tilt (1.4000607 -2.5266222 -1.6221554)
  triclinic box = (0 0 0) to (2.5437457 8.5116448 8.5285133) with tilt (1.4000607 -2.5266222 -1.6221554)
  triclinic box = (0 0 0) to (2.5437457 8.5116448 8.5285133) with tilt (1.4000607 -2.5266222 -1.6221554)
  triclinic box = (0 0 0) to (2.5437457 8.5116448 8.5285133) with tilt (1.4000607 -2.5266222 -1.6221554)
  triclinic box = (0 0 0) to (2.5437457 8.5116448 8.5285133) with tilt (1.4000607 -2.5266222 -1.6221554)
  triclinic box = (0 0 0) to (2.5437457 8.5116448 8.5285133) with tilt (1.4000607 -2.5266222 -1.6221554)
echo none
run 0
Per MPI rank memory allocation (min/avg/max) = 3.933 | 3.933 | 3.933 Mbytes
    PotEng          Pxx           E_mol          E_coul    
-76.856687      711.44632      0              0            
Loop time of 1.379e-06 on 1 procs for 0 steps with 18 atoms

1232.8% CPU use with 1 MPI tasks x 1 OpenMP threads

MPI task timing breakdown:
Section |  min time  |  avg time  |  max time  |%varavg| %total
---------------------------------------------------------------
Pair    | 0          | 0          | 0          |   0.0 |  0.00
Neigh   | 0          | 0          | 0          |   0.0 |  0.00
Comm    | 0          | 0          | 0          |   0.0 |  0.00
Output  | 0          | 0          | 0          |   0.0 |  0.00
Modify  | 0          | 0          | 0          |   0.0 |  0.00
Other   |            | 1.379e-06  |            |       |100.00

Nlocal:             18 ave          18 max          18 min
Histogram: 1 0 0 0 0 0 0 0 0 0
Nghost:           3094 ave        3094 max        3094 min
Histogram: 1 0 0 0 0 0 0 0 0 0
Neighs:              0 ave           0 max           0 min
Histogram: 1 0 0 0 0 0 0 0 0 0
FullNghs:        13418 ave       13418 max       13418 min
Histogram: 1 0 0 0 0 0 0 0 0 0

Total # of neighbors = 13418
Ave neighs/atom = 745.44444
Neighbor list builds = 0
Dangerous builds = 0
set atom * x 0.0 y 0.0 z 0.0
Setting atom values ...
  18 settings made for x
  18 settings made for y
  18 settings made for z
change_box all     x final 0 2.5445368644480877 y final 0 8.508927969666601 z final 0 8.506925974105979      xy final 1.412553046693231 xz final -2.6878459546094597 yz final -1.6816975991540344 units box
Changing box ...
  triclinic box = (0 0 0) to (2.5445369 8.5116448 8.5285133) with tilt (1.4000607 -2.5266222 -1.6221554)
  triclinic box = (0 0 0) to (2.5445369 8.508928 8.5285133) with tilt (1.4000607 -2.5266222 -1.6221554)
  triclinic box = (0 0 0) to (2.5445369 8.508928 8.506926) with tilt (1.4000607 -2.5266222 -1.6221554)
  triclinic box = (0 0 0) to (2.5445369 8.508928 8.506926) with tilt (1.412553 -2.5266222 -1.6221554)
  triclinic box = (0 0 0) to (2.5445369 8.508928 8.506926) with tilt (1.412553 -2.687846 -1.6221554)
  triclinic box = (0 0 0) to (2.5445369 8.508928 8.506926) with tilt (1.412553 -2.687846 -1.6816976)
echo none
run 0
Per MPI rank memory allocation (min/avg/max) = 3.934 | 3.934 | 3.934 Mbytes
    PotEng          Pxx           E_mol          E_coul    
-76.857292     -7.634091       0              0            
Loop time of 1.416e-06 on 1 procs for 0 steps with 18 atoms

776.8% CPU use with 1 MPI tasks x 1 OpenMP threads

MPI task timing breakdown:
Section |  min time  |  avg time  |  max time  |%varavg| %total
---------------------------------------------------------------
Pair    | 0          | 0          | 0          |   0.0 |  0.00
Neigh   | 0          | 0          | 0          |   0.0 |  0.00
Comm    | 0          | 0          | 0          |   0.0 |  0.00
Output  | 0          | 0          | 0          |   0.0 |  0.00
Modify  | 0          | 0          | 0          |   0.0 |  0.00
Other   |            | 1.416e-06  |            |       |100.00

Nlocal:             18 ave          18 max          18 min
Histogram: 1 0 0 0 0 0 0 0 0 0
Nghost:           3126 ave        3126 max        3126 min
Histogram: 1 0 0 0 0 0 0 0 0 0
Neighs:              0 ave           0 max           0 min
Histogram: 1 0 0 0 0 0 0 0 0 0
FullNghs:        13410 ave       13410 max       13410 min
Histogram: 1 0 0 0 0 0 0 0 0 0

Total # of neighbors = 13410
Ave neighs/atom = 745
Neighbor list builds = 0
Dangerous builds = 0
set atom * x 0.0 y 0.0 z 0.0
Setting atom values ...
  18 settings made for x
  18 settings made for y
  18 settings made for z
change_box all     x final 0 2.544536864448086 y final 0 8.508927969666596 z final 0 8.506925974105979      xy final 1.4125530466932288 xz final -2.687845954609457 yz final -1.681697599154033 units box
Changing box ...
  triclinic box = (0 0 0) to (2.5445369 8.508928 8.506926) with tilt (1.412553 -2.687846 -1.6816976)
  triclinic box = (0 0 0) to (2.5445369 8.508928 8.506926) with tilt (1.412553 -2.687846 -1.6816976)
  triclinic box = (0 0 0) to (2.5445369 8.508928 8.506926) with tilt (1.412553 -2.687846 -1.6816976)
  triclinic box = (0 0 0) to (2.5445369 8.508928 8.506926) with tilt (1.412553 -2.687846 -1.6816976)
  triclinic box = (0 0 0) to (2.5445369 8.508928 8.506926) with tilt (1.412553 -2.687846 -1.6816976)
  triclinic box = (0 0 0) to (2.5445369 8.508928 8.506926) with tilt (1.412553 -2.687846 -1.6816976)
echo none
run 0
Per MPI rank memory allocation (min/avg/max) = 3.934 | 3.934 | 3.934 Mbytes
    PotEng          Pxx           E_mol          E_coul    
-76.857292     -7.634091       0              0            
Loop time of 1.236e-06 on 1 procs for 0 steps with 18 atoms

485.4% CPU use with 1 MPI tasks x 1 OpenMP threads

MPI task timing breakdown:
Section |  min time  |  avg time  |  max time  |%varavg| %total
---------------------------------------------------------------
Pair    | 0          | 0          | 0          |   0.0 |  0.00
Neigh   | 0          | 0          | 0          |   0.0 |  0.00
Comm    | 0          | 0          | 0          |   0.0 |  0.00
Output  | 0          | 0          | 0          |   0.0 |  0.00
Modify  | 0          | 0          | 0          |   0.0 |  0.00
Other   |            | 1.236e-06  |            |       |100.00

Nlocal:             18 ave          18 max          18 min
Histogram: 1 0 0 0 0 0 0 0 0 0
Nghost:           3126 ave        3126 max        3126 min
Histogram: 1 0 0 0 0 0 0 0 0 0
Neighs:              0 ave           0 max           0 min
Histogram: 1 0 0 0 0 0 0 0 0 0
FullNghs:        13410 ave       13410 max       13410 min
Histogram: 1 0 0 0 0 0 0 0 0 0

Total # of neighbors = 13410
Ave neighs/atom = 745
Neighbor list builds = 0
Dangerous builds = 0
set atom * x 0.0 y 0.0 z 0.0
Setting atom values ...
  18 settings made for x
  18 settings made for y
  18 settings made for z
change_box all     x final 0 2.543720419511806 y final 0 8.490488496402252 z final 0 8.532786985652079      xy final 1.3213122303129716 xz final -2.661281147040425 yz final -1.6081627375631176 units box
Changing box ...
  triclinic box = (0 0 0) to (2.5437204 8.508928 8.506926) with tilt (1.412553 -2.687846 -1.6816976)
  triclinic box = (0 0 0) to (2.5437204 8.4904885 8.506926) with tilt (1.412553 -2.687846 -1.6816976)
  triclinic box = (0 0 0) to (2.5437204 8.4904885 8.532787) with tilt (1.412553 -2.687846 -1.6816976)
  triclinic box = (0 0 0) to (2.5437204 8.4904885 8.532787) with tilt (1.3213122 -2.687846 -1.6816976)
  triclinic box = (0 0 0) to (2.5437204 8.4904885 8.532787) with tilt (1.3213122 -2.6612811 -1.6816976)
  triclinic box = (0 0 0) to (2.5437204 8.4904885 8.532787) with tilt (1.3213122 -2.6612811 -1.6081627)
echo none
run 0
Per MPI rank memory allocation (min/avg/max) = 3.934 | 3.934 | 3.934 Mbytes
    PotEng          Pxx           E_mol          E_coul    
-76.857684      665.53694      0              0            
Loop time of 1.302e-06 on 1 procs for 0 steps with 18 atoms

1075.3% CPU use with 1 MPI tasks x 1 OpenMP threads

MPI task timing breakdown:
Section |  min time  |  avg time  |  max time  |%varavg| %total
---------------------------------------------------------------
Pair    | 0          | 0          | 0          |   0.0 |  0.00
Neigh   | 0          | 0          | 0          |   0.0 |  0.00
Comm    | 0          | 0          | 0          |   0.0 |  0.00
Output  | 0          | 0          | 0          |   0.0 |  0.00
Modify  | 0          | 0          | 0          |   0.0 |  0.00
Other   |            | 1.302e-06  |            |       |100.00

Nlocal:             18 ave          18 max          18 min
Histogram: 1 0 0 0 0 0 0 0 0 0
Nghost:           3066 ave        3066 max        3066 min
Histogram: 1 0 0 0 0 0 0 0 0 0
Neighs:              0 ave           0 max           0 min
Histogram: 1 0 0 0 0 0 0 0 0 0
FullNghs:        13424 ave       13424 max       13424 min
Histogram: 1 0 0 0 0 0 0 0 0 0

Total # of neighbors = 13424
Ave neighs/atom = 745.77778
Neighbor list builds = 0
Dangerous builds = 0
set atom * x 0.0 y 0.0 z 0.0
Setting atom values ...
  18 settings made for x
  18 settings made for y
  18 settings made for z
change_box all     x final 0 2.5437204195118066 y final 0 8.490488496402246 z final 0 8.532786985652079      xy final 1.3213122303129725 xz final -2.661281147040426 yz final -1.6081627375631171 units box
Changing box ...
  triclinic box = (0 0 0) to (2.5437204 8.4904885 8.532787) with tilt (1.3213122 -2.6612811 -1.6081627)
  triclinic box = (0 0 0) to (2.5437204 8.4904885 8.532787) with tilt (1.3213122 -2.6612811 -1.6081627)
  triclinic box = (0 0 0) to (2.5437204 8.4904885 8.532787) with tilt (1.3213122 -2.6612811 -1.6081627)
  triclinic box = (0 0 0) to (2.5437204 8.4904885 8.532787) with tilt (1.3213122 -2.6612811 -1.6081627)
  triclinic box = (0 0 0) to (2.5437204 8.4904885 8.532787) with tilt (1.3213122 -2.6612811 -1.6081627)
  triclinic box = (0 0 0) to (2.5437204 8.4904885 8.532787) with tilt (1.3213122 -2.6612811 -1.6081627)
echo none
run 0
Per MPI rank memory allocation (min/avg/max) = 3.934 | 3.934 | 3.934 Mbytes
    PotEng          Pxx           E_mol          E_coul    
-76.857684      665.53694      0              0            
Loop time of 1.256e-06 on 1 procs for 0 steps with 18 atoms

477.7% CPU use with 1 MPI tasks x 1 OpenMP threads

MPI task timing breakdown:
Section |  min time  |  avg time  |  max time  |%varavg| %total
---------------------------------------------------------------
Pair    | 0          | 0          | 0          |   0.0 |  0.00
Neigh   | 0          | 0          | 0          |   0.0 |  0.00
Comm    | 0          | 0          | 0          |   0.0 |  0.00
Output  | 0          | 0          | 0          |   0.0 |  0.00
Modify  | 0          | 0          | 0          |   0.0 |  0.00
Other   |            | 1.256e-06  |            |       |100.00

Nlocal:             18 ave          18 max          18 min
Histogram: 1 0 0 0 0 0 0 0 0 0
Nghost:           3066 ave        3066 max        3066 min
Histogram: 1 0 0 0 0 0 0 0 0 0
Neighs:              0 ave           0 max           0 min
Histogram: 1 0 0 0 0 0 0 0 0 0
FullNghs:        13424 ave       13424 max       13424 min
Histogram: 1 0 0 0 0 0 0 0 0 0

Total # of neighbors = 13424
Ave neighs/atom = 745.77778
Neighbor list builds = 0
Dangerous builds = 0
set atom * x 0.0 y 0.0 z 0.0
Setting atom values ...
  18 settings made for x
  18 settings made for y
  18 settings made for z
change_box all     x final 0 2.5441974614672893 y final 0 8.476125699175453 z final 0 8.534660756184467      xy final 1.308410686508384 xz final -2.7100155776699384 yz final -1.5937840309597697 units box
Changing box ...
  triclinic box = (0 0 0) to (2.5441975 8.4904885 8.532787) with tilt (1.3213122 -2.6612811 -1.6081627)
  triclinic box = (0 0 0) to (2.5441975 8.4761257 8.532787) with tilt (1.3213122 -2.6612811 -1.6081627)
  triclinic box = (0 0 0) to (2.5441975 8.4761257 8.5346608) with tilt (1.3213122 -2.6612811 -1.6081627)
  triclinic box = (0 0 0) to (2.5441975 8.4761257 8.5346608) with tilt (1.3084107 -2.6612811 -1.6081627)
  triclinic box = (0 0 0) to (2.5441975 8.4761257 8.5346608) with tilt (1.3084107 -2.7100156 -1.6081627)
  triclinic box = (0 0 0) to (2.5441975 8.4761257 8.5346608) with tilt (1.3084107 -2.7100156 -1.593784)
echo none
run 0
Per MPI rank memory allocation (min/avg/max) = 3.934 | 3.934 | 3.934 Mbytes
    PotEng          Pxx           E_mol          E_coul    
-76.857966      159.51121      0              0            
Loop time of 1.814e-06 on 1 procs for 0 steps with 18 atoms

771.8% CPU use with 1 MPI tasks x 1 OpenMP threads

MPI task timing breakdown:
Section |  min time  |  avg time  |  max time  |%varavg| %total
---------------------------------------------------------------
Pair    | 0          | 0          | 0          |   0.0 |  0.00
Neigh   | 0          | 0          | 0          |   0.0 |  0.00
Comm    | 0          | 0          | 0          |   0.0 |  0.00
Output  | 0          | 0          | 0          |   0.0 |  0.00
Modify  | 0          | 0          | 0          |   0.0 |  0.00
Other   |            | 1.814e-06  |            |       |100.00

Nlocal:             18 ave          18 max          18 min
Histogram: 1 0 0 0 0 0 0 0 0 0
Nghost:           3082 ave        3082 max        3082 min
Histogram: 1 0 0 0 0 0 0 0 0 0
Neighs:              0 ave           0 max           0 min
Histogram: 1 0 0 0 0 0 0 0 0 0
FullNghs:        13436 ave       13436 max       13436 min
Histogram: 1 0 0 0 0 0 0 0 0 0

Total # of neighbors = 13436
Ave neighs/atom = 746.44444
Neighbor list builds = 0
Dangerous builds = 0
set atom * x 0.0 y 0.0 z 0.0
Setting atom values ...
  18 settings made for x
  18 settings made for y
  18 settings made for z
change_box all     x final 0 2.5441974614672893 y final 0 8.476125699175451 z final 0 8.534660756184465      xy final 1.3084106865083827 xz final -2.710015577669936 yz final -1.5937840309597697 units box
Changing box ...
  triclinic box = (0 0 0) to (2.5441975 8.4761257 8.5346608) with tilt (1.3084107 -2.7100156 -1.593784)
  triclinic box = (0 0 0) to (2.5441975 8.4761257 8.5346608) with tilt (1.3084107 -2.7100156 -1.593784)
  triclinic box = (0 0 0) to (2.5441975 8.4761257 8.5346608) with tilt (1.3084107 -2.7100156 -1.593784)
  triclinic box = (0 0 0) to (2.5441975 8.4761257 8.5346608) with tilt (1.3084107 -2.7100156 -1.593784)
  triclinic box = (0 0 0) to (2.5441975 8.4761257 8.5346608) with tilt (1.3084107 -2.7100156 -1.593784)
  triclinic box = (0 0 0) to (2.5441975 8.4761257 8.5346608) with tilt (1.3084107 -2.7100156 -1.593784)
echo none
run 0
Per MPI rank memory allocation (min/avg/max) = 3.934 | 3.934 | 3.934 Mbytes
    PotEng          Pxx           E_mol          E_coul    
-76.857966      159.51121      0              0            
Loop time of 1.149e-06 on 1 procs for 0 steps with 18 atoms

957.4% CPU use with 1 MPI tasks x 1 OpenMP threads

MPI task timing breakdown:
Section |  min time  |  avg time  |  max time  |%varavg| %total
---------------------------------------------------------------
Pair    | 0          | 0          | 0          |   0.0 |  0.00
Neigh   | 0          | 0          | 0          |   0.0 |  0.00
Comm    | 0          | 0          | 0          |   0.0 |  0.00
Output  | 0          | 0          | 0          |   0.0 |  0.00
Modify  | 0          | 0          | 0          |   0.0 |  0.00
Other   |            | 1.149e-06  |            |       |100.00

Nlocal:             18 ave          18 max          18 min
Histogram: 1 0 0 0 0 0 0 0 0 0
Nghost:           3082 ave        3082 max        3082 min
Histogram: 1 0 0 0 0 0 0 0 0 0
Neighs:              0 ave           0 max           0 min
Histogram: 1 0 0 0 0 0 0 0 0 0
FullNghs:        13436 ave       13436 max       13436 min
Histogram: 1 0 0 0 0 0 0 0 0 0

Total # of neighbors = 13436
Ave neighs/atom = 746.44444
Neighbor list builds = 0
Dangerous builds = 0
set atom * x 0.0 y 0.0 z 0.0
Setting atom values ...
  18 settings made for x
  18 settings made for y
  18 settings made for z
change_box all     x final 0 2.5444952181869227 y final 0 8.463308483431609 z final 0 8.541938122423687      xy final 1.3095022182624392 xz final -2.7452991998555967 yz final -1.5558224633450564 units box
Changing box ...
  triclinic box = (0 0 0) to (2.5444952 8.4761257 8.5346608) with tilt (1.3084107 -2.7100156 -1.593784)
  triclinic box = (0 0 0) to (2.5444952 8.4633085 8.5346608) with tilt (1.3084107 -2.7100156 -1.593784)
  triclinic box = (0 0 0) to (2.5444952 8.4633085 8.5419381) with tilt (1.3084107 -2.7100156 -1.593784)
  triclinic box = (0 0 0) to (2.5444952 8.4633085 8.5419381) with tilt (1.3095022 -2.7100156 -1.593784)
  triclinic box = (0 0 0) to (2.5444952 8.4633085 8.5419381) with tilt (1.3095022 -2.7452992 -1.593784)
  triclinic box = (0 0 0) to (2.5444952 8.4633085 8.5419381) with tilt (1.3095022 -2.7452992 -1.5558225)
echo none
run 0
Per MPI rank memory allocation (min/avg/max) = 3.934 | 3.934 | 3.934 Mbytes
    PotEng          Pxx           E_mol          E_coul    
-76.858135     -124.48605      0              0            
Loop time of 1.32e-06 on 1 procs for 0 steps with 18 atoms

984.8% CPU use with 1 MPI tasks x 1 OpenMP threads

MPI task timing breakdown:
Section |  min time  |  avg time  |  max time  |%varavg| %total
---------------------------------------------------------------
Pair    | 0          | 0          | 0          |   0.0 |  0.00
Neigh   | 0          | 0          | 0          |   0.0 |  0.00
Comm    | 0          | 0          | 0          |   0.0 |  0.00
Output  | 0          | 0          | 0          |   0.0 |  0.00
Modify  | 0          | 0          | 0          |   0.0 |  0.00
Other   |            | 1.32e-06   |            |       |100.00

Nlocal:             18 ave          18 max          18 min
Histogram: 1 0 0 0 0 0 0 0 0 0
Nghost:           3082 ave        3082 max        3082 min
Histogram: 1 0 0 0 0 0 0 0 0 0
Neighs:              0 ave           0 max           0 min
Histogram: 1 0 0 0 0 0 0 0 0 0
FullNghs:        13472 ave       13472 max       13472 min
Histogram: 1 0 0 0 0 0 0 0 0 0

Total # of neighbors = 13472
Ave neighs/atom = 748.44444
Neighbor list builds = 0
Dangerous builds = 0
set atom * x 0.0 y 0.0 z 0.0
Setting atom values ...
  18 settings made for x
  18 settings made for y
  18 settings made for z
change_box all     x final 0 2.544495218186921 y final 0 8.463308483431609 z final 0 8.541938122423687      xy final 1.3095022182624376 xz final -2.745299199855594 yz final -1.5558224633450568 units box
Changing box ...
  triclinic box = (0 0 0) to (2.5444952 8.4633085 8.5419381) with tilt (1.3095022 -2.7452992 -1.5558225)
  triclinic box = (0 0 0) to (2.5444952 8.4633085 8.5419381) with tilt (1.3095022 -2.7452992 -1.5558225)
  triclinic box = (0 0 0) to (2.5444952 8.4633085 8.5419381) with tilt (1.3095022 -2.7452992 -1.5558225)
  triclinic box = (0 0 0) to (2.5444952 8.4633085 8.5419381) with tilt (1.3095022 -2.7452992 -1.5558225)
  triclinic box = (0 0 0) to (2.5444952 8.4633085 8.5419381) with tilt (1.3095022 -2.7452992 -1.5558225)
  triclinic box = (0 0 0) to (2.5444952 8.4633085 8.5419381) with tilt (1.3095022 -2.7452992 -1.5558225)
echo none
run 0
Per MPI rank memory allocation (min/avg/max) = 3.934 | 3.934 | 3.934 Mbytes
    PotEng          Pxx           E_mol          E_coul    
-76.858135     -124.48605      0              0            
Loop time of 1.563e-06 on 1 procs for 0 steps with 18 atoms

959.7% CPU use with 1 MPI tasks x 1 OpenMP threads

MPI task timing breakdown:
Section |  min time  |  avg time  |  max time  |%varavg| %total
---------------------------------------------------------------
Pair    | 0          | 0          | 0          |   0.0 |  0.00
Neigh   | 0          | 0          | 0          |   0.0 |  0.00
Comm    | 0          | 0          | 0          |   0.0 |  0.00
Output  | 0          | 0          | 0          |   0.0 |  0.00
Modify  | 0          | 0          | 0          |   0.0 |  0.00
Other   |            | 1.563e-06  |            |       |100.00

Nlocal:             18 ave          18 max          18 min
Histogram: 1 0 0 0 0 0 0 0 0 0
Nghost:           3082 ave        3082 max        3082 min
Histogram: 1 0 0 0 0 0 0 0 0 0
Neighs:              0 ave           0 max           0 min
Histogram: 1 0 0 0 0 0 0 0 0 0
FullNghs:        13472 ave       13472 max       13472 min
Histogram: 1 0 0 0 0 0 0 0 0 0

Total # of neighbors = 13472
Ave neighs/atom = 748.44444
Neighbor list builds = 0
Dangerous builds = 0
set atom * x 0.0 y 0.0 z 0.0
Setting atom values ...
  18 settings made for x
  18 settings made for y
  18 settings made for z
change_box all     x final 0 2.5444846886022705 y final 0 8.462142574886318 z final 0 8.54711228057903      xy final 1.2924569993097645 xz final -2.77147264835043 yz final -1.550981238241302 units box
Changing box ...
  triclinic box = (0 0 0) to (2.5444847 8.4633085 8.5419381) with tilt (1.3095022 -2.7452992 -1.5558225)
  triclinic box = (0 0 0) to (2.5444847 8.4621426 8.5419381) with tilt (1.3095022 -2.7452992 -1.5558225)
  triclinic box = (0 0 0) to (2.5444847 8.4621426 8.5471123) with tilt (1.3095022 -2.7452992 -1.5558225)
  triclinic box = (0 0 0) to (2.5444847 8.4621426 8.5471123) with tilt (1.292457 -2.7452992 -1.5558225)
  triclinic box = (0 0 0) to (2.5444847 8.4621426 8.5471123) with tilt (1.292457 -2.7714726 -1.5558225)
  triclinic box = (0 0 0) to (2.5444847 8.4621426 8.5471123) with tilt (1.292457 -2.7714726 -1.5509812)
echo none
run 0
Per MPI rank memory allocation (min/avg/max) = 3.934 | 3.934 | 3.934 Mbytes
    PotEng          Pxx           E_mol          E_coul    
-76.858203     -157.95472      0              0            
Loop time of 1.085e-06 on 1 procs for 0 steps with 18 atoms

921.7% CPU use with 1 MPI tasks x 1 OpenMP threads

MPI task timing breakdown:
Section |  min time  |  avg time  |  max time  |%varavg| %total
---------------------------------------------------------------
Pair    | 0          | 0          | 0          |   0.0 |  0.00
Neigh   | 0          | 0          | 0          |   0.0 |  0.00
Comm    | 0          | 0          | 0          |   0.0 |  0.00
Output  | 0          | 0          | 0          |   0.0 |  0.00
Modify  | 0          | 0          | 0          |   0.0 |  0.00
Other   |            | 1.085e-06  |            |       |100.00

Nlocal:             18 ave          18 max          18 min
Histogram: 1 0 0 0 0 0 0 0 0 0
Nghost:           3082 ave        3082 max        3082 min
Histogram: 1 0 0 0 0 0 0 0 0 0
Neighs:              0 ave           0 max           0 min
Histogram: 1 0 0 0 0 0 0 0 0 0
FullNghs:        13474 ave       13474 max       13474 min
Histogram: 1 0 0 0 0 0 0 0 0 0

Total # of neighbors = 13474
Ave neighs/atom = 748.55556
Neighbor list builds = 0
Dangerous builds = 0
set atom * x 0.0 y 0.0 z 0.0
Setting atom values ...
  18 settings made for x
  18 settings made for y
  18 settings made for z
change_box all     x final 0 2.5444846886022696 y final 0 8.462142574886323 z final 0 8.547112280579032      xy final 1.2924569993097637 xz final -2.771472648350428 yz final -1.550981238241306 units box
Changing box ...
  triclinic box = (0 0 0) to (2.5444847 8.4621426 8.5471123) with tilt (1.292457 -2.7714726 -1.5509812)
  triclinic box = (0 0 0) to (2.5444847 8.4621426 8.5471123) with tilt (1.292457 -2.7714726 -1.5509812)
  triclinic box = (0 0 0) to (2.5444847 8.4621426 8.5471123) with tilt (1.292457 -2.7714726 -1.5509812)
  triclinic box = (0 0 0) to (2.5444847 8.4621426 8.5471123) with tilt (1.292457 -2.7714726 -1.5509812)
  triclinic box = (0 0 0) to (2.5444847 8.4621426 8.5471123) with tilt (1.292457 -2.7714726 -1.5509812)
  triclinic box = (0 0 0) to (2.5444847 8.4621426 8.5471123) with tilt (1.292457 -2.7714726 -1.5509812)
echo none
run 0
Per MPI rank memory allocation (min/avg/max) = 3.934 | 3.934 | 3.934 Mbytes
    PotEng          Pxx           E_mol          E_coul    
-76.858203     -157.95472      0              0            
Loop time of 1.485e-06 on 1 procs for 0 steps with 18 atoms

1010.1% CPU use with 1 MPI tasks x 1 OpenMP threads

MPI task timing breakdown:
Section |  min time  |  avg time  |  max time  |%varavg| %total
---------------------------------------------------------------
Pair    | 0          | 0          | 0          |   0.0 |  0.00
Neigh   | 0          | 0          | 0          |   0.0 |  0.00
Comm    | 0          | 0          | 0          |   0.0 |  0.00
Output  | 0          | 0          | 0          |   0.0 |  0.00
Modify  | 0          | 0          | 0          |   0.0 |  0.00
Other   |            | 1.485e-06  |            |       |100.00

Nlocal:             18 ave          18 max          18 min
Histogram: 1 0 0 0 0 0 0 0 0 0
Nghost:           3082 ave        3082 max        3082 min
Histogram: 1 0 0 0 0 0 0 0 0 0
Neighs:              0 ave           0 max           0 min
Histogram: 1 0 0 0 0 0 0 0 0 0
FullNghs:        13474 ave       13474 max       13474 min
Histogram: 1 0 0 0 0 0 0 0 0 0

Total # of neighbors = 13474
Ave neighs/atom = 748.55556
Neighbor list builds = 0
Dangerous builds = 0
set atom * x 0.0 y 0.0 z 0.0
Setting atom values ...
  18 settings made for x
  18 settings made for y
  18 settings made for z
change_box all     x final 0 2.5444699910846262 y final 0 8.459670264808162 z final 0 8.552179407278803      xy final 1.2991373248166034 xz final -2.7838150548847977 yz final -1.5407281341221335 units box
Changing box ...
  triclinic box = (0 0 0) to (2.54447 8.4621426 8.5471123) with tilt (1.292457 -2.7714726 -1.5509812)
  triclinic box = (0 0 0) to (2.54447 8.4596703 8.5471123) with tilt (1.292457 -2.7714726 -1.5509812)
  triclinic box = (0 0 0) to (2.54447 8.4596703 8.5521794) with tilt (1.292457 -2.7714726 -1.5509812)
  triclinic box = (0 0 0) to (2.54447 8.4596703 8.5521794) with tilt (1.2991373 -2.7714726 -1.5509812)
  triclinic box = (0 0 0) to (2.54447 8.4596703 8.5521794) with tilt (1.2991373 -2.7838151 -1.5509812)
  triclinic box = (0 0 0) to (2.54447 8.4596703 8.5521794) with tilt (1.2991373 -2.7838151 -1.5407281)
echo none
run 0
Per MPI rank memory allocation (min/avg/max) = 3.934 | 3.934 | 3.934 Mbytes
    PotEng          Pxx           E_mol          E_coul    
-76.858242     -122.68284      0              0            
Loop time of 1.569e-06 on 1 procs for 0 steps with 18 atoms

446.1% CPU use with 1 MPI tasks x 1 OpenMP threads

MPI task timing breakdown:
Section |  min time  |  avg time  |  max time  |%varavg| %total
---------------------------------------------------------------
Pair    | 0          | 0          | 0          |   0.0 |  0.00
Neigh   | 0          | 0          | 0          |   0.0 |  0.00
Comm    | 0          | 0          | 0          |   0.0 |  0.00
Output  | 0          | 0          | 0          |   0.0 |  0.00
Modify  | 0          | 0          | 0          |   0.0 |  0.00
Other   |            | 1.569e-06  |            |       |100.00

Nlocal:             18 ave          18 max          18 min
Histogram: 1 0 0 0 0 0 0 0 0 0
Nghost:           3082 ave        3082 max        3082 min
Histogram: 1 0 0 0 0 0 0 0 0 0
Neighs:              0 ave           0 max           0 min
Histogram: 1 0 0 0 0 0 0 0 0 0
FullNghs:        13472 ave       13472 max       13472 min
Histogram: 1 0 0 0 0 0 0 0 0 0

Total # of neighbors = 13472
Ave neighs/atom = 748.44444
Neighbor list builds = 0
Dangerous builds = 0
set atom * x 0.0 y 0.0 z 0.0
Setting atom values ...
  18 settings made for x
  18 settings made for y
  18 settings made for z
change_box all     x final 0 2.544469991084629 y final 0 8.459670264808167 z final 0 8.552179407278803      xy final 1.2991373248166047 xz final -2.7838150548848026 yz final -1.540728134122137 units box
Changing box ...
  triclinic box = (0 0 0) to (2.54447 8.4596703 8.5521794) with tilt (1.2991373 -2.7838151 -1.5407281)
  triclinic box = (0 0 0) to (2.54447 8.4596703 8.5521794) with tilt (1.2991373 -2.7838151 -1.5407281)
  triclinic box = (0 0 0) to (2.54447 8.4596703 8.5521794) with tilt (1.2991373 -2.7838151 -1.5407281)
  triclinic box = (0 0 0) to (2.54447 8.4596703 8.5521794) with tilt (1.2991373 -2.7838151 -1.5407281)
  triclinic box = (0 0 0) to (2.54447 8.4596703 8.5521794) with tilt (1.2991373 -2.7838151 -1.5407281)
  triclinic box = (0 0 0) to (2.54447 8.4596703 8.5521794) with tilt (1.2991373 -2.7838151 -1.5407281)
echo none
run 0
Per MPI rank memory allocation (min/avg/max) = 3.934 | 3.934 | 3.934 Mbytes
    PotEng          Pxx           E_mol          E_coul    
-76.858242     -122.68284      0              0            
Loop time of 2.084e-06 on 1 procs for 0 steps with 18 atoms

719.8% CPU use with 1 MPI tasks x 1 OpenMP threads

MPI task timing breakdown:
Section |  min time  |  avg time  |  max time  |%varavg| %total
---------------------------------------------------------------
Pair    | 0          | 0          | 0          |   0.0 |  0.00
Neigh   | 0          | 0          | 0          |   0.0 |  0.00
Comm    | 0          | 0          | 0          |   0.0 |  0.00
Output  | 0          | 0          | 0          |   0.0 |  0.00
Modify  | 0          | 0          | 0          |   0.0 |  0.00
Other   |            | 2.084e-06  |            |       |100.00

Nlocal:             18 ave          18 max          18 min
Histogram: 1 0 0 0 0 0 0 0 0 0
Nghost:           3082 ave        3082 max        3082 min
Histogram: 1 0 0 0 0 0 0 0 0 0
Neighs:              0 ave           0 max           0 min
Histogram: 1 0 0 0 0 0 0 0 0 0
FullNghs:        13472 ave       13472 max       13472 min
Histogram: 1 0 0 0 0 0 0 0 0 0

Total # of neighbors = 13472
Ave neighs/atom = 748.44444
Neighbor list builds = 0
Dangerous builds = 0
set atom * x 0.0 y 0.0 z 0.0
Setting atom values ...
  18 settings made for x
  18 settings made for y
  18 settings made for z
change_box all     x final 0 2.5443399992529177 y final 0 8.4589030074967 z final 0 8.556240364658304      xy final 1.3033329762489265 xz final -2.7861452023996804 yz final -1.5410223643508103 units box
Changing box ...
  triclinic box = (0 0 0) to (2.54434 8.4596703 8.5521794) with tilt (1.2991373 -2.7838151 -1.5407281)
  triclinic box = (0 0 0) to (2.54434 8.458903 8.5521794) with tilt (1.2991373 -2.7838151 -1.5407281)
  triclinic box = (0 0 0) to (2.54434 8.458903 8.5562404) with tilt (1.2991373 -2.7838151 -1.5407281)
  triclinic box = (0 0 0) to (2.54434 8.458903 8.5562404) with tilt (1.303333 -2.7838151 -1.5407281)
  triclinic box = (0 0 0) to (2.54434 8.458903 8.5562404) with tilt (1.303333 -2.7861452 -1.5407281)
  triclinic box = (0 0 0) to (2.54434 8.458903 8.5562404) with tilt (1.303333 -2.7861452 -1.5410224)
echo none
run 0
Per MPI rank memory allocation (min/avg/max) = 3.934 | 3.934 | 3.934 Mbytes
    PotEng          Pxx           E_mol          E_coul    
-76.858278     -2.6053666      0              0            
Loop time of 1.523e-06 on 1 procs for 0 steps with 18 atoms

1116.2% CPU use with 1 MPI tasks x 1 OpenMP threads

MPI task timing breakdown:
Section |  min time  |  avg time  |  max time  |%varavg| %total
---------------------------------------------------------------
Pair    | 0          | 0          | 0          |   0.0 |  0.00
Neigh   | 0          | 0          | 0          |   0.0 |  0.00
Comm    | 0          | 0          | 0          |   0.0 |  0.00
Output  | 0          | 0          | 0          |   0.0 |  0.00
Modify  | 0          | 0          | 0          |   0.0 |  0.00
Other   |            | 1.523e-06  |            |       |100.00

Nlocal:             18 ave          18 max          18 min
Histogram: 1 0 0 0 0 0 0 0 0 0
Nghost:           3082 ave        3082 max        3082 min
Histogram: 1 0 0 0 0 0 0 0 0 0
Neighs:              0 ave           0 max           0 min
Histogram: 1 0 0 0 0 0 0 0 0 0
FullNghs:        13472 ave       13472 max       13472 min
Histogram: 1 0 0 0 0 0 0 0 0 0

Total # of neighbors = 13472
Ave neighs/atom = 748.44444
Neighbor list builds = 0
Dangerous builds = 0
set atom * x 0.0 y 0.0 z 0.0
Setting atom values ...
  18 settings made for x
  18 settings made for y
  18 settings made for z
change_box all     x final 0 2.5442083067397068 y final 0 8.45812320224589 z final 0 8.560365597196357      xy final 1.307592628259408 xz final -2.788513110836143 yz final -1.5413206464907592 units box
Changing box ...
  triclinic box = (0 0 0) to (2.5442083 8.458903 8.5562404) with tilt (1.303333 -2.7861452 -1.5410224)
  triclinic box = (0 0 0) to (2.5442083 8.4581232 8.5562404) with tilt (1.303333 -2.7861452 -1.5410224)
  triclinic box = (0 0 0) to (2.5442083 8.4581232 8.5603656) with tilt (1.303333 -2.7861452 -1.5410224)
  triclinic box = (0 0 0) to (2.5442083 8.4581232 8.5603656) with tilt (1.3075926 -2.7861452 -1.5410224)
  triclinic box = (0 0 0) to (2.5442083 8.4581232 8.5603656) with tilt (1.3075926 -2.7885131 -1.5410224)
  triclinic box = (0 0 0) to (2.5442083 8.4581232 8.5603656) with tilt (1.3075926 -2.7885131 -1.5413206)
echo none
run 0
Per MPI rank memory allocation (min/avg/max) = 3.934 | 3.934 | 3.934 Mbytes
    PotEng          Pxx           E_mol          E_coul    
-76.85829       119.22893      0              0            
Loop time of 2.026e-06 on 1 procs for 0 steps with 18 atoms

542.9% CPU use with 1 MPI tasks x 1 OpenMP threads

MPI task timing breakdown:
Section |  min time  |  avg time  |  max time  |%varavg| %total
---------------------------------------------------------------
Pair    | 0          | 0          | 0          |   0.0 |  0.00
Neigh   | 0          | 0          | 0          |   0.0 |  0.00
Comm    | 0          | 0          | 0          |   0.0 |  0.00
Output  | 0          | 0          | 0          |   0.0 |  0.00
Modify  | 0          | 0          | 0          |   0.0 |  0.00
Other   |            | 2.026e-06  |            |       |100.00

Nlocal:             18 ave          18 max          18 min
Histogram: 1 0 0 0 0 0 0 0 0 0
Nghost:           3082 ave        3082 max        3082 min
Histogram: 1 0 0 0 0 0 0 0 0 0
Neighs:              0 ave           0 max           0 min
Histogram: 1 0 0 0 0 0 0 0 0 0
FullNghs:        13468 ave       13468 max       13468 min
Histogram: 1 0 0 0 0 0 0 0 0 0

Total # of neighbors = 13468
Ave neighs/atom = 748.22222
Neighbor list builds = 0
Dangerous builds = 0
set atom * x 0.0 y 0.0 z 0.0
Setting atom values ...
  18 settings made for x
  18 settings made for y
  18 settings made for z
change_box all     x final 0 2.544208306739707 y final 0 8.458123202245892 z final 0 8.560365597196359      xy final 1.3075926282594064 xz final -2.7885131108361416 yz final -1.5413206464907627 units box
Changing box ...
  triclinic box = (0 0 0) to (2.5442083 8.4581232 8.5603656) with tilt (1.3075926 -2.7885131 -1.5413206)
  triclinic box = (0 0 0) to (2.5442083 8.4581232 8.5603656) with tilt (1.3075926 -2.7885131 -1.5413206)
  triclinic box = (0 0 0) to (2.5442083 8.4581232 8.5603656) with tilt (1.3075926 -2.7885131 -1.5413206)
  triclinic box = (0 0 0) to (2.5442083 8.4581232 8.5603656) with tilt (1.3075926 -2.7885131 -1.5413206)
  triclinic box = (0 0 0) to (2.5442083 8.4581232 8.5603656) with tilt (1.3075926 -2.7885131 -1.5413206)
  triclinic box = (0 0 0) to (2.5442083 8.4581232 8.5603656) with tilt (1.3075926 -2.7885131 -1.5413206)
echo none
run 0
Per MPI rank memory allocation (min/avg/max) = 3.934 | 3.934 | 3.934 Mbytes
    PotEng          Pxx           E_mol          E_coul    
-76.85829       119.22893      0              0            
Loop time of 1.423e-06 on 1 procs for 0 steps with 18 atoms

702.7% CPU use with 1 MPI tasks x 1 OpenMP threads

MPI task timing breakdown:
Section |  min time  |  avg time  |  max time  |%varavg| %total
---------------------------------------------------------------
Pair    | 0          | 0          | 0          |   0.0 |  0.00
Neigh   | 0          | 0          | 0          |   0.0 |  0.00
Comm    | 0          | 0          | 0          |   0.0 |  0.00
Output  | 0          | 0          | 0          |   0.0 |  0.00
Modify  | 0          | 0          | 0          |   0.0 |  0.00
Other   |            | 1.423e-06  |            |       |100.00

Nlocal:             18 ave          18 max          18 min
Histogram: 1 0 0 0 0 0 0 0 0 0
Nghost:           3082 ave        3082 max        3082 min
Histogram: 1 0 0 0 0 0 0 0 0 0
Neighs:              0 ave           0 max           0 min
Histogram: 1 0 0 0 0 0 0 0 0 0
FullNghs:        13468 ave       13468 max       13468 min
Histogram: 1 0 0 0 0 0 0 0 0 0

Total # of neighbors = 13468
Ave neighs/atom = 748.22222
Neighbor list builds = 0
Dangerous builds = 0
set atom * x 0.0 y 0.0 z 0.0
Setting atom values ...
  18 settings made for x
  18 settings made for y
  18 settings made for z
change_box all     x final 0 2.544264095588121 y final 0 8.457706459653952 z final 0 8.55760375302403      xy final 1.3145718545376046 xz final -2.7850599012142663 yz final -1.5460922326647977 units box
Changing box ...
  triclinic box = (0 0 0) to (2.5442641 8.4581232 8.5603656) with tilt (1.3075926 -2.7885131 -1.5413206)
  triclinic box = (0 0 0) to (2.5442641 8.4577065 8.5603656) with tilt (1.3075926 -2.7885131 -1.5413206)
  triclinic box = (0 0 0) to (2.5442641 8.4577065 8.5576038) with tilt (1.3075926 -2.7885131 -1.5413206)
  triclinic box = (0 0 0) to (2.5442641 8.4577065 8.5576038) with tilt (1.3145719 -2.7885131 -1.5413206)
  triclinic box = (0 0 0) to (2.5442641 8.4577065 8.5576038) with tilt (1.3145719 -2.7850599 -1.5413206)
  triclinic box = (0 0 0) to (2.5442641 8.4577065 8.5576038) with tilt (1.3145719 -2.7850599 -1.5460922)
echo none
run 0
Per MPI rank memory allocation (min/avg/max) = 3.934 | 3.934 | 3.934 Mbytes
    PotEng          Pxx           E_mol          E_coul    
-76.858318      66.912709      0              0            
Loop time of 1.522e-06 on 1 procs for 0 steps with 18 atoms

1248.4% CPU use with 1 MPI tasks x 1 OpenMP threads

MPI task timing breakdown:
Section |  min time  |  avg time  |  max time  |%varavg| %total
---------------------------------------------------------------
Pair    | 0          | 0          | 0          |   0.0 |  0.00
Neigh   | 0          | 0          | 0          |   0.0 |  0.00
Comm    | 0          | 0          | 0          |   0.0 |  0.00
Output  | 0          | 0          | 0          |   0.0 |  0.00
Modify  | 0          | 0          | 0          |   0.0 |  0.00
Other   |            | 1.522e-06  |            |       |100.00

Nlocal:             18 ave          18 max          18 min
Histogram: 1 0 0 0 0 0 0 0 0 0
Nghost:           3082 ave        3082 max        3082 min
Histogram: 1 0 0 0 0 0 0 0 0 0
Neighs:              0 ave           0 max           0 min
Histogram: 1 0 0 0 0 0 0 0 0 0
FullNghs:        13472 ave       13472 max       13472 min
Histogram: 1 0 0 0 0 0 0 0 0 0

Total # of neighbors = 13472
Ave neighs/atom = 748.44444
Neighbor list builds = 0
Dangerous builds = 0
set atom * x 0.0 y 0.0 z 0.0
Setting atom values ...
  18 settings made for x
  18 settings made for y
  18 settings made for z
change_box all     x final 0 2.5443619206533667 y final 0 8.456991524348025 z final 0 8.552867979767196      xy final 1.3265215481819763 xz final -2.779158951951273 yz final -1.5542656843120586 units box
Changing box ...
  triclinic box = (0 0 0) to (2.5443619 8.4577065 8.5576038) with tilt (1.3145719 -2.7850599 -1.5460922)
  triclinic box = (0 0 0) to (2.5443619 8.4569915 8.5576038) with tilt (1.3145719 -2.7850599 -1.5460922)
  triclinic box = (0 0 0) to (2.5443619 8.4569915 8.552868) with tilt (1.3145719 -2.7850599 -1.5460922)
  triclinic box = (0 0 0) to (2.5443619 8.4569915 8.552868) with tilt (1.3265215 -2.7850599 -1.5460922)
  triclinic box = (0 0 0) to (2.5443619 8.4569915 8.552868) with tilt (1.3265215 -2.779159 -1.5460922)
  triclinic box = (0 0 0) to (2.5443619 8.4569915 8.552868) with tilt (1.3265215 -2.779159 -1.5542657)
echo none
run 0
Per MPI rank memory allocation (min/avg/max) = 3.934 | 3.934 | 3.934 Mbytes
    PotEng          Pxx           E_mol          E_coul    
-76.858336     -24.785691      0              0            
Loop time of 1.372e-06 on 1 procs for 0 steps with 18 atoms

1020.4% CPU use with 1 MPI tasks x 1 OpenMP threads

MPI task timing breakdown:
Section |  min time  |  avg time  |  max time  |%varavg| %total
---------------------------------------------------------------
Pair    | 0          | 0          | 0          |   0.0 |  0.00
Neigh   | 0          | 0          | 0          |   0.0 |  0.00
Comm    | 0          | 0          | 0          |   0.0 |  0.00
Output  | 0          | 0          | 0          |   0.0 |  0.00
Modify  | 0          | 0          | 0          |   0.0 |  0.00
Other   |            | 1.372e-06  |            |       |100.00

Nlocal:             18 ave          18 max          18 min
Histogram: 1 0 0 0 0 0 0 0 0 0
Nghost:           3082 ave        3082 max        3082 min
Histogram: 1 0 0 0 0 0 0 0 0 0
Neighs:              0 ave           0 max           0 min
Histogram: 1 0 0 0 0 0 0 0 0 0
FullNghs:        13474 ave       13474 max       13474 min
Histogram: 1 0 0 0 0 0 0 0 0 0

Total # of neighbors = 13474
Ave neighs/atom = 748.55556
Neighbor list builds = 0
Dangerous builds = 0
set atom * x 0.0 y 0.0 z 0.0
Setting atom values ...
  18 settings made for x
  18 settings made for y
  18 settings made for z
change_box all     x final 0 2.544361920653366 y final 0 8.456991524348025 z final 0 8.552867979767202      xy final 1.3265215481819759 xz final -2.779158951951271 yz final -1.5542656843120588 units box
Changing box ...
  triclinic box = (0 0 0) to (2.5443619 8.4569915 8.552868) with tilt (1.3265215 -2.779159 -1.5542657)
  triclinic box = (0 0 0) to (2.5443619 8.4569915 8.552868) with tilt (1.3265215 -2.779159 -1.5542657)
  triclinic box = (0 0 0) to (2.5443619 8.4569915 8.552868) with tilt (1.3265215 -2.779159 -1.5542657)
  triclinic box = (0 0 0) to (2.5443619 8.4569915 8.552868) with tilt (1.3265215 -2.779159 -1.5542657)
  triclinic box = (0 0 0) to (2.5443619 8.4569915 8.552868) with tilt (1.3265215 -2.779159 -1.5542657)
  triclinic box = (0 0 0) to (2.5443619 8.4569915 8.552868) with tilt (1.3265215 -2.779159 -1.5542657)
echo none
run 0
Per MPI rank memory allocation (min/avg/max) = 3.934 | 3.934 | 3.934 Mbytes
    PotEng          Pxx           E_mol          E_coul    
-76.858336     -24.785691      0              0            
Loop time of 1.611e-06 on 1 procs for 0 steps with 18 atoms

744.9% CPU use with 1 MPI tasks x 1 OpenMP threads

MPI task timing breakdown:
Section |  min time  |  avg time  |  max time  |%varavg| %total
---------------------------------------------------------------
Pair    | 0          | 0          | 0          |   0.0 |  0.00
Neigh   | 0          | 0          | 0          |   0.0 |  0.00
Comm    | 0          | 0          | 0          |   0.0 |  0.00
Output  | 0          | 0          | 0          |   0.0 |  0.00
Modify  | 0          | 0          | 0          |   0.0 |  0.00
Other   |            | 1.611e-06  |            |       |100.00

Nlocal:             18 ave          18 max          18 min
Histogram: 1 0 0 0 0 0 0 0 0 0
Nghost:           3082 ave        3082 max        3082 min
Histogram: 1 0 0 0 0 0 0 0 0 0
Neighs:              0 ave           0 max           0 min
Histogram: 1 0 0 0 0 0 0 0 0 0
FullNghs:        13474 ave       13474 max       13474 min
Histogram: 1 0 0 0 0 0 0 0 0 0

Total # of neighbors = 13474
Ave neighs/atom = 748.55556
Neighbor list builds = 0
Dangerous builds = 0
set atom * x 0.0 y 0.0 z 0.0
Setting atom values ...
  18 settings made for x
  18 settings made for y
  18 settings made for z
change_box all     x final 0 2.5443118238641085 y final 0 8.455815052612346 z final 0 8.552766135204466      xy final 1.3288622802618064 xz final -2.7748121934040126 yz final -1.5564434982520676 units box
Changing box ...
  triclinic box = (0 0 0) to (2.5443118 8.4569915 8.552868) with tilt (1.3265215 -2.779159 -1.5542657)
  triclinic box = (0 0 0) to (2.5443118 8.4558151 8.552868) with tilt (1.3265215 -2.779159 -1.5542657)
  triclinic box = (0 0 0) to (2.5443118 8.4558151 8.5527661) with tilt (1.3265215 -2.779159 -1.5542657)
  triclinic box = (0 0 0) to (2.5443118 8.4558151 8.5527661) with tilt (1.3288623 -2.779159 -1.5542657)
  triclinic box = (0 0 0) to (2.5443118 8.4558151 8.5527661) with tilt (1.3288623 -2.7748122 -1.5542657)
  triclinic box = (0 0 0) to (2.5443118 8.4558151 8.5527661) with tilt (1.3288623 -2.7748122 -1.5564435)
echo none
run 0
Per MPI rank memory allocation (min/avg/max) = 3.934 | 3.934 | 3.934 Mbytes
    PotEng          Pxx           E_mol          E_coul    
-76.85836       17.792579      0              0            
Loop time of 1.443e-06 on 1 procs for 0 steps with 18 atoms

1178.1% CPU use with 1 MPI tasks x 1 OpenMP threads

MPI task timing breakdown:
Section |  min time  |  avg time  |  max time  |%varavg| %total
---------------------------------------------------------------
Pair    | 0          | 0          | 0          |   0.0 |  0.00
Neigh   | 0          | 0          | 0          |   0.0 |  0.00
Comm    | 0          | 0          | 0          |   0.0 |  0.00
Output  | 0          | 0          | 0          |   0.0 |  0.00
Modify  | 0          | 0          | 0          |   0.0 |  0.00
Other   |            | 1.443e-06  |            |       |100.00

Nlocal:             18 ave          18 max          18 min
Histogram: 1 0 0 0 0 0 0 0 0 0
Nghost:           3126 ave        3126 max        3126 min
Histogram: 1 0 0 0 0 0 0 0 0 0
Neighs:              0 ave           0 max           0 min
Histogram: 1 0 0 0 0 0 0 0 0 0
FullNghs:        13474 ave       13474 max       13474 min
Histogram: 1 0 0 0 0 0 0 0 0 0

Total # of neighbors = 13474
Ave neighs/atom = 748.55556
Neighbor list builds = 0
Dangerous builds = 0
set atom * x 0.0 y 0.0 z 0.0
Setting atom values ...
  18 settings made for x
  18 settings made for y
  18 settings made for z
change_box all     x final 0 2.5443118238641107 y final 0 8.45581505261235 z final 0 8.552766135204466      xy final 1.3288622802618069 xz final -2.774812193404015 yz final -1.5564434982520683 units box
Changing box ...
  triclinic box = (0 0 0) to (2.5443118 8.4558151 8.5527661) with tilt (1.3288623 -2.7748122 -1.5564435)
  triclinic box = (0 0 0) to (2.5443118 8.4558151 8.5527661) with tilt (1.3288623 -2.7748122 -1.5564435)
  triclinic box = (0 0 0) to (2.5443118 8.4558151 8.5527661) with tilt (1.3288623 -2.7748122 -1.5564435)
  triclinic box = (0 0 0) to (2.5443118 8.4558151 8.5527661) with tilt (1.3288623 -2.7748122 -1.5564435)
  triclinic box = (0 0 0) to (2.5443118 8.4558151 8.5527661) with tilt (1.3288623 -2.7748122 -1.5564435)
  triclinic box = (0 0 0) to (2.5443118 8.4558151 8.5527661) with tilt (1.3288623 -2.7748122 -1.5564435)
echo none
run 0
Per MPI rank memory allocation (min/avg/max) = 3.934 | 3.934 | 3.934 Mbytes
    PotEng          Pxx           E_mol          E_coul    
-76.85836       17.792579      0              0            
Loop time of 1.388e-06 on 1 procs for 0 steps with 18 atoms

1008.6% CPU use with 1 MPI tasks x 1 OpenMP threads

MPI task timing breakdown:
Section |  min time  |  avg time  |  max time  |%varavg| %total
---------------------------------------------------------------
Pair    | 0          | 0          | 0          |   0.0 |  0.00
Neigh   | 0          | 0          | 0          |   0.0 |  0.00
Comm    | 0          | 0          | 0          |   0.0 |  0.00
Output  | 0          | 0          | 0          |   0.0 |  0.00
Modify  | 0          | 0          | 0          |   0.0 |  0.00
Other   |            | 1.388e-06  |            |       |100.00

Nlocal:             18 ave          18 max          18 min
Histogram: 1 0 0 0 0 0 0 0 0 0
Nghost:           3126 ave        3126 max        3126 min
Histogram: 1 0 0 0 0 0 0 0 0 0
Neighs:              0 ave           0 max           0 min
Histogram: 1 0 0 0 0 0 0 0 0 0
FullNghs:        13474 ave       13474 max       13474 min
Histogram: 1 0 0 0 0 0 0 0 0 0

Total # of neighbors = 13474
Ave neighs/atom = 748.55556
Neighbor list builds = 0
Dangerous builds = 0
set atom * x 0.0 y 0.0 z 0.0
Setting atom values ...
  18 settings made for x
  18 settings made for y
  18 settings made for z
change_box all     x final 0 2.5442874152098445 y final 0 8.4547926955376 z final 0 8.552362354456667      xy final 1.331267215522627 xz final -2.7712702743519064 yz final -1.555966023596164 units box
Changing box ...
  triclinic box = (0 0 0) to (2.5442874 8.4558151 8.5527661) with tilt (1.3288623 -2.7748122 -1.5564435)
  triclinic box = (0 0 0) to (2.5442874 8.4547927 8.5527661) with tilt (1.3288623 -2.7748122 -1.5564435)
  triclinic box = (0 0 0) to (2.5442874 8.4547927 8.5523624) with tilt (1.3288623 -2.7748122 -1.5564435)
  triclinic box = (0 0 0) to (2.5442874 8.4547927 8.5523624) with tilt (1.3312672 -2.7748122 -1.5564435)
  triclinic box = (0 0 0) to (2.5442874 8.4547927 8.5523624) with tilt (1.3312672 -2.7712703 -1.5564435)
  triclinic box = (0 0 0) to (2.5442874 8.4547927 8.5523624) with tilt (1.3312672 -2.7712703 -1.555966)
echo none
run 0
Per MPI rank memory allocation (min/avg/max) = 3.934 | 3.934 | 3.934 Mbytes
    PotEng          Pxx           E_mol          E_coul    
-76.858403      38.325688      0              0            
Loop time of 1.894e-06 on 1 procs for 0 steps with 18 atoms

844.8% CPU use with 1 MPI tasks x 1 OpenMP threads

MPI task timing breakdown:
Section |  min time  |  avg time  |  max time  |%varavg| %total
---------------------------------------------------------------
Pair    | 0          | 0          | 0          |   0.0 |  0.00
Neigh   | 0          | 0          | 0          |   0.0 |  0.00
Comm    | 0          | 0          | 0          |   0.0 |  0.00
Output  | 0          | 0          | 0          |   0.0 |  0.00
Modify  | 0          | 0          | 0          |   0.0 |  0.00
Other   |            | 1.894e-06  |            |       |100.00

Nlocal:             18 ave          18 max          18 min
Histogram: 1 0 0 0 0 0 0 0 0 0
Nghost:           3126 ave        3126 max        3126 min
Histogram: 1 0 0 0 0 0 0 0 0 0
Neighs:              0 ave           0 max           0 min
Histogram: 1 0 0 0 0 0 0 0 0 0
FullNghs:        13472 ave       13472 max       13472 min
Histogram: 1 0 0 0 0 0 0 0 0 0

Total # of neighbors = 13472
Ave neighs/atom = 748.44444
Neighbor list builds = 0
Dangerous builds = 0
set atom * x 0.0 y 0.0 z 0.0
Setting atom values ...
  18 settings made for x
  18 settings made for y
  18 settings made for z
change_box all     x final 0 2.544232404594034 y final 0 8.452438694801726 z final 0 8.551429920129376      xy final 1.3368025173976965 xz final -2.7631186363181657 yz final -1.5548703300178297 units box
Changing box ...
  triclinic box = (0 0 0) to (2.5442324 8.4547927 8.5523624) with tilt (1.3312672 -2.7712703 -1.555966)
  triclinic box = (0 0 0) to (2.5442324 8.4524387 8.5523624) with tilt (1.3312672 -2.7712703 -1.555966)
  triclinic box = (0 0 0) to (2.5442324 8.4524387 8.5514299) with tilt (1.3312672 -2.7712703 -1.555966)
  triclinic box = (0 0 0) to (2.5442324 8.4524387 8.5514299) with tilt (1.3368025 -2.7712703 -1.555966)
  triclinic box = (0 0 0) to (2.5442324 8.4524387 8.5514299) with tilt (1.3368025 -2.7631186 -1.555966)
  triclinic box = (0 0 0) to (2.5442324 8.4524387 8.5514299) with tilt (1.3368025 -2.7631186 -1.5548703)
echo none
run 0
Per MPI rank memory allocation (min/avg/max) = 3.934 | 3.934 | 3.934 Mbytes
    PotEng          Pxx           E_mol          E_coul    
-76.858435      85.125684      0              0            
Loop time of 1.792e-06 on 1 procs for 0 steps with 18 atoms

1060.3% CPU use with 1 MPI tasks x 1 OpenMP threads

MPI task timing breakdown:
Section |  min time  |  avg time  |  max time  |%varavg| %total
---------------------------------------------------------------
Pair    | 0          | 0          | 0          |   0.0 |  0.00
Neigh   | 0          | 0          | 0          |   0.0 |  0.00
Comm    | 0          | 0          | 0          |   0.0 |  0.00
Output  | 0          | 0          | 0          |   0.0 |  0.00
Modify  | 0          | 0          | 0          |   0.0 |  0.00
Other   |            | 1.792e-06  |            |       |100.00

Nlocal:             18 ave          18 max          18 min
Histogram: 1 0 0 0 0 0 0 0 0 0
Nghost:           3126 ave        3126 max        3126 min
Histogram: 1 0 0 0 0 0 0 0 0 0
Neighs:              0 ave           0 max           0 min
Histogram: 1 0 0 0 0 0 0 0 0 0
FullNghs:        13478 ave       13478 max       13478 min
Histogram: 1 0 0 0 0 0 0 0 0 0

Total # of neighbors = 13478
Ave neighs/atom = 748.77778
Neighbor list builds = 0
Dangerous builds = 0
set atom * x 0.0 y 0.0 z 0.0
Setting atom values ...
  18 settings made for x
  18 settings made for y
  18 settings made for z
change_box all     x final 0 2.544232404594034 y final 0 8.45243869480172 z final 0 8.551429920129378      xy final 1.3368025173976967 xz final -2.763118636318166 yz final -1.5548703300178288 units box
Changing box ...
  triclinic box = (0 0 0) to (2.5442324 8.4524387 8.5514299) with tilt (1.3368025 -2.7631186 -1.5548703)
  triclinic box = (0 0 0) to (2.5442324 8.4524387 8.5514299) with tilt (1.3368025 -2.7631186 -1.5548703)
  triclinic box = (0 0 0) to (2.5442324 8.4524387 8.5514299) with tilt (1.3368025 -2.7631186 -1.5548703)
  triclinic box = (0 0 0) to (2.5442324 8.4524387 8.5514299) with tilt (1.3368025 -2.7631186 -1.5548703)
  triclinic box = (0 0 0) to (2.5442324 8.4524387 8.5514299) with tilt (1.3368025 -2.7631186 -1.5548703)
  triclinic box = (0 0 0) to (2.5442324 8.4524387 8.5514299) with tilt (1.3368025 -2.7631186 -1.5548703)
echo none
run 0
Per MPI rank memory allocation (min/avg/max) = 3.934 | 3.934 | 3.934 Mbytes
    PotEng          Pxx           E_mol          E_coul    
-76.858435      85.125684      0              0            
Loop time of 1.426e-06 on 1 procs for 0 steps with 18 atoms

981.8% CPU use with 1 MPI tasks x 1 OpenMP threads

MPI task timing breakdown:
Section |  min time  |  avg time  |  max time  |%varavg| %total
---------------------------------------------------------------
Pair    | 0          | 0          | 0          |   0.0 |  0.00
Neigh   | 0          | 0          | 0          |   0.0 |  0.00
Comm    | 0          | 0          | 0          |   0.0 |  0.00
Output  | 0          | 0          | 0          |   0.0 |  0.00
Modify  | 0          | 0          | 0          |   0.0 |  0.00
Other   |            | 1.426e-06  |            |       |100.00

Nlocal:             18 ave          18 max          18 min
Histogram: 1 0 0 0 0 0 0 0 0 0
Nghost:           3126 ave        3126 max        3126 min
Histogram: 1 0 0 0 0 0 0 0 0 0
Neighs:              0 ave           0 max           0 min
Histogram: 1 0 0 0 0 0 0 0 0 0
FullNghs:        13478 ave       13478 max       13478 min
Histogram: 1 0 0 0 0 0 0 0 0 0

Total # of neighbors = 13478
Ave neighs/atom = 748.77778
Neighbor list builds = 0
Dangerous builds = 0
set atom * x 0.0 y 0.0 z 0.0
Setting atom values ...
  18 settings made for x
  18 settings made for y
  18 settings made for z
change_box all     x final 0 2.544247017866578 y final 0 8.453478976128775 z final 0 8.549244052861763      xy final 1.3349711642118969 xz final -2.763227401013605 yz final -1.5550829578141387 units box
Changing box ...
  triclinic box = (0 0 0) to (2.544247 8.4524387 8.5514299) with tilt (1.3368025 -2.7631186 -1.5548703)
  triclinic box = (0 0 0) to (2.544247 8.453479 8.5514299) with tilt (1.3368025 -2.7631186 -1.5548703)
  triclinic box = (0 0 0) to (2.544247 8.453479 8.5492441) with tilt (1.3368025 -2.7631186 -1.5548703)
  triclinic box = (0 0 0) to (2.544247 8.453479 8.5492441) with tilt (1.3349712 -2.7631186 -1.5548703)
  triclinic box = (0 0 0) to (2.544247 8.453479 8.5492441) with tilt (1.3349712 -2.7632274 -1.5548703)
  triclinic box = (0 0 0) to (2.544247 8.453479 8.5492441) with tilt (1.3349712 -2.7632274 -1.555083)
echo none
run 0
Per MPI rank memory allocation (min/avg/max) = 3.934 | 3.934 | 3.934 Mbytes
    PotEng          Pxx           E_mol          E_coul    
-76.858517      80.679237      0              0            
Loop time of 1.206e-06 on 1 procs for 0 steps with 18 atoms

829.2% CPU use with 1 MPI tasks x 1 OpenMP threads

MPI task timing breakdown:
Section |  min time  |  avg time  |  max time  |%varavg| %total
---------------------------------------------------------------
Pair    | 0          | 0          | 0          |   0.0 |  0.00
Neigh   | 0          | 0          | 0          |   0.0 |  0.00
Comm    | 0          | 0          | 0          |   0.0 |  0.00
Output  | 0          | 0          | 0          |   0.0 |  0.00
Modify  | 0          | 0          | 0          |   0.0 |  0.00
Other   |            | 1.206e-06  |            |       |100.00

Nlocal:             18 ave          18 max          18 min
Histogram: 1 0 0 0 0 0 0 0 0 0
Nghost:           3126 ave        3126 max        3126 min
Histogram: 1 0 0 0 0 0 0 0 0 0
Neighs:              0 ave           0 max           0 min
Histogram: 1 0 0 0 0 0 0 0 0 0
FullNghs:        13476 ave       13476 max       13476 min
Histogram: 1 0 0 0 0 0 0 0 0 0

Total # of neighbors = 13476
Ave neighs/atom = 748.66667
Neighbor list builds = 0
Dangerous builds = 0
set atom * x 0.0 y 0.0 z 0.0
Setting atom values ...
  18 settings made for x
  18 settings made for y
  18 settings made for z
change_box all     x final 0 2.544305967572527 y final 0 8.457639833609816 z final 0 8.540506069049439      xy final 1.3276420094451968 xz final -2.763660201780903 yz final -1.555933790242235 units box
Changing box ...
  triclinic box = (0 0 0) to (2.544306 8.453479 8.5492441) with tilt (1.3349712 -2.7632274 -1.555083)
  triclinic box = (0 0 0) to (2.544306 8.4576398 8.5492441) with tilt (1.3349712 -2.7632274 -1.555083)
  triclinic box = (0 0 0) to (2.544306 8.4576398 8.5405061) with tilt (1.3349712 -2.7632274 -1.555083)
  triclinic box = (0 0 0) to (2.544306 8.4576398 8.5405061) with tilt (1.327642 -2.7632274 -1.555083)
  triclinic box = (0 0 0) to (2.544306 8.4576398 8.5405061) with tilt (1.327642 -2.7636602 -1.555083)
  triclinic box = (0 0 0) to (2.544306 8.4576398 8.5405061) with tilt (1.327642 -2.7636602 -1.5559338)
echo none
run 0
Per MPI rank memory allocation (min/avg/max) = 3.934 | 3.934 | 3.934 Mbytes
    PotEng          Pxx           E_mol          E_coul    
-76.858752      63.721551      0              0            
Loop time of 9.292e-06 on 1 procs for 0 steps with 18 atoms

1205.3% CPU use with 1 MPI tasks x 1 OpenMP threads

MPI task timing breakdown:
Section |  min time  |  avg time  |  max time  |%varavg| %total
---------------------------------------------------------------
Pair    | 0          | 0          | 0          |   0.0 |  0.00
Neigh   | 0          | 0          | 0          |   0.0 |  0.00
Comm    | 0          | 0          | 0          |   0.0 |  0.00
Output  | 0          | 0          | 0          |   0.0 |  0.00
Modify  | 0          | 0          | 0          |   0.0 |  0.00
Other   |            | 9.292e-06  |            |       |100.00

Nlocal:             18 ave          18 max          18 min
Histogram: 1 0 0 0 0 0 0 0 0 0
Nghost:           3126 ave        3126 max        3126 min
Histogram: 1 0 0 0 0 0 0 0 0 0
Neighs:              0 ave           0 max           0 min
Histogram: 1 0 0 0 0 0 0 0 0 0
FullNghs:        13474 ave       13474 max       13474 min
Histogram: 1 0 0 0 0 0 0 0 0 0

Total # of neighbors = 13474
Ave neighs/atom = 748.55556
Neighbor list builds = 0
Dangerous builds = 0
set atom * x 0.0 y 0.0 z 0.0
Setting atom values ...
  18 settings made for x
  18 settings made for y
  18 settings made for z
change_box all     x final 0 2.5443059675725253 y final 0 8.457639833609818 z final 0 8.540506069049439      xy final 1.327642009445195 xz final -2.7636602017808998 yz final -1.555933790242234 units box
Changing box ...
  triclinic box = (0 0 0) to (2.544306 8.4576398 8.5405061) with tilt (1.327642 -2.7636602 -1.5559338)
  triclinic box = (0 0 0) to (2.544306 8.4576398 8.5405061) with tilt (1.327642 -2.7636602 -1.5559338)
  triclinic box = (0 0 0) to (2.544306 8.4576398 8.5405061) with tilt (1.327642 -2.7636602 -1.5559338)
  triclinic box = (0 0 0) to (2.544306 8.4576398 8.5405061) with tilt (1.327642 -2.7636602 -1.5559338)
  triclinic box = (0 0 0) to (2.544306 8.4576398 8.5405061) with tilt (1.327642 -2.7636602 -1.5559338)
  triclinic box = (0 0 0) to (2.544306 8.4576398 8.5405061) with tilt (1.327642 -2.7636602 -1.5559338)
echo none
run 0
Per MPI rank memory allocation (min/avg/max) = 3.934 | 3.934 | 3.934 Mbytes
    PotEng          Pxx           E_mol          E_coul    
-76.858752      63.721551      0              0            
Loop time of 1.366e-06 on 1 procs for 0 steps with 18 atoms

805.3% CPU use with 1 MPI tasks x 1 OpenMP threads

MPI task timing breakdown:
Section |  min time  |  avg time  |  max time  |%varavg| %total
---------------------------------------------------------------
Pair    | 0          | 0          | 0          |   0.0 |  0.00
Neigh   | 0          | 0          | 0          |   0.0 |  0.00
Comm    | 0          | 0          | 0          |   0.0 |  0.00
Output  | 0          | 0          | 0          |   0.0 |  0.00
Modify  | 0          | 0          | 0          |   0.0 |  0.00
Other   |            | 1.366e-06  |            |       |100.00

Nlocal:             18 ave          18 max          18 min
Histogram: 1 0 0 0 0 0 0 0 0 0
Nghost:           3126 ave        3126 max        3126 min
Histogram: 1 0 0 0 0 0 0 0 0 0
Neighs:              0 ave           0 max           0 min
Histogram: 1 0 0 0 0 0 0 0 0 0
FullNghs:        13474 ave       13474 max       13474 min
Histogram: 1 0 0 0 0 0 0 0 0 0

Total # of neighbors = 13474
Ave neighs/atom = 748.55556
Neighbor list builds = 0
Dangerous builds = 0
set atom * x 0.0 y 0.0 z 0.0
Setting atom values ...
  18 settings made for x
  18 settings made for y
  18 settings made for z
change_box all     x final 0 2.544373134155016 y final 0 8.462758774066195 z final 0 8.524635753416296      xy final 1.3039818016242681 xz final -2.7359225637925255 yz final -1.5547587804829635 units box
Changing box ...
  triclinic box = (0 0 0) to (2.5443731 8.4576398 8.5405061) with tilt (1.327642 -2.7636602 -1.5559338)
  triclinic box = (0 0 0) to (2.5443731 8.4627588 8.5405061) with tilt (1.327642 -2.7636602 -1.5559338)
  triclinic box = (0 0 0) to (2.5443731 8.4627588 8.5246358) with tilt (1.327642 -2.7636602 -1.5559338)
  triclinic box = (0 0 0) to (2.5443731 8.4627588 8.5246358) with tilt (1.3039818 -2.7636602 -1.5559338)
  triclinic box = (0 0 0) to (2.5443731 8.4627588 8.5246358) with tilt (1.3039818 -2.7359226 -1.5559338)
  triclinic box = (0 0 0) to (2.5443731 8.4627588 8.5246358) with tilt (1.3039818 -2.7359226 -1.5547588)
echo none
run 0
Per MPI rank memory allocation (min/avg/max) = 3.934 | 3.934 | 3.934 Mbytes
    PotEng          Pxx           E_mol          E_coul    
-76.859177      18.771238      0              0            
Loop time of 1.742e-06 on 1 procs for 0 steps with 18 atoms

861.1% CPU use with 1 MPI tasks x 1 OpenMP threads

MPI task timing breakdown:
Section |  min time  |  avg time  |  max time  |%varavg| %total
---------------------------------------------------------------
Pair    | 0          | 0          | 0          |   0.0 |  0.00
Neigh   | 0          | 0          | 0          |   0.0 |  0.00
Comm    | 0          | 0          | 0          |   0.0 |  0.00
Output  | 0          | 0          | 0          |   0.0 |  0.00
Modify  | 0          | 0          | 0          |   0.0 |  0.00
Other   |            | 1.742e-06  |            |       |100.00

Nlocal:             18 ave          18 max          18 min
Histogram: 1 0 0 0 0 0 0 0 0 0
Nghost:           3126 ave        3126 max        3126 min
Histogram: 1 0 0 0 0 0 0 0 0 0
Neighs:              0 ave           0 max           0 min
Histogram: 1 0 0 0 0 0 0 0 0 0
FullNghs:        13470 ave       13470 max       13470 min
Histogram: 1 0 0 0 0 0 0 0 0 0

Total # of neighbors = 13470
Ave neighs/atom = 748.33333
Neighbor list builds = 0
Dangerous builds = 0
set atom * x 0.0 y 0.0 z 0.0
Setting atom values ...
  18 settings made for x
  18 settings made for y
  18 settings made for z
change_box all     x final 0 2.5444824472516783 y final 0 8.469275957880495 z final 0 8.504331328200823      xy final 1.2736884843443828 xz final -2.7005787560175123 yz final -1.5531791118242717 units box
Changing box ...
  triclinic box = (0 0 0) to (2.5444824 8.4627588 8.5246358) with tilt (1.3039818 -2.7359226 -1.5547588)
  triclinic box = (0 0 0) to (2.5444824 8.469276 8.5246358) with tilt (1.3039818 -2.7359226 -1.5547588)
  triclinic box = (0 0 0) to (2.5444824 8.469276 8.5043313) with tilt (1.3039818 -2.7359226 -1.5547588)
  triclinic box = (0 0 0) to (2.5444824 8.469276 8.5043313) with tilt (1.2736885 -2.7359226 -1.5547588)
  triclinic box = (0 0 0) to (2.5444824 8.469276 8.5043313) with tilt (1.2736885 -2.7005788 -1.5547588)
  triclinic box = (0 0 0) to (2.5444824 8.469276 8.5043313) with tilt (1.2736885 -2.7005788 -1.5531791)
echo none
run 0
Per MPI rank memory allocation (min/avg/max) = 3.934 | 3.934 | 3.934 Mbytes
    PotEng          Pxx           E_mol          E_coul    
-76.859353     -54.983962      0              0            
Loop time of 1.428e-06 on 1 procs for 0 steps with 18 atoms

1120.4% CPU use with 1 MPI tasks x 1 OpenMP threads

MPI task timing breakdown:
Section |  min time  |  avg time  |  max time  |%varavg| %total
---------------------------------------------------------------
Pair    | 0          | 0          | 0          |   0.0 |  0.00
Neigh   | 0          | 0          | 0          |   0.0 |  0.00
Comm    | 0          | 0          | 0          |   0.0 |  0.00
Output  | 0          | 0          | 0          |   0.0 |  0.00
Modify  | 0          | 0          | 0          |   0.0 |  0.00
Other   |            | 1.428e-06  |            |       |100.00

Nlocal:             18 ave          18 max          18 min
Histogram: 1 0 0 0 0 0 0 0 0 0
Nghost:           3110 ave        3110 max        3110 min
Histogram: 1 0 0 0 0 0 0 0 0 0
Neighs:              0 ave           0 max           0 min
Histogram: 1 0 0 0 0 0 0 0 0 0
FullNghs:        13492 ave       13492 max       13492 min
Histogram: 1 0 0 0 0 0 0 0 0 0

Total # of neighbors = 13492
Ave neighs/atom = 749.55556
Neighbor list builds = 0
Dangerous builds = 0
set atom * x 0.0 y 0.0 z 0.0
Setting atom values ...
  18 settings made for x
  18 settings made for y
  18 settings made for z
change_box all     x final 0 2.544482447251679 y final 0 8.469275957880491 z final 0 8.504331328200823      xy final 1.273688484344384 xz final -2.700578756017514 yz final -1.5531791118242728 units box
Changing box ...
  triclinic box = (0 0 0) to (2.5444824 8.469276 8.5043313) with tilt (1.2736885 -2.7005788 -1.5531791)
  triclinic box = (0 0 0) to (2.5444824 8.469276 8.5043313) with tilt (1.2736885 -2.7005788 -1.5531791)
  triclinic box = (0 0 0) to (2.5444824 8.469276 8.5043313) with tilt (1.2736885 -2.7005788 -1.5531791)
  triclinic box = (0 0 0) to (2.5444824 8.469276 8.5043313) with tilt (1.2736885 -2.7005788 -1.5531791)
  triclinic box = (0 0 0) to (2.5444824 8.469276 8.5043313) with tilt (1.2736885 -2.7005788 -1.5531791)
  triclinic box = (0 0 0) to (2.5444824 8.469276 8.5043313) with tilt (1.2736885 -2.7005788 -1.5531791)
echo none
run 0
Per MPI rank memory allocation (min/avg/max) = 3.934 | 3.934 | 3.934 Mbytes
    PotEng          Pxx           E_mol          E_coul    
-76.859353     -54.983962      0              0            
Loop time of 1.658e-06 on 1 procs for 0 steps with 18 atoms

844.4% CPU use with 1 MPI tasks x 1 OpenMP threads

MPI task timing breakdown:
Section |  min time  |  avg time  |  max time  |%varavg| %total
---------------------------------------------------------------
Pair    | 0          | 0          | 0          |   0.0 |  0.00
Neigh   | 0          | 0          | 0          |   0.0 |  0.00
Comm    | 0          | 0          | 0          |   0.0 |  0.00
Output  | 0          | 0          | 0          |   0.0 |  0.00
Modify  | 0          | 0          | 0          |   0.0 |  0.00
Other   |            | 1.658e-06  |            |       |100.00

Nlocal:             18 ave          18 max          18 min
Histogram: 1 0 0 0 0 0 0 0 0 0
Nghost:           3110 ave        3110 max        3110 min
Histogram: 1 0 0 0 0 0 0 0 0 0
Neighs:              0 ave           0 max           0 min
Histogram: 1 0 0 0 0 0 0 0 0 0
FullNghs:        13492 ave       13492 max       13492 min
Histogram: 1 0 0 0 0 0 0 0 0 0

Total # of neighbors = 13492
Ave neighs/atom = 749.55556
Neighbor list builds = 0
Dangerous builds = 0
set atom * x 0.0 y 0.0 z 0.0
Setting atom values ...
  18 settings made for x
  18 settings made for y
  18 settings made for z
change_box all     x final 0 2.544489446333771 y final 0 8.465375872859473 z final 0 8.504137149056843      xy final 1.26548720269059 xz final -2.692276894550097 yz final -1.5561355697956079 units box
Changing box ...
  triclinic box = (0 0 0) to (2.5444894 8.469276 8.5043313) with tilt (1.2736885 -2.7005788 -1.5531791)
  triclinic box = (0 0 0) to (2.5444894 8.4653759 8.5043313) with tilt (1.2736885 -2.7005788 -1.5531791)
  triclinic box = (0 0 0) to (2.5444894 8.4653759 8.5041371) with tilt (1.2736885 -2.7005788 -1.5531791)
  triclinic box = (0 0 0) to (2.5444894 8.4653759 8.5041371) with tilt (1.2654872 -2.7005788 -1.5531791)
  triclinic box = (0 0 0) to (2.5444894 8.4653759 8.5041371) with tilt (1.2654872 -2.6922769 -1.5531791)
  triclinic box = (0 0 0) to (2.5444894 8.4653759 8.5041371) with tilt (1.2654872 -2.6922769 -1.5561356)
echo none
run 0
Per MPI rank memory allocation (min/avg/max) = 3.934 | 3.934 | 3.934 Mbytes
    PotEng          Pxx           E_mol          E_coul    
-76.859819     -84.582668      0              0            
Loop time of 1.636e-06 on 1 procs for 0 steps with 18 atoms

1222.5% CPU use with 1 MPI tasks x 1 OpenMP threads

MPI task timing breakdown:
Section |  min time  |  avg time  |  max time  |%varavg| %total
---------------------------------------------------------------
Pair    | 0          | 0          | 0          |   0.0 |  0.00
Neigh   | 0          | 0          | 0          |   0.0 |  0.00
Comm    | 0          | 0          | 0          |   0.0 |  0.00
Output  | 0          | 0          | 0          |   0.0 |  0.00
Modify  | 0          | 0          | 0          |   0.0 |  0.00
Other   |            | 1.636e-06  |            |       |100.00

Nlocal:             18 ave          18 max          18 min
Histogram: 1 0 0 0 0 0 0 0 0 0
Nghost:           3110 ave        3110 max        3110 min
Histogram: 1 0 0 0 0 0 0 0 0 0
Neighs:              0 ave           0 max           0 min
Histogram: 1 0 0 0 0 0 0 0 0 0
FullNghs:        13494 ave       13494 max       13494 min
Histogram: 1 0 0 0 0 0 0 0 0 0

Total # of neighbors = 13494
Ave neighs/atom = 749.66667
Neighbor list builds = 0
Dangerous builds = 0
set atom * x 0.0 y 0.0 z 0.0
Setting atom values ...
  18 settings made for x
  18 settings made for y
  18 settings made for z
change_box all     x final 0 2.5445335568529734 y final 0 8.449773229782494 z final 0 8.503327009676985      xy final 1.232725822847759 xz final -2.6590675098185477 yz final -1.5679073757705635 units box
Changing box ...
  triclinic box = (0 0 0) to (2.5445336 8.4653759 8.5041371) with tilt (1.2654872 -2.6922769 -1.5561356)
  triclinic box = (0 0 0) to (2.5445336 8.4497732 8.5041371) with tilt (1.2654872 -2.6922769 -1.5561356)
  triclinic box = (0 0 0) to (2.5445336 8.4497732 8.503327) with tilt (1.2654872 -2.6922769 -1.5561356)
  triclinic box = (0 0 0) to (2.5445336 8.4497732 8.503327) with tilt (1.2327258 -2.6922769 -1.5561356)
  triclinic box = (0 0 0) to (2.5445336 8.4497732 8.503327) with tilt (1.2327258 -2.6590675 -1.5561356)
  triclinic box = (0 0 0) to (2.5445336 8.4497732 8.503327) with tilt (1.2327258 -2.6590675 -1.5679074)
echo none
run 0
Per MPI rank memory allocation (min/avg/max) = 3.934 | 3.934 | 3.934 Mbytes
    PotEng          Pxx           E_mol          E_coul    
-76.860777     -224.24457      0              0            
Loop time of 1.882e-06 on 1 procs for 0 steps with 18 atoms

584.5% CPU use with 1 MPI tasks x 1 OpenMP threads

MPI task timing breakdown:
Section |  min time  |  avg time  |  max time  |%varavg| %total
---------------------------------------------------------------
Pair    | 0          | 0          | 0          |   0.0 |  0.00
Neigh   | 0          | 0          | 0          |   0.0 |  0.00
Comm    | 0          | 0          | 0          |   0.0 |  0.00
Output  | 0          | 0          | 0          |   0.0 |  0.00
Modify  | 0          | 0          | 0          |   0.0 |  0.00
Other   |            | 1.882e-06  |            |       |100.00

Nlocal:             18 ave          18 max          18 min
Histogram: 1 0 0 0 0 0 0 0 0 0
Nghost:           3138 ave        3138 max        3138 min
Histogram: 1 0 0 0 0 0 0 0 0 0
Neighs:              0 ave           0 max           0 min
Histogram: 1 0 0 0 0 0 0 0 0 0
FullNghs:        13504 ave       13504 max       13504 min
Histogram: 1 0 0 0 0 0 0 0 0 0

Total # of neighbors = 13504
Ave neighs/atom = 750.22222
Neighbor list builds = 0
Dangerous builds = 0
set atom * x 0.0 y 0.0 z 0.0
Setting atom values ...
  18 settings made for x
  18 settings made for y
  18 settings made for z
change_box all     x final 0 2.5445335568529757 y final 0 8.449773229782496 z final 0 8.503327009676983      xy final 1.2327258228477587 xz final -2.65906750981855 yz final -1.567907375770564 units box
Changing box ...
  triclinic box = (0 0 0) to (2.5445336 8.4497732 8.503327) with tilt (1.2327258 -2.6590675 -1.5679074)
  triclinic box = (0 0 0) to (2.5445336 8.4497732 8.503327) with tilt (1.2327258 -2.6590675 -1.5679074)
  triclinic box = (0 0 0) to (2.5445336 8.4497732 8.503327) with tilt (1.2327258 -2.6590675 -1.5679074)
  triclinic box = (0 0 0) to (2.5445336 8.4497732 8.503327) with tilt (1.2327258 -2.6590675 -1.5679074)
  triclinic box = (0 0 0) to (2.5445336 8.4497732 8.503327) with tilt (1.2327258 -2.6590675 -1.5679074)
  triclinic box = (0 0 0) to (2.5445336 8.4497732 8.503327) with tilt (1.2327258 -2.6590675 -1.5679074)
echo none
run 0
Per MPI rank memory allocation (min/avg/max) = 3.934 | 3.934 | 3.934 Mbytes
    PotEng          Pxx           E_mol          E_coul    
-76.860777     -224.24457      0              0            
Loop time of 1.449e-06 on 1 procs for 0 steps with 18 atoms

483.1% CPU use with 1 MPI tasks x 1 OpenMP threads

MPI task timing breakdown:
Section |  min time  |  avg time  |  max time  |%varavg| %total
---------------------------------------------------------------
Pair    | 0          | 0          | 0          |   0.0 |  0.00
Neigh   | 0          | 0          | 0          |   0.0 |  0.00
Comm    | 0          | 0          | 0          |   0.0 |  0.00
Output  | 0          | 0          | 0          |   0.0 |  0.00
Modify  | 0          | 0          | 0          |   0.0 |  0.00
Other   |            | 1.449e-06  |            |       |100.00

Nlocal:             18 ave          18 max          18 min
Histogram: 1 0 0 0 0 0 0 0 0 0
Nghost:           3138 ave        3138 max        3138 min
Histogram: 1 0 0 0 0 0 0 0 0 0
Neighs:              0 ave           0 max           0 min
Histogram: 1 0 0 0 0 0 0 0 0 0
FullNghs:        13504 ave       13504 max       13504 min
Histogram: 1 0 0 0 0 0 0 0 0 0

Total # of neighbors = 13504
Ave neighs/atom = 750.22222
Neighbor list builds = 0
Dangerous builds = 0
set atom * x 0.0 y 0.0 z 0.0
Setting atom values ...
  18 settings made for x
  18 settings made for y
  18 settings made for z
change_box all     x final 0 2.5447193032808118 y final 0 8.441322281085807 z final 0 8.498558665569059      xy final 1.2063998682660904 xz final -2.636000503659751 yz final -1.5524478411229818 units box
Changing box ...
  triclinic box = (0 0 0) to (2.5447193 8.4497732 8.503327) with tilt (1.2327258 -2.6590675 -1.5679074)
  triclinic box = (0 0 0) to (2.5447193 8.4413223 8.503327) with tilt (1.2327258 -2.6590675 -1.5679074)
  triclinic box = (0 0 0) to (2.5447193 8.4413223 8.4985587) with tilt (1.2327258 -2.6590675 -1.5679074)
  triclinic box = (0 0 0) to (2.5447193 8.4413223 8.4985587) with tilt (1.2063999 -2.6590675 -1.5679074)
  triclinic box = (0 0 0) to (2.5447193 8.4413223 8.4985587) with tilt (1.2063999 -2.6360005 -1.5679074)
  triclinic box = (0 0 0) to (2.5447193 8.4413223 8.4985587) with tilt (1.2063999 -2.6360005 -1.5524478)
echo none
run 0
Per MPI rank memory allocation (min/avg/max) = 3.934 | 3.934 | 3.934 Mbytes
    PotEng          Pxx           E_mol          E_coul    
-76.861552     -365.93152      0              0            
Loop time of 1.284e-06 on 1 procs for 0 steps with 18 atoms

389.4% CPU use with 1 MPI tasks x 1 OpenMP threads

MPI task timing breakdown:
Section |  min time  |  avg time  |  max time  |%varavg| %total
---------------------------------------------------------------
Pair    | 0          | 0          | 0          |   0.0 |  0.00
Neigh   | 0          | 0          | 0          |   0.0 |  0.00
Comm    | 0          | 0          | 0          |   0.0 |  0.00
Output  | 0          | 0          | 0          |   0.0 |  0.00
Modify  | 0          | 0          | 0          |   0.0 |  0.00
Other   |            | 1.284e-06  |            |       |100.00

Nlocal:             18 ave          18 max          18 min
Histogram: 1 0 0 0 0 0 0 0 0 0
Nghost:           3138 ave        3138 max        3138 min
Histogram: 1 0 0 0 0 0 0 0 0 0
Neighs:              0 ave           0 max           0 min
Histogram: 1 0 0 0 0 0 0 0 0 0
FullNghs:        13542 ave       13542 max       13542 min
Histogram: 1 0 0 0 0 0 0 0 0 0

Total # of neighbors = 13542
Ave neighs/atom = 752.33333
Neighbor list builds = 0
Dangerous builds = 0
set atom * x 0.0 y 0.0 z 0.0
Setting atom values ...
  18 settings made for x
  18 settings made for y
  18 settings made for z
change_box all     x final 0 2.5451006529014673 y final 0 8.425654408257092 z final 0 8.48965990411369      xy final 1.1578804261460927 xz final -2.5935172927693784 yz final -1.523744155676809 units box
Changing box ...
  triclinic box = (0 0 0) to (2.5451007 8.4413223 8.4985587) with tilt (1.2063999 -2.6360005 -1.5524478)
  triclinic box = (0 0 0) to (2.5451007 8.4256544 8.4985587) with tilt (1.2063999 -2.6360005 -1.5524478)
  triclinic box = (0 0 0) to (2.5451007 8.4256544 8.4896599) with tilt (1.2063999 -2.6360005 -1.5524478)
  triclinic box = (0 0 0) to (2.5451007 8.4256544 8.4896599) with tilt (1.1578804 -2.6360005 -1.5524478)
  triclinic box = (0 0 0) to (2.5451007 8.4256544 8.4896599) with tilt (1.1578804 -2.5935173 -1.5524478)
  triclinic box = (0 0 0) to (2.5451007 8.4256544 8.4896599) with tilt (1.1578804 -2.5935173 -1.5237442)
echo none
run 0
Per MPI rank memory allocation (min/avg/max) = 3.934 | 3.934 | 3.934 Mbytes
    PotEng          Pxx           E_mol          E_coul    
-76.862098     -656.9605       0              0            
Loop time of 5.988e-06 on 1 procs for 0 steps with 18 atoms

5694.7% CPU use with 1 MPI tasks x 1 OpenMP threads

MPI task timing breakdown:
Section |  min time  |  avg time  |  max time  |%varavg| %total
---------------------------------------------------------------
Pair    | 0          | 0          | 0          |   0.0 |  0.00
Neigh   | 0          | 0          | 0          |   0.0 |  0.00
Comm    | 0          | 0          | 0          |   0.0 |  0.00
Output  | 0          | 0          | 0          |   0.0 |  0.00
Modify  | 0          | 0          | 0          |   0.0 |  0.00
Other   |            | 5.988e-06  |            |       |100.00

Nlocal:             18 ave          18 max          18 min
Histogram: 1 0 0 0 0 0 0 0 0 0
Nghost:           3122 ave        3122 max        3122 min
Histogram: 1 0 0 0 0 0 0 0 0 0
Neighs:              0 ave           0 max           0 min
Histogram: 1 0 0 0 0 0 0 0 0 0
FullNghs:        13600 ave       13600 max       13600 min
Histogram: 1 0 0 0 0 0 0 0 0 0

Total # of neighbors = 13600
Ave neighs/atom = 755.55556
Neighbor list builds = 0
Dangerous builds = 0
set atom * x 0.0 y 0.0 z 0.0
Setting atom values ...
  18 settings made for x
  18 settings made for y
  18 settings made for z
change_box all     x final 0 2.5451006529014677 y final 0 8.42565440825709 z final 0 8.489659904113692      xy final 1.1578804261460918 xz final -2.593517292769378 yz final -1.5237441556768085 units box
Changing box ...
  triclinic box = (0 0 0) to (2.5451007 8.4256544 8.4896599) with tilt (1.1578804 -2.5935173 -1.5237442)
  triclinic box = (0 0 0) to (2.5451007 8.4256544 8.4896599) with tilt (1.1578804 -2.5935173 -1.5237442)
  triclinic box = (0 0 0) to (2.5451007 8.4256544 8.4896599) with tilt (1.1578804 -2.5935173 -1.5237442)
  triclinic box = (0 0 0) to (2.5451007 8.4256544 8.4896599) with tilt (1.1578804 -2.5935173 -1.5237442)
  triclinic box = (0 0 0) to (2.5451007 8.4256544 8.4896599) with tilt (1.1578804 -2.5935173 -1.5237442)
  triclinic box = (0 0 0) to (2.5451007 8.4256544 8.4896599) with tilt (1.1578804 -2.5935173 -1.5237442)
echo none
run 0
Per MPI rank memory allocation (min/avg/max) = 3.934 | 3.934 | 3.934 Mbytes
    PotEng          Pxx           E_mol          E_coul    
-76.862098     -656.9605       0              0            
Loop time of 1.463e-06 on 1 procs for 0 steps with 18 atoms

956.9% CPU use with 1 MPI tasks x 1 OpenMP threads

MPI task timing breakdown:
Section |  min time  |  avg time  |  max time  |%varavg| %total
---------------------------------------------------------------
Pair    | 0          | 0          | 0          |   0.0 |  0.00
Neigh   | 0          | 0          | 0          |   0.0 |  0.00
Comm    | 0          | 0          | 0          |   0.0 |  0.00
Output  | 0          | 0          | 0          |   0.0 |  0.00
Modify  | 0          | 0          | 0          |   0.0 |  0.00
Other   |            | 1.463e-06  |            |       |100.00

Nlocal:             18 ave          18 max          18 min
Histogram: 1 0 0 0 0 0 0 0 0 0
Nghost:           3122 ave        3122 max        3122 min
Histogram: 1 0 0 0 0 0 0 0 0 0
Neighs:              0 ave           0 max           0 min
Histogram: 1 0 0 0 0 0 0 0 0 0
FullNghs:        13600 ave       13600 max       13600 min
Histogram: 1 0 0 0 0 0 0 0 0 0

Total # of neighbors = 13600
Ave neighs/atom = 755.55556
Neighbor list builds = 0
Dangerous builds = 0
set atom * x 0.0 y 0.0 z 0.0
Setting atom values ...
  18 settings made for x
  18 settings made for y
  18 settings made for z
change_box all     x final 0 2.5447451080206767 y final 0 8.420069716258018 z final 0 8.510106303422045      xy final 1.2085225616152968 xz final -2.6409832595723954 yz final -1.5041421376268531 units box
Changing box ...
  triclinic box = (0 0 0) to (2.5447451 8.4256544 8.4896599) with tilt (1.1578804 -2.5935173 -1.5237442)
  triclinic box = (0 0 0) to (2.5447451 8.4200697 8.4896599) with tilt (1.1578804 -2.5935173 -1.5237442)
  triclinic box = (0 0 0) to (2.5447451 8.4200697 8.5101063) with tilt (1.1578804 -2.5935173 -1.5237442)
  triclinic box = (0 0 0) to (2.5447451 8.4200697 8.5101063) with tilt (1.2085226 -2.5935173 -1.5237442)
  triclinic box = (0 0 0) to (2.5447451 8.4200697 8.5101063) with tilt (1.2085226 -2.6409833 -1.5237442)
  triclinic box = (0 0 0) to (2.5447451 8.4200697 8.5101063) with tilt (1.2085226 -2.6409833 -1.5041421)
echo none
run 0
Per MPI rank memory allocation (min/avg/max) = 3.934 | 3.934 | 3.934 Mbytes
    PotEng          Pxx           E_mol          E_coul    
-76.862847     -215.39459      0              0            
Loop time of 1.237e-06 on 1 procs for 0 steps with 18 atoms

1050.9% CPU use with 1 MPI tasks x 1 OpenMP threads

MPI task timing breakdown:
Section |  min time  |  avg time  |  max time  |%varavg| %total
---------------------------------------------------------------
Pair    | 0          | 0          | 0          |   0.0 |  0.00
Neigh   | 0          | 0          | 0          |   0.0 |  0.00
Comm    | 0          | 0          | 0          |   0.0 |  0.00
Output  | 0          | 0          | 0          |   0.0 |  0.00
Modify  | 0          | 0          | 0          |   0.0 |  0.00
Other   |            | 1.237e-06  |            |       |100.00

Nlocal:             18 ave          18 max          18 min
Histogram: 1 0 0 0 0 0 0 0 0 0
Nghost:           3122 ave        3122 max        3122 min
Histogram: 1 0 0 0 0 0 0 0 0 0
Neighs:              0 ave           0 max           0 min
Histogram: 1 0 0 0 0 0 0 0 0 0
FullNghs:        13546 ave       13546 max       13546 min
Histogram: 1 0 0 0 0 0 0 0 0 0

Total # of neighbors = 13546
Ave neighs/atom = 752.55556
Neighbor list builds = 0
Dangerous builds = 0
set atom * x 0.0 y 0.0 z 0.0
Setting atom values ...
  18 settings made for x
  18 settings made for y
  18 settings made for z
change_box all     x final 0 2.5447451080206798 y final 0 8.420069716258027 z final 0 8.510106303422049      xy final 1.2085225616152977 xz final -2.6409832595723985 yz final -1.5041421376268542 units box
Changing box ...
  triclinic box = (0 0 0) to (2.5447451 8.4200697 8.5101063) with tilt (1.2085226 -2.6409833 -1.5041421)
  triclinic box = (0 0 0) to (2.5447451 8.4200697 8.5101063) with tilt (1.2085226 -2.6409833 -1.5041421)
  triclinic box = (0 0 0) to (2.5447451 8.4200697 8.5101063) with tilt (1.2085226 -2.6409833 -1.5041421)
  triclinic box = (0 0 0) to (2.5447451 8.4200697 8.5101063) with tilt (1.2085226 -2.6409833 -1.5041421)
  triclinic box = (0 0 0) to (2.5447451 8.4200697 8.5101063) with tilt (1.2085226 -2.6409833 -1.5041421)
  triclinic box = (0 0 0) to (2.5447451 8.4200697 8.5101063) with tilt (1.2085226 -2.6409833 -1.5041421)
echo none
run 0
Per MPI rank memory allocation (min/avg/max) = 3.934 | 3.934 | 3.934 Mbytes
    PotEng          Pxx           E_mol          E_coul    
-76.862847     -215.39459      0              0            
Loop time of 1.328e-06 on 1 procs for 0 steps with 18 atoms

1129.5% CPU use with 1 MPI tasks x 1 OpenMP threads

MPI task timing breakdown:
Section |  min time  |  avg time  |  max time  |%varavg| %total
---------------------------------------------------------------
Pair    | 0          | 0          | 0          |   0.0 |  0.00
Neigh   | 0          | 0          | 0          |   0.0 |  0.00
Comm    | 0          | 0          | 0          |   0.0 |  0.00
Output  | 0          | 0          | 0          |   0.0 |  0.00
Modify  | 0          | 0          | 0          |   0.0 |  0.00
Other   |            | 1.328e-06  |            |       |100.00

Nlocal:             18 ave          18 max          18 min
Histogram: 1 0 0 0 0 0 0 0 0 0
Nghost:           3122 ave        3122 max        3122 min
Histogram: 1 0 0 0 0 0 0 0 0 0
Neighs:              0 ave           0 max           0 min
Histogram: 1 0 0 0 0 0 0 0 0 0
FullNghs:        13546 ave       13546 max       13546 min
Histogram: 1 0 0 0 0 0 0 0 0 0

Total # of neighbors = 13546
Ave neighs/atom = 752.55556
Neighbor list builds = 0
Dangerous builds = 0
set atom * x 0.0 y 0.0 z 0.0
Setting atom values ...
  18 settings made for x
  18 settings made for y
  18 settings made for z
change_box all     x final 0 2.544527690253156 y final 0 8.425698976156266 z final 0 8.517186349885202      xy final 1.2166791760173765 xz final -2.5920987540629254 yz final -1.4815915304524105 units box
Changing box ...
  triclinic box = (0 0 0) to (2.5445277 8.4200697 8.5101063) with tilt (1.2085226 -2.6409833 -1.5041421)
  triclinic box = (0 0 0) to (2.5445277 8.425699 8.5101063) with tilt (1.2085226 -2.6409833 -1.5041421)
  triclinic box = (0 0 0) to (2.5445277 8.425699 8.5171863) with tilt (1.2085226 -2.6409833 -1.5041421)
  triclinic box = (0 0 0) to (2.5445277 8.425699 8.5171863) with tilt (1.2166792 -2.6409833 -1.5041421)
  triclinic box = (0 0 0) to (2.5445277 8.425699 8.5171863) with tilt (1.2166792 -2.5920988 -1.5041421)
  triclinic box = (0 0 0) to (2.5445277 8.425699 8.5171863) with tilt (1.2166792 -2.5920988 -1.4815915)
echo none
run 0
Per MPI rank memory allocation (min/avg/max) = 3.934 | 3.934 | 3.934 Mbytes
    PotEng          Pxx           E_mol          E_coul    
-76.863117      85.953116      0              0            
Loop time of 1.362e-06 on 1 procs for 0 steps with 18 atoms

807.6% CPU use with 1 MPI tasks x 1 OpenMP threads

MPI task timing breakdown:
Section |  min time  |  avg time  |  max time  |%varavg| %total
---------------------------------------------------------------
Pair    | 0          | 0          | 0          |   0.0 |  0.00
Neigh   | 0          | 0          | 0          |   0.0 |  0.00
Comm    | 0          | 0          | 0          |   0.0 |  0.00
Output  | 0          | 0          | 0          |   0.0 |  0.00
Modify  | 0          | 0          | 0          |   0.0 |  0.00
Other   |            | 1.362e-06  |            |       |100.00

Nlocal:             18 ave          18 max          18 min
Histogram: 1 0 0 0 0 0 0 0 0 0
Nghost:           3122 ave        3122 max        3122 min
Histogram: 1 0 0 0 0 0 0 0 0 0
Neighs:              0 ave           0 max           0 min
Histogram: 1 0 0 0 0 0 0 0 0 0
FullNghs:        13550 ave       13550 max       13550 min
Histogram: 1 0 0 0 0 0 0 0 0 0

Total # of neighbors = 13550
Ave neighs/atom = 752.77778
Neighbor list builds = 0
Dangerous builds = 0
set atom * x 0.0 y 0.0 z 0.0
Setting atom values ...
  18 settings made for x
  18 settings made for y
  18 settings made for z
change_box all     x final 0 2.544527690253157 y final 0 8.425698976156257 z final 0 8.517186349885204      xy final 1.2166791760173759 xz final -2.5920987540629263 yz final -1.4815915304524085 units box
Changing box ...
  triclinic box = (0 0 0) to (2.5445277 8.425699 8.5171863) with tilt (1.2166792 -2.5920988 -1.4815915)
  triclinic box = (0 0 0) to (2.5445277 8.425699 8.5171863) with tilt (1.2166792 -2.5920988 -1.4815915)
  triclinic box = (0 0 0) to (2.5445277 8.425699 8.5171863) with tilt (1.2166792 -2.5920988 -1.4815915)
  triclinic box = (0 0 0) to (2.5445277 8.425699 8.5171863) with tilt (1.2166792 -2.5920988 -1.4815915)
  triclinic box = (0 0 0) to (2.5445277 8.425699 8.5171863) with tilt (1.2166792 -2.5920988 -1.4815915)
  triclinic box = (0 0 0) to (2.5445277 8.425699 8.5171863) with tilt (1.2166792 -2.5920988 -1.4815915)
echo none
run 0
Per MPI rank memory allocation (min/avg/max) = 3.934 | 3.934 | 3.934 Mbytes
    PotEng          Pxx           E_mol          E_coul    
-76.863117      85.953116      0              0            
Loop time of 1.74e-06 on 1 procs for 0 steps with 18 atoms

632.2% CPU use with 1 MPI tasks x 1 OpenMP threads

MPI task timing breakdown:
Section |  min time  |  avg time  |  max time  |%varavg| %total
---------------------------------------------------------------
Pair    | 0          | 0          | 0          |   0.0 |  0.00
Neigh   | 0          | 0          | 0          |   0.0 |  0.00
Comm    | 0          | 0          | 0          |   0.0 |  0.00
Output  | 0          | 0          | 0          |   0.0 |  0.00
Modify  | 0          | 0          | 0          |   0.0 |  0.00
Other   |            | 1.74e-06   |            |       |100.00

Nlocal:             18 ave          18 max          18 min
Histogram: 1 0 0 0 0 0 0 0 0 0
Nghost:           3122 ave        3122 max        3122 min
Histogram: 1 0 0 0 0 0 0 0 0 0
Neighs:              0 ave           0 max           0 min
Histogram: 1 0 0 0 0 0 0 0 0 0
FullNghs:        13550 ave       13550 max       13550 min
Histogram: 1 0 0 0 0 0 0 0 0 0

Total # of neighbors = 13550
Ave neighs/atom = 752.77778
Neighbor list builds = 0
Dangerous builds = 0
set atom * x 0.0 y 0.0 z 0.0
Setting atom values ...
  18 settings made for x
  18 settings made for y
  18 settings made for z
change_box all     x final 0 2.544566687297623 y final 0 8.419476388326903 z final 0 8.520173344075491      xy final 1.211434440056684 xz final -2.6238436046032456 yz final -1.4647537357064389 units box
Changing box ...
  triclinic box = (0 0 0) to (2.5445667 8.425699 8.5171863) with tilt (1.2166792 -2.5920988 -1.4815915)
  triclinic box = (0 0 0) to (2.5445667 8.4194764 8.5171863) with tilt (1.2166792 -2.5920988 -1.4815915)
  triclinic box = (0 0 0) to (2.5445667 8.4194764 8.5201733) with tilt (1.2166792 -2.5920988 -1.4815915)
  triclinic box = (0 0 0) to (2.5445667 8.4194764 8.5201733) with tilt (1.2114344 -2.5920988 -1.4815915)
  triclinic box = (0 0 0) to (2.5445667 8.4194764 8.5201733) with tilt (1.2114344 -2.6238436 -1.4815915)
  triclinic box = (0 0 0) to (2.5445667 8.4194764 8.5201733) with tilt (1.2114344 -2.6238436 -1.4647537)
echo none
run 0
Per MPI rank memory allocation (min/avg/max) = 3.934 | 3.934 | 3.934 Mbytes
    PotEng          Pxx           E_mol          E_coul    
-76.863183      55.179925      0              0            
Loop time of 1.316e-06 on 1 procs for 0 steps with 18 atoms

1063.8% CPU use with 1 MPI tasks x 1 OpenMP threads

MPI task timing breakdown:
Section |  min time  |  avg time  |  max time  |%varavg| %total
---------------------------------------------------------------
Pair    | 0          | 0          | 0          |   0.0 |  0.00
Neigh   | 0          | 0          | 0          |   0.0 |  0.00
Comm    | 0          | 0          | 0          |   0.0 |  0.00
Output  | 0          | 0          | 0          |   0.0 |  0.00
Modify  | 0          | 0          | 0          |   0.0 |  0.00
Other   |            | 1.316e-06  |            |       |100.00

Nlocal:             18 ave          18 max          18 min
Histogram: 1 0 0 0 0 0 0 0 0 0
Nghost:           3122 ave        3122 max        3122 min
Histogram: 1 0 0 0 0 0 0 0 0 0
Neighs:              0 ave           0 max           0 min
Histogram: 1 0 0 0 0 0 0 0 0 0
FullNghs:        13552 ave       13552 max       13552 min
Histogram: 1 0 0 0 0 0 0 0 0 0

Total # of neighbors = 13552
Ave neighs/atom = 752.88889
Neighbor list builds = 0
Dangerous builds = 0
set atom * x 0.0 y 0.0 z 0.0
Setting atom values ...
  18 settings made for x
  18 settings made for y
  18 settings made for z
change_box all     x final 0 2.544566687297623 y final 0 8.419476388326903 z final 0 8.520173344075493      xy final 1.2114344400566839 xz final -2.6238436046032456 yz final -1.4647537357064395 units box
Changing box ...
  triclinic box = (0 0 0) to (2.5445667 8.4194764 8.5201733) with tilt (1.2114344 -2.6238436 -1.4647537)
  triclinic box = (0 0 0) to (2.5445667 8.4194764 8.5201733) with tilt (1.2114344 -2.6238436 -1.4647537)
  triclinic box = (0 0 0) to (2.5445667 8.4194764 8.5201733) with tilt (1.2114344 -2.6238436 -1.4647537)
  triclinic box = (0 0 0) to (2.5445667 8.4194764 8.5201733) with tilt (1.2114344 -2.6238436 -1.4647537)
  triclinic box = (0 0 0) to (2.5445667 8.4194764 8.5201733) with tilt (1.2114344 -2.6238436 -1.4647537)
  triclinic box = (0 0 0) to (2.5445667 8.4194764 8.5201733) with tilt (1.2114344 -2.6238436 -1.4647537)
echo none
run 0
Per MPI rank memory allocation (min/avg/max) = 3.934 | 3.934 | 3.934 Mbytes
    PotEng          Pxx           E_mol          E_coul    
-76.863183      55.179925      0              0            
Loop time of 1.384e-06 on 1 procs for 0 steps with 18 atoms

505.8% CPU use with 1 MPI tasks x 1 OpenMP threads

MPI task timing breakdown:
Section |  min time  |  avg time  |  max time  |%varavg| %total
---------------------------------------------------------------
Pair    | 0          | 0          | 0          |   0.0 |  0.00
Neigh   | 0          | 0          | 0          |   0.0 |  0.00
Comm    | 0          | 0          | 0          |   0.0 |  0.00
Output  | 0          | 0          | 0          |   0.0 |  0.00
Modify  | 0          | 0          | 0          |   0.0 |  0.00
Other   |            | 1.384e-06  |            |       |100.00

Nlocal:             18 ave          18 max          18 min
Histogram: 1 0 0 0 0 0 0 0 0 0
Nghost:           3122 ave        3122 max        3122 min
Histogram: 1 0 0 0 0 0 0 0 0 0
Neighs:              0 ave           0 max           0 min
Histogram: 1 0 0 0 0 0 0 0 0 0
FullNghs:        13552 ave       13552 max       13552 min
Histogram: 1 0 0 0 0 0 0 0 0 0

Total # of neighbors = 13552
Ave neighs/atom = 752.88889
Neighbor list builds = 0
Dangerous builds = 0
set atom * x 0.0 y 0.0 z 0.0
Setting atom values ...
  18 settings made for x
  18 settings made for y
  18 settings made for z
change_box all     x final 0 2.5445560270201364 y final 0 8.422232200524459 z final 0 8.515940801120854      xy final 1.2212338941626915 xz final -2.6210238987457917 yz final -1.4743973092476477 units box
Changing box ...
  triclinic box = (0 0 0) to (2.544556 8.4194764 8.5201733) with tilt (1.2114344 -2.6238436 -1.4647537)
  triclinic box = (0 0 0) to (2.544556 8.4222322 8.5201733) with tilt (1.2114344 -2.6238436 -1.4647537)
  triclinic box = (0 0 0) to (2.544556 8.4222322 8.5159408) with tilt (1.2114344 -2.6238436 -1.4647537)
  triclinic box = (0 0 0) to (2.544556 8.4222322 8.5159408) with tilt (1.2212339 -2.6238436 -1.4647537)
  triclinic box = (0 0 0) to (2.544556 8.4222322 8.5159408) with tilt (1.2212339 -2.6210239 -1.4647537)
  triclinic box = (0 0 0) to (2.544556 8.4222322 8.5159408) with tilt (1.2212339 -2.6210239 -1.4743973)
echo none
run 0
Per MPI rank memory allocation (min/avg/max) = 3.934 | 3.934 | 3.934 Mbytes
    PotEng          Pxx           E_mol          E_coul    
-76.86323       18.428656      0              0            
Loop time of 1.418e-06 on 1 procs for 0 steps with 18 atoms

634.7% CPU use with 1 MPI tasks x 1 OpenMP threads

MPI task timing breakdown:
Section |  min time  |  avg time  |  max time  |%varavg| %total
---------------------------------------------------------------
Pair    | 0          | 0          | 0          |   0.0 |  0.00
Neigh   | 0          | 0          | 0          |   0.0 |  0.00
Comm    | 0          | 0          | 0          |   0.0 |  0.00
Output  | 0          | 0          | 0          |   0.0 |  0.00
Modify  | 0          | 0          | 0          |   0.0 |  0.00
Other   |            | 1.418e-06  |            |       |100.00

Nlocal:             18 ave          18 max          18 min
Histogram: 1 0 0 0 0 0 0 0 0 0
Nghost:           3122 ave        3122 max        3122 min
Histogram: 1 0 0 0 0 0 0 0 0 0
Neighs:              0 ave           0 max           0 min
Histogram: 1 0 0 0 0 0 0 0 0 0
FullNghs:        13554 ave       13554 max       13554 min
Histogram: 1 0 0 0 0 0 0 0 0 0

Total # of neighbors = 13554
Ave neighs/atom = 753
Neighbor list builds = 0
Dangerous builds = 0
set atom * x 0.0 y 0.0 z 0.0
Setting atom values ...
  18 settings made for x
  18 settings made for y
  18 settings made for z
change_box all     x final 0 2.5445560270201373 y final 0 8.42223220052446 z final 0 8.515940801120854      xy final 1.2212338941626928 xz final -2.621023898745793 yz final -1.4743973092476486 units box
Changing box ...
  triclinic box = (0 0 0) to (2.544556 8.4222322 8.5159408) with tilt (1.2212339 -2.6210239 -1.4743973)
  triclinic box = (0 0 0) to (2.544556 8.4222322 8.5159408) with tilt (1.2212339 -2.6210239 -1.4743973)
  triclinic box = (0 0 0) to (2.544556 8.4222322 8.5159408) with tilt (1.2212339 -2.6210239 -1.4743973)
  triclinic box = (0 0 0) to (2.544556 8.4222322 8.5159408) with tilt (1.2212339 -2.6210239 -1.4743973)
  triclinic box = (0 0 0) to (2.544556 8.4222322 8.5159408) with tilt (1.2212339 -2.6210239 -1.4743973)
  triclinic box = (0 0 0) to (2.544556 8.4222322 8.5159408) with tilt (1.2212339 -2.6210239 -1.4743973)
echo none
run 0
Per MPI rank memory allocation (min/avg/max) = 3.934 | 3.934 | 3.934 Mbytes
    PotEng          Pxx           E_mol          E_coul    
-76.86323       18.428656      0              0            
Loop time of 1.489e-06 on 1 procs for 0 steps with 18 atoms

1007.4% CPU use with 1 MPI tasks x 1 OpenMP threads

MPI task timing breakdown:
Section |  min time  |  avg time  |  max time  |%varavg| %total
---------------------------------------------------------------
Pair    | 0          | 0          | 0          |   0.0 |  0.00
Neigh   | 0          | 0          | 0          |   0.0 |  0.00
Comm    | 0          | 0          | 0          |   0.0 |  0.00
Output  | 0          | 0          | 0          |   0.0 |  0.00
Modify  | 0          | 0          | 0          |   0.0 |  0.00
Other   |            | 1.489e-06  |            |       |100.00

Nlocal:             18 ave          18 max          18 min
Histogram: 1 0 0 0 0 0 0 0 0 0
Nghost:           3122 ave        3122 max        3122 min
Histogram: 1 0 0 0 0 0 0 0 0 0
Neighs:              0 ave           0 max           0 min
Histogram: 1 0 0 0 0 0 0 0 0 0
FullNghs:        13554 ave       13554 max       13554 min
Histogram: 1 0 0 0 0 0 0 0 0 0

Total # of neighbors = 13554
Ave neighs/atom = 753
Neighbor list builds = 0
Dangerous builds = 0
set atom * x 0.0 y 0.0 z 0.0
Setting atom values ...
  18 settings made for x
  18 settings made for y
  18 settings made for z
change_box all     x final 0 2.5445343214780305 y final 0 8.420963708115814 z final 0 8.514114403911082      xy final 1.215058674305574 xz final -2.605022929044792 yz final -1.4719823856575927 units box
Changing box ...
  triclinic box = (0 0 0) to (2.5445343 8.4222322 8.5159408) with tilt (1.2212339 -2.6210239 -1.4743973)
  triclinic box = (0 0 0) to (2.5445343 8.4209637 8.5159408) with tilt (1.2212339 -2.6210239 -1.4743973)
  triclinic box = (0 0 0) to (2.5445343 8.4209637 8.5141144) with tilt (1.2212339 -2.6210239 -1.4743973)
  triclinic box = (0 0 0) to (2.5445343 8.4209637 8.5141144) with tilt (1.2150587 -2.6210239 -1.4743973)
  triclinic box = (0 0 0) to (2.5445343 8.4209637 8.5141144) with tilt (1.2150587 -2.6050229 -1.4743973)
  triclinic box = (0 0 0) to (2.5445343 8.4209637 8.5141144) with tilt (1.2150587 -2.6050229 -1.4719824)
echo none
run 0
Per MPI rank memory allocation (min/avg/max) = 3.934 | 3.934 | 3.934 Mbytes
    PotEng          Pxx           E_mol          E_coul    
-76.863274      8.8618285      0              0            
Loop time of 1.5362e-05 on 1 procs for 0 steps with 18 atoms

572.8% CPU use with 1 MPI tasks x 1 OpenMP threads

MPI task timing breakdown:
Section |  min time  |  avg time  |  max time  |%varavg| %total
---------------------------------------------------------------
Pair    | 0          | 0          | 0          |   0.0 |  0.00
Neigh   | 0          | 0          | 0          |   0.0 |  0.00
Comm    | 0          | 0          | 0          |   0.0 |  0.00
Output  | 0          | 0          | 0          |   0.0 |  0.00
Modify  | 0          | 0          | 0          |   0.0 |  0.00
Other   |            | 1.536e-05  |            |       |100.00

Nlocal:             18 ave          18 max          18 min
Histogram: 1 0 0 0 0 0 0 0 0 0
Nghost:           3122 ave        3122 max        3122 min
Histogram: 1 0 0 0 0 0 0 0 0 0
Neighs:              0 ave           0 max           0 min
Histogram: 1 0 0 0 0 0 0 0 0 0
FullNghs:        13562 ave       13562 max       13562 min
Histogram: 1 0 0 0 0 0 0 0 0 0

Total # of neighbors = 13562
Ave neighs/atom = 753.44444
Neighbor list builds = 0
Dangerous builds = 0
set atom * x 0.0 y 0.0 z 0.0
Setting atom values ...
  18 settings made for x
  18 settings made for y
  18 settings made for z
change_box all     x final 0 2.5445343214780314 y final 0 8.420963708115814 z final 0 8.514114403911085      xy final 1.2150586743055751 xz final -2.6050229290447935 yz final -1.471982385657593 units box
Changing box ...
  triclinic box = (0 0 0) to (2.5445343 8.4209637 8.5141144) with tilt (1.2150587 -2.6050229 -1.4719824)
  triclinic box = (0 0 0) to (2.5445343 8.4209637 8.5141144) with tilt (1.2150587 -2.6050229 -1.4719824)
  triclinic box = (0 0 0) to (2.5445343 8.4209637 8.5141144) with tilt (1.2150587 -2.6050229 -1.4719824)
  triclinic box = (0 0 0) to (2.5445343 8.4209637 8.5141144) with tilt (1.2150587 -2.6050229 -1.4719824)
  triclinic box = (0 0 0) to (2.5445343 8.4209637 8.5141144) with tilt (1.2150587 -2.6050229 -1.4719824)
  triclinic box = (0 0 0) to (2.5445343 8.4209637 8.5141144) with tilt (1.2150587 -2.6050229 -1.4719824)
echo none
run 0
Per MPI rank memory allocation (min/avg/max) = 3.934 | 3.934 | 3.934 Mbytes
    PotEng          Pxx           E_mol          E_coul    
-76.863274      8.8618285      0              0            
Loop time of 1.347e-06 on 1 procs for 0 steps with 18 atoms

742.4% CPU use with 1 MPI tasks x 1 OpenMP threads

MPI task timing breakdown:
Section |  min time  |  avg time  |  max time  |%varavg| %total
---------------------------------------------------------------
Pair    | 0          | 0          | 0          |   0.0 |  0.00
Neigh   | 0          | 0          | 0          |   0.0 |  0.00
Comm    | 0          | 0          | 0          |   0.0 |  0.00
Output  | 0          | 0          | 0          |   0.0 |  0.00
Modify  | 0          | 0          | 0          |   0.0 |  0.00
Other   |            | 1.347e-06  |            |       |100.00

Nlocal:             18 ave          18 max          18 min
Histogram: 1 0 0 0 0 0 0 0 0 0
Nghost:           3122 ave        3122 max        3122 min
Histogram: 1 0 0 0 0 0 0 0 0 0
Neighs:              0 ave           0 max           0 min
Histogram: 1 0 0 0 0 0 0 0 0 0
FullNghs:        13562 ave       13562 max       13562 min
Histogram: 1 0 0 0 0 0 0 0 0 0

Total # of neighbors = 13562
Ave neighs/atom = 753.44444
Neighbor list builds = 0
Dangerous builds = 0
set atom * x 0.0 y 0.0 z 0.0
Setting atom values ...
  18 settings made for x
  18 settings made for y
  18 settings made for z
change_box all     x final 0 2.544553341874345 y final 0 8.421865646775702 z final 0 8.51196652167993      xy final 1.2152853142834568 xz final -2.6043453147506357 yz final -1.4778047360457693 units box
Changing box ...
  triclinic box = (0 0 0) to (2.5445533 8.4209637 8.5141144) with tilt (1.2150587 -2.6050229 -1.4719824)
  triclinic box = (0 0 0) to (2.5445533 8.4218656 8.5141144) with tilt (1.2150587 -2.6050229 -1.4719824)
  triclinic box = (0 0 0) to (2.5445533 8.4218656 8.5119665) with tilt (1.2150587 -2.6050229 -1.4719824)
  triclinic box = (0 0 0) to (2.5445533 8.4218656 8.5119665) with tilt (1.2152853 -2.6050229 -1.4719824)
  triclinic box = (0 0 0) to (2.5445533 8.4218656 8.5119665) with tilt (1.2152853 -2.6043453 -1.4719824)
  triclinic box = (0 0 0) to (2.5445533 8.4218656 8.5119665) with tilt (1.2152853 -2.6043453 -1.4778047)
echo none
run 0
Per MPI rank memory allocation (min/avg/max) = 3.934 | 3.934 | 3.934 Mbytes
    PotEng          Pxx           E_mol          E_coul    
-76.863294     -5.5817094      0              0            
Loop time of 1.444e-06 on 1 procs for 0 steps with 18 atoms

692.5% CPU use with 1 MPI tasks x 1 OpenMP threads

MPI task timing breakdown:
Section |  min time  |  avg time  |  max time  |%varavg| %total
---------------------------------------------------------------
Pair    | 0          | 0          | 0          |   0.0 |  0.00
Neigh   | 0          | 0          | 0          |   0.0 |  0.00
Comm    | 0          | 0          | 0          |   0.0 |  0.00
Output  | 0          | 0          | 0          |   0.0 |  0.00
Modify  | 0          | 0          | 0          |   0.0 |  0.00
Other   |            | 1.444e-06  |            |       |100.00

Nlocal:             18 ave          18 max          18 min
Histogram: 1 0 0 0 0 0 0 0 0 0
Nghost:           3122 ave        3122 max        3122 min
Histogram: 1 0 0 0 0 0 0 0 0 0
Neighs:              0 ave           0 max           0 min
Histogram: 1 0 0 0 0 0 0 0 0 0
FullNghs:        13560 ave       13560 max       13560 min
Histogram: 1 0 0 0 0 0 0 0 0 0

Total # of neighbors = 13560
Ave neighs/atom = 753.33333
Neighbor list builds = 0
Dangerous builds = 0
set atom * x 0.0 y 0.0 z 0.0
Setting atom values ...
  18 settings made for x
  18 settings made for y
  18 settings made for z
change_box all     x final 0 2.5445721664007017 y final 0 8.422760018752797 z final 0 8.50984027458798      xy final 1.215509011473092 xz final -2.603675418317962 yz final -1.483561306097316 units box
Changing box ...
  triclinic box = (0 0 0) to (2.5445722 8.4218656 8.5119665) with tilt (1.2152853 -2.6043453 -1.4778047)
  triclinic box = (0 0 0) to (2.5445722 8.42276 8.5119665) with tilt (1.2152853 -2.6043453 -1.4778047)
  triclinic box = (0 0 0) to (2.5445722 8.42276 8.5098403) with tilt (1.2152853 -2.6043453 -1.4778047)
  triclinic box = (0 0 0) to (2.5445722 8.42276 8.5098403) with tilt (1.215509 -2.6043453 -1.4778047)
  triclinic box = (0 0 0) to (2.5445722 8.42276 8.5098403) with tilt (1.215509 -2.6036754 -1.4778047)
  triclinic box = (0 0 0) to (2.5445722 8.42276 8.5098403) with tilt (1.215509 -2.6036754 -1.4835613)
echo none
run 0
Per MPI rank memory allocation (min/avg/max) = 3.934 | 3.934 | 3.934 Mbytes
    PotEng          Pxx           E_mol          E_coul    
-76.863301     -19.973728      0              0            
Loop time of 1.423e-06 on 1 procs for 0 steps with 18 atoms

491.9% CPU use with 1 MPI tasks x 1 OpenMP threads

MPI task timing breakdown:
Section |  min time  |  avg time  |  max time  |%varavg| %total
---------------------------------------------------------------
Pair    | 0          | 0          | 0          |   0.0 |  0.00
Neigh   | 0          | 0          | 0          |   0.0 |  0.00
Comm    | 0          | 0          | 0          |   0.0 |  0.00
Output  | 0          | 0          | 0          |   0.0 |  0.00
Modify  | 0          | 0          | 0          |   0.0 |  0.00
Other   |            | 1.423e-06  |            |       |100.00

Nlocal:             18 ave          18 max          18 min
Histogram: 1 0 0 0 0 0 0 0 0 0
Nghost:           3122 ave        3122 max        3122 min
Histogram: 1 0 0 0 0 0 0 0 0 0
Neighs:              0 ave           0 max           0 min
Histogram: 1 0 0 0 0 0 0 0 0 0
FullNghs:        13560 ave       13560 max       13560 min
Histogram: 1 0 0 0 0 0 0 0 0 0

Total # of neighbors = 13560
Ave neighs/atom = 753.33333
Neighbor list builds = 0
Dangerous builds = 0
set atom * x 0.0 y 0.0 z 0.0
Setting atom values ...
  18 settings made for x
  18 settings made for y
  18 settings made for z
change_box all     x final 0 2.5445721664007 y final 0 8.4227600187528 z final 0 8.50984027458798      xy final 1.2155090114730918 xz final -2.6036754183179593 yz final -1.4835613060973165 units box
Changing box ...
  triclinic box = (0 0 0) to (2.5445722 8.42276 8.5098403) with tilt (1.215509 -2.6036754 -1.4835613)
  triclinic box = (0 0 0) to (2.5445722 8.42276 8.5098403) with tilt (1.215509 -2.6036754 -1.4835613)
  triclinic box = (0 0 0) to (2.5445722 8.42276 8.5098403) with tilt (1.215509 -2.6036754 -1.4835613)
  triclinic box = (0 0 0) to (2.5445722 8.42276 8.5098403) with tilt (1.215509 -2.6036754 -1.4835613)
  triclinic box = (0 0 0) to (2.5445722 8.42276 8.5098403) with tilt (1.215509 -2.6036754 -1.4835613)
  triclinic box = (0 0 0) to (2.5445722 8.42276 8.5098403) with tilt (1.215509 -2.6036754 -1.4835613)
echo none
run 0
Per MPI rank memory allocation (min/avg/max) = 3.934 | 3.934 | 3.934 Mbytes
    PotEng          Pxx           E_mol          E_coul    
-76.863301     -19.973728      0              0            
Loop time of 1.727e-06 on 1 procs for 0 steps with 18 atoms

752.8% CPU use with 1 MPI tasks x 1 OpenMP threads

MPI task timing breakdown:
Section |  min time  |  avg time  |  max time  |%varavg| %total
---------------------------------------------------------------
Pair    | 0          | 0          | 0          |   0.0 |  0.00
Neigh   | 0          | 0          | 0          |   0.0 |  0.00
Comm    | 0          | 0          | 0          |   0.0 |  0.00
Output  | 0          | 0          | 0          |   0.0 |  0.00
Modify  | 0          | 0          | 0          |   0.0 |  0.00
Other   |            | 1.727e-06  |            |       |100.00

Nlocal:             18 ave          18 max          18 min
Histogram: 1 0 0 0 0 0 0 0 0 0
Nghost:           3122 ave        3122 max        3122 min
Histogram: 1 0 0 0 0 0 0 0 0 0
Neighs:              0 ave           0 max           0 min
Histogram: 1 0 0 0 0 0 0 0 0 0
FullNghs:        13560 ave       13560 max       13560 min
Histogram: 1 0 0 0 0 0 0 0 0 0

Total # of neighbors = 13560
Ave neighs/atom = 753.33333
Neighbor list builds = 0
Dangerous builds = 0
set atom * x 0.0 y 0.0 z 0.0
Setting atom values ...
  18 settings made for x
  18 settings made for y
  18 settings made for z
change_box all     x final 0 2.5445750211270015 y final 0 8.422008326345368 z final 0 8.511754904720352      xy final 1.2098827672087527 xz final -2.6050666755376044 yz final -1.4826268983449278 units box
Changing box ...
  triclinic box = (0 0 0) to (2.544575 8.42276 8.5098403) with tilt (1.215509 -2.6036754 -1.4835613)
  triclinic box = (0 0 0) to (2.544575 8.4220083 8.5098403) with tilt (1.215509 -2.6036754 -1.4835613)
  triclinic box = (0 0 0) to (2.544575 8.4220083 8.5117549) with tilt (1.215509 -2.6036754 -1.4835613)
  triclinic box = (0 0 0) to (2.544575 8.4220083 8.5117549) with tilt (1.2098828 -2.6036754 -1.4835613)
  triclinic box = (0 0 0) to (2.544575 8.4220083 8.5117549) with tilt (1.2098828 -2.6050667 -1.4835613)
  triclinic box = (0 0 0) to (2.544575 8.4220083 8.5117549) with tilt (1.2098828 -2.6050667 -1.4826269)
echo none
run 0
Per MPI rank memory allocation (min/avg/max) = 3.934 | 3.934 | 3.934 Mbytes
    PotEng          Pxx           E_mol          E_coul    
-76.863313     -3.7057641      0              0            
Loop time of 1.713e-06 on 1 procs for 0 steps with 18 atoms

992.4% CPU use with 1 MPI tasks x 1 OpenMP threads

MPI task timing breakdown:
Section |  min time  |  avg time  |  max time  |%varavg| %total
---------------------------------------------------------------
Pair    | 0          | 0          | 0          |   0.0 |  0.00
Neigh   | 0          | 0          | 0          |   0.0 |  0.00
Comm    | 0          | 0          | 0          |   0.0 |  0.00
Output  | 0          | 0          | 0          |   0.0 |  0.00
Modify  | 0          | 0          | 0          |   0.0 |  0.00
Other   |            | 1.713e-06  |            |       |100.00

Nlocal:             18 ave          18 max          18 min
Histogram: 1 0 0 0 0 0 0 0 0 0
Nghost:           3122 ave        3122 max        3122 min
Histogram: 1 0 0 0 0 0 0 0 0 0
Neighs:              0 ave           0 max           0 min
Histogram: 1 0 0 0 0 0 0 0 0 0
FullNghs:        13554 ave       13554 max       13554 min
Histogram: 1 0 0 0 0 0 0 0 0 0

Total # of neighbors = 13554
Ave neighs/atom = 753
Neighbor list builds = 0
Dangerous builds = 0
set atom * x 0.0 y 0.0 z 0.0
Setting atom values ...
  18 settings made for x
  18 settings made for y
  18 settings made for z
change_box all     x final 0 2.5445806973400336 y final 0 8.420787689649673 z final 0 8.514857457775864      xy final 1.2007682115191831 xz final -2.6073251291694652 yz final -1.4811140416295423 units box
Changing box ...
  triclinic box = (0 0 0) to (2.5445807 8.4220083 8.5117549) with tilt (1.2098828 -2.6050667 -1.4826269)
  triclinic box = (0 0 0) to (2.5445807 8.4207877 8.5117549) with tilt (1.2098828 -2.6050667 -1.4826269)
  triclinic box = (0 0 0) to (2.5445807 8.4207877 8.5148575) with tilt (1.2098828 -2.6050667 -1.4826269)
  triclinic box = (0 0 0) to (2.5445807 8.4207877 8.5148575) with tilt (1.2007682 -2.6050667 -1.4826269)
  triclinic box = (0 0 0) to (2.5445807 8.4207877 8.5148575) with tilt (1.2007682 -2.6073251 -1.4826269)
  triclinic box = (0 0 0) to (2.5445807 8.4207877 8.5148575) with tilt (1.2007682 -2.6073251 -1.481114)
echo none
run 0
Per MPI rank memory allocation (min/avg/max) = 3.934 | 3.934 | 3.934 Mbytes
    PotEng          Pxx           E_mol          E_coul    
-76.863321      21.803485      0              0            
Loop time of 1.46e-06 on 1 procs for 0 steps with 18 atoms

479.5% CPU use with 1 MPI tasks x 1 OpenMP threads

MPI task timing breakdown:
Section |  min time  |  avg time  |  max time  |%varavg| %total
---------------------------------------------------------------
Pair    | 0          | 0          | 0          |   0.0 |  0.00
Neigh   | 0          | 0          | 0          |   0.0 |  0.00
Comm    | 0          | 0          | 0          |   0.0 |  0.00
Output  | 0          | 0          | 0          |   0.0 |  0.00
Modify  | 0          | 0          | 0          |   0.0 |  0.00
Other   |            | 1.46e-06   |            |       |100.00

Nlocal:             18 ave          18 max          18 min
Histogram: 1 0 0 0 0 0 0 0 0 0
Nghost:           3122 ave        3122 max        3122 min
Histogram: 1 0 0 0 0 0 0 0 0 0
Neighs:              0 ave           0 max           0 min
Histogram: 1 0 0 0 0 0 0 0 0 0
FullNghs:        13556 ave       13556 max       13556 min
Histogram: 1 0 0 0 0 0 0 0 0 0

Total # of neighbors = 13556
Ave neighs/atom = 753.11111
Neighbor list builds = 0
Dangerous builds = 0
set atom * x 0.0 y 0.0 z 0.0
Setting atom values ...
  18 settings made for x
  18 settings made for y
  18 settings made for z
change_box all     x final 0 2.5445806973400322 y final 0 8.420787689649675 z final 0 8.514857457775868      xy final 1.200768211519182 xz final -2.607325129169462 yz final -1.4811140416295412 units box
Changing box ...
  triclinic box = (0 0 0) to (2.5445807 8.4207877 8.5148575) with tilt (1.2007682 -2.6073251 -1.481114)
  triclinic box = (0 0 0) to (2.5445807 8.4207877 8.5148575) with tilt (1.2007682 -2.6073251 -1.481114)
  triclinic box = (0 0 0) to (2.5445807 8.4207877 8.5148575) with tilt (1.2007682 -2.6073251 -1.481114)
  triclinic box = (0 0 0) to (2.5445807 8.4207877 8.5148575) with tilt (1.2007682 -2.6073251 -1.481114)
  triclinic box = (0 0 0) to (2.5445807 8.4207877 8.5148575) with tilt (1.2007682 -2.6073251 -1.481114)
  triclinic box = (0 0 0) to (2.5445807 8.4207877 8.5148575) with tilt (1.2007682 -2.6073251 -1.481114)
echo none
run 0
Per MPI rank memory allocation (min/avg/max) = 3.934 | 3.934 | 3.934 Mbytes
    PotEng          Pxx           E_mol          E_coul    
-76.863321      21.803485      0              0            
Loop time of 1.247e-06 on 1 procs for 0 steps with 18 atoms

962.3% CPU use with 1 MPI tasks x 1 OpenMP threads

MPI task timing breakdown:
Section |  min time  |  avg time  |  max time  |%varavg| %total
---------------------------------------------------------------
Pair    | 0          | 0          | 0          |   0.0 |  0.00
Neigh   | 0          | 0          | 0          |   0.0 |  0.00
Comm    | 0          | 0          | 0          |   0.0 |  0.00
Output  | 0          | 0          | 0          |   0.0 |  0.00
Modify  | 0          | 0          | 0          |   0.0 |  0.00
Other   |            | 1.247e-06  |            |       |100.00

Nlocal:             18 ave          18 max          18 min
Histogram: 1 0 0 0 0 0 0 0 0 0
Nghost:           3122 ave        3122 max        3122 min
Histogram: 1 0 0 0 0 0 0 0 0 0
Neighs:              0 ave           0 max           0 min
Histogram: 1 0 0 0 0 0 0 0 0 0
FullNghs:        13556 ave       13556 max       13556 min
Histogram: 1 0 0 0 0 0 0 0 0 0

Total # of neighbors = 13556
Ave neighs/atom = 753.11111
Neighbor list builds = 0
Dangerous builds = 0
set atom * x 0.0 y 0.0 z 0.0
Setting atom values ...
  18 settings made for x
  18 settings made for y
  18 settings made for z
change_box all     x final 0 2.5445885574212235 y final 0 8.420906977319417 z final 0 8.51291187222151      xy final 1.2001520353560295 xz final -2.6102939343772267 yz final -1.4879401822854148 units box
Changing box ...
  triclinic box = (0 0 0) to (2.5445886 8.4207877 8.5148575) with tilt (1.2007682 -2.6073251 -1.481114)
  triclinic box = (0 0 0) to (2.5445886 8.420907 8.5148575) with tilt (1.2007682 -2.6073251 -1.481114)
  triclinic box = (0 0 0) to (2.5445886 8.420907 8.5129119) with tilt (1.2007682 -2.6073251 -1.481114)
  triclinic box = (0 0 0) to (2.5445886 8.420907 8.5129119) with tilt (1.200152 -2.6073251 -1.481114)
  triclinic box = (0 0 0) to (2.5445886 8.420907 8.5129119) with tilt (1.200152 -2.6102939 -1.481114)
  triclinic box = (0 0 0) to (2.5445886 8.420907 8.5129119) with tilt (1.200152 -2.6102939 -1.4879402)
echo none
run 0
Per MPI rank memory allocation (min/avg/max) = 3.934 | 3.934 | 3.934 Mbytes
    PotEng          Pxx           E_mol          E_coul    
-76.863332      11.43247       0              0            
Loop time of 1.866e-06 on 1 procs for 0 steps with 18 atoms

589.5% CPU use with 1 MPI tasks x 1 OpenMP threads

MPI task timing breakdown:
Section |  min time  |  avg time  |  max time  |%varavg| %total
---------------------------------------------------------------
Pair    | 0          | 0          | 0          |   0.0 |  0.00
Neigh   | 0          | 0          | 0          |   0.0 |  0.00
Comm    | 0          | 0          | 0          |   0.0 |  0.00
Output  | 0          | 0          | 0          |   0.0 |  0.00
Modify  | 0          | 0          | 0          |   0.0 |  0.00
Other   |            | 1.866e-06  |            |       |100.00

Nlocal:             18 ave          18 max          18 min
Histogram: 1 0 0 0 0 0 0 0 0 0
Nghost:           3122 ave        3122 max        3122 min
Histogram: 1 0 0 0 0 0 0 0 0 0
Neighs:              0 ave           0 max           0 min
Histogram: 1 0 0 0 0 0 0 0 0 0
FullNghs:        13554 ave       13554 max       13554 min
Histogram: 1 0 0 0 0 0 0 0 0 0

Total # of neighbors = 13554
Ave neighs/atom = 753
Neighbor list builds = 0
Dangerous builds = 0
set atom * x 0.0 y 0.0 z 0.0
Setting atom values ...
  18 settings made for x
  18 settings made for y
  18 settings made for z
change_box all     x final 0 2.544605689300694 y final 0 8.421169961746138 z final 0 8.508774934915758      xy final 1.1988529799352803 xz final -2.616587401975527 yz final -1.5024105719562926 units box
Changing box ...
  triclinic box = (0 0 0) to (2.5446057 8.420907 8.5129119) with tilt (1.200152 -2.6102939 -1.4879402)
  triclinic box = (0 0 0) to (2.5446057 8.42117 8.5129119) with tilt (1.200152 -2.6102939 -1.4879402)
  triclinic box = (0 0 0) to (2.5446057 8.42117 8.5087749) with tilt (1.200152 -2.6102939 -1.4879402)
  triclinic box = (0 0 0) to (2.5446057 8.42117 8.5087749) with tilt (1.198853 -2.6102939 -1.4879402)
  triclinic box = (0 0 0) to (2.5446057 8.42117 8.5087749) with tilt (1.198853 -2.6165874 -1.4879402)
  triclinic box = (0 0 0) to (2.5446057 8.42117 8.5087749) with tilt (1.198853 -2.6165874 -1.5024106)
echo none
run 0
Per MPI rank memory allocation (min/avg/max) = 3.934 | 3.934 | 3.934 Mbytes
    PotEng          Pxx           E_mol          E_coul    
-76.863339     -11.287515      0              0            
Loop time of 1.675e-06 on 1 procs for 0 steps with 18 atoms

1074.6% CPU use with 1 MPI tasks x 1 OpenMP threads

MPI task timing breakdown:
Section |  min time  |  avg time  |  max time  |%varavg| %total
---------------------------------------------------------------
Pair    | 0          | 0          | 0          |   0.0 |  0.00
Neigh   | 0          | 0          | 0          |   0.0 |  0.00
Comm    | 0          | 0          | 0          |   0.0 |  0.00
Output  | 0          | 0          | 0          |   0.0 |  0.00
Modify  | 0          | 0          | 0          |   0.0 |  0.00
Other   |            | 1.675e-06  |            |       |100.00

Nlocal:             18 ave          18 max          18 min
Histogram: 1 0 0 0 0 0 0 0 0 0
Nghost:           3122 ave        3122 max        3122 min
Histogram: 1 0 0 0 0 0 0 0 0 0
Neighs:              0 ave           0 max           0 min
Histogram: 1 0 0 0 0 0 0 0 0 0
FullNghs:        13550 ave       13550 max       13550 min
Histogram: 1 0 0 0 0 0 0 0 0 0

Total # of neighbors = 13550
Ave neighs/atom = 752.77778
Neighbor list builds = 0
Dangerous builds = 0
set atom * x 0.0 y 0.0 z 0.0
Setting atom values ...
  18 settings made for x
  18 settings made for y
  18 settings made for z
change_box all     x final 0 2.544605689300693 y final 0 8.421169961746141 z final 0 8.508774934915758      xy final 1.1988529799352798 xz final -2.616587401975526 yz final -1.502410571956293 units box
Changing box ...
  triclinic box = (0 0 0) to (2.5446057 8.42117 8.5087749) with tilt (1.198853 -2.6165874 -1.5024106)
  triclinic box = (0 0 0) to (2.5446057 8.42117 8.5087749) with tilt (1.198853 -2.6165874 -1.5024106)
  triclinic box = (0 0 0) to (2.5446057 8.42117 8.5087749) with tilt (1.198853 -2.6165874 -1.5024106)
  triclinic box = (0 0 0) to (2.5446057 8.42117 8.5087749) with tilt (1.198853 -2.6165874 -1.5024106)
  triclinic box = (0 0 0) to (2.5446057 8.42117 8.5087749) with tilt (1.198853 -2.6165874 -1.5024106)
  triclinic box = (0 0 0) to (2.5446057 8.42117 8.5087749) with tilt (1.198853 -2.6165874 -1.5024106)
echo none
run 0
Per MPI rank memory allocation (min/avg/max) = 3.934 | 3.934 | 3.934 Mbytes
    PotEng          Pxx           E_mol          E_coul    
-76.863339     -11.287515      0              0            
Loop time of 1.562e-06 on 1 procs for 0 steps with 18 atoms

832.3% CPU use with 1 MPI tasks x 1 OpenMP threads

MPI task timing breakdown:
Section |  min time  |  avg time  |  max time  |%varavg| %total
---------------------------------------------------------------
Pair    | 0          | 0          | 0          |   0.0 |  0.00
Neigh   | 0          | 0          | 0          |   0.0 |  0.00
Comm    | 0          | 0          | 0          |   0.0 |  0.00
Output  | 0          | 0          | 0          |   0.0 |  0.00
Modify  | 0          | 0          | 0          |   0.0 |  0.00
Other   |            | 1.562e-06  |            |       |100.00

Nlocal:             18 ave          18 max          18 min
Histogram: 1 0 0 0 0 0 0 0 0 0
Nghost:           3122 ave        3122 max        3122 min
Histogram: 1 0 0 0 0 0 0 0 0 0
Neighs:              0 ave           0 max           0 min
Histogram: 1 0 0 0 0 0 0 0 0 0
FullNghs:        13550 ave       13550 max       13550 min
Histogram: 1 0 0 0 0 0 0 0 0 0

Total # of neighbors = 13550
Ave neighs/atom = 752.77778
Neighbor list builds = 0
Dangerous builds = 0
set atom * x 0.0 y 0.0 z 0.0
Setting atom values ...
  18 settings made for x
  18 settings made for y
  18 settings made for z
change_box all     x final 0 2.5445917251532233 y final 0 8.421367643210496 z final 0 8.510208377135076      xy final 1.1973036151968026 xz final -2.6127779049616615 yz final -1.504817354471819 units box
Changing box ...
  triclinic box = (0 0 0) to (2.5445917 8.42117 8.5087749) with tilt (1.198853 -2.6165874 -1.5024106)
  triclinic box = (0 0 0) to (2.5445917 8.4213676 8.5087749) with tilt (1.198853 -2.6165874 -1.5024106)
  triclinic box = (0 0 0) to (2.5445917 8.4213676 8.5102084) with tilt (1.198853 -2.6165874 -1.5024106)
  triclinic box = (0 0 0) to (2.5445917 8.4213676 8.5102084) with tilt (1.1973036 -2.6165874 -1.5024106)
  triclinic box = (0 0 0) to (2.5445917 8.4213676 8.5102084) with tilt (1.1973036 -2.6127779 -1.5024106)
  triclinic box = (0 0 0) to (2.5445917 8.4213676 8.5102084) with tilt (1.1973036 -2.6127779 -1.5048174)
echo none
run 0
Per MPI rank memory allocation (min/avg/max) = 3.934 | 3.934 | 3.934 Mbytes
    PotEng          Pxx           E_mol          E_coul    
-76.863359     -9.0678888      0              0            
Loop time of 1.38e-06 on 1 procs for 0 steps with 18 atoms

869.6% CPU use with 1 MPI tasks x 1 OpenMP threads

MPI task timing breakdown:
Section |  min time  |  avg time  |  max time  |%varavg| %total
---------------------------------------------------------------
Pair    | 0          | 0          | 0          |   0.0 |  0.00
Neigh   | 0          | 0          | 0          |   0.0 |  0.00
Comm    | 0          | 0          | 0          |   0.0 |  0.00
Output  | 0          | 0          | 0          |   0.0 |  0.00
Modify  | 0          | 0          | 0          |   0.0 |  0.00
Other   |            | 1.38e-06   |            |       |100.00

Nlocal:             18 ave          18 max          18 min
Histogram: 1 0 0 0 0 0 0 0 0 0
Nghost:           3122 ave        3122 max        3122 min
Histogram: 1 0 0 0 0 0 0 0 0 0
Neighs:              0 ave           0 max           0 min
Histogram: 1 0 0 0 0 0 0 0 0 0
FullNghs:        13550 ave       13550 max       13550 min
Histogram: 1 0 0 0 0 0 0 0 0 0

Total # of neighbors = 13550
Ave neighs/atom = 752.77778
Neighbor list builds = 0
Dangerous builds = 0
set atom * x 0.0 y 0.0 z 0.0
Setting atom values ...
  18 settings made for x
  18 settings made for y
  18 settings made for z
change_box all     x final 0 2.5445567905885893 y final 0 8.42187845436701 z final 0 8.513899768646466      xy final 1.1933053518491816 xz final -2.6029513506020083 yz final -1.5110230598284942 units box
Changing box ...
  triclinic box = (0 0 0) to (2.5445568 8.4213676 8.5102084) with tilt (1.1973036 -2.6127779 -1.5048174)
  triclinic box = (0 0 0) to (2.5445568 8.4218785 8.5102084) with tilt (1.1973036 -2.6127779 -1.5048174)
  triclinic box = (0 0 0) to (2.5445568 8.4218785 8.5138998) with tilt (1.1973036 -2.6127779 -1.5048174)
  triclinic box = (0 0 0) to (2.5445568 8.4218785 8.5138998) with tilt (1.1933054 -2.6127779 -1.5048174)
  triclinic box = (0 0 0) to (2.5445568 8.4218785 8.5138998) with tilt (1.1933054 -2.6029514 -1.5048174)
  triclinic box = (0 0 0) to (2.5445568 8.4218785 8.5138998) with tilt (1.1933054 -2.6029514 -1.5110231)
echo none
run 0
Per MPI rank memory allocation (min/avg/max) = 3.934 | 3.934 | 3.934 Mbytes
    PotEng          Pxx           E_mol          E_coul    
-76.86338      -3.8612926      0              0            
Loop time of 1.432e-06 on 1 procs for 0 steps with 18 atoms

558.7% CPU use with 1 MPI tasks x 1 OpenMP threads

MPI task timing breakdown:
Section |  min time  |  avg time  |  max time  |%varavg| %total
---------------------------------------------------------------
Pair    | 0          | 0          | 0          |   0.0 |  0.00
Neigh   | 0          | 0          | 0          |   0.0 |  0.00
Comm    | 0          | 0          | 0          |   0.0 |  0.00
Output  | 0          | 0          | 0          |   0.0 |  0.00
Modify  | 0          | 0          | 0          |   0.0 |  0.00
Other   |            | 1.432e-06  |            |       |100.00

Nlocal:             18 ave          18 max          18 min
Histogram: 1 0 0 0 0 0 0 0 0 0
Nghost:           3122 ave        3122 max        3122 min
Histogram: 1 0 0 0 0 0 0 0 0 0
Neighs:              0 ave           0 max           0 min
Histogram: 1 0 0 0 0 0 0 0 0 0
FullNghs:        13546 ave       13546 max       13546 min
Histogram: 1 0 0 0 0 0 0 0 0 0

Total # of neighbors = 13546
Ave neighs/atom = 752.55556
Neighbor list builds = 0
Dangerous builds = 0
set atom * x 0.0 y 0.0 z 0.0
Setting atom values ...
  18 settings made for x
  18 settings made for y
  18 settings made for z
change_box all     x final 0 2.5445567905885875 y final 0 8.421878454367013 z final 0 8.513899768646466      xy final 1.1933053518491803 xz final -2.602951350602005 yz final -1.5110230598284933 units box
Changing box ...
  triclinic box = (0 0 0) to (2.5445568 8.4218785 8.5138998) with tilt (1.1933054 -2.6029514 -1.5110231)
  triclinic box = (0 0 0) to (2.5445568 8.4218785 8.5138998) with tilt (1.1933054 -2.6029514 -1.5110231)
  triclinic box = (0 0 0) to (2.5445568 8.4218785 8.5138998) with tilt (1.1933054 -2.6029514 -1.5110231)
  triclinic box = (0 0 0) to (2.5445568 8.4218785 8.5138998) with tilt (1.1933054 -2.6029514 -1.5110231)
  triclinic box = (0 0 0) to (2.5445568 8.4218785 8.5138998) with tilt (1.1933054 -2.6029514 -1.5110231)
  triclinic box = (0 0 0) to (2.5445568 8.4218785 8.5138998) with tilt (1.1933054 -2.6029514 -1.5110231)
echo none
run 0
Per MPI rank memory allocation (min/avg/max) = 3.934 | 3.934 | 3.934 Mbytes
    PotEng          Pxx           E_mol          E_coul    
-76.86338      -3.8612926      0              0            
Loop time of 1.72e-06 on 1 procs for 0 steps with 18 atoms

814.0% CPU use with 1 MPI tasks x 1 OpenMP threads

MPI task timing breakdown:
Section |  min time  |  avg time  |  max time  |%varavg| %total
---------------------------------------------------------------
Pair    | 0          | 0          | 0          |   0.0 |  0.00
Neigh   | 0          | 0          | 0          |   0.0 |  0.00
Comm    | 0          | 0          | 0          |   0.0 |  0.00
Output  | 0          | 0          | 0          |   0.0 |  0.00
Modify  | 0          | 0          | 0          |   0.0 |  0.00
Other   |            | 1.72e-06   |            |       |100.00

Nlocal:             18 ave          18 max          18 min
Histogram: 1 0 0 0 0 0 0 0 0 0
Nghost:           3122 ave        3122 max        3122 min
Histogram: 1 0 0 0 0 0 0 0 0 0
Neighs:              0 ave           0 max           0 min
Histogram: 1 0 0 0 0 0 0 0 0 0
FullNghs:        13546 ave       13546 max       13546 min
Histogram: 1 0 0 0 0 0 0 0 0 0

Total # of neighbors = 13546
Ave neighs/atom = 752.55556
Neighbor list builds = 0
Dangerous builds = 0
set atom * x 0.0 y 0.0 z 0.0
Setting atom values ...
  18 settings made for x
  18 settings made for y
  18 settings made for z
change_box all     x final 0 2.544582478492109 y final 0 8.420095855948517 z final 0 8.513226514931008      xy final 1.1931648337033698 xz final -2.601017978201217 yz final -1.5152215658646149 units box
Changing box ...
  triclinic box = (0 0 0) to (2.5445825 8.4218785 8.5138998) with tilt (1.1933054 -2.6029514 -1.5110231)
  triclinic box = (0 0 0) to (2.5445825 8.4200959 8.5138998) with tilt (1.1933054 -2.6029514 -1.5110231)
  triclinic box = (0 0 0) to (2.5445825 8.4200959 8.5132265) with tilt (1.1933054 -2.6029514 -1.5110231)
  triclinic box = (0 0 0) to (2.5445825 8.4200959 8.5132265) with tilt (1.1931648 -2.6029514 -1.5110231)
  triclinic box = (0 0 0) to (2.5445825 8.4200959 8.5132265) with tilt (1.1931648 -2.601018 -1.5110231)
  triclinic box = (0 0 0) to (2.5445825 8.4200959 8.5132265) with tilt (1.1931648 -2.601018 -1.5152216)
echo none
run 0
Per MPI rank memory allocation (min/avg/max) = 3.934 | 3.934 | 3.934 Mbytes
    PotEng          Pxx           E_mol          E_coul    
-76.863427     -34.032639      0              0            
Loop time of 1.727e-06 on 1 procs for 0 steps with 18 atoms

0.0% CPU use with 1 MPI tasks x 1 OpenMP threads

MPI task timing breakdown:
Section |  min time  |  avg time  |  max time  |%varavg| %total
---------------------------------------------------------------
Pair    | 0          | 0          | 0          |   0.0 |  0.00
Neigh   | 0          | 0          | 0          |   0.0 |  0.00
Comm    | 0          | 0          | 0          |   0.0 |  0.00
Output  | 0          | 0          | 0          |   0.0 |  0.00
Modify  | 0          | 0          | 0          |   0.0 |  0.00
Other   |            | 1.727e-06  |            |       |100.00

Nlocal:             18 ave          18 max          18 min
Histogram: 1 0 0 0 0 0 0 0 0 0
Nghost:           3122 ave        3122 max        3122 min
Histogram: 1 0 0 0 0 0 0 0 0 0
Neighs:              0 ave           0 max           0 min
Histogram: 1 0 0 0 0 0 0 0 0 0
FullNghs:        13580 ave       13580 max       13580 min
Histogram: 1 0 0 0 0 0 0 0 0 0

Total # of neighbors = 13580
Ave neighs/atom = 754.44444
Neighbor list builds = 0
Dangerous builds = 0
set atom * x 0.0 y 0.0 z 0.0
Setting atom values ...
  18 settings made for x
  18 settings made for y
  18 settings made for z
change_box all     x final 0 2.544685844733579 y final 0 8.41298267078059 z final 0 8.510518393507432      xy final 1.1925930427838491 xz final -2.5932857105710236 yz final -1.5320120813827443 units box
Changing box ...
  triclinic box = (0 0 0) to (2.5446858 8.4200959 8.5132265) with tilt (1.1931648 -2.601018 -1.5152216)
  triclinic box = (0 0 0) to (2.5446858 8.4129827 8.5132265) with tilt (1.1931648 -2.601018 -1.5152216)
  triclinic box = (0 0 0) to (2.5446858 8.4129827 8.5105184) with tilt (1.1931648 -2.601018 -1.5152216)
  triclinic box = (0 0 0) to (2.5446858 8.4129827 8.5105184) with tilt (1.192593 -2.601018 -1.5152216)
  triclinic box = (0 0 0) to (2.5446858 8.4129827 8.5105184) with tilt (1.192593 -2.5932857 -1.5152216)
  triclinic box = (0 0 0) to (2.5446858 8.4129827 8.5105184) with tilt (1.192593 -2.5932857 -1.5320121)
echo none
run 0
Per MPI rank memory allocation (min/avg/max) = 3.934 | 3.934 | 3.934 Mbytes
    PotEng          Pxx           E_mol          E_coul    
-76.863546     -155.00017      0              0            
Loop time of 1.814e-06 on 1 procs for 0 steps with 18 atoms

826.9% CPU use with 1 MPI tasks x 1 OpenMP threads

MPI task timing breakdown:
Section |  min time  |  avg time  |  max time  |%varavg| %total
---------------------------------------------------------------
Pair    | 0          | 0          | 0          |   0.0 |  0.00
Neigh   | 0          | 0          | 0          |   0.0 |  0.00
Comm    | 0          | 0          | 0          |   0.0 |  0.00
Output  | 0          | 0          | 0          |   0.0 |  0.00
Modify  | 0          | 0          | 0          |   0.0 |  0.00
Other   |            | 1.814e-06  |            |       |100.00

Nlocal:             18 ave          18 max          18 min
Histogram: 1 0 0 0 0 0 0 0 0 0
Nghost:           3122 ave        3122 max        3122 min
Histogram: 1 0 0 0 0 0 0 0 0 0
Neighs:              0 ave           0 max           0 min
Histogram: 1 0 0 0 0 0 0 0 0 0
FullNghs:        13608 ave       13608 max       13608 min
Histogram: 1 0 0 0 0 0 0 0 0 0

Total # of neighbors = 13608
Ave neighs/atom = 756
Neighbor list builds = 0
Dangerous builds = 0
set atom * x 0.0 y 0.0 z 0.0
Setting atom values ...
  18 settings made for x
  18 settings made for y
  18 settings made for z
change_box all     x final 0 2.544685844733579 y final 0 8.412982670780593 z final 0 8.510518393507432      xy final 1.1925930427838494 xz final -2.593285710571024 yz final -1.5320120813827447 units box
Changing box ...
  triclinic box = (0 0 0) to (2.5446858 8.4129827 8.5105184) with tilt (1.192593 -2.5932857 -1.5320121)
  triclinic box = (0 0 0) to (2.5446858 8.4129827 8.5105184) with tilt (1.192593 -2.5932857 -1.5320121)
  triclinic box = (0 0 0) to (2.5446858 8.4129827 8.5105184) with tilt (1.192593 -2.5932857 -1.5320121)
  triclinic box = (0 0 0) to (2.5446858 8.4129827 8.5105184) with tilt (1.192593 -2.5932857 -1.5320121)
  triclinic box = (0 0 0) to (2.5446858 8.4129827 8.5105184) with tilt (1.192593 -2.5932857 -1.5320121)
  triclinic box = (0 0 0) to (2.5446858 8.4129827 8.5105184) with tilt (1.192593 -2.5932857 -1.5320121)
echo none
run 0
Per MPI rank memory allocation (min/avg/max) = 3.934 | 3.934 | 3.934 Mbytes
    PotEng          Pxx           E_mol          E_coul    
-76.863546     -155.00017      0              0            
Loop time of 1.647e-06 on 1 procs for 0 steps with 18 atoms

789.3% CPU use with 1 MPI tasks x 1 OpenMP threads

MPI task timing breakdown:
Section |  min time  |  avg time  |  max time  |%varavg| %total
---------------------------------------------------------------
Pair    | 0          | 0          | 0          |   0.0 |  0.00
Neigh   | 0          | 0          | 0          |   0.0 |  0.00
Comm    | 0          | 0          | 0          |   0.0 |  0.00
Output  | 0          | 0          | 0          |   0.0 |  0.00
Modify  | 0          | 0          | 0          |   0.0 |  0.00
Other   |            | 1.647e-06  |            |       |100.00

Nlocal:             18 ave          18 max          18 min
Histogram: 1 0 0 0 0 0 0 0 0 0
Nghost:           3122 ave        3122 max        3122 min
Histogram: 1 0 0 0 0 0 0 0 0 0
Neighs:              0 ave           0 max           0 min
Histogram: 1 0 0 0 0 0 0 0 0 0
FullNghs:        13608 ave       13608 max       13608 min
Histogram: 1 0 0 0 0 0 0 0 0 0

Total # of neighbors = 13608
Ave neighs/atom = 756
Neighbor list builds = 0
Dangerous builds = 0
set atom * x 0.0 y 0.0 z 0.0
Setting atom values ...
  18 settings made for x
  18 settings made for y
  18 settings made for z
change_box all     x final 0 2.544632680350118 y final 0 8.411848383458096 z final 0 8.502695206203118      xy final 1.1913901036271033 xz final -2.5896246326233547 yz final -1.571501888893544 units box
Changing box ...
  triclinic box = (0 0 0) to (2.5446327 8.4129827 8.5105184) with tilt (1.192593 -2.5932857 -1.5320121)
  triclinic box = (0 0 0) to (2.5446327 8.4118484 8.5105184) with tilt (1.192593 -2.5932857 -1.5320121)
  triclinic box = (0 0 0) to (2.5446327 8.4118484 8.5026952) with tilt (1.192593 -2.5932857 -1.5320121)
  triclinic box = (0 0 0) to (2.5446327 8.4118484 8.5026952) with tilt (1.1913901 -2.5932857 -1.5320121)
  triclinic box = (0 0 0) to (2.5446327 8.4118484 8.5026952) with tilt (1.1913901 -2.5896246 -1.5320121)
  triclinic box = (0 0 0) to (2.5446327 8.4118484 8.5026952) with tilt (1.1913901 -2.5896246 -1.5715019)
echo none
run 0
Per MPI rank memory allocation (min/avg/max) = 3.934 | 3.934 | 3.934 Mbytes
    PotEng          Pxx           E_mol          E_coul    
-76.863785     -110.04087      0              0            
Loop time of 1.689e-06 on 1 procs for 0 steps with 18 atoms

888.1% CPU use with 1 MPI tasks x 1 OpenMP threads

MPI task timing breakdown:
Section |  min time  |  avg time  |  max time  |%varavg| %total
---------------------------------------------------------------
Pair    | 0          | 0          | 0          |   0.0 |  0.00
Neigh   | 0          | 0          | 0          |   0.0 |  0.00
Comm    | 0          | 0          | 0          |   0.0 |  0.00
Output  | 0          | 0          | 0          |   0.0 |  0.00
Modify  | 0          | 0          | 0          |   0.0 |  0.00
Other   |            | 1.689e-06  |            |       |100.00

Nlocal:             18 ave          18 max          18 min
Histogram: 1 0 0 0 0 0 0 0 0 0
Nghost:           3122 ave        3122 max        3122 min
Histogram: 1 0 0 0 0 0 0 0 0 0
Neighs:              0 ave           0 max           0 min
Histogram: 1 0 0 0 0 0 0 0 0 0
FullNghs:        13618 ave       13618 max       13618 min
Histogram: 1 0 0 0 0 0 0 0 0 0

Total # of neighbors = 13618
Ave neighs/atom = 756.55556
Neighbor list builds = 0
Dangerous builds = 0
set atom * x 0.0 y 0.0 z 0.0
Setting atom values ...
  18 settings made for x
  18 settings made for y
  18 settings made for z
change_box all     x final 0 2.5445266176012433 y final 0 8.409883451022097 z final 0 8.486671433483332      xy final 1.1889184640219026 xz final -2.582261241565746 yz final -1.6507015064167017 units box
Changing box ...
  triclinic box = (0 0 0) to (2.5445266 8.4118484 8.5026952) with tilt (1.1913901 -2.5896246 -1.5715019)
  triclinic box = (0 0 0) to (2.5445266 8.4098835 8.5026952) with tilt (1.1913901 -2.5896246 -1.5715019)
  triclinic box = (0 0 0) to (2.5445266 8.4098835 8.4866714) with tilt (1.1913901 -2.5896246 -1.5715019)
  triclinic box = (0 0 0) to (2.5445266 8.4098835 8.4866714) with tilt (1.1889185 -2.5896246 -1.5715019)
  triclinic box = (0 0 0) to (2.5445266 8.4098835 8.4866714) with tilt (1.1889185 -2.5822612 -1.5715019)
  triclinic box = (0 0 0) to (2.5445266 8.4098835 8.4866714) with tilt (1.1889185 -2.5822612 -1.6507015)
echo none
run 0
Per MPI rank memory allocation (min/avg/max) = 3.934 | 3.934 | 3.934 Mbytes
    PotEng          Pxx           E_mol          E_coul    
-76.863973     -13.165782      0              0            
Loop time of 1.573e-06 on 1 procs for 0 steps with 18 atoms

826.4% CPU use with 1 MPI tasks x 1 OpenMP threads

MPI task timing breakdown:
Section |  min time  |  avg time  |  max time  |%varavg| %total
---------------------------------------------------------------
Pair    | 0          | 0          | 0          |   0.0 |  0.00
Neigh   | 0          | 0          | 0          |   0.0 |  0.00
Comm    | 0          | 0          | 0          |   0.0 |  0.00
Output  | 0          | 0          | 0          |   0.0 |  0.00
Modify  | 0          | 0          | 0          |   0.0 |  0.00
Other   |            | 1.573e-06  |            |       |100.00

Nlocal:             18 ave          18 max          18 min
Histogram: 1 0 0 0 0 0 0 0 0 0
Nghost:           3122 ave        3122 max        3122 min
Histogram: 1 0 0 0 0 0 0 0 0 0
Neighs:              0 ave           0 max           0 min
Histogram: 1 0 0 0 0 0 0 0 0 0
FullNghs:        13658 ave       13658 max       13658 min
Histogram: 1 0 0 0 0 0 0 0 0 0

Total # of neighbors = 13658
Ave neighs/atom = 758.77778
Neighbor list builds = 0
Dangerous builds = 0
set atom * x 0.0 y 0.0 z 0.0
Setting atom values ...
  18 settings made for x
  18 settings made for y
  18 settings made for z
change_box all     x final 0 2.5445266176012447 y final 0 8.40988345102209 z final 0 8.486671433483332      xy final 1.1889184640219017 xz final -2.582261241565746 yz final -1.6507015064167017 units box
Changing box ...
  triclinic box = (0 0 0) to (2.5445266 8.4098835 8.4866714) with tilt (1.1889185 -2.5822612 -1.6507015)
  triclinic box = (0 0 0) to (2.5445266 8.4098835 8.4866714) with tilt (1.1889185 -2.5822612 -1.6507015)
  triclinic box = (0 0 0) to (2.5445266 8.4098835 8.4866714) with tilt (1.1889185 -2.5822612 -1.6507015)
  triclinic box = (0 0 0) to (2.5445266 8.4098835 8.4866714) with tilt (1.1889185 -2.5822612 -1.6507015)
  triclinic box = (0 0 0) to (2.5445266 8.4098835 8.4866714) with tilt (1.1889185 -2.5822612 -1.6507015)
  triclinic box = (0 0 0) to (2.5445266 8.4098835 8.4866714) with tilt (1.1889185 -2.5822612 -1.6507015)
echo none
run 0
Per MPI rank memory allocation (min/avg/max) = 3.934 | 3.934 | 3.934 Mbytes
    PotEng          Pxx           E_mol          E_coul    
-76.863973     -13.165782      0              0            
Loop time of 1.3e-06 on 1 procs for 0 steps with 18 atoms

692.3% CPU use with 1 MPI tasks x 1 OpenMP threads

MPI task timing breakdown:
Section |  min time  |  avg time  |  max time  |%varavg| %total
---------------------------------------------------------------
Pair    | 0          | 0          | 0          |   0.0 |  0.00
Neigh   | 0          | 0          | 0          |   0.0 |  0.00
Comm    | 0          | 0          | 0          |   0.0 |  0.00
Output  | 0          | 0          | 0          |   0.0 |  0.00
Modify  | 0          | 0          | 0          |   0.0 |  0.00
Other   |            | 1.3e-06    |            |       |100.00

Nlocal:             18 ave          18 max          18 min
Histogram: 1 0 0 0 0 0 0 0 0 0
Nghost:           3122 ave        3122 max        3122 min
Histogram: 1 0 0 0 0 0 0 0 0 0
Neighs:              0 ave           0 max           0 min
Histogram: 1 0 0 0 0 0 0 0 0 0
FullNghs:        13658 ave       13658 max       13658 min
Histogram: 1 0 0 0 0 0 0 0 0 0

Total # of neighbors = 13658
Ave neighs/atom = 758.77778
Neighbor list builds = 0
Dangerous builds = 0
set atom * x 0.0 y 0.0 z 0.0
Setting atom values ...
  18 settings made for x
  18 settings made for y
  18 settings made for z
change_box all     x final 0 2.5446399606928374 y final 0 8.41246768077601 z final 0 8.479101471869933      xy final 1.206183358007101 xz final -2.5748319141538056 yz final -1.6799992173214482 units box
Changing box ...
  triclinic box = (0 0 0) to (2.54464 8.4098835 8.4866714) with tilt (1.1889185 -2.5822612 -1.6507015)
  triclinic box = (0 0 0) to (2.54464 8.4124677 8.4866714) with tilt (1.1889185 -2.5822612 -1.6507015)
  triclinic box = (0 0 0) to (2.54464 8.4124677 8.4791015) with tilt (1.1889185 -2.5822612 -1.6507015)
  triclinic box = (0 0 0) to (2.54464 8.4124677 8.4791015) with tilt (1.2061834 -2.5822612 -1.6507015)
  triclinic box = (0 0 0) to (2.54464 8.4124677 8.4791015) with tilt (1.2061834 -2.5748319 -1.6507015)
  triclinic box = (0 0 0) to (2.54464 8.4124677 8.4791015) with tilt (1.2061834 -2.5748319 -1.6799992)
echo none
run 0
Per MPI rank memory allocation (min/avg/max) = 3.934 | 3.934 | 3.934 Mbytes
    PotEng          Pxx           E_mol          E_coul    
-76.864368     -83.009012      0              0            
Loop time of 1.587e-06 on 1 procs for 0 steps with 18 atoms

819.2% CPU use with 1 MPI tasks x 1 OpenMP threads

MPI task timing breakdown:
Section |  min time  |  avg time  |  max time  |%varavg| %total
---------------------------------------------------------------
Pair    | 0          | 0          | 0          |   0.0 |  0.00
Neigh   | 0          | 0          | 0          |   0.0 |  0.00
Comm    | 0          | 0          | 0          |   0.0 |  0.00
Output  | 0          | 0          | 0          |   0.0 |  0.00
Modify  | 0          | 0          | 0          |   0.0 |  0.00
Other   |            | 1.587e-06  |            |       |100.00

Nlocal:             18 ave          18 max          18 min
Histogram: 1 0 0 0 0 0 0 0 0 0
Nghost:           3122 ave        3122 max        3122 min
Histogram: 1 0 0 0 0 0 0 0 0 0
Neighs:              0 ave           0 max           0 min
Histogram: 1 0 0 0 0 0 0 0 0 0
FullNghs:        13622 ave       13622 max       13622 min
Histogram: 1 0 0 0 0 0 0 0 0 0

Total # of neighbors = 13622
Ave neighs/atom = 756.77778
Neighbor list builds = 0
Dangerous builds = 0
set atom * x 0.0 y 0.0 z 0.0
Setting atom values ...
  18 settings made for x
  18 settings made for y
  18 settings made for z
change_box all     x final 0 2.5451498523815084 y final 0 8.423249562994144 z final 0 8.448263293454982      xy final 1.274986932348346 xz final -2.545753808768593 yz final -1.7968845339641286 units box
Changing box ...
  triclinic box = (0 0 0) to (2.5451499 8.4124677 8.4791015) with tilt (1.2061834 -2.5748319 -1.6799992)
  triclinic box = (0 0 0) to (2.5451499 8.4232496 8.4791015) with tilt (1.2061834 -2.5748319 -1.6799992)
  triclinic box = (0 0 0) to (2.5451499 8.4232496 8.4482633) with tilt (1.2061834 -2.5748319 -1.6799992)
  triclinic box = (0 0 0) to (2.5451499 8.4232496 8.4482633) with tilt (1.2749869 -2.5748319 -1.6799992)
  triclinic box = (0 0 0) to (2.5451499 8.4232496 8.4482633) with tilt (1.2749869 -2.5457538 -1.6799992)
  triclinic box = (0 0 0) to (2.5451499 8.4232496 8.4482633) with tilt (1.2749869 -2.5457538 -1.7968845)
echo none
run 0
Per MPI rank memory allocation (min/avg/max) = 3.934 | 3.934 | 3.934 Mbytes
    PotEng          Pxx           E_mol          E_coul    
-76.865069     -385.28035      0              0            
Loop time of 1.553e-06 on 1 procs for 0 steps with 18 atoms

772.7% CPU use with 1 MPI tasks x 1 OpenMP threads

MPI task timing breakdown:
Section |  min time  |  avg time  |  max time  |%varavg| %total
---------------------------------------------------------------
Pair    | 0          | 0          | 0          |   0.0 |  0.00
Neigh   | 0          | 0          | 0          |   0.0 |  0.00
Comm    | 0          | 0          | 0          |   0.0 |  0.00
Output  | 0          | 0          | 0          |   0.0 |  0.00
Modify  | 0          | 0          | 0          |   0.0 |  0.00
Other   |            | 1.553e-06  |            |       |100.00

Nlocal:             18 ave          18 max          18 min
Histogram: 1 0 0 0 0 0 0 0 0 0
Nghost:           3122 ave        3122 max        3122 min
Histogram: 1 0 0 0 0 0 0 0 0 0
Neighs:              0 ave           0 max           0 min
Histogram: 1 0 0 0 0 0 0 0 0 0
FullNghs:        13608 ave       13608 max       13608 min
Histogram: 1 0 0 0 0 0 0 0 0 0

Total # of neighbors = 13608
Ave neighs/atom = 756
Neighbor list builds = 0
Dangerous builds = 0
set atom * x 0.0 y 0.0 z 0.0
Setting atom values ...
  18 settings made for x
  18 settings made for y
  18 settings made for z
change_box all     x final 0 2.545149852381509 y final 0 8.423249562994144 z final 0 8.448263293454984      xy final 1.2749869323483458 xz final -2.545753808768594 yz final -1.7968845339641282 units box
Changing box ...
  triclinic box = (0 0 0) to (2.5451499 8.4232496 8.4482633) with tilt (1.2749869 -2.5457538 -1.7968845)
  triclinic box = (0 0 0) to (2.5451499 8.4232496 8.4482633) with tilt (1.2749869 -2.5457538 -1.7968845)
  triclinic box = (0 0 0) to (2.5451499 8.4232496 8.4482633) with tilt (1.2749869 -2.5457538 -1.7968845)
  triclinic box = (0 0 0) to (2.5451499 8.4232496 8.4482633) with tilt (1.2749869 -2.5457538 -1.7968845)
  triclinic box = (0 0 0) to (2.5451499 8.4232496 8.4482633) with tilt (1.2749869 -2.5457538 -1.7968845)
  triclinic box = (0 0 0) to (2.5451499 8.4232496 8.4482633) with tilt (1.2749869 -2.5457538 -1.7968845)
echo none
run 0
Per MPI rank memory allocation (min/avg/max) = 3.934 | 3.934 | 3.934 Mbytes
    PotEng          Pxx           E_mol          E_coul    
-76.865069     -385.28035      0              0            
Loop time of 1.312e-06 on 1 procs for 0 steps with 18 atoms

533.5% CPU use with 1 MPI tasks x 1 OpenMP threads

MPI task timing breakdown:
Section |  min time  |  avg time  |  max time  |%varavg| %total
---------------------------------------------------------------
Pair    | 0          | 0          | 0          |   0.0 |  0.00
Neigh   | 0          | 0          | 0          |   0.0 |  0.00
Comm    | 0          | 0          | 0          |   0.0 |  0.00
Output  | 0          | 0          | 0          |   0.0 |  0.00
Modify  | 0          | 0          | 0          |   0.0 |  0.00
Other   |            | 1.312e-06  |            |       |100.00

Nlocal:             18 ave          18 max          18 min
Histogram: 1 0 0 0 0 0 0 0 0 0
Nghost:           3122 ave        3122 max        3122 min
Histogram: 1 0 0 0 0 0 0 0 0 0
Neighs:              0 ave           0 max           0 min
Histogram: 1 0 0 0 0 0 0 0 0 0
FullNghs:        13608 ave       13608 max       13608 min
Histogram: 1 0 0 0 0 0 0 0 0 0

Total # of neighbors = 13608
Ave neighs/atom = 756
Neighbor list builds = 0
Dangerous builds = 0
set atom * x 0.0 y 0.0 z 0.0
Setting atom values ...
  18 settings made for x
  18 settings made for y
  18 settings made for z
change_box all     x final 0 2.5449085152409396 y final 0 8.428920670452175 z final 0 8.444945589458428      xy final 1.2347242610411464 xz final -2.5297683614843396 yz final -1.8428409532862853 units box
Changing box ...
  triclinic box = (0 0 0) to (2.5449085 8.4232496 8.4482633) with tilt (1.2749869 -2.5457538 -1.7968845)
  triclinic box = (0 0 0) to (2.5449085 8.4289207 8.4482633) with tilt (1.2749869 -2.5457538 -1.7968845)
  triclinic box = (0 0 0) to (2.5449085 8.4289207 8.4449456) with tilt (1.2749869 -2.5457538 -1.7968845)
  triclinic box = (0 0 0) to (2.5449085 8.4289207 8.4449456) with tilt (1.2347243 -2.5457538 -1.7968845)
  triclinic box = (0 0 0) to (2.5449085 8.4289207 8.4449456) with tilt (1.2347243 -2.5297684 -1.7968845)
  triclinic box = (0 0 0) to (2.5449085 8.4289207 8.4449456) with tilt (1.2347243 -2.5297684 -1.842841)
echo none
run 0
Per MPI rank memory allocation (min/avg/max) = 3.934 | 3.934 | 3.934 Mbytes
    PotEng          Pxx           E_mol          E_coul    
-76.865737     -179.91955      0              0            
Loop time of 1.438e-06 on 1 procs for 0 steps with 18 atoms

1043.1% CPU use with 1 MPI tasks x 1 OpenMP threads

MPI task timing breakdown:
Section |  min time  |  avg time  |  max time  |%varavg| %total
---------------------------------------------------------------
Pair    | 0          | 0          | 0          |   0.0 |  0.00
Neigh   | 0          | 0          | 0          |   0.0 |  0.00
Comm    | 0          | 0          | 0          |   0.0 |  0.00
Output  | 0          | 0          | 0          |   0.0 |  0.00
Modify  | 0          | 0          | 0          |   0.0 |  0.00
Other   |            | 1.438e-06  |            |       |100.00

Nlocal:             18 ave          18 max          18 min
Histogram: 1 0 0 0 0 0 0 0 0 0
Nghost:           3106 ave        3106 max        3106 min
Histogram: 1 0 0 0 0 0 0 0 0 0
Neighs:              0 ave           0 max           0 min
Histogram: 1 0 0 0 0 0 0 0 0 0
FullNghs:        13598 ave       13598 max       13598 min
Histogram: 1 0 0 0 0 0 0 0 0 0

Total # of neighbors = 13598
Ave neighs/atom = 755.44444
Neighbor list builds = 0
Dangerous builds = 0
set atom * x 0.0 y 0.0 z 0.0
Setting atom values ...
  18 settings made for x
  18 settings made for y
  18 settings made for z
change_box all     x final 0 2.5449085152409396 y final 0 8.428920670452177 z final 0 8.444945589458431      xy final 1.234724261041146 xz final -2.529768361484339 yz final -1.8428409532862855 units box
Changing box ...
  triclinic box = (0 0 0) to (2.5449085 8.4289207 8.4449456) with tilt (1.2347243 -2.5297684 -1.842841)
  triclinic box = (0 0 0) to (2.5449085 8.4289207 8.4449456) with tilt (1.2347243 -2.5297684 -1.842841)
  triclinic box = (0 0 0) to (2.5449085 8.4289207 8.4449456) with tilt (1.2347243 -2.5297684 -1.842841)
  triclinic box = (0 0 0) to (2.5449085 8.4289207 8.4449456) with tilt (1.2347243 -2.5297684 -1.842841)
  triclinic box = (0 0 0) to (2.5449085 8.4289207 8.4449456) with tilt (1.2347243 -2.5297684 -1.842841)
  triclinic box = (0 0 0) to (2.5449085 8.4289207 8.4449456) with tilt (1.2347243 -2.5297684 -1.842841)
echo none
run 0
Per MPI rank memory allocation (min/avg/max) = 3.934 | 3.934 | 3.934 Mbytes
    PotEng          Pxx           E_mol          E_coul    
-76.865737     -179.91955      0              0            
Loop time of 1.516e-06 on 1 procs for 0 steps with 18 atoms

527.7% CPU use with 1 MPI tasks x 1 OpenMP threads

MPI task timing breakdown:
Section |  min time  |  avg time  |  max time  |%varavg| %total
---------------------------------------------------------------
Pair    | 0          | 0          | 0          |   0.0 |  0.00
Neigh   | 0          | 0          | 0          |   0.0 |  0.00
Comm    | 0          | 0          | 0          |   0.0 |  0.00
Output  | 0          | 0          | 0          |   0.0 |  0.00
Modify  | 0          | 0          | 0          |   0.0 |  0.00
Other   |            | 1.516e-06  |            |       |100.00

Nlocal:             18 ave          18 max          18 min
Histogram: 1 0 0 0 0 0 0 0 0 0
Nghost:           3106 ave        3106 max        3106 min
Histogram: 1 0 0 0 0 0 0 0 0 0
Neighs:              0 ave           0 max           0 min
Histogram: 1 0 0 0 0 0 0 0 0 0
FullNghs:        13598 ave       13598 max       13598 min
Histogram: 1 0 0 0 0 0 0 0 0 0

Total # of neighbors = 13598
Ave neighs/atom = 755.44444
Neighbor list builds = 0
Dangerous builds = 0
set atom * x 0.0 y 0.0 z 0.0
Setting atom values ...
  18 settings made for x
  18 settings made for y
  18 settings made for z
change_box all     x final 0 2.5446256901219053 y final 0 8.424371539512155 z final 0 8.43168603589944      xy final 1.2448424523382577 xz final -2.520200134145312 yz final -1.9187808102064716 units box
Changing box ...
  triclinic box = (0 0 0) to (2.5446257 8.4289207 8.4449456) with tilt (1.2347243 -2.5297684 -1.842841)
  triclinic box = (0 0 0) to (2.5446257 8.4243715 8.4449456) with tilt (1.2347243 -2.5297684 -1.842841)
  triclinic box = (0 0 0) to (2.5446257 8.4243715 8.431686) with tilt (1.2347243 -2.5297684 -1.842841)
  triclinic box = (0 0 0) to (2.5446257 8.4243715 8.431686) with tilt (1.2448425 -2.5297684 -1.842841)
  triclinic box = (0 0 0) to (2.5446257 8.4243715 8.431686) with tilt (1.2448425 -2.5202001 -1.842841)
  triclinic box = (0 0 0) to (2.5446257 8.4243715 8.431686) with tilt (1.2448425 -2.5202001 -1.9187808)
echo none
run 0
Per MPI rank memory allocation (min/avg/max) = 3.934 | 3.934 | 3.934 Mbytes
    PotEng          Pxx           E_mol          E_coul    
-76.866179      55.435716      0              0            
Loop time of 1.411e-06 on 1 procs for 0 steps with 18 atoms

1133.9% CPU use with 1 MPI tasks x 1 OpenMP threads

MPI task timing breakdown:
Section |  min time  |  avg time  |  max time  |%varavg| %total
---------------------------------------------------------------
Pair    | 0          | 0          | 0          |   0.0 |  0.00
Neigh   | 0          | 0          | 0          |   0.0 |  0.00
Comm    | 0          | 0          | 0          |   0.0 |  0.00
Output  | 0          | 0          | 0          |   0.0 |  0.00
Modify  | 0          | 0          | 0          |   0.0 |  0.00
Other   |            | 1.411e-06  |            |       |100.00

Nlocal:             18 ave          18 max          18 min
Histogram: 1 0 0 0 0 0 0 0 0 0
Nghost:           3106 ave        3106 max        3106 min
Histogram: 1 0 0 0 0 0 0 0 0 0
Neighs:              0 ave           0 max           0 min
Histogram: 1 0 0 0 0 0 0 0 0 0
FullNghs:        13638 ave       13638 max       13638 min
Histogram: 1 0 0 0 0 0 0 0 0 0

Total # of neighbors = 13638
Ave neighs/atom = 757.66667
Neighbor list builds = 0
Dangerous builds = 0
set atom * x 0.0 y 0.0 z 0.0
Setting atom values ...
  18 settings made for x
  18 settings made for y
  18 settings made for z
change_box all     x final 0 2.544625690121908 y final 0 8.42437153951216 z final 0 8.43168603589944      xy final 1.2448424523382584 xz final -2.520200134145316 yz final -1.918780810206471 units box
Changing box ...
  triclinic box = (0 0 0) to (2.5446257 8.4243715 8.431686) with tilt (1.2448425 -2.5202001 -1.9187808)
  triclinic box = (0 0 0) to (2.5446257 8.4243715 8.431686) with tilt (1.2448425 -2.5202001 -1.9187808)
  triclinic box = (0 0 0) to (2.5446257 8.4243715 8.431686) with tilt (1.2448425 -2.5202001 -1.9187808)
  triclinic box = (0 0 0) to (2.5446257 8.4243715 8.431686) with tilt (1.2448425 -2.5202001 -1.9187808)
  triclinic box = (0 0 0) to (2.5446257 8.4243715 8.431686) with tilt (1.2448425 -2.5202001 -1.9187808)
  triclinic box = (0 0 0) to (2.5446257 8.4243715 8.431686) with tilt (1.2448425 -2.5202001 -1.9187808)
echo none
run 0
Per MPI rank memory allocation (min/avg/max) = 3.934 | 3.934 | 3.934 Mbytes
    PotEng          Pxx           E_mol          E_coul    
-76.866179      55.435716      0              0            
Loop time of 3.481e-06 on 1 procs for 0 steps with 18 atoms

373.5% CPU use with 1 MPI tasks x 1 OpenMP threads

MPI task timing breakdown:
Section |  min time  |  avg time  |  max time  |%varavg| %total
---------------------------------------------------------------
Pair    | 0          | 0          | 0          |   0.0 |  0.00
Neigh   | 0          | 0          | 0          |   0.0 |  0.00
Comm    | 0          | 0          | 0          |   0.0 |  0.00
Output  | 0          | 0          | 0          |   0.0 |  0.00
Modify  | 0          | 0          | 0          |   0.0 |  0.00
Other   |            | 3.481e-06  |            |       |100.00

Nlocal:             18 ave          18 max          18 min
Histogram: 1 0 0 0 0 0 0 0 0 0
Nghost:           3106 ave        3106 max        3106 min
Histogram: 1 0 0 0 0 0 0 0 0 0
Neighs:              0 ave           0 max           0 min
Histogram: 1 0 0 0 0 0 0 0 0 0
FullNghs:        13638 ave       13638 max       13638 min
Histogram: 1 0 0 0 0 0 0 0 0 0

Total # of neighbors = 13638
Ave neighs/atom = 757.66667
Neighbor list builds = 0
Dangerous builds = 0
set atom * x 0.0 y 0.0 z 0.0
Setting atom values ...
  18 settings made for x
  18 settings made for y
  18 settings made for z
change_box all     x final 0 2.5446140379844095 y final 0 8.432831087842809 z final 0 8.421307103116472      xy final 1.2700000909665714 xz final -2.52001418325488 yz final -1.9709670372628423 units box
Changing box ...
  triclinic box = (0 0 0) to (2.544614 8.4243715 8.431686) with tilt (1.2448425 -2.5202001 -1.9187808)
  triclinic box = (0 0 0) to (2.544614 8.4328311 8.431686) with tilt (1.2448425 -2.5202001 -1.9187808)
  triclinic box = (0 0 0) to (2.544614 8.4328311 8.4213071) with tilt (1.2448425 -2.5202001 -1.9187808)
  triclinic box = (0 0 0) to (2.544614 8.4328311 8.4213071) with tilt (1.2700001 -2.5202001 -1.9187808)
  triclinic box = (0 0 0) to (2.544614 8.4328311 8.4213071) with tilt (1.2700001 -2.5200142 -1.9187808)
  triclinic box = (0 0 0) to (2.544614 8.4328311 8.4213071) with tilt (1.2700001 -2.5200142 -1.970967)
echo none
run 0
Per MPI rank memory allocation (min/avg/max) = 3.934 | 3.934 | 3.934 Mbytes
    PotEng          Pxx           E_mol          E_coul    
-76.866341      22.736942      0              0            
Loop time of 1.722e-06 on 1 procs for 0 steps with 18 atoms

638.8% CPU use with 1 MPI tasks x 1 OpenMP threads

MPI task timing breakdown:
Section |  min time  |  avg time  |  max time  |%varavg| %total
---------------------------------------------------------------
Pair    | 0          | 0          | 0          |   0.0 |  0.00
Neigh   | 0          | 0          | 0          |   0.0 |  0.00
Comm    | 0          | 0          | 0          |   0.0 |  0.00
Output  | 0          | 0          | 0          |   0.0 |  0.00
Modify  | 0          | 0          | 0          |   0.0 |  0.00
Other   |            | 1.722e-06  |            |       |100.00

Nlocal:             18 ave          18 max          18 min
Histogram: 1 0 0 0 0 0 0 0 0 0
Nghost:           3106 ave        3106 max        3106 min
Histogram: 1 0 0 0 0 0 0 0 0 0
Neighs:              0 ave           0 max           0 min
Histogram: 1 0 0 0 0 0 0 0 0 0
FullNghs:        13638 ave       13638 max       13638 min
Histogram: 1 0 0 0 0 0 0 0 0 0

Total # of neighbors = 13638
Ave neighs/atom = 757.66667
Neighbor list builds = 0
Dangerous builds = 0
set atom * x 0.0 y 0.0 z 0.0
Setting atom values ...
  18 settings made for x
  18 settings made for y
  18 settings made for z
change_box all     x final 0 2.544614037984409 y final 0 8.432831087842803 z final 0 8.42130710311647      xy final 1.2700000909665716 xz final -2.520014183254878 yz final -1.9709670372628434 units box
Changing box ...
  triclinic box = (0 0 0) to (2.544614 8.4328311 8.4213071) with tilt (1.2700001 -2.5200142 -1.970967)
  triclinic box = (0 0 0) to (2.544614 8.4328311 8.4213071) with tilt (1.2700001 -2.5200142 -1.970967)
  triclinic box = (0 0 0) to (2.544614 8.4328311 8.4213071) with tilt (1.2700001 -2.5200142 -1.970967)
  triclinic box = (0 0 0) to (2.544614 8.4328311 8.4213071) with tilt (1.2700001 -2.5200142 -1.970967)
  triclinic box = (0 0 0) to (2.544614 8.4328311 8.4213071) with tilt (1.2700001 -2.5200142 -1.970967)
  triclinic box = (0 0 0) to (2.544614 8.4328311 8.4213071) with tilt (1.2700001 -2.5200142 -1.970967)
echo none
run 0
Per MPI rank memory allocation (min/avg/max) = 3.934 | 3.934 | 3.934 Mbytes
    PotEng          Pxx           E_mol          E_coul    
-76.866341      22.736942      0              0            
Loop time of 1.325e-06 on 1 procs for 0 steps with 18 atoms

1207.5% CPU use with 1 MPI tasks x 1 OpenMP threads

MPI task timing breakdown:
Section |  min time  |  avg time  |  max time  |%varavg| %total
---------------------------------------------------------------
Pair    | 0          | 0          | 0          |   0.0 |  0.00
Neigh   | 0          | 0          | 0          |   0.0 |  0.00
Comm    | 0          | 0          | 0          |   0.0 |  0.00
Output  | 0          | 0          | 0          |   0.0 |  0.00
Modify  | 0          | 0          | 0          |   0.0 |  0.00
Other   |            | 1.325e-06  |            |       |100.00

Nlocal:             18 ave          18 max          18 min
Histogram: 1 0 0 0 0 0 0 0 0 0
Nghost:           3106 ave        3106 max        3106 min
Histogram: 1 0 0 0 0 0 0 0 0 0
Neighs:              0 ave           0 max           0 min
Histogram: 1 0 0 0 0 0 0 0 0 0
FullNghs:        13638 ave       13638 max       13638 min
Histogram: 1 0 0 0 0 0 0 0 0 0

Total # of neighbors = 13638
Ave neighs/atom = 757.66667
Neighbor list builds = 0
Dangerous builds = 0
set atom * x 0.0 y 0.0 z 0.0
Setting atom values ...
  18 settings made for x
  18 settings made for y
  18 settings made for z
change_box all     x final 0 2.5446039548413597 y final 0 8.43545196114706 z final 0 8.412762200169183      xy final 1.2707965668290275 xz final -2.518833418993017 yz final -1.987270226616067 units box
Changing box ...
  triclinic box = (0 0 0) to (2.544604 8.4328311 8.4213071) with tilt (1.2700001 -2.5200142 -1.970967)
  triclinic box = (0 0 0) to (2.544604 8.435452 8.4213071) with tilt (1.2700001 -2.5200142 -1.970967)
  triclinic box = (0 0 0) to (2.544604 8.435452 8.4127622) with tilt (1.2700001 -2.5200142 -1.970967)
  triclinic box = (0 0 0) to (2.544604 8.435452 8.4127622) with tilt (1.2707966 -2.5200142 -1.970967)
  triclinic box = (0 0 0) to (2.544604 8.435452 8.4127622) with tilt (1.2707966 -2.5188334 -1.970967)
  triclinic box = (0 0 0) to (2.544604 8.435452 8.4127622) with tilt (1.2707966 -2.5188334 -1.9872702)
echo none
run 0
Per MPI rank memory allocation (min/avg/max) = 3.934 | 3.934 | 3.934 Mbytes
    PotEng          Pxx           E_mol          E_coul    
-76.86638       19.921275      0              0            
Loop time of 1.931e-06 on 1 procs for 0 steps with 18 atoms

932.2% CPU use with 1 MPI tasks x 1 OpenMP threads

MPI task timing breakdown:
Section |  min time  |  avg time  |  max time  |%varavg| %total
---------------------------------------------------------------
Pair    | 0          | 0          | 0          |   0.0 |  0.00
Neigh   | 0          | 0          | 0          |   0.0 |  0.00
Comm    | 0          | 0          | 0          |   0.0 |  0.00
Output  | 0          | 0          | 0          |   0.0 |  0.00
Modify  | 0          | 0          | 0          |   0.0 |  0.00
Other   |            | 1.931e-06  |            |       |100.00

Nlocal:             18 ave          18 max          18 min
Histogram: 1 0 0 0 0 0 0 0 0 0
Nghost:           3106 ave        3106 max        3106 min
Histogram: 1 0 0 0 0 0 0 0 0 0
Neighs:              0 ave           0 max           0 min
Histogram: 1 0 0 0 0 0 0 0 0 0
FullNghs:        13640 ave       13640 max       13640 min
Histogram: 1 0 0 0 0 0 0 0 0 0

Total # of neighbors = 13640
Ave neighs/atom = 757.77778
Neighbor list builds = 0
Dangerous builds = 0
set atom * x 0.0 y 0.0 z 0.0
Setting atom values ...
  18 settings made for x
  18 settings made for y
  18 settings made for z
change_box all     x final 0 2.5446039548413606 y final 0 8.43545196114706 z final 0 8.412762200169187      xy final 1.2707965668290278 xz final -2.5188334189930175 yz final -1.9872702266160684 units box
Changing box ...
  triclinic box = (0 0 0) to (2.544604 8.435452 8.4127622) with tilt (1.2707966 -2.5188334 -1.9872702)
  triclinic box = (0 0 0) to (2.544604 8.435452 8.4127622) with tilt (1.2707966 -2.5188334 -1.9872702)
  triclinic box = (0 0 0) to (2.544604 8.435452 8.4127622) with tilt (1.2707966 -2.5188334 -1.9872702)
  triclinic box = (0 0 0) to (2.544604 8.435452 8.4127622) with tilt (1.2707966 -2.5188334 -1.9872702)
  triclinic box = (0 0 0) to (2.544604 8.435452 8.4127622) with tilt (1.2707966 -2.5188334 -1.9872702)
  triclinic box = (0 0 0) to (2.544604 8.435452 8.4127622) with tilt (1.2707966 -2.5188334 -1.9872702)
echo none
run 0
Per MPI rank memory allocation (min/avg/max) = 3.934 | 3.934 | 3.934 Mbytes
    PotEng          Pxx           E_mol          E_coul    
-76.86638       19.921275      0              0            
Loop time of 6.574e-06 on 1 procs for 0 steps with 18 atoms

304.2% CPU use with 1 MPI tasks x 1 OpenMP threads

MPI task timing breakdown:
Section |  min time  |  avg time  |  max time  |%varavg| %total
---------------------------------------------------------------
Pair    | 0          | 0          | 0          |   0.0 |  0.00
Neigh   | 0          | 0          | 0          |   0.0 |  0.00
Comm    | 0          | 0          | 0          |   0.0 |  0.00
Output  | 0          | 0          | 0          |   0.0 |  0.00
Modify  | 0          | 0          | 0          |   0.0 |  0.00
Other   |            | 6.574e-06  |            |       |100.00

Nlocal:             18 ave          18 max          18 min
Histogram: 1 0 0 0 0 0 0 0 0 0
Nghost:           3106 ave        3106 max        3106 min
Histogram: 1 0 0 0 0 0 0 0 0 0
Neighs:              0 ave           0 max           0 min
Histogram: 1 0 0 0 0 0 0 0 0 0
FullNghs:        13640 ave       13640 max       13640 min
Histogram: 1 0 0 0 0 0 0 0 0 0

Total # of neighbors = 13640
Ave neighs/atom = 757.77778
Neighbor list builds = 0
Dangerous builds = 0
set atom * x 0.0 y 0.0 z 0.0
Setting atom values ...
  18 settings made for x
  18 settings made for y
  18 settings made for z
change_box all     x final 0 2.544579958277528 y final 0 8.43812958960606 z final 0 8.409860314784073      xy final 1.2717403863336942 xz final -2.522153439088318 yz final -1.991327671971715 units box
Changing box ...
  triclinic box = (0 0 0) to (2.54458 8.435452 8.4127622) with tilt (1.2707966 -2.5188334 -1.9872702)
  triclinic box = (0 0 0) to (2.54458 8.4381296 8.4127622) with tilt (1.2707966 -2.5188334 -1.9872702)
  triclinic box = (0 0 0) to (2.54458 8.4381296 8.4098603) with tilt (1.2707966 -2.5188334 -1.9872702)
  triclinic box = (0 0 0) to (2.54458 8.4381296 8.4098603) with tilt (1.2717404 -2.5188334 -1.9872702)
  triclinic box = (0 0 0) to (2.54458 8.4381296 8.4098603) with tilt (1.2717404 -2.5221534 -1.9872702)
  triclinic box = (0 0 0) to (2.54458 8.4381296 8.4098603) with tilt (1.2717404 -2.5221534 -1.9913277)
echo none
run 0
Per MPI rank memory allocation (min/avg/max) = 3.934 | 3.934 | 3.934 Mbytes
    PotEng          Pxx           E_mol          E_coul    
-76.866394      37.104874      0              0            
Loop time of 2.067e-06 on 1 procs for 0 steps with 18 atoms

822.4% CPU use with 1 MPI tasks x 1 OpenMP threads

MPI task timing breakdown:
Section |  min time  |  avg time  |  max time  |%varavg| %total
---------------------------------------------------------------
Pair    | 0          | 0          | 0          |   0.0 |  0.00
Neigh   | 0          | 0          | 0          |   0.0 |  0.00
Comm    | 0          | 0          | 0          |   0.0 |  0.00
Output  | 0          | 0          | 0          |   0.0 |  0.00
Modify  | 0          | 0          | 0          |   0.0 |  0.00
Other   |            | 2.067e-06  |            |       |100.00

Nlocal:             18 ave          18 max          18 min
Histogram: 1 0 0 0 0 0 0 0 0 0
Nghost:           3106 ave        3106 max        3106 min
Histogram: 1 0 0 0 0 0 0 0 0 0
Neighs:              0 ave           0 max           0 min
Histogram: 1 0 0 0 0 0 0 0 0 0
FullNghs:        13636 ave       13636 max       13636 min
Histogram: 1 0 0 0 0 0 0 0 0 0

Total # of neighbors = 13636
Ave neighs/atom = 757.55556
Neighbor list builds = 0
Dangerous builds = 0
set atom * x 0.0 y 0.0 z 0.0
Setting atom values ...
  18 settings made for x
  18 settings made for y
  18 settings made for z
change_box all     x final 0 2.5445799582775286 y final 0 8.438129589606056 z final 0 8.409860314784073      xy final 1.2717403863336936 xz final -2.5221534390883185 yz final -1.991327671971714 units box
Changing box ...
  triclinic box = (0 0 0) to (2.54458 8.4381296 8.4098603) with tilt (1.2717404 -2.5221534 -1.9913277)
  triclinic box = (0 0 0) to (2.54458 8.4381296 8.4098603) with tilt (1.2717404 -2.5221534 -1.9913277)
  triclinic box = (0 0 0) to (2.54458 8.4381296 8.4098603) with tilt (1.2717404 -2.5221534 -1.9913277)
  triclinic box = (0 0 0) to (2.54458 8.4381296 8.4098603) with tilt (1.2717404 -2.5221534 -1.9913277)
  triclinic box = (0 0 0) to (2.54458 8.4381296 8.4098603) with tilt (1.2717404 -2.5221534 -1.9913277)
  triclinic box = (0 0 0) to (2.54458 8.4381296 8.4098603) with tilt (1.2717404 -2.5221534 -1.9913277)
echo none
run 0
Per MPI rank memory allocation (min/avg/max) = 3.934 | 3.934 | 3.934 Mbytes
    PotEng          Pxx           E_mol          E_coul    
-76.866394      37.104874      0              0            
Loop time of 1.469e-06 on 1 procs for 0 steps with 18 atoms

340.4% CPU use with 1 MPI tasks x 1 OpenMP threads

MPI task timing breakdown:
Section |  min time  |  avg time  |  max time  |%varavg| %total
---------------------------------------------------------------
Pair    | 0          | 0          | 0          |   0.0 |  0.00
Neigh   | 0          | 0          | 0          |   0.0 |  0.00
Comm    | 0          | 0          | 0          |   0.0 |  0.00
Output  | 0          | 0          | 0          |   0.0 |  0.00
Modify  | 0          | 0          | 0          |   0.0 |  0.00
Other   |            | 1.469e-06  |            |       |100.00

Nlocal:             18 ave          18 max          18 min
Histogram: 1 0 0 0 0 0 0 0 0 0
Nghost:           3106 ave        3106 max        3106 min
Histogram: 1 0 0 0 0 0 0 0 0 0
Neighs:              0 ave           0 max           0 min
Histogram: 1 0 0 0 0 0 0 0 0 0
FullNghs:        13636 ave       13636 max       13636 min
Histogram: 1 0 0 0 0 0 0 0 0 0

Total # of neighbors = 13636
Ave neighs/atom = 757.55556
Neighbor list builds = 0
Dangerous builds = 0
set atom * x 0.0 y 0.0 z 0.0
Setting atom values ...
  18 settings made for x
  18 settings made for y
  18 settings made for z
change_box all     x final 0 2.544589644541916 y final 0 8.438343207070924 z final 0 8.408253728749637      xy final 1.2668989914700535 xz final -2.520861907040791 yz final -1.9883261150473743 units box
Changing box ...
  triclinic box = (0 0 0) to (2.5445896 8.4381296 8.4098603) with tilt (1.2717404 -2.5221534 -1.9913277)
  triclinic box = (0 0 0) to (2.5445896 8.4383432 8.4098603) with tilt (1.2717404 -2.5221534 -1.9913277)
  triclinic box = (0 0 0) to (2.5445896 8.4383432 8.4082537) with tilt (1.2717404 -2.5221534 -1.9913277)
  triclinic box = (0 0 0) to (2.5445896 8.4383432 8.4082537) with tilt (1.266899 -2.5221534 -1.9913277)
  triclinic box = (0 0 0) to (2.5445896 8.4383432 8.4082537) with tilt (1.266899 -2.5208619 -1.9913277)
  triclinic box = (0 0 0) to (2.5445896 8.4383432 8.4082537) with tilt (1.266899 -2.5208619 -1.9883261)
echo none
run 0
Per MPI rank memory allocation (min/avg/max) = 3.934 | 3.934 | 3.934 Mbytes
    PotEng          Pxx           E_mol          E_coul    
-76.866404      16.23064       0              0            
Loop time of 1.379e-06 on 1 procs for 0 steps with 18 atoms

870.2% CPU use with 1 MPI tasks x 1 OpenMP threads

MPI task timing breakdown:
Section |  min time  |  avg time  |  max time  |%varavg| %total
---------------------------------------------------------------
Pair    | 0          | 0          | 0          |   0.0 |  0.00
Neigh   | 0          | 0          | 0          |   0.0 |  0.00
Comm    | 0          | 0          | 0          |   0.0 |  0.00
Output  | 0          | 0          | 0          |   0.0 |  0.00
Modify  | 0          | 0          | 0          |   0.0 |  0.00
Other   |            | 1.379e-06  |            |       |100.00

Nlocal:             18 ave          18 max          18 min
Histogram: 1 0 0 0 0 0 0 0 0 0
Nghost:           3106 ave        3106 max        3106 min
Histogram: 1 0 0 0 0 0 0 0 0 0
Neighs:              0 ave           0 max           0 min
Histogram: 1 0 0 0 0 0 0 0 0 0
FullNghs:        13636 ave       13636 max       13636 min
Histogram: 1 0 0 0 0 0 0 0 0 0

Total # of neighbors = 13636
Ave neighs/atom = 757.55556
Neighbor list builds = 0
Dangerous builds = 0
set atom * x 0.0 y 0.0 z 0.0
Setting atom values ...
  18 settings made for x
  18 settings made for y
  18 settings made for z
change_box all     x final 0 2.5445996497458503 y final 0 8.43855650985704 z final 0 8.406645952948244      xy final 1.2620548958143325 xz final -2.519571461916842 yz final -1.9853238990161686 units box
Changing box ...
  triclinic box = (0 0 0) to (2.5445996 8.4383432 8.4082537) with tilt (1.266899 -2.5208619 -1.9883261)
  triclinic box = (0 0 0) to (2.5445996 8.4385565 8.4082537) with tilt (1.266899 -2.5208619 -1.9883261)
  triclinic box = (0 0 0) to (2.5445996 8.4385565 8.406646) with tilt (1.266899 -2.5208619 -1.9883261)
  triclinic box = (0 0 0) to (2.5445996 8.4385565 8.406646) with tilt (1.2620549 -2.5208619 -1.9883261)
  triclinic box = (0 0 0) to (2.5445996 8.4385565 8.406646) with tilt (1.2620549 -2.5195715 -1.9883261)
  triclinic box = (0 0 0) to (2.5445996 8.4385565 8.406646) with tilt (1.2620549 -2.5195715 -1.9853239)
echo none
run 0
Per MPI rank memory allocation (min/avg/max) = 3.934 | 3.934 | 3.934 Mbytes
    PotEng          Pxx           E_mol          E_coul    
-76.866407     -4.8907817      0              0            
Loop time of 1.302e-06 on 1 procs for 0 steps with 18 atoms

1075.3% CPU use with 1 MPI tasks x 1 OpenMP threads

MPI task timing breakdown:
Section |  min time  |  avg time  |  max time  |%varavg| %total
---------------------------------------------------------------
Pair    | 0          | 0          | 0          |   0.0 |  0.00
Neigh   | 0          | 0          | 0          |   0.0 |  0.00
Comm    | 0          | 0          | 0          |   0.0 |  0.00
Output  | 0          | 0          | 0          |   0.0 |  0.00
Modify  | 0          | 0          | 0          |   0.0 |  0.00
Other   |            | 1.302e-06  |            |       |100.00

Nlocal:             18 ave          18 max          18 min
Histogram: 1 0 0 0 0 0 0 0 0 0
Nghost:           3106 ave        3106 max        3106 min
Histogram: 1 0 0 0 0 0 0 0 0 0
Neighs:              0 ave           0 max           0 min
Histogram: 1 0 0 0 0 0 0 0 0 0
FullNghs:        13636 ave       13636 max       13636 min
Histogram: 1 0 0 0 0 0 0 0 0 0

Total # of neighbors = 13636
Ave neighs/atom = 757.55556
Neighbor list builds = 0
Dangerous builds = 0
set atom * x 0.0 y 0.0 z 0.0
Setting atom values ...
  18 settings made for x
  18 settings made for y
  18 settings made for z
change_box all     x final 0 2.5445996497458534 y final 0 8.438556509857031 z final 0 8.406645952948246      xy final 1.2620548958143338 xz final -2.5195714619168452 yz final -1.985323899016169 units box
Changing box ...
  triclinic box = (0 0 0) to (2.5445996 8.4385565 8.406646) with tilt (1.2620549 -2.5195715 -1.9853239)
  triclinic box = (0 0 0) to (2.5445996 8.4385565 8.406646) with tilt (1.2620549 -2.5195715 -1.9853239)
  triclinic box = (0 0 0) to (2.5445996 8.4385565 8.406646) with tilt (1.2620549 -2.5195715 -1.9853239)
  triclinic box = (0 0 0) to (2.5445996 8.4385565 8.406646) with tilt (1.2620549 -2.5195715 -1.9853239)
  triclinic box = (0 0 0) to (2.5445996 8.4385565 8.406646) with tilt (1.2620549 -2.5195715 -1.9853239)
  triclinic box = (0 0 0) to (2.5445996 8.4385565 8.406646) with tilt (1.2620549 -2.5195715 -1.9853239)
echo none
run 0
Per MPI rank memory allocation (min/avg/max) = 3.934 | 3.934 | 3.934 Mbytes
    PotEng          Pxx           E_mol          E_coul    
-76.866407     -4.8907817      0              0            
Loop time of 1.36e-06 on 1 procs for 0 steps with 18 atoms

1102.9% CPU use with 1 MPI tasks x 1 OpenMP threads

MPI task timing breakdown:
Section |  min time  |  avg time  |  max time  |%varavg| %total
---------------------------------------------------------------
Pair    | 0          | 0          | 0          |   0.0 |  0.00
Neigh   | 0          | 0          | 0          |   0.0 |  0.00
Comm    | 0          | 0          | 0          |   0.0 |  0.00
Output  | 0          | 0          | 0          |   0.0 |  0.00
Modify  | 0          | 0          | 0          |   0.0 |  0.00
Other   |            | 1.36e-06   |            |       |100.00

Nlocal:             18 ave          18 max          18 min
Histogram: 1 0 0 0 0 0 0 0 0 0
Nghost:           3106 ave        3106 max        3106 min
Histogram: 1 0 0 0 0 0 0 0 0 0
Neighs:              0 ave           0 max           0 min
Histogram: 1 0 0 0 0 0 0 0 0 0
FullNghs:        13636 ave       13636 max       13636 min
Histogram: 1 0 0 0 0 0 0 0 0 0

Total # of neighbors = 13636
Ave neighs/atom = 757.55556
Neighbor list builds = 0
Dangerous builds = 0
set atom * x 0.0 y 0.0 z 0.0
Setting atom values ...
  18 settings made for x
  18 settings made for y
  18 settings made for z
change_box all     x final 0 2.5446003577624774 y final 0 8.43792384954718 z final 0 8.40739287778092      xy final 1.2602142258741382 xz final -2.520749819490028 yz final -1.9855336285765448 units box
Changing box ...
  triclinic box = (0 0 0) to (2.5446004 8.4385565 8.406646) with tilt (1.2620549 -2.5195715 -1.9853239)
  triclinic box = (0 0 0) to (2.5446004 8.4379238 8.406646) with tilt (1.2620549 -2.5195715 -1.9853239)
  triclinic box = (0 0 0) to (2.5446004 8.4379238 8.4073929) with tilt (1.2620549 -2.5195715 -1.9853239)
  triclinic box = (0 0 0) to (2.5446004 8.4379238 8.4073929) with tilt (1.2602142 -2.5195715 -1.9853239)
  triclinic box = (0 0 0) to (2.5446004 8.4379238 8.4073929) with tilt (1.2602142 -2.5207498 -1.9853239)
  triclinic box = (0 0 0) to (2.5446004 8.4379238 8.4073929) with tilt (1.2602142 -2.5207498 -1.9855336)
echo none
run 0
Per MPI rank memory allocation (min/avg/max) = 3.934 | 3.934 | 3.934 Mbytes
    PotEng          Pxx           E_mol          E_coul    
-76.866418     -3.8807358      0              0            
Loop time of 1.439e-06 on 1 procs for 0 steps with 18 atoms

903.4% CPU use with 1 MPI tasks x 1 OpenMP threads

MPI task timing breakdown:
Section |  min time  |  avg time  |  max time  |%varavg| %total
---------------------------------------------------------------
Pair    | 0          | 0          | 0          |   0.0 |  0.00
Neigh   | 0          | 0          | 0          |   0.0 |  0.00
Comm    | 0          | 0          | 0          |   0.0 |  0.00
Output  | 0          | 0          | 0          |   0.0 |  0.00
Modify  | 0          | 0          | 0          |   0.0 |  0.00
Other   |            | 1.439e-06  |            |       |100.00

Nlocal:             18 ave          18 max          18 min
Histogram: 1 0 0 0 0 0 0 0 0 0
Nghost:           3106 ave        3106 max        3106 min
Histogram: 1 0 0 0 0 0 0 0 0 0
Neighs:              0 ave           0 max           0 min
Histogram: 1 0 0 0 0 0 0 0 0 0
FullNghs:        13636 ave       13636 max       13636 min
Histogram: 1 0 0 0 0 0 0 0 0 0

Total # of neighbors = 13636
Ave neighs/atom = 757.55556
Neighbor list builds = 0
Dangerous builds = 0
set atom * x 0.0 y 0.0 z 0.0
Setting atom values ...
  18 settings made for x
  18 settings made for y
  18 settings made for z
change_box all     x final 0 2.5446032761502995 y final 0 8.4358237828433 z final 0 8.409871057418544      xy final 1.254108376307436 xz final -2.5246624580110657 yz final -1.986231654426644 units box
Changing box ...
  triclinic box = (0 0 0) to (2.5446033 8.4379238 8.4073929) with tilt (1.2602142 -2.5207498 -1.9855336)
  triclinic box = (0 0 0) to (2.5446033 8.4358238 8.4073929) with tilt (1.2602142 -2.5207498 -1.9855336)
  triclinic box = (0 0 0) to (2.5446033 8.4358238 8.4098711) with tilt (1.2602142 -2.5207498 -1.9855336)
  triclinic box = (0 0 0) to (2.5446033 8.4358238 8.4098711) with tilt (1.2541084 -2.5207498 -1.9855336)
  triclinic box = (0 0 0) to (2.5446033 8.4358238 8.4098711) with tilt (1.2541084 -2.5246625 -1.9855336)
  triclinic box = (0 0 0) to (2.5446033 8.4358238 8.4098711) with tilt (1.2541084 -2.5246625 -1.9862317)
echo none
run 0
Per MPI rank memory allocation (min/avg/max) = 3.934 | 3.934 | 3.934 Mbytes
    PotEng          Pxx           E_mol          E_coul    
-76.866433     -0.90619693     0              0            
Loop time of 1.389e-06 on 1 procs for 0 steps with 18 atoms

1151.9% CPU use with 1 MPI tasks x 1 OpenMP threads

MPI task timing breakdown:
Section |  min time  |  avg time  |  max time  |%varavg| %total
---------------------------------------------------------------
Pair    | 0          | 0          | 0          |   0.0 |  0.00
Neigh   | 0          | 0          | 0          |   0.0 |  0.00
Comm    | 0          | 0          | 0          |   0.0 |  0.00
Output  | 0          | 0          | 0          |   0.0 |  0.00
Modify  | 0          | 0          | 0          |   0.0 |  0.00
Other   |            | 1.389e-06  |            |       |100.00

Nlocal:             18 ave          18 max          18 min
Histogram: 1 0 0 0 0 0 0 0 0 0
Nghost:           3106 ave        3106 max        3106 min
Histogram: 1 0 0 0 0 0 0 0 0 0
Neighs:              0 ave           0 max           0 min
Histogram: 1 0 0 0 0 0 0 0 0 0
FullNghs:        13632 ave       13632 max       13632 min
Histogram: 1 0 0 0 0 0 0 0 0 0

Total # of neighbors = 13632
Ave neighs/atom = 757.33333
Neighbor list builds = 0
Dangerous builds = 0
set atom * x 0.0 y 0.0 z 0.0
Setting atom values ...
  18 settings made for x
  18 settings made for y
  18 settings made for z
change_box all     x final 0 2.5446032761502995 y final 0 8.435823782843293 z final 0 8.409871057418544      xy final 1.254108376307435 xz final -2.5246624580110644 yz final -1.9862316544266445 units box
Changing box ...
  triclinic box = (0 0 0) to (2.5446033 8.4358238 8.4098711) with tilt (1.2541084 -2.5246625 -1.9862317)
  triclinic box = (0 0 0) to (2.5446033 8.4358238 8.4098711) with tilt (1.2541084 -2.5246625 -1.9862317)
  triclinic box = (0 0 0) to (2.5446033 8.4358238 8.4098711) with tilt (1.2541084 -2.5246625 -1.9862317)
  triclinic box = (0 0 0) to (2.5446033 8.4358238 8.4098711) with tilt (1.2541084 -2.5246625 -1.9862317)
  triclinic box = (0 0 0) to (2.5446033 8.4358238 8.4098711) with tilt (1.2541084 -2.5246625 -1.9862317)
  triclinic box = (0 0 0) to (2.5446033 8.4358238 8.4098711) with tilt (1.2541084 -2.5246625 -1.9862317)
echo none
run 0
Per MPI rank memory allocation (min/avg/max) = 3.934 | 3.934 | 3.934 Mbytes
    PotEng          Pxx           E_mol          E_coul    
-76.866433     -0.90619694     0              0            
Loop time of 1.509e-06 on 1 procs for 0 steps with 18 atoms

662.7% CPU use with 1 MPI tasks x 1 OpenMP threads

MPI task timing breakdown:
Section |  min time  |  avg time  |  max time  |%varavg| %total
---------------------------------------------------------------
Pair    | 0          | 0          | 0          |   0.0 |  0.00
Neigh   | 0          | 0          | 0          |   0.0 |  0.00
Comm    | 0          | 0          | 0          |   0.0 |  0.00
Output  | 0          | 0          | 0          |   0.0 |  0.00
Modify  | 0          | 0          | 0          |   0.0 |  0.00
Other   |            | 1.509e-06  |            |       |100.00

Nlocal:             18 ave          18 max          18 min
Histogram: 1 0 0 0 0 0 0 0 0 0
Nghost:           3106 ave        3106 max        3106 min
Histogram: 1 0 0 0 0 0 0 0 0 0
Neighs:              0 ave           0 max           0 min
Histogram: 1 0 0 0 0 0 0 0 0 0
FullNghs:        13632 ave       13632 max       13632 min
Histogram: 1 0 0 0 0 0 0 0 0 0

Total # of neighbors = 13632
Ave neighs/atom = 757.33333
Neighbor list builds = 0
Dangerous builds = 0
set atom * x 0.0 y 0.0 z 0.0
Setting atom values ...
  18 settings made for x
  18 settings made for y
  18 settings made for z
change_box all     x final 0 2.544656190453587 y final 0 8.436082931172958 z final 0 8.408760020104737      xy final 1.2514362767251803 xz final -2.519825682194051 yz final -1.9896619021505044 units box
Changing box ...
  triclinic box = (0 0 0) to (2.5446562 8.4358238 8.4098711) with tilt (1.2541084 -2.5246625 -1.9862317)
  triclinic box = (0 0 0) to (2.5446562 8.4360829 8.4098711) with tilt (1.2541084 -2.5246625 -1.9862317)
  triclinic box = (0 0 0) to (2.5446562 8.4360829 8.40876) with tilt (1.2541084 -2.5246625 -1.9862317)
  triclinic box = (0 0 0) to (2.5446562 8.4360829 8.40876) with tilt (1.2514363 -2.5246625 -1.9862317)
  triclinic box = (0 0 0) to (2.5446562 8.4360829 8.40876) with tilt (1.2514363 -2.5198257 -1.9862317)
  triclinic box = (0 0 0) to (2.5446562 8.4360829 8.40876) with tilt (1.2514363 -2.5198257 -1.9896619)
echo none
run 0
Per MPI rank memory allocation (min/avg/max) = 3.934 | 3.934 | 3.934 Mbytes
    PotEng          Pxx           E_mol          E_coul    
-76.866457     -66.564832      0              0            
Loop time of 4.708e-06 on 1 procs for 0 steps with 18 atoms

998.3% CPU use with 1 MPI tasks x 1 OpenMP threads

MPI task timing breakdown:
Section |  min time  |  avg time  |  max time  |%varavg| %total
---------------------------------------------------------------
Pair    | 0          | 0          | 0          |   0.0 |  0.00
Neigh   | 0          | 0          | 0          |   0.0 |  0.00
Comm    | 0          | 0          | 0          |   0.0 |  0.00
Output  | 0          | 0          | 0          |   0.0 |  0.00
Modify  | 0          | 0          | 0          |   0.0 |  0.00
Other   |            | 4.708e-06  |            |       |100.00

Nlocal:             18 ave          18 max          18 min
Histogram: 1 0 0 0 0 0 0 0 0 0
Nghost:           3106 ave        3106 max        3106 min
Histogram: 1 0 0 0 0 0 0 0 0 0
Neighs:              0 ave           0 max           0 min
Histogram: 1 0 0 0 0 0 0 0 0 0
FullNghs:        13632 ave       13632 max       13632 min
Histogram: 1 0 0 0 0 0 0 0 0 0

Total # of neighbors = 13632
Ave neighs/atom = 757.33333
Neighbor list builds = 0
Dangerous builds = 0
set atom * x 0.0 y 0.0 z 0.0
Setting atom values ...
  18 settings made for x
  18 settings made for y
  18 settings made for z
change_box all     x final 0 2.5448258799430685 y final 0 8.436904124220293 z final 0 8.405241623847454      xy final 1.2429884973049128 xz final -2.5045559143286495 yz final -2.0004783670795367 units box
Changing box ...
  triclinic box = (0 0 0) to (2.5448259 8.4360829 8.40876) with tilt (1.2514363 -2.5198257 -1.9896619)
  triclinic box = (0 0 0) to (2.5448259 8.4369041 8.40876) with tilt (1.2514363 -2.5198257 -1.9896619)
  triclinic box = (0 0 0) to (2.5448259 8.4369041 8.4052416) with tilt (1.2514363 -2.5198257 -1.9896619)
  triclinic box = (0 0 0) to (2.5448259 8.4369041 8.4052416) with tilt (1.2429885 -2.5198257 -1.9896619)
  triclinic box = (0 0 0) to (2.5448259 8.4369041 8.4052416) with tilt (1.2429885 -2.5045559 -1.9896619)
  triclinic box = (0 0 0) to (2.5448259 8.4369041 8.4052416) with tilt (1.2429885 -2.5045559 -2.0004784)
echo none
run 0
Per MPI rank memory allocation (min/avg/max) = 3.934 | 3.934 | 3.934 Mbytes
    PotEng          Pxx           E_mol          E_coul    
-76.86649      -277.02001      0              0            
Loop time of 1.626e-06 on 1 procs for 0 steps with 18 atoms

1045.5% CPU use with 1 MPI tasks x 1 OpenMP threads

MPI task timing breakdown:
Section |  min time  |  avg time  |  max time  |%varavg| %total
---------------------------------------------------------------
Pair    | 0          | 0          | 0          |   0.0 |  0.00
Neigh   | 0          | 0          | 0          |   0.0 |  0.00
Comm    | 0          | 0          | 0          |   0.0 |  0.00
Output  | 0          | 0          | 0          |   0.0 |  0.00
Modify  | 0          | 0          | 0          |   0.0 |  0.00
Other   |            | 1.626e-06  |            |       |100.00

Nlocal:             18 ave          18 max          18 min
Histogram: 1 0 0 0 0 0 0 0 0 0
Nghost:           3106 ave        3106 max        3106 min
Histogram: 1 0 0 0 0 0 0 0 0 0
Neighs:              0 ave           0 max           0 min
Histogram: 1 0 0 0 0 0 0 0 0 0
FullNghs:        13628 ave       13628 max       13628 min
Histogram: 1 0 0 0 0 0 0 0 0 0

Total # of neighbors = 13628
Ave neighs/atom = 757.11111
Neighbor list builds = 0
Dangerous builds = 0
set atom * x 0.0 y 0.0 z 0.0
Setting atom values ...
  18 settings made for x
  18 settings made for y
  18 settings made for z
change_box all     x final 0 2.5448258799430676 y final 0 8.436904124220284 z final 0 8.405241623847456      xy final 1.242988497304912 xz final -2.5045559143286473 yz final -2.0004783670795376 units box
Changing box ...
  triclinic box = (0 0 0) to (2.5448259 8.4369041 8.4052416) with tilt (1.2429885 -2.5045559 -2.0004784)
  triclinic box = (0 0 0) to (2.5448259 8.4369041 8.4052416) with tilt (1.2429885 -2.5045559 -2.0004784)
  triclinic box = (0 0 0) to (2.5448259 8.4369041 8.4052416) with tilt (1.2429885 -2.5045559 -2.0004784)
  triclinic box = (0 0 0) to (2.5448259 8.4369041 8.4052416) with tilt (1.2429885 -2.5045559 -2.0004784)
  triclinic box = (0 0 0) to (2.5448259 8.4369041 8.4052416) with tilt (1.2429885 -2.5045559 -2.0004784)
  triclinic box = (0 0 0) to (2.5448259 8.4369041 8.4052416) with tilt (1.2429885 -2.5045559 -2.0004784)
echo none
run 0
Per MPI rank memory allocation (min/avg/max) = 3.934 | 3.934 | 3.934 Mbytes
    PotEng          Pxx           E_mol          E_coul    
-76.86649      -277.02001      0              0            
Loop time of 1.352e-06 on 1 procs for 0 steps with 18 atoms

665.7% CPU use with 1 MPI tasks x 1 OpenMP threads

MPI task timing breakdown:
Section |  min time  |  avg time  |  max time  |%varavg| %total
---------------------------------------------------------------
Pair    | 0          | 0          | 0          |   0.0 |  0.00
Neigh   | 0          | 0          | 0          |   0.0 |  0.00
Comm    | 0          | 0          | 0          |   0.0 |  0.00
Output  | 0          | 0          | 0          |   0.0 |  0.00
Modify  | 0          | 0          | 0          |   0.0 |  0.00
Other   |            | 1.352e-06  |            |       |100.00

Nlocal:             18 ave          18 max          18 min
Histogram: 1 0 0 0 0 0 0 0 0 0
Nghost:           3106 ave        3106 max        3106 min
Histogram: 1 0 0 0 0 0 0 0 0 0
Neighs:              0 ave           0 max           0 min
Histogram: 1 0 0 0 0 0 0 0 0 0
FullNghs:        13628 ave       13628 max       13628 min
Histogram: 1 0 0 0 0 0 0 0 0 0

Total # of neighbors = 13628
Ave neighs/atom = 757.11111
Neighbor list builds = 0
Dangerous builds = 0
set atom * x 0.0 y 0.0 z 0.0
Setting atom values ...
  18 settings made for x
  18 settings made for y
  18 settings made for z
change_box all     x final 0 2.544843027419398 y final 0 8.438222803989616 z final 0 8.40068998853221      xy final 1.240596378623738 xz final -2.508843907732725 yz final -2.0164158218397805 units box
Changing box ...
  triclinic box = (0 0 0) to (2.544843 8.4369041 8.4052416) with tilt (1.2429885 -2.5045559 -2.0004784)
  triclinic box = (0 0 0) to (2.544843 8.4382228 8.4052416) with tilt (1.2429885 -2.5045559 -2.0004784)
  triclinic box = (0 0 0) to (2.544843 8.4382228 8.40069) with tilt (1.2429885 -2.5045559 -2.0004784)
  triclinic box = (0 0 0) to (2.544843 8.4382228 8.40069) with tilt (1.2405964 -2.5045559 -2.0004784)
  triclinic box = (0 0 0) to (2.544843 8.4382228 8.40069) with tilt (1.2405964 -2.5088439 -2.0004784)
  triclinic box = (0 0 0) to (2.544843 8.4382228 8.40069) with tilt (1.2405964 -2.5088439 -2.0164158)
echo none
run 0
Per MPI rank memory allocation (min/avg/max) = 3.934 | 3.934 | 3.934 Mbytes
    PotEng          Pxx           E_mol          E_coul    
-76.866571     -277.84841      0              0            
Loop time of 1.187e-06 on 1 procs for 0 steps with 18 atoms

1095.2% CPU use with 1 MPI tasks x 1 OpenMP threads

MPI task timing breakdown:
Section |  min time  |  avg time  |  max time  |%varavg| %total
---------------------------------------------------------------
Pair    | 0          | 0          | 0          |   0.0 |  0.00
Neigh   | 0          | 0          | 0          |   0.0 |  0.00
Comm    | 0          | 0          | 0          |   0.0 |  0.00
Output  | 0          | 0          | 0          |   0.0 |  0.00
Modify  | 0          | 0          | 0          |   0.0 |  0.00
Other   |            | 1.187e-06  |            |       |100.00

Nlocal:             18 ave          18 max          18 min
Histogram: 1 0 0 0 0 0 0 0 0 0
Nghost:           3106 ave        3106 max        3106 min
Histogram: 1 0 0 0 0 0 0 0 0 0
Neighs:              0 ave           0 max           0 min
Histogram: 1 0 0 0 0 0 0 0 0 0
FullNghs:        13626 ave       13626 max       13626 min
Histogram: 1 0 0 0 0 0 0 0 0 0

Total # of neighbors = 13626
Ave neighs/atom = 757
Neighbor list builds = 0
Dangerous builds = 0
set atom * x 0.0 y 0.0 z 0.0
Setting atom values ...
  18 settings made for x
  18 settings made for y
  18 settings made for z
change_box all     x final 0 2.5449154968199057 y final 0 8.443662633327316 z final 0 8.38233343982285      xy final 1.2311080963525072 xz final -2.5259377665450207 yz final -2.080030565866276 units box
Changing box ...
  triclinic box = (0 0 0) to (2.5449155 8.4382228 8.40069) with tilt (1.2405964 -2.5088439 -2.0164158)
  triclinic box = (0 0 0) to (2.5449155 8.4436626 8.40069) with tilt (1.2405964 -2.5088439 -2.0164158)
  triclinic box = (0 0 0) to (2.5449155 8.4436626 8.3823334) with tilt (1.2405964 -2.5088439 -2.0164158)
  triclinic box = (0 0 0) to (2.5449155 8.4436626 8.3823334) with tilt (1.2311081 -2.5088439 -2.0164158)
  triclinic box = (0 0 0) to (2.5449155 8.4436626 8.3823334) with tilt (1.2311081 -2.5259378 -2.0164158)
  triclinic box = (0 0 0) to (2.5449155 8.4436626 8.3823334) with tilt (1.2311081 -2.5259378 -2.0800306)
echo none
run 0
Per MPI rank memory allocation (min/avg/max) = 3.934 | 3.934 | 3.934 Mbytes
    PotEng          Pxx           E_mol          E_coul    
-76.866832     -282.83864      0              0            
Loop time of 1.515e-06 on 1 procs for 0 steps with 18 atoms

726.1% CPU use with 1 MPI tasks x 1 OpenMP threads

MPI task timing breakdown:
Section |  min time  |  avg time  |  max time  |%varavg| %total
---------------------------------------------------------------
Pair    | 0          | 0          | 0          |   0.0 |  0.00
Neigh   | 0          | 0          | 0          |   0.0 |  0.00
Comm    | 0          | 0          | 0          |   0.0 |  0.00
Output  | 0          | 0          | 0          |   0.0 |  0.00
Modify  | 0          | 0          | 0          |   0.0 |  0.00
Other   |            | 1.515e-06  |            |       |100.00

Nlocal:             18 ave          18 max          18 min
Histogram: 1 0 0 0 0 0 0 0 0 0
Nghost:           3106 ave        3106 max        3106 min
Histogram: 1 0 0 0 0 0 0 0 0 0
Neighs:              0 ave           0 max           0 min
Histogram: 1 0 0 0 0 0 0 0 0 0
FullNghs:        13636 ave       13636 max       13636 min
Histogram: 1 0 0 0 0 0 0 0 0 0

Total # of neighbors = 13636
Ave neighs/atom = 757.55556
Neighbor list builds = 0
Dangerous builds = 0
set atom * x 0.0 y 0.0 z 0.0
Setting atom values ...
  18 settings made for x
  18 settings made for y
  18 settings made for z
change_box all     x final 0 2.545156427457202 y final 0 8.46065678750184 z final 0 8.328580549464617      xy final 1.2046952862374356 xz final -2.5742791675725325 yz final -2.2606087699704305 units box
Changing box ...
  triclinic box = (0 0 0) to (2.5451564 8.4436626 8.3823334) with tilt (1.2311081 -2.5259378 -2.0800306)
  triclinic box = (0 0 0) to (2.5451564 8.4606568 8.3823334) with tilt (1.2311081 -2.5259378 -2.0800306)
  triclinic box = (0 0 0) to (2.5451564 8.4606568 8.3285805) with tilt (1.2311081 -2.5259378 -2.0800306)
  triclinic box = (0 0 0) to (2.5451564 8.4606568 8.3285805) with tilt (1.2046953 -2.5259378 -2.0800306)
  triclinic box = (0 0 0) to (2.5451564 8.4606568 8.3285805) with tilt (1.2046953 -2.5742792 -2.0800306)
  triclinic box = (0 0 0) to (2.5451564 8.4606568 8.3285805) with tilt (1.2046953 -2.5742792 -2.2606088)
echo none
run 0
Per MPI rank memory allocation (min/avg/max) = 3.934 | 3.934 | 3.934 Mbytes
    PotEng          Pxx           E_mol          E_coul    
-76.867026     -312.36617      0              0            
Loop time of 1.225e-06 on 1 procs for 0 steps with 18 atoms

1061.2% CPU use with 1 MPI tasks x 1 OpenMP threads

MPI task timing breakdown:
Section |  min time  |  avg time  |  max time  |%varavg| %total
---------------------------------------------------------------
Pair    | 0          | 0          | 0          |   0.0 |  0.00
Neigh   | 0          | 0          | 0          |   0.0 |  0.00
Comm    | 0          | 0          | 0          |   0.0 |  0.00
Output  | 0          | 0          | 0          |   0.0 |  0.00
Modify  | 0          | 0          | 0          |   0.0 |  0.00
Other   |            | 1.225e-06  |            |       |100.00

Nlocal:             18 ave          18 max          18 min
Histogram: 1 0 0 0 0 0 0 0 0 0
Nghost:           3106 ave        3106 max        3106 min
Histogram: 1 0 0 0 0 0 0 0 0 0
Neighs:              0 ave           0 max           0 min
Histogram: 1 0 0 0 0 0 0 0 0 0
FullNghs:        13766 ave       13766 max       13766 min
Histogram: 1 0 0 0 0 0 0 0 0 0

Total # of neighbors = 13766
Ave neighs/atom = 764.77778
Neighbor list builds = 0
Dangerous builds = 0
set atom * x 0.0 y 0.0 z 0.0
Setting atom values ...
  18 settings made for x
  18 settings made for y
  18 settings made for z
change_box all     x final 0 2.545156427457202 y final 0 8.46065678750184 z final 0 8.328580549464618      xy final 1.2046952862374356 xz final -2.574279167572532 yz final -2.26060876997043 units box
Changing box ...
  triclinic box = (0 0 0) to (2.5451564 8.4606568 8.3285805) with tilt (1.2046953 -2.5742792 -2.2606088)
  triclinic box = (0 0 0) to (2.5451564 8.4606568 8.3285805) with tilt (1.2046953 -2.5742792 -2.2606088)
  triclinic box = (0 0 0) to (2.5451564 8.4606568 8.3285805) with tilt (1.2046953 -2.5742792 -2.2606088)
  triclinic box = (0 0 0) to (2.5451564 8.4606568 8.3285805) with tilt (1.2046953 -2.5742792 -2.2606088)
  triclinic box = (0 0 0) to (2.5451564 8.4606568 8.3285805) with tilt (1.2046953 -2.5742792 -2.2606088)
  triclinic box = (0 0 0) to (2.5451564 8.4606568 8.3285805) with tilt (1.2046953 -2.5742792 -2.2606088)
echo none
run 0
Per MPI rank memory allocation (min/avg/max) = 3.934 | 3.934 | 3.934 Mbytes
    PotEng          Pxx           E_mol          E_coul    
-76.867026     -312.36617      0              0            
Loop time of 1.515e-06 on 1 procs for 0 steps with 18 atoms

660.1% CPU use with 1 MPI tasks x 1 OpenMP threads

MPI task timing breakdown:
Section |  min time  |  avg time  |  max time  |%varavg| %total
---------------------------------------------------------------
Pair    | 0          | 0          | 0          |   0.0 |  0.00
Neigh   | 0          | 0          | 0          |   0.0 |  0.00
Comm    | 0          | 0          | 0          |   0.0 |  0.00
Output  | 0          | 0          | 0          |   0.0 |  0.00
Modify  | 0          | 0          | 0          |   0.0 |  0.00
Other   |            | 1.515e-06  |            |       |100.00

Nlocal:             18 ave          18 max          18 min
Histogram: 1 0 0 0 0 0 0 0 0 0
Nghost:           3106 ave        3106 max        3106 min
Histogram: 1 0 0 0 0 0 0 0 0 0
Neighs:              0 ave           0 max           0 min
Histogram: 1 0 0 0 0 0 0 0 0 0
FullNghs:        13766 ave       13766 max       13766 min
Histogram: 1 0 0 0 0 0 0 0 0 0

Total # of neighbors = 13766
Ave neighs/atom = 764.77778
Neighbor list builds = 0
Dangerous builds = 0
set atom * x 0.0 y 0.0 z 0.0
Setting atom values ...
  18 settings made for x
  18 settings made for y
  18 settings made for z
change_box all     x final 0 2.5450073748468083 y final 0 8.481586372532295 z final 0 8.297396018872146      xy final 1.2182776557982662 xz final -2.5618270076016385 yz final -2.367790106744424 units box
Changing box ...
  triclinic box = (0 0 0) to (2.5450074 8.4606568 8.3285805) with tilt (1.2046953 -2.5742792 -2.2606088)
  triclinic box = (0 0 0) to (2.5450074 8.4815864 8.3285805) with tilt (1.2046953 -2.5742792 -2.2606088)
  triclinic box = (0 0 0) to (2.5450074 8.4815864 8.297396) with tilt (1.2046953 -2.5742792 -2.2606088)
  triclinic box = (0 0 0) to (2.5450074 8.4815864 8.297396) with tilt (1.2182777 -2.5742792 -2.2606088)
  triclinic box = (0 0 0) to (2.5450074 8.4815864 8.297396) with tilt (1.2182777 -2.561827 -2.2606088)
  triclinic box = (0 0 0) to (2.5450074 8.4815864 8.297396) with tilt (1.2182777 -2.561827 -2.3677901)
echo none
run 0
Per MPI rank memory allocation (min/avg/max) = 3.934 | 3.934 | 3.934 Mbytes
    PotEng          Pxx           E_mol          E_coul    
-76.867793     -241.64019      0              0            
Loop time of 1.434e-06 on 1 procs for 0 steps with 18 atoms

906.6% CPU use with 1 MPI tasks x 1 OpenMP threads

MPI task timing breakdown:
Section |  min time  |  avg time  |  max time  |%varavg| %total
---------------------------------------------------------------
Pair    | 0          | 0          | 0          |   0.0 |  0.00
Neigh   | 0          | 0          | 0          |   0.0 |  0.00
Comm    | 0          | 0          | 0          |   0.0 |  0.00
Output  | 0          | 0          | 0          |   0.0 |  0.00
Modify  | 0          | 0          | 0          |   0.0 |  0.00
Other   |            | 1.434e-06  |            |       |100.00

Nlocal:             18 ave          18 max          18 min
Histogram: 1 0 0 0 0 0 0 0 0 0
Nghost:           3150 ave        3150 max        3150 min
Histogram: 1 0 0 0 0 0 0 0 0 0
Neighs:              0 ave           0 max           0 min
Histogram: 1 0 0 0 0 0 0 0 0 0
FullNghs:        13834 ave       13834 max       13834 min
Histogram: 1 0 0 0 0 0 0 0 0 0

Total # of neighbors = 13834
Ave neighs/atom = 768.55556
Neighbor list builds = 0
Dangerous builds = 0
set atom * x 0.0 y 0.0 z 0.0
Setting atom values ...
  18 settings made for x
  18 settings made for y
  18 settings made for z
change_box all     x final 0 2.5446046117607506 y final 0 8.547877307800835 z final 0 8.201869133167236      xy final 1.257458783351652 xz final -2.526195339492212 yz final -2.680420219300091 units box
Changing box ...
  triclinic box = (0 0 0) to (2.5446046 8.4815864 8.297396) with tilt (1.2182777 -2.561827 -2.3677901)
  triclinic box = (0 0 0) to (2.5446046 8.5478773 8.297396) with tilt (1.2182777 -2.561827 -2.3677901)
  triclinic box = (0 0 0) to (2.5446046 8.5478773 8.2018691) with tilt (1.2182777 -2.561827 -2.3677901)
  triclinic box = (0 0 0) to (2.5446046 8.5478773 8.2018691) with tilt (1.2574588 -2.561827 -2.3677901)
  triclinic box = (0 0 0) to (2.5446046 8.5478773 8.2018691) with tilt (1.2574588 -2.5261953 -2.3677901)
  triclinic box = (0 0 0) to (2.5446046 8.5478773 8.2018691) with tilt (1.2574588 -2.5261953 -2.6804202)
echo none
run 0
Per MPI rank memory allocation (min/avg/max) = 3.934 | 3.934 | 3.934 Mbytes
    PotEng          Pxx           E_mol          E_coul    
-76.868414     -269.28471      0              0            
Loop time of 1.289e-06 on 1 procs for 0 steps with 18 atoms

853.4% CPU use with 1 MPI tasks x 1 OpenMP threads

MPI task timing breakdown:
Section |  min time  |  avg time  |  max time  |%varavg| %total
---------------------------------------------------------------
Pair    | 0          | 0          | 0          |   0.0 |  0.00
Neigh   | 0          | 0          | 0          |   0.0 |  0.00
Comm    | 0          | 0          | 0          |   0.0 |  0.00
Output  | 0          | 0          | 0          |   0.0 |  0.00
Modify  | 0          | 0          | 0          |   0.0 |  0.00
Other   |            | 1.289e-06  |            |       |100.00

Nlocal:             18 ave          18 max          18 min
Histogram: 1 0 0 0 0 0 0 0 0 0
Nghost:           3150 ave        3150 max        3150 min
Histogram: 1 0 0 0 0 0 0 0 0 0
Neighs:              0 ave           0 max           0 min
Histogram: 1 0 0 0 0 0 0 0 0 0
FullNghs:        13926 ave       13926 max       13926 min
Histogram: 1 0 0 0 0 0 0 0 0 0

Total # of neighbors = 13926
Ave neighs/atom = 773.66667
Neighbor list builds = 0
Dangerous builds = 0
set atom * x 0.0 y 0.0 z 0.0
Setting atom values ...
  18 settings made for x
  18 settings made for y
  18 settings made for z
change_box all     x final 0 2.544604611760753 y final 0 8.547877307800833 z final 0 8.201869133167238      xy final 1.257458783351653 xz final -2.526195339492216 yz final -2.68042021930009 units box
Changing box ...
  triclinic box = (0 0 0) to (2.5446046 8.5478773 8.2018691) with tilt (1.2574588 -2.5261953 -2.6804202)
  triclinic box = (0 0 0) to (2.5446046 8.5478773 8.2018691) with tilt (1.2574588 -2.5261953 -2.6804202)
  triclinic box = (0 0 0) to (2.5446046 8.5478773 8.2018691) with tilt (1.2574588 -2.5261953 -2.6804202)
  triclinic box = (0 0 0) to (2.5446046 8.5478773 8.2018691) with tilt (1.2574588 -2.5261953 -2.6804202)
  triclinic box = (0 0 0) to (2.5446046 8.5478773 8.2018691) with tilt (1.2574588 -2.5261953 -2.6804202)
  triclinic box = (0 0 0) to (2.5446046 8.5478773 8.2018691) with tilt (1.2574588 -2.5261953 -2.6804202)
echo none
run 0
Per MPI rank memory allocation (min/avg/max) = 3.934 | 3.934 | 3.934 Mbytes
    PotEng          Pxx           E_mol          E_coul    
-76.868414     -269.28471      0              0            
Loop time of 1.421e-06 on 1 procs for 0 steps with 18 atoms

774.1% CPU use with 1 MPI tasks x 1 OpenMP threads

MPI task timing breakdown:
Section |  min time  |  avg time  |  max time  |%varavg| %total
---------------------------------------------------------------
Pair    | 0          | 0          | 0          |   0.0 |  0.00
Neigh   | 0          | 0          | 0          |   0.0 |  0.00
Comm    | 0          | 0          | 0          |   0.0 |  0.00
Output  | 0          | 0          | 0          |   0.0 |  0.00
Modify  | 0          | 0          | 0          |   0.0 |  0.00
Other   |            | 1.421e-06  |            |       |100.00

Nlocal:             18 ave          18 max          18 min
Histogram: 1 0 0 0 0 0 0 0 0 0
Nghost:           3150 ave        3150 max        3150 min
Histogram: 1 0 0 0 0 0 0 0 0 0
Neighs:              0 ave           0 max           0 min
Histogram: 1 0 0 0 0 0 0 0 0 0
FullNghs:        13926 ave       13926 max       13926 min
Histogram: 1 0 0 0 0 0 0 0 0 0

Total # of neighbors = 13926
Ave neighs/atom = 773.66667
Neighbor list builds = 0
Dangerous builds = 0
set atom * x 0.0 y 0.0 z 0.0
Setting atom values ...
  18 settings made for x
  18 settings made for y
  18 settings made for z
change_box all     x final 0 2.5445163386202925 y final 0 8.548328095583031 z final 0 8.172218734718419      xy final 1.248469218222973 xz final -2.518444889800086 yz final -2.7459991516253646 units box
Changing box ...
  triclinic box = (0 0 0) to (2.5445163 8.5478773 8.2018691) with tilt (1.2574588 -2.5261953 -2.6804202)
  triclinic box = (0 0 0) to (2.5445163 8.5483281 8.2018691) with tilt (1.2574588 -2.5261953 -2.6804202)
  triclinic box = (0 0 0) to (2.5445163 8.5483281 8.1722187) with tilt (1.2574588 -2.5261953 -2.6804202)
  triclinic box = (0 0 0) to (2.5445163 8.5483281 8.1722187) with tilt (1.2484692 -2.5261953 -2.6804202)
  triclinic box = (0 0 0) to (2.5445163 8.5483281 8.1722187) with tilt (1.2484692 -2.5184449 -2.6804202)
  triclinic box = (0 0 0) to (2.5445163 8.5483281 8.1722187) with tilt (1.2484692 -2.5184449 -2.7459992)
echo none
run 0
Per MPI rank memory allocation (min/avg/max) = 3.934 | 3.934 | 3.934 Mbytes
    PotEng          Pxx           E_mol          E_coul    
-76.870344      150.83441      0              0            
Loop time of 1.411e-06 on 1 procs for 0 steps with 18 atoms

992.2% CPU use with 1 MPI tasks x 1 OpenMP threads

MPI task timing breakdown:
Section |  min time  |  avg time  |  max time  |%varavg| %total
---------------------------------------------------------------
Pair    | 0          | 0          | 0          |   0.0 |  0.00
Neigh   | 0          | 0          | 0          |   0.0 |  0.00
Comm    | 0          | 0          | 0          |   0.0 |  0.00
Output  | 0          | 0          | 0          |   0.0 |  0.00
Modify  | 0          | 0          | 0          |   0.0 |  0.00
Other   |            | 1.411e-06  |            |       |100.00

Nlocal:             18 ave          18 max          18 min
Histogram: 1 0 0 0 0 0 0 0 0 0
Nghost:           3150 ave        3150 max        3150 min
Histogram: 1 0 0 0 0 0 0 0 0 0
Neighs:              0 ave           0 max           0 min
Histogram: 1 0 0 0 0 0 0 0 0 0
FullNghs:        13978 ave       13978 max       13978 min
Histogram: 1 0 0 0 0 0 0 0 0 0

Total # of neighbors = 13978
Ave neighs/atom = 776.55556
Neighbor list builds = 0
Dangerous builds = 0
set atom * x 0.0 y 0.0 z 0.0
Setting atom values ...
  18 settings made for x
  18 settings made for y
  18 settings made for z
change_box all     x final 0 2.544320191803552 y final 0 8.550527599572206 z final 0 8.103384373035377      xy final 1.227626666660717 xz final -2.50052232004296 yz final -2.8950749071971877 units box
Changing box ...
  triclinic box = (0 0 0) to (2.5443202 8.5483281 8.1722187) with tilt (1.2484692 -2.5184449 -2.7459992)
  triclinic box = (0 0 0) to (2.5443202 8.5505276 8.1722187) with tilt (1.2484692 -2.5184449 -2.7459992)
  triclinic box = (0 0 0) to (2.5443202 8.5505276 8.1033844) with tilt (1.2484692 -2.5184449 -2.7459992)
  triclinic box = (0 0 0) to (2.5443202 8.5505276 8.1033844) with tilt (1.2276267 -2.5184449 -2.7459992)
  triclinic box = (0 0 0) to (2.5443202 8.5505276 8.1033844) with tilt (1.2276267 -2.5005223 -2.7459992)
  triclinic box = (0 0 0) to (2.5443202 8.5505276 8.1033844) with tilt (1.2276267 -2.5005223 -2.8950749)
echo none
run 0
Per MPI rank memory allocation (min/avg/max) = 3.926 | 3.926 | 3.926 Mbytes
    PotEng          Pxx           E_mol          E_coul    
-76.871959      1160.1005      0              0            
Loop time of 1.324e-06 on 1 procs for 0 steps with 18 atoms

830.8% CPU use with 1 MPI tasks x 1 OpenMP threads

MPI task timing breakdown:
Section |  min time  |  avg time  |  max time  |%varavg| %total
---------------------------------------------------------------
Pair    | 0          | 0          | 0          |   0.0 |  0.00
Neigh   | 0          | 0          | 0          |   0.0 |  0.00
Comm    | 0          | 0          | 0          |   0.0 |  0.00
Output  | 0          | 0          | 0          |   0.0 |  0.00
Modify  | 0          | 0          | 0          |   0.0 |  0.00
Other   |            | 1.324e-06  |            |       |100.00

Nlocal:             18 ave          18 max          18 min
Histogram: 1 0 0 0 0 0 0 0 0 0
Nghost:           3150 ave        3150 max        3150 min
Histogram: 1 0 0 0 0 0 0 0 0 0
Neighs:              0 ave           0 max           0 min
Histogram: 1 0 0 0 0 0 0 0 0 0
FullNghs:        14072 ave       14072 max       14072 min
Histogram: 1 0 0 0 0 0 0 0 0 0

Total # of neighbors = 14072
Ave neighs/atom = 781.77778
Neighbor list builds = 0
Dangerous builds = 0
set atom * x 0.0 y 0.0 z 0.0
Setting atom values ...
  18 settings made for x
  18 settings made for y
  18 settings made for z
change_box all     x final 0 2.544320191803553 y final 0 8.550527599572202 z final 0 8.103384373035379      xy final 1.2276266666607154 xz final -2.5005223200429603 yz final -2.8950749071971877 units box
Changing box ...
  triclinic box = (0 0 0) to (2.5443202 8.5505276 8.1033844) with tilt (1.2276267 -2.5005223 -2.8950749)
  triclinic box = (0 0 0) to (2.5443202 8.5505276 8.1033844) with tilt (1.2276267 -2.5005223 -2.8950749)
  triclinic box = (0 0 0) to (2.5443202 8.5505276 8.1033844) with tilt (1.2276267 -2.5005223 -2.8950749)
  triclinic box = (0 0 0) to (2.5443202 8.5505276 8.1033844) with tilt (1.2276267 -2.5005223 -2.8950749)
  triclinic box = (0 0 0) to (2.5443202 8.5505276 8.1033844) with tilt (1.2276267 -2.5005223 -2.8950749)
  triclinic box = (0 0 0) to (2.5443202 8.5505276 8.1033844) with tilt (1.2276267 -2.5005223 -2.8950749)
echo none
run 0
Per MPI rank memory allocation (min/avg/max) = 3.926 | 3.926 | 3.926 Mbytes
    PotEng          Pxx           E_mol          E_coul    
-76.871959      1160.1005      0              0            
Loop time of 1.88e-06 on 1 procs for 0 steps with 18 atoms

744.7% CPU use with 1 MPI tasks x 1 OpenMP threads

MPI task timing breakdown:
Section |  min time  |  avg time  |  max time  |%varavg| %total
---------------------------------------------------------------
Pair    | 0          | 0          | 0          |   0.0 |  0.00
Neigh   | 0          | 0          | 0          |   0.0 |  0.00
Comm    | 0          | 0          | 0          |   0.0 |  0.00
Output  | 0          | 0          | 0          |   0.0 |  0.00
Modify  | 0          | 0          | 0          |   0.0 |  0.00
Other   |            | 1.88e-06   |            |       |100.00

Nlocal:             18 ave          18 max          18 min
Histogram: 1 0 0 0 0 0 0 0 0 0
Nghost:           3150 ave        3150 max        3150 min
Histogram: 1 0 0 0 0 0 0 0 0 0
Neighs:              0 ave           0 max           0 min
Histogram: 1 0 0 0 0 0 0 0 0 0
FullNghs:        14072 ave       14072 max       14072 min
Histogram: 1 0 0 0 0 0 0 0 0 0

Total # of neighbors = 14072
Ave neighs/atom = 781.77778
Neighbor list builds = 0
Dangerous builds = 0
set atom * x 0.0 y 0.0 z 0.0
Setting atom values ...
  18 settings made for x
  18 settings made for y
  18 settings made for z
change_box all     x final 0 2.5441946970126397 y final 0 8.626979695374215 z final 0 7.895666674497915      xy final 1.2602791216449354 xz final -2.5382708207568485 yz final -3.4434039272902006 units box
Changing box ...
  triclinic box = (0 0 0) to (2.5441947 8.5505276 8.1033844) with tilt (1.2276267 -2.5005223 -2.8950749)
  triclinic box = (0 0 0) to (2.5441947 8.6269797 8.1033844) with tilt (1.2276267 -2.5005223 -2.8950749)
  triclinic box = (0 0 0) to (2.5441947 8.6269797 7.8956667) with tilt (1.2276267 -2.5005223 -2.8950749)
  triclinic box = (0 0 0) to (2.5441947 8.6269797 7.8956667) with tilt (1.2602791 -2.5005223 -2.8950749)
  triclinic box = (0 0 0) to (2.5441947 8.6269797 7.8956667) with tilt (1.2602791 -2.5382708 -2.8950749)
  triclinic box = (0 0 0) to (2.5441947 8.6269797 7.8956667) with tilt (1.2602791 -2.5382708 -3.4434039)
echo none
run 0
Per MPI rank memory allocation (min/avg/max) = 3.935 | 3.935 | 3.935 Mbytes
    PotEng          Pxx           E_mol          E_coul    
-76.872482      1121.7538      0              0            
Loop time of 2.877e-06 on 1 procs for 0 steps with 18 atoms

1320.8% CPU use with 1 MPI tasks x 1 OpenMP threads

MPI task timing breakdown:
Section |  min time  |  avg time  |  max time  |%varavg| %total
---------------------------------------------------------------
Pair    | 0          | 0          | 0          |   0.0 |  0.00
Neigh   | 0          | 0          | 0          |   0.0 |  0.00
Comm    | 0          | 0          | 0          |   0.0 |  0.00
Output  | 0          | 0          | 0          |   0.0 |  0.00
Modify  | 0          | 0          | 0          |   0.0 |  0.00
Other   |            | 2.877e-06  |            |       |100.00

Nlocal:             18 ave          18 max          18 min
Histogram: 1 0 0 0 0 0 0 0 0 0
Nghost:           3282 ave        3282 max        3282 min
Histogram: 1 0 0 0 0 0 0 0 0 0
Neighs:              0 ave           0 max           0 min
Histogram: 1 0 0 0 0 0 0 0 0 0
FullNghs:        14240 ave       14240 max       14240 min
Histogram: 1 0 0 0 0 0 0 0 0 0

Total # of neighbors = 14240
Ave neighs/atom = 791.11111
Neighbor list builds = 0
Dangerous builds = 0
set atom * x 0.0 y 0.0 z 0.0
Setting atom values ...
  18 settings made for x
  18 settings made for y
  18 settings made for z
change_box all     x final 0 2.544270054033454 y final 0 8.577340835615257 z final 0 8.025289894092756      xy final 1.239951590515389 xz final -2.514865557279796 yz final -3.1082249052728685 units box
Changing box ...
  triclinic box = (0 0 0) to (2.5442701 8.6269797 7.8956667) with tilt (1.2602791 -2.5382708 -3.4434039)
  triclinic box = (0 0 0) to (2.5442701 8.5773408 7.8956667) with tilt (1.2602791 -2.5382708 -3.4434039)
  triclinic box = (0 0 0) to (2.5442701 8.5773408 8.0252899) with tilt (1.2602791 -2.5382708 -3.4434039)
  triclinic box = (0 0 0) to (2.5442701 8.5773408 8.0252899) with tilt (1.2399516 -2.5382708 -3.4434039)
  triclinic box = (0 0 0) to (2.5442701 8.5773408 8.0252899) with tilt (1.2399516 -2.5148656 -3.4434039)
  triclinic box = (0 0 0) to (2.5442701 8.5773408 8.0252899) with tilt (1.2399516 -2.5148656 -3.1082249)
echo none
run 0
Per MPI rank memory allocation (min/avg/max) = 3.927 | 3.927 | 3.927 Mbytes
    PotEng          Pxx           E_mol          E_coul    
-76.873469      1181.4109      0              0            
Loop time of 1.608e-06 on 1 procs for 0 steps with 18 atoms

808.5% CPU use with 1 MPI tasks x 1 OpenMP threads

MPI task timing breakdown:
Section |  min time  |  avg time  |  max time  |%varavg| %total
---------------------------------------------------------------
Pair    | 0          | 0          | 0          |   0.0 |  0.00
Neigh   | 0          | 0          | 0          |   0.0 |  0.00
Comm    | 0          | 0          | 0          |   0.0 |  0.00
Output  | 0          | 0          | 0          |   0.0 |  0.00
Modify  | 0          | 0          | 0          |   0.0 |  0.00
Other   |            | 1.608e-06  |            |       |100.00

Nlocal:             18 ave          18 max          18 min
Histogram: 1 0 0 0 0 0 0 0 0 0
Nghost:           3194 ave        3194 max        3194 min
Histogram: 1 0 0 0 0 0 0 0 0 0
Neighs:              0 ave           0 max           0 min
Histogram: 1 0 0 0 0 0 0 0 0 0
FullNghs:        14126 ave       14126 max       14126 min
Histogram: 1 0 0 0 0 0 0 0 0 0

Total # of neighbors = 14126
Ave neighs/atom = 784.77778
Neighbor list builds = 0
Dangerous builds = 0
set atom * x 0.0 y 0.0 z 0.0
Setting atom values ...
  18 settings made for x
  18 settings made for y
  18 settings made for z
change_box all     x final 0 2.5442405573462272 y final 0 8.595326678783918 z final 0 7.976437937157968      xy final 1.247625889169508 xz final -2.5237376431506653 yz final -3.237094155450717 units box
Changing box ...
  triclinic box = (0 0 0) to (2.5442406 8.5773408 8.0252899) with tilt (1.2399516 -2.5148656 -3.1082249)
  triclinic box = (0 0 0) to (2.5442406 8.5953267 8.0252899) with tilt (1.2399516 -2.5148656 -3.1082249)
  triclinic box = (0 0 0) to (2.5442406 8.5953267 7.9764379) with tilt (1.2399516 -2.5148656 -3.1082249)
  triclinic box = (0 0 0) to (2.5442406 8.5953267 7.9764379) with tilt (1.2476259 -2.5148656 -3.1082249)
  triclinic box = (0 0 0) to (2.5442406 8.5953267 7.9764379) with tilt (1.2476259 -2.5237376 -3.1082249)
  triclinic box = (0 0 0) to (2.5442406 8.5953267 7.9764379) with tilt (1.2476259 -2.5237376 -3.2370942)
echo none
run 0
Per MPI rank memory allocation (min/avg/max) = 3.935 | 3.935 | 3.935 Mbytes
    PotEng          Pxx           E_mol          E_coul    
-76.873809      1169.0447      0              0            
Loop time of 1.58e-06 on 1 procs for 0 steps with 18 atoms

443.0% CPU use with 1 MPI tasks x 1 OpenMP threads

MPI task timing breakdown:
Section |  min time  |  avg time  |  max time  |%varavg| %total
---------------------------------------------------------------
Pair    | 0          | 0          | 0          |   0.0 |  0.00
Neigh   | 0          | 0          | 0          |   0.0 |  0.00
Comm    | 0          | 0          | 0          |   0.0 |  0.00
Output  | 0          | 0          | 0          |   0.0 |  0.00
Modify  | 0          | 0          | 0          |   0.0 |  0.00
Other   |            | 1.58e-06   |            |       |100.00

Nlocal:             18 ave          18 max          18 min
Histogram: 1 0 0 0 0 0 0 0 0 0
Nghost:           3238 ave        3238 max        3238 min
Histogram: 1 0 0 0 0 0 0 0 0 0
Neighs:              0 ave           0 max           0 min
Histogram: 1 0 0 0 0 0 0 0 0 0
FullNghs:        14184 ave       14184 max       14184 min
Histogram: 1 0 0 0 0 0 0 0 0 0

Total # of neighbors = 14184
Ave neighs/atom = 788
Neighbor list builds = 0
Dangerous builds = 0
set atom * x 0.0 y 0.0 z 0.0
Setting atom values ...
  18 settings made for x
  18 settings made for y
  18 settings made for z
change_box all     x final 0 2.544240557346226 y final 0 8.595326678783922 z final 0 7.976437937157966      xy final 1.2476258891695078 xz final -2.523737643150662 yz final -3.2370941554507184 units box
Changing box ...
  triclinic box = (0 0 0) to (2.5442406 8.5953267 7.9764379) with tilt (1.2476259 -2.5237376 -3.2370942)
  triclinic box = (0 0 0) to (2.5442406 8.5953267 7.9764379) with tilt (1.2476259 -2.5237376 -3.2370942)
  triclinic box = (0 0 0) to (2.5442406 8.5953267 7.9764379) with tilt (1.2476259 -2.5237376 -3.2370942)
  triclinic box = (0 0 0) to (2.5442406 8.5953267 7.9764379) with tilt (1.2476259 -2.5237376 -3.2370942)
  triclinic box = (0 0 0) to (2.5442406 8.5953267 7.9764379) with tilt (1.2476259 -2.5237376 -3.2370942)
  triclinic box = (0 0 0) to (2.5442406 8.5953267 7.9764379) with tilt (1.2476259 -2.5237376 -3.2370942)
echo none
run 0
Per MPI rank memory allocation (min/avg/max) = 3.935 | 3.935 | 3.935 Mbytes
    PotEng          Pxx           E_mol          E_coul    
-76.873809      1169.0447      0              0            
Loop time of 1.414e-06 on 1 procs for 0 steps with 18 atoms

848.7% CPU use with 1 MPI tasks x 1 OpenMP threads

MPI task timing breakdown:
Section |  min time  |  avg time  |  max time  |%varavg| %total
---------------------------------------------------------------
Pair    | 0          | 0          | 0          |   0.0 |  0.00
Neigh   | 0          | 0          | 0          |   0.0 |  0.00
Comm    | 0          | 0          | 0          |   0.0 |  0.00
Output  | 0          | 0          | 0          |   0.0 |  0.00
Modify  | 0          | 0          | 0          |   0.0 |  0.00
Other   |            | 1.414e-06  |            |       |100.00

Nlocal:             18 ave          18 max          18 min
Histogram: 1 0 0 0 0 0 0 0 0 0
Nghost:           3238 ave        3238 max        3238 min
Histogram: 1 0 0 0 0 0 0 0 0 0
Neighs:              0 ave           0 max           0 min
Histogram: 1 0 0 0 0 0 0 0 0 0
FullNghs:        14184 ave       14184 max       14184 min
Histogram: 1 0 0 0 0 0 0 0 0 0

Total # of neighbors = 14184
Ave neighs/atom = 788
Neighbor list builds = 0
Dangerous builds = 0
set atom * x 0.0 y 0.0 z 0.0
Setting atom values ...
  18 settings made for x
  18 settings made for y
  18 settings made for z
change_box all     x final 0 2.543611457103673 y final 0 8.582474583955433 z final 0 7.907137255975515      xy final 1.3903713631287495 xz final -2.646146132553341 yz final -3.419188432615568 units box
Changing box ...
  triclinic box = (0 0 0) to (2.5436115 8.5953267 7.9764379) with tilt (1.2476259 -2.5237376 -3.2370942)
  triclinic box = (0 0 0) to (2.5436115 8.5824746 7.9764379) with tilt (1.2476259 -2.5237376 -3.2370942)
  triclinic box = (0 0 0) to (2.5436115 8.5824746 7.9071373) with tilt (1.2476259 -2.5237376 -3.2370942)
  triclinic box = (0 0 0) to (2.5436115 8.5824746 7.9071373) with tilt (1.3903714 -2.5237376 -3.2370942)
  triclinic box = (0 0 0) to (2.5436115 8.5824746 7.9071373) with tilt (1.3903714 -2.6461461 -3.2370942)
  triclinic box = (0 0 0) to (2.5436115 8.5824746 7.9071373) with tilt (1.3903714 -2.6461461 -3.4191884)
echo none
run 0
Per MPI rank memory allocation (min/avg/max) = 3.935 | 3.935 | 3.935 Mbytes
    PotEng          Pxx           E_mol          E_coul    
-76.87648       775.06947      0              0            
Loop time of 1.42e-06 on 1 procs for 0 steps with 18 atoms

845.1% CPU use with 1 MPI tasks x 1 OpenMP threads

MPI task timing breakdown:
Section |  min time  |  avg time  |  max time  |%varavg| %total
---------------------------------------------------------------
Pair    | 0          | 0          | 0          |   0.0 |  0.00
Neigh   | 0          | 0          | 0          |   0.0 |  0.00
Comm    | 0          | 0          | 0          |   0.0 |  0.00
Output  | 0          | 0          | 0          |   0.0 |  0.00
Modify  | 0          | 0          | 0          |   0.0 |  0.00
Other   |            | 1.42e-06   |            |       |100.00

Nlocal:             18 ave          18 max          18 min
Histogram: 1 0 0 0 0 0 0 0 0 0
Nghost:           3314 ave        3314 max        3314 min
Histogram: 1 0 0 0 0 0 0 0 0 0
Neighs:              0 ave           0 max           0 min
Histogram: 1 0 0 0 0 0 0 0 0 0
FullNghs:        14320 ave       14320 max       14320 min
Histogram: 1 0 0 0 0 0 0 0 0 0

Total # of neighbors = 14320
Ave neighs/atom = 795.55556
Neighbor list builds = 0
Dangerous builds = 0
set atom * x 0.0 y 0.0 z 0.0
Setting atom values ...
  18 settings made for x
  18 settings made for y
  18 settings made for z
change_box all     x final 0 2.5436114571036716 y final 0 8.58247458395543 z final 0 7.907137255975515      xy final 1.39037136312875 xz final -2.646146132553338 yz final -3.4191884326155706 units box
Changing box ...
  triclinic box = (0 0 0) to (2.5436115 8.5824746 7.9071373) with tilt (1.3903714 -2.6461461 -3.4191884)
  triclinic box = (0 0 0) to (2.5436115 8.5824746 7.9071373) with tilt (1.3903714 -2.6461461 -3.4191884)
  triclinic box = (0 0 0) to (2.5436115 8.5824746 7.9071373) with tilt (1.3903714 -2.6461461 -3.4191884)
  triclinic box = (0 0 0) to (2.5436115 8.5824746 7.9071373) with tilt (1.3903714 -2.6461461 -3.4191884)
  triclinic box = (0 0 0) to (2.5436115 8.5824746 7.9071373) with tilt (1.3903714 -2.6461461 -3.4191884)
  triclinic box = (0 0 0) to (2.5436115 8.5824746 7.9071373) with tilt (1.3903714 -2.6461461 -3.4191884)
echo none
run 0
Per MPI rank memory allocation (min/avg/max) = 3.935 | 3.935 | 3.935 Mbytes
    PotEng          Pxx           E_mol          E_coul    
-76.87648       775.06947      0              0            
Loop time of 1.395e-06 on 1 procs for 0 steps with 18 atoms

358.4% CPU use with 1 MPI tasks x 1 OpenMP threads

MPI task timing breakdown:
Section |  min time  |  avg time  |  max time  |%varavg| %total
---------------------------------------------------------------
Pair    | 0          | 0          | 0          |   0.0 |  0.00
Neigh   | 0          | 0          | 0          |   0.0 |  0.00
Comm    | 0          | 0          | 0          |   0.0 |  0.00
Output  | 0          | 0          | 0          |   0.0 |  0.00
Modify  | 0          | 0          | 0          |   0.0 |  0.00
Other   |            | 1.395e-06  |            |       |100.00

Nlocal:             18 ave          18 max          18 min
Histogram: 1 0 0 0 0 0 0 0 0 0
Nghost:           3314 ave        3314 max        3314 min
Histogram: 1 0 0 0 0 0 0 0 0 0
Neighs:              0 ave           0 max           0 min
Histogram: 1 0 0 0 0 0 0 0 0 0
FullNghs:        14320 ave       14320 max       14320 min
Histogram: 1 0 0 0 0 0 0 0 0 0

Total # of neighbors = 14320
Ave neighs/atom = 795.55556
Neighbor list builds = 0
Dangerous builds = 0
set atom * x 0.0 y 0.0 z 0.0
Setting atom values ...
  18 settings made for x
  18 settings made for y
  18 settings made for z
change_box all     x final 0 2.5438796741150185 y final 0 8.527126379170848 z final 0 7.9731620573858075      xy final 1.3805456772810578 xz final -2.6065252093702354 yz final -3.2778536877596713 units box
Changing box ...
  triclinic box = (0 0 0) to (2.5438797 8.5824746 7.9071373) with tilt (1.3903714 -2.6461461 -3.4191884)
  triclinic box = (0 0 0) to (2.5438797 8.5271264 7.9071373) with tilt (1.3903714 -2.6461461 -3.4191884)
  triclinic box = (0 0 0) to (2.5438797 8.5271264 7.9731621) with tilt (1.3903714 -2.6461461 -3.4191884)
  triclinic box = (0 0 0) to (2.5438797 8.5271264 7.9731621) with tilt (1.3805457 -2.6461461 -3.4191884)
  triclinic box = (0 0 0) to (2.5438797 8.5271264 7.9731621) with tilt (1.3805457 -2.6065252 -3.4191884)
  triclinic box = (0 0 0) to (2.5438797 8.5271264 7.9731621) with tilt (1.3805457 -2.6065252 -3.2778537)
echo none
run 0
Per MPI rank memory allocation (min/avg/max) = 3.935 | 3.935 | 3.935 Mbytes
    PotEng          Pxx           E_mol          E_coul    
-76.879431      787.64197      0              0            
Loop time of 1.393e-06 on 1 procs for 0 steps with 18 atoms

1076.8% CPU use with 1 MPI tasks x 1 OpenMP threads

MPI task timing breakdown:
Section |  min time  |  avg time  |  max time  |%varavg| %total
---------------------------------------------------------------
Pair    | 0          | 0          | 0          |   0.0 |  0.00
Neigh   | 0          | 0          | 0          |   0.0 |  0.00
Comm    | 0          | 0          | 0          |   0.0 |  0.00
Output  | 0          | 0          | 0          |   0.0 |  0.00
Modify  | 0          | 0          | 0          |   0.0 |  0.00
Other   |            | 1.393e-06  |            |       |100.00

Nlocal:             18 ave          18 max          18 min
Histogram: 1 0 0 0 0 0 0 0 0 0
Nghost:           3282 ave        3282 max        3282 min
Histogram: 1 0 0 0 0 0 0 0 0 0
Neighs:              0 ave           0 max           0 min
Histogram: 1 0 0 0 0 0 0 0 0 0
FullNghs:        14274 ave       14274 max       14274 min
Histogram: 1 0 0 0 0 0 0 0 0 0

Total # of neighbors = 14274
Ave neighs/atom = 793
Neighbor list builds = 0
Dangerous builds = 0
set atom * x 0.0 y 0.0 z 0.0
Setting atom values ...
  18 settings made for x
  18 settings made for y
  18 settings made for z
change_box all     x final 0 2.5438796741150185 y final 0 8.527126379170845 z final 0 7.973162057385809      xy final 1.380545677281059 xz final -2.6065252093702367 yz final -3.27785368775967 units box
Changing box ...
  triclinic box = (0 0 0) to (2.5438797 8.5271264 7.9731621) with tilt (1.3805457 -2.6065252 -3.2778537)
  triclinic box = (0 0 0) to (2.5438797 8.5271264 7.9731621) with tilt (1.3805457 -2.6065252 -3.2778537)
  triclinic box = (0 0 0) to (2.5438797 8.5271264 7.9731621) with tilt (1.3805457 -2.6065252 -3.2778537)
  triclinic box = (0 0 0) to (2.5438797 8.5271264 7.9731621) with tilt (1.3805457 -2.6065252 -3.2778537)
  triclinic box = (0 0 0) to (2.5438797 8.5271264 7.9731621) with tilt (1.3805457 -2.6065252 -3.2778537)
  triclinic box = (0 0 0) to (2.5438797 8.5271264 7.9731621) with tilt (1.3805457 -2.6065252 -3.2778537)
echo none
run 0
Per MPI rank memory allocation (min/avg/max) = 3.935 | 3.935 | 3.935 Mbytes
    PotEng          Pxx           E_mol          E_coul    
-76.879431      787.64197      0              0            
Loop time of 1.885e-06 on 1 procs for 0 steps with 18 atoms

848.8% CPU use with 1 MPI tasks x 1 OpenMP threads

MPI task timing breakdown:
Section |  min time  |  avg time  |  max time  |%varavg| %total
---------------------------------------------------------------
Pair    | 0          | 0          | 0          |   0.0 |  0.00
Neigh   | 0          | 0          | 0          |   0.0 |  0.00
Comm    | 0          | 0          | 0          |   0.0 |  0.00
Output  | 0          | 0          | 0          |   0.0 |  0.00
Modify  | 0          | 0          | 0          |   0.0 |  0.00
Other   |            | 1.885e-06  |            |       |100.00

Nlocal:             18 ave          18 max          18 min
Histogram: 1 0 0 0 0 0 0 0 0 0
Nghost:           3282 ave        3282 max        3282 min
Histogram: 1 0 0 0 0 0 0 0 0 0
Neighs:              0 ave           0 max           0 min
Histogram: 1 0 0 0 0 0 0 0 0 0
FullNghs:        14274 ave       14274 max       14274 min
Histogram: 1 0 0 0 0 0 0 0 0 0

Total # of neighbors = 14274
Ave neighs/atom = 793
Neighbor list builds = 0
Dangerous builds = 0
set atom * x 0.0 y 0.0 z 0.0
Setting atom values ...
  18 settings made for x
  18 settings made for y
  18 settings made for z
change_box all     x final 0 2.544582218086525 y final 0 8.538474201327869 z final 0 7.897301310974318      xy final 1.3412480015354442 xz final -2.4522333693488263 yz final -3.466973808337125 units box
Changing box ...
  triclinic box = (0 0 0) to (2.5445822 8.5271264 7.9731621) with tilt (1.3805457 -2.6065252 -3.2778537)
  triclinic box = (0 0 0) to (2.5445822 8.5384742 7.9731621) with tilt (1.3805457 -2.6065252 -3.2778537)
  triclinic box = (0 0 0) to (2.5445822 8.5384742 7.8973013) with tilt (1.3805457 -2.6065252 -3.2778537)
  triclinic box = (0 0 0) to (2.5445822 8.5384742 7.8973013) with tilt (1.341248 -2.6065252 -3.2778537)
  triclinic box = (0 0 0) to (2.5445822 8.5384742 7.8973013) with tilt (1.341248 -2.4522334 -3.2778537)
  triclinic box = (0 0 0) to (2.5445822 8.5384742 7.8973013) with tilt (1.341248 -2.4522334 -3.4669738)
echo none
run 0
Per MPI rank memory allocation (min/avg/max) = 3.927 | 3.927 | 3.927 Mbytes
    PotEng          Pxx           E_mol          E_coul    
-76.881655      98.43098       0              0            
Loop time of 1.28e-06 on 1 procs for 0 steps with 18 atoms

781.3% CPU use with 1 MPI tasks x 1 OpenMP threads

MPI task timing breakdown:
Section |  min time  |  avg time  |  max time  |%varavg| %total
---------------------------------------------------------------
Pair    | 0          | 0          | 0          |   0.0 |  0.00
Neigh   | 0          | 0          | 0          |   0.0 |  0.00
Comm    | 0          | 0          | 0          |   0.0 |  0.00
Output  | 0          | 0          | 0          |   0.0 |  0.00
Modify  | 0          | 0          | 0          |   0.0 |  0.00
Other   |            | 1.28e-06   |            |       |100.00

Nlocal:             18 ave          18 max          18 min
Histogram: 1 0 0 0 0 0 0 0 0 0
Nghost:           3326 ave        3326 max        3326 min
Histogram: 1 0 0 0 0 0 0 0 0 0
Neighs:              0 ave           0 max           0 min
Histogram: 1 0 0 0 0 0 0 0 0 0
FullNghs:        14400 ave       14400 max       14400 min
Histogram: 1 0 0 0 0 0 0 0 0 0

Total # of neighbors = 14400
Ave neighs/atom = 800
Neighbor list builds = 0
Dangerous builds = 0
set atom * x 0.0 y 0.0 z 0.0
Setting atom values ...
  18 settings made for x
  18 settings made for y
  18 settings made for z
change_box all     x final 0 2.544582218086525 y final 0 8.538474201327865 z final 0 7.897301310974315      xy final 1.3412480015354455 xz final -2.4522333693488236 yz final -3.466973808337126 units box
Changing box ...
  triclinic box = (0 0 0) to (2.5445822 8.5384742 7.8973013) with tilt (1.341248 -2.4522334 -3.4669738)
  triclinic box = (0 0 0) to (2.5445822 8.5384742 7.8973013) with tilt (1.341248 -2.4522334 -3.4669738)
  triclinic box = (0 0 0) to (2.5445822 8.5384742 7.8973013) with tilt (1.341248 -2.4522334 -3.4669738)
  triclinic box = (0 0 0) to (2.5445822 8.5384742 7.8973013) with tilt (1.341248 -2.4522334 -3.4669738)
  triclinic box = (0 0 0) to (2.5445822 8.5384742 7.8973013) with tilt (1.341248 -2.4522334 -3.4669738)
  triclinic box = (0 0 0) to (2.5445822 8.5384742 7.8973013) with tilt (1.341248 -2.4522334 -3.4669738)
echo none
run 0
Per MPI rank memory allocation (min/avg/max) = 3.927 | 3.927 | 3.927 Mbytes
    PotEng          Pxx           E_mol          E_coul    
-76.881655      98.43098       0              0            
Loop time of 1.567e-06 on 1 procs for 0 steps with 18 atoms

638.2% CPU use with 1 MPI tasks x 1 OpenMP threads

MPI task timing breakdown:
Section |  min time  |  avg time  |  max time  |%varavg| %total
---------------------------------------------------------------
Pair    | 0          | 0          | 0          |   0.0 |  0.00
Neigh   | 0          | 0          | 0          |   0.0 |  0.00
Comm    | 0          | 0          | 0          |   0.0 |  0.00
Output  | 0          | 0          | 0          |   0.0 |  0.00
Modify  | 0          | 0          | 0          |   0.0 |  0.00
Other   |            | 1.567e-06  |            |       |100.00

Nlocal:             18 ave          18 max          18 min
Histogram: 1 0 0 0 0 0 0 0 0 0
Nghost:           3326 ave        3326 max        3326 min
Histogram: 1 0 0 0 0 0 0 0 0 0
Neighs:              0 ave           0 max           0 min
Histogram: 1 0 0 0 0 0 0 0 0 0
FullNghs:        14400 ave       14400 max       14400 min
Histogram: 1 0 0 0 0 0 0 0 0 0

Total # of neighbors = 14400
Ave neighs/atom = 800
Neighbor list builds = 0
Dangerous builds = 0
set atom * x 0.0 y 0.0 z 0.0
Setting atom values ...
  18 settings made for x
  18 settings made for y
  18 settings made for z
change_box all     x final 0 2.5449787790718847 y final 0 8.5147395837215 z final 0 7.8805229334336415      xy final 1.3809618238300674 xz final -2.4638772008945486 yz final -3.4782722200195217 units box
Changing box ...
  triclinic box = (0 0 0) to (2.5449788 8.5384742 7.8973013) with tilt (1.341248 -2.4522334 -3.4669738)
  triclinic box = (0 0 0) to (2.5449788 8.5147396 7.8973013) with tilt (1.341248 -2.4522334 -3.4669738)
  triclinic box = (0 0 0) to (2.5449788 8.5147396 7.8805229) with tilt (1.341248 -2.4522334 -3.4669738)
  triclinic box = (0 0 0) to (2.5449788 8.5147396 7.8805229) with tilt (1.3809618 -2.4522334 -3.4669738)
  triclinic box = (0 0 0) to (2.5449788 8.5147396 7.8805229) with tilt (1.3809618 -2.4638772 -3.4669738)
  triclinic box = (0 0 0) to (2.5449788 8.5147396 7.8805229) with tilt (1.3809618 -2.4638772 -3.4782722)
echo none
run 0
Per MPI rank memory allocation (min/avg/max) = 3.927 | 3.927 | 3.927 Mbytes
    PotEng          Pxx           E_mol          E_coul    
-76.88364      -294.85981      0              0            
Loop time of 1.625e-06 on 1 procs for 0 steps with 18 atoms

553.8% CPU use with 1 MPI tasks x 1 OpenMP threads

MPI task timing breakdown:
Section |  min time  |  avg time  |  max time  |%varavg| %total
---------------------------------------------------------------
Pair    | 0          | 0          | 0          |   0.0 |  0.00
Neigh   | 0          | 0          | 0          |   0.0 |  0.00
Comm    | 0          | 0          | 0          |   0.0 |  0.00
Output  | 0          | 0          | 0          |   0.0 |  0.00
Modify  | 0          | 0          | 0          |   0.0 |  0.00
Other   |            | 1.625e-06  |            |       |100.00

Nlocal:             18 ave          18 max          18 min
Histogram: 1 0 0 0 0 0 0 0 0 0
Nghost:           3326 ave        3326 max        3326 min
Histogram: 1 0 0 0 0 0 0 0 0 0
Neighs:              0 ave           0 max           0 min
Histogram: 1 0 0 0 0 0 0 0 0 0
FullNghs:        14468 ave       14468 max       14468 min
Histogram: 1 0 0 0 0 0 0 0 0 0

Total # of neighbors = 14468
Ave neighs/atom = 803.77778
Neighbor list builds = 0
Dangerous builds = 0
set atom * x 0.0 y 0.0 z 0.0
Setting atom values ...
  18 settings made for x
  18 settings made for y
  18 settings made for z
change_box all     x final 0 2.5449787790718856 y final 0 8.514739583721491 z final 0 7.880522933433641      xy final 1.3809618238300634 xz final -2.4638772008945518 yz final -3.478272220019524 units box
Changing box ...
  triclinic box = (0 0 0) to (2.5449788 8.5147396 7.8805229) with tilt (1.3809618 -2.4638772 -3.4782722)
  triclinic box = (0 0 0) to (2.5449788 8.5147396 7.8805229) with tilt (1.3809618 -2.4638772 -3.4782722)
  triclinic box = (0 0 0) to (2.5449788 8.5147396 7.8805229) with tilt (1.3809618 -2.4638772 -3.4782722)
  triclinic box = (0 0 0) to (2.5449788 8.5147396 7.8805229) with tilt (1.3809618 -2.4638772 -3.4782722)
  triclinic box = (0 0 0) to (2.5449788 8.5147396 7.8805229) with tilt (1.3809618 -2.4638772 -3.4782722)
  triclinic box = (0 0 0) to (2.5449788 8.5147396 7.8805229) with tilt (1.3809618 -2.4638772 -3.4782722)
echo none
run 0
Per MPI rank memory allocation (min/avg/max) = 3.927 | 3.927 | 3.927 Mbytes
    PotEng          Pxx           E_mol          E_coul    
-76.88364      -294.85981      0              0            
Loop time of 1.947e-06 on 1 procs for 0 steps with 18 atoms

1232.7% CPU use with 1 MPI tasks x 1 OpenMP threads

MPI task timing breakdown:
Section |  min time  |  avg time  |  max time  |%varavg| %total
---------------------------------------------------------------
Pair    | 0          | 0          | 0          |   0.0 |  0.00
Neigh   | 0          | 0          | 0          |   0.0 |  0.00
Comm    | 0          | 0          | 0          |   0.0 |  0.00
Output  | 0          | 0          | 0          |   0.0 |  0.00
Modify  | 0          | 0          | 0          |   0.0 |  0.00
Other   |            | 1.947e-06  |            |       |100.00

Nlocal:             18 ave          18 max          18 min
Histogram: 1 0 0 0 0 0 0 0 0 0
Nghost:           3326 ave        3326 max        3326 min
Histogram: 1 0 0 0 0 0 0 0 0 0
Neighs:              0 ave           0 max           0 min
Histogram: 1 0 0 0 0 0 0 0 0 0
FullNghs:        14468 ave       14468 max       14468 min
Histogram: 1 0 0 0 0 0 0 0 0 0

Total # of neighbors = 14468
Ave neighs/atom = 803.77778
Neighbor list builds = 0
Dangerous builds = 0
set atom * x 0.0 y 0.0 z 0.0
Setting atom values ...
  18 settings made for x
  18 settings made for y
  18 settings made for z
change_box all     x final 0 2.5448405208214235 y final 0 8.489971680051429 z final 0 7.807694756703337      xy final 1.3512759566155426 xz final -2.4654498296678575 yz final -3.585695048846106 units box
Changing box ...
  triclinic box = (0 0 0) to (2.5448405 8.5147396 7.8805229) with tilt (1.3809618 -2.4638772 -3.4782722)
  triclinic box = (0 0 0) to (2.5448405 8.4899717 7.8805229) with tilt (1.3809618 -2.4638772 -3.4782722)
  triclinic box = (0 0 0) to (2.5448405 8.4899717 7.8076948) with tilt (1.3809618 -2.4638772 -3.4782722)
  triclinic box = (0 0 0) to (2.5448405 8.4899717 7.8076948) with tilt (1.351276 -2.4638772 -3.4782722)
  triclinic box = (0 0 0) to (2.5448405 8.4899717 7.8076948) with tilt (1.351276 -2.4654498 -3.4782722)
  triclinic box = (0 0 0) to (2.5448405 8.4899717 7.8076948) with tilt (1.351276 -2.4654498 -3.585695)
echo none
run 0
Per MPI rank memory allocation (min/avg/max) = 3.928 | 3.928 | 3.928 Mbytes
    PotEng          Pxx           E_mol          E_coul    
-76.885325     -676.72995      0              0            
Loop time of 1.771e-06 on 1 procs for 0 steps with 18 atoms

903.4% CPU use with 1 MPI tasks x 1 OpenMP threads

MPI task timing breakdown:
Section |  min time  |  avg time  |  max time  |%varavg| %total
---------------------------------------------------------------
Pair    | 0          | 0          | 0          |   0.0 |  0.00
Neigh   | 0          | 0          | 0          |   0.0 |  0.00
Comm    | 0          | 0          | 0          |   0.0 |  0.00
Output  | 0          | 0          | 0          |   0.0 |  0.00
Modify  | 0          | 0          | 0          |   0.0 |  0.00
Other   |            | 1.771e-06  |            |       |100.00

Nlocal:             18 ave          18 max          18 min
Histogram: 1 0 0 0 0 0 0 0 0 0
Nghost:           3370 ave        3370 max        3370 min
Histogram: 1 0 0 0 0 0 0 0 0 0
Neighs:              0 ave           0 max           0 min
Histogram: 1 0 0 0 0 0 0 0 0 0
FullNghs:        14614 ave       14614 max       14614 min
Histogram: 1 0 0 0 0 0 0 0 0 0

Total # of neighbors = 14614
Ave neighs/atom = 811.88889
Neighbor list builds = 0
Dangerous builds = 0
set atom * x 0.0 y 0.0 z 0.0
Setting atom values ...
  18 settings made for x
  18 settings made for y
  18 settings made for z
change_box all     x final 0 2.5448405208214244 y final 0 8.489971680051426 z final 0 7.807694756703338      xy final 1.3512759566155395 xz final -2.465449829667858 yz final -3.585695048846108 units box
Changing box ...
  triclinic box = (0 0 0) to (2.5448405 8.4899717 7.8076948) with tilt (1.351276 -2.4654498 -3.585695)
  triclinic box = (0 0 0) to (2.5448405 8.4899717 7.8076948) with tilt (1.351276 -2.4654498 -3.585695)
  triclinic box = (0 0 0) to (2.5448405 8.4899717 7.8076948) with tilt (1.351276 -2.4654498 -3.585695)
  triclinic box = (0 0 0) to (2.5448405 8.4899717 7.8076948) with tilt (1.351276 -2.4654498 -3.585695)
  triclinic box = (0 0 0) to (2.5448405 8.4899717 7.8076948) with tilt (1.351276 -2.4654498 -3.585695)
  triclinic box = (0 0 0) to (2.5448405 8.4899717 7.8076948) with tilt (1.351276 -2.4654498 -3.585695)
echo none
run 0
Per MPI rank memory allocation (min/avg/max) = 3.928 | 3.928 | 3.928 Mbytes
    PotEng          Pxx           E_mol          E_coul    
-76.885325     -676.72995      0              0            
Loop time of 1.614e-06 on 1 procs for 0 steps with 18 atoms

619.6% CPU use with 1 MPI tasks x 1 OpenMP threads

MPI task timing breakdown:
Section |  min time  |  avg time  |  max time  |%varavg| %total
---------------------------------------------------------------
Pair    | 0          | 0          | 0          |   0.0 |  0.00
Neigh   | 0          | 0          | 0          |   0.0 |  0.00
Comm    | 0          | 0          | 0          |   0.0 |  0.00
Output  | 0          | 0          | 0          |   0.0 |  0.00
Modify  | 0          | 0          | 0          |   0.0 |  0.00
Other   |            | 1.614e-06  |            |       |100.00

Nlocal:             18 ave          18 max          18 min
Histogram: 1 0 0 0 0 0 0 0 0 0
Nghost:           3370 ave        3370 max        3370 min
Histogram: 1 0 0 0 0 0 0 0 0 0
Neighs:              0 ave           0 max           0 min
Histogram: 1 0 0 0 0 0 0 0 0 0
FullNghs:        14614 ave       14614 max       14614 min
Histogram: 1 0 0 0 0 0 0 0 0 0

Total # of neighbors = 14614
Ave neighs/atom = 811.88889
Neighbor list builds = 0
Dangerous builds = 0
set atom * x 0.0 y 0.0 z 0.0
Setting atom values ...
  18 settings made for x
  18 settings made for y
  18 settings made for z
change_box all     x final 0 2.5453709689041064 y final 0 8.426302494312777 z final 0 7.816505956153867      xy final 1.4313680708397707 xz final -2.35847668414733 yz final -3.5671204083479426 units box
Changing box ...
  triclinic box = (0 0 0) to (2.545371 8.4899717 7.8076948) with tilt (1.351276 -2.4654498 -3.585695)
  triclinic box = (0 0 0) to (2.545371 8.4263025 7.8076948) with tilt (1.351276 -2.4654498 -3.585695)
  triclinic box = (0 0 0) to (2.545371 8.4263025 7.816506) with tilt (1.351276 -2.4654498 -3.585695)
  triclinic box = (0 0 0) to (2.545371 8.4263025 7.816506) with tilt (1.4313681 -2.4654498 -3.585695)
  triclinic box = (0 0 0) to (2.545371 8.4263025 7.816506) with tilt (1.4313681 -2.3584767 -3.585695)
  triclinic box = (0 0 0) to (2.545371 8.4263025 7.816506) with tilt (1.4313681 -2.3584767 -3.5671204)
echo none
run 0
Per MPI rank memory allocation (min/avg/max) = 3.928 | 3.928 | 3.928 Mbytes
    PotEng          Pxx           E_mol          E_coul    
-76.886475     -1169.2684      0              0            
Loop time of 1.49e-06 on 1 procs for 0 steps with 18 atoms

1006.7% CPU use with 1 MPI tasks x 1 OpenMP threads

MPI task timing breakdown:
Section |  min time  |  avg time  |  max time  |%varavg| %total
---------------------------------------------------------------
Pair    | 0          | 0          | 0          |   0.0 |  0.00
Neigh   | 0          | 0          | 0          |   0.0 |  0.00
Comm    | 0          | 0          | 0          |   0.0 |  0.00
Output  | 0          | 0          | 0          |   0.0 |  0.00
Modify  | 0          | 0          | 0          |   0.0 |  0.00
Other   |            | 1.49e-06   |            |       |100.00

Nlocal:             18 ave          18 max          18 min
Histogram: 1 0 0 0 0 0 0 0 0 0
Nghost:           3382 ave        3382 max        3382 min
Histogram: 1 0 0 0 0 0 0 0 0 0
Neighs:              0 ave           0 max           0 min
Histogram: 1 0 0 0 0 0 0 0 0 0
FullNghs:        14722 ave       14722 max       14722 min
Histogram: 1 0 0 0 0 0 0 0 0 0

Total # of neighbors = 14722
Ave neighs/atom = 817.88889
Neighbor list builds = 0
Dangerous builds = 0
set atom * x 0.0 y 0.0 z 0.0
Setting atom values ...
  18 settings made for x
  18 settings made for y
  18 settings made for z
change_box all     x final 0 2.5450614416678587 y final 0 8.45776412821476 z final 0 7.8122643583707925      xy final 1.391851187748927 xz final -2.4114185419262313 yz final -3.576191150974543 units box
Changing box ...
  triclinic box = (0 0 0) to (2.5450614 8.4263025 7.816506) with tilt (1.4313681 -2.3584767 -3.5671204)
  triclinic box = (0 0 0) to (2.5450614 8.4577641 7.816506) with tilt (1.4313681 -2.3584767 -3.5671204)
  triclinic box = (0 0 0) to (2.5450614 8.4577641 7.8122644) with tilt (1.4313681 -2.3584767 -3.5671204)
  triclinic box = (0 0 0) to (2.5450614 8.4577641 7.8122644) with tilt (1.3918512 -2.3584767 -3.5671204)
  triclinic box = (0 0 0) to (2.5450614 8.4577641 7.8122644) with tilt (1.3918512 -2.4114185 -3.5671204)
  triclinic box = (0 0 0) to (2.5450614 8.4577641 7.8122644) with tilt (1.3918512 -2.4114185 -3.5761912)
echo none
run 0
Per MPI rank memory allocation (min/avg/max) = 3.928 | 3.928 | 3.928 Mbytes
    PotEng          Pxx           E_mol          E_coul    
-76.887334     -843.75717      0              0            
Loop time of 1.401e-06 on 1 procs for 0 steps with 18 atoms

428.3% CPU use with 1 MPI tasks x 1 OpenMP threads

MPI task timing breakdown:
Section |  min time  |  avg time  |  max time  |%varavg| %total
---------------------------------------------------------------
Pair    | 0          | 0          | 0          |   0.0 |  0.00
Neigh   | 0          | 0          | 0          |   0.0 |  0.00
Comm    | 0          | 0          | 0          |   0.0 |  0.00
Output  | 0          | 0          | 0          |   0.0 |  0.00
Modify  | 0          | 0          | 0          |   0.0 |  0.00
Other   |            | 1.401e-06  |            |       |100.00

Nlocal:             18 ave          18 max          18 min
Histogram: 1 0 0 0 0 0 0 0 0 0
Nghost:           3414 ave        3414 max        3414 min
Histogram: 1 0 0 0 0 0 0 0 0 0
Neighs:              0 ave           0 max           0 min
Histogram: 1 0 0 0 0 0 0 0 0 0
FullNghs:        14678 ave       14678 max       14678 min
Histogram: 1 0 0 0 0 0 0 0 0 0

Total # of neighbors = 14678
Ave neighs/atom = 815.44444
Neighbor list builds = 0
Dangerous builds = 0
set atom * x 0.0 y 0.0 z 0.0
Setting atom values ...
  18 settings made for x
  18 settings made for y
  18 settings made for z
change_box all     x final 0 2.5450614416678587 y final 0 8.457764128214757 z final 0 7.812264358370792      xy final 1.391851187748924 xz final -2.411418541926232 yz final -3.576191150974544 units box
Changing box ...
  triclinic box = (0 0 0) to (2.5450614 8.4577641 7.8122644) with tilt (1.3918512 -2.4114185 -3.5761912)
  triclinic box = (0 0 0) to (2.5450614 8.4577641 7.8122644) with tilt (1.3918512 -2.4114185 -3.5761912)
  triclinic box = (0 0 0) to (2.5450614 8.4577641 7.8122644) with tilt (1.3918512 -2.4114185 -3.5761912)
  triclinic box = (0 0 0) to (2.5450614 8.4577641 7.8122644) with tilt (1.3918512 -2.4114185 -3.5761912)
  triclinic box = (0 0 0) to (2.5450614 8.4577641 7.8122644) with tilt (1.3918512 -2.4114185 -3.5761912)
  triclinic box = (0 0 0) to (2.5450614 8.4577641 7.8122644) with tilt (1.3918512 -2.4114185 -3.5761912)
echo none
run 0
Per MPI rank memory allocation (min/avg/max) = 3.928 | 3.928 | 3.928 Mbytes
    PotEng          Pxx           E_mol          E_coul    
-76.887334     -843.75717      0              0            
Loop time of 1.449e-06 on 1 procs for 0 steps with 18 atoms

690.1% CPU use with 1 MPI tasks x 1 OpenMP threads

MPI task timing breakdown:
Section |  min time  |  avg time  |  max time  |%varavg| %total
---------------------------------------------------------------
Pair    | 0          | 0          | 0          |   0.0 |  0.00
Neigh   | 0          | 0          | 0          |   0.0 |  0.00
Comm    | 0          | 0          | 0          |   0.0 |  0.00
Output  | 0          | 0          | 0          |   0.0 |  0.00
Modify  | 0          | 0          | 0          |   0.0 |  0.00
Other   |            | 1.449e-06  |            |       |100.00

Nlocal:             18 ave          18 max          18 min
Histogram: 1 0 0 0 0 0 0 0 0 0
Nghost:           3414 ave        3414 max        3414 min
Histogram: 1 0 0 0 0 0 0 0 0 0
Neighs:              0 ave           0 max           0 min
Histogram: 1 0 0 0 0 0 0 0 0 0
FullNghs:        14678 ave       14678 max       14678 min
Histogram: 1 0 0 0 0 0 0 0 0 0

Total # of neighbors = 14678
Ave neighs/atom = 815.44444
Neighbor list builds = 0
Dangerous builds = 0
set atom * x 0.0 y 0.0 z 0.0
Setting atom values ...
  18 settings made for x
  18 settings made for y
  18 settings made for z
change_box all     x final 0 2.5450702583141136 y final 0 8.453656188956561 z final 0 7.791779161774238      xy final 1.4321333567465013 xz final -2.3711470250740083 yz final -3.634204470348007 units box
Changing box ...
  triclinic box = (0 0 0) to (2.5450703 8.4577641 7.8122644) with tilt (1.3918512 -2.4114185 -3.5761912)
  triclinic box = (0 0 0) to (2.5450703 8.4536562 7.8122644) with tilt (1.3918512 -2.4114185 -3.5761912)
  triclinic box = (0 0 0) to (2.5450703 8.4536562 7.7917792) with tilt (1.3918512 -2.4114185 -3.5761912)
  triclinic box = (0 0 0) to (2.5450703 8.4536562 7.7917792) with tilt (1.4321334 -2.4114185 -3.5761912)
  triclinic box = (0 0 0) to (2.5450703 8.4536562 7.7917792) with tilt (1.4321334 -2.371147 -3.5761912)
  triclinic box = (0 0 0) to (2.5450703 8.4536562 7.7917792) with tilt (1.4321334 -2.371147 -3.6342045)
echo none
run 0
Per MPI rank memory allocation (min/avg/max) = 3.928 | 3.928 | 3.928 Mbytes
    PotEng          Pxx           E_mol          E_coul    
-76.888956     -43.897527      0              0            
Loop time of 1.459e-06 on 1 procs for 0 steps with 18 atoms

891.0% CPU use with 1 MPI tasks x 1 OpenMP threads

MPI task timing breakdown:
Section |  min time  |  avg time  |  max time  |%varavg| %total
---------------------------------------------------------------
Pair    | 0          | 0          | 0          |   0.0 |  0.00
Neigh   | 0          | 0          | 0          |   0.0 |  0.00
Comm    | 0          | 0          | 0          |   0.0 |  0.00
Output  | 0          | 0          | 0          |   0.0 |  0.00
Modify  | 0          | 0          | 0          |   0.0 |  0.00
Other   |            | 1.459e-06  |            |       |100.00

Nlocal:             18 ave          18 max          18 min
Histogram: 1 0 0 0 0 0 0 0 0 0
Nghost:           3398 ave        3398 max        3398 min
Histogram: 1 0 0 0 0 0 0 0 0 0
Neighs:              0 ave           0 max           0 min
Histogram: 1 0 0 0 0 0 0 0 0 0
FullNghs:        14724 ave       14724 max       14724 min
Histogram: 1 0 0 0 0 0 0 0 0 0

Total # of neighbors = 14724
Ave neighs/atom = 818
Neighbor list builds = 0
Dangerous builds = 0
set atom * x 0.0 y 0.0 z 0.0
Setting atom values ...
  18 settings made for x
  18 settings made for y
  18 settings made for z
change_box all     x final 0 2.5450702583141145 y final 0 8.45365618895656 z final 0 7.791779161774238      xy final 1.4321333567465013 xz final -2.371147025074009 yz final -3.6342044703480085 units box
Changing box ...
  triclinic box = (0 0 0) to (2.5450703 8.4536562 7.7917792) with tilt (1.4321334 -2.371147 -3.6342045)
  triclinic box = (0 0 0) to (2.5450703 8.4536562 7.7917792) with tilt (1.4321334 -2.371147 -3.6342045)
  triclinic box = (0 0 0) to (2.5450703 8.4536562 7.7917792) with tilt (1.4321334 -2.371147 -3.6342045)
  triclinic box = (0 0 0) to (2.5450703 8.4536562 7.7917792) with tilt (1.4321334 -2.371147 -3.6342045)
  triclinic box = (0 0 0) to (2.5450703 8.4536562 7.7917792) with tilt (1.4321334 -2.371147 -3.6342045)
  triclinic box = (0 0 0) to (2.5450703 8.4536562 7.7917792) with tilt (1.4321334 -2.371147 -3.6342045)
echo none
run 0
Per MPI rank memory allocation (min/avg/max) = 3.928 | 3.928 | 3.928 Mbytes
    PotEng          Pxx           E_mol          E_coul    
-76.888956     -43.897527      0              0            
Loop time of 1.545e-06 on 1 procs for 0 steps with 18 atoms

906.1% CPU use with 1 MPI tasks x 1 OpenMP threads

MPI task timing breakdown:
Section |  min time  |  avg time  |  max time  |%varavg| %total
---------------------------------------------------------------
Pair    | 0          | 0          | 0          |   0.0 |  0.00
Neigh   | 0          | 0          | 0          |   0.0 |  0.00
Comm    | 0          | 0          | 0          |   0.0 |  0.00
Output  | 0          | 0          | 0          |   0.0 |  0.00
Modify  | 0          | 0          | 0          |   0.0 |  0.00
Other   |            | 1.545e-06  |            |       |100.00

Nlocal:             18 ave          18 max          18 min
Histogram: 1 0 0 0 0 0 0 0 0 0
Nghost:           3398 ave        3398 max        3398 min
Histogram: 1 0 0 0 0 0 0 0 0 0
Neighs:              0 ave           0 max           0 min
Histogram: 1 0 0 0 0 0 0 0 0 0
FullNghs:        14724 ave       14724 max       14724 min
Histogram: 1 0 0 0 0 0 0 0 0 0

Total # of neighbors = 14724
Ave neighs/atom = 818
Neighbor list builds = 0
Dangerous builds = 0
set atom * x 0.0 y 0.0 z 0.0
Setting atom values ...
  18 settings made for x
  18 settings made for y
  18 settings made for z
change_box all     x final 0 2.5450051076563005 y final 0 8.386003810884413 z final 0 7.845257240450853      xy final 1.3167982567792305 xz final -2.253762586686186 yz final -3.50570444253841 units box
Changing box ...
  triclinic box = (0 0 0) to (2.5450051 8.4536562 7.7917792) with tilt (1.4321334 -2.371147 -3.6342045)
  triclinic box = (0 0 0) to (2.5450051 8.3860038 7.7917792) with tilt (1.4321334 -2.371147 -3.6342045)
  triclinic box = (0 0 0) to (2.5450051 8.3860038 7.8452572) with tilt (1.4321334 -2.371147 -3.6342045)
  triclinic box = (0 0 0) to (2.5450051 8.3860038 7.8452572) with tilt (1.3167983 -2.371147 -3.6342045)
  triclinic box = (0 0 0) to (2.5450051 8.3860038 7.8452572) with tilt (1.3167983 -2.2537626 -3.6342045)
  triclinic box = (0 0 0) to (2.5450051 8.3860038 7.8452572) with tilt (1.3167983 -2.2537626 -3.5057044)
echo none
run 0
Per MPI rank memory allocation (min/avg/max) = 3.928 | 3.928 | 3.928 Mbytes
    PotEng          Pxx           E_mol          E_coul    
-76.888667     -191.43656      0              0            
Loop time of 1.678e-06 on 1 procs for 0 steps with 18 atoms

953.5% CPU use with 1 MPI tasks x 1 OpenMP threads

MPI task timing breakdown:
Section |  min time  |  avg time  |  max time  |%varavg| %total
---------------------------------------------------------------
Pair    | 0          | 0          | 0          |   0.0 |  0.00
Neigh   | 0          | 0          | 0          |   0.0 |  0.00
Comm    | 0          | 0          | 0          |   0.0 |  0.00
Output  | 0          | 0          | 0          |   0.0 |  0.00
Modify  | 0          | 0          | 0          |   0.0 |  0.00
Other   |            | 1.678e-06  |            |       |100.00

Nlocal:             18 ave          18 max          18 min
Histogram: 1 0 0 0 0 0 0 0 0 0
Nghost:           3362 ave        3362 max        3362 min
Histogram: 1 0 0 0 0 0 0 0 0 0
Neighs:              0 ave           0 max           0 min
Histogram: 1 0 0 0 0 0 0 0 0 0
FullNghs:        14718 ave       14718 max       14718 min
Histogram: 1 0 0 0 0 0 0 0 0 0

Total # of neighbors = 14718
Ave neighs/atom = 817.66667
Neighbor list builds = 0
Dangerous builds = 0
set atom * x 0.0 y 0.0 z 0.0
Setting atom values ...
  18 settings made for x
  18 settings made for y
  18 settings made for z
change_box all     x final 0 2.5450046650557936 y final 0 8.421464188091281 z final 0 7.817237946396628      xy final 1.3770649475754124 xz final -2.3152681888219617 yz final -3.573522458724752 units box
Changing box ...
  triclinic box = (0 0 0) to (2.5450047 8.3860038 7.8452572) with tilt (1.3167983 -2.2537626 -3.5057044)
  triclinic box = (0 0 0) to (2.5450047 8.4214642 7.8452572) with tilt (1.3167983 -2.2537626 -3.5057044)
  triclinic box = (0 0 0) to (2.5450047 8.4214642 7.8172379) with tilt (1.3167983 -2.2537626 -3.5057044)
  triclinic box = (0 0 0) to (2.5450047 8.4214642 7.8172379) with tilt (1.3770649 -2.2537626 -3.5057044)
  triclinic box = (0 0 0) to (2.5450047 8.4214642 7.8172379) with tilt (1.3770649 -2.3152682 -3.5057044)
  triclinic box = (0 0 0) to (2.5450047 8.4214642 7.8172379) with tilt (1.3770649 -2.3152682 -3.5735225)
echo none
run 0
Per MPI rank memory allocation (min/avg/max) = 3.928 | 3.928 | 3.928 Mbytes
    PotEng          Pxx           E_mol          E_coul    
-76.889997     -82.796424      0              0            
Loop time of 1.759e-06 on 1 procs for 0 steps with 18 atoms

795.9% CPU use with 1 MPI tasks x 1 OpenMP threads

MPI task timing breakdown:
Section |  min time  |  avg time  |  max time  |%varavg| %total
---------------------------------------------------------------
Pair    | 0          | 0          | 0          |   0.0 |  0.00
Neigh   | 0          | 0          | 0          |   0.0 |  0.00
Comm    | 0          | 0          | 0          |   0.0 |  0.00
Output  | 0          | 0          | 0          |   0.0 |  0.00
Modify  | 0          | 0          | 0          |   0.0 |  0.00
Other   |            | 1.759e-06  |            |       |100.00

Nlocal:             18 ave          18 max          18 min
Histogram: 1 0 0 0 0 0 0 0 0 0
Nghost:           3382 ave        3382 max        3382 min
Histogram: 1 0 0 0 0 0 0 0 0 0
Neighs:              0 ave           0 max           0 min
Histogram: 1 0 0 0 0 0 0 0 0 0
FullNghs:        14730 ave       14730 max       14730 min
Histogram: 1 0 0 0 0 0 0 0 0 0

Total # of neighbors = 14730
Ave neighs/atom = 818.33333
Neighbor list builds = 0
Dangerous builds = 0
set atom * x 0.0 y 0.0 z 0.0
Setting atom values ...
  18 settings made for x
  18 settings made for y
  18 settings made for z
change_box all     x final 0 2.545004665055793 y final 0 8.421464188091281 z final 0 7.817237946396629      xy final 1.3770649475754126 xz final -2.3152681888219604 yz final -3.573522458724755 units box
Changing box ...
  triclinic box = (0 0 0) to (2.5450047 8.4214642 7.8172379) with tilt (1.3770649 -2.3152682 -3.5735225)
  triclinic box = (0 0 0) to (2.5450047 8.4214642 7.8172379) with tilt (1.3770649 -2.3152682 -3.5735225)
  triclinic box = (0 0 0) to (2.5450047 8.4214642 7.8172379) with tilt (1.3770649 -2.3152682 -3.5735225)
  triclinic box = (0 0 0) to (2.5450047 8.4214642 7.8172379) with tilt (1.3770649 -2.3152682 -3.5735225)
  triclinic box = (0 0 0) to (2.5450047 8.4214642 7.8172379) with tilt (1.3770649 -2.3152682 -3.5735225)
  triclinic box = (0 0 0) to (2.5450047 8.4214642 7.8172379) with tilt (1.3770649 -2.3152682 -3.5735225)
echo none
run 0
Per MPI rank memory allocation (min/avg/max) = 3.928 | 3.928 | 3.928 Mbytes
    PotEng          Pxx           E_mol          E_coul    
-76.889997     -82.796424      0              0            
Loop time of 1.418e-06 on 1 procs for 0 steps with 18 atoms

1057.8% CPU use with 1 MPI tasks x 1 OpenMP threads

MPI task timing breakdown:
Section |  min time  |  avg time  |  max time  |%varavg| %total
---------------------------------------------------------------
Pair    | 0          | 0          | 0          |   0.0 |  0.00
Neigh   | 0          | 0          | 0          |   0.0 |  0.00
Comm    | 0          | 0          | 0          |   0.0 |  0.00
Output  | 0          | 0          | 0          |   0.0 |  0.00
Modify  | 0          | 0          | 0          |   0.0 |  0.00
Other   |            | 1.418e-06  |            |       |100.00

Nlocal:             18 ave          18 max          18 min
Histogram: 1 0 0 0 0 0 0 0 0 0
Nghost:           3382 ave        3382 max        3382 min
Histogram: 1 0 0 0 0 0 0 0 0 0
Neighs:              0 ave           0 max           0 min
Histogram: 1 0 0 0 0 0 0 0 0 0
FullNghs:        14730 ave       14730 max       14730 min
Histogram: 1 0 0 0 0 0 0 0 0 0

Total # of neighbors = 14730
Ave neighs/atom = 818.33333
Neighbor list builds = 0
Dangerous builds = 0
set atom * x 0.0 y 0.0 z 0.0
Setting atom values ...
  18 settings made for x
  18 settings made for y
  18 settings made for z
change_box all     x final 0 2.544498659980499 y final 0 8.413331104269593 z final 0 7.782058319513272      xy final 1.3488152374129212 xz final -2.3146362567841106 yz final -3.692669606683427 units box
Changing box ...
  triclinic box = (0 0 0) to (2.5444987 8.4214642 7.8172379) with tilt (1.3770649 -2.3152682 -3.5735225)
  triclinic box = (0 0 0) to (2.5444987 8.4133311 7.8172379) with tilt (1.3770649 -2.3152682 -3.5735225)
  triclinic box = (0 0 0) to (2.5444987 8.4133311 7.7820583) with tilt (1.3770649 -2.3152682 -3.5735225)
  triclinic box = (0 0 0) to (2.5444987 8.4133311 7.7820583) with tilt (1.3488152 -2.3152682 -3.5735225)
  triclinic box = (0 0 0) to (2.5444987 8.4133311 7.7820583) with tilt (1.3488152 -2.3146363 -3.5735225)
  triclinic box = (0 0 0) to (2.5444987 8.4133311 7.7820583) with tilt (1.3488152 -2.3146363 -3.6926696)
echo none
run 0
Per MPI rank memory allocation (min/avg/max) = 3.928 | 3.928 | 3.928 Mbytes
    PotEng          Pxx           E_mol          E_coul    
-76.89124       132.81007      0              0            
Loop time of 1.346e-06 on 1 procs for 0 steps with 18 atoms

965.8% CPU use with 1 MPI tasks x 1 OpenMP threads

MPI task timing breakdown:
Section |  min time  |  avg time  |  max time  |%varavg| %total
---------------------------------------------------------------
Pair    | 0          | 0          | 0          |   0.0 |  0.00
Neigh   | 0          | 0          | 0          |   0.0 |  0.00
Comm    | 0          | 0          | 0          |   0.0 |  0.00
Output  | 0          | 0          | 0          |   0.0 |  0.00
Modify  | 0          | 0          | 0          |   0.0 |  0.00
Other   |            | 1.346e-06  |            |       |100.00

Nlocal:             18 ave          18 max          18 min
Histogram: 1 0 0 0 0 0 0 0 0 0
Nghost:           3362 ave        3362 max        3362 min
Histogram: 1 0 0 0 0 0 0 0 0 0
Neighs:              0 ave           0 max           0 min
Histogram: 1 0 0 0 0 0 0 0 0 0
FullNghs:        14838 ave       14838 max       14838 min
Histogram: 1 0 0 0 0 0 0 0 0 0

Total # of neighbors = 14838
Ave neighs/atom = 824.33333
Neighbor list builds = 0
Dangerous builds = 0
set atom * x 0.0 y 0.0 z 0.0
Setting atom values ...
  18 settings made for x
  18 settings made for y
  18 settings made for z
change_box all     x final 0 2.5444986599805 y final 0 8.413331104269593 z final 0 7.782058319513273      xy final 1.348815237412925 xz final -2.3146362567841123 yz final -3.6926696066834257 units box
Changing box ...
  triclinic box = (0 0 0) to (2.5444987 8.4133311 7.7820583) with tilt (1.3488152 -2.3146363 -3.6926696)
  triclinic box = (0 0 0) to (2.5444987 8.4133311 7.7820583) with tilt (1.3488152 -2.3146363 -3.6926696)
  triclinic box = (0 0 0) to (2.5444987 8.4133311 7.7820583) with tilt (1.3488152 -2.3146363 -3.6926696)
  triclinic box = (0 0 0) to (2.5444987 8.4133311 7.7820583) with tilt (1.3488152 -2.3146363 -3.6926696)
  triclinic box = (0 0 0) to (2.5444987 8.4133311 7.7820583) with tilt (1.3488152 -2.3146363 -3.6926696)
  triclinic box = (0 0 0) to (2.5444987 8.4133311 7.7820583) with tilt (1.3488152 -2.3146363 -3.6926696)
echo none
run 0
Per MPI rank memory allocation (min/avg/max) = 3.928 | 3.928 | 3.928 Mbytes
    PotEng          Pxx           E_mol          E_coul    
-76.89124       132.81007      0              0            
Loop time of 1.715e-06 on 1 procs for 0 steps with 18 atoms

1166.2% CPU use with 1 MPI tasks x 1 OpenMP threads

MPI task timing breakdown:
Section |  min time  |  avg time  |  max time  |%varavg| %total
---------------------------------------------------------------
Pair    | 0          | 0          | 0          |   0.0 |  0.00
Neigh   | 0          | 0          | 0          |   0.0 |  0.00
Comm    | 0          | 0          | 0          |   0.0 |  0.00
Output  | 0          | 0          | 0          |   0.0 |  0.00
Modify  | 0          | 0          | 0          |   0.0 |  0.00
Other   |            | 1.715e-06  |            |       |100.00

Nlocal:             18 ave          18 max          18 min
Histogram: 1 0 0 0 0 0 0 0 0 0
Nghost:           3362 ave        3362 max        3362 min
Histogram: 1 0 0 0 0 0 0 0 0 0
Neighs:              0 ave           0 max           0 min
Histogram: 1 0 0 0 0 0 0 0 0 0
FullNghs:        14838 ave       14838 max       14838 min
Histogram: 1 0 0 0 0 0 0 0 0 0

Total # of neighbors = 14838
Ave neighs/atom = 824.33333
Neighbor list builds = 0
Dangerous builds = 0
set atom * x 0.0 y 0.0 z 0.0
Setting atom values ...
  18 settings made for x
  18 settings made for y
  18 settings made for z
change_box all     x final 0 2.5439291485126736 y final 0 8.373827908450027 z final 0 7.777906825669021      xy final 1.349389979543326 xz final -2.3791695944426614 yz final -3.67973739741945 units box
Changing box ...
  triclinic box = (0 0 0) to (2.5439291 8.4133311 7.7820583) with tilt (1.3488152 -2.3146363 -3.6926696)
  triclinic box = (0 0 0) to (2.5439291 8.3738279 7.7820583) with tilt (1.3488152 -2.3146363 -3.6926696)
  triclinic box = (0 0 0) to (2.5439291 8.3738279 7.7779068) with tilt (1.3488152 -2.3146363 -3.6926696)
  triclinic box = (0 0 0) to (2.5439291 8.3738279 7.7779068) with tilt (1.34939 -2.3146363 -3.6926696)
  triclinic box = (0 0 0) to (2.5439291 8.3738279 7.7779068) with tilt (1.34939 -2.3791696 -3.6926696)
  triclinic box = (0 0 0) to (2.5439291 8.3738279 7.7779068) with tilt (1.34939 -2.3791696 -3.6797374)
echo none
run 0
Per MPI rank memory allocation (min/avg/max) = 3.928 | 3.928 | 3.928 Mbytes
    PotEng          Pxx           E_mol          E_coul    
-76.891118      555.5305       0              0            
Loop time of 1.493e-06 on 1 procs for 0 steps with 18 atoms

1004.7% CPU use with 1 MPI tasks x 1 OpenMP threads

MPI task timing breakdown:
Section |  min time  |  avg time  |  max time  |%varavg| %total
---------------------------------------------------------------
Pair    | 0          | 0          | 0          |   0.0 |  0.00
Neigh   | 0          | 0          | 0          |   0.0 |  0.00
Comm    | 0          | 0          | 0          |   0.0 |  0.00
Output  | 0          | 0          | 0          |   0.0 |  0.00
Modify  | 0          | 0          | 0          |   0.0 |  0.00
Other   |            | 1.493e-06  |            |       |100.00

Nlocal:             18 ave          18 max          18 min
Histogram: 1 0 0 0 0 0 0 0 0 0
Nghost:           3398 ave        3398 max        3398 min
Histogram: 1 0 0 0 0 0 0 0 0 0
Neighs:              0 ave           0 max           0 min
Histogram: 1 0 0 0 0 0 0 0 0 0
FullNghs:        14930 ave       14930 max       14930 min
Histogram: 1 0 0 0 0 0 0 0 0 0

Total # of neighbors = 14930
Ave neighs/atom = 829.44444
Neighbor list builds = 0
Dangerous builds = 0
set atom * x 0.0 y 0.0 z 0.0
Setting atom values ...
  18 settings made for x
  18 settings made for y
  18 settings made for z
change_box all     x final 0 2.5442128140235587 y final 0 8.394086477775014 z final 0 7.780064333200909      xy final 1.3490979325398973 xz final -2.3460401839088165 yz final -3.6863780521013845 units box
Changing box ...
  triclinic box = (0 0 0) to (2.5442128 8.3738279 7.7779068) with tilt (1.34939 -2.3791696 -3.6797374)
  triclinic box = (0 0 0) to (2.5442128 8.3940865 7.7779068) with tilt (1.34939 -2.3791696 -3.6797374)
  triclinic box = (0 0 0) to (2.5442128 8.3940865 7.7800643) with tilt (1.34939 -2.3791696 -3.6797374)
  triclinic box = (0 0 0) to (2.5442128 8.3940865 7.7800643) with tilt (1.3490979 -2.3791696 -3.6797374)
  triclinic box = (0 0 0) to (2.5442128 8.3940865 7.7800643) with tilt (1.3490979 -2.3460402 -3.6797374)
  triclinic box = (0 0 0) to (2.5442128 8.3940865 7.7800643) with tilt (1.3490979 -2.3460402 -3.6863781)
echo none
run 0
Per MPI rank memory allocation (min/avg/max) = 3.928 | 3.928 | 3.928 Mbytes
    PotEng          Pxx           E_mol          E_coul    
-76.89231       348.41576      0              0            
Loop time of 2.045e-06 on 1 procs for 0 steps with 18 atoms

1124.7% CPU use with 1 MPI tasks x 1 OpenMP threads

MPI task timing breakdown:
Section |  min time  |  avg time  |  max time  |%varavg| %total
---------------------------------------------------------------
Pair    | 0          | 0          | 0          |   0.0 |  0.00
Neigh   | 0          | 0          | 0          |   0.0 |  0.00
Comm    | 0          | 0          | 0          |   0.0 |  0.00
Output  | 0          | 0          | 0          |   0.0 |  0.00
Modify  | 0          | 0          | 0          |   0.0 |  0.00
Other   |            | 2.045e-06  |            |       |100.00

Nlocal:             18 ave          18 max          18 min
Histogram: 1 0 0 0 0 0 0 0 0 0
Nghost:           3398 ave        3398 max        3398 min
Histogram: 1 0 0 0 0 0 0 0 0 0
Neighs:              0 ave           0 max           0 min
Histogram: 1 0 0 0 0 0 0 0 0 0
FullNghs:        14882 ave       14882 max       14882 min
Histogram: 1 0 0 0 0 0 0 0 0 0

Total # of neighbors = 14882
Ave neighs/atom = 826.77778
Neighbor list builds = 0
Dangerous builds = 0
set atom * x 0.0 y 0.0 z 0.0
Setting atom values ...
  18 settings made for x
  18 settings made for y
  18 settings made for z
change_box all     x final 0 2.5442128140235587 y final 0 8.394086477775016 z final 0 7.780064333200911      xy final 1.3490979325398946 xz final -2.3460401839088174 yz final -3.686378052101388 units box
Changing box ...
  triclinic box = (0 0 0) to (2.5442128 8.3940865 7.7800643) with tilt (1.3490979 -2.3460402 -3.6863781)
  triclinic box = (0 0 0) to (2.5442128 8.3940865 7.7800643) with tilt (1.3490979 -2.3460402 -3.6863781)
  triclinic box = (0 0 0) to (2.5442128 8.3940865 7.7800643) with tilt (1.3490979 -2.3460402 -3.6863781)
  triclinic box = (0 0 0) to (2.5442128 8.3940865 7.7800643) with tilt (1.3490979 -2.3460402 -3.6863781)
  triclinic box = (0 0 0) to (2.5442128 8.3940865 7.7800643) with tilt (1.3490979 -2.3460402 -3.6863781)
  triclinic box = (0 0 0) to (2.5442128 8.3940865 7.7800643) with tilt (1.3490979 -2.3460402 -3.6863781)
echo none
run 0
Per MPI rank memory allocation (min/avg/max) = 3.928 | 3.928 | 3.928 Mbytes
    PotEng          Pxx           E_mol          E_coul    
-76.89231       348.41576      0              0            
Loop time of 1.299e-06 on 1 procs for 0 steps with 18 atoms

692.8% CPU use with 1 MPI tasks x 1 OpenMP threads

MPI task timing breakdown:
Section |  min time  |  avg time  |  max time  |%varavg| %total
---------------------------------------------------------------
Pair    | 0          | 0          | 0          |   0.0 |  0.00
Neigh   | 0          | 0          | 0          |   0.0 |  0.00
Comm    | 0          | 0          | 0          |   0.0 |  0.00
Output  | 0          | 0          | 0          |   0.0 |  0.00
Modify  | 0          | 0          | 0          |   0.0 |  0.00
Other   |            | 1.299e-06  |            |       |100.00

Nlocal:             18 ave          18 max          18 min
Histogram: 1 0 0 0 0 0 0 0 0 0
Nghost:           3398 ave        3398 max        3398 min
Histogram: 1 0 0 0 0 0 0 0 0 0
Neighs:              0 ave           0 max           0 min
Histogram: 1 0 0 0 0 0 0 0 0 0
FullNghs:        14882 ave       14882 max       14882 min
Histogram: 1 0 0 0 0 0 0 0 0 0

Total # of neighbors = 14882
Ave neighs/atom = 826.77778
Neighbor list builds = 0
Dangerous builds = 0
set atom * x 0.0 y 0.0 z 0.0
Setting atom values ...
  18 settings made for x
  18 settings made for y
  18 settings made for z
change_box all     x final 0 2.5439740509783526 y final 0 8.337422866732885 z final 0 7.721991457975044      xy final 1.351513854671853 xz final -2.38723402385409 yz final -3.7581773330820956 units box
Changing box ...
  triclinic box = (0 0 0) to (2.5439741 8.3940865 7.7800643) with tilt (1.3490979 -2.3460402 -3.6863781)
  triclinic box = (0 0 0) to (2.5439741 8.3374229 7.7800643) with tilt (1.3490979 -2.3460402 -3.6863781)
  triclinic box = (0 0 0) to (2.5439741 8.3374229 7.7219915) with tilt (1.3490979 -2.3460402 -3.6863781)
  triclinic box = (0 0 0) to (2.5439741 8.3374229 7.7219915) with tilt (1.3515139 -2.3460402 -3.6863781)
  triclinic box = (0 0 0) to (2.5439741 8.3374229 7.7219915) with tilt (1.3515139 -2.387234 -3.6863781)
  triclinic box = (0 0 0) to (2.5439741 8.3374229 7.7219915) with tilt (1.3515139 -2.387234 -3.7581773)
echo none
run 0
Per MPI rank memory allocation (min/avg/max) = 3.928 | 3.928 | 3.928 Mbytes
    PotEng          Pxx           E_mol          E_coul    
-76.892792     -42.88361       0              0            
Loop time of 1.401e-06 on 1 procs for 0 steps with 18 atoms

1142.0% CPU use with 1 MPI tasks x 1 OpenMP threads

MPI task timing breakdown:
Section |  min time  |  avg time  |  max time  |%varavg| %total
---------------------------------------------------------------
Pair    | 0          | 0          | 0          |   0.0 |  0.00
Neigh   | 0          | 0          | 0          |   0.0 |  0.00
Comm    | 0          | 0          | 0          |   0.0 |  0.00
Output  | 0          | 0          | 0          |   0.0 |  0.00
Modify  | 0          | 0          | 0          |   0.0 |  0.00
Other   |            | 1.401e-06  |            |       |100.00

Nlocal:             18 ave          18 max          18 min
Histogram: 1 0 0 0 0 0 0 0 0 0
Nghost:           3398 ave        3398 max        3398 min
Histogram: 1 0 0 0 0 0 0 0 0 0
Neighs:              0 ave           0 max           0 min
Histogram: 1 0 0 0 0 0 0 0 0 0
FullNghs:        15066 ave       15066 max       15066 min
Histogram: 1 0 0 0 0 0 0 0 0 0

Total # of neighbors = 15066
Ave neighs/atom = 837
Neighbor list builds = 0
Dangerous builds = 0
set atom * x 0.0 y 0.0 z 0.0
Setting atom values ...
  18 settings made for x
  18 settings made for y
  18 settings made for z
change_box all     x final 0 2.5441035622150254 y final 0 8.368756120657093 z final 0 7.754270684583449      xy final 1.3501238429500464 xz final -2.364390213104037 yz final -3.7184343371333766 units box
Changing box ...
  triclinic box = (0 0 0) to (2.5441036 8.3374229 7.7219915) with tilt (1.3515139 -2.387234 -3.7581773)
  triclinic box = (0 0 0) to (2.5441036 8.3687561 7.7219915) with tilt (1.3515139 -2.387234 -3.7581773)
  triclinic box = (0 0 0) to (2.5441036 8.3687561 7.7542707) with tilt (1.3515139 -2.387234 -3.7581773)
  triclinic box = (0 0 0) to (2.5441036 8.3687561 7.7542707) with tilt (1.3501238 -2.387234 -3.7581773)
  triclinic box = (0 0 0) to (2.5441036 8.3687561 7.7542707) with tilt (1.3501238 -2.3643902 -3.7581773)
  triclinic box = (0 0 0) to (2.5441036 8.3687561 7.7542707) with tilt (1.3501238 -2.3643902 -3.7184343)
echo none
run 0
Per MPI rank memory allocation (min/avg/max) = 3.928 | 3.928 | 3.928 Mbytes
    PotEng          Pxx           E_mol          E_coul    
-76.89344       224.24922      0              0            
Loop time of 1.352e-06 on 1 procs for 0 steps with 18 atoms

739.6% CPU use with 1 MPI tasks x 1 OpenMP threads

MPI task timing breakdown:
Section |  min time  |  avg time  |  max time  |%varavg| %total
---------------------------------------------------------------
Pair    | 0          | 0          | 0          |   0.0 |  0.00
Neigh   | 0          | 0          | 0          |   0.0 |  0.00
Comm    | 0          | 0          | 0          |   0.0 |  0.00
Output  | 0          | 0          | 0          |   0.0 |  0.00
Modify  | 0          | 0          | 0          |   0.0 |  0.00
Other   |            | 1.352e-06  |            |       |100.00

Nlocal:             18 ave          18 max          18 min
Histogram: 1 0 0 0 0 0 0 0 0 0
Nghost:           3398 ave        3398 max        3398 min
Histogram: 1 0 0 0 0 0 0 0 0 0
Neighs:              0 ave           0 max           0 min
Histogram: 1 0 0 0 0 0 0 0 0 0
FullNghs:        14960 ave       14960 max       14960 min
Histogram: 1 0 0 0 0 0 0 0 0 0

Total # of neighbors = 14960
Ave neighs/atom = 831.11111
Neighbor list builds = 0
Dangerous builds = 0
set atom * x 0.0 y 0.0 z 0.0
Setting atom values ...
  18 settings made for x
  18 settings made for y
  18 settings made for z
change_box all     x final 0 2.5441035622150254 y final 0 8.368756120657096 z final 0 7.754270684583448      xy final 1.3501238429500455 xz final -2.364390213104036 yz final -3.7184343371333775 units box
Changing box ...
  triclinic box = (0 0 0) to (2.5441036 8.3687561 7.7542707) with tilt (1.3501238 -2.3643902 -3.7184343)
  triclinic box = (0 0 0) to (2.5441036 8.3687561 7.7542707) with tilt (1.3501238 -2.3643902 -3.7184343)
  triclinic box = (0 0 0) to (2.5441036 8.3687561 7.7542707) with tilt (1.3501238 -2.3643902 -3.7184343)
  triclinic box = (0 0 0) to (2.5441036 8.3687561 7.7542707) with tilt (1.3501238 -2.3643902 -3.7184343)
  triclinic box = (0 0 0) to (2.5441036 8.3687561 7.7542707) with tilt (1.3501238 -2.3643902 -3.7184343)
  triclinic box = (0 0 0) to (2.5441036 8.3687561 7.7542707) with tilt (1.3501238 -2.3643902 -3.7184343)
echo none
run 0
Per MPI rank memory allocation (min/avg/max) = 3.928 | 3.928 | 3.928 Mbytes
    PotEng          Pxx           E_mol          E_coul    
-76.89344       224.24922      0              0            
Loop time of 1.615e-06 on 1 procs for 0 steps with 18 atoms

805.0% CPU use with 1 MPI tasks x 1 OpenMP threads

MPI task timing breakdown:
Section |  min time  |  avg time  |  max time  |%varavg| %total
---------------------------------------------------------------
Pair    | 0          | 0          | 0          |   0.0 |  0.00
Neigh   | 0          | 0          | 0          |   0.0 |  0.00
Comm    | 0          | 0          | 0          |   0.0 |  0.00
Output  | 0          | 0          | 0          |   0.0 |  0.00
Modify  | 0          | 0          | 0          |   0.0 |  0.00
Other   |            | 1.615e-06  |            |       |100.00

Nlocal:             18 ave          18 max          18 min
Histogram: 1 0 0 0 0 0 0 0 0 0
Nghost:           3398 ave        3398 max        3398 min
Histogram: 1 0 0 0 0 0 0 0 0 0
Neighs:              0 ave           0 max           0 min
Histogram: 1 0 0 0 0 0 0 0 0 0
FullNghs:        14960 ave       14960 max       14960 min
Histogram: 1 0 0 0 0 0 0 0 0 0

Total # of neighbors = 14960
Ave neighs/atom = 831.11111
Neighbor list builds = 0
Dangerous builds = 0
set atom * x 0.0 y 0.0 z 0.0
Setting atom values ...
  18 settings made for x
  18 settings made for y
  18 settings made for z
change_box all     x final 0 2.5445483958637043 y final 0 8.345687799047678 z final 0 7.697937219179138      xy final 1.4272534168790274 xz final -2.372890225213876 yz final -3.836297793756855 units box
Changing box ...
  triclinic box = (0 0 0) to (2.5445484 8.3687561 7.7542707) with tilt (1.3501238 -2.3643902 -3.7184343)
  triclinic box = (0 0 0) to (2.5445484 8.3456878 7.7542707) with tilt (1.3501238 -2.3643902 -3.7184343)
  triclinic box = (0 0 0) to (2.5445484 8.3456878 7.6979372) with tilt (1.3501238 -2.3643902 -3.7184343)
  triclinic box = (0 0 0) to (2.5445484 8.3456878 7.6979372) with tilt (1.4272534 -2.3643902 -3.7184343)
  triclinic box = (0 0 0) to (2.5445484 8.3456878 7.6979372) with tilt (1.4272534 -2.3728902 -3.7184343)
  triclinic box = (0 0 0) to (2.5445484 8.3456878 7.6979372) with tilt (1.4272534 -2.3728902 -3.8362978)
echo none
run 0
Per MPI rank memory allocation (min/avg/max) = 3.928 | 3.928 | 3.928 Mbytes
    PotEng          Pxx           E_mol          E_coul    
-76.893435     -935.47354      0              0            
Loop time of 1.517e-06 on 1 procs for 0 steps with 18 atoms

988.8% CPU use with 1 MPI tasks x 1 OpenMP threads

MPI task timing breakdown:
Section |  min time  |  avg time  |  max time  |%varavg| %total
---------------------------------------------------------------
Pair    | 0          | 0          | 0          |   0.0 |  0.00
Neigh   | 0          | 0          | 0          |   0.0 |  0.00
Comm    | 0          | 0          | 0          |   0.0 |  0.00
Output  | 0          | 0          | 0          |   0.0 |  0.00
Modify  | 0          | 0          | 0          |   0.0 |  0.00
Other   |            | 1.517e-06  |            |       |100.00

Nlocal:             18 ave          18 max          18 min
Histogram: 1 0 0 0 0 0 0 0 0 0
Nghost:           3418 ave        3418 max        3418 min
Histogram: 1 0 0 0 0 0 0 0 0 0
Neighs:              0 ave           0 max           0 min
Histogram: 1 0 0 0 0 0 0 0 0 0
FullNghs:        15060 ave       15060 max       15060 min
Histogram: 1 0 0 0 0 0 0 0 0 0

Total # of neighbors = 15060
Ave neighs/atom = 836.66667
Neighbor list builds = 0
Dangerous builds = 0
set atom * x 0.0 y 0.0 z 0.0
Setting atom values ...
  18 settings made for x
  18 settings made for y
  18 settings made for z
change_box all     x final 0 2.544323834111963 y final 0 8.35661756541351 z final 0 7.7250517268690055      xy final 1.3903556336045615 xz final -2.3686868495188262 yz final -3.779932778077981 units box
Changing box ...
  triclinic box = (0 0 0) to (2.5443238 8.3456878 7.6979372) with tilt (1.4272534 -2.3728902 -3.8362978)
  triclinic box = (0 0 0) to (2.5443238 8.3566176 7.6979372) with tilt (1.4272534 -2.3728902 -3.8362978)
  triclinic box = (0 0 0) to (2.5443238 8.3566176 7.7250517) with tilt (1.4272534 -2.3728902 -3.8362978)
  triclinic box = (0 0 0) to (2.5443238 8.3566176 7.7250517) with tilt (1.3903556 -2.3728902 -3.8362978)
  triclinic box = (0 0 0) to (2.5443238 8.3566176 7.7250517) with tilt (1.3903556 -2.3686868 -3.8362978)
  triclinic box = (0 0 0) to (2.5443238 8.3566176 7.7250517) with tilt (1.3903556 -2.3686868 -3.7799328)
echo none
run 0
Per MPI rank memory allocation (min/avg/max) = 3.928 | 3.928 | 3.928 Mbytes
    PotEng          Pxx           E_mol          E_coul    
-76.894186     -334.15139      0              0            
Loop time of 1.486e-06 on 1 procs for 0 steps with 18 atoms

942.1% CPU use with 1 MPI tasks x 1 OpenMP threads

MPI task timing breakdown:
Section |  min time  |  avg time  |  max time  |%varavg| %total
---------------------------------------------------------------
Pair    | 0          | 0          | 0          |   0.0 |  0.00
Neigh   | 0          | 0          | 0          |   0.0 |  0.00
Comm    | 0          | 0          | 0          |   0.0 |  0.00
Output  | 0          | 0          | 0          |   0.0 |  0.00
Modify  | 0          | 0          | 0          |   0.0 |  0.00
Other   |            | 1.486e-06  |            |       |100.00

Nlocal:             18 ave          18 max          18 min
Histogram: 1 0 0 0 0 0 0 0 0 0
Nghost:           3378 ave        3378 max        3378 min
Histogram: 1 0 0 0 0 0 0 0 0 0
Neighs:              0 ave           0 max           0 min
Histogram: 1 0 0 0 0 0 0 0 0 0
FullNghs:        15036 ave       15036 max       15036 min
Histogram: 1 0 0 0 0 0 0 0 0 0

Total # of neighbors = 15036
Ave neighs/atom = 835.33333
Neighbor list builds = 0
Dangerous builds = 0
set atom * x 0.0 y 0.0 z 0.0
Setting atom values ...
  18 settings made for x
  18 settings made for y
  18 settings made for z
change_box all     x final 0 2.544323834111964 y final 0 8.356617565413506 z final 0 7.725051726869008      xy final 1.3903556336045575 xz final -2.368686849518828 yz final -3.7799327780779826 units box
Changing box ...
  triclinic box = (0 0 0) to (2.5443238 8.3566176 7.7250517) with tilt (1.3903556 -2.3686868 -3.7799328)
  triclinic box = (0 0 0) to (2.5443238 8.3566176 7.7250517) with tilt (1.3903556 -2.3686868 -3.7799328)
  triclinic box = (0 0 0) to (2.5443238 8.3566176 7.7250517) with tilt (1.3903556 -2.3686868 -3.7799328)
  triclinic box = (0 0 0) to (2.5443238 8.3566176 7.7250517) with tilt (1.3903556 -2.3686868 -3.7799328)
  triclinic box = (0 0 0) to (2.5443238 8.3566176 7.7250517) with tilt (1.3903556 -2.3686868 -3.7799328)
  triclinic box = (0 0 0) to (2.5443238 8.3566176 7.7250517) with tilt (1.3903556 -2.3686868 -3.7799328)
echo none
run 0
Per MPI rank memory allocation (min/avg/max) = 3.928 | 3.928 | 3.928 Mbytes
    PotEng          Pxx           E_mol          E_coul    
-76.894186     -334.15139      0              0            
Loop time of 4.459e-06 on 1 procs for 0 steps with 18 atoms

1166.2% CPU use with 1 MPI tasks x 1 OpenMP threads

MPI task timing breakdown:
Section |  min time  |  avg time  |  max time  |%varavg| %total
---------------------------------------------------------------
Pair    | 0          | 0          | 0          |   0.0 |  0.00
Neigh   | 0          | 0          | 0          |   0.0 |  0.00
Comm    | 0          | 0          | 0          |   0.0 |  0.00
Output  | 0          | 0          | 0          |   0.0 |  0.00
Modify  | 0          | 0          | 0          |   0.0 |  0.00
Other   |            | 4.459e-06  |            |       |100.00

Nlocal:             18 ave          18 max          18 min
Histogram: 1 0 0 0 0 0 0 0 0 0
Nghost:           3378 ave        3378 max        3378 min
Histogram: 1 0 0 0 0 0 0 0 0 0
Neighs:              0 ave           0 max           0 min
Histogram: 1 0 0 0 0 0 0 0 0 0
FullNghs:        15036 ave       15036 max       15036 min
Histogram: 1 0 0 0 0 0 0 0 0 0

Total # of neighbors = 15036
Ave neighs/atom = 835.33333
Neighbor list builds = 0
Dangerous builds = 0
set atom * x 0.0 y 0.0 z 0.0
Setting atom values ...
  18 settings made for x
  18 settings made for y
  18 settings made for z
change_box all     x final 0 2.5443617290174703 y final 0 8.373866582297278 z final 0 7.6888717887075675      xy final 1.3615123064966494 xz final -2.38333065049588 yz final -3.9064833310579803 units box
Changing box ...
  triclinic box = (0 0 0) to (2.5443617 8.3566176 7.7250517) with tilt (1.3903556 -2.3686868 -3.7799328)
  triclinic box = (0 0 0) to (2.5443617 8.3738666 7.7250517) with tilt (1.3903556 -2.3686868 -3.7799328)
  triclinic box = (0 0 0) to (2.5443617 8.3738666 7.6888718) with tilt (1.3903556 -2.3686868 -3.7799328)
  triclinic box = (0 0 0) to (2.5443617 8.3738666 7.6888718) with tilt (1.3615123 -2.3686868 -3.7799328)
  triclinic box = (0 0 0) to (2.5443617 8.3738666 7.6888718) with tilt (1.3615123 -2.3833307 -3.7799328)
  triclinic box = (0 0 0) to (2.5443617 8.3738666 7.6888718) with tilt (1.3615123 -2.3833307 -3.9064833)
echo none
run 0
Per MPI rank memory allocation (min/avg/max) = 3.928 | 3.928 | 3.928 Mbytes
    PotEng          Pxx           E_mol          E_coul    
-76.894393     -476.98938      0              0            
Loop time of 1.699e-06 on 1 procs for 0 steps with 18 atoms

941.7% CPU use with 1 MPI tasks x 1 OpenMP threads

MPI task timing breakdown:
Section |  min time  |  avg time  |  max time  |%varavg| %total
---------------------------------------------------------------
Pair    | 0          | 0          | 0          |   0.0 |  0.00
Neigh   | 0          | 0          | 0          |   0.0 |  0.00
Comm    | 0          | 0          | 0          |   0.0 |  0.00
Output  | 0          | 0          | 0          |   0.0 |  0.00
Modify  | 0          | 0          | 0          |   0.0 |  0.00
Other   |            | 1.699e-06  |            |       |100.00

Nlocal:             18 ave          18 max          18 min
Histogram: 1 0 0 0 0 0 0 0 0 0
Nghost:           3418 ave        3418 max        3418 min
Histogram: 1 0 0 0 0 0 0 0 0 0
Neighs:              0 ave           0 max           0 min
Histogram: 1 0 0 0 0 0 0 0 0 0
FullNghs:        15044 ave       15044 max       15044 min
Histogram: 1 0 0 0 0 0 0 0 0 0

Total # of neighbors = 15044
Ave neighs/atom = 835.77778
Neighbor list builds = 0
Dangerous builds = 0
set atom * x 0.0 y 0.0 z 0.0
Setting atom values ...
  18 settings made for x
  18 settings made for y
  18 settings made for z
change_box all     x final 0 2.54434096509325 y final 0 8.365327315503299 z final 0 7.7066000780845005      xy final 1.3755210213115832 xz final -2.37624514125078 yz final -3.8449403950052123 units box
Changing box ...
  triclinic box = (0 0 0) to (2.544341 8.3738666 7.6888718) with tilt (1.3615123 -2.3833307 -3.9064833)
  triclinic box = (0 0 0) to (2.544341 8.3653273 7.6888718) with tilt (1.3615123 -2.3833307 -3.9064833)
  triclinic box = (0 0 0) to (2.544341 8.3653273 7.7066001) with tilt (1.3615123 -2.3833307 -3.9064833)
  triclinic box = (0 0 0) to (2.544341 8.3653273 7.7066001) with tilt (1.375521 -2.3833307 -3.9064833)
  triclinic box = (0 0 0) to (2.544341 8.3653273 7.7066001) with tilt (1.375521 -2.3762451 -3.9064833)
  triclinic box = (0 0 0) to (2.544341 8.3653273 7.7066001) with tilt (1.375521 -2.3762451 -3.8449404)
echo none
run 0
Per MPI rank memory allocation (min/avg/max) = 3.928 | 3.928 | 3.928 Mbytes
    PotEng          Pxx           E_mol          E_coul    
-76.894858     -393.82495      0              0            
Loop time of 1.518e-06 on 1 procs for 0 steps with 18 atoms

922.3% CPU use with 1 MPI tasks x 1 OpenMP threads

MPI task timing breakdown:
Section |  min time  |  avg time  |  max time  |%varavg| %total
---------------------------------------------------------------
Pair    | 0          | 0          | 0          |   0.0 |  0.00
Neigh   | 0          | 0          | 0          |   0.0 |  0.00
Comm    | 0          | 0          | 0          |   0.0 |  0.00
Output  | 0          | 0          | 0          |   0.0 |  0.00
Modify  | 0          | 0          | 0          |   0.0 |  0.00
Other   |            | 1.518e-06  |            |       |100.00

Nlocal:             18 ave          18 max          18 min
Histogram: 1 0 0 0 0 0 0 0 0 0
Nghost:           3418 ave        3418 max        3418 min
Histogram: 1 0 0 0 0 0 0 0 0 0
Neighs:              0 ave           0 max           0 min
Histogram: 1 0 0 0 0 0 0 0 0 0
FullNghs:        15036 ave       15036 max       15036 min
Histogram: 1 0 0 0 0 0 0 0 0 0

Total # of neighbors = 15036
Ave neighs/atom = 835.33333
Neighbor list builds = 0
Dangerous builds = 0
set atom * x 0.0 y 0.0 z 0.0
Setting atom values ...
  18 settings made for x
  18 settings made for y
  18 settings made for z
change_box all     x final 0 2.544340965093248 y final 0 8.365327315503297 z final 0 7.706600078084498      xy final 1.375521021311586 xz final -2.376245141250776 yz final -3.8449403950052115 units box
Changing box ...
  triclinic box = (0 0 0) to (2.544341 8.3653273 7.7066001) with tilt (1.375521 -2.3762451 -3.8449404)
  triclinic box = (0 0 0) to (2.544341 8.3653273 7.7066001) with tilt (1.375521 -2.3762451 -3.8449404)
  triclinic box = (0 0 0) to (2.544341 8.3653273 7.7066001) with tilt (1.375521 -2.3762451 -3.8449404)
  triclinic box = (0 0 0) to (2.544341 8.3653273 7.7066001) with tilt (1.375521 -2.3762451 -3.8449404)
  triclinic box = (0 0 0) to (2.544341 8.3653273 7.7066001) with tilt (1.375521 -2.3762451 -3.8449404)
  triclinic box = (0 0 0) to (2.544341 8.3653273 7.7066001) with tilt (1.375521 -2.3762451 -3.8449404)
echo none
run 0
Per MPI rank memory allocation (min/avg/max) = 3.928 | 3.928 | 3.928 Mbytes
    PotEng          Pxx           E_mol          E_coul    
-76.894858     -393.82495      0              0            
Loop time of 2.176e-06 on 1 procs for 0 steps with 18 atoms

643.4% CPU use with 1 MPI tasks x 1 OpenMP threads

MPI task timing breakdown:
Section |  min time  |  avg time  |  max time  |%varavg| %total
---------------------------------------------------------------
Pair    | 0          | 0          | 0          |   0.0 |  0.00
Neigh   | 0          | 0          | 0          |   0.0 |  0.00
Comm    | 0          | 0          | 0          |   0.0 |  0.00
Output  | 0          | 0          | 0          |   0.0 |  0.00
Modify  | 0          | 0          | 0          |   0.0 |  0.00
Other   |            | 2.176e-06  |            |       |100.00

Nlocal:             18 ave          18 max          18 min
Histogram: 1 0 0 0 0 0 0 0 0 0
Nghost:           3418 ave        3418 max        3418 min
Histogram: 1 0 0 0 0 0 0 0 0 0
Neighs:              0 ave           0 max           0 min
Histogram: 1 0 0 0 0 0 0 0 0 0
FullNghs:        15036 ave       15036 max       15036 min
Histogram: 1 0 0 0 0 0 0 0 0 0

Total # of neighbors = 15036
Ave neighs/atom = 835.33333
Neighbor list builds = 0
Dangerous builds = 0
set atom * x 0.0 y 0.0 z 0.0
Setting atom values ...
  18 settings made for x
  18 settings made for y
  18 settings made for z
change_box all     x final 0 2.544503984386923 y final 0 8.36459450813041 z final 0 7.693972546995365      xy final 1.412913074608368 xz final -2.422001515037532 yz final -3.9068131079456268 units box
Changing box ...
  triclinic box = (0 0 0) to (2.544504 8.3653273 7.7066001) with tilt (1.375521 -2.3762451 -3.8449404)
  triclinic box = (0 0 0) to (2.544504 8.3645945 7.7066001) with tilt (1.375521 -2.3762451 -3.8449404)
  triclinic box = (0 0 0) to (2.544504 8.3645945 7.6939725) with tilt (1.375521 -2.3762451 -3.8449404)
  triclinic box = (0 0 0) to (2.544504 8.3645945 7.6939725) with tilt (1.4129131 -2.3762451 -3.8449404)
  triclinic box = (0 0 0) to (2.544504 8.3645945 7.6939725) with tilt (1.4129131 -2.4220015 -3.8449404)
  triclinic box = (0 0 0) to (2.544504 8.3645945 7.6939725) with tilt (1.4129131 -2.4220015 -3.9068131)
echo none
run 0
Per MPI rank memory allocation (min/avg/max) = 3.928 | 3.928 | 3.928 Mbytes
    PotEng          Pxx           E_mol          E_coul    
-76.895836     -219.35008      0              0            
Loop time of 1.178e-06 on 1 procs for 0 steps with 18 atoms

509.3% CPU use with 1 MPI tasks x 1 OpenMP threads

MPI task timing breakdown:
Section |  min time  |  avg time  |  max time  |%varavg| %total
---------------------------------------------------------------
Pair    | 0          | 0          | 0          |   0.0 |  0.00
Neigh   | 0          | 0          | 0          |   0.0 |  0.00
Comm    | 0          | 0          | 0          |   0.0 |  0.00
Output  | 0          | 0          | 0          |   0.0 |  0.00
Modify  | 0          | 0          | 0          |   0.0 |  0.00
Other   |            | 1.178e-06  |            |       |100.00

Nlocal:             18 ave          18 max          18 min
Histogram: 1 0 0 0 0 0 0 0 0 0
Nghost:           3438 ave        3438 max        3438 min
Histogram: 1 0 0 0 0 0 0 0 0 0
Neighs:              0 ave           0 max           0 min
Histogram: 1 0 0 0 0 0 0 0 0 0
FullNghs:        15038 ave       15038 max       15038 min
Histogram: 1 0 0 0 0 0 0 0 0 0

Total # of neighbors = 15038
Ave neighs/atom = 835.44444
Neighbor list builds = 0
Dangerous builds = 0
set atom * x 0.0 y 0.0 z 0.0
Setting atom values ...
  18 settings made for x
  18 settings made for y
  18 settings made for z
change_box all     x final 0 2.5445039843869224 y final 0 8.364594508130406 z final 0 7.6939725469953615      xy final 1.4129130746083653 xz final -2.4220015150375307 yz final -3.906813107945626 units box
Changing box ...
  triclinic box = (0 0 0) to (2.544504 8.3645945 7.6939725) with tilt (1.4129131 -2.4220015 -3.9068131)
  triclinic box = (0 0 0) to (2.544504 8.3645945 7.6939725) with tilt (1.4129131 -2.4220015 -3.9068131)
  triclinic box = (0 0 0) to (2.544504 8.3645945 7.6939725) with tilt (1.4129131 -2.4220015 -3.9068131)
  triclinic box = (0 0 0) to (2.544504 8.3645945 7.6939725) with tilt (1.4129131 -2.4220015 -3.9068131)
  triclinic box = (0 0 0) to (2.544504 8.3645945 7.6939725) with tilt (1.4129131 -2.4220015 -3.9068131)
  triclinic box = (0 0 0) to (2.544504 8.3645945 7.6939725) with tilt (1.4129131 -2.4220015 -3.9068131)
echo none
run 0
Per MPI rank memory allocation (min/avg/max) = 3.928 | 3.928 | 3.928 Mbytes
    PotEng          Pxx           E_mol          E_coul    
-76.895836     -219.35008      0              0            
Loop time of 1.566e-06 on 1 procs for 0 steps with 18 atoms

957.9% CPU use with 1 MPI tasks x 1 OpenMP threads

MPI task timing breakdown:
Section |  min time  |  avg time  |  max time  |%varavg| %total
---------------------------------------------------------------
Pair    | 0          | 0          | 0          |   0.0 |  0.00
Neigh   | 0          | 0          | 0          |   0.0 |  0.00
Comm    | 0          | 0          | 0          |   0.0 |  0.00
Output  | 0          | 0          | 0          |   0.0 |  0.00
Modify  | 0          | 0          | 0          |   0.0 |  0.00
Other   |            | 1.566e-06  |            |       |100.00

Nlocal:             18 ave          18 max          18 min
Histogram: 1 0 0 0 0 0 0 0 0 0
Nghost:           3438 ave        3438 max        3438 min
Histogram: 1 0 0 0 0 0 0 0 0 0
Neighs:              0 ave           0 max           0 min
Histogram: 1 0 0 0 0 0 0 0 0 0
FullNghs:        15038 ave       15038 max       15038 min
Histogram: 1 0 0 0 0 0 0 0 0 0

Total # of neighbors = 15038
Ave neighs/atom = 835.44444
Neighbor list builds = 0
Dangerous builds = 0
set atom * x 0.0 y 0.0 z 0.0
Setting atom values ...
  18 settings made for x
  18 settings made for y
  18 settings made for z
change_box all     x final 0 2.544188391486548 y final 0 8.343571191810248 z final 0 7.657034829147697      xy final 1.3960940668987112 xz final -2.382612587371761 yz final -3.9897597345294176 units box
Changing box ...
  triclinic box = (0 0 0) to (2.5441884 8.3645945 7.6939725) with tilt (1.4129131 -2.4220015 -3.9068131)
  triclinic box = (0 0 0) to (2.5441884 8.3435712 7.6939725) with tilt (1.4129131 -2.4220015 -3.9068131)
  triclinic box = (0 0 0) to (2.5441884 8.3435712 7.6570348) with tilt (1.4129131 -2.4220015 -3.9068131)
  triclinic box = (0 0 0) to (2.5441884 8.3435712 7.6570348) with tilt (1.3960941 -2.4220015 -3.9068131)
  triclinic box = (0 0 0) to (2.5441884 8.3435712 7.6570348) with tilt (1.3960941 -2.3826126 -3.9068131)
  triclinic box = (0 0 0) to (2.5441884 8.3435712 7.6570348) with tilt (1.3960941 -2.3826126 -3.9897597)
echo none
run 0
Per MPI rank memory allocation (min/avg/max) = 3.929 | 3.929 | 3.929 Mbytes
    PotEng          Pxx           E_mol          E_coul    
-76.896577     -128.12611      0              0            
Loop time of 1.592e-06 on 1 procs for 0 steps with 18 atoms

1130.7% CPU use with 1 MPI tasks x 1 OpenMP threads

MPI task timing breakdown:
Section |  min time  |  avg time  |  max time  |%varavg| %total
---------------------------------------------------------------
Pair    | 0          | 0          | 0          |   0.0 |  0.00
Neigh   | 0          | 0          | 0          |   0.0 |  0.00
Comm    | 0          | 0          | 0          |   0.0 |  0.00
Output  | 0          | 0          | 0          |   0.0 |  0.00
Modify  | 0          | 0          | 0          |   0.0 |  0.00
Other   |            | 1.592e-06  |            |       |100.00

Nlocal:             18 ave          18 max          18 min
Histogram: 1 0 0 0 0 0 0 0 0 0
Nghost:           3506 ave        3506 max        3506 min
Histogram: 1 0 0 0 0 0 0 0 0 0
Neighs:              0 ave           0 max           0 min
Histogram: 1 0 0 0 0 0 0 0 0 0
FullNghs:        15148 ave       15148 max       15148 min
Histogram: 1 0 0 0 0 0 0 0 0 0

Total # of neighbors = 15148
Ave neighs/atom = 841.55556
Neighbor list builds = 0
Dangerous builds = 0
set atom * x 0.0 y 0.0 z 0.0
Setting atom values ...
  18 settings made for x
  18 settings made for y
  18 settings made for z
change_box all     x final 0 2.544188391486549 y final 0 8.343571191810243 z final 0 7.657034829147696      xy final 1.3960940668987099 xz final -2.3826125873717623 yz final -3.989759734529419 units box
Changing box ...
  triclinic box = (0 0 0) to (2.5441884 8.3435712 7.6570348) with tilt (1.3960941 -2.3826126 -3.9897597)
  triclinic box = (0 0 0) to (2.5441884 8.3435712 7.6570348) with tilt (1.3960941 -2.3826126 -3.9897597)
  triclinic box = (0 0 0) to (2.5441884 8.3435712 7.6570348) with tilt (1.3960941 -2.3826126 -3.9897597)
  triclinic box = (0 0 0) to (2.5441884 8.3435712 7.6570348) with tilt (1.3960941 -2.3826126 -3.9897597)
  triclinic box = (0 0 0) to (2.5441884 8.3435712 7.6570348) with tilt (1.3960941 -2.3826126 -3.9897597)
  triclinic box = (0 0 0) to (2.5441884 8.3435712 7.6570348) with tilt (1.3960941 -2.3826126 -3.9897597)
echo none
run 0
Per MPI rank memory allocation (min/avg/max) = 3.929 | 3.929 | 3.929 Mbytes
    PotEng          Pxx           E_mol          E_coul    
-76.896577     -128.12611      0              0            
Loop time of 1.536e-06 on 1 procs for 0 steps with 18 atoms

1041.7% CPU use with 1 MPI tasks x 1 OpenMP threads

MPI task timing breakdown:
Section |  min time  |  avg time  |  max time  |%varavg| %total
---------------------------------------------------------------
Pair    | 0          | 0          | 0          |   0.0 |  0.00
Neigh   | 0          | 0          | 0          |   0.0 |  0.00
Comm    | 0          | 0          | 0          |   0.0 |  0.00
Output  | 0          | 0          | 0          |   0.0 |  0.00
Modify  | 0          | 0          | 0          |   0.0 |  0.00
Other   |            | 1.536e-06  |            |       |100.00

Nlocal:             18 ave          18 max          18 min
Histogram: 1 0 0 0 0 0 0 0 0 0
Nghost:           3506 ave        3506 max        3506 min
Histogram: 1 0 0 0 0 0 0 0 0 0
Neighs:              0 ave           0 max           0 min
Histogram: 1 0 0 0 0 0 0 0 0 0
FullNghs:        15148 ave       15148 max       15148 min
Histogram: 1 0 0 0 0 0 0 0 0 0

Total # of neighbors = 15148
Ave neighs/atom = 841.55556
Neighbor list builds = 0
Dangerous builds = 0
set atom * x 0.0 y 0.0 z 0.0
Setting atom values ...
  18 settings made for x
  18 settings made for y
  18 settings made for z
change_box all     x final 0 2.544051681888675 y final 0 8.349996871796266 z final 0 7.65251706648455      xy final 1.3907118012816089 xz final -2.424886315370875 yz final -4.006700664315852 units box
Changing box ...
  triclinic box = (0 0 0) to (2.5440517 8.3435712 7.6570348) with tilt (1.3960941 -2.3826126 -3.9897597)
  triclinic box = (0 0 0) to (2.5440517 8.3499969 7.6570348) with tilt (1.3960941 -2.3826126 -3.9897597)
  triclinic box = (0 0 0) to (2.5440517 8.3499969 7.6525171) with tilt (1.3960941 -2.3826126 -3.9897597)
  triclinic box = (0 0 0) to (2.5440517 8.3499969 7.6525171) with tilt (1.3907118 -2.3826126 -3.9897597)
  triclinic box = (0 0 0) to (2.5440517 8.3499969 7.6525171) with tilt (1.3907118 -2.4248863 -3.9897597)
  triclinic box = (0 0 0) to (2.5440517 8.3499969 7.6525171) with tilt (1.3907118 -2.4248863 -4.0067007)
echo none
run 0
Per MPI rank memory allocation (min/avg/max) = 3.929 | 3.929 | 3.929 Mbytes
    PotEng          Pxx           E_mol          E_coul    
-76.897062      35.269311      0              0            
Loop time of 1.504e-06 on 1 procs for 0 steps with 18 atoms

864.4% CPU use with 1 MPI tasks x 1 OpenMP threads

MPI task timing breakdown:
Section |  min time  |  avg time  |  max time  |%varavg| %total
---------------------------------------------------------------
Pair    | 0          | 0          | 0          |   0.0 |  0.00
Neigh   | 0          | 0          | 0          |   0.0 |  0.00
Comm    | 0          | 0          | 0          |   0.0 |  0.00
Output  | 0          | 0          | 0          |   0.0 |  0.00
Modify  | 0          | 0          | 0          |   0.0 |  0.00
Other   |            | 1.504e-06  |            |       |100.00

Nlocal:             18 ave          18 max          18 min
Histogram: 1 0 0 0 0 0 0 0 0 0
Nghost:           3506 ave        3506 max        3506 min
Histogram: 1 0 0 0 0 0 0 0 0 0
Neighs:              0 ave           0 max           0 min
Histogram: 1 0 0 0 0 0 0 0 0 0
FullNghs:        15138 ave       15138 max       15138 min
Histogram: 1 0 0 0 0 0 0 0 0 0

Total # of neighbors = 15138
Ave neighs/atom = 841
Neighbor list builds = 0
Dangerous builds = 0
set atom * x 0.0 y 0.0 z 0.0
Setting atom values ...
  18 settings made for x
  18 settings made for y
  18 settings made for z
change_box all     x final 0 2.5440516818886763 y final 0 8.34999687179626 z final 0 7.652517066484548      xy final 1.3907118012816078 xz final -2.4248863153708786 yz final -4.006700664315852 units box
Changing box ...
  triclinic box = (0 0 0) to (2.5440517 8.3499969 7.6525171) with tilt (1.3907118 -2.4248863 -4.0067007)
  triclinic box = (0 0 0) to (2.5440517 8.3499969 7.6525171) with tilt (1.3907118 -2.4248863 -4.0067007)
  triclinic box = (0 0 0) to (2.5440517 8.3499969 7.6525171) with tilt (1.3907118 -2.4248863 -4.0067007)
  triclinic box = (0 0 0) to (2.5440517 8.3499969 7.6525171) with tilt (1.3907118 -2.4248863 -4.0067007)
  triclinic box = (0 0 0) to (2.5440517 8.3499969 7.6525171) with tilt (1.3907118 -2.4248863 -4.0067007)
  triclinic box = (0 0 0) to (2.5440517 8.3499969 7.6525171) with tilt (1.3907118 -2.4248863 -4.0067007)
echo none
run 0
Per MPI rank memory allocation (min/avg/max) = 3.929 | 3.929 | 3.929 Mbytes
    PotEng          Pxx           E_mol          E_coul    
-76.897062      35.269311      0              0            
Loop time of 1.382e-06 on 1 procs for 0 steps with 18 atoms

1013.0% CPU use with 1 MPI tasks x 1 OpenMP threads

MPI task timing breakdown:
Section |  min time  |  avg time  |  max time  |%varavg| %total
---------------------------------------------------------------
Pair    | 0          | 0          | 0          |   0.0 |  0.00
Neigh   | 0          | 0          | 0          |   0.0 |  0.00
Comm    | 0          | 0          | 0          |   0.0 |  0.00
Output  | 0          | 0          | 0          |   0.0 |  0.00
Modify  | 0          | 0          | 0          |   0.0 |  0.00
Other   |            | 1.382e-06  |            |       |100.00

Nlocal:             18 ave          18 max          18 min
Histogram: 1 0 0 0 0 0 0 0 0 0
Nghost:           3506 ave        3506 max        3506 min
Histogram: 1 0 0 0 0 0 0 0 0 0
Neighs:              0 ave           0 max           0 min
Histogram: 1 0 0 0 0 0 0 0 0 0
FullNghs:        15138 ave       15138 max       15138 min
Histogram: 1 0 0 0 0 0 0 0 0 0

Total # of neighbors = 15138
Ave neighs/atom = 841
Neighbor list builds = 0
Dangerous builds = 0
set atom * x 0.0 y 0.0 z 0.0
Setting atom values ...
  18 settings made for x
  18 settings made for y
  18 settings made for z
change_box all     x final 0 2.544194184436396 y final 0 8.341856883698222 z final 0 7.643612485503752      xy final 1.4143290185881225 xz final -2.427145300448317 yz final -4.045430697090516 units box
Changing box ...
  triclinic box = (0 0 0) to (2.5441942 8.3499969 7.6525171) with tilt (1.3907118 -2.4248863 -4.0067007)
  triclinic box = (0 0 0) to (2.5441942 8.3418569 7.6525171) with tilt (1.3907118 -2.4248863 -4.0067007)
  triclinic box = (0 0 0) to (2.5441942 8.3418569 7.6436125) with tilt (1.3907118 -2.4248863 -4.0067007)
  triclinic box = (0 0 0) to (2.5441942 8.3418569 7.6436125) with tilt (1.414329 -2.4248863 -4.0067007)
  triclinic box = (0 0 0) to (2.5441942 8.3418569 7.6436125) with tilt (1.414329 -2.4271453 -4.0067007)
  triclinic box = (0 0 0) to (2.5441942 8.3418569 7.6436125) with tilt (1.414329 -2.4271453 -4.0454307)
echo none
run 0
Per MPI rank memory allocation (min/avg/max) = 3.929 | 3.929 | 3.929 Mbytes
    PotEng          Pxx           E_mol          E_coul    
-76.897483      120.99064      0              0            
Loop time of 1.856e-06 on 1 procs for 0 steps with 18 atoms

754.3% CPU use with 1 MPI tasks x 1 OpenMP threads

MPI task timing breakdown:
Section |  min time  |  avg time  |  max time  |%varavg| %total
---------------------------------------------------------------
Pair    | 0          | 0          | 0          |   0.0 |  0.00
Neigh   | 0          | 0          | 0          |   0.0 |  0.00
Comm    | 0          | 0          | 0          |   0.0 |  0.00
Output  | 0          | 0          | 0          |   0.0 |  0.00
Modify  | 0          | 0          | 0          |   0.0 |  0.00
Other   |            | 1.856e-06  |            |       |100.00

Nlocal:             18 ave          18 max          18 min
Histogram: 1 0 0 0 0 0 0 0 0 0
Nghost:           3506 ave        3506 max        3506 min
Histogram: 1 0 0 0 0 0 0 0 0 0
Neighs:              0 ave           0 max           0 min
Histogram: 1 0 0 0 0 0 0 0 0 0
FullNghs:        15154 ave       15154 max       15154 min
Histogram: 1 0 0 0 0 0 0 0 0 0

Total # of neighbors = 15154
Ave neighs/atom = 841.88889
Neighbor list builds = 0
Dangerous builds = 0
set atom * x 0.0 y 0.0 z 0.0
Setting atom values ...
  18 settings made for x
  18 settings made for y
  18 settings made for z
change_box all     x final 0 2.544194184436398 y final 0 8.341856883698219 z final 0 7.643612485503752      xy final 1.4143290185881277 xz final -2.42714530044832 yz final -4.045430697090514 units box
Changing box ...
  triclinic box = (0 0 0) to (2.5441942 8.3418569 7.6436125) with tilt (1.414329 -2.4271453 -4.0454307)
  triclinic box = (0 0 0) to (2.5441942 8.3418569 7.6436125) with tilt (1.414329 -2.4271453 -4.0454307)
  triclinic box = (0 0 0) to (2.5441942 8.3418569 7.6436125) with tilt (1.414329 -2.4271453 -4.0454307)
  triclinic box = (0 0 0) to (2.5441942 8.3418569 7.6436125) with tilt (1.414329 -2.4271453 -4.0454307)
  triclinic box = (0 0 0) to (2.5441942 8.3418569 7.6436125) with tilt (1.414329 -2.4271453 -4.0454307)
  triclinic box = (0 0 0) to (2.5441942 8.3418569 7.6436125) with tilt (1.414329 -2.4271453 -4.0454307)
echo none
run 0
Per MPI rank memory allocation (min/avg/max) = 3.929 | 3.929 | 3.929 Mbytes
    PotEng          Pxx           E_mol          E_coul    
-76.897483      120.99064      0              0            
Loop time of 1.77e-06 on 1 procs for 0 steps with 18 atoms

960.5% CPU use with 1 MPI tasks x 1 OpenMP threads

MPI task timing breakdown:
Section |  min time  |  avg time  |  max time  |%varavg| %total
---------------------------------------------------------------
Pair    | 0          | 0          | 0          |   0.0 |  0.00
Neigh   | 0          | 0          | 0          |   0.0 |  0.00
Comm    | 0          | 0          | 0          |   0.0 |  0.00
Output  | 0          | 0          | 0          |   0.0 |  0.00
Modify  | 0          | 0          | 0          |   0.0 |  0.00
Other   |            | 1.77e-06   |            |       |100.00

Nlocal:             18 ave          18 max          18 min
Histogram: 1 0 0 0 0 0 0 0 0 0
Nghost:           3506 ave        3506 max        3506 min
Histogram: 1 0 0 0 0 0 0 0 0 0
Neighs:              0 ave           0 max           0 min
Histogram: 1 0 0 0 0 0 0 0 0 0
FullNghs:        15154 ave       15154 max       15154 min
Histogram: 1 0 0 0 0 0 0 0 0 0

Total # of neighbors = 15154
Ave neighs/atom = 841.88889
Neighbor list builds = 0
Dangerous builds = 0
set atom * x 0.0 y 0.0 z 0.0
Setting atom values ...
  18 settings made for x
  18 settings made for y
  18 settings made for z
change_box all     x final 0 2.5444660940145556 y final 0 8.347943891077339 z final 0 7.615098320423904      xy final 1.4291088038612034 xz final -2.4144886313816043 yz final -4.10886999128399 units box
Changing box ...
  triclinic box = (0 0 0) to (2.5444661 8.3418569 7.6436125) with tilt (1.414329 -2.4271453 -4.0454307)
  triclinic box = (0 0 0) to (2.5444661 8.3479439 7.6436125) with tilt (1.414329 -2.4271453 -4.0454307)
  triclinic box = (0 0 0) to (2.5444661 8.3479439 7.6150983) with tilt (1.414329 -2.4271453 -4.0454307)
  triclinic box = (0 0 0) to (2.5444661 8.3479439 7.6150983) with tilt (1.4291088 -2.4271453 -4.0454307)
  triclinic box = (0 0 0) to (2.5444661 8.3479439 7.6150983) with tilt (1.4291088 -2.4144886 -4.0454307)
  triclinic box = (0 0 0) to (2.5444661 8.3479439 7.6150983) with tilt (1.4291088 -2.4144886 -4.10887)
echo none
run 0
Per MPI rank memory allocation (min/avg/max) = 3.929 | 3.929 | 3.929 Mbytes
    PotEng          Pxx           E_mol          E_coul    
-76.897664     -232.02745      0              0            
Loop time of 1.676e-06 on 1 procs for 0 steps with 18 atoms

1074.0% CPU use with 1 MPI tasks x 1 OpenMP threads

MPI task timing breakdown:
Section |  min time  |  avg time  |  max time  |%varavg| %total
---------------------------------------------------------------
Pair    | 0          | 0          | 0          |   0.0 |  0.00
Neigh   | 0          | 0          | 0          |   0.0 |  0.00
Comm    | 0          | 0          | 0          |   0.0 |  0.00
Output  | 0          | 0          | 0          |   0.0 |  0.00
Modify  | 0          | 0          | 0          |   0.0 |  0.00
Other   |            | 1.676e-06  |            |       |100.00

Nlocal:             18 ave          18 max          18 min
Histogram: 1 0 0 0 0 0 0 0 0 0
Nghost:           3526 ave        3526 max        3526 min
Histogram: 1 0 0 0 0 0 0 0 0 0
Neighs:              0 ave           0 max           0 min
Histogram: 1 0 0 0 0 0 0 0 0 0
FullNghs:        15184 ave       15184 max       15184 min
Histogram: 1 0 0 0 0 0 0 0 0 0

Total # of neighbors = 15184
Ave neighs/atom = 843.55556
Neighbor list builds = 0
Dangerous builds = 0
set atom * x 0.0 y 0.0 z 0.0
Setting atom values ...
  18 settings made for x
  18 settings made for y
  18 settings made for z
change_box all     x final 0 2.5444660940145556 y final 0 8.347943891077339 z final 0 7.615098320423904      xy final 1.4291088038612019 xz final -2.4144886313816047 yz final -4.108869991283991 units box
Changing box ...
  triclinic box = (0 0 0) to (2.5444661 8.3479439 7.6150983) with tilt (1.4291088 -2.4144886 -4.10887)
  triclinic box = (0 0 0) to (2.5444661 8.3479439 7.6150983) with tilt (1.4291088 -2.4144886 -4.10887)
  triclinic box = (0 0 0) to (2.5444661 8.3479439 7.6150983) with tilt (1.4291088 -2.4144886 -4.10887)
  triclinic box = (0 0 0) to (2.5444661 8.3479439 7.6150983) with tilt (1.4291088 -2.4144886 -4.10887)
  triclinic box = (0 0 0) to (2.5444661 8.3479439 7.6150983) with tilt (1.4291088 -2.4144886 -4.10887)
  triclinic box = (0 0 0) to (2.5444661 8.3479439 7.6150983) with tilt (1.4291088 -2.4144886 -4.10887)
echo none
run 0
Per MPI rank memory allocation (min/avg/max) = 3.929 | 3.929 | 3.929 Mbytes
    PotEng          Pxx           E_mol          E_coul    
-76.897664     -232.02745      0              0            
Loop time of 1.683e-06 on 1 procs for 0 steps with 18 atoms

772.4% CPU use with 1 MPI tasks x 1 OpenMP threads

MPI task timing breakdown:
Section |  min time  |  avg time  |  max time  |%varavg| %total
---------------------------------------------------------------
Pair    | 0          | 0          | 0          |   0.0 |  0.00
Neigh   | 0          | 0          | 0          |   0.0 |  0.00
Comm    | 0          | 0          | 0          |   0.0 |  0.00
Output  | 0          | 0          | 0          |   0.0 |  0.00
Modify  | 0          | 0          | 0          |   0.0 |  0.00
Other   |            | 1.683e-06  |            |       |100.00

Nlocal:             18 ave          18 max          18 min
Histogram: 1 0 0 0 0 0 0 0 0 0
Nghost:           3526 ave        3526 max        3526 min
Histogram: 1 0 0 0 0 0 0 0 0 0
Neighs:              0 ave           0 max           0 min
Histogram: 1 0 0 0 0 0 0 0 0 0
FullNghs:        15184 ave       15184 max       15184 min
Histogram: 1 0 0 0 0 0 0 0 0 0

Total # of neighbors = 15184
Ave neighs/atom = 843.55556
Neighbor list builds = 0
Dangerous builds = 0
set atom * x 0.0 y 0.0 z 0.0
Setting atom values ...
  18 settings made for x
  18 settings made for y
  18 settings made for z
change_box all     x final 0 2.544504305686056 y final 0 8.353365838380912 z final 0 7.6204712311330765      xy final 1.4193029059581037 xz final -2.3837298648681404 yz final -4.094846066658411 units box
Changing box ...
  triclinic box = (0 0 0) to (2.5445043 8.3479439 7.6150983) with tilt (1.4291088 -2.4144886 -4.10887)
  triclinic box = (0 0 0) to (2.5445043 8.3533658 7.6150983) with tilt (1.4291088 -2.4144886 -4.10887)
  triclinic box = (0 0 0) to (2.5445043 8.3533658 7.6204712) with tilt (1.4291088 -2.4144886 -4.10887)
  triclinic box = (0 0 0) to (2.5445043 8.3533658 7.6204712) with tilt (1.4193029 -2.4144886 -4.10887)
  triclinic box = (0 0 0) to (2.5445043 8.3533658 7.6204712) with tilt (1.4193029 -2.3837299 -4.10887)
  triclinic box = (0 0 0) to (2.5445043 8.3533658 7.6204712) with tilt (1.4193029 -2.3837299 -4.0948461)
echo none
run 0
Per MPI rank memory allocation (min/avg/max) = 3.929 | 3.929 | 3.929 Mbytes
    PotEng          Pxx           E_mol          E_coul    
-76.897683     -187.29787      0              0            
Loop time of 4.0885e-05 on 1 procs for 0 steps with 18 atoms

391.3% CPU use with 1 MPI tasks x 1 OpenMP threads

MPI task timing breakdown:
Section |  min time  |  avg time  |  max time  |%varavg| %total
---------------------------------------------------------------
Pair    | 0          | 0          | 0          |   0.0 |  0.00
Neigh   | 0          | 0          | 0          |   0.0 |  0.00
Comm    | 0          | 0          | 0          |   0.0 |  0.00
Output  | 0          | 0          | 0          |   0.0 |  0.00
Modify  | 0          | 0          | 0          |   0.0 |  0.00
Other   |            | 4.088e-05  |            |       |100.00

Nlocal:             18 ave          18 max          18 min
Histogram: 1 0 0 0 0 0 0 0 0 0
Nghost:           3506 ave        3506 max        3506 min
Histogram: 1 0 0 0 0 0 0 0 0 0
Neighs:              0 ave           0 max           0 min
Histogram: 1 0 0 0 0 0 0 0 0 0
FullNghs:        15168 ave       15168 max       15168 min
Histogram: 1 0 0 0 0 0 0 0 0 0

Total # of neighbors = 15168
Ave neighs/atom = 842.66667
Neighbor list builds = 0
Dangerous builds = 0
set atom * x 0.0 y 0.0 z 0.0
Setting atom values ...
  18 settings made for x
  18 settings made for y
  18 settings made for z
change_box all     x final 0 2.544484748909115 y final 0 8.35083305555245 z final 0 7.6179693786286675      xy final 1.4238740133771772 xz final -2.3980844641876105 yz final -4.101397772081499 units box
Changing box ...
  triclinic box = (0 0 0) to (2.5444847 8.3533658 7.6204712) with tilt (1.4193029 -2.3837299 -4.0948461)
  triclinic box = (0 0 0) to (2.5444847 8.3508331 7.6204712) with tilt (1.4193029 -2.3837299 -4.0948461)
  triclinic box = (0 0 0) to (2.5444847 8.3508331 7.6179694) with tilt (1.4193029 -2.3837299 -4.0948461)
  triclinic box = (0 0 0) to (2.5444847 8.3508331 7.6179694) with tilt (1.423874 -2.3837299 -4.0948461)
  triclinic box = (0 0 0) to (2.5444847 8.3508331 7.6179694) with tilt (1.423874 -2.3980845 -4.0948461)
  triclinic box = (0 0 0) to (2.5444847 8.3508331 7.6179694) with tilt (1.423874 -2.3980845 -4.1013978)
echo none
run 0
Per MPI rank memory allocation (min/avg/max) = 3.929 | 3.929 | 3.929 Mbytes
    PotEng          Pxx           E_mol          E_coul    
-76.897741     -206.73414      0              0            
Loop time of 1.72e-06 on 1 procs for 0 steps with 18 atoms

581.4% CPU use with 1 MPI tasks x 1 OpenMP threads

MPI task timing breakdown:
Section |  min time  |  avg time  |  max time  |%varavg| %total
---------------------------------------------------------------
Pair    | 0          | 0          | 0          |   0.0 |  0.00
Neigh   | 0          | 0          | 0          |   0.0 |  0.00
Comm    | 0          | 0          | 0          |   0.0 |  0.00
Output  | 0          | 0          | 0          |   0.0 |  0.00
Modify  | 0          | 0          | 0          |   0.0 |  0.00
Other   |            | 1.72e-06   |            |       |100.00

Nlocal:             18 ave          18 max          18 min
Histogram: 1 0 0 0 0 0 0 0 0 0
Nghost:           3506 ave        3506 max        3506 min
Histogram: 1 0 0 0 0 0 0 0 0 0
Neighs:              0 ave           0 max           0 min
Histogram: 1 0 0 0 0 0 0 0 0 0
FullNghs:        15182 ave       15182 max       15182 min
Histogram: 1 0 0 0 0 0 0 0 0 0

Total # of neighbors = 15182
Ave neighs/atom = 843.44444
Neighbor list builds = 0
Dangerous builds = 0
set atom * x 0.0 y 0.0 z 0.0
Setting atom values ...
  18 settings made for x
  18 settings made for y
  18 settings made for z
change_box all     x final 0 2.544484748909116 y final 0 8.350833055552442 z final 0 7.617969378628668      xy final 1.4238740133771781 xz final -2.398084464187611 yz final -4.101397772081502 units box
Changing box ...
  triclinic box = (0 0 0) to (2.5444847 8.3508331 7.6179694) with tilt (1.423874 -2.3980845 -4.1013978)
  triclinic box = (0 0 0) to (2.5444847 8.3508331 7.6179694) with tilt (1.423874 -2.3980845 -4.1013978)
  triclinic box = (0 0 0) to (2.5444847 8.3508331 7.6179694) with tilt (1.423874 -2.3980845 -4.1013978)
  triclinic box = (0 0 0) to (2.5444847 8.3508331 7.6179694) with tilt (1.423874 -2.3980845 -4.1013978)
  triclinic box = (0 0 0) to (2.5444847 8.3508331 7.6179694) with tilt (1.423874 -2.3980845 -4.1013978)
  triclinic box = (0 0 0) to (2.5444847 8.3508331 7.6179694) with tilt (1.423874 -2.3980845 -4.1013978)
echo none
run 0
Per MPI rank memory allocation (min/avg/max) = 3.929 | 3.929 | 3.929 Mbytes
    PotEng          Pxx           E_mol          E_coul    
-76.897741     -206.73414      0              0            
Loop time of 1.41e-06 on 1 procs for 0 steps with 18 atoms

922.0% CPU use with 1 MPI tasks x 1 OpenMP threads

MPI task timing breakdown:
Section |  min time  |  avg time  |  max time  |%varavg| %total
---------------------------------------------------------------
Pair    | 0          | 0          | 0          |   0.0 |  0.00
Neigh   | 0          | 0          | 0          |   0.0 |  0.00
Comm    | 0          | 0          | 0          |   0.0 |  0.00
Output  | 0          | 0          | 0          |   0.0 |  0.00
Modify  | 0          | 0          | 0          |   0.0 |  0.00
Other   |            | 1.41e-06   |            |       |100.00

Nlocal:             18 ave          18 max          18 min
Histogram: 1 0 0 0 0 0 0 0 0 0
Nghost:           3506 ave        3506 max        3506 min
Histogram: 1 0 0 0 0 0 0 0 0 0
Neighs:              0 ave           0 max           0 min
Histogram: 1 0 0 0 0 0 0 0 0 0
FullNghs:        15182 ave       15182 max       15182 min
Histogram: 1 0 0 0 0 0 0 0 0 0

Total # of neighbors = 15182
Ave neighs/atom = 843.44444
Neighbor list builds = 0
Dangerous builds = 0
set atom * x 0.0 y 0.0 z 0.0
Setting atom values ...
  18 settings made for x
  18 settings made for y
  18 settings made for z
change_box all     x final 0 2.54421387675732 y final 0 8.346276804257469 z final 0 7.620725529206034      xy final 1.4213800399480319 xz final -2.4021894180775782 yz final -4.109151872117133 units box
Changing box ...
  triclinic box = (0 0 0) to (2.5442139 8.3508331 7.6179694) with tilt (1.423874 -2.3980845 -4.1013978)
  triclinic box = (0 0 0) to (2.5442139 8.3462768 7.6179694) with tilt (1.423874 -2.3980845 -4.1013978)
  triclinic box = (0 0 0) to (2.5442139 8.3462768 7.6207255) with tilt (1.423874 -2.3980845 -4.1013978)
  triclinic box = (0 0 0) to (2.5442139 8.3462768 7.6207255) with tilt (1.42138 -2.3980845 -4.1013978)
  triclinic box = (0 0 0) to (2.5442139 8.3462768 7.6207255) with tilt (1.42138 -2.4021894 -4.1013978)
  triclinic box = (0 0 0) to (2.5442139 8.3462768 7.6207255) with tilt (1.42138 -2.4021894 -4.1091519)
echo none
run 0
Per MPI rank memory allocation (min/avg/max) = 3.929 | 3.929 | 3.929 Mbytes
    PotEng          Pxx           E_mol          E_coul    
-76.897775      64.994617      0              0            
Loop time of 1.285e-06 on 1 procs for 0 steps with 18 atoms

1089.5% CPU use with 1 MPI tasks x 1 OpenMP threads

MPI task timing breakdown:
Section |  min time  |  avg time  |  max time  |%varavg| %total
---------------------------------------------------------------
Pair    | 0          | 0          | 0          |   0.0 |  0.00
Neigh   | 0          | 0          | 0          |   0.0 |  0.00
Comm    | 0          | 0          | 0          |   0.0 |  0.00
Output  | 0          | 0          | 0          |   0.0 |  0.00
Modify  | 0          | 0          | 0          |   0.0 |  0.00
Other   |            | 1.285e-06  |            |       |100.00

Nlocal:             18 ave          18 max          18 min
Histogram: 1 0 0 0 0 0 0 0 0 0
Nghost:           3526 ave        3526 max        3526 min
Histogram: 1 0 0 0 0 0 0 0 0 0
Neighs:              0 ave           0 max           0 min
Histogram: 1 0 0 0 0 0 0 0 0 0
FullNghs:        15182 ave       15182 max       15182 min
Histogram: 1 0 0 0 0 0 0 0 0 0

Total # of neighbors = 15182
Ave neighs/atom = 843.44444
Neighbor list builds = 0
Dangerous builds = 0
set atom * x 0.0 y 0.0 z 0.0
Setting atom values ...
  18 settings made for x
  18 settings made for y
  18 settings made for z
change_box all     x final 0 2.544316645134464 y final 0 8.348005479078717 z final 0 7.6196799039071355      xy final 1.4223258630494318 xz final -2.4006304829149747 yz final -4.10620707768284 units box
Changing box ...
  triclinic box = (0 0 0) to (2.5443166 8.3462768 7.6207255) with tilt (1.42138 -2.4021894 -4.1091519)
  triclinic box = (0 0 0) to (2.5443166 8.3480055 7.6207255) with tilt (1.42138 -2.4021894 -4.1091519)
  triclinic box = (0 0 0) to (2.5443166 8.3480055 7.6196799) with tilt (1.42138 -2.4021894 -4.1091519)
  triclinic box = (0 0 0) to (2.5443166 8.3480055 7.6196799) with tilt (1.4223259 -2.4021894 -4.1091519)
  triclinic box = (0 0 0) to (2.5443166 8.3480055 7.6196799) with tilt (1.4223259 -2.4006305 -4.1091519)
  triclinic box = (0 0 0) to (2.5443166 8.3480055 7.6196799) with tilt (1.4223259 -2.4006305 -4.1062071)
echo none
run 0
Per MPI rank memory allocation (min/avg/max) = 3.929 | 3.929 | 3.929 Mbytes
    PotEng          Pxx           E_mol          E_coul    
-76.897796     -38.506258      0              0            
Loop time of 1.361e-06 on 1 procs for 0 steps with 18 atoms

808.2% CPU use with 1 MPI tasks x 1 OpenMP threads

MPI task timing breakdown:
Section |  min time  |  avg time  |  max time  |%varavg| %total
---------------------------------------------------------------
Pair    | 0          | 0          | 0          |   0.0 |  0.00
Neigh   | 0          | 0          | 0          |   0.0 |  0.00
Comm    | 0          | 0          | 0          |   0.0 |  0.00
Output  | 0          | 0          | 0          |   0.0 |  0.00
Modify  | 0          | 0          | 0          |   0.0 |  0.00
Other   |            | 1.361e-06  |            |       |100.00

Nlocal:             18 ave          18 max          18 min
Histogram: 1 0 0 0 0 0 0 0 0 0
Nghost:           3526 ave        3526 max        3526 min
Histogram: 1 0 0 0 0 0 0 0 0 0
Neighs:              0 ave           0 max           0 min
Histogram: 1 0 0 0 0 0 0 0 0 0
FullNghs:        15180 ave       15180 max       15180 min
Histogram: 1 0 0 0 0 0 0 0 0 0

Total # of neighbors = 15180
Ave neighs/atom = 843.33333
Neighbor list builds = 0
Dangerous builds = 0
set atom * x 0.0 y 0.0 z 0.0
Setting atom values ...
  18 settings made for x
  18 settings made for y
  18 settings made for z
change_box all     x final 0 2.5443166451344634 y final 0 8.348005479078724 z final 0 7.619679903907134      xy final 1.4223258630494349 xz final -2.400630482914972 yz final -4.106207077682841 units box
Changing box ...
  triclinic box = (0 0 0) to (2.5443166 8.3480055 7.6196799) with tilt (1.4223259 -2.4006305 -4.1062071)
  triclinic box = (0 0 0) to (2.5443166 8.3480055 7.6196799) with tilt (1.4223259 -2.4006305 -4.1062071)
  triclinic box = (0 0 0) to (2.5443166 8.3480055 7.6196799) with tilt (1.4223259 -2.4006305 -4.1062071)
  triclinic box = (0 0 0) to (2.5443166 8.3480055 7.6196799) with tilt (1.4223259 -2.4006305 -4.1062071)
  triclinic box = (0 0 0) to (2.5443166 8.3480055 7.6196799) with tilt (1.4223259 -2.4006305 -4.1062071)
  triclinic box = (0 0 0) to (2.5443166 8.3480055 7.6196799) with tilt (1.4223259 -2.4006305 -4.1062071)
echo none
run 0
Per MPI rank memory allocation (min/avg/max) = 3.929 | 3.929 | 3.929 Mbytes
    PotEng          Pxx           E_mol          E_coul    
-76.897796     -38.506258      0              0            
Loop time of 1.608e-06 on 1 procs for 0 steps with 18 atoms

932.8% CPU use with 1 MPI tasks x 1 OpenMP threads

MPI task timing breakdown:
Section |  min time  |  avg time  |  max time  |%varavg| %total
---------------------------------------------------------------
Pair    | 0          | 0          | 0          |   0.0 |  0.00
Neigh   | 0          | 0          | 0          |   0.0 |  0.00
Comm    | 0          | 0          | 0          |   0.0 |  0.00
Output  | 0          | 0          | 0          |   0.0 |  0.00
Modify  | 0          | 0          | 0          |   0.0 |  0.00
Other   |            | 1.608e-06  |            |       |100.00

Nlocal:             18 ave          18 max          18 min
Histogram: 1 0 0 0 0 0 0 0 0 0
Nghost:           3526 ave        3526 max        3526 min
Histogram: 1 0 0 0 0 0 0 0 0 0
Neighs:              0 ave           0 max           0 min
Histogram: 1 0 0 0 0 0 0 0 0 0
FullNghs:        15180 ave       15180 max       15180 min
Histogram: 1 0 0 0 0 0 0 0 0 0

Total # of neighbors = 15180
Ave neighs/atom = 843.33333
Neighbor list builds = 0
Dangerous builds = 0
set atom * x 0.0 y 0.0 z 0.0
Setting atom values ...
  18 settings made for x
  18 settings made for y
  18 settings made for z
change_box all     x final 0 2.544170348526237 y final 0 8.356736889906035 z final 0 7.612480540273119      xy final 1.4265733011201458 xz final -2.3939090872863718 yz final -4.114527221212725 units box
Changing box ...
  triclinic box = (0 0 0) to (2.5441703 8.3480055 7.6196799) with tilt (1.4223259 -2.4006305 -4.1062071)
  triclinic box = (0 0 0) to (2.5441703 8.3567369 7.6196799) with tilt (1.4223259 -2.4006305 -4.1062071)
  triclinic box = (0 0 0) to (2.5441703 8.3567369 7.6124805) with tilt (1.4223259 -2.4006305 -4.1062071)
  triclinic box = (0 0 0) to (2.5441703 8.3567369 7.6124805) with tilt (1.4265733 -2.4006305 -4.1062071)
  triclinic box = (0 0 0) to (2.5441703 8.3567369 7.6124805) with tilt (1.4265733 -2.3939091 -4.1062071)
  triclinic box = (0 0 0) to (2.5441703 8.3567369 7.6124805) with tilt (1.4265733 -2.3939091 -4.1145272)
echo none
run 0
Per MPI rank memory allocation (min/avg/max) = 3.929 | 3.929 | 3.929 Mbytes
    PotEng          Pxx           E_mol          E_coul    
-76.89786       31.933586      0              0            
Loop time of 1.548e-06 on 1 procs for 0 steps with 18 atoms

1162.8% CPU use with 1 MPI tasks x 1 OpenMP threads

MPI task timing breakdown:
Section |  min time  |  avg time  |  max time  |%varavg| %total
---------------------------------------------------------------
Pair    | 0          | 0          | 0          |   0.0 |  0.00
Neigh   | 0          | 0          | 0          |   0.0 |  0.00
Comm    | 0          | 0          | 0          |   0.0 |  0.00
Output  | 0          | 0          | 0          |   0.0 |  0.00
Modify  | 0          | 0          | 0          |   0.0 |  0.00
Other   |            | 1.548e-06  |            |       |100.00

Nlocal:             18 ave          18 max          18 min
Histogram: 1 0 0 0 0 0 0 0 0 0
Nghost:           3526 ave        3526 max        3526 min
Histogram: 1 0 0 0 0 0 0 0 0 0
Neighs:              0 ave           0 max           0 min
Histogram: 1 0 0 0 0 0 0 0 0 0
FullNghs:        15172 ave       15172 max       15172 min
Histogram: 1 0 0 0 0 0 0 0 0 0

Total # of neighbors = 15172
Ave neighs/atom = 842.88889
Neighbor list builds = 0
Dangerous builds = 0
set atom * x 0.0 y 0.0 z 0.0
Setting atom values ...
  18 settings made for x
  18 settings made for y
  18 settings made for z
change_box all     x final 0 2.544170348526238 y final 0 8.35673688990604 z final 0 7.61248054027312      xy final 1.4265733011201487 xz final -2.393909087286374 yz final -4.1145272212127235 units box
Changing box ...
  triclinic box = (0 0 0) to (2.5441703 8.3567369 7.6124805) with tilt (1.4265733 -2.3939091 -4.1145272)
  triclinic box = (0 0 0) to (2.5441703 8.3567369 7.6124805) with tilt (1.4265733 -2.3939091 -4.1145272)
  triclinic box = (0 0 0) to (2.5441703 8.3567369 7.6124805) with tilt (1.4265733 -2.3939091 -4.1145272)
  triclinic box = (0 0 0) to (2.5441703 8.3567369 7.6124805) with tilt (1.4265733 -2.3939091 -4.1145272)
  triclinic box = (0 0 0) to (2.5441703 8.3567369 7.6124805) with tilt (1.4265733 -2.3939091 -4.1145272)
  triclinic box = (0 0 0) to (2.5441703 8.3567369 7.6124805) with tilt (1.4265733 -2.3939091 -4.1145272)
echo none
run 0
Per MPI rank memory allocation (min/avg/max) = 3.929 | 3.929 | 3.929 Mbytes
    PotEng          Pxx           E_mol          E_coul    
-76.89786       31.933586      0              0            
Loop time of 1.563e-06 on 1 procs for 0 steps with 18 atoms

1023.7% CPU use with 1 MPI tasks x 1 OpenMP threads

MPI task timing breakdown:
Section |  min time  |  avg time  |  max time  |%varavg| %total
---------------------------------------------------------------
Pair    | 0          | 0          | 0          |   0.0 |  0.00
Neigh   | 0          | 0          | 0          |   0.0 |  0.00
Comm    | 0          | 0          | 0          |   0.0 |  0.00
Output  | 0          | 0          | 0          |   0.0 |  0.00
Modify  | 0          | 0          | 0          |   0.0 |  0.00
Other   |            | 1.563e-06  |            |       |100.00

Nlocal:             18 ave          18 max          18 min
Histogram: 1 0 0 0 0 0 0 0 0 0
Nghost:           3526 ave        3526 max        3526 min
Histogram: 1 0 0 0 0 0 0 0 0 0
Neighs:              0 ave           0 max           0 min
Histogram: 1 0 0 0 0 0 0 0 0 0
FullNghs:        15172 ave       15172 max       15172 min
Histogram: 1 0 0 0 0 0 0 0 0 0

Total # of neighbors = 15172
Ave neighs/atom = 842.88889
Neighbor list builds = 0
Dangerous builds = 0
set atom * x 0.0 y 0.0 z 0.0
Setting atom values ...
  18 settings made for x
  18 settings made for y
  18 settings made for z
change_box all     x final 0 2.5440870067313406 y final 0 8.363977478787733 z final 0 7.604943429437317      xy final 1.429449553298238 xz final -2.3706841724723247 yz final -4.121598836704421 units box
Changing box ...
  triclinic box = (0 0 0) to (2.544087 8.3567369 7.6124805) with tilt (1.4265733 -2.3939091 -4.1145272)
  triclinic box = (0 0 0) to (2.544087 8.3639775 7.6124805) with tilt (1.4265733 -2.3939091 -4.1145272)
  triclinic box = (0 0 0) to (2.544087 8.3639775 7.6049434) with tilt (1.4265733 -2.3939091 -4.1145272)
  triclinic box = (0 0 0) to (2.544087 8.3639775 7.6049434) with tilt (1.4294496 -2.3939091 -4.1145272)
  triclinic box = (0 0 0) to (2.544087 8.3639775 7.6049434) with tilt (1.4294496 -2.3706842 -4.1145272)
  triclinic box = (0 0 0) to (2.544087 8.3639775 7.6049434) with tilt (1.4294496 -2.3706842 -4.1215988)
echo none
run 0
Per MPI rank memory allocation (min/avg/max) = 3.929 | 3.929 | 3.929 Mbytes
    PotEng          Pxx           E_mol          E_coul    
-76.897941      42.922966      0              0            
Loop time of 2.1e-06 on 1 procs for 0 steps with 18 atoms

619.0% CPU use with 1 MPI tasks x 1 OpenMP threads

MPI task timing breakdown:
Section |  min time  |  avg time  |  max time  |%varavg| %total
---------------------------------------------------------------
Pair    | 0          | 0          | 0          |   0.0 |  0.00
Neigh   | 0          | 0          | 0          |   0.0 |  0.00
Comm    | 0          | 0          | 0          |   0.0 |  0.00
Output  | 0          | 0          | 0          |   0.0 |  0.00
Modify  | 0          | 0          | 0          |   0.0 |  0.00
Other   |            | 2.1e-06    |            |       |100.00

Nlocal:             18 ave          18 max          18 min
Histogram: 1 0 0 0 0 0 0 0 0 0
Nghost:           3506 ave        3506 max        3506 min
Histogram: 1 0 0 0 0 0 0 0 0 0
Neighs:              0 ave           0 max           0 min
Histogram: 1 0 0 0 0 0 0 0 0 0
FullNghs:        15178 ave       15178 max       15178 min
Histogram: 1 0 0 0 0 0 0 0 0 0

Total # of neighbors = 15178
Ave neighs/atom = 843.22222
Neighbor list builds = 0
Dangerous builds = 0
set atom * x 0.0 y 0.0 z 0.0
Setting atom values ...
  18 settings made for x
  18 settings made for y
  18 settings made for z
change_box all     x final 0 2.54408700673134 y final 0 8.363977478787739 z final 0 7.604943429437318      xy final 1.429449553298241 xz final -2.370684172472322 yz final -4.121598836704422 units box
Changing box ...
  triclinic box = (0 0 0) to (2.544087 8.3639775 7.6049434) with tilt (1.4294496 -2.3706842 -4.1215988)
  triclinic box = (0 0 0) to (2.544087 8.3639775 7.6049434) with tilt (1.4294496 -2.3706842 -4.1215988)
  triclinic box = (0 0 0) to (2.544087 8.3639775 7.6049434) with tilt (1.4294496 -2.3706842 -4.1215988)
  triclinic box = (0 0 0) to (2.544087 8.3639775 7.6049434) with tilt (1.4294496 -2.3706842 -4.1215988)
  triclinic box = (0 0 0) to (2.544087 8.3639775 7.6049434) with tilt (1.4294496 -2.3706842 -4.1215988)
  triclinic box = (0 0 0) to (2.544087 8.3639775 7.6049434) with tilt (1.4294496 -2.3706842 -4.1215988)
echo none
run 0
Per MPI rank memory allocation (min/avg/max) = 3.929 | 3.929 | 3.929 Mbytes
    PotEng          Pxx           E_mol          E_coul    
-76.897941      42.922966      0              0            
Loop time of 1.677e-06 on 1 procs for 0 steps with 18 atoms

357.8% CPU use with 1 MPI tasks x 1 OpenMP threads

MPI task timing breakdown:
Section |  min time  |  avg time  |  max time  |%varavg| %total
---------------------------------------------------------------
Pair    | 0          | 0          | 0          |   0.0 |  0.00
Neigh   | 0          | 0          | 0          |   0.0 |  0.00
Comm    | 0          | 0          | 0          |   0.0 |  0.00
Output  | 0          | 0          | 0          |   0.0 |  0.00
Modify  | 0          | 0          | 0          |   0.0 |  0.00
Other   |            | 1.677e-06  |            |       |100.00

Nlocal:             18 ave          18 max          18 min
Histogram: 1 0 0 0 0 0 0 0 0 0
Nghost:           3506 ave        3506 max        3506 min
Histogram: 1 0 0 0 0 0 0 0 0 0
Neighs:              0 ave           0 max           0 min
Histogram: 1 0 0 0 0 0 0 0 0 0
FullNghs:        15178 ave       15178 max       15178 min
Histogram: 1 0 0 0 0 0 0 0 0 0

Total # of neighbors = 15178
Ave neighs/atom = 843.22222
Neighbor list builds = 0
Dangerous builds = 0
set atom * x 0.0 y 0.0 z 0.0
Setting atom values ...
  18 settings made for x
  18 settings made for y
  18 settings made for z
change_box all     x final 0 2.5441064136054448 y final 0 8.379564917566476 z final 0 7.585179637575763      xy final 1.4341567339693038 xz final -2.30993746490573 yz final -4.157587312803016 units box
Changing box ...
  triclinic box = (0 0 0) to (2.5441064 8.3639775 7.6049434) with tilt (1.4294496 -2.3706842 -4.1215988)
  triclinic box = (0 0 0) to (2.5441064 8.3795649 7.6049434) with tilt (1.4294496 -2.3706842 -4.1215988)
  triclinic box = (0 0 0) to (2.5441064 8.3795649 7.5851796) with tilt (1.4294496 -2.3706842 -4.1215988)
  triclinic box = (0 0 0) to (2.5441064 8.3795649 7.5851796) with tilt (1.4341567 -2.3706842 -4.1215988)
  triclinic box = (0 0 0) to (2.5441064 8.3795649 7.5851796) with tilt (1.4341567 -2.3099375 -4.1215988)
  triclinic box = (0 0 0) to (2.5441064 8.3795649 7.5851796) with tilt (1.4341567 -2.3099375 -4.1575873)
echo none
run 0
Per MPI rank memory allocation (min/avg/max) = 3.929 | 3.929 | 3.929 Mbytes
    PotEng          Pxx           E_mol          E_coul    
-76.898069      3.6682291      0              0            
Loop time of 1.488e-06 on 1 procs for 0 steps with 18 atoms

940.9% CPU use with 1 MPI tasks x 1 OpenMP threads

MPI task timing breakdown:
Section |  min time  |  avg time  |  max time  |%varavg| %total
---------------------------------------------------------------
Pair    | 0          | 0          | 0          |   0.0 |  0.00
Neigh   | 0          | 0          | 0          |   0.0 |  0.00
Comm    | 0          | 0          | 0          |   0.0 |  0.00
Output  | 0          | 0          | 0          |   0.0 |  0.00
Modify  | 0          | 0          | 0          |   0.0 |  0.00
Other   |            | 1.488e-06  |            |       |100.00

Nlocal:             18 ave          18 max          18 min
Histogram: 1 0 0 0 0 0 0 0 0 0
Nghost:           3506 ave        3506 max        3506 min
Histogram: 1 0 0 0 0 0 0 0 0 0
Neighs:              0 ave           0 max           0 min
Histogram: 1 0 0 0 0 0 0 0 0 0
FullNghs:        15210 ave       15210 max       15210 min
Histogram: 1 0 0 0 0 0 0 0 0 0

Total # of neighbors = 15210
Ave neighs/atom = 845
Neighbor list builds = 0
Dangerous builds = 0
set atom * x 0.0 y 0.0 z 0.0
Setting atom values ...
  18 settings made for x
  18 settings made for y
  18 settings made for z
change_box all     x final 0 2.5441064136054456 y final 0 8.379564917566475 z final 0 7.585179637575763      xy final 1.4341567339693049 xz final -2.309937464905731 yz final -4.157587312803015 units box
Changing box ...
  triclinic box = (0 0 0) to (2.5441064 8.3795649 7.5851796) with tilt (1.4341567 -2.3099375 -4.1575873)
  triclinic box = (0 0 0) to (2.5441064 8.3795649 7.5851796) with tilt (1.4341567 -2.3099375 -4.1575873)
  triclinic box = (0 0 0) to (2.5441064 8.3795649 7.5851796) with tilt (1.4341567 -2.3099375 -4.1575873)
  triclinic box = (0 0 0) to (2.5441064 8.3795649 7.5851796) with tilt (1.4341567 -2.3099375 -4.1575873)
  triclinic box = (0 0 0) to (2.5441064 8.3795649 7.5851796) with tilt (1.4341567 -2.3099375 -4.1575873)
  triclinic box = (0 0 0) to (2.5441064 8.3795649 7.5851796) with tilt (1.4341567 -2.3099375 -4.1575873)
echo none
run 0
Per MPI rank memory allocation (min/avg/max) = 3.929 | 3.929 | 3.929 Mbytes
    PotEng          Pxx           E_mol          E_coul    
-76.898069      3.6682291      0              0            
Loop time of 1.657e-06 on 1 procs for 0 steps with 18 atoms

905.3% CPU use with 1 MPI tasks x 1 OpenMP threads

MPI task timing breakdown:
Section |  min time  |  avg time  |  max time  |%varavg| %total
---------------------------------------------------------------
Pair    | 0          | 0          | 0          |   0.0 |  0.00
Neigh   | 0          | 0          | 0          |   0.0 |  0.00
Comm    | 0          | 0          | 0          |   0.0 |  0.00
Output  | 0          | 0          | 0          |   0.0 |  0.00
Modify  | 0          | 0          | 0          |   0.0 |  0.00
Other   |            | 1.657e-06  |            |       |100.00

Nlocal:             18 ave          18 max          18 min
Histogram: 1 0 0 0 0 0 0 0 0 0
Nghost:           3506 ave        3506 max        3506 min
Histogram: 1 0 0 0 0 0 0 0 0 0
Neighs:              0 ave           0 max           0 min
Histogram: 1 0 0 0 0 0 0 0 0 0
FullNghs:        15210 ave       15210 max       15210 min
Histogram: 1 0 0 0 0 0 0 0 0 0

Total # of neighbors = 15210
Ave neighs/atom = 845
Neighbor list builds = 0
Dangerous builds = 0
set atom * x 0.0 y 0.0 z 0.0
Setting atom values ...
  18 settings made for x
  18 settings made for y
  18 settings made for z
change_box all     x final 0 2.5442596087583085 y final 0 8.386696777082715 z final 0 7.574139570533408      xy final 1.4422398214460783 xz final -2.2502457225969117 yz final -4.176199543607928 units box
Changing box ...
  triclinic box = (0 0 0) to (2.5442596 8.3795649 7.5851796) with tilt (1.4341567 -2.3099375 -4.1575873)
  triclinic box = (0 0 0) to (2.5442596 8.3866968 7.5851796) with tilt (1.4341567 -2.3099375 -4.1575873)
  triclinic box = (0 0 0) to (2.5442596 8.3866968 7.5741396) with tilt (1.4341567 -2.3099375 -4.1575873)
  triclinic box = (0 0 0) to (2.5442596 8.3866968 7.5741396) with tilt (1.4422398 -2.3099375 -4.1575873)
  triclinic box = (0 0 0) to (2.5442596 8.3866968 7.5741396) with tilt (1.4422398 -2.2502457 -4.1575873)
  triclinic box = (0 0 0) to (2.5442596 8.3866968 7.5741396) with tilt (1.4422398 -2.2502457 -4.1761995)
echo none
run 0
Per MPI rank memory allocation (min/avg/max) = 3.929 | 3.929 | 3.929 Mbytes
    PotEng          Pxx           E_mol          E_coul    
-76.898208     -126.00446      0              0            
Loop time of 1.415e-06 on 1 procs for 0 steps with 18 atoms

777.4% CPU use with 1 MPI tasks x 1 OpenMP threads

MPI task timing breakdown:
Section |  min time  |  avg time  |  max time  |%varavg| %total
---------------------------------------------------------------
Pair    | 0          | 0          | 0          |   0.0 |  0.00
Neigh   | 0          | 0          | 0          |   0.0 |  0.00
Comm    | 0          | 0          | 0          |   0.0 |  0.00
Output  | 0          | 0          | 0          |   0.0 |  0.00
Modify  | 0          | 0          | 0          |   0.0 |  0.00
Other   |            | 1.415e-06  |            |       |100.00

Nlocal:             18 ave          18 max          18 min
Histogram: 1 0 0 0 0 0 0 0 0 0
Nghost:           3490 ave        3490 max        3490 min
Histogram: 1 0 0 0 0 0 0 0 0 0
Neighs:              0 ave           0 max           0 min
Histogram: 1 0 0 0 0 0 0 0 0 0
FullNghs:        15218 ave       15218 max       15218 min
Histogram: 1 0 0 0 0 0 0 0 0 0

Total # of neighbors = 15218
Ave neighs/atom = 845.44444
Neighbor list builds = 0
Dangerous builds = 0
set atom * x 0.0 y 0.0 z 0.0
Setting atom values ...
  18 settings made for x
  18 settings made for y
  18 settings made for z
change_box all     x final 0 2.545553317380964 y final 0 8.415540347161434 z final 0 7.527897286007786      xy final 1.4734607944485065 xz final -2.0129831172544623 yz final -4.250279799846637 units box
Changing box ...
  triclinic box = (0 0 0) to (2.5455533 8.3866968 7.5741396) with tilt (1.4422398 -2.2502457 -4.1761995)
  triclinic box = (0 0 0) to (2.5455533 8.4155403 7.5741396) with tilt (1.4422398 -2.2502457 -4.1761995)
  triclinic box = (0 0 0) to (2.5455533 8.4155403 7.5278973) with tilt (1.4422398 -2.2502457 -4.1761995)
  triclinic box = (0 0 0) to (2.5455533 8.4155403 7.5278973) with tilt (1.4734608 -2.2502457 -4.1761995)
  triclinic box = (0 0 0) to (2.5455533 8.4155403 7.5278973) with tilt (1.4734608 -2.0129831 -4.1761995)
  triclinic box = (0 0 0) to (2.5455533 8.4155403 7.5278973) with tilt (1.4734608 -2.0129831 -4.2502798)
echo none
run 0
Per MPI rank memory allocation (min/avg/max) = 3.929 | 3.929 | 3.929 Mbytes
    PotEng          Pxx           E_mol          E_coul    
-76.897915     -1328.4186      0              0            
Loop time of 1.514e-06 on 1 procs for 0 steps with 18 atoms

726.6% CPU use with 1 MPI tasks x 1 OpenMP threads

MPI task timing breakdown:
Section |  min time  |  avg time  |  max time  |%varavg| %total
---------------------------------------------------------------
Pair    | 0          | 0          | 0          |   0.0 |  0.00
Neigh   | 0          | 0          | 0          |   0.0 |  0.00
Comm    | 0          | 0          | 0          |   0.0 |  0.00
Output  | 0          | 0          | 0          |   0.0 |  0.00
Modify  | 0          | 0          | 0          |   0.0 |  0.00
Other   |            | 1.514e-06  |            |       |100.00

Nlocal:             18 ave          18 max          18 min
Histogram: 1 0 0 0 0 0 0 0 0 0
Nghost:           3422 ave        3422 max        3422 min
Histogram: 1 0 0 0 0 0 0 0 0 0
Neighs:              0 ave           0 max           0 min
Histogram: 1 0 0 0 0 0 0 0 0 0
FullNghs:        15262 ave       15262 max       15262 min
Histogram: 1 0 0 0 0 0 0 0 0 0

Total # of neighbors = 15262
Ave neighs/atom = 847.88889
Neighbor list builds = 0
Dangerous builds = 0
set atom * x 0.0 y 0.0 z 0.0
Setting atom values ...
  18 settings made for x
  18 settings made for y
  18 settings made for z
change_box all     x final 0 2.5444976010302462 y final 0 8.394321021112166 z final 0 7.562160636550722      xy final 1.4507190496593128 xz final -2.1868881420451864 yz final -4.195967653526863 units box
Changing box ...
  triclinic box = (0 0 0) to (2.5444976 8.4155403 7.5278973) with tilt (1.4734608 -2.0129831 -4.2502798)
  triclinic box = (0 0 0) to (2.5444976 8.394321 7.5278973) with tilt (1.4734608 -2.0129831 -4.2502798)
  triclinic box = (0 0 0) to (2.5444976 8.394321 7.5621606) with tilt (1.4734608 -2.0129831 -4.2502798)
  triclinic box = (0 0 0) to (2.5444976 8.394321 7.5621606) with tilt (1.450719 -2.0129831 -4.2502798)
  triclinic box = (0 0 0) to (2.5444976 8.394321 7.5621606) with tilt (1.450719 -2.1868881 -4.2502798)
  triclinic box = (0 0 0) to (2.5444976 8.394321 7.5621606) with tilt (1.450719 -2.1868881 -4.1959677)
echo none
run 0
Per MPI rank memory allocation (min/avg/max) = 3.929 | 3.929 | 3.929 Mbytes
    PotEng          Pxx           E_mol          E_coul    
-76.898265     -339.47327      0              0            
Loop time of 2.422e-06 on 1 procs for 0 steps with 18 atoms

1156.1% CPU use with 1 MPI tasks x 1 OpenMP threads

MPI task timing breakdown:
Section |  min time  |  avg time  |  max time  |%varavg| %total
---------------------------------------------------------------
Pair    | 0          | 0          | 0          |   0.0 |  0.00
Neigh   | 0          | 0          | 0          |   0.0 |  0.00
Comm    | 0          | 0          | 0          |   0.0 |  0.00
Output  | 0          | 0          | 0          |   0.0 |  0.00
Modify  | 0          | 0          | 0          |   0.0 |  0.00
Other   |            | 2.422e-06  |            |       |100.00

Nlocal:             18 ave          18 max          18 min
Histogram: 1 0 0 0 0 0 0 0 0 0
Nghost:           3454 ave        3454 max        3454 min
Histogram: 1 0 0 0 0 0 0 0 0 0
Neighs:              0 ave           0 max           0 min
Histogram: 1 0 0 0 0 0 0 0 0 0
FullNghs:        15230 ave       15230 max       15230 min
Histogram: 1 0 0 0 0 0 0 0 0 0

Total # of neighbors = 15230
Ave neighs/atom = 846.11111
Neighbor list builds = 0
Dangerous builds = 0
set atom * x 0.0 y 0.0 z 0.0
Setting atom values ...
  18 settings made for x
  18 settings made for y
  18 settings made for z
change_box all     x final 0 2.544497601030247 y final 0 8.394321021112166 z final 0 7.562160636550724      xy final 1.4507190496593139 xz final -2.1868881420451856 yz final -4.1959676535268615 units box
Changing box ...
  triclinic box = (0 0 0) to (2.5444976 8.394321 7.5621606) with tilt (1.450719 -2.1868881 -4.1959677)
  triclinic box = (0 0 0) to (2.5444976 8.394321 7.5621606) with tilt (1.450719 -2.1868881 -4.1959677)
  triclinic box = (0 0 0) to (2.5444976 8.394321 7.5621606) with tilt (1.450719 -2.1868881 -4.1959677)
  triclinic box = (0 0 0) to (2.5444976 8.394321 7.5621606) with tilt (1.450719 -2.1868881 -4.1959677)
  triclinic box = (0 0 0) to (2.5444976 8.394321 7.5621606) with tilt (1.450719 -2.1868881 -4.1959677)
  triclinic box = (0 0 0) to (2.5444976 8.394321 7.5621606) with tilt (1.450719 -2.1868881 -4.1959677)
echo none
run 0
Per MPI rank memory allocation (min/avg/max) = 3.929 | 3.929 | 3.929 Mbytes
    PotEng          Pxx           E_mol          E_coul    
-76.898265     -339.47327      0              0            
Loop time of 1.96e-06 on 1 procs for 0 steps with 18 atoms

867.3% CPU use with 1 MPI tasks x 1 OpenMP threads

MPI task timing breakdown:
Section |  min time  |  avg time  |  max time  |%varavg| %total
---------------------------------------------------------------
Pair    | 0          | 0          | 0          |   0.0 |  0.00
Neigh   | 0          | 0          | 0          |   0.0 |  0.00
Comm    | 0          | 0          | 0          |   0.0 |  0.00
Output  | 0          | 0          | 0          |   0.0 |  0.00
Modify  | 0          | 0          | 0          |   0.0 |  0.00
Other   |            | 1.96e-06   |            |       |100.00

Nlocal:             18 ave          18 max          18 min
Histogram: 1 0 0 0 0 0 0 0 0 0
Nghost:           3454 ave        3454 max        3454 min
Histogram: 1 0 0 0 0 0 0 0 0 0
Neighs:              0 ave           0 max           0 min
Histogram: 1 0 0 0 0 0 0 0 0 0
FullNghs:        15230 ave       15230 max       15230 min
Histogram: 1 0 0 0 0 0 0 0 0 0

Total # of neighbors = 15230
Ave neighs/atom = 846.11111
Neighbor list builds = 0
Dangerous builds = 0
set atom * x 0.0 y 0.0 z 0.0
Setting atom values ...
  18 settings made for x
  18 settings made for y
  18 settings made for z
change_box all     x final 0 2.544647330934054 y final 0 8.398146202616635 z final 0 7.543114427500202      xy final 1.4593214128336696 xz final -2.1056107066764613 yz final -4.231676762463411 units box
Changing box ...
  triclinic box = (0 0 0) to (2.5446473 8.394321 7.5621606) with tilt (1.450719 -2.1868881 -4.1959677)
  triclinic box = (0 0 0) to (2.5446473 8.3981462 7.5621606) with tilt (1.450719 -2.1868881 -4.1959677)
  triclinic box = (0 0 0) to (2.5446473 8.3981462 7.5431144) with tilt (1.450719 -2.1868881 -4.1959677)
  triclinic box = (0 0 0) to (2.5446473 8.3981462 7.5431144) with tilt (1.4593214 -2.1868881 -4.1959677)
  triclinic box = (0 0 0) to (2.5446473 8.3981462 7.5431144) with tilt (1.4593214 -2.1056107 -4.1959677)
  triclinic box = (0 0 0) to (2.5446473 8.3981462 7.5431144) with tilt (1.4593214 -2.1056107 -4.2316768)
echo none
run 0
Per MPI rank memory allocation (min/avg/max) = 3.929 | 3.929 | 3.929 Mbytes
    PotEng          Pxx           E_mol          E_coul    
-76.898487     -384.75702      0              0            
Loop time of 1.708e-06 on 1 procs for 0 steps with 18 atoms

819.7% CPU use with 1 MPI tasks x 1 OpenMP threads

MPI task timing breakdown:
Section |  min time  |  avg time  |  max time  |%varavg| %total
---------------------------------------------------------------
Pair    | 0          | 0          | 0          |   0.0 |  0.00
Neigh   | 0          | 0          | 0          |   0.0 |  0.00
Comm    | 0          | 0          | 0          |   0.0 |  0.00
Output  | 0          | 0          | 0          |   0.0 |  0.00
Modify  | 0          | 0          | 0          |   0.0 |  0.00
Other   |            | 1.708e-06  |            |       |100.00

Nlocal:             18 ave          18 max          18 min
Histogram: 1 0 0 0 0 0 0 0 0 0
Nghost:           3438 ave        3438 max        3438 min
Histogram: 1 0 0 0 0 0 0 0 0 0
Neighs:              0 ave           0 max           0 min
Histogram: 1 0 0 0 0 0 0 0 0 0
FullNghs:        15270 ave       15270 max       15270 min
Histogram: 1 0 0 0 0 0 0 0 0 0

Total # of neighbors = 15270
Ave neighs/atom = 848.33333
Neighbor list builds = 0
Dangerous builds = 0
set atom * x 0.0 y 0.0 z 0.0
Setting atom values ...
  18 settings made for x
  18 settings made for y
  18 settings made for z
change_box all     x final 0 2.5464914131302896 y final 0 8.414543749374326 z final 0 7.462799573350751      xy final 1.490191784612186 xz final -1.7832143106068297 yz final -4.373025036684212 units box
Changing box ...
  triclinic box = (0 0 0) to (2.5464914 8.3981462 7.5431144) with tilt (1.4593214 -2.1056107 -4.2316768)
  triclinic box = (0 0 0) to (2.5464914 8.4145437 7.5431144) with tilt (1.4593214 -2.1056107 -4.2316768)
  triclinic box = (0 0 0) to (2.5464914 8.4145437 7.4627996) with tilt (1.4593214 -2.1056107 -4.2316768)
  triclinic box = (0 0 0) to (2.5464914 8.4145437 7.4627996) with tilt (1.4901918 -2.1056107 -4.2316768)
  triclinic box = (0 0 0) to (2.5464914 8.4145437 7.4627996) with tilt (1.4901918 -1.7832143 -4.2316768)
  triclinic box = (0 0 0) to (2.5464914 8.4145437 7.4627996) with tilt (1.4901918 -1.7832143 -4.373025)
echo none
run 0
Per MPI rank memory allocation (min/avg/max) = 3.929 | 3.929 | 3.929 Mbytes
    PotEng          Pxx           E_mol          E_coul    
-76.89843      -1785.1812      0              0            
Loop time of 1.626e-06 on 1 procs for 0 steps with 18 atoms

1045.5% CPU use with 1 MPI tasks x 1 OpenMP threads

MPI task timing breakdown:
Section |  min time  |  avg time  |  max time  |%varavg| %total
---------------------------------------------------------------
Pair    | 0          | 0          | 0          |   0.0 |  0.00
Neigh   | 0          | 0          | 0          |   0.0 |  0.00
Comm    | 0          | 0          | 0          |   0.0 |  0.00
Output  | 0          | 0          | 0          |   0.0 |  0.00
Modify  | 0          | 0          | 0          |   0.0 |  0.00
Other   |            | 1.626e-06  |            |       |100.00

Nlocal:             18 ave          18 max          18 min
Histogram: 1 0 0 0 0 0 0 0 0 0
Nghost:           3386 ave        3386 max        3386 min
Histogram: 1 0 0 0 0 0 0 0 0 0
Neighs:              0 ave           0 max           0 min
Histogram: 1 0 0 0 0 0 0 0 0 0
FullNghs:        15400 ave       15400 max       15400 min
Histogram: 1 0 0 0 0 0 0 0 0 0

Total # of neighbors = 15400
Ave neighs/atom = 855.55556
Neighbor list builds = 0
Dangerous builds = 0
set atom * x 0.0 y 0.0 z 0.0
Setting atom values ...
  18 settings made for x
  18 settings made for y
  18 settings made for z
change_box all     x final 0 2.545273556120251 y final 0 8.405696168368173 z final 0 7.505880364753374      xy final 1.4746467096945515 xz final -1.9523438827229949 yz final -4.29894628188922 units box
Changing box ...
  triclinic box = (0 0 0) to (2.5452736 8.4145437 7.4627996) with tilt (1.4901918 -1.7832143 -4.373025)
  triclinic box = (0 0 0) to (2.5452736 8.4056962 7.4627996) with tilt (1.4901918 -1.7832143 -4.373025)
  triclinic box = (0 0 0) to (2.5452736 8.4056962 7.5058804) with tilt (1.4901918 -1.7832143 -4.373025)
  triclinic box = (0 0 0) to (2.5452736 8.4056962 7.5058804) with tilt (1.4746467 -1.7832143 -4.373025)
  triclinic box = (0 0 0) to (2.5452736 8.4056962 7.5058804) with tilt (1.4746467 -1.9523439 -4.373025)
  triclinic box = (0 0 0) to (2.5452736 8.4056962 7.5058804) with tilt (1.4746467 -1.9523439 -4.2989463)
echo none
run 0
Per MPI rank memory allocation (min/avg/max) = 3.929 | 3.929 | 3.929 Mbytes
    PotEng          Pxx           E_mol          E_coul    
-76.898661     -805.78333      0              0            
Loop time of 1.649e-06 on 1 procs for 0 steps with 18 atoms

606.4% CPU use with 1 MPI tasks x 1 OpenMP threads

MPI task timing breakdown:
Section |  min time  |  avg time  |  max time  |%varavg| %total
---------------------------------------------------------------
Pair    | 0          | 0          | 0          |   0.0 |  0.00
Neigh   | 0          | 0          | 0          |   0.0 |  0.00
Comm    | 0          | 0          | 0          |   0.0 |  0.00
Output  | 0          | 0          | 0          |   0.0 |  0.00
Modify  | 0          | 0          | 0          |   0.0 |  0.00
Other   |            | 1.649e-06  |            |       |100.00

Nlocal:             18 ave          18 max          18 min
Histogram: 1 0 0 0 0 0 0 0 0 0
Nghost:           3422 ave        3422 max        3422 min
Histogram: 1 0 0 0 0 0 0 0 0 0
Neighs:              0 ave           0 max           0 min
Histogram: 1 0 0 0 0 0 0 0 0 0
FullNghs:        15324 ave       15324 max       15324 min
Histogram: 1 0 0 0 0 0 0 0 0 0

Total # of neighbors = 15324
Ave neighs/atom = 851.33333
Neighbor list builds = 0
Dangerous builds = 0
set atom * x 0.0 y 0.0 z 0.0
Setting atom values ...
  18 settings made for x
  18 settings made for y
  18 settings made for z
change_box all     x final 0 2.545273556120251 y final 0 8.405696168368175 z final 0 7.505880364753377      xy final 1.4746467096945515 xz final -1.9523438827229935 yz final -4.298946281889223 units box
Changing box ...
  triclinic box = (0 0 0) to (2.5452736 8.4056962 7.5058804) with tilt (1.4746467 -1.9523439 -4.2989463)
  triclinic box = (0 0 0) to (2.5452736 8.4056962 7.5058804) with tilt (1.4746467 -1.9523439 -4.2989463)
  triclinic box = (0 0 0) to (2.5452736 8.4056962 7.5058804) with tilt (1.4746467 -1.9523439 -4.2989463)
  triclinic box = (0 0 0) to (2.5452736 8.4056962 7.5058804) with tilt (1.4746467 -1.9523439 -4.2989463)
  triclinic box = (0 0 0) to (2.5452736 8.4056962 7.5058804) with tilt (1.4746467 -1.9523439 -4.2989463)
  triclinic box = (0 0 0) to (2.5452736 8.4056962 7.5058804) with tilt (1.4746467 -1.9523439 -4.2989463)
echo none
run 0
Per MPI rank memory allocation (min/avg/max) = 3.929 | 3.929 | 3.929 Mbytes
    PotEng          Pxx           E_mol          E_coul    
-76.898661     -805.78333      0              0            
Loop time of 1.322e-06 on 1 procs for 0 steps with 18 atoms

983.4% CPU use with 1 MPI tasks x 1 OpenMP threads

MPI task timing breakdown:
Section |  min time  |  avg time  |  max time  |%varavg| %total
---------------------------------------------------------------
Pair    | 0          | 0          | 0          |   0.0 |  0.00
Neigh   | 0          | 0          | 0          |   0.0 |  0.00
Comm    | 0          | 0          | 0          |   0.0 |  0.00
Output  | 0          | 0          | 0          |   0.0 |  0.00
Modify  | 0          | 0          | 0          |   0.0 |  0.00
Other   |            | 1.322e-06  |            |       |100.00

Nlocal:             18 ave          18 max          18 min
Histogram: 1 0 0 0 0 0 0 0 0 0
Nghost:           3422 ave        3422 max        3422 min
Histogram: 1 0 0 0 0 0 0 0 0 0
Neighs:              0 ave           0 max           0 min
Histogram: 1 0 0 0 0 0 0 0 0 0
FullNghs:        15324 ave       15324 max       15324 min
Histogram: 1 0 0 0 0 0 0 0 0 0

Total # of neighbors = 15324
Ave neighs/atom = 851.33333
Neighbor list builds = 0
Dangerous builds = 0
set atom * x 0.0 y 0.0 z 0.0
Setting atom values ...
  18 settings made for x
  18 settings made for y
  18 settings made for z
change_box all     x final 0 2.545272916374015 y final 0 8.414692588805751 z final 0 7.47758824928771      xy final 1.5010383325343974 xz final -1.8223392389797042 yz final -4.383565316044534 units box
Changing box ...
  triclinic box = (0 0 0) to (2.5452729 8.4056962 7.5058804) with tilt (1.4746467 -1.9523439 -4.2989463)
  triclinic box = (0 0 0) to (2.5452729 8.4146926 7.5058804) with tilt (1.4746467 -1.9523439 -4.2989463)
  triclinic box = (0 0 0) to (2.5452729 8.4146926 7.4775882) with tilt (1.4746467 -1.9523439 -4.2989463)
  triclinic box = (0 0 0) to (2.5452729 8.4146926 7.4775882) with tilt (1.5010383 -1.9523439 -4.2989463)
  triclinic box = (0 0 0) to (2.5452729 8.4146926 7.4775882) with tilt (1.5010383 -1.8223392 -4.2989463)
  triclinic box = (0 0 0) to (2.5452729 8.4146926 7.4775882) with tilt (1.5010383 -1.8223392 -4.3835653)
echo none
run 0
Per MPI rank memory allocation (min/avg/max) = 3.929 | 3.929 | 3.929 Mbytes
    PotEng          Pxx           E_mol          E_coul    
-76.899164     -794.66194      0              0            
Loop time of 1.539e-06 on 1 procs for 0 steps with 18 atoms

974.7% CPU use with 1 MPI tasks x 1 OpenMP threads

MPI task timing breakdown:
Section |  min time  |  avg time  |  max time  |%varavg| %total
---------------------------------------------------------------
Pair    | 0          | 0          | 0          |   0.0 |  0.00
Neigh   | 0          | 0          | 0          |   0.0 |  0.00
Comm    | 0          | 0          | 0          |   0.0 |  0.00
Output  | 0          | 0          | 0          |   0.0 |  0.00
Modify  | 0          | 0          | 0          |   0.0 |  0.00
Other   |            | 1.539e-06  |            |       |100.00

Nlocal:             18 ave          18 max          18 min
Histogram: 1 0 0 0 0 0 0 0 0 0
Nghost:           3402 ave        3402 max        3402 min
Histogram: 1 0 0 0 0 0 0 0 0 0
Neighs:              0 ave           0 max           0 min
Histogram: 1 0 0 0 0 0 0 0 0 0
FullNghs:        15388 ave       15388 max       15388 min
Histogram: 1 0 0 0 0 0 0 0 0 0

Total # of neighbors = 15388
Ave neighs/atom = 854.88889
Neighbor list builds = 0
Dangerous builds = 0
set atom * x 0.0 y 0.0 z 0.0
Setting atom values ...
  18 settings made for x
  18 settings made for y
  18 settings made for z
change_box all     x final 0 2.545272916374015 y final 0 8.414692588805751 z final 0 7.477588249287713      xy final 1.5010383325344014 xz final -1.8223392389797017 yz final -4.383565316044533 units box
Changing box ...
  triclinic box = (0 0 0) to (2.5452729 8.4146926 7.4775882) with tilt (1.5010383 -1.8223392 -4.3835653)
  triclinic box = (0 0 0) to (2.5452729 8.4146926 7.4775882) with tilt (1.5010383 -1.8223392 -4.3835653)
  triclinic box = (0 0 0) to (2.5452729 8.4146926 7.4775882) with tilt (1.5010383 -1.8223392 -4.3835653)
  triclinic box = (0 0 0) to (2.5452729 8.4146926 7.4775882) with tilt (1.5010383 -1.8223392 -4.3835653)
  triclinic box = (0 0 0) to (2.5452729 8.4146926 7.4775882) with tilt (1.5010383 -1.8223392 -4.3835653)
  triclinic box = (0 0 0) to (2.5452729 8.4146926 7.4775882) with tilt (1.5010383 -1.8223392 -4.3835653)
echo none
run 0
Per MPI rank memory allocation (min/avg/max) = 3.929 | 3.929 | 3.929 Mbytes
    PotEng          Pxx           E_mol          E_coul    
-76.899164     -794.66194      0              0            
Loop time of 1.675e-06 on 1 procs for 0 steps with 18 atoms

716.4% CPU use with 1 MPI tasks x 1 OpenMP threads

MPI task timing breakdown:
Section |  min time  |  avg time  |  max time  |%varavg| %total
---------------------------------------------------------------
Pair    | 0          | 0          | 0          |   0.0 |  0.00
Neigh   | 0          | 0          | 0          |   0.0 |  0.00
Comm    | 0          | 0          | 0          |   0.0 |  0.00
Output  | 0          | 0          | 0          |   0.0 |  0.00
Modify  | 0          | 0          | 0          |   0.0 |  0.00
Other   |            | 1.675e-06  |            |       |100.00

Nlocal:             18 ave          18 max          18 min
Histogram: 1 0 0 0 0 0 0 0 0 0
Nghost:           3402 ave        3402 max        3402 min
Histogram: 1 0 0 0 0 0 0 0 0 0
Neighs:              0 ave           0 max           0 min
Histogram: 1 0 0 0 0 0 0 0 0 0
FullNghs:        15388 ave       15388 max       15388 min
Histogram: 1 0 0 0 0 0 0 0 0 0

Total # of neighbors = 15388
Ave neighs/atom = 854.88889
Neighbor list builds = 0
Dangerous builds = 0
set atom * x 0.0 y 0.0 z 0.0
Setting atom values ...
  18 settings made for x
  18 settings made for y
  18 settings made for z
change_box all     x final 0 2.545726571203413 y final 0 8.423386800311196 z final 0 7.426204390813236      xy final 1.5539918211701003 xz final -1.5490515604847328 yz final -4.509510517700486 units box
Changing box ...
  triclinic box = (0 0 0) to (2.5457266 8.4146926 7.4775882) with tilt (1.5010383 -1.8223392 -4.3835653)
  triclinic box = (0 0 0) to (2.5457266 8.4233868 7.4775882) with tilt (1.5010383 -1.8223392 -4.3835653)
  triclinic box = (0 0 0) to (2.5457266 8.4233868 7.4262044) with tilt (1.5010383 -1.8223392 -4.3835653)
  triclinic box = (0 0 0) to (2.5457266 8.4233868 7.4262044) with tilt (1.5539918 -1.8223392 -4.3835653)
  triclinic box = (0 0 0) to (2.5457266 8.4233868 7.4262044) with tilt (1.5539918 -1.5490516 -4.3835653)
  triclinic box = (0 0 0) to (2.5457266 8.4233868 7.4262044) with tilt (1.5539918 -1.5490516 -4.5095105)
echo none
run 0
Per MPI rank memory allocation (min/avg/max) = 3.929 | 3.929 | 3.929 Mbytes
    PotEng          Pxx           E_mol          E_coul    
-76.900002     -1471.7425      0              0            
Loop time of 1.233e-06 on 1 procs for 0 steps with 18 atoms

648.8% CPU use with 1 MPI tasks x 1 OpenMP threads

MPI task timing breakdown:
Section |  min time  |  avg time  |  max time  |%varavg| %total
---------------------------------------------------------------
Pair    | 0          | 0          | 0          |   0.0 |  0.00
Neigh   | 0          | 0          | 0          |   0.0 |  0.00
Comm    | 0          | 0          | 0          |   0.0 |  0.00
Output  | 0          | 0          | 0          |   0.0 |  0.00
Modify  | 0          | 0          | 0          |   0.0 |  0.00
Other   |            | 1.233e-06  |            |       |100.00

Nlocal:             18 ave          18 max          18 min
Histogram: 1 0 0 0 0 0 0 0 0 0
Nghost:           3430 ave        3430 max        3430 min
Histogram: 1 0 0 0 0 0 0 0 0 0
Neighs:              0 ave           0 max           0 min
Histogram: 1 0 0 0 0 0 0 0 0 0
FullNghs:        15402 ave       15402 max       15402 min
Histogram: 1 0 0 0 0 0 0 0 0 0

Total # of neighbors = 15402
Ave neighs/atom = 855.66667
Neighbor list builds = 0
Dangerous builds = 0
set atom * x 0.0 y 0.0 z 0.0
Setting atom values ...
  18 settings made for x
  18 settings made for y
  18 settings made for z
change_box all     x final 0 2.545726571203413 y final 0 8.423386800311192 z final 0 7.426204390813237      xy final 1.5539918211701005 xz final -1.549051560484732 yz final -4.509510517700487 units box
Changing box ...
  triclinic box = (0 0 0) to (2.5457266 8.4233868 7.4262044) with tilt (1.5539918 -1.5490516 -4.5095105)
  triclinic box = (0 0 0) to (2.5457266 8.4233868 7.4262044) with tilt (1.5539918 -1.5490516 -4.5095105)
  triclinic box = (0 0 0) to (2.5457266 8.4233868 7.4262044) with tilt (1.5539918 -1.5490516 -4.5095105)
  triclinic box = (0 0 0) to (2.5457266 8.4233868 7.4262044) with tilt (1.5539918 -1.5490516 -4.5095105)
  triclinic box = (0 0 0) to (2.5457266 8.4233868 7.4262044) with tilt (1.5539918 -1.5490516 -4.5095105)
  triclinic box = (0 0 0) to (2.5457266 8.4233868 7.4262044) with tilt (1.5539918 -1.5490516 -4.5095105)
echo none
run 0
Per MPI rank memory allocation (min/avg/max) = 3.929 | 3.929 | 3.929 Mbytes
    PotEng          Pxx           E_mol          E_coul    
-76.900002     -1471.7425      0              0            
Loop time of 1.774e-06 on 1 procs for 0 steps with 18 atoms

1014.7% CPU use with 1 MPI tasks x 1 OpenMP threads

MPI task timing breakdown:
Section |  min time  |  avg time  |  max time  |%varavg| %total
---------------------------------------------------------------
Pair    | 0          | 0          | 0          |   0.0 |  0.00
Neigh   | 0          | 0          | 0          |   0.0 |  0.00
Comm    | 0          | 0          | 0          |   0.0 |  0.00
Output  | 0          | 0          | 0          |   0.0 |  0.00
Modify  | 0          | 0          | 0          |   0.0 |  0.00
Other   |            | 1.774e-06  |            |       |100.00

Nlocal:             18 ave          18 max          18 min
Histogram: 1 0 0 0 0 0 0 0 0 0
Nghost:           3430 ave        3430 max        3430 min
Histogram: 1 0 0 0 0 0 0 0 0 0
Neighs:              0 ave           0 max           0 min
Histogram: 1 0 0 0 0 0 0 0 0 0
FullNghs:        15402 ave       15402 max       15402 min
Histogram: 1 0 0 0 0 0 0 0 0 0

Total # of neighbors = 15402
Ave neighs/atom = 855.66667
Neighbor list builds = 0
Dangerous builds = 0
set atom * x 0.0 y 0.0 z 0.0
Setting atom values ...
  18 settings made for x
  18 settings made for y
  18 settings made for z
change_box all     x final 0 2.54239414737102 y final 0 8.399655910861345 z final 0 7.448804785481303      xy final 1.5554009466130407 xz final -1.5413506673306114 yz final -4.5033915376607725 units box
Changing box ...
  triclinic box = (0 0 0) to (2.5423941 8.4233868 7.4262044) with tilt (1.5539918 -1.5490516 -4.5095105)
  triclinic box = (0 0 0) to (2.5423941 8.3996559 7.4262044) with tilt (1.5539918 -1.5490516 -4.5095105)
  triclinic box = (0 0 0) to (2.5423941 8.3996559 7.4488048) with tilt (1.5539918 -1.5490516 -4.5095105)
  triclinic box = (0 0 0) to (2.5423941 8.3996559 7.4488048) with tilt (1.5554009 -1.5490516 -4.5095105)
  triclinic box = (0 0 0) to (2.5423941 8.3996559 7.4488048) with tilt (1.5554009 -1.5413507 -4.5095105)
  triclinic box = (0 0 0) to (2.5423941 8.3996559 7.4488048) with tilt (1.5554009 -1.5413507 -4.5033915)
echo none
run 0
Per MPI rank memory allocation (min/avg/max) = 3.929 | 3.929 | 3.929 Mbytes
    PotEng          Pxx           E_mol          E_coul    
-76.900035      1731.0435      0              0            
Loop time of 1.527e-06 on 1 procs for 0 steps with 18 atoms

1047.8% CPU use with 1 MPI tasks x 1 OpenMP threads

MPI task timing breakdown:
Section |  min time  |  avg time  |  max time  |%varavg| %total
---------------------------------------------------------------
Pair    | 0          | 0          | 0          |   0.0 |  0.00
Neigh   | 0          | 0          | 0          |   0.0 |  0.00
Comm    | 0          | 0          | 0          |   0.0 |  0.00
Output  | 0          | 0          | 0          |   0.0 |  0.00
Modify  | 0          | 0          | 0          |   0.0 |  0.00
Other   |            | 1.527e-06  |            |       |100.00

Nlocal:             18 ave          18 max          18 min
Histogram: 1 0 0 0 0 0 0 0 0 0
Nghost:           3418 ave        3418 max        3418 min
Histogram: 1 0 0 0 0 0 0 0 0 0
Neighs:              0 ave           0 max           0 min
Histogram: 1 0 0 0 0 0 0 0 0 0
FullNghs:        15416 ave       15416 max       15416 min
Histogram: 1 0 0 0 0 0 0 0 0 0

Total # of neighbors = 15416
Ave neighs/atom = 856.44444
Neighbor list builds = 0
Dangerous builds = 0
set atom * x 0.0 y 0.0 z 0.0
Setting atom values ...
  18 settings made for x
  18 settings made for y
  18 settings made for z
change_box all     x final 0 2.5440269066190346 y final 0 8.411279782276049 z final 0 7.437718401403205      xy final 1.554711832821659 xz final -1.5451287226017776 yz final -4.506391065360051 units box
Changing box ...
  triclinic box = (0 0 0) to (2.5440269 8.3996559 7.4488048) with tilt (1.5554009 -1.5413507 -4.5033915)
  triclinic box = (0 0 0) to (2.5440269 8.4112798 7.4488048) with tilt (1.5554009 -1.5413507 -4.5033915)
  triclinic box = (0 0 0) to (2.5440269 8.4112798 7.4377184) with tilt (1.5554009 -1.5413507 -4.5033915)
  triclinic box = (0 0 0) to (2.5440269 8.4112798 7.4377184) with tilt (1.5547118 -1.5413507 -4.5033915)
  triclinic box = (0 0 0) to (2.5440269 8.4112798 7.4377184) with tilt (1.5547118 -1.5451287 -4.5033915)
  triclinic box = (0 0 0) to (2.5440269 8.4112798 7.4377184) with tilt (1.5547118 -1.5451287 -4.5063911)
echo none
run 0
Per MPI rank memory allocation (min/avg/max) = 3.929 | 3.929 | 3.929 Mbytes
    PotEng          Pxx           E_mol          E_coul    
-76.900338      153.24361      0              0            
Loop time of 1.435e-06 on 1 procs for 0 steps with 18 atoms

418.1% CPU use with 1 MPI tasks x 1 OpenMP threads

MPI task timing breakdown:
Section |  min time  |  avg time  |  max time  |%varavg| %total
---------------------------------------------------------------
Pair    | 0          | 0          | 0          |   0.0 |  0.00
Neigh   | 0          | 0          | 0          |   0.0 |  0.00
Comm    | 0          | 0          | 0          |   0.0 |  0.00
Output  | 0          | 0          | 0          |   0.0 |  0.00
Modify  | 0          | 0          | 0          |   0.0 |  0.00
Other   |            | 1.435e-06  |            |       |100.00

Nlocal:             18 ave          18 max          18 min
Histogram: 1 0 0 0 0 0 0 0 0 0
Nghost:           3402 ave        3402 max        3402 min
Histogram: 1 0 0 0 0 0 0 0 0 0
Neighs:              0 ave           0 max           0 min
Histogram: 1 0 0 0 0 0 0 0 0 0
FullNghs:        15406 ave       15406 max       15406 min
Histogram: 1 0 0 0 0 0 0 0 0 0

Total # of neighbors = 15406
Ave neighs/atom = 855.88889
Neighbor list builds = 0
Dangerous builds = 0
set atom * x 0.0 y 0.0 z 0.0
Setting atom values ...
  18 settings made for x
  18 settings made for y
  18 settings made for z
change_box all     x final 0 2.544026906619035 y final 0 8.411279782276047 z final 0 7.437718401403206      xy final 1.5547118328216631 xz final -1.5451287226017758 yz final -4.506391065360054 units box
Changing box ...
  triclinic box = (0 0 0) to (2.5440269 8.4112798 7.4377184) with tilt (1.5547118 -1.5451287 -4.5063911)
  triclinic box = (0 0 0) to (2.5440269 8.4112798 7.4377184) with tilt (1.5547118 -1.5451287 -4.5063911)
  triclinic box = (0 0 0) to (2.5440269 8.4112798 7.4377184) with tilt (1.5547118 -1.5451287 -4.5063911)
  triclinic box = (0 0 0) to (2.5440269 8.4112798 7.4377184) with tilt (1.5547118 -1.5451287 -4.5063911)
  triclinic box = (0 0 0) to (2.5440269 8.4112798 7.4377184) with tilt (1.5547118 -1.5451287 -4.5063911)
  triclinic box = (0 0 0) to (2.5440269 8.4112798 7.4377184) with tilt (1.5547118 -1.5451287 -4.5063911)
echo none
run 0
Per MPI rank memory allocation (min/avg/max) = 3.929 | 3.929 | 3.929 Mbytes
    PotEng          Pxx           E_mol          E_coul    
-76.900338      153.24361      0              0            
Loop time of 1.646e-06 on 1 procs for 0 steps with 18 atoms

850.5% CPU use with 1 MPI tasks x 1 OpenMP threads

MPI task timing breakdown:
Section |  min time  |  avg time  |  max time  |%varavg| %total
---------------------------------------------------------------
Pair    | 0          | 0          | 0          |   0.0 |  0.00
Neigh   | 0          | 0          | 0          |   0.0 |  0.00
Comm    | 0          | 0          | 0          |   0.0 |  0.00
Output  | 0          | 0          | 0          |   0.0 |  0.00
Modify  | 0          | 0          | 0          |   0.0 |  0.00
Other   |            | 1.646e-06  |            |       |100.00

Nlocal:             18 ave          18 max          18 min
Histogram: 1 0 0 0 0 0 0 0 0 0
Nghost:           3402 ave        3402 max        3402 min
Histogram: 1 0 0 0 0 0 0 0 0 0
Neighs:              0 ave           0 max           0 min
Histogram: 1 0 0 0 0 0 0 0 0 0
FullNghs:        15406 ave       15406 max       15406 min
Histogram: 1 0 0 0 0 0 0 0 0 0

Total # of neighbors = 15406
Ave neighs/atom = 855.88889
Neighbor list builds = 0
Dangerous builds = 0
set atom * x 0.0 y 0.0 z 0.0
Setting atom values ...
  18 settings made for x
  18 settings made for y
  18 settings made for z
change_box all     x final 0 2.544147864885523 y final 0 8.412299778937397 z final 0 7.381723196636481      xy final 1.5601644375773476 xz final -1.3139956382126605 yz final -4.634099721314712 units box
Changing box ...
  triclinic box = (0 0 0) to (2.5441479 8.4112798 7.4377184) with tilt (1.5547118 -1.5451287 -4.5063911)
  triclinic box = (0 0 0) to (2.5441479 8.4122998 7.4377184) with tilt (1.5547118 -1.5451287 -4.5063911)
  triclinic box = (0 0 0) to (2.5441479 8.4122998 7.3817232) with tilt (1.5547118 -1.5451287 -4.5063911)
  triclinic box = (0 0 0) to (2.5441479 8.4122998 7.3817232) with tilt (1.5601644 -1.5451287 -4.5063911)
  triclinic box = (0 0 0) to (2.5441479 8.4122998 7.3817232) with tilt (1.5601644 -1.3139956 -4.5063911)
  triclinic box = (0 0 0) to (2.5441479 8.4122998 7.3817232) with tilt (1.5601644 -1.3139956 -4.6340997)
echo none
run 0
Per MPI rank memory allocation (min/avg/max) = 3.929 | 3.929 | 3.929 Mbytes
    PotEng          Pxx           E_mol          E_coul    
-76.900354     -79.908444      0              0            
Loop time of 1.542e-06 on 1 procs for 0 steps with 18 atoms

713.4% CPU use with 1 MPI tasks x 1 OpenMP threads

MPI task timing breakdown:
Section |  min time  |  avg time  |  max time  |%varavg| %total
---------------------------------------------------------------
Pair    | 0          | 0          | 0          |   0.0 |  0.00
Neigh   | 0          | 0          | 0          |   0.0 |  0.00
Comm    | 0          | 0          | 0          |   0.0 |  0.00
Output  | 0          | 0          | 0          |   0.0 |  0.00
Modify  | 0          | 0          | 0          |   0.0 |  0.00
Other   |            | 1.542e-06  |            |       |100.00

Nlocal:             18 ave          18 max          18 min
Histogram: 1 0 0 0 0 0 0 0 0 0
Nghost:           3501 ave        3501 max        3501 min
Histogram: 1 0 0 0 0 0 0 0 0 0
Neighs:              0 ave           0 max           0 min
Histogram: 1 0 0 0 0 0 0 0 0 0
FullNghs:        15484 ave       15484 max       15484 min
Histogram: 1 0 0 0 0 0 0 0 0 0

Total # of neighbors = 15484
Ave neighs/atom = 860.22222
Neighbor list builds = 0
Dangerous builds = 0
set atom * x 0.0 y 0.0 z 0.0
Setting atom values ...
  18 settings made for x
  18 settings made for y
  18 settings made for z
change_box all     x final 0 2.5439579262492744 y final 0 8.41148422922102 z final 0 7.417775294999143      xy final 1.557133021585594 xz final -1.4609189997246717 yz final -4.553041168984109 units box
Changing box ...
  triclinic box = (0 0 0) to (2.5439579 8.4122998 7.3817232) with tilt (1.5601644 -1.3139956 -4.6340997)
  triclinic box = (0 0 0) to (2.5439579 8.4114842 7.3817232) with tilt (1.5601644 -1.3139956 -4.6340997)
  triclinic box = (0 0 0) to (2.5439579 8.4114842 7.4177753) with tilt (1.5601644 -1.3139956 -4.6340997)
  triclinic box = (0 0 0) to (2.5439579 8.4114842 7.4177753) with tilt (1.557133 -1.3139956 -4.6340997)
  triclinic box = (0 0 0) to (2.5439579 8.4114842 7.4177753) with tilt (1.557133 -1.460919 -4.6340997)
  triclinic box = (0 0 0) to (2.5439579 8.4114842 7.4177753) with tilt (1.557133 -1.460919 -4.5530412)
echo none
run 0
Per MPI rank memory allocation (min/avg/max) = 3.929 | 3.929 | 3.929 Mbytes
    PotEng          Pxx           E_mol          E_coul    
-76.900688      179.18773      0              0            
Loop time of 1.789e-06 on 1 procs for 0 steps with 18 atoms

838.5% CPU use with 1 MPI tasks x 1 OpenMP threads

MPI task timing breakdown:
Section |  min time  |  avg time  |  max time  |%varavg| %total
---------------------------------------------------------------
Pair    | 0          | 0          | 0          |   0.0 |  0.00
Neigh   | 0          | 0          | 0          |   0.0 |  0.00
Comm    | 0          | 0          | 0          |   0.0 |  0.00
Output  | 0          | 0          | 0          |   0.0 |  0.00
Modify  | 0          | 0          | 0          |   0.0 |  0.00
Other   |            | 1.789e-06  |            |       |100.00

Nlocal:             18 ave          18 max          18 min
Histogram: 1 0 0 0 0 0 0 0 0 0
Nghost:           3446 ave        3446 max        3446 min
Histogram: 1 0 0 0 0 0 0 0 0 0
Neighs:              0 ave           0 max           0 min
Histogram: 1 0 0 0 0 0 0 0 0 0
FullNghs:        15432 ave       15432 max       15432 min
Histogram: 1 0 0 0 0 0 0 0 0 0

Total # of neighbors = 15432
Ave neighs/atom = 857.33333
Neighbor list builds = 0
Dangerous builds = 0
set atom * x 0.0 y 0.0 z 0.0
Setting atom values ...
  18 settings made for x
  18 settings made for y
  18 settings made for z
change_box all     x final 0 2.5439579262492753 y final 0 8.41148422922102 z final 0 7.417775294999145      xy final 1.5571330215855963 xz final -1.4609189997246699 yz final -4.55304116898411 units box
Changing box ...
  triclinic box = (0 0 0) to (2.5439579 8.4114842 7.4177753) with tilt (1.557133 -1.460919 -4.5530412)
  triclinic box = (0 0 0) to (2.5439579 8.4114842 7.4177753) with tilt (1.557133 -1.460919 -4.5530412)
  triclinic box = (0 0 0) to (2.5439579 8.4114842 7.4177753) with tilt (1.557133 -1.460919 -4.5530412)
  triclinic box = (0 0 0) to (2.5439579 8.4114842 7.4177753) with tilt (1.557133 -1.460919 -4.5530412)
  triclinic box = (0 0 0) to (2.5439579 8.4114842 7.4177753) with tilt (1.557133 -1.460919 -4.5530412)
  triclinic box = (0 0 0) to (2.5439579 8.4114842 7.4177753) with tilt (1.557133 -1.460919 -4.5530412)
echo none
run 0
Per MPI rank memory allocation (min/avg/max) = 3.929 | 3.929 | 3.929 Mbytes
    PotEng          Pxx           E_mol          E_coul    
-76.900688      179.18773      0              0            
Loop time of 1.64e-06 on 1 procs for 0 steps with 18 atoms

1097.6% CPU use with 1 MPI tasks x 1 OpenMP threads

MPI task timing breakdown:
Section |  min time  |  avg time  |  max time  |%varavg| %total
---------------------------------------------------------------
Pair    | 0          | 0          | 0          |   0.0 |  0.00
Neigh   | 0          | 0          | 0          |   0.0 |  0.00
Comm    | 0          | 0          | 0          |   0.0 |  0.00
Output  | 0          | 0          | 0          |   0.0 |  0.00
Modify  | 0          | 0          | 0          |   0.0 |  0.00
Other   |            | 1.64e-06   |            |       |100.00

Nlocal:             18 ave          18 max          18 min
Histogram: 1 0 0 0 0 0 0 0 0 0
Nghost:           3446 ave        3446 max        3446 min
Histogram: 1 0 0 0 0 0 0 0 0 0
Neighs:              0 ave           0 max           0 min
Histogram: 1 0 0 0 0 0 0 0 0 0
FullNghs:        15432 ave       15432 max       15432 min
Histogram: 1 0 0 0 0 0 0 0 0 0

Total # of neighbors = 15432
Ave neighs/atom = 857.33333
Neighbor list builds = 0
Dangerous builds = 0
set atom * x 0.0 y 0.0 z 0.0
Setting atom values ...
  18 settings made for x
  18 settings made for y
  18 settings made for z
change_box all     x final 0 2.5448154914503105 y final 0 8.417303139356653 z final 0 7.391116807343228      xy final 1.5516741803481031 xz final -1.2875570179666065 yz final -4.617181837444294 units box
Changing box ...
  triclinic box = (0 0 0) to (2.5448155 8.4114842 7.4177753) with tilt (1.557133 -1.460919 -4.5530412)
  triclinic box = (0 0 0) to (2.5448155 8.4173031 7.4177753) with tilt (1.557133 -1.460919 -4.5530412)
  triclinic box = (0 0 0) to (2.5448155 8.4173031 7.3911168) with tilt (1.557133 -1.460919 -4.5530412)
  triclinic box = (0 0 0) to (2.5448155 8.4173031 7.3911168) with tilt (1.5516742 -1.460919 -4.5530412)
  triclinic box = (0 0 0) to (2.5448155 8.4173031 7.3911168) with tilt (1.5516742 -1.287557 -4.5530412)
  triclinic box = (0 0 0) to (2.5448155 8.4173031 7.3911168) with tilt (1.5516742 -1.287557 -4.6171818)
echo none
run 0
Per MPI rank memory allocation (min/avg/max) = 3.929 | 3.929 | 3.929 Mbytes
    PotEng          Pxx           E_mol          E_coul    
-76.901314     -904.6252       0              0            
Loop time of 1.531e-06 on 1 procs for 0 steps with 18 atoms

0.0% CPU use with 1 MPI tasks x 1 OpenMP threads

MPI task timing breakdown:
Section |  min time  |  avg time  |  max time  |%varavg| %total
---------------------------------------------------------------
Pair    | 0          | 0          | 0          |   0.0 |  0.00
Neigh   | 0          | 0          | 0          |   0.0 |  0.00
Comm    | 0          | 0          | 0          |   0.0 |  0.00
Output  | 0          | 0          | 0          |   0.0 |  0.00
Modify  | 0          | 0          | 0          |   0.0 |  0.00
Other   |            | 1.531e-06  |            |       |100.00

Nlocal:             18 ave          18 max          18 min
Histogram: 1 0 0 0 0 0 0 0 0 0
Nghost:           3501 ave        3501 max        3501 min
Histogram: 1 0 0 0 0 0 0 0 0 0
Neighs:              0 ave           0 max           0 min
Histogram: 1 0 0 0 0 0 0 0 0 0
FullNghs:        15464 ave       15464 max       15464 min
Histogram: 1 0 0 0 0 0 0 0 0 0

Total # of neighbors = 15464
Ave neighs/atom = 859.11111
Neighbor list builds = 0
Dangerous builds = 0
set atom * x 0.0 y 0.0 z 0.0
Setting atom values ...
  18 settings made for x
  18 settings made for y
  18 settings made for z
change_box all     x final 0 2.5448154914503114 y final 0 8.417303139356653 z final 0 7.391116807343227      xy final 1.5516741803481084 xz final -1.287557017966604 yz final -4.617181837444296 units box
Changing box ...
  triclinic box = (0 0 0) to (2.5448155 8.4173031 7.3911168) with tilt (1.5516742 -1.287557 -4.6171818)
  triclinic box = (0 0 0) to (2.5448155 8.4173031 7.3911168) with tilt (1.5516742 -1.287557 -4.6171818)
  triclinic box = (0 0 0) to (2.5448155 8.4173031 7.3911168) with tilt (1.5516742 -1.287557 -4.6171818)
  triclinic box = (0 0 0) to (2.5448155 8.4173031 7.3911168) with tilt (1.5516742 -1.287557 -4.6171818)
  triclinic box = (0 0 0) to (2.5448155 8.4173031 7.3911168) with tilt (1.5516742 -1.287557 -4.6171818)
  triclinic box = (0 0 0) to (2.5448155 8.4173031 7.3911168) with tilt (1.5516742 -1.287557 -4.6171818)
echo none
run 0
Per MPI rank memory allocation (min/avg/max) = 3.929 | 3.929 | 3.929 Mbytes
    PotEng          Pxx           E_mol          E_coul    
-76.901314     -904.6252       0              0            
Loop time of 2.026e-06 on 1 procs for 0 steps with 18 atoms

8045.4% CPU use with 1 MPI tasks x 1 OpenMP threads

MPI task timing breakdown:
Section |  min time  |  avg time  |  max time  |%varavg| %total
---------------------------------------------------------------
Pair    | 0          | 0          | 0          |   0.0 |  0.00
Neigh   | 0          | 0          | 0          |   0.0 |  0.00
Comm    | 0          | 0          | 0          |   0.0 |  0.00
Output  | 0          | 0          | 0          |   0.0 |  0.00
Modify  | 0          | 0          | 0          |   0.0 |  0.00
Other   |            | 2.026e-06  |            |       |100.00

Nlocal:             18 ave          18 max          18 min
Histogram: 1 0 0 0 0 0 0 0 0 0
Nghost:           3501 ave        3501 max        3501 min
Histogram: 1 0 0 0 0 0 0 0 0 0
Neighs:              0 ave           0 max           0 min
Histogram: 1 0 0 0 0 0 0 0 0 0
FullNghs:        15464 ave       15464 max       15464 min
Histogram: 1 0 0 0 0 0 0 0 0 0

Total # of neighbors = 15464
Ave neighs/atom = 859.11111
Neighbor list builds = 0
Dangerous builds = 0
set atom * x 0.0 y 0.0 z 0.0
Setting atom values ...
  18 settings made for x
  18 settings made for y
  18 settings made for z
change_box all     x final 0 2.5430101758646253 y final 0 8.395727391896605 z final 0 7.415258989193814      xy final 1.518276300561255 xz final -1.3847653713164725 yz final -4.594612040282087 units box
Changing box ...
  triclinic box = (0 0 0) to (2.5430102 8.4173031 7.3911168) with tilt (1.5516742 -1.287557 -4.6171818)
  triclinic box = (0 0 0) to (2.5430102 8.3957274 7.3911168) with tilt (1.5516742 -1.287557 -4.6171818)
  triclinic box = (0 0 0) to (2.5430102 8.3957274 7.415259) with tilt (1.5516742 -1.287557 -4.6171818)
  triclinic box = (0 0 0) to (2.5430102 8.3957274 7.415259) with tilt (1.5182763 -1.287557 -4.6171818)
  triclinic box = (0 0 0) to (2.5430102 8.3957274 7.415259) with tilt (1.5182763 -1.3847654 -4.6171818)
  triclinic box = (0 0 0) to (2.5430102 8.3957274 7.415259) with tilt (1.5182763 -1.3847654 -4.594612)
echo none
run 0
Per MPI rank memory allocation (min/avg/max) = 3.929 | 3.929 | 3.929 Mbytes
    PotEng          Pxx           E_mol          E_coul    
-76.901269      774.9684       0              0            
Loop time of 1.997e-06 on 1 procs for 0 steps with 18 atoms

851.3% CPU use with 1 MPI tasks x 1 OpenMP threads

MPI task timing breakdown:
Section |  min time  |  avg time  |  max time  |%varavg| %total
---------------------------------------------------------------
Pair    | 0          | 0          | 0          |   0.0 |  0.00
Neigh   | 0          | 0          | 0          |   0.0 |  0.00
Comm    | 0          | 0          | 0          |   0.0 |  0.00
Output  | 0          | 0          | 0          |   0.0 |  0.00
Modify  | 0          | 0          | 0          |   0.0 |  0.00
Other   |            | 1.997e-06  |            |       |100.00

Nlocal:             18 ave          18 max          18 min
Histogram: 1 0 0 0 0 0 0 0 0 0
Nghost:           3533 ave        3533 max        3533 min
Histogram: 1 0 0 0 0 0 0 0 0 0
Neighs:              0 ave           0 max           0 min
Histogram: 1 0 0 0 0 0 0 0 0 0
FullNghs:        15464 ave       15464 max       15464 min
Histogram: 1 0 0 0 0 0 0 0 0 0

Total # of neighbors = 15464
Ave neighs/atom = 859.11111
Neighbor list builds = 0
Dangerous builds = 0
set atom * x 0.0 y 0.0 z 0.0
Setting atom values ...
  18 settings made for x
  18 settings made for y
  18 settings made for z
change_box all     x final 0 2.5439167629624753 y final 0 8.406896811018061 z final 0 7.402826097165146      xy final 1.535584107116488 xz final -1.3343245630147662 yz final -4.606295743333736 units box
Changing box ...
  triclinic box = (0 0 0) to (2.5439168 8.3957274 7.415259) with tilt (1.5182763 -1.3847654 -4.594612)
  triclinic box = (0 0 0) to (2.5439168 8.4068968 7.415259) with tilt (1.5182763 -1.3847654 -4.594612)
  triclinic box = (0 0 0) to (2.5439168 8.4068968 7.4028261) with tilt (1.5182763 -1.3847654 -4.594612)
  triclinic box = (0 0 0) to (2.5439168 8.4068968 7.4028261) with tilt (1.5355841 -1.3847654 -4.594612)
  triclinic box = (0 0 0) to (2.5439168 8.4068968 7.4028261) with tilt (1.5355841 -1.3343246 -4.594612)
  triclinic box = (0 0 0) to (2.5439168 8.4068968 7.4028261) with tilt (1.5355841 -1.3343246 -4.6062957)
echo none
run 0
Per MPI rank memory allocation (min/avg/max) = 3.929 | 3.929 | 3.929 Mbytes
    PotEng          Pxx           E_mol          E_coul    
-76.901628     -69.481002      0              0            
Loop time of 1.703e-06 on 1 procs for 0 steps with 18 atoms

763.4% CPU use with 1 MPI tasks x 1 OpenMP threads

MPI task timing breakdown:
Section |  min time  |  avg time  |  max time  |%varavg| %total
---------------------------------------------------------------
Pair    | 0          | 0          | 0          |   0.0 |  0.00
Neigh   | 0          | 0          | 0          |   0.0 |  0.00
Comm    | 0          | 0          | 0          |   0.0 |  0.00
Output  | 0          | 0          | 0          |   0.0 |  0.00
Modify  | 0          | 0          | 0          |   0.0 |  0.00
Other   |            | 1.703e-06  |            |       |100.00

Nlocal:             18 ave          18 max          18 min
Histogram: 1 0 0 0 0 0 0 0 0 0
Nghost:           3517 ave        3517 max        3517 min
Histogram: 1 0 0 0 0 0 0 0 0 0
Neighs:              0 ave           0 max           0 min
Histogram: 1 0 0 0 0 0 0 0 0 0
FullNghs:        15454 ave       15454 max       15454 min
Histogram: 1 0 0 0 0 0 0 0 0 0

Total # of neighbors = 15454
Ave neighs/atom = 858.55556
Neighbor list builds = 0
Dangerous builds = 0
set atom * x 0.0 y 0.0 z 0.0
Setting atom values ...
  18 settings made for x
  18 settings made for y
  18 settings made for z
change_box all     x final 0 2.5439167629624726 y final 0 8.40689681101806 z final 0 7.4028260971651445      xy final 1.5355841071164902 xz final -1.3343245630147644 yz final -4.606295743333738 units box
Changing box ...
  triclinic box = (0 0 0) to (2.5439168 8.4068968 7.4028261) with tilt (1.5355841 -1.3343246 -4.6062957)
  triclinic box = (0 0 0) to (2.5439168 8.4068968 7.4028261) with tilt (1.5355841 -1.3343246 -4.6062957)
  triclinic box = (0 0 0) to (2.5439168 8.4068968 7.4028261) with tilt (1.5355841 -1.3343246 -4.6062957)
  triclinic box = (0 0 0) to (2.5439168 8.4068968 7.4028261) with tilt (1.5355841 -1.3343246 -4.6062957)
  triclinic box = (0 0 0) to (2.5439168 8.4068968 7.4028261) with tilt (1.5355841 -1.3343246 -4.6062957)
  triclinic box = (0 0 0) to (2.5439168 8.4068968 7.4028261) with tilt (1.5355841 -1.3343246 -4.6062957)
echo none
run 0
Per MPI rank memory allocation (min/avg/max) = 3.929 | 3.929 | 3.929 Mbytes
    PotEng          Pxx           E_mol          E_coul    
-76.901628     -69.481002      0              0            
Loop time of 1.621e-06 on 1 procs for 0 steps with 18 atoms

987.0% CPU use with 1 MPI tasks x 1 OpenMP threads

MPI task timing breakdown:
Section |  min time  |  avg time  |  max time  |%varavg| %total
---------------------------------------------------------------
Pair    | 0          | 0          | 0          |   0.0 |  0.00
Neigh   | 0          | 0          | 0          |   0.0 |  0.00
Comm    | 0          | 0          | 0          |   0.0 |  0.00
Output  | 0          | 0          | 0          |   0.0 |  0.00
Modify  | 0          | 0          | 0          |   0.0 |  0.00
Other   |            | 1.621e-06  |            |       |100.00

Nlocal:             18 ave          18 max          18 min
Histogram: 1 0 0 0 0 0 0 0 0 0
Nghost:           3517 ave        3517 max        3517 min
Histogram: 1 0 0 0 0 0 0 0 0 0
Neighs:              0 ave           0 max           0 min
Histogram: 1 0 0 0 0 0 0 0 0 0
FullNghs:        15454 ave       15454 max       15454 min
Histogram: 1 0 0 0 0 0 0 0 0 0

Total # of neighbors = 15454
Ave neighs/atom = 858.55556
Neighbor list builds = 0
Dangerous builds = 0
set atom * x 0.0 y 0.0 z 0.0
Setting atom values ...
  18 settings made for x
  18 settings made for y
  18 settings made for z
change_box all     x final 0 2.5440866092709586 y final 0 8.397463708459577 z final 0 7.405785664669801      xy final 1.5270460258667127 xz final -1.3121518566433326 yz final -4.620159666521171 units box
Changing box ...
  triclinic box = (0 0 0) to (2.5440866 8.4068968 7.4028261) with tilt (1.5355841 -1.3343246 -4.6062957)
  triclinic box = (0 0 0) to (2.5440866 8.3974637 7.4028261) with tilt (1.5355841 -1.3343246 -4.6062957)
  triclinic box = (0 0 0) to (2.5440866 8.3974637 7.4057857) with tilt (1.5355841 -1.3343246 -4.6062957)
  triclinic box = (0 0 0) to (2.5440866 8.3974637 7.4057857) with tilt (1.527046 -1.3343246 -4.6062957)
  triclinic box = (0 0 0) to (2.5440866 8.3974637 7.4057857) with tilt (1.527046 -1.3121519 -4.6062957)
  triclinic box = (0 0 0) to (2.5440866 8.3974637 7.4057857) with tilt (1.527046 -1.3121519 -4.6201597)
echo none
run 0
Per MPI rank memory allocation (min/avg/max) = 3.929 | 3.929 | 3.929 Mbytes
    PotEng          Pxx           E_mol          E_coul    
-76.902102      40.432381      0              0            
Loop time of 1.363e-06 on 1 procs for 0 steps with 18 atoms

807.0% CPU use with 1 MPI tasks x 1 OpenMP threads

MPI task timing breakdown:
Section |  min time  |  avg time  |  max time  |%varavg| %total
---------------------------------------------------------------
Pair    | 0          | 0          | 0          |   0.0 |  0.00
Neigh   | 0          | 0          | 0          |   0.0 |  0.00
Comm    | 0          | 0          | 0          |   0.0 |  0.00
Output  | 0          | 0          | 0          |   0.0 |  0.00
Modify  | 0          | 0          | 0          |   0.0 |  0.00
Other   |            | 1.363e-06  |            |       |100.00

Nlocal:             18 ave          18 max          18 min
Histogram: 1 0 0 0 0 0 0 0 0 0
Nghost:           3533 ave        3533 max        3533 min
Histogram: 1 0 0 0 0 0 0 0 0 0
Neighs:              0 ave           0 max           0 min
Histogram: 1 0 0 0 0 0 0 0 0 0
FullNghs:        15482 ave       15482 max       15482 min
Histogram: 1 0 0 0 0 0 0 0 0 0

Total # of neighbors = 15482
Ave neighs/atom = 860.11111
Neighbor list builds = 0
Dangerous builds = 0
set atom * x 0.0 y 0.0 z 0.0
Setting atom values ...
  18 settings made for x
  18 settings made for y
  18 settings made for z
change_box all     x final 0 2.5440866092709604 y final 0 8.397463708459581 z final 0 7.405785664669801      xy final 1.5270460258667187 xz final -1.3121518566433295 yz final -4.62015966652117 units box
Changing box ...
  triclinic box = (0 0 0) to (2.5440866 8.3974637 7.4057857) with tilt (1.527046 -1.3121519 -4.6201597)
  triclinic box = (0 0 0) to (2.5440866 8.3974637 7.4057857) with tilt (1.527046 -1.3121519 -4.6201597)
  triclinic box = (0 0 0) to (2.5440866 8.3974637 7.4057857) with tilt (1.527046 -1.3121519 -4.6201597)
  triclinic box = (0 0 0) to (2.5440866 8.3974637 7.4057857) with tilt (1.527046 -1.3121519 -4.6201597)
  triclinic box = (0 0 0) to (2.5440866 8.3974637 7.4057857) with tilt (1.527046 -1.3121519 -4.6201597)
  triclinic box = (0 0 0) to (2.5440866 8.3974637 7.4057857) with tilt (1.527046 -1.3121519 -4.6201597)
echo none
run 0
Per MPI rank memory allocation (min/avg/max) = 3.929 | 3.929 | 3.929 Mbytes
    PotEng          Pxx           E_mol          E_coul    
-76.902102      40.432381      0              0            
Loop time of 2.008e-06 on 1 procs for 0 steps with 18 atoms

796.8% CPU use with 1 MPI tasks x 1 OpenMP threads

MPI task timing breakdown:
Section |  min time  |  avg time  |  max time  |%varavg| %total
---------------------------------------------------------------
Pair    | 0          | 0          | 0          |   0.0 |  0.00
Neigh   | 0          | 0          | 0          |   0.0 |  0.00
Comm    | 0          | 0          | 0          |   0.0 |  0.00
Output  | 0          | 0          | 0          |   0.0 |  0.00
Modify  | 0          | 0          | 0          |   0.0 |  0.00
Other   |            | 2.008e-06  |            |       |100.00

Nlocal:             18 ave          18 max          18 min
Histogram: 1 0 0 0 0 0 0 0 0 0
Nghost:           3533 ave        3533 max        3533 min
Histogram: 1 0 0 0 0 0 0 0 0 0
Neighs:              0 ave           0 max           0 min
Histogram: 1 0 0 0 0 0 0 0 0 0
FullNghs:        15482 ave       15482 max       15482 min
Histogram: 1 0 0 0 0 0 0 0 0 0

Total # of neighbors = 15482
Ave neighs/atom = 860.11111
Neighbor list builds = 0
Dangerous builds = 0
set atom * x 0.0 y 0.0 z 0.0
Setting atom values ...
  18 settings made for x
  18 settings made for y
  18 settings made for z
change_box all     x final 0 2.5447973064975384 y final 0 8.376147144848234 z final 0 7.408081388097324      xy final 1.5068806339428478 xz final -1.1741449633191632 yz final -4.65891501869963 units box
Changing box ...
  triclinic box = (0 0 0) to (2.5447973 8.3974637 7.4057857) with tilt (1.527046 -1.3121519 -4.6201597)
  triclinic box = (0 0 0) to (2.5447973 8.3761471 7.4057857) with tilt (1.527046 -1.3121519 -4.6201597)
  triclinic box = (0 0 0) to (2.5447973 8.3761471 7.4080814) with tilt (1.527046 -1.3121519 -4.6201597)
  triclinic box = (0 0 0) to (2.5447973 8.3761471 7.4080814) with tilt (1.5068806 -1.3121519 -4.6201597)
  triclinic box = (0 0 0) to (2.5447973 8.3761471 7.4080814) with tilt (1.5068806 -1.174145 -4.6201597)
  triclinic box = (0 0 0) to (2.5447973 8.3761471 7.4080814) with tilt (1.5068806 -1.174145 -4.658915)
echo none
run 0
Per MPI rank memory allocation (min/avg/max) = 3.93 | 3.93 | 3.93 Mbytes
    PotEng          Pxx           E_mol          E_coul    
-76.902493     -637.86494      0              0            
Loop time of 1.832e-06 on 1 procs for 0 steps with 18 atoms

709.6% CPU use with 1 MPI tasks x 1 OpenMP threads

MPI task timing breakdown:
Section |  min time  |  avg time  |  max time  |%varavg| %total
---------------------------------------------------------------
Pair    | 0          | 0          | 0          |   0.0 |  0.00
Neigh   | 0          | 0          | 0          |   0.0 |  0.00
Comm    | 0          | 0          | 0          |   0.0 |  0.00
Output  | 0          | 0          | 0          |   0.0 |  0.00
Modify  | 0          | 0          | 0          |   0.0 |  0.00
Other   |            | 1.832e-06  |            |       |100.00

Nlocal:             18 ave          18 max          18 min
Histogram: 1 0 0 0 0 0 0 0 0 0
Nghost:           3577 ave        3577 max        3577 min
Histogram: 1 0 0 0 0 0 0 0 0 0
Neighs:              0 ave           0 max           0 min
Histogram: 1 0 0 0 0 0 0 0 0 0
FullNghs:        15528 ave       15528 max       15528 min
Histogram: 1 0 0 0 0 0 0 0 0 0

Total # of neighbors = 15528
Ave neighs/atom = 862.66667
Neighbor list builds = 0
Dangerous builds = 0
set atom * x 0.0 y 0.0 z 0.0
Setting atom values ...
  18 settings made for x
  18 settings made for y
  18 settings made for z
change_box all     x final 0 2.544797306497539 y final 0 8.376147144848227 z final 0 7.408081388097321      xy final 1.5068806339428449 xz final -1.1741449633191643 yz final -4.658915018699632 units box
Changing box ...
  triclinic box = (0 0 0) to (2.5447973 8.3761471 7.4080814) with tilt (1.5068806 -1.174145 -4.658915)
  triclinic box = (0 0 0) to (2.5447973 8.3761471 7.4080814) with tilt (1.5068806 -1.174145 -4.658915)
  triclinic box = (0 0 0) to (2.5447973 8.3761471 7.4080814) with tilt (1.5068806 -1.174145 -4.658915)
  triclinic box = (0 0 0) to (2.5447973 8.3761471 7.4080814) with tilt (1.5068806 -1.174145 -4.658915)
  triclinic box = (0 0 0) to (2.5447973 8.3761471 7.4080814) with tilt (1.5068806 -1.174145 -4.658915)
  triclinic box = (0 0 0) to (2.5447973 8.3761471 7.4080814) with tilt (1.5068806 -1.174145 -4.658915)
echo none
run 0
Per MPI rank memory allocation (min/avg/max) = 3.93 | 3.93 | 3.93 Mbytes
    PotEng          Pxx           E_mol          E_coul    
-76.902493     -637.86494      0              0            
Loop time of 1.5805e-05 on 1 procs for 0 steps with 18 atoms

132.9% CPU use with 1 MPI tasks x 1 OpenMP threads

MPI task timing breakdown:
Section |  min time  |  avg time  |  max time  |%varavg| %total
---------------------------------------------------------------
Pair    | 0          | 0          | 0          |   0.0 |  0.00
Neigh   | 0          | 0          | 0          |   0.0 |  0.00
Comm    | 0          | 0          | 0          |   0.0 |  0.00
Output  | 0          | 0          | 0          |   0.0 |  0.00
Modify  | 0          | 0          | 0          |   0.0 |  0.00
Other   |            | 1.58e-05   |            |       |100.00

Nlocal:             18 ave          18 max          18 min
Histogram: 1 0 0 0 0 0 0 0 0 0
Nghost:           3577 ave        3577 max        3577 min
Histogram: 1 0 0 0 0 0 0 0 0 0
Neighs:              0 ave           0 max           0 min
Histogram: 1 0 0 0 0 0 0 0 0 0
FullNghs:        15528 ave       15528 max       15528 min
Histogram: 1 0 0 0 0 0 0 0 0 0

Total # of neighbors = 15528
Ave neighs/atom = 862.66667
Neighbor list builds = 0
Dangerous builds = 0
set atom * x 0.0 y 0.0 z 0.0
Setting atom values ...
  18 settings made for x
  18 settings made for y
  18 settings made for z
change_box all     x final 0 2.544704290073348 y final 0 8.364035567297115 z final 0 7.430505734124179      xy final 1.466927116953117 xz final -1.1627509560635 yz final -4.612296109149736 units box
Changing box ...
  triclinic box = (0 0 0) to (2.5447043 8.3761471 7.4080814) with tilt (1.5068806 -1.174145 -4.658915)
  triclinic box = (0 0 0) to (2.5447043 8.3640356 7.4080814) with tilt (1.5068806 -1.174145 -4.658915)
  triclinic box = (0 0 0) to (2.5447043 8.3640356 7.4305057) with tilt (1.5068806 -1.174145 -4.658915)
  triclinic box = (0 0 0) to (2.5447043 8.3640356 7.4305057) with tilt (1.4669271 -1.174145 -4.658915)
  triclinic box = (0 0 0) to (2.5447043 8.3640356 7.4305057) with tilt (1.4669271 -1.162751 -4.658915)
  triclinic box = (0 0 0) to (2.5447043 8.3640356 7.4305057) with tilt (1.4669271 -1.162751 -4.6122961)
echo none
run 0
Per MPI rank memory allocation (min/avg/max) = 3.93 | 3.93 | 3.93 Mbytes
    PotEng          Pxx           E_mol          E_coul    
-76.902719     -492.01736      0              0            
Loop time of 1.906e-06 on 1 procs for 0 steps with 18 atoms

839.5% CPU use with 1 MPI tasks x 1 OpenMP threads

MPI task timing breakdown:
Section |  min time  |  avg time  |  max time  |%varavg| %total
---------------------------------------------------------------
Pair    | 0          | 0          | 0          |   0.0 |  0.00
Neigh   | 0          | 0          | 0          |   0.0 |  0.00
Comm    | 0          | 0          | 0          |   0.0 |  0.00
Output  | 0          | 0          | 0          |   0.0 |  0.00
Modify  | 0          | 0          | 0          |   0.0 |  0.00
Other   |            | 1.906e-06  |            |       |100.00

Nlocal:             18 ave          18 max          18 min
Histogram: 1 0 0 0 0 0 0 0 0 0
Nghost:           3533 ave        3533 max        3533 min
Histogram: 1 0 0 0 0 0 0 0 0 0
Neighs:              0 ave           0 max           0 min
Histogram: 1 0 0 0 0 0 0 0 0 0
FullNghs:        15480 ave       15480 max       15480 min
Histogram: 1 0 0 0 0 0 0 0 0 0

Total # of neighbors = 15480
Ave neighs/atom = 860
Neighbor list builds = 0
Dangerous builds = 0
set atom * x 0.0 y 0.0 z 0.0
Setting atom values ...
  18 settings made for x
  18 settings made for y
  18 settings made for z
change_box all     x final 0 2.544704290073349 y final 0 8.364035567297114 z final 0 7.4305057341241785      xy final 1.466927116953119 xz final -1.162750956063499 yz final -4.612296109149736 units box
Changing box ...
  triclinic box = (0 0 0) to (2.5447043 8.3640356 7.4305057) with tilt (1.4669271 -1.162751 -4.6122961)
  triclinic box = (0 0 0) to (2.5447043 8.3640356 7.4305057) with tilt (1.4669271 -1.162751 -4.6122961)
  triclinic box = (0 0 0) to (2.5447043 8.3640356 7.4305057) with tilt (1.4669271 -1.162751 -4.6122961)
  triclinic box = (0 0 0) to (2.5447043 8.3640356 7.4305057) with tilt (1.4669271 -1.162751 -4.6122961)
  triclinic box = (0 0 0) to (2.5447043 8.3640356 7.4305057) with tilt (1.4669271 -1.162751 -4.6122961)
  triclinic box = (0 0 0) to (2.5447043 8.3640356 7.4305057) with tilt (1.4669271 -1.162751 -4.6122961)
echo none
run 0
Per MPI rank memory allocation (min/avg/max) = 3.93 | 3.93 | 3.93 Mbytes
    PotEng          Pxx           E_mol          E_coul    
-76.902719     -492.01736      0              0            
Loop time of 1.997e-06 on 1 procs for 0 steps with 18 atoms

1001.5% CPU use with 1 MPI tasks x 1 OpenMP threads

MPI task timing breakdown:
Section |  min time  |  avg time  |  max time  |%varavg| %total
---------------------------------------------------------------
Pair    | 0          | 0          | 0          |   0.0 |  0.00
Neigh   | 0          | 0          | 0          |   0.0 |  0.00
Comm    | 0          | 0          | 0          |   0.0 |  0.00
Output  | 0          | 0          | 0          |   0.0 |  0.00
Modify  | 0          | 0          | 0          |   0.0 |  0.00
Other   |            | 1.997e-06  |            |       |100.00

Nlocal:             18 ave          18 max          18 min
Histogram: 1 0 0 0 0 0 0 0 0 0
Nghost:           3533 ave        3533 max        3533 min
Histogram: 1 0 0 0 0 0 0 0 0 0
Neighs:              0 ave           0 max           0 min
Histogram: 1 0 0 0 0 0 0 0 0 0
FullNghs:        15480 ave       15480 max       15480 min
Histogram: 1 0 0 0 0 0 0 0 0 0

Total # of neighbors = 15480
Ave neighs/atom = 860
Neighbor list builds = 0
Dangerous builds = 0
set atom * x 0.0 y 0.0 z 0.0
Setting atom values ...
  18 settings made for x
  18 settings made for y
  18 settings made for z
change_box all     x final 0 2.544195646905945 y final 0 8.353432230638747 z final 0 7.420962681189681      xy final 1.4536488026802907 xz final -1.1477980892032758 yz final -4.6138841956636 units box
Changing box ...
  triclinic box = (0 0 0) to (2.5441956 8.3640356 7.4305057) with tilt (1.4669271 -1.162751 -4.6122961)
  triclinic box = (0 0 0) to (2.5441956 8.3534322 7.4305057) with tilt (1.4669271 -1.162751 -4.6122961)
  triclinic box = (0 0 0) to (2.5441956 8.3534322 7.4209627) with tilt (1.4669271 -1.162751 -4.6122961)
  triclinic box = (0 0 0) to (2.5441956 8.3534322 7.4209627) with tilt (1.4536488 -1.162751 -4.6122961)
  triclinic box = (0 0 0) to (2.5441956 8.3534322 7.4209627) with tilt (1.4536488 -1.1477981 -4.6122961)
  triclinic box = (0 0 0) to (2.5441956 8.3534322 7.4209627) with tilt (1.4536488 -1.1477981 -4.6138842)
echo none
run 0
Per MPI rank memory allocation (min/avg/max) = 3.93 | 3.93 | 3.93 Mbytes
    PotEng          Pxx           E_mol          E_coul    
-76.903172      136.11935      0              0            
Loop time of 2.181e-06 on 1 procs for 0 steps with 18 atoms

825.3% CPU use with 1 MPI tasks x 1 OpenMP threads

MPI task timing breakdown:
Section |  min time  |  avg time  |  max time  |%varavg| %total
---------------------------------------------------------------
Pair    | 0          | 0          | 0          |   0.0 |  0.00
Neigh   | 0          | 0          | 0          |   0.0 |  0.00
Comm    | 0          | 0          | 0          |   0.0 |  0.00
Output  | 0          | 0          | 0          |   0.0 |  0.00
Modify  | 0          | 0          | 0          |   0.0 |  0.00
Other   |            | 2.181e-06  |            |       |100.00

Nlocal:             18 ave          18 max          18 min
Histogram: 1 0 0 0 0 0 0 0 0 0
Nghost:           3533 ave        3533 max        3533 min
Histogram: 1 0 0 0 0 0 0 0 0 0
Neighs:              0 ave           0 max           0 min
Histogram: 1 0 0 0 0 0 0 0 0 0
FullNghs:        15522 ave       15522 max       15522 min
Histogram: 1 0 0 0 0 0 0 0 0 0

Total # of neighbors = 15522
Ave neighs/atom = 862.33333
Neighbor list builds = 0
Dangerous builds = 0
set atom * x 0.0 y 0.0 z 0.0
Setting atom values ...
  18 settings made for x
  18 settings made for y
  18 settings made for z
change_box all     x final 0 2.544195646905945 y final 0 8.353432230638747 z final 0 7.420962681189684      xy final 1.453648802680296 xz final -1.1477980892032724 yz final -4.613884195663598 units box
Changing box ...
  triclinic box = (0 0 0) to (2.5441956 8.3534322 7.4209627) with tilt (1.4536488 -1.1477981 -4.6138842)
  triclinic box = (0 0 0) to (2.5441956 8.3534322 7.4209627) with tilt (1.4536488 -1.1477981 -4.6138842)
  triclinic box = (0 0 0) to (2.5441956 8.3534322 7.4209627) with tilt (1.4536488 -1.1477981 -4.6138842)
  triclinic box = (0 0 0) to (2.5441956 8.3534322 7.4209627) with tilt (1.4536488 -1.1477981 -4.6138842)
  triclinic box = (0 0 0) to (2.5441956 8.3534322 7.4209627) with tilt (1.4536488 -1.1477981 -4.6138842)
  triclinic box = (0 0 0) to (2.5441956 8.3534322 7.4209627) with tilt (1.4536488 -1.1477981 -4.6138842)
echo none
run 0
Per MPI rank memory allocation (min/avg/max) = 3.93 | 3.93 | 3.93 Mbytes
    PotEng          Pxx           E_mol          E_coul    
-76.903172      136.11935      0              0            
Loop time of 1.344e-06 on 1 procs for 0 steps with 18 atoms

1041.7% CPU use with 1 MPI tasks x 1 OpenMP threads

MPI task timing breakdown:
Section |  min time  |  avg time  |  max time  |%varavg| %total
---------------------------------------------------------------
Pair    | 0          | 0          | 0          |   0.0 |  0.00
Neigh   | 0          | 0          | 0          |   0.0 |  0.00
Comm    | 0          | 0          | 0          |   0.0 |  0.00
Output  | 0          | 0          | 0          |   0.0 |  0.00
Modify  | 0          | 0          | 0          |   0.0 |  0.00
Other   |            | 1.344e-06  |            |       |100.00

Nlocal:             18 ave          18 max          18 min
Histogram: 1 0 0 0 0 0 0 0 0 0
Nghost:           3533 ave        3533 max        3533 min
Histogram: 1 0 0 0 0 0 0 0 0 0
Neighs:              0 ave           0 max           0 min
Histogram: 1 0 0 0 0 0 0 0 0 0
FullNghs:        15522 ave       15522 max       15522 min
Histogram: 1 0 0 0 0 0 0 0 0 0

Total # of neighbors = 15522
Ave neighs/atom = 862.33333
Neighbor list builds = 0
Dangerous builds = 0
set atom * x 0.0 y 0.0 z 0.0
Setting atom values ...
  18 settings made for x
  18 settings made for y
  18 settings made for z
change_box all     x final 0 2.544191023963989 y final 0 8.325438644278627 z final 0 7.425083941257328      xy final 1.4194241900655054 xz final -1.0794713732218653 yz final -4.609247005593051 units box
Changing box ...
  triclinic box = (0 0 0) to (2.544191 8.3534322 7.4209627) with tilt (1.4536488 -1.1477981 -4.6138842)
  triclinic box = (0 0 0) to (2.544191 8.3254386 7.4209627) with tilt (1.4536488 -1.1477981 -4.6138842)
  triclinic box = (0 0 0) to (2.544191 8.3254386 7.4250839) with tilt (1.4536488 -1.1477981 -4.6138842)
  triclinic box = (0 0 0) to (2.544191 8.3254386 7.4250839) with tilt (1.4194242 -1.1477981 -4.6138842)
  triclinic box = (0 0 0) to (2.544191 8.3254386 7.4250839) with tilt (1.4194242 -1.0794714 -4.6138842)
  triclinic box = (0 0 0) to (2.544191 8.3254386 7.4250839) with tilt (1.4194242 -1.0794714 -4.609247)
echo none
run 0
Per MPI rank memory allocation (min/avg/max) = 3.93 | 3.93 | 3.93 Mbytes
    PotEng          Pxx           E_mol          E_coul    
-76.903622      17.400011      0              0            
Loop time of 1.212e-06 on 1 procs for 0 steps with 18 atoms

577.6% CPU use with 1 MPI tasks x 1 OpenMP threads

MPI task timing breakdown:
Section |  min time  |  avg time  |  max time  |%varavg| %total
---------------------------------------------------------------
Pair    | 0          | 0          | 0          |   0.0 |  0.00
Neigh   | 0          | 0          | 0          |   0.0 |  0.00
Comm    | 0          | 0          | 0          |   0.0 |  0.00
Output  | 0          | 0          | 0          |   0.0 |  0.00
Modify  | 0          | 0          | 0          |   0.0 |  0.00
Other   |            | 1.212e-06  |            |       |100.00

Nlocal:             18 ave          18 max          18 min
Histogram: 1 0 0 0 0 0 0 0 0 0
Nghost:           3577 ave        3577 max        3577 min
Histogram: 1 0 0 0 0 0 0 0 0 0
Neighs:              0 ave           0 max           0 min
Histogram: 1 0 0 0 0 0 0 0 0 0
FullNghs:        15580 ave       15580 max       15580 min
Histogram: 1 0 0 0 0 0 0 0 0 0

Total # of neighbors = 15580
Ave neighs/atom = 865.55556
Neighbor list builds = 0
Dangerous builds = 0
set atom * x 0.0 y 0.0 z 0.0
Setting atom values ...
  18 settings made for x
  18 settings made for y
  18 settings made for z
change_box all     x final 0 2.5441910239639896 y final 0 8.325438644278625 z final 0 7.425083941257325      xy final 1.4194241900655098 xz final -1.079471373221862 yz final -4.609247005593049 units box
Changing box ...
  triclinic box = (0 0 0) to (2.544191 8.3254386 7.4250839) with tilt (1.4194242 -1.0794714 -4.609247)
  triclinic box = (0 0 0) to (2.544191 8.3254386 7.4250839) with tilt (1.4194242 -1.0794714 -4.609247)
  triclinic box = (0 0 0) to (2.544191 8.3254386 7.4250839) with tilt (1.4194242 -1.0794714 -4.609247)
  triclinic box = (0 0 0) to (2.544191 8.3254386 7.4250839) with tilt (1.4194242 -1.0794714 -4.609247)
  triclinic box = (0 0 0) to (2.544191 8.3254386 7.4250839) with tilt (1.4194242 -1.0794714 -4.609247)
  triclinic box = (0 0 0) to (2.544191 8.3254386 7.4250839) with tilt (1.4194242 -1.0794714 -4.609247)
echo none
run 0
Per MPI rank memory allocation (min/avg/max) = 3.93 | 3.93 | 3.93 Mbytes
    PotEng          Pxx           E_mol          E_coul    
-76.903622      17.400011      0              0            
Loop time of 1.395e-06 on 1 procs for 0 steps with 18 atoms

1218.6% CPU use with 1 MPI tasks x 1 OpenMP threads

MPI task timing breakdown:
Section |  min time  |  avg time  |  max time  |%varavg| %total
---------------------------------------------------------------
Pair    | 0          | 0          | 0          |   0.0 |  0.00
Neigh   | 0          | 0          | 0          |   0.0 |  0.00
Comm    | 0          | 0          | 0          |   0.0 |  0.00
Output  | 0          | 0          | 0          |   0.0 |  0.00
Modify  | 0          | 0          | 0          |   0.0 |  0.00
Other   |            | 1.395e-06  |            |       |100.00

Nlocal:             18 ave          18 max          18 min
Histogram: 1 0 0 0 0 0 0 0 0 0
Nghost:           3577 ave        3577 max        3577 min
Histogram: 1 0 0 0 0 0 0 0 0 0
Neighs:              0 ave           0 max           0 min
Histogram: 1 0 0 0 0 0 0 0 0 0
FullNghs:        15580 ave       15580 max       15580 min
Histogram: 1 0 0 0 0 0 0 0 0 0

Total # of neighbors = 15580
Ave neighs/atom = 865.55556
Neighbor list builds = 0
Dangerous builds = 0
set atom * x 0.0 y 0.0 z 0.0
Setting atom values ...
  18 settings made for x
  18 settings made for y
  18 settings made for z
change_box all     x final 0 2.5442038130285685 y final 0 8.292836619786106 z final 0 7.441936544959736      xy final 1.3601220054574785 xz final -0.9952587108747599 yz final -4.594507865388459 units box
Changing box ...
  triclinic box = (0 0 0) to (2.5442038 8.3254386 7.4250839) with tilt (1.4194242 -1.0794714 -4.609247)
  triclinic box = (0 0 0) to (2.5442038 8.2928366 7.4250839) with tilt (1.4194242 -1.0794714 -4.609247)
  triclinic box = (0 0 0) to (2.5442038 8.2928366 7.4419365) with tilt (1.4194242 -1.0794714 -4.609247)
  triclinic box = (0 0 0) to (2.5442038 8.2928366 7.4419365) with tilt (1.360122 -1.0794714 -4.609247)
  triclinic box = (0 0 0) to (2.5442038 8.2928366 7.4419365) with tilt (1.360122 -0.99525871 -4.609247)
  triclinic box = (0 0 0) to (2.5442038 8.2928366 7.4419365) with tilt (1.360122 -0.99525871 -4.5945079)
echo none
run 0
Per MPI rank memory allocation (min/avg/max) = 3.93 | 3.93 | 3.93 Mbytes
    PotEng          Pxx           E_mol          E_coul    
-76.903955      45.558254      0              0            
Loop time of 1.676e-06 on 1 procs for 0 steps with 18 atoms

1074.0% CPU use with 1 MPI tasks x 1 OpenMP threads

MPI task timing breakdown:
Section |  min time  |  avg time  |  max time  |%varavg| %total
---------------------------------------------------------------
Pair    | 0          | 0          | 0          |   0.0 |  0.00
Neigh   | 0          | 0          | 0          |   0.0 |  0.00
Comm    | 0          | 0          | 0          |   0.0 |  0.00
Output  | 0          | 0          | 0          |   0.0 |  0.00
Modify  | 0          | 0          | 0          |   0.0 |  0.00
Other   |            | 1.676e-06  |            |       |100.00

Nlocal:             18 ave          18 max          18 min
Histogram: 1 0 0 0 0 0 0 0 0 0
Nghost:           3561 ave        3561 max        3561 min
Histogram: 1 0 0 0 0 0 0 0 0 0
Neighs:              0 ave           0 max           0 min
Histogram: 1 0 0 0 0 0 0 0 0 0
FullNghs:        15612 ave       15612 max       15612 min
Histogram: 1 0 0 0 0 0 0 0 0 0

Total # of neighbors = 15612
Ave neighs/atom = 867.33333
Neighbor list builds = 0
Dangerous builds = 0
set atom * x 0.0 y 0.0 z 0.0
Setting atom values ...
  18 settings made for x
  18 settings made for y
  18 settings made for z
change_box all     x final 0 2.544203813028568 y final 0 8.292836619786106 z final 0 7.441936544959736      xy final 1.3601220054574796 xz final -0.9952587108747594 yz final -4.594507865388457 units box
Changing box ...
  triclinic box = (0 0 0) to (2.5442038 8.2928366 7.4419365) with tilt (1.360122 -0.99525871 -4.5945079)
  triclinic box = (0 0 0) to (2.5442038 8.2928366 7.4419365) with tilt (1.360122 -0.99525871 -4.5945079)
  triclinic box = (0 0 0) to (2.5442038 8.2928366 7.4419365) with tilt (1.360122 -0.99525871 -4.5945079)
  triclinic box = (0 0 0) to (2.5442038 8.2928366 7.4419365) with tilt (1.360122 -0.99525871 -4.5945079)
  triclinic box = (0 0 0) to (2.5442038 8.2928366 7.4419365) with tilt (1.360122 -0.99525871 -4.5945079)
  triclinic box = (0 0 0) to (2.5442038 8.2928366 7.4419365) with tilt (1.360122 -0.99525871 -4.5945079)
echo none
run 0
Per MPI rank memory allocation (min/avg/max) = 3.93 | 3.93 | 3.93 Mbytes
    PotEng          Pxx           E_mol          E_coul    
-76.903955      45.558254      0              0            
Loop time of 1.359e-06 on 1 procs for 0 steps with 18 atoms

809.4% CPU use with 1 MPI tasks x 1 OpenMP threads

MPI task timing breakdown:
Section |  min time  |  avg time  |  max time  |%varavg| %total
---------------------------------------------------------------
Pair    | 0          | 0          | 0          |   0.0 |  0.00
Neigh   | 0          | 0          | 0          |   0.0 |  0.00
Comm    | 0          | 0          | 0          |   0.0 |  0.00
Output  | 0          | 0          | 0          |   0.0 |  0.00
Modify  | 0          | 0          | 0          |   0.0 |  0.00
Other   |            | 1.359e-06  |            |       |100.00

Nlocal:             18 ave          18 max          18 min
Histogram: 1 0 0 0 0 0 0 0 0 0
Nghost:           3561 ave        3561 max        3561 min
Histogram: 1 0 0 0 0 0 0 0 0 0
Neighs:              0 ave           0 max           0 min
Histogram: 1 0 0 0 0 0 0 0 0 0
FullNghs:        15612 ave       15612 max       15612 min
Histogram: 1 0 0 0 0 0 0 0 0 0

Total # of neighbors = 15612
Ave neighs/atom = 867.33333
Neighbor list builds = 0
Dangerous builds = 0
set atom * x 0.0 y 0.0 z 0.0
Setting atom values ...
  18 settings made for x
  18 settings made for y
  18 settings made for z
change_box all     x final 0 2.544038078496252 y final 0 8.265196417698792 z final 0 7.466731988644703      xy final 1.3050677170798717 xz final -0.9460183959279099 yz final -4.578121833269811 units box
Changing box ...
  triclinic box = (0 0 0) to (2.5440381 8.2928366 7.4419365) with tilt (1.360122 -0.99525871 -4.5945079)
  triclinic box = (0 0 0) to (2.5440381 8.2651964 7.4419365) with tilt (1.360122 -0.99525871 -4.5945079)
  triclinic box = (0 0 0) to (2.5440381 8.2651964 7.466732) with tilt (1.360122 -0.99525871 -4.5945079)
  triclinic box = (0 0 0) to (2.5440381 8.2651964 7.466732) with tilt (1.3050677 -0.99525871 -4.5945079)
  triclinic box = (0 0 0) to (2.5440381 8.2651964 7.466732) with tilt (1.3050677 -0.9460184 -4.5945079)
  triclinic box = (0 0 0) to (2.5440381 8.2651964 7.466732) with tilt (1.3050677 -0.9460184 -4.5781218)
echo none
run 0
Per MPI rank memory allocation (min/avg/max) = 3.93 | 3.93 | 3.93 Mbytes
    PotEng          Pxx           E_mol          E_coul    
-76.904203      152.63903      0              0            
Loop time of 1.946e-06 on 1 procs for 0 steps with 18 atoms

513.9% CPU use with 1 MPI tasks x 1 OpenMP threads

MPI task timing breakdown:
Section |  min time  |  avg time  |  max time  |%varavg| %total
---------------------------------------------------------------
Pair    | 0          | 0          | 0          |   0.0 |  0.00
Neigh   | 0          | 0          | 0          |   0.0 |  0.00
Comm    | 0          | 0          | 0          |   0.0 |  0.00
Output  | 0          | 0          | 0          |   0.0 |  0.00
Modify  | 0          | 0          | 0          |   0.0 |  0.00
Other   |            | 1.946e-06  |            |       |100.00

Nlocal:             18 ave          18 max          18 min
Histogram: 1 0 0 0 0 0 0 0 0 0
Nghost:           3485 ave        3485 max        3485 min
Histogram: 1 0 0 0 0 0 0 0 0 0
Neighs:              0 ave           0 max           0 min
Histogram: 1 0 0 0 0 0 0 0 0 0
FullNghs:        15648 ave       15648 max       15648 min
Histogram: 1 0 0 0 0 0 0 0 0 0

Total # of neighbors = 15648
Ave neighs/atom = 869.33333
Neighbor list builds = 0
Dangerous builds = 0
set atom * x 0.0 y 0.0 z 0.0
Setting atom values ...
  18 settings made for x
  18 settings made for y
  18 settings made for z
change_box all     x final 0 2.54403807849625 y final 0 8.265196417698785 z final 0 7.4667319886447014      xy final 1.3050677170798726 xz final -0.9460183959279109 yz final -4.578121833269806 units box
Changing box ...
  triclinic box = (0 0 0) to (2.5440381 8.2651964 7.466732) with tilt (1.3050677 -0.9460184 -4.5781218)
  triclinic box = (0 0 0) to (2.5440381 8.2651964 7.466732) with tilt (1.3050677 -0.9460184 -4.5781218)
  triclinic box = (0 0 0) to (2.5440381 8.2651964 7.466732) with tilt (1.3050677 -0.9460184 -4.5781218)
  triclinic box = (0 0 0) to (2.5440381 8.2651964 7.466732) with tilt (1.3050677 -0.9460184 -4.5781218)
  triclinic box = (0 0 0) to (2.5440381 8.2651964 7.466732) with tilt (1.3050677 -0.9460184 -4.5781218)
  triclinic box = (0 0 0) to (2.5440381 8.2651964 7.466732) with tilt (1.3050677 -0.9460184 -4.5781218)
echo none
run 0
Per MPI rank memory allocation (min/avg/max) = 3.93 | 3.93 | 3.93 Mbytes
    PotEng          Pxx           E_mol          E_coul    
-76.904203      152.63903      0              0            
Loop time of 1.479e-06 on 1 procs for 0 steps with 18 atoms

743.7% CPU use with 1 MPI tasks x 1 OpenMP threads

MPI task timing breakdown:
Section |  min time  |  avg time  |  max time  |%varavg| %total
---------------------------------------------------------------
Pair    | 0          | 0          | 0          |   0.0 |  0.00
Neigh   | 0          | 0          | 0          |   0.0 |  0.00
Comm    | 0          | 0          | 0          |   0.0 |  0.00
Output  | 0          | 0          | 0          |   0.0 |  0.00
Modify  | 0          | 0          | 0          |   0.0 |  0.00
Other   |            | 1.479e-06  |            |       |100.00

Nlocal:             18 ave          18 max          18 min
Histogram: 1 0 0 0 0 0 0 0 0 0
Nghost:           3485 ave        3485 max        3485 min
Histogram: 1 0 0 0 0 0 0 0 0 0
Neighs:              0 ave           0 max           0 min
Histogram: 1 0 0 0 0 0 0 0 0 0
FullNghs:        15648 ave       15648 max       15648 min
Histogram: 1 0 0 0 0 0 0 0 0 0

Total # of neighbors = 15648
Ave neighs/atom = 869.33333
Neighbor list builds = 0
Dangerous builds = 0
set atom * x 0.0 y 0.0 z 0.0
Setting atom values ...
  18 settings made for x
  18 settings made for y
  18 settings made for z
change_box all     x final 0 2.5443047803216516 y final 0 8.259820711029523 z final 0 7.474459753472856      xy final 1.2725408978635866 xz final -0.9045642198468324 yz final -4.588864034435063 units box
Changing box ...
  triclinic box = (0 0 0) to (2.5443048 8.2651964 7.466732) with tilt (1.3050677 -0.9460184 -4.5781218)
  triclinic box = (0 0 0) to (2.5443048 8.2598207 7.466732) with tilt (1.3050677 -0.9460184 -4.5781218)
  triclinic box = (0 0 0) to (2.5443048 8.2598207 7.4744598) with tilt (1.3050677 -0.9460184 -4.5781218)
  triclinic box = (0 0 0) to (2.5443048 8.2598207 7.4744598) with tilt (1.2725409 -0.9460184 -4.5781218)
  triclinic box = (0 0 0) to (2.5443048 8.2598207 7.4744598) with tilt (1.2725409 -0.90456422 -4.5781218)
  triclinic box = (0 0 0) to (2.5443048 8.2598207 7.4744598) with tilt (1.2725409 -0.90456422 -4.588864)
echo none
run 0
Per MPI rank memory allocation (min/avg/max) = 3.93 | 3.93 | 3.93 Mbytes
    PotEng          Pxx           E_mol          E_coul    
-76.904372     -72.428362      0              0            
Loop time of 1.31e-06 on 1 procs for 0 steps with 18 atoms

916.0% CPU use with 1 MPI tasks x 1 OpenMP threads

MPI task timing breakdown:
Section |  min time  |  avg time  |  max time  |%varavg| %total
---------------------------------------------------------------
Pair    | 0          | 0          | 0          |   0.0 |  0.00
Neigh   | 0          | 0          | 0          |   0.0 |  0.00
Comm    | 0          | 0          | 0          |   0.0 |  0.00
Output  | 0          | 0          | 0          |   0.0 |  0.00
Modify  | 0          | 0          | 0          |   0.0 |  0.00
Other   |            | 1.31e-06   |            |       |100.00

Nlocal:             18 ave          18 max          18 min
Histogram: 1 0 0 0 0 0 0 0 0 0
Nghost:           3485 ave        3485 max        3485 min
Histogram: 1 0 0 0 0 0 0 0 0 0
Neighs:              0 ave           0 max           0 min
Histogram: 1 0 0 0 0 0 0 0 0 0
FullNghs:        15640 ave       15640 max       15640 min
Histogram: 1 0 0 0 0 0 0 0 0 0

Total # of neighbors = 15640
Ave neighs/atom = 868.88889
Neighbor list builds = 0
Dangerous builds = 0
set atom * x 0.0 y 0.0 z 0.0
Setting atom values ...
  18 settings made for x
  18 settings made for y
  18 settings made for z
change_box all     x final 0 2.5443047803216525 y final 0 8.259820711029523 z final 0 7.474459753472854      xy final 1.2725408978635857 xz final -0.9045642198468328 yz final -4.588864034435062 units box
Changing box ...
  triclinic box = (0 0 0) to (2.5443048 8.2598207 7.4744598) with tilt (1.2725409 -0.90456422 -4.588864)
  triclinic box = (0 0 0) to (2.5443048 8.2598207 7.4744598) with tilt (1.2725409 -0.90456422 -4.588864)
  triclinic box = (0 0 0) to (2.5443048 8.2598207 7.4744598) with tilt (1.2725409 -0.90456422 -4.588864)
  triclinic box = (0 0 0) to (2.5443048 8.2598207 7.4744598) with tilt (1.2725409 -0.90456422 -4.588864)
  triclinic box = (0 0 0) to (2.5443048 8.2598207 7.4744598) with tilt (1.2725409 -0.90456422 -4.588864)
  triclinic box = (0 0 0) to (2.5443048 8.2598207 7.4744598) with tilt (1.2725409 -0.90456422 -4.588864)
echo none
run 0
Per MPI rank memory allocation (min/avg/max) = 3.93 | 3.93 | 3.93 Mbytes
    PotEng          Pxx           E_mol          E_coul    
-76.904372     -72.428362      0              0            
Loop time of 1.466e-06 on 1 procs for 0 steps with 18 atoms

682.1% CPU use with 1 MPI tasks x 1 OpenMP threads

MPI task timing breakdown:
Section |  min time  |  avg time  |  max time  |%varavg| %total
---------------------------------------------------------------
Pair    | 0          | 0          | 0          |   0.0 |  0.00
Neigh   | 0          | 0          | 0          |   0.0 |  0.00
Comm    | 0          | 0          | 0          |   0.0 |  0.00
Output  | 0          | 0          | 0          |   0.0 |  0.00
Modify  | 0          | 0          | 0          |   0.0 |  0.00
Other   |            | 1.466e-06  |            |       |100.00

Nlocal:             18 ave          18 max          18 min
Histogram: 1 0 0 0 0 0 0 0 0 0
Nghost:           3485 ave        3485 max        3485 min
Histogram: 1 0 0 0 0 0 0 0 0 0
Neighs:              0 ave           0 max           0 min
Histogram: 1 0 0 0 0 0 0 0 0 0
FullNghs:        15640 ave       15640 max       15640 min
Histogram: 1 0 0 0 0 0 0 0 0 0

Total # of neighbors = 15640
Ave neighs/atom = 868.88889
Neighbor list builds = 0
Dangerous builds = 0
set atom * x 0.0 y 0.0 z 0.0
Setting atom values ...
  18 settings made for x
  18 settings made for y
  18 settings made for z
change_box all     x final 0 2.544137072135359 y final 0 8.264213476279778 z final 0 7.476612284350895      xy final 1.2655657564053509 xz final -0.9256125810062071 yz final -4.596449104554363 units box
Changing box ...
  triclinic box = (0 0 0) to (2.5441371 8.2598207 7.4744598) with tilt (1.2725409 -0.90456422 -4.588864)
  triclinic box = (0 0 0) to (2.5441371 8.2642135 7.4744598) with tilt (1.2725409 -0.90456422 -4.588864)
  triclinic box = (0 0 0) to (2.5441371 8.2642135 7.4766123) with tilt (1.2725409 -0.90456422 -4.588864)
  triclinic box = (0 0 0) to (2.5441371 8.2642135 7.4766123) with tilt (1.2655658 -0.90456422 -4.588864)
  triclinic box = (0 0 0) to (2.5441371 8.2642135 7.4766123) with tilt (1.2655658 -0.92561258 -4.588864)
  triclinic box = (0 0 0) to (2.5441371 8.2642135 7.4766123) with tilt (1.2655658 -0.92561258 -4.5964491)
echo none
run 0
Per MPI rank memory allocation (min/avg/max) = 3.93 | 3.93 | 3.93 Mbytes
    PotEng          Pxx           E_mol          E_coul    
-76.904476      147.11166      0              0            
Loop time of 1.456e-06 on 1 procs for 0 steps with 18 atoms

1030.2% CPU use with 1 MPI tasks x 1 OpenMP threads

MPI task timing breakdown:
Section |  min time  |  avg time  |  max time  |%varavg| %total
---------------------------------------------------------------
Pair    | 0          | 0          | 0          |   0.0 |  0.00
Neigh   | 0          | 0          | 0          |   0.0 |  0.00
Comm    | 0          | 0          | 0          |   0.0 |  0.00
Output  | 0          | 0          | 0          |   0.0 |  0.00
Modify  | 0          | 0          | 0          |   0.0 |  0.00
Other   |            | 1.456e-06  |            |       |100.00

Nlocal:             18 ave          18 max          18 min
Histogram: 1 0 0 0 0 0 0 0 0 0
Nghost:           3485 ave        3485 max        3485 min
Histogram: 1 0 0 0 0 0 0 0 0 0
Neighs:              0 ave           0 max           0 min
Histogram: 1 0 0 0 0 0 0 0 0 0
FullNghs:        15626 ave       15626 max       15626 min
Histogram: 1 0 0 0 0 0 0 0 0 0

Total # of neighbors = 15626
Ave neighs/atom = 868.11111
Neighbor list builds = 0
Dangerous builds = 0
set atom * x 0.0 y 0.0 z 0.0
Setting atom values ...
  18 settings made for x
  18 settings made for y
  18 settings made for z
change_box all     x final 0 2.5441370721353604 y final 0 8.264213476279776 z final 0 7.476612284350899      xy final 1.2655657564053495 xz final -0.9256125810062064 yz final -4.596449104554365 units box
Changing box ...
  triclinic box = (0 0 0) to (2.5441371 8.2642135 7.4766123) with tilt (1.2655658 -0.92561258 -4.5964491)
  triclinic box = (0 0 0) to (2.5441371 8.2642135 7.4766123) with tilt (1.2655658 -0.92561258 -4.5964491)
  triclinic box = (0 0 0) to (2.5441371 8.2642135 7.4766123) with tilt (1.2655658 -0.92561258 -4.5964491)
  triclinic box = (0 0 0) to (2.5441371 8.2642135 7.4766123) with tilt (1.2655658 -0.92561258 -4.5964491)
  triclinic box = (0 0 0) to (2.5441371 8.2642135 7.4766123) with tilt (1.2655658 -0.92561258 -4.5964491)
  triclinic box = (0 0 0) to (2.5441371 8.2642135 7.4766123) with tilt (1.2655658 -0.92561258 -4.5964491)
echo none
run 0
Per MPI rank memory allocation (min/avg/max) = 3.93 | 3.93 | 3.93 Mbytes
    PotEng          Pxx           E_mol          E_coul    
-76.904476      147.11166      0              0            
Loop time of 1.547e-06 on 1 procs for 0 steps with 18 atoms

969.6% CPU use with 1 MPI tasks x 1 OpenMP threads

MPI task timing breakdown:
Section |  min time  |  avg time  |  max time  |%varavg| %total
---------------------------------------------------------------
Pair    | 0          | 0          | 0          |   0.0 |  0.00
Neigh   | 0          | 0          | 0          |   0.0 |  0.00
Comm    | 0          | 0          | 0          |   0.0 |  0.00
Output  | 0          | 0          | 0          |   0.0 |  0.00
Modify  | 0          | 0          | 0          |   0.0 |  0.00
Other   |            | 1.547e-06  |            |       |100.00

Nlocal:             18 ave          18 max          18 min
Histogram: 1 0 0 0 0 0 0 0 0 0
Nghost:           3485 ave        3485 max        3485 min
Histogram: 1 0 0 0 0 0 0 0 0 0
Neighs:              0 ave           0 max           0 min
Histogram: 1 0 0 0 0 0 0 0 0 0
FullNghs:        15626 ave       15626 max       15626 min
Histogram: 1 0 0 0 0 0 0 0 0 0

Total # of neighbors = 15626
Ave neighs/atom = 868.11111
Neighbor list builds = 0
Dangerous builds = 0
set atom * x 0.0 y 0.0 z 0.0
Setting atom values ...
  18 settings made for x
  18 settings made for y
  18 settings made for z
change_box all     x final 0 2.544296755326855 y final 0 8.26552015330566 z final 0 7.473732585171853      xy final 1.2506276072656568 xz final -0.9225983772274026 yz final -4.6097515982287005 units box
Changing box ...
  triclinic box = (0 0 0) to (2.5442968 8.2642135 7.4766123) with tilt (1.2655658 -0.92561258 -4.5964491)
  triclinic box = (0 0 0) to (2.5442968 8.2655202 7.4766123) with tilt (1.2655658 -0.92561258 -4.5964491)
  triclinic box = (0 0 0) to (2.5442968 8.2655202 7.4737326) with tilt (1.2655658 -0.92561258 -4.5964491)
  triclinic box = (0 0 0) to (2.5442968 8.2655202 7.4737326) with tilt (1.2506276 -0.92561258 -4.5964491)
  triclinic box = (0 0 0) to (2.5442968 8.2655202 7.4737326) with tilt (1.2506276 -0.92259838 -4.5964491)
  triclinic box = (0 0 0) to (2.5442968 8.2655202 7.4737326) with tilt (1.2506276 -0.92259838 -4.6097516)
echo none
run 0
Per MPI rank memory allocation (min/avg/max) = 3.93 | 3.93 | 3.93 Mbytes
    PotEng          Pxx           E_mol          E_coul    
-76.904524      21.958585      0              0            
Loop time of 1.828e-06 on 1 procs for 0 steps with 18 atoms

930.0% CPU use with 1 MPI tasks x 1 OpenMP threads

MPI task timing breakdown:
Section |  min time  |  avg time  |  max time  |%varavg| %total
---------------------------------------------------------------
Pair    | 0          | 0          | 0          |   0.0 |  0.00
Neigh   | 0          | 0          | 0          |   0.0 |  0.00
Comm    | 0          | 0          | 0          |   0.0 |  0.00
Output  | 0          | 0          | 0          |   0.0 |  0.00
Modify  | 0          | 0          | 0          |   0.0 |  0.00
Other   |            | 1.828e-06  |            |       |100.00

Nlocal:             18 ave          18 max          18 min
Histogram: 1 0 0 0 0 0 0 0 0 0
Nghost:           3525 ave        3525 max        3525 min
Histogram: 1 0 0 0 0 0 0 0 0 0
Neighs:              0 ave           0 max           0 min
Histogram: 1 0 0 0 0 0 0 0 0 0
FullNghs:        15634 ave       15634 max       15634 min
Histogram: 1 0 0 0 0 0 0 0 0 0

Total # of neighbors = 15634
Ave neighs/atom = 868.55556
Neighbor list builds = 0
Dangerous builds = 0
set atom * x 0.0 y 0.0 z 0.0
Setting atom values ...
  18 settings made for x
  18 settings made for y
  18 settings made for z
change_box all     x final 0 2.5442967553268554 y final 0 8.265520153305665 z final 0 7.473732585171859      xy final 1.250627607265659 xz final -0.9225983772273999 yz final -4.609751598228695 units box
Changing box ...
  triclinic box = (0 0 0) to (2.5442968 8.2655202 7.4737326) with tilt (1.2506276 -0.92259838 -4.6097516)
  triclinic box = (0 0 0) to (2.5442968 8.2655202 7.4737326) with tilt (1.2506276 -0.92259838 -4.6097516)
  triclinic box = (0 0 0) to (2.5442968 8.2655202 7.4737326) with tilt (1.2506276 -0.92259838 -4.6097516)
  triclinic box = (0 0 0) to (2.5442968 8.2655202 7.4737326) with tilt (1.2506276 -0.92259838 -4.6097516)
  triclinic box = (0 0 0) to (2.5442968 8.2655202 7.4737326) with tilt (1.2506276 -0.92259838 -4.6097516)
  triclinic box = (0 0 0) to (2.5442968 8.2655202 7.4737326) with tilt (1.2506276 -0.92259838 -4.6097516)
echo none
run 0
Per MPI rank memory allocation (min/avg/max) = 3.93 | 3.93 | 3.93 Mbytes
    PotEng          Pxx           E_mol          E_coul    
-76.904524      21.958585      0              0            
Loop time of 1.76e-06 on 1 procs for 0 steps with 18 atoms

454.5% CPU use with 1 MPI tasks x 1 OpenMP threads

MPI task timing breakdown:
Section |  min time  |  avg time  |  max time  |%varavg| %total
---------------------------------------------------------------
Pair    | 0          | 0          | 0          |   0.0 |  0.00
Neigh   | 0          | 0          | 0          |   0.0 |  0.00
Comm    | 0          | 0          | 0          |   0.0 |  0.00
Output  | 0          | 0          | 0          |   0.0 |  0.00
Modify  | 0          | 0          | 0          |   0.0 |  0.00
Other   |            | 1.76e-06   |            |       |100.00

Nlocal:             18 ave          18 max          18 min
Histogram: 1 0 0 0 0 0 0 0 0 0
Nghost:           3525 ave        3525 max        3525 min
Histogram: 1 0 0 0 0 0 0 0 0 0
Neighs:              0 ave           0 max           0 min
Histogram: 1 0 0 0 0 0 0 0 0 0
FullNghs:        15634 ave       15634 max       15634 min
Histogram: 1 0 0 0 0 0 0 0 0 0

Total # of neighbors = 15634
Ave neighs/atom = 868.55556
Neighbor list builds = 0
Dangerous builds = 0
set atom * x 0.0 y 0.0 z 0.0
Setting atom values ...
  18 settings made for x
  18 settings made for y
  18 settings made for z
change_box all     x final 0 2.5443740603080403 y final 0 8.267676616362529 z final 0 7.469721709480924      xy final 1.2483591348864786 xz final -0.9360698852642909 yz final -4.60897272597062 units box
Changing box ...
  triclinic box = (0 0 0) to (2.5443741 8.2655202 7.4737326) with tilt (1.2506276 -0.92259838 -4.6097516)
  triclinic box = (0 0 0) to (2.5443741 8.2676766 7.4737326) with tilt (1.2506276 -0.92259838 -4.6097516)
  triclinic box = (0 0 0) to (2.5443741 8.2676766 7.4697217) with tilt (1.2506276 -0.92259838 -4.6097516)
  triclinic box = (0 0 0) to (2.5443741 8.2676766 7.4697217) with tilt (1.2483591 -0.92259838 -4.6097516)
  triclinic box = (0 0 0) to (2.5443741 8.2676766 7.4697217) with tilt (1.2483591 -0.93606989 -4.6097516)
  triclinic box = (0 0 0) to (2.5443741 8.2676766 7.4697217) with tilt (1.2483591 -0.93606989 -4.6089727)
echo none
run 0
Per MPI rank memory allocation (min/avg/max) = 3.93 | 3.93 | 3.93 Mbytes
    PotEng          Pxx           E_mol          E_coul    
-76.904567     -44.921014      0              0            
Loop time of 1.318e-06 on 1 procs for 0 steps with 18 atoms

1138.1% CPU use with 1 MPI tasks x 1 OpenMP threads

MPI task timing breakdown:
Section |  min time  |  avg time  |  max time  |%varavg| %total
---------------------------------------------------------------
Pair    | 0          | 0          | 0          |   0.0 |  0.00
Neigh   | 0          | 0          | 0          |   0.0 |  0.00
Comm    | 0          | 0          | 0          |   0.0 |  0.00
Output  | 0          | 0          | 0          |   0.0 |  0.00
Modify  | 0          | 0          | 0          |   0.0 |  0.00
Other   |            | 1.318e-06  |            |       |100.00

Nlocal:             18 ave          18 max          18 min
Histogram: 1 0 0 0 0 0 0 0 0 0
Nghost:           3525 ave        3525 max        3525 min
Histogram: 1 0 0 0 0 0 0 0 0 0
Neighs:              0 ave           0 max           0 min
Histogram: 1 0 0 0 0 0 0 0 0 0
FullNghs:        15628 ave       15628 max       15628 min
Histogram: 1 0 0 0 0 0 0 0 0 0

Total # of neighbors = 15628
Ave neighs/atom = 868.22222
Neighbor list builds = 0
Dangerous builds = 0
set atom * x 0.0 y 0.0 z 0.0
Setting atom values ...
  18 settings made for x
  18 settings made for y
  18 settings made for z
change_box all     x final 0 2.5443740603080403 y final 0 8.267676616362532 z final 0 7.469721709480925      xy final 1.248359134886479 xz final -0.9360698852642905 yz final -4.608972725970623 units box
Changing box ...
  triclinic box = (0 0 0) to (2.5443741 8.2676766 7.4697217) with tilt (1.2483591 -0.93606989 -4.6089727)
  triclinic box = (0 0 0) to (2.5443741 8.2676766 7.4697217) with tilt (1.2483591 -0.93606989 -4.6089727)
  triclinic box = (0 0 0) to (2.5443741 8.2676766 7.4697217) with tilt (1.2483591 -0.93606989 -4.6089727)
  triclinic box = (0 0 0) to (2.5443741 8.2676766 7.4697217) with tilt (1.2483591 -0.93606989 -4.6089727)
  triclinic box = (0 0 0) to (2.5443741 8.2676766 7.4697217) with tilt (1.2483591 -0.93606989 -4.6089727)
  triclinic box = (0 0 0) to (2.5443741 8.2676766 7.4697217) with tilt (1.2483591 -0.93606989 -4.6089727)
echo none
run 0
Per MPI rank memory allocation (min/avg/max) = 3.93 | 3.93 | 3.93 Mbytes
    PotEng          Pxx           E_mol          E_coul    
-76.904567     -44.921014      0              0            
Loop time of 1.588e-06 on 1 procs for 0 steps with 18 atoms

944.6% CPU use with 1 MPI tasks x 1 OpenMP threads

MPI task timing breakdown:
Section |  min time  |  avg time  |  max time  |%varavg| %total
---------------------------------------------------------------
Pair    | 0          | 0          | 0          |   0.0 |  0.00
Neigh   | 0          | 0          | 0          |   0.0 |  0.00
Comm    | 0          | 0          | 0          |   0.0 |  0.00
Output  | 0          | 0          | 0          |   0.0 |  0.00
Modify  | 0          | 0          | 0          |   0.0 |  0.00
Other   |            | 1.588e-06  |            |       |100.00

Nlocal:             18 ave          18 max          18 min
Histogram: 1 0 0 0 0 0 0 0 0 0
Nghost:           3525 ave        3525 max        3525 min
Histogram: 1 0 0 0 0 0 0 0 0 0
Neighs:              0 ave           0 max           0 min
Histogram: 1 0 0 0 0 0 0 0 0 0
FullNghs:        15628 ave       15628 max       15628 min
Histogram: 1 0 0 0 0 0 0 0 0 0

Total # of neighbors = 15628
Ave neighs/atom = 868.22222
Neighbor list builds = 0
Dangerous builds = 0
set atom * x 0.0 y 0.0 z 0.0
Setting atom values ...
  18 settings made for x
  18 settings made for y
  18 settings made for z
change_box all     x final 0 2.544405971384739 y final 0 8.266031808596843 z final 0 7.466966912389752      xy final 1.2483222512329046 xz final -0.936140248917327 yz final -4.607754435831301 units box
Changing box ...
  triclinic box = (0 0 0) to (2.544406 8.2676766 7.4697217) with tilt (1.2483591 -0.93606989 -4.6089727)
  triclinic box = (0 0 0) to (2.544406 8.2660318 7.4697217) with tilt (1.2483591 -0.93606989 -4.6089727)
  triclinic box = (0 0 0) to (2.544406 8.2660318 7.4669669) with tilt (1.2483591 -0.93606989 -4.6089727)
  triclinic box = (0 0 0) to (2.544406 8.2660318 7.4669669) with tilt (1.2483223 -0.93606989 -4.6089727)
  triclinic box = (0 0 0) to (2.544406 8.2660318 7.4669669) with tilt (1.2483223 -0.93614025 -4.6089727)
  triclinic box = (0 0 0) to (2.544406 8.2660318 7.4669669) with tilt (1.2483223 -0.93614025 -4.6077544)
echo none
run 0
Per MPI rank memory allocation (min/avg/max) = 3.93 | 3.93 | 3.93 Mbytes
    PotEng          Pxx           E_mol          E_coul    
-76.904606     -108.81285      0              0            
Loop time of 1.612e-06 on 1 procs for 0 steps with 18 atoms

868.5% CPU use with 1 MPI tasks x 1 OpenMP threads

MPI task timing breakdown:
Section |  min time  |  avg time  |  max time  |%varavg| %total
---------------------------------------------------------------
Pair    | 0          | 0          | 0          |   0.0 |  0.00
Neigh   | 0          | 0          | 0          |   0.0 |  0.00
Comm    | 0          | 0          | 0          |   0.0 |  0.00
Output  | 0          | 0          | 0          |   0.0 |  0.00
Modify  | 0          | 0          | 0          |   0.0 |  0.00
Other   |            | 1.612e-06  |            |       |100.00

Nlocal:             18 ave          18 max          18 min
Histogram: 1 0 0 0 0 0 0 0 0 0
Nghost:           3569 ave        3569 max        3569 min
Histogram: 1 0 0 0 0 0 0 0 0 0
Neighs:              0 ave           0 max           0 min
Histogram: 1 0 0 0 0 0 0 0 0 0
FullNghs:        15634 ave       15634 max       15634 min
Histogram: 1 0 0 0 0 0 0 0 0 0

Total # of neighbors = 15634
Ave neighs/atom = 868.55556
Neighbor list builds = 0
Dangerous builds = 0
set atom * x 0.0 y 0.0 z 0.0
Setting atom values ...
  18 settings made for x
  18 settings made for y
  18 settings made for z
change_box all     x final 0 2.5444059713847382 y final 0 8.266031808596843 z final 0 7.466966912389755      xy final 1.2483222512329077 xz final -0.9361402489173315 yz final -4.607754435831297 units box
Changing box ...
  triclinic box = (0 0 0) to (2.544406 8.2660318 7.4669669) with tilt (1.2483223 -0.93614025 -4.6077544)
  triclinic box = (0 0 0) to (2.544406 8.2660318 7.4669669) with tilt (1.2483223 -0.93614025 -4.6077544)
  triclinic box = (0 0 0) to (2.544406 8.2660318 7.4669669) with tilt (1.2483223 -0.93614025 -4.6077544)
  triclinic box = (0 0 0) to (2.544406 8.2660318 7.4669669) with tilt (1.2483223 -0.93614025 -4.6077544)
  triclinic box = (0 0 0) to (2.544406 8.2660318 7.4669669) with tilt (1.2483223 -0.93614025 -4.6077544)
  triclinic box = (0 0 0) to (2.544406 8.2660318 7.4669669) with tilt (1.2483223 -0.93614025 -4.6077544)
echo none
run 0
Per MPI rank memory allocation (min/avg/max) = 3.93 | 3.93 | 3.93 Mbytes
    PotEng          Pxx           E_mol          E_coul    
-76.904606     -108.81285      0              0            
Loop time of 1.901e-06 on 1 procs for 0 steps with 18 atoms

473.4% CPU use with 1 MPI tasks x 1 OpenMP threads

MPI task timing breakdown:
Section |  min time  |  avg time  |  max time  |%varavg| %total
---------------------------------------------------------------
Pair    | 0          | 0          | 0          |   0.0 |  0.00
Neigh   | 0          | 0          | 0          |   0.0 |  0.00
Comm    | 0          | 0          | 0          |   0.0 |  0.00
Output  | 0          | 0          | 0          |   0.0 |  0.00
Modify  | 0          | 0          | 0          |   0.0 |  0.00
Other   |            | 1.901e-06  |            |       |100.00

Nlocal:             18 ave          18 max          18 min
Histogram: 1 0 0 0 0 0 0 0 0 0
Nghost:           3569 ave        3569 max        3569 min
Histogram: 1 0 0 0 0 0 0 0 0 0
Neighs:              0 ave           0 max           0 min
Histogram: 1 0 0 0 0 0 0 0 0 0
FullNghs:        15634 ave       15634 max       15634 min
Histogram: 1 0 0 0 0 0 0 0 0 0

Total # of neighbors = 15634
Ave neighs/atom = 868.55556
Neighbor list builds = 0
Dangerous builds = 0
set atom * x 0.0 y 0.0 z 0.0
Setting atom values ...
  18 settings made for x
  18 settings made for y
  18 settings made for z
change_box all     x final 0 2.5444110469983636 y final 0 8.265390169996673 z final 0 7.466484426546168      xy final 1.2417417336641414 xz final -0.9275551136030579 yz final -4.6052634782051305 units box
Changing box ...
  triclinic box = (0 0 0) to (2.544411 8.2660318 7.4669669) with tilt (1.2483223 -0.93614025 -4.6077544)
  triclinic box = (0 0 0) to (2.544411 8.2653902 7.4669669) with tilt (1.2483223 -0.93614025 -4.6077544)
  triclinic box = (0 0 0) to (2.544411 8.2653902 7.4664844) with tilt (1.2483223 -0.93614025 -4.6077544)
  triclinic box = (0 0 0) to (2.544411 8.2653902 7.4664844) with tilt (1.2417417 -0.93614025 -4.6077544)
  triclinic box = (0 0 0) to (2.544411 8.2653902 7.4664844) with tilt (1.2417417 -0.92755511 -4.6077544)
  triclinic box = (0 0 0) to (2.544411 8.2653902 7.4664844) with tilt (1.2417417 -0.92755511 -4.6052635)
echo none
run 0
Per MPI rank memory allocation (min/avg/max) = 3.93 | 3.93 | 3.93 Mbytes
    PotEng          Pxx           E_mol          E_coul    
-76.904644     -147.30795      0              0            
Loop time of 1.622e-06 on 1 procs for 0 steps with 18 atoms

863.1% CPU use with 1 MPI tasks x 1 OpenMP threads

MPI task timing breakdown:
Section |  min time  |  avg time  |  max time  |%varavg| %total
---------------------------------------------------------------
Pair    | 0          | 0          | 0          |   0.0 |  0.00
Neigh   | 0          | 0          | 0          |   0.0 |  0.00
Comm    | 0          | 0          | 0          |   0.0 |  0.00
Output  | 0          | 0          | 0          |   0.0 |  0.00
Modify  | 0          | 0          | 0          |   0.0 |  0.00
Other   |            | 1.622e-06  |            |       |100.00

Nlocal:             18 ave          18 max          18 min
Histogram: 1 0 0 0 0 0 0 0 0 0
Nghost:           3569 ave        3569 max        3569 min
Histogram: 1 0 0 0 0 0 0 0 0 0
Neighs:              0 ave           0 max           0 min
Histogram: 1 0 0 0 0 0 0 0 0 0
FullNghs:        15638 ave       15638 max       15638 min
Histogram: 1 0 0 0 0 0 0 0 0 0

Total # of neighbors = 15638
Ave neighs/atom = 868.77778
Neighbor list builds = 0
Dangerous builds = 0
set atom * x 0.0 y 0.0 z 0.0
Setting atom values ...
  18 settings made for x
  18 settings made for y
  18 settings made for z
change_box all     x final 0 2.544411046998365 y final 0 8.265390169996673 z final 0 7.46648442654617      xy final 1.24174173366414 xz final -0.9275551136030576 yz final -4.605263478205136 units box
Changing box ...
  triclinic box = (0 0 0) to (2.544411 8.2653902 7.4664844) with tilt (1.2417417 -0.92755511 -4.6052635)
  triclinic box = (0 0 0) to (2.544411 8.2653902 7.4664844) with tilt (1.2417417 -0.92755511 -4.6052635)
  triclinic box = (0 0 0) to (2.544411 8.2653902 7.4664844) with tilt (1.2417417 -0.92755511 -4.6052635)
  triclinic box = (0 0 0) to (2.544411 8.2653902 7.4664844) with tilt (1.2417417 -0.92755511 -4.6052635)
  triclinic box = (0 0 0) to (2.544411 8.2653902 7.4664844) with tilt (1.2417417 -0.92755511 -4.6052635)
  triclinic box = (0 0 0) to (2.544411 8.2653902 7.4664844) with tilt (1.2417417 -0.92755511 -4.6052635)
echo none
run 0
Per MPI rank memory allocation (min/avg/max) = 3.93 | 3.93 | 3.93 Mbytes
    PotEng          Pxx           E_mol          E_coul    
-76.904644     -147.30795      0              0            
Loop time of 1.594e-06 on 1 procs for 0 steps with 18 atoms

1003.8% CPU use with 1 MPI tasks x 1 OpenMP threads

MPI task timing breakdown:
Section |  min time  |  avg time  |  max time  |%varavg| %total
---------------------------------------------------------------
Pair    | 0          | 0          | 0          |   0.0 |  0.00
Neigh   | 0          | 0          | 0          |   0.0 |  0.00
Comm    | 0          | 0          | 0          |   0.0 |  0.00
Output  | 0          | 0          | 0          |   0.0 |  0.00
Modify  | 0          | 0          | 0          |   0.0 |  0.00
Other   |            | 1.594e-06  |            |       |100.00

Nlocal:             18 ave          18 max          18 min
Histogram: 1 0 0 0 0 0 0 0 0 0
Nghost:           3569 ave        3569 max        3569 min
Histogram: 1 0 0 0 0 0 0 0 0 0
Neighs:              0 ave           0 max           0 min
Histogram: 1 0 0 0 0 0 0 0 0 0
FullNghs:        15638 ave       15638 max       15638 min
Histogram: 1 0 0 0 0 0 0 0 0 0

Total # of neighbors = 15638
Ave neighs/atom = 868.77778
Neighbor list builds = 0
Dangerous builds = 0
set atom * x 0.0 y 0.0 z 0.0
Setting atom values ...
  18 settings made for x
  18 settings made for y
  18 settings made for z
change_box all     x final 0 2.5444010441517886 y final 0 8.264831652418797 z final 0 7.4655440887452995      xy final 1.2342491789473875 xz final -0.9126653470956252 yz final -4.602154407943037 units box
Changing box ...
  triclinic box = (0 0 0) to (2.544401 8.2653902 7.4664844) with tilt (1.2417417 -0.92755511 -4.6052635)
  triclinic box = (0 0 0) to (2.544401 8.2648317 7.4664844) with tilt (1.2417417 -0.92755511 -4.6052635)
  triclinic box = (0 0 0) to (2.544401 8.2648317 7.4655441) with tilt (1.2417417 -0.92755511 -4.6052635)
  triclinic box = (0 0 0) to (2.544401 8.2648317 7.4655441) with tilt (1.2342492 -0.92755511 -4.6052635)
  triclinic box = (0 0 0) to (2.544401 8.2648317 7.4655441) with tilt (1.2342492 -0.91266535 -4.6052635)
  triclinic box = (0 0 0) to (2.544401 8.2648317 7.4655441) with tilt (1.2342492 -0.91266535 -4.6021544)
echo none
run 0
Per MPI rank memory allocation (min/avg/max) = 3.93 | 3.93 | 3.93 Mbytes
    PotEng          Pxx           E_mol          E_coul    
-76.904696     -157.75242      0              0            
Loop time of 1.554e-06 on 1 procs for 0 steps with 18 atoms

965.3% CPU use with 1 MPI tasks x 1 OpenMP threads

MPI task timing breakdown:
Section |  min time  |  avg time  |  max time  |%varavg| %total
---------------------------------------------------------------
Pair    | 0          | 0          | 0          |   0.0 |  0.00
Neigh   | 0          | 0          | 0          |   0.0 |  0.00
Comm    | 0          | 0          | 0          |   0.0 |  0.00
Output  | 0          | 0          | 0          |   0.0 |  0.00
Modify  | 0          | 0          | 0          |   0.0 |  0.00
Other   |            | 1.554e-06  |            |       |100.00

Nlocal:             18 ave          18 max          18 min
Histogram: 1 0 0 0 0 0 0 0 0 0
Nghost:           3569 ave        3569 max        3569 min
Histogram: 1 0 0 0 0 0 0 0 0 0
Neighs:              0 ave           0 max           0 min
Histogram: 1 0 0 0 0 0 0 0 0 0
FullNghs:        15644 ave       15644 max       15644 min
Histogram: 1 0 0 0 0 0 0 0 0 0

Total # of neighbors = 15644
Ave neighs/atom = 869.11111
Neighbor list builds = 0
Dangerous builds = 0
set atom * x 0.0 y 0.0 z 0.0
Setting atom values ...
  18 settings made for x
  18 settings made for y
  18 settings made for z
change_box all     x final 0 2.544392417403621 y final 0 8.264023583128143 z final 0 7.46418072244453      xy final 1.223490817287315 xz final -0.8912801158049494 yz final -4.597668023471136 units box
Changing box ...
  triclinic box = (0 0 0) to (2.5443924 8.2648317 7.4655441) with tilt (1.2342492 -0.91266535 -4.6021544)
  triclinic box = (0 0 0) to (2.5443924 8.2640236 7.4655441) with tilt (1.2342492 -0.91266535 -4.6021544)
  triclinic box = (0 0 0) to (2.5443924 8.2640236 7.4641807) with tilt (1.2342492 -0.91266535 -4.6021544)
  triclinic box = (0 0 0) to (2.5443924 8.2640236 7.4641807) with tilt (1.2234908 -0.91266535 -4.6021544)
  triclinic box = (0 0 0) to (2.5443924 8.2640236 7.4641807) with tilt (1.2234908 -0.89128012 -4.6021544)
  triclinic box = (0 0 0) to (2.5443924 8.2640236 7.4641807) with tilt (1.2234908 -0.89128012 -4.597668)
echo none
run 0
Per MPI rank memory allocation (min/avg/max) = 3.93 | 3.93 | 3.93 Mbytes
    PotEng          Pxx           E_mol          E_coul    
-76.904719     -178.65299      0              0            
Loop time of 1.17e-06 on 1 procs for 0 steps with 18 atoms

1196.6% CPU use with 1 MPI tasks x 1 OpenMP threads

MPI task timing breakdown:
Section |  min time  |  avg time  |  max time  |%varavg| %total
---------------------------------------------------------------
Pair    | 0          | 0          | 0          |   0.0 |  0.00
Neigh   | 0          | 0          | 0          |   0.0 |  0.00
Comm    | 0          | 0          | 0          |   0.0 |  0.00
Output  | 0          | 0          | 0          |   0.0 |  0.00
Modify  | 0          | 0          | 0          |   0.0 |  0.00
Other   |            | 1.17e-06   |            |       |100.00

Nlocal:             18 ave          18 max          18 min
Histogram: 1 0 0 0 0 0 0 0 0 0
Nghost:           3569 ave        3569 max        3569 min
Histogram: 1 0 0 0 0 0 0 0 0 0
Neighs:              0 ave           0 max           0 min
Histogram: 1 0 0 0 0 0 0 0 0 0
FullNghs:        15656 ave       15656 max       15656 min
Histogram: 1 0 0 0 0 0 0 0 0 0

Total # of neighbors = 15656
Ave neighs/atom = 869.77778
Neighbor list builds = 0
Dangerous builds = 0
set atom * x 0.0 y 0.0 z 0.0
Setting atom values ...
  18 settings made for x
  18 settings made for y
  18 settings made for z
change_box all     x final 0 2.544392417403621 y final 0 8.264023583128148 z final 0 7.4641807224445325      xy final 1.2234908172873116 xz final -0.8912801158049515 yz final -4.597668023471133 units box
Changing box ...
  triclinic box = (0 0 0) to (2.5443924 8.2640236 7.4641807) with tilt (1.2234908 -0.89128012 -4.597668)
  triclinic box = (0 0 0) to (2.5443924 8.2640236 7.4641807) with tilt (1.2234908 -0.89128012 -4.597668)
  triclinic box = (0 0 0) to (2.5443924 8.2640236 7.4641807) with tilt (1.2234908 -0.89128012 -4.597668)
  triclinic box = (0 0 0) to (2.5443924 8.2640236 7.4641807) with tilt (1.2234908 -0.89128012 -4.597668)
  triclinic box = (0 0 0) to (2.5443924 8.2640236 7.4641807) with tilt (1.2234908 -0.89128012 -4.597668)
  triclinic box = (0 0 0) to (2.5443924 8.2640236 7.4641807) with tilt (1.2234908 -0.89128012 -4.597668)
echo none
run 0
Per MPI rank memory allocation (min/avg/max) = 3.93 | 3.93 | 3.93 Mbytes
    PotEng          Pxx           E_mol          E_coul    
-76.904719     -178.65299      0              0            
Loop time of 1.419e-06 on 1 procs for 0 steps with 18 atoms

1057.1% CPU use with 1 MPI tasks x 1 OpenMP threads

MPI task timing breakdown:
Section |  min time  |  avg time  |  max time  |%varavg| %total
---------------------------------------------------------------
Pair    | 0          | 0          | 0          |   0.0 |  0.00
Neigh   | 0          | 0          | 0          |   0.0 |  0.00
Comm    | 0          | 0          | 0          |   0.0 |  0.00
Output  | 0          | 0          | 0          |   0.0 |  0.00
Modify  | 0          | 0          | 0          |   0.0 |  0.00
Other   |            | 1.419e-06  |            |       |100.00

Nlocal:             18 ave          18 max          18 min
Histogram: 1 0 0 0 0 0 0 0 0 0
Nghost:           3569 ave        3569 max        3569 min
Histogram: 1 0 0 0 0 0 0 0 0 0
Neighs:              0 ave           0 max           0 min
Histogram: 1 0 0 0 0 0 0 0 0 0
FullNghs:        15656 ave       15656 max       15656 min
Histogram: 1 0 0 0 0 0 0 0 0 0

Total # of neighbors = 15656
Ave neighs/atom = 869.77778
Neighbor list builds = 0
Dangerous builds = 0
set atom * x 0.0 y 0.0 z 0.0
Setting atom values ...
  18 settings made for x
  18 settings made for y
  18 settings made for z
change_box all     x final 0 2.5443235407036164 y final 0 8.267860586838633 z final 0 7.463123039994434      xy final 1.2219822983346524 xz final -0.8856489386767837 yz final -4.596947157017274 units box
Changing box ...
  triclinic box = (0 0 0) to (2.5443235 8.2640236 7.4641807) with tilt (1.2234908 -0.89128012 -4.597668)
  triclinic box = (0 0 0) to (2.5443235 8.2678606 7.4641807) with tilt (1.2234908 -0.89128012 -4.597668)
  triclinic box = (0 0 0) to (2.5443235 8.2678606 7.463123) with tilt (1.2234908 -0.89128012 -4.597668)
  triclinic box = (0 0 0) to (2.5443235 8.2678606 7.463123) with tilt (1.2219823 -0.89128012 -4.597668)
  triclinic box = (0 0 0) to (2.5443235 8.2678606 7.463123) with tilt (1.2219823 -0.88564894 -4.597668)
  triclinic box = (0 0 0) to (2.5443235 8.2678606 7.463123) with tilt (1.2219823 -0.88564894 -4.5969472)
echo none
run 0
Per MPI rank memory allocation (min/avg/max) = 3.93 | 3.93 | 3.93 Mbytes
    PotEng          Pxx           E_mol          E_coul    
-76.904792     -93.51958       0              0            
Loop time of 1.75e-06 on 1 procs for 0 steps with 18 atoms

1257.1% CPU use with 1 MPI tasks x 1 OpenMP threads

MPI task timing breakdown:
Section |  min time  |  avg time  |  max time  |%varavg| %total
---------------------------------------------------------------
Pair    | 0          | 0          | 0          |   0.0 |  0.00
Neigh   | 0          | 0          | 0          |   0.0 |  0.00
Comm    | 0          | 0          | 0          |   0.0 |  0.00
Output  | 0          | 0          | 0          |   0.0 |  0.00
Modify  | 0          | 0          | 0          |   0.0 |  0.00
Other   |            | 1.75e-06   |            |       |100.00

Nlocal:             18 ave          18 max          18 min
Histogram: 1 0 0 0 0 0 0 0 0 0
Nghost:           3529 ave        3529 max        3529 min
Histogram: 1 0 0 0 0 0 0 0 0 0
Neighs:              0 ave           0 max           0 min
Histogram: 1 0 0 0 0 0 0 0 0 0
FullNghs:        15656 ave       15656 max       15656 min
Histogram: 1 0 0 0 0 0 0 0 0 0

Total # of neighbors = 15656
Ave neighs/atom = 869.77778
Neighbor list builds = 0
Dangerous builds = 0
set atom * x 0.0 y 0.0 z 0.0
Setting atom values ...
  18 settings made for x
  18 settings made for y
  18 settings made for z
change_box all     x final 0 2.5440528144900467 y final 0 8.283226894554181 z final 0 7.458879424614196      xy final 1.2159452688000758 xz final -0.863143403366849 yz final -4.594062090450354 units box
Changing box ...
  triclinic box = (0 0 0) to (2.5440528 8.2678606 7.463123) with tilt (1.2219823 -0.88564894 -4.5969472)
  triclinic box = (0 0 0) to (2.5440528 8.2832269 7.463123) with tilt (1.2219823 -0.88564894 -4.5969472)
  triclinic box = (0 0 0) to (2.5440528 8.2832269 7.4588794) with tilt (1.2219823 -0.88564894 -4.5969472)
  triclinic box = (0 0 0) to (2.5440528 8.2832269 7.4588794) with tilt (1.2159453 -0.88564894 -4.5969472)
  triclinic box = (0 0 0) to (2.5440528 8.2832269 7.4588794) with tilt (1.2159453 -0.8631434 -4.5969472)
  triclinic box = (0 0 0) to (2.5440528 8.2832269 7.4588794) with tilt (1.2159453 -0.8631434 -4.5940621)
echo none
run 0
Per MPI rank memory allocation (min/avg/max) = 3.93 | 3.93 | 3.93 Mbytes
    PotEng          Pxx           E_mol          E_coul    
-76.904961      244.22639      0              0            
Loop time of 1.435e-06 on 1 procs for 0 steps with 18 atoms

418.1% CPU use with 1 MPI tasks x 1 OpenMP threads

MPI task timing breakdown:
Section |  min time  |  avg time  |  max time  |%varavg| %total
---------------------------------------------------------------
Pair    | 0          | 0          | 0          |   0.0 |  0.00
Neigh   | 0          | 0          | 0          |   0.0 |  0.00
Comm    | 0          | 0          | 0          |   0.0 |  0.00
Output  | 0          | 0          | 0          |   0.0 |  0.00
Modify  | 0          | 0          | 0          |   0.0 |  0.00
Other   |            | 1.435e-06  |            |       |100.00

Nlocal:             18 ave          18 max          18 min
Histogram: 1 0 0 0 0 0 0 0 0 0
Nghost:           3529 ave        3529 max        3529 min
Histogram: 1 0 0 0 0 0 0 0 0 0
Neighs:              0 ave           0 max           0 min
Histogram: 1 0 0 0 0 0 0 0 0 0
FullNghs:        15612 ave       15612 max       15612 min
Histogram: 1 0 0 0 0 0 0 0 0 0

Total # of neighbors = 15612
Ave neighs/atom = 867.33333
Neighbor list builds = 0
Dangerous builds = 0
set atom * x 0.0 y 0.0 z 0.0
Setting atom values ...
  18 settings made for x
  18 settings made for y
  18 settings made for z
change_box all     x final 0 2.5440528144900485 y final 0 8.283226894554181 z final 0 7.4588794246141985      xy final 1.2159452688000794 xz final -0.8631434033668448 yz final -4.594062090450352 units box
Changing box ...
  triclinic box = (0 0 0) to (2.5440528 8.2832269 7.4588794) with tilt (1.2159453 -0.8631434 -4.5940621)
  triclinic box = (0 0 0) to (2.5440528 8.2832269 7.4588794) with tilt (1.2159453 -0.8631434 -4.5940621)
  triclinic box = (0 0 0) to (2.5440528 8.2832269 7.4588794) with tilt (1.2159453 -0.8631434 -4.5940621)
  triclinic box = (0 0 0) to (2.5440528 8.2832269 7.4588794) with tilt (1.2159453 -0.8631434 -4.5940621)
  triclinic box = (0 0 0) to (2.5440528 8.2832269 7.4588794) with tilt (1.2159453 -0.8631434 -4.5940621)
  triclinic box = (0 0 0) to (2.5440528 8.2832269 7.4588794) with tilt (1.2159453 -0.8631434 -4.5940621)
echo none
run 0
Per MPI rank memory allocation (min/avg/max) = 3.93 | 3.93 | 3.93 Mbytes
    PotEng          Pxx           E_mol          E_coul    
-76.904961      244.22639      0              0            
Loop time of 1.347e-06 on 1 procs for 0 steps with 18 atoms

445.4% CPU use with 1 MPI tasks x 1 OpenMP threads

MPI task timing breakdown:
Section |  min time  |  avg time  |  max time  |%varavg| %total
---------------------------------------------------------------
Pair    | 0          | 0          | 0          |   0.0 |  0.00
Neigh   | 0          | 0          | 0          |   0.0 |  0.00
Comm    | 0          | 0          | 0          |   0.0 |  0.00
Output  | 0          | 0          | 0          |   0.0 |  0.00
Modify  | 0          | 0          | 0          |   0.0 |  0.00
Other   |            | 1.347e-06  |            |       |100.00

Nlocal:             18 ave          18 max          18 min
Histogram: 1 0 0 0 0 0 0 0 0 0
Nghost:           3529 ave        3529 max        3529 min
Histogram: 1 0 0 0 0 0 0 0 0 0
Neighs:              0 ave           0 max           0 min
Histogram: 1 0 0 0 0 0 0 0 0 0
FullNghs:        15612 ave       15612 max       15612 min
Histogram: 1 0 0 0 0 0 0 0 0 0

Total # of neighbors = 15612
Ave neighs/atom = 867.33333
Neighbor list builds = 0
Dangerous builds = 0
set atom * x 0.0 y 0.0 z 0.0
Setting atom values ...
  18 settings made for x
  18 settings made for y
  18 settings made for z
change_box all     x final 0 2.543966478728473 y final 0 8.28891583390941 z final 0 7.451553687041338      xy final 1.2040903042672848 xz final -0.8158619331542682 yz final -4.577333635205133 units box
Changing box ...
  triclinic box = (0 0 0) to (2.5439665 8.2832269 7.4588794) with tilt (1.2159453 -0.8631434 -4.5940621)
  triclinic box = (0 0 0) to (2.5439665 8.2889158 7.4588794) with tilt (1.2159453 -0.8631434 -4.5940621)
  triclinic box = (0 0 0) to (2.5439665 8.2889158 7.4515537) with tilt (1.2159453 -0.8631434 -4.5940621)
  triclinic box = (0 0 0) to (2.5439665 8.2889158 7.4515537) with tilt (1.2040903 -0.8631434 -4.5940621)
  triclinic box = (0 0 0) to (2.5439665 8.2889158 7.4515537) with tilt (1.2040903 -0.81586193 -4.5940621)
  triclinic box = (0 0 0) to (2.5439665 8.2889158 7.4515537) with tilt (1.2040903 -0.81586193 -4.5773336)
echo none
run 0
Per MPI rank memory allocation (min/avg/max) = 3.93 | 3.93 | 3.93 Mbytes
    PotEng          Pxx           E_mol          E_coul    
-76.905187      371.53167      0              0            
Loop time of 1.3e-06 on 1 procs for 0 steps with 18 atoms

923.1% CPU use with 1 MPI tasks x 1 OpenMP threads

MPI task timing breakdown:
Section |  min time  |  avg time  |  max time  |%varavg| %total
---------------------------------------------------------------
Pair    | 0          | 0          | 0          |   0.0 |  0.00
Neigh   | 0          | 0          | 0          |   0.0 |  0.00
Comm    | 0          | 0          | 0          |   0.0 |  0.00
Output  | 0          | 0          | 0          |   0.0 |  0.00
Modify  | 0          | 0          | 0          |   0.0 |  0.00
Other   |            | 1.3e-06    |            |       |100.00

Nlocal:             18 ave          18 max          18 min
Histogram: 1 0 0 0 0 0 0 0 0 0
Nghost:           3529 ave        3529 max        3529 min
Histogram: 1 0 0 0 0 0 0 0 0 0
Neighs:              0 ave           0 max           0 min
Histogram: 1 0 0 0 0 0 0 0 0 0
FullNghs:        15652 ave       15652 max       15652 min
Histogram: 1 0 0 0 0 0 0 0 0 0

Total # of neighbors = 15652
Ave neighs/atom = 869.55556
Neighbor list builds = 0
Dangerous builds = 0
set atom * x 0.0 y 0.0 z 0.0
Setting atom values ...
  18 settings made for x
  18 settings made for y
  18 settings made for z
change_box all     x final 0 2.5438996482572276 y final 0 8.297654086988347 z final 0 7.440140146759013      xy final 1.1860989525056365 xz final -0.7437499007673918 yz final -4.551654598801032 units box
Changing box ...
  triclinic box = (0 0 0) to (2.5438996 8.2889158 7.4515537) with tilt (1.2040903 -0.81586193 -4.5773336)
  triclinic box = (0 0 0) to (2.5438996 8.2976541 7.4515537) with tilt (1.2040903 -0.81586193 -4.5773336)
  triclinic box = (0 0 0) to (2.5438996 8.2976541 7.4401401) with tilt (1.2040903 -0.81586193 -4.5773336)
  triclinic box = (0 0 0) to (2.5438996 8.2976541 7.4401401) with tilt (1.186099 -0.81586193 -4.5773336)
  triclinic box = (0 0 0) to (2.5438996 8.2976541 7.4401401) with tilt (1.186099 -0.7437499 -4.5773336)
  triclinic box = (0 0 0) to (2.5438996 8.2976541 7.4401401) with tilt (1.186099 -0.7437499 -4.5516546)
echo none
run 0
Per MPI rank memory allocation (min/avg/max) = 3.93 | 3.93 | 3.93 Mbytes
    PotEng          Pxx           E_mol          E_coul    
-76.905315      500.83842      0              0            
Loop time of 1.323e-06 on 1 procs for 0 steps with 18 atoms

529.1% CPU use with 1 MPI tasks x 1 OpenMP threads

MPI task timing breakdown:
Section |  min time  |  avg time  |  max time  |%varavg| %total
---------------------------------------------------------------
Pair    | 0          | 0          | 0          |   0.0 |  0.00
Neigh   | 0          | 0          | 0          |   0.0 |  0.00
Comm    | 0          | 0          | 0          |   0.0 |  0.00
Output  | 0          | 0          | 0          |   0.0 |  0.00
Modify  | 0          | 0          | 0          |   0.0 |  0.00
Other   |            | 1.323e-06  |            |       |100.00

Nlocal:             18 ave          18 max          18 min
Histogram: 1 0 0 0 0 0 0 0 0 0
Nghost:           3529 ave        3529 max        3529 min
Histogram: 1 0 0 0 0 0 0 0 0 0
Neighs:              0 ave           0 max           0 min
Histogram: 1 0 0 0 0 0 0 0 0 0
FullNghs:        15636 ave       15636 max       15636 min
Histogram: 1 0 0 0 0 0 0 0 0 0

Total # of neighbors = 15636
Ave neighs/atom = 868.66667
Neighbor list builds = 0
Dangerous builds = 0
set atom * x 0.0 y 0.0 z 0.0
Setting atom values ...
  18 settings made for x
  18 settings made for y
  18 settings made for z
change_box all     x final 0 2.543899648257228 y final 0 8.297654086988345 z final 0 7.440140146759014      xy final 1.1860989525056378 xz final -0.7437499007673901 yz final -4.551654598801035 units box
Changing box ...
  triclinic box = (0 0 0) to (2.5438996 8.2976541 7.4401401) with tilt (1.186099 -0.7437499 -4.5516546)
  triclinic box = (0 0 0) to (2.5438996 8.2976541 7.4401401) with tilt (1.186099 -0.7437499 -4.5516546)
  triclinic box = (0 0 0) to (2.5438996 8.2976541 7.4401401) with tilt (1.186099 -0.7437499 -4.5516546)
  triclinic box = (0 0 0) to (2.5438996 8.2976541 7.4401401) with tilt (1.186099 -0.7437499 -4.5516546)
  triclinic box = (0 0 0) to (2.5438996 8.2976541 7.4401401) with tilt (1.186099 -0.7437499 -4.5516546)
  triclinic box = (0 0 0) to (2.5438996 8.2976541 7.4401401) with tilt (1.186099 -0.7437499 -4.5516546)
echo none
run 0
Per MPI rank memory allocation (min/avg/max) = 3.93 | 3.93 | 3.93 Mbytes
    PotEng          Pxx           E_mol          E_coul    
-76.905315      500.83842      0              0            
Loop time of 2.017e-06 on 1 procs for 0 steps with 18 atoms

1090.7% CPU use with 1 MPI tasks x 1 OpenMP threads

MPI task timing breakdown:
Section |  min time  |  avg time  |  max time  |%varavg| %total
---------------------------------------------------------------
Pair    | 0          | 0          | 0          |   0.0 |  0.00
Neigh   | 0          | 0          | 0          |   0.0 |  0.00
Comm    | 0          | 0          | 0          |   0.0 |  0.00
Output  | 0          | 0          | 0          |   0.0 |  0.00
Modify  | 0          | 0          | 0          |   0.0 |  0.00
Other   |            | 2.017e-06  |            |       |100.00

Nlocal:             18 ave          18 max          18 min
Histogram: 1 0 0 0 0 0 0 0 0 0
Nghost:           3529 ave        3529 max        3529 min
Histogram: 1 0 0 0 0 0 0 0 0 0
Neighs:              0 ave           0 max           0 min
Histogram: 1 0 0 0 0 0 0 0 0 0
FullNghs:        15636 ave       15636 max       15636 min
Histogram: 1 0 0 0 0 0 0 0 0 0

Total # of neighbors = 15636
Ave neighs/atom = 868.66667
Neighbor list builds = 0
Dangerous builds = 0
set atom * x 0.0 y 0.0 z 0.0
Setting atom values ...
  18 settings made for x
  18 settings made for y
  18 settings made for z
change_box all     x final 0 2.5442289884220766 y final 0 8.299761156677079 z final 0 7.434836840199723      xy final 1.1768573422266329 xz final -0.6816591926613512 yz final -4.541179816413099 units box
Changing box ...
  triclinic box = (0 0 0) to (2.544229 8.2976541 7.4401401) with tilt (1.186099 -0.7437499 -4.5516546)
  triclinic box = (0 0 0) to (2.544229 8.2997612 7.4401401) with tilt (1.186099 -0.7437499 -4.5516546)
  triclinic box = (0 0 0) to (2.544229 8.2997612 7.4348368) with tilt (1.186099 -0.7437499 -4.5516546)
  triclinic box = (0 0 0) to (2.544229 8.2997612 7.4348368) with tilt (1.1768573 -0.7437499 -4.5516546)
  triclinic box = (0 0 0) to (2.544229 8.2997612 7.4348368) with tilt (1.1768573 -0.68165919 -4.5516546)
  triclinic box = (0 0 0) to (2.544229 8.2997612 7.4348368) with tilt (1.1768573 -0.68165919 -4.5411798)
echo none
run 0
Per MPI rank memory allocation (min/avg/max) = 3.93 | 3.93 | 3.93 Mbytes
    PotEng          Pxx           E_mol          E_coul    
-76.90559       58.545607      0              0            
Loop time of 1.738e-06 on 1 procs for 0 steps with 18 atoms

1035.7% CPU use with 1 MPI tasks x 1 OpenMP threads

MPI task timing breakdown:
Section |  min time  |  avg time  |  max time  |%varavg| %total
---------------------------------------------------------------
Pair    | 0          | 0          | 0          |   0.0 |  0.00
Neigh   | 0          | 0          | 0          |   0.0 |  0.00
Comm    | 0          | 0          | 0          |   0.0 |  0.00
Output  | 0          | 0          | 0          |   0.0 |  0.00
Modify  | 0          | 0          | 0          |   0.0 |  0.00
Other   |            | 1.738e-06  |            |       |100.00

Nlocal:             18 ave          18 max          18 min
Histogram: 1 0 0 0 0 0 0 0 0 0
Nghost:           3545 ave        3545 max        3545 min
Histogram: 1 0 0 0 0 0 0 0 0 0
Neighs:              0 ave           0 max           0 min
Histogram: 1 0 0 0 0 0 0 0 0 0
FullNghs:        15662 ave       15662 max       15662 min
Histogram: 1 0 0 0 0 0 0 0 0 0

Total # of neighbors = 15662
Ave neighs/atom = 870.11111
Neighbor list builds = 0
Dangerous builds = 0
set atom * x 0.0 y 0.0 z 0.0
Setting atom values ...
  18 settings made for x
  18 settings made for y
  18 settings made for z
change_box all     x final 0 2.5454485388231713 y final 0 8.305545795899729 z final 0 7.419363044765999      xy final 1.15190676344458 xz final -0.5115035680746213 yz final -4.511972950045193 units box
Changing box ...
  triclinic box = (0 0 0) to (2.5454485 8.2997612 7.4348368) with tilt (1.1768573 -0.68165919 -4.5411798)
  triclinic box = (0 0 0) to (2.5454485 8.3055458 7.4348368) with tilt (1.1768573 -0.68165919 -4.5411798)
  triclinic box = (0 0 0) to (2.5454485 8.3055458 7.419363) with tilt (1.1768573 -0.68165919 -4.5411798)
  triclinic box = (0 0 0) to (2.5454485 8.3055458 7.419363) with tilt (1.1519068 -0.68165919 -4.5411798)
  triclinic box = (0 0 0) to (2.5454485 8.3055458 7.419363) with tilt (1.1519068 -0.51150357 -4.5411798)
  triclinic box = (0 0 0) to (2.5454485 8.3055458 7.419363) with tilt (1.1519068 -0.51150357 -4.511973)
echo none
run 0
Per MPI rank memory allocation (min/avg/max) = 3.93 | 3.93 | 3.93 Mbytes
    PotEng          Pxx           E_mol          E_coul    
-76.905886     -1490.0213      0              0            
Loop time of 1.397e-06 on 1 procs for 0 steps with 18 atoms

1216.9% CPU use with 1 MPI tasks x 1 OpenMP threads

MPI task timing breakdown:
Section |  min time  |  avg time  |  max time  |%varavg| %total
---------------------------------------------------------------
Pair    | 0          | 0          | 0          |   0.0 |  0.00
Neigh   | 0          | 0          | 0          |   0.0 |  0.00
Comm    | 0          | 0          | 0          |   0.0 |  0.00
Output  | 0          | 0          | 0          |   0.0 |  0.00
Modify  | 0          | 0          | 0          |   0.0 |  0.00
Other   |            | 1.397e-06  |            |       |100.00

Nlocal:             18 ave          18 max          18 min
Histogram: 1 0 0 0 0 0 0 0 0 0
Nghost:           3561 ave        3561 max        3561 min
Histogram: 1 0 0 0 0 0 0 0 0 0
Neighs:              0 ave           0 max           0 min
Histogram: 1 0 0 0 0 0 0 0 0 0
FullNghs:        15664 ave       15664 max       15664 min
Histogram: 1 0 0 0 0 0 0 0 0 0

Total # of neighbors = 15664
Ave neighs/atom = 870.22222
Neighbor list builds = 0
Dangerous builds = 0
set atom * x 0.0 y 0.0 z 0.0
Setting atom values ...
  18 settings made for x
  18 settings made for y
  18 settings made for z
change_box all     x final 0 2.545448538823172 y final 0 8.305545795899725 z final 0 7.4193630447659915      xy final 1.151906763444581 xz final -0.5115035680746179 yz final -4.511972950045196 units box
Changing box ...
  triclinic box = (0 0 0) to (2.5454485 8.3055458 7.419363) with tilt (1.1519068 -0.51150357 -4.511973)
  triclinic box = (0 0 0) to (2.5454485 8.3055458 7.419363) with tilt (1.1519068 -0.51150357 -4.511973)
  triclinic box = (0 0 0) to (2.5454485 8.3055458 7.419363) with tilt (1.1519068 -0.51150357 -4.511973)
  triclinic box = (0 0 0) to (2.5454485 8.3055458 7.419363) with tilt (1.1519068 -0.51150357 -4.511973)
  triclinic box = (0 0 0) to (2.5454485 8.3055458 7.419363) with tilt (1.1519068 -0.51150357 -4.511973)
  triclinic box = (0 0 0) to (2.5454485 8.3055458 7.419363) with tilt (1.1519068 -0.51150357 -4.511973)
echo none
run 0
Per MPI rank memory allocation (min/avg/max) = 3.93 | 3.93 | 3.93 Mbytes
    PotEng          Pxx           E_mol          E_coul    
-76.905886     -1490.0213      0              0            
Loop time of 1.332e-06 on 1 procs for 0 steps with 18 atoms

825.8% CPU use with 1 MPI tasks x 1 OpenMP threads

MPI task timing breakdown:
Section |  min time  |  avg time  |  max time  |%varavg| %total
---------------------------------------------------------------
Pair    | 0          | 0          | 0          |   0.0 |  0.00
Neigh   | 0          | 0          | 0          |   0.0 |  0.00
Comm    | 0          | 0          | 0          |   0.0 |  0.00
Output  | 0          | 0          | 0          |   0.0 |  0.00
Modify  | 0          | 0          | 0          |   0.0 |  0.00
Other   |            | 1.332e-06  |            |       |100.00

Nlocal:             18 ave          18 max          18 min
Histogram: 1 0 0 0 0 0 0 0 0 0
Nghost:           3561 ave        3561 max        3561 min
Histogram: 1 0 0 0 0 0 0 0 0 0
Neighs:              0 ave           0 max           0 min
Histogram: 1 0 0 0 0 0 0 0 0 0
FullNghs:        15664 ave       15664 max       15664 min
Histogram: 1 0 0 0 0 0 0 0 0 0

Total # of neighbors = 15664
Ave neighs/atom = 870.22222
Neighbor list builds = 0
Dangerous builds = 0
set atom * x 0.0 y 0.0 z 0.0
Setting atom values ...
  18 settings made for x
  18 settings made for y
  18 settings made for z
change_box all     x final 0 2.544200950596112 y final 0 8.312047592612288 z final 0 7.414773732973736      xy final 1.1460350833071322 xz final -0.47085040095271186 yz final -4.480689018001842 units box
Changing box ...
  triclinic box = (0 0 0) to (2.544201 8.3055458 7.419363) with tilt (1.1519068 -0.51150357 -4.511973)
  triclinic box = (0 0 0) to (2.544201 8.3120476 7.419363) with tilt (1.1519068 -0.51150357 -4.511973)
  triclinic box = (0 0 0) to (2.544201 8.3120476 7.4147737) with tilt (1.1519068 -0.51150357 -4.511973)
  triclinic box = (0 0 0) to (2.544201 8.3120476 7.4147737) with tilt (1.1460351 -0.51150357 -4.511973)
  triclinic box = (0 0 0) to (2.544201 8.3120476 7.4147737) with tilt (1.1460351 -0.4708504 -4.511973)
  triclinic box = (0 0 0) to (2.544201 8.3120476 7.4147737) with tilt (1.1460351 -0.4708504 -4.480689)
echo none
run 0
Per MPI rank memory allocation (min/avg/max) = 3.93 | 3.93 | 3.93 Mbytes
    PotEng          Pxx           E_mol          E_coul    
-76.906266     -64.046698      0              0            
Loop time of 1.32e-06 on 1 procs for 0 steps with 18 atoms

757.6% CPU use with 1 MPI tasks x 1 OpenMP threads

MPI task timing breakdown:
Section |  min time  |  avg time  |  max time  |%varavg| %total
---------------------------------------------------------------
Pair    | 0          | 0          | 0          |   0.0 |  0.00
Neigh   | 0          | 0          | 0          |   0.0 |  0.00
Comm    | 0          | 0          | 0          |   0.0 |  0.00
Output  | 0          | 0          | 0          |   0.0 |  0.00
Modify  | 0          | 0          | 0          |   0.0 |  0.00
Other   |            | 1.32e-06   |            |       |100.00

Nlocal:             18 ave          18 max          18 min
Histogram: 1 0 0 0 0 0 0 0 0 0
Nghost:           3517 ave        3517 max        3517 min
Histogram: 1 0 0 0 0 0 0 0 0 0
Neighs:              0 ave           0 max           0 min
Histogram: 1 0 0 0 0 0 0 0 0 0
FullNghs:        15640 ave       15640 max       15640 min
Histogram: 1 0 0 0 0 0 0 0 0 0

Total # of neighbors = 15640
Ave neighs/atom = 868.88889
Neighbor list builds = 0
Dangerous builds = 0
set atom * x 0.0 y 0.0 z 0.0
Setting atom values ...
  18 settings made for x
  18 settings made for y
  18 settings made for z
change_box all     x final 0 2.5442009505961107 y final 0 8.312047592612288 z final 0 7.414773732973735      xy final 1.1460350833071349 xz final -0.4708504009527101 yz final -4.4806890180018435 units box
Changing box ...
  triclinic box = (0 0 0) to (2.544201 8.3120476 7.4147737) with tilt (1.1460351 -0.4708504 -4.480689)
  triclinic box = (0 0 0) to (2.544201 8.3120476 7.4147737) with tilt (1.1460351 -0.4708504 -4.480689)
  triclinic box = (0 0 0) to (2.544201 8.3120476 7.4147737) with tilt (1.1460351 -0.4708504 -4.480689)
  triclinic box = (0 0 0) to (2.544201 8.3120476 7.4147737) with tilt (1.1460351 -0.4708504 -4.480689)
  triclinic box = (0 0 0) to (2.544201 8.3120476 7.4147737) with tilt (1.1460351 -0.4708504 -4.480689)
  triclinic box = (0 0 0) to (2.544201 8.3120476 7.4147737) with tilt (1.1460351 -0.4708504 -4.480689)
echo none
run 0
Per MPI rank memory allocation (min/avg/max) = 3.93 | 3.93 | 3.93 Mbytes
    PotEng          Pxx           E_mol          E_coul    
-76.906266     -64.046698      0              0            
Loop time of 1.473e-06 on 1 procs for 0 steps with 18 atoms

611.0% CPU use with 1 MPI tasks x 1 OpenMP threads

MPI task timing breakdown:
Section |  min time  |  avg time  |  max time  |%varavg| %total
---------------------------------------------------------------
Pair    | 0          | 0          | 0          |   0.0 |  0.00
Neigh   | 0          | 0          | 0          |   0.0 |  0.00
Comm    | 0          | 0          | 0          |   0.0 |  0.00
Output  | 0          | 0          | 0          |   0.0 |  0.00
Modify  | 0          | 0          | 0          |   0.0 |  0.00
Other   |            | 1.473e-06  |            |       |100.00

Nlocal:             18 ave          18 max          18 min
Histogram: 1 0 0 0 0 0 0 0 0 0
Nghost:           3517 ave        3517 max        3517 min
Histogram: 1 0 0 0 0 0 0 0 0 0
Neighs:              0 ave           0 max           0 min
Histogram: 1 0 0 0 0 0 0 0 0 0
FullNghs:        15640 ave       15640 max       15640 min
Histogram: 1 0 0 0 0 0 0 0 0 0

Total # of neighbors = 15640
Ave neighs/atom = 868.88889
Neighbor list builds = 0
Dangerous builds = 0
set atom * x 0.0 y 0.0 z 0.0
Setting atom values ...
  18 settings made for x
  18 settings made for y
  18 settings made for z
change_box all     x final 0 2.5431831434954972 y final 0 8.303349784652356 z final 0 7.40710623170984      xy final 1.115460145229723 xz final -0.302342297523175 yz final -4.428037743274106 units box
Changing box ...
  triclinic box = (0 0 0) to (2.5431831 8.3120476 7.4147737) with tilt (1.1460351 -0.4708504 -4.480689)
  triclinic box = (0 0 0) to (2.5431831 8.3033498 7.4147737) with tilt (1.1460351 -0.4708504 -4.480689)
  triclinic box = (0 0 0) to (2.5431831 8.3033498 7.4071062) with tilt (1.1460351 -0.4708504 -4.480689)
  triclinic box = (0 0 0) to (2.5431831 8.3033498 7.4071062) with tilt (1.1154601 -0.4708504 -4.480689)
  triclinic box = (0 0 0) to (2.5431831 8.3033498 7.4071062) with tilt (1.1154601 -0.3023423 -4.480689)
  triclinic box = (0 0 0) to (2.5431831 8.3033498 7.4071062) with tilt (1.1154601 -0.3023423 -4.4280377)
echo none
run 0
Per MPI rank memory allocation (min/avg/max) = 3.93 | 3.93 | 3.93 Mbytes
    PotEng          Pxx           E_mol          E_coul    
-76.906794      1258.1617      0              0            
Loop time of 1.129e-06 on 1 procs for 0 steps with 18 atoms

885.7% CPU use with 1 MPI tasks x 1 OpenMP threads

MPI task timing breakdown:
Section |  min time  |  avg time  |  max time  |%varavg| %total
---------------------------------------------------------------
Pair    | 0          | 0          | 0          |   0.0 |  0.00
Neigh   | 0          | 0          | 0          |   0.0 |  0.00
Comm    | 0          | 0          | 0          |   0.0 |  0.00
Output  | 0          | 0          | 0          |   0.0 |  0.00
Modify  | 0          | 0          | 0          |   0.0 |  0.00
Other   |            | 1.129e-06  |            |       |100.00

Nlocal:             18 ave          18 max          18 min
Histogram: 1 0 0 0 0 0 0 0 0 0
Nghost:           3549 ave        3549 max        3549 min
Histogram: 1 0 0 0 0 0 0 0 0 0
Neighs:              0 ave           0 max           0 min
Histogram: 1 0 0 0 0 0 0 0 0 0
FullNghs:        15686 ave       15686 max       15686 min
Histogram: 1 0 0 0 0 0 0 0 0 0

Total # of neighbors = 15686
Ave neighs/atom = 871.44444
Neighbor list builds = 0
Dangerous builds = 0
set atom * x 0.0 y 0.0 z 0.0
Setting atom values ...
  18 settings made for x
  18 settings made for y
  18 settings made for z
change_box all     x final 0 2.543183143495496 y final 0 8.303349784652351 z final 0 7.407106231709836      xy final 1.115460145229723 xz final -0.3023422975231751 yz final -4.428037743274107 units box
Changing box ...
  triclinic box = (0 0 0) to (2.5431831 8.3033498 7.4071062) with tilt (1.1154601 -0.3023423 -4.4280377)
  triclinic box = (0 0 0) to (2.5431831 8.3033498 7.4071062) with tilt (1.1154601 -0.3023423 -4.4280377)
  triclinic box = (0 0 0) to (2.5431831 8.3033498 7.4071062) with tilt (1.1154601 -0.3023423 -4.4280377)
  triclinic box = (0 0 0) to (2.5431831 8.3033498 7.4071062) with tilt (1.1154601 -0.3023423 -4.4280377)
  triclinic box = (0 0 0) to (2.5431831 8.3033498 7.4071062) with tilt (1.1154601 -0.3023423 -4.4280377)
  triclinic box = (0 0 0) to (2.5431831 8.3033498 7.4071062) with tilt (1.1154601 -0.3023423 -4.4280377)
echo none
run 0
Per MPI rank memory allocation (min/avg/max) = 3.93 | 3.93 | 3.93 Mbytes
    PotEng          Pxx           E_mol          E_coul    
-76.906794      1258.1617      0              0            
Loop time of 2.358e-06 on 1 procs for 0 steps with 18 atoms

4537.7% CPU use with 1 MPI tasks x 1 OpenMP threads

MPI task timing breakdown:
Section |  min time  |  avg time  |  max time  |%varavg| %total
---------------------------------------------------------------
Pair    | 0          | 0          | 0          |   0.0 |  0.00
Neigh   | 0          | 0          | 0          |   0.0 |  0.00
Comm    | 0          | 0          | 0          |   0.0 |  0.00
Output  | 0          | 0          | 0          |   0.0 |  0.00
Modify  | 0          | 0          | 0          |   0.0 |  0.00
Other   |            | 2.358e-06  |            |       |100.00

Nlocal:             18 ave          18 max          18 min
Histogram: 1 0 0 0 0 0 0 0 0 0
Nghost:           3549 ave        3549 max        3549 min
Histogram: 1 0 0 0 0 0 0 0 0 0
Neighs:              0 ave           0 max           0 min
Histogram: 1 0 0 0 0 0 0 0 0 0
FullNghs:        15686 ave       15686 max       15686 min
Histogram: 1 0 0 0 0 0 0 0 0 0

Total # of neighbors = 15686
Ave neighs/atom = 871.44444
Neighbor list builds = 0
Dangerous builds = 0
set atom * x 0.0 y 0.0 z 0.0
Setting atom values ...
  18 settings made for x
  18 settings made for y
  18 settings made for z
change_box all     x final 0 2.545015634096271 y final 0 8.31692454219239 z final 0 7.393405530777009      xy final 1.0805422734011476 xz final -0.05601066230370324 yz final -4.348210674661267 units box
Changing box ...
  triclinic box = (0 0 0) to (2.5450156 8.3033498 7.4071062) with tilt (1.1154601 -0.3023423 -4.4280377)
  triclinic box = (0 0 0) to (2.5450156 8.3169245 7.4071062) with tilt (1.1154601 -0.3023423 -4.4280377)
  triclinic box = (0 0 0) to (2.5450156 8.3169245 7.3934055) with tilt (1.1154601 -0.3023423 -4.4280377)
  triclinic box = (0 0 0) to (2.5450156 8.3169245 7.3934055) with tilt (1.0805423 -0.3023423 -4.4280377)
  triclinic box = (0 0 0) to (2.5450156 8.3169245 7.3934055) with tilt (1.0805423 -0.056010662 -4.4280377)
  triclinic box = (0 0 0) to (2.5450156 8.3169245 7.3934055) with tilt (1.0805423 -0.056010662 -4.3482107)
echo none
run 0
Per MPI rank memory allocation (min/avg/max) = 3.93 | 3.93 | 3.93 Mbytes
    PotEng          Pxx           E_mol          E_coul    
-76.906921     -840.14431      0              0            
Loop time of 1.487e-06 on 1 procs for 0 steps with 18 atoms

807.0% CPU use with 1 MPI tasks x 1 OpenMP threads

MPI task timing breakdown:
Section |  min time  |  avg time  |  max time  |%varavg| %total
---------------------------------------------------------------
Pair    | 0          | 0          | 0          |   0.0 |  0.00
Neigh   | 0          | 0          | 0          |   0.0 |  0.00
Comm    | 0          | 0          | 0          |   0.0 |  0.00
Output  | 0          | 0          | 0          |   0.0 |  0.00
Modify  | 0          | 0          | 0          |   0.0 |  0.00
Other   |            | 1.487e-06  |            |       |100.00

Nlocal:             18 ave          18 max          18 min
Histogram: 1 0 0 0 0 0 0 0 0 0
Nghost:           3549 ave        3549 max        3549 min
Histogram: 1 0 0 0 0 0 0 0 0 0
Neighs:              0 ave           0 max           0 min
Histogram: 1 0 0 0 0 0 0 0 0 0
FullNghs:        15646 ave       15646 max       15646 min
Histogram: 1 0 0 0 0 0 0 0 0 0

Total # of neighbors = 15646
Ave neighs/atom = 869.22222
Neighbor list builds = 0
Dangerous builds = 0
set atom * x 0.0 y 0.0 z 0.0
Setting atom values ...
  18 settings made for x
  18 settings made for y
  18 settings made for z
change_box all     x final 0 2.5440130492444046 y final 0 8.31034654280968 z final 0 7.400383331786437      xy final 1.0970232893256235 xz final -0.17429651483672334 yz final -4.386756685444206 units box
Changing box ...
  triclinic box = (0 0 0) to (2.544013 8.3169245 7.3934055) with tilt (1.0805423 -0.056010662 -4.3482107)
  triclinic box = (0 0 0) to (2.544013 8.3103465 7.3934055) with tilt (1.0805423 -0.056010662 -4.3482107)
  triclinic box = (0 0 0) to (2.544013 8.3103465 7.4003833) with tilt (1.0805423 -0.056010662 -4.3482107)
  triclinic box = (0 0 0) to (2.544013 8.3103465 7.4003833) with tilt (1.0970233 -0.056010662 -4.3482107)
  triclinic box = (0 0 0) to (2.544013 8.3103465 7.4003833) with tilt (1.0970233 -0.17429651 -4.3482107)
  triclinic box = (0 0 0) to (2.544013 8.3103465 7.4003833) with tilt (1.0970233 -0.17429651 -4.3867567)
echo none
run 0
Per MPI rank memory allocation (min/avg/max) = 3.93 | 3.93 | 3.93 Mbytes
    PotEng          Pxx           E_mol          E_coul    
-76.907085      293.86035      0              0            
Loop time of 1.249e-06 on 1 procs for 0 steps with 18 atoms

880.7% CPU use with 1 MPI tasks x 1 OpenMP threads

MPI task timing breakdown:
Section |  min time  |  avg time  |  max time  |%varavg| %total
---------------------------------------------------------------
Pair    | 0          | 0          | 0          |   0.0 |  0.00
Neigh   | 0          | 0          | 0          |   0.0 |  0.00
Comm    | 0          | 0          | 0          |   0.0 |  0.00
Output  | 0          | 0          | 0          |   0.0 |  0.00
Modify  | 0          | 0          | 0          |   0.0 |  0.00
Other   |            | 1.249e-06  |            |       |100.00

Nlocal:             18 ave          18 max          18 min
Histogram: 1 0 0 0 0 0 0 0 0 0
Nghost:           3549 ave        3549 max        3549 min
Histogram: 1 0 0 0 0 0 0 0 0 0
Neighs:              0 ave           0 max           0 min
Histogram: 1 0 0 0 0 0 0 0 0 0
FullNghs:        15658 ave       15658 max       15658 min
Histogram: 1 0 0 0 0 0 0 0 0 0

Total # of neighbors = 15658
Ave neighs/atom = 869.88889
Neighbor list builds = 0
Dangerous builds = 0
set atom * x 0.0 y 0.0 z 0.0
Setting atom values ...
  18 settings made for x
  18 settings made for y
  18 settings made for z
change_box all     x final 0 2.5440130492444046 y final 0 8.310346542809679 z final 0 7.400383331786436      xy final 1.097023289325622 xz final -0.17429651483672456 yz final -4.3867566854442055 units box
Changing box ...
  triclinic box = (0 0 0) to (2.544013 8.3103465 7.4003833) with tilt (1.0970233 -0.17429651 -4.3867567)
  triclinic box = (0 0 0) to (2.544013 8.3103465 7.4003833) with tilt (1.0970233 -0.17429651 -4.3867567)
  triclinic box = (0 0 0) to (2.544013 8.3103465 7.4003833) with tilt (1.0970233 -0.17429651 -4.3867567)
  triclinic box = (0 0 0) to (2.544013 8.3103465 7.4003833) with tilt (1.0970233 -0.17429651 -4.3867567)
  triclinic box = (0 0 0) to (2.544013 8.3103465 7.4003833) with tilt (1.0970233 -0.17429651 -4.3867567)
  triclinic box = (0 0 0) to (2.544013 8.3103465 7.4003833) with tilt (1.0970233 -0.17429651 -4.3867567)
echo none
run 0
Per MPI rank memory allocation (min/avg/max) = 3.93 | 3.93 | 3.93 Mbytes
    PotEng          Pxx           E_mol          E_coul    
-76.907085      293.86035      0              0            
Loop time of 1.731e-06 on 1 procs for 0 steps with 18 atoms

346.6% CPU use with 1 MPI tasks x 1 OpenMP threads

MPI task timing breakdown:
Section |  min time  |  avg time  |  max time  |%varavg| %total
---------------------------------------------------------------
Pair    | 0          | 0          | 0          |   0.0 |  0.00
Neigh   | 0          | 0          | 0          |   0.0 |  0.00
Comm    | 0          | 0          | 0          |   0.0 |  0.00
Output  | 0          | 0          | 0          |   0.0 |  0.00
Modify  | 0          | 0          | 0          |   0.0 |  0.00
Other   |            | 1.731e-06  |            |       |100.00

Nlocal:             18 ave          18 max          18 min
Histogram: 1 0 0 0 0 0 0 0 0 0
Nghost:           3549 ave        3549 max        3549 min
Histogram: 1 0 0 0 0 0 0 0 0 0
Neighs:              0 ave           0 max           0 min
Histogram: 1 0 0 0 0 0 0 0 0 0
FullNghs:        15658 ave       15658 max       15658 min
Histogram: 1 0 0 0 0 0 0 0 0 0

Total # of neighbors = 15658
Ave neighs/atom = 869.88889
Neighbor list builds = 0
Dangerous builds = 0
set atom * x 0.0 y 0.0 z 0.0
Setting atom values ...
  18 settings made for x
  18 settings made for y
  18 settings made for z
change_box all     x final 0 2.544519660647542 y final 0 8.292495209857034 z final 0 7.41150305282635      xy final 1.0803428885615127 xz final 0.04158460659799407 yz final -4.3238909071462075 units box
Changing box ...
  triclinic box = (0 0 0) to (2.5445197 8.3103465 7.4003833) with tilt (1.0970233 -0.17429651 -4.3867567)
  triclinic box = (0 0 0) to (2.5445197 8.2924952 7.4003833) with tilt (1.0970233 -0.17429651 -4.3867567)
  triclinic box = (0 0 0) to (2.5445197 8.2924952 7.4115031) with tilt (1.0970233 -0.17429651 -4.3867567)
  triclinic box = (0 0 0) to (2.5445197 8.2924952 7.4115031) with tilt (1.0803429 -0.17429651 -4.3867567)
  triclinic box = (0 0 0) to (2.5445197 8.2924952 7.4115031) with tilt (1.0803429 0.041584607 -4.3867567)
  triclinic box = (0 0 0) to (2.5445197 8.2924952 7.4115031) with tilt (1.0803429 0.041584607 -4.3238909)
echo none
run 0
Per MPI rank memory allocation (min/avg/max) = 3.93 | 3.93 | 3.93 Mbytes
    PotEng          Pxx           E_mol          E_coul    
-76.90772      -289.64678      0              0            
Loop time of 1.619e-06 on 1 procs for 0 steps with 18 atoms

741.2% CPU use with 1 MPI tasks x 1 OpenMP threads

MPI task timing breakdown:
Section |  min time  |  avg time  |  max time  |%varavg| %total
---------------------------------------------------------------
Pair    | 0          | 0          | 0          |   0.0 |  0.00
Neigh   | 0          | 0          | 0          |   0.0 |  0.00
Comm    | 0          | 0          | 0          |   0.0 |  0.00
Output  | 0          | 0          | 0          |   0.0 |  0.00
Modify  | 0          | 0          | 0          |   0.0 |  0.00
Other   |            | 1.619e-06  |            |       |100.00

Nlocal:             18 ave          18 max          18 min
Histogram: 1 0 0 0 0 0 0 0 0 0
Nghost:           3585 ave        3585 max        3585 min
Histogram: 1 0 0 0 0 0 0 0 0 0
Neighs:              0 ave           0 max           0 min
Histogram: 1 0 0 0 0 0 0 0 0 0
FullNghs:        15658 ave       15658 max       15658 min
Histogram: 1 0 0 0 0 0 0 0 0 0

Total # of neighbors = 15658
Ave neighs/atom = 869.88889
Neighbor list builds = 0
Dangerous builds = 0
set atom * x 0.0 y 0.0 z 0.0
Setting atom values ...
  18 settings made for x
  18 settings made for y
  18 settings made for z
change_box all     x final 0 2.544519660647542 y final 0 8.292495209857028 z final 0 7.411503052826353      xy final 1.080342888561514 xz final 0.04158460659799631 yz final -4.32389090714621 units box
Changing box ...
  triclinic box = (0 0 0) to (2.5445197 8.2924952 7.4115031) with tilt (1.0803429 0.041584607 -4.3238909)
  triclinic box = (0 0 0) to (2.5445197 8.2924952 7.4115031) with tilt (1.0803429 0.041584607 -4.3238909)
  triclinic box = (0 0 0) to (2.5445197 8.2924952 7.4115031) with tilt (1.0803429 0.041584607 -4.3238909)
  triclinic box = (0 0 0) to (2.5445197 8.2924952 7.4115031) with tilt (1.0803429 0.041584607 -4.3238909)
  triclinic box = (0 0 0) to (2.5445197 8.2924952 7.4115031) with tilt (1.0803429 0.041584607 -4.3238909)
  triclinic box = (0 0 0) to (2.5445197 8.2924952 7.4115031) with tilt (1.0803429 0.041584607 -4.3238909)
echo none
run 0
Per MPI rank memory allocation (min/avg/max) = 3.93 | 3.93 | 3.93 Mbytes
    PotEng          Pxx           E_mol          E_coul    
-76.90772      -289.64678      0              0            
Loop time of 1.512e-06 on 1 procs for 0 steps with 18 atoms

595.2% CPU use with 1 MPI tasks x 1 OpenMP threads

MPI task timing breakdown:
Section |  min time  |  avg time  |  max time  |%varavg| %total
---------------------------------------------------------------
Pair    | 0          | 0          | 0          |   0.0 |  0.00
Neigh   | 0          | 0          | 0          |   0.0 |  0.00
Comm    | 0          | 0          | 0          |   0.0 |  0.00
Output  | 0          | 0          | 0          |   0.0 |  0.00
Modify  | 0          | 0          | 0          |   0.0 |  0.00
Other   |            | 1.512e-06  |            |       |100.00

Nlocal:             18 ave          18 max          18 min
Histogram: 1 0 0 0 0 0 0 0 0 0
Nghost:           3585 ave        3585 max        3585 min
Histogram: 1 0 0 0 0 0 0 0 0 0
Neighs:              0 ave           0 max           0 min
Histogram: 1 0 0 0 0 0 0 0 0 0
FullNghs:        15658 ave       15658 max       15658 min
Histogram: 1 0 0 0 0 0 0 0 0 0

Total # of neighbors = 15658
Ave neighs/atom = 869.88889
Neighbor list builds = 0
Dangerous builds = 0
set atom * x 0.0 y 0.0 z 0.0
Setting atom values ...
  18 settings made for x
  18 settings made for y
  18 settings made for z
change_box all     x final 0 2.5454412051015307 y final 0 8.276133215489844 z final 0 7.396780721342519      xy final 1.0518402458923481 xz final 0.3040326508811636 yz final -4.251204253359838 units box
Changing box ...
  triclinic box = (0 0 0) to (2.5454412 8.2924952 7.4115031) with tilt (1.0803429 0.041584607 -4.3238909)
  triclinic box = (0 0 0) to (2.5454412 8.2761332 7.4115031) with tilt (1.0803429 0.041584607 -4.3238909)
  triclinic box = (0 0 0) to (2.5454412 8.2761332 7.3967807) with tilt (1.0803429 0.041584607 -4.3238909)
  triclinic box = (0 0 0) to (2.5454412 8.2761332 7.3967807) with tilt (1.0518402 0.041584607 -4.3238909)
  triclinic box = (0 0 0) to (2.5454412 8.2761332 7.3967807) with tilt (1.0518402 0.30403265 -4.3238909)
  triclinic box = (0 0 0) to (2.5454412 8.2761332 7.3967807) with tilt (1.0518402 0.30403265 -4.2512043)
echo none
run 0
Per MPI rank memory allocation (min/avg/max) = 3.934 | 3.934 | 3.934 Mbytes
    PotEng          Pxx           E_mol          E_coul    
-76.90798      -1146.1222      0              0            
Loop time of 1.658e-06 on 1 procs for 0 steps with 18 atoms

965.0% CPU use with 1 MPI tasks x 1 OpenMP threads

MPI task timing breakdown:
Section |  min time  |  avg time  |  max time  |%varavg| %total
---------------------------------------------------------------
Pair    | 0          | 0          | 0          |   0.0 |  0.00
Neigh   | 0          | 0          | 0          |   0.0 |  0.00
Comm    | 0          | 0          | 0          |   0.0 |  0.00
Output  | 0          | 0          | 0          |   0.0 |  0.00
Modify  | 0          | 0          | 0          |   0.0 |  0.00
Other   |            | 1.658e-06  |            |       |100.00

Nlocal:             18 ave          18 max          18 min
Histogram: 1 0 0 0 0 0 0 0 0 0
Nghost:           3625 ave        3625 max        3625 min
Histogram: 1 0 0 0 0 0 0 0 0 0
Neighs:              0 ave           0 max           0 min
Histogram: 1 0 0 0 0 0 0 0 0 0
FullNghs:        15704 ave       15704 max       15704 min
Histogram: 1 0 0 0 0 0 0 0 0 0

Total # of neighbors = 15704
Ave neighs/atom = 872.44444
Neighbor list builds = 0
Dangerous builds = 0
set atom * x 0.0 y 0.0 z 0.0
Setting atom values ...
  18 settings made for x
  18 settings made for y
  18 settings made for z
change_box all     x final 0 2.544889397458943 y final 0 8.283476303288872 z final 0 7.403821535686505      xy final 1.064343644336628 xz final 0.18614836505710175 yz final -4.2840485664619035 units box
Changing box ...
  triclinic box = (0 0 0) to (2.5448894 8.2761332 7.3967807) with tilt (1.0518402 0.30403265 -4.2512043)
  triclinic box = (0 0 0) to (2.5448894 8.2834763 7.3967807) with tilt (1.0518402 0.30403265 -4.2512043)
  triclinic box = (0 0 0) to (2.5448894 8.2834763 7.4038215) with tilt (1.0518402 0.30403265 -4.2512043)
  triclinic box = (0 0 0) to (2.5448894 8.2834763 7.4038215) with tilt (1.0643436 0.30403265 -4.2512043)
  triclinic box = (0 0 0) to (2.5448894 8.2834763 7.4038215) with tilt (1.0643436 0.18614837 -4.2512043)
  triclinic box = (0 0 0) to (2.5448894 8.2834763 7.4038215) with tilt (1.0643436 0.18614837 -4.2840486)
echo none
run 0
Per MPI rank memory allocation (min/avg/max) = 3.934 | 3.934 | 3.934 Mbytes
    PotEng          Pxx           E_mol          E_coul    
-76.908136     -612.15821      0              0            
Loop time of 1.742e-06 on 1 procs for 0 steps with 18 atoms

918.5% CPU use with 1 MPI tasks x 1 OpenMP threads

MPI task timing breakdown:
Section |  min time  |  avg time  |  max time  |%varavg| %total
---------------------------------------------------------------
Pair    | 0          | 0          | 0          |   0.0 |  0.00
Neigh   | 0          | 0          | 0          |   0.0 |  0.00
Comm    | 0          | 0          | 0          |   0.0 |  0.00
Output  | 0          | 0          | 0          |   0.0 |  0.00
Modify  | 0          | 0          | 0          |   0.0 |  0.00
Other   |            | 1.742e-06  |            |       |100.00

Nlocal:             18 ave          18 max          18 min
Histogram: 1 0 0 0 0 0 0 0 0 0
Nghost:           3625 ave        3625 max        3625 min
Histogram: 1 0 0 0 0 0 0 0 0 0
Neighs:              0 ave           0 max           0 min
Histogram: 1 0 0 0 0 0 0 0 0 0
FullNghs:        15658 ave       15658 max       15658 min
Histogram: 1 0 0 0 0 0 0 0 0 0

Total # of neighbors = 15658
Ave neighs/atom = 869.88889
Neighbor list builds = 0
Dangerous builds = 0
set atom * x 0.0 y 0.0 z 0.0
Setting atom values ...
  18 settings made for x
  18 settings made for y
  18 settings made for z
change_box all     x final 0 2.5448893974589444 y final 0 8.28347630328887 z final 0 7.403821535686503      xy final 1.064343644336625 xz final 0.1861483650571043 yz final -4.284048566461903 units box
Changing box ...
  triclinic box = (0 0 0) to (2.5448894 8.2834763 7.4038215) with tilt (1.0643436 0.18614837 -4.2840486)
  triclinic box = (0 0 0) to (2.5448894 8.2834763 7.4038215) with tilt (1.0643436 0.18614837 -4.2840486)
  triclinic box = (0 0 0) to (2.5448894 8.2834763 7.4038215) with tilt (1.0643436 0.18614837 -4.2840486)
  triclinic box = (0 0 0) to (2.5448894 8.2834763 7.4038215) with tilt (1.0643436 0.18614837 -4.2840486)
  triclinic box = (0 0 0) to (2.5448894 8.2834763 7.4038215) with tilt (1.0643436 0.18614837 -4.2840486)
  triclinic box = (0 0 0) to (2.5448894 8.2834763 7.4038215) with tilt (1.0643436 0.18614837 -4.2840486)
echo none
run 0
Per MPI rank memory allocation (min/avg/max) = 3.934 | 3.934 | 3.934 Mbytes
    PotEng          Pxx           E_mol          E_coul    
-76.908136     -612.15821      0              0            
Loop time of 1.551e-06 on 1 procs for 0 steps with 18 atoms

902.6% CPU use with 1 MPI tasks x 1 OpenMP threads

MPI task timing breakdown:
Section |  min time  |  avg time  |  max time  |%varavg| %total
---------------------------------------------------------------
Pair    | 0          | 0          | 0          |   0.0 |  0.00
Neigh   | 0          | 0          | 0          |   0.0 |  0.00
Comm    | 0          | 0          | 0          |   0.0 |  0.00
Output  | 0          | 0          | 0          |   0.0 |  0.00
Modify  | 0          | 0          | 0          |   0.0 |  0.00
Other   |            | 1.551e-06  |            |       |100.00

Nlocal:             18 ave          18 max          18 min
Histogram: 1 0 0 0 0 0 0 0 0 0
Nghost:           3625 ave        3625 max        3625 min
Histogram: 1 0 0 0 0 0 0 0 0 0
Neighs:              0 ave           0 max           0 min
Histogram: 1 0 0 0 0 0 0 0 0 0
FullNghs:        15658 ave       15658 max       15658 min
Histogram: 1 0 0 0 0 0 0 0 0 0

Total # of neighbors = 15658
Ave neighs/atom = 869.88889
Neighbor list builds = 0
Dangerous builds = 0
set atom * x 0.0 y 0.0 z 0.0
Setting atom values ...
  18 settings made for x
  18 settings made for y
  18 settings made for z
change_box all     x final 0 2.5431996928961573 y final 0 8.259732431775237 z final 0 7.414889703538176      xy final 1.093271721403258 xz final 0.2618838967701726 yz final -4.2654656673835705 units box
Changing box ...
  triclinic box = (0 0 0) to (2.5431997 8.2834763 7.4038215) with tilt (1.0643436 0.18614837 -4.2840486)
  triclinic box = (0 0 0) to (2.5431997 8.2597324 7.4038215) with tilt (1.0643436 0.18614837 -4.2840486)
  triclinic box = (0 0 0) to (2.5431997 8.2597324 7.4148897) with tilt (1.0643436 0.18614837 -4.2840486)
  triclinic box = (0 0 0) to (2.5431997 8.2597324 7.4148897) with tilt (1.0932717 0.18614837 -4.2840486)
  triclinic box = (0 0 0) to (2.5431997 8.2597324 7.4148897) with tilt (1.0932717 0.2618839 -4.2840486)
  triclinic box = (0 0 0) to (2.5431997 8.2597324 7.4148897) with tilt (1.0932717 0.2618839 -4.2654657)
echo none
run 0
Per MPI rank memory allocation (min/avg/max) = 3.934 | 3.934 | 3.934 Mbytes
    PotEng          Pxx           E_mol          E_coul    
-76.909106      1158.7222      0              0            
Loop time of 1.524e-06 on 1 procs for 0 steps with 18 atoms

984.3% CPU use with 1 MPI tasks x 1 OpenMP threads

MPI task timing breakdown:
Section |  min time  |  avg time  |  max time  |%varavg| %total
---------------------------------------------------------------
Pair    | 0          | 0          | 0          |   0.0 |  0.00
Neigh   | 0          | 0          | 0          |   0.0 |  0.00
Comm    | 0          | 0          | 0          |   0.0 |  0.00
Output  | 0          | 0          | 0          |   0.0 |  0.00
Modify  | 0          | 0          | 0          |   0.0 |  0.00
Other   |            | 1.524e-06  |            |       |100.00

Nlocal:             18 ave          18 max          18 min
Histogram: 1 0 0 0 0 0 0 0 0 0
Nghost:           3625 ave        3625 max        3625 min
Histogram: 1 0 0 0 0 0 0 0 0 0
Neighs:              0 ave           0 max           0 min
Histogram: 1 0 0 0 0 0 0 0 0 0
FullNghs:        15714 ave       15714 max       15714 min
Histogram: 1 0 0 0 0 0 0 0 0 0

Total # of neighbors = 15714
Ave neighs/atom = 873
Neighbor list builds = 0
Dangerous builds = 0
set atom * x 0.0 y 0.0 z 0.0
Setting atom values ...
  18 settings made for x
  18 settings made for y
  18 settings made for z
change_box all     x final 0 2.543199692896158 y final 0 8.259732431775237 z final 0 7.414889703538169      xy final 1.0932717214032543 xz final 0.2618838967701716 yz final -4.265465667383576 units box
Changing box ...
  triclinic box = (0 0 0) to (2.5431997 8.2597324 7.4148897) with tilt (1.0932717 0.2618839 -4.2654657)
  triclinic box = (0 0 0) to (2.5431997 8.2597324 7.4148897) with tilt (1.0932717 0.2618839 -4.2654657)
  triclinic box = (0 0 0) to (2.5431997 8.2597324 7.4148897) with tilt (1.0932717 0.2618839 -4.2654657)
  triclinic box = (0 0 0) to (2.5431997 8.2597324 7.4148897) with tilt (1.0932717 0.2618839 -4.2654657)
  triclinic box = (0 0 0) to (2.5431997 8.2597324 7.4148897) with tilt (1.0932717 0.2618839 -4.2654657)
  triclinic box = (0 0 0) to (2.5431997 8.2597324 7.4148897) with tilt (1.0932717 0.2618839 -4.2654657)
echo none
run 0
Per MPI rank memory allocation (min/avg/max) = 3.934 | 3.934 | 3.934 Mbytes
    PotEng          Pxx           E_mol          E_coul    
-76.909106      1158.7222      0              0            
Loop time of 1.504e-06 on 1 procs for 0 steps with 18 atoms

997.3% CPU use with 1 MPI tasks x 1 OpenMP threads

MPI task timing breakdown:
Section |  min time  |  avg time  |  max time  |%varavg| %total
---------------------------------------------------------------
Pair    | 0          | 0          | 0          |   0.0 |  0.00
Neigh   | 0          | 0          | 0          |   0.0 |  0.00
Comm    | 0          | 0          | 0          |   0.0 |  0.00
Output  | 0          | 0          | 0          |   0.0 |  0.00
Modify  | 0          | 0          | 0          |   0.0 |  0.00
Other   |            | 1.504e-06  |            |       |100.00

Nlocal:             18 ave          18 max          18 min
Histogram: 1 0 0 0 0 0 0 0 0 0
Nghost:           3625 ave        3625 max        3625 min
Histogram: 1 0 0 0 0 0 0 0 0 0
Neighs:              0 ave           0 max           0 min
Histogram: 1 0 0 0 0 0 0 0 0 0
FullNghs:        15714 ave       15714 max       15714 min
Histogram: 1 0 0 0 0 0 0 0 0 0

Total # of neighbors = 15714
Ave neighs/atom = 873
Neighbor list builds = 0
Dangerous builds = 0
set atom * x 0.0 y 0.0 z 0.0
Setting atom values ...
  18 settings made for x
  18 settings made for y
  18 settings made for z
change_box all     x final 0 2.5456241904617647 y final 0 8.217900484832294 z final 0 7.432909418624015      xy final 1.0739046379511468 xz final 0.49502081340645127 yz final -4.2087260135316855 units box
Changing box ...
  triclinic box = (0 0 0) to (2.5456242 8.2597324 7.4148897) with tilt (1.0932717 0.2618839 -4.2654657)
  triclinic box = (0 0 0) to (2.5456242 8.2179005 7.4148897) with tilt (1.0932717 0.2618839 -4.2654657)
  triclinic box = (0 0 0) to (2.5456242 8.2179005 7.4329094) with tilt (1.0932717 0.2618839 -4.2654657)
  triclinic box = (0 0 0) to (2.5456242 8.2179005 7.4329094) with tilt (1.0739046 0.2618839 -4.2654657)
  triclinic box = (0 0 0) to (2.5456242 8.2179005 7.4329094) with tilt (1.0739046 0.49502081 -4.2654657)
  triclinic box = (0 0 0) to (2.5456242 8.2179005 7.4329094) with tilt (1.0739046 0.49502081 -4.208726)
echo none
run 0
Per MPI rank memory allocation (min/avg/max) = 3.934 | 3.934 | 3.934 Mbytes
    PotEng          Pxx           E_mol          E_coul    
-76.909698     -1595.8313      0              0            
Loop time of 1.368e-06 on 1 procs for 0 steps with 18 atoms

804.1% CPU use with 1 MPI tasks x 1 OpenMP threads

MPI task timing breakdown:
Section |  min time  |  avg time  |  max time  |%varavg| %total
---------------------------------------------------------------
Pair    | 0          | 0          | 0          |   0.0 |  0.00
Neigh   | 0          | 0          | 0          |   0.0 |  0.00
Comm    | 0          | 0          | 0          |   0.0 |  0.00
Output  | 0          | 0          | 0          |   0.0 |  0.00
Modify  | 0          | 0          | 0          |   0.0 |  0.00
Other   |            | 1.368e-06  |            |       |100.00

Nlocal:             18 ave          18 max          18 min
Histogram: 1 0 0 0 0 0 0 0 0 0
Nghost:           3625 ave        3625 max        3625 min
Histogram: 1 0 0 0 0 0 0 0 0 0
Neighs:              0 ave           0 max           0 min
Histogram: 1 0 0 0 0 0 0 0 0 0
FullNghs:        15756 ave       15756 max       15756 min
Histogram: 1 0 0 0 0 0 0 0 0 0

Total # of neighbors = 15756
Ave neighs/atom = 875.33333
Neighbor list builds = 0
Dangerous builds = 0
set atom * x 0.0 y 0.0 z 0.0
Setting atom values ...
  18 settings made for x
  18 settings made for y
  18 settings made for z
change_box all     x final 0 2.545624190461765 y final 0 8.217900484832294 z final 0 7.432909418624016      xy final 1.0739046379511443 xz final 0.4950208134064582 yz final -4.20872601353168 units box
Changing box ...
  triclinic box = (0 0 0) to (2.5456242 8.2179005 7.4329094) with tilt (1.0739046 0.49502081 -4.208726)
  triclinic box = (0 0 0) to (2.5456242 8.2179005 7.4329094) with tilt (1.0739046 0.49502081 -4.208726)
  triclinic box = (0 0 0) to (2.5456242 8.2179005 7.4329094) with tilt (1.0739046 0.49502081 -4.208726)
  triclinic box = (0 0 0) to (2.5456242 8.2179005 7.4329094) with tilt (1.0739046 0.49502081 -4.208726)
  triclinic box = (0 0 0) to (2.5456242 8.2179005 7.4329094) with tilt (1.0739046 0.49502081 -4.208726)
  triclinic box = (0 0 0) to (2.5456242 8.2179005 7.4329094) with tilt (1.0739046 0.49502081 -4.208726)
echo none
run 0
Per MPI rank memory allocation (min/avg/max) = 3.934 | 3.934 | 3.934 Mbytes
    PotEng          Pxx           E_mol          E_coul    
-76.909698     -1595.8313      0              0            
Loop time of 1.68e-06 on 1 procs for 0 steps with 18 atoms

892.9% CPU use with 1 MPI tasks x 1 OpenMP threads

MPI task timing breakdown:
Section |  min time  |  avg time  |  max time  |%varavg| %total
---------------------------------------------------------------
Pair    | 0          | 0          | 0          |   0.0 |  0.00
Neigh   | 0          | 0          | 0          |   0.0 |  0.00
Comm    | 0          | 0          | 0          |   0.0 |  0.00
Output  | 0          | 0          | 0          |   0.0 |  0.00
Modify  | 0          | 0          | 0          |   0.0 |  0.00
Other   |            | 1.68e-06   |            |       |100.00

Nlocal:             18 ave          18 max          18 min
Histogram: 1 0 0 0 0 0 0 0 0 0
Nghost:           3625 ave        3625 max        3625 min
Histogram: 1 0 0 0 0 0 0 0 0 0
Neighs:              0 ave           0 max           0 min
Histogram: 1 0 0 0 0 0 0 0 0 0
FullNghs:        15756 ave       15756 max       15756 min
Histogram: 1 0 0 0 0 0 0 0 0 0

Total # of neighbors = 15756
Ave neighs/atom = 875.33333
Neighbor list builds = 0
Dangerous builds = 0
set atom * x 0.0 y 0.0 z 0.0
Setting atom values ...
  18 settings made for x
  18 settings made for y
  18 settings made for z
change_box all     x final 0 2.546793557776756 y final 0 8.206275936439239 z final 0 7.44024087415596      xy final 1.1434338236851542 xz final 0.6636316151027115 yz final -4.173060446476211 units box
Changing box ...
  triclinic box = (0 0 0) to (2.5467936 8.2179005 7.4329094) with tilt (1.0739046 0.49502081 -4.208726)
  triclinic box = (0 0 0) to (2.5467936 8.2062759 7.4329094) with tilt (1.0739046 0.49502081 -4.208726)
  triclinic box = (0 0 0) to (2.5467936 8.2062759 7.4402409) with tilt (1.0739046 0.49502081 -4.208726)
  triclinic box = (0 0 0) to (2.5467936 8.2062759 7.4402409) with tilt (1.1434338 0.49502081 -4.208726)
  triclinic box = (0 0 0) to (2.5467936 8.2062759 7.4402409) with tilt (1.1434338 0.66363162 -4.208726)
  triclinic box = (0 0 0) to (2.5467936 8.2062759 7.4402409) with tilt (1.1434338 0.66363162 -4.1730604)
echo none
run 0
Per MPI rank memory allocation (min/avg/max) = 3.934 | 3.934 | 3.934 Mbytes
    PotEng          Pxx           E_mol          E_coul    
-76.91066      -2810.5403      0              0            
Loop time of 1.75e-06 on 1 procs for 0 steps with 18 atoms

1142.9% CPU use with 1 MPI tasks x 1 OpenMP threads

MPI task timing breakdown:
Section |  min time  |  avg time  |  max time  |%varavg| %total
---------------------------------------------------------------
Pair    | 0          | 0          | 0          |   0.0 |  0.00
Neigh   | 0          | 0          | 0          |   0.0 |  0.00
Comm    | 0          | 0          | 0          |   0.0 |  0.00
Output  | 0          | 0          | 0          |   0.0 |  0.00
Modify  | 0          | 0          | 0          |   0.0 |  0.00
Other   |            | 1.75e-06   |            |       |100.00

Nlocal:             18 ave          18 max          18 min
Histogram: 1 0 0 0 0 0 0 0 0 0
Nghost:           3581 ave        3581 max        3581 min
Histogram: 1 0 0 0 0 0 0 0 0 0
Neighs:              0 ave           0 max           0 min
Histogram: 1 0 0 0 0 0 0 0 0 0
FullNghs:        15778 ave       15778 max       15778 min
Histogram: 1 0 0 0 0 0 0 0 0 0

Total # of neighbors = 15778
Ave neighs/atom = 876.55556
Neighbor list builds = 0
Dangerous builds = 0
set atom * x 0.0 y 0.0 z 0.0
Setting atom values ...
  18 settings made for x
  18 settings made for y
  18 settings made for z
change_box all     x final 0 2.5467935577767573 y final 0 8.206275936439242 z final 0 7.440240874155964      xy final 1.1434338236851553 xz final 0.6636316151027127 yz final -4.17306044647621 units box
Changing box ...
  triclinic box = (0 0 0) to (2.5467936 8.2062759 7.4402409) with tilt (1.1434338 0.66363162 -4.1730604)
  triclinic box = (0 0 0) to (2.5467936 8.2062759 7.4402409) with tilt (1.1434338 0.66363162 -4.1730604)
  triclinic box = (0 0 0) to (2.5467936 8.2062759 7.4402409) with tilt (1.1434338 0.66363162 -4.1730604)
  triclinic box = (0 0 0) to (2.5467936 8.2062759 7.4402409) with tilt (1.1434338 0.66363162 -4.1730604)
  triclinic box = (0 0 0) to (2.5467936 8.2062759 7.4402409) with tilt (1.1434338 0.66363162 -4.1730604)
  triclinic box = (0 0 0) to (2.5467936 8.2062759 7.4402409) with tilt (1.1434338 0.66363162 -4.1730604)
echo none
run 0
Per MPI rank memory allocation (min/avg/max) = 3.934 | 3.934 | 3.934 Mbytes
    PotEng          Pxx           E_mol          E_coul    
-76.91066      -2810.5403      0              0            
Loop time of 1.649e-06 on 1 procs for 0 steps with 18 atoms

970.3% CPU use with 1 MPI tasks x 1 OpenMP threads

MPI task timing breakdown:
Section |  min time  |  avg time  |  max time  |%varavg| %total
---------------------------------------------------------------
Pair    | 0          | 0          | 0          |   0.0 |  0.00
Neigh   | 0          | 0          | 0          |   0.0 |  0.00
Comm    | 0          | 0          | 0          |   0.0 |  0.00
Output  | 0          | 0          | 0          |   0.0 |  0.00
Modify  | 0          | 0          | 0          |   0.0 |  0.00
Other   |            | 1.649e-06  |            |       |100.00

Nlocal:             18 ave          18 max          18 min
Histogram: 1 0 0 0 0 0 0 0 0 0
Nghost:           3581 ave        3581 max        3581 min
Histogram: 1 0 0 0 0 0 0 0 0 0
Neighs:              0 ave           0 max           0 min
Histogram: 1 0 0 0 0 0 0 0 0 0
FullNghs:        15778 ave       15778 max       15778 min
Histogram: 1 0 0 0 0 0 0 0 0 0

Total # of neighbors = 15778
Ave neighs/atom = 876.55556
Neighbor list builds = 0
Dangerous builds = 0
set atom * x 0.0 y 0.0 z 0.0
Setting atom values ...
  18 settings made for x
  18 settings made for y
  18 settings made for z
change_box all     x final 0 2.5463378512805033 y final 0 8.145596480108305 z final 0 7.483812907228699      xy final 1.2307747416512558 xz final 0.9174208118672103 yz final -4.145738892459793 units box
Changing box ...
  triclinic box = (0 0 0) to (2.5463379 8.2062759 7.4402409) with tilt (1.1434338 0.66363162 -4.1730604)
  triclinic box = (0 0 0) to (2.5463379 8.1455965 7.4402409) with tilt (1.1434338 0.66363162 -4.1730604)
  triclinic box = (0 0 0) to (2.5463379 8.1455965 7.4838129) with tilt (1.1434338 0.66363162 -4.1730604)
  triclinic box = (0 0 0) to (2.5463379 8.1455965 7.4838129) with tilt (1.2307747 0.66363162 -4.1730604)
  triclinic box = (0 0 0) to (2.5463379 8.1455965 7.4838129) with tilt (1.2307747 0.91742081 -4.1730604)
  triclinic box = (0 0 0) to (2.5463379 8.1455965 7.4838129) with tilt (1.2307747 0.91742081 -4.1457389)
echo none
run 0
Per MPI rank memory allocation (min/avg/max) = 3.934 | 3.934 | 3.934 Mbytes
    PotEng          Pxx           E_mol          E_coul    
-76.911613     -2006.5757      0              0            
Loop time of 1.546e-06 on 1 procs for 0 steps with 18 atoms

970.2% CPU use with 1 MPI tasks x 1 OpenMP threads

MPI task timing breakdown:
Section |  min time  |  avg time  |  max time  |%varavg| %total
---------------------------------------------------------------
Pair    | 0          | 0          | 0          |   0.0 |  0.00
Neigh   | 0          | 0          | 0          |   0.0 |  0.00
Comm    | 0          | 0          | 0          |   0.0 |  0.00
Output  | 0          | 0          | 0          |   0.0 |  0.00
Modify  | 0          | 0          | 0          |   0.0 |  0.00
Other   |            | 1.546e-06  |            |       |100.00

Nlocal:             18 ave          18 max          18 min
Histogram: 1 0 0 0 0 0 0 0 0 0
Nghost:           3601 ave        3601 max        3601 min
Histogram: 1 0 0 0 0 0 0 0 0 0
Neighs:              0 ave           0 max           0 min
Histogram: 1 0 0 0 0 0 0 0 0 0
FullNghs:        15810 ave       15810 max       15810 min
Histogram: 1 0 0 0 0 0 0 0 0 0

Total # of neighbors = 15810
Ave neighs/atom = 878.33333
Neighbor list builds = 0
Dangerous builds = 0
set atom * x 0.0 y 0.0 z 0.0
Setting atom values ...
  18 settings made for x
  18 settings made for y
  18 settings made for z
change_box all     x final 0 2.5463381322446246 y final 0 8.166248100653116 z final 0 7.46937053460848      xy final 1.2009468590665944 xz final 0.8305348235805278 yz final -4.154916639333349 units box
Changing box ...
  triclinic box = (0 0 0) to (2.5463381 8.1455965 7.4838129) with tilt (1.2307747 0.91742081 -4.1457389)
  triclinic box = (0 0 0) to (2.5463381 8.1662481 7.4838129) with tilt (1.2307747 0.91742081 -4.1457389)
  triclinic box = (0 0 0) to (2.5463381 8.1662481 7.4693705) with tilt (1.2307747 0.91742081 -4.1457389)
  triclinic box = (0 0 0) to (2.5463381 8.1662481 7.4693705) with tilt (1.2009469 0.91742081 -4.1457389)
  triclinic box = (0 0 0) to (2.5463381 8.1662481 7.4693705) with tilt (1.2009469 0.83053482 -4.1457389)
  triclinic box = (0 0 0) to (2.5463381 8.1662481 7.4693705) with tilt (1.2009469 0.83053482 -4.1549166)
echo none
run 0
Per MPI rank memory allocation (min/avg/max) = 3.934 | 3.934 | 3.934 Mbytes
    PotEng          Pxx           E_mol          E_coul    
-76.911945     -2127.1391      0              0            
Loop time of 1.319e-06 on 1 procs for 0 steps with 18 atoms

454.9% CPU use with 1 MPI tasks x 1 OpenMP threads

MPI task timing breakdown:
Section |  min time  |  avg time  |  max time  |%varavg| %total
---------------------------------------------------------------
Pair    | 0          | 0          | 0          |   0.0 |  0.00
Neigh   | 0          | 0          | 0          |   0.0 |  0.00
Comm    | 0          | 0          | 0          |   0.0 |  0.00
Output  | 0          | 0          | 0          |   0.0 |  0.00
Modify  | 0          | 0          | 0          |   0.0 |  0.00
Other   |            | 1.319e-06  |            |       |100.00

Nlocal:             18 ave          18 max          18 min
Histogram: 1 0 0 0 0 0 0 0 0 0
Nghost:           3601 ave        3601 max        3601 min
Histogram: 1 0 0 0 0 0 0 0 0 0
Neighs:              0 ave           0 max           0 min
Histogram: 1 0 0 0 0 0 0 0 0 0
FullNghs:        15800 ave       15800 max       15800 min
Histogram: 1 0 0 0 0 0 0 0 0 0

Total # of neighbors = 15800
Ave neighs/atom = 877.77778
Neighbor list builds = 0
Dangerous builds = 0
set atom * x 0.0 y 0.0 z 0.0
Setting atom values ...
  18 settings made for x
  18 settings made for y
  18 settings made for z
change_box all     x final 0 2.5463381322446246 y final 0 8.16624810065312 z final 0 7.469370534608485      xy final 1.2009468590665944 xz final 0.8305348235805307 yz final -4.154916639333342 units box
Changing box ...
  triclinic box = (0 0 0) to (2.5463381 8.1662481 7.4693705) with tilt (1.2009469 0.83053482 -4.1549166)
  triclinic box = (0 0 0) to (2.5463381 8.1662481 7.4693705) with tilt (1.2009469 0.83053482 -4.1549166)
  triclinic box = (0 0 0) to (2.5463381 8.1662481 7.4693705) with tilt (1.2009469 0.83053482 -4.1549166)
  triclinic box = (0 0 0) to (2.5463381 8.1662481 7.4693705) with tilt (1.2009469 0.83053482 -4.1549166)
  triclinic box = (0 0 0) to (2.5463381 8.1662481 7.4693705) with tilt (1.2009469 0.83053482 -4.1549166)
  triclinic box = (0 0 0) to (2.5463381 8.1662481 7.4693705) with tilt (1.2009469 0.83053482 -4.1549166)
echo none
run 0
Per MPI rank memory allocation (min/avg/max) = 3.934 | 3.934 | 3.934 Mbytes
    PotEng          Pxx           E_mol          E_coul    
-76.911945     -2127.1391      0              0            
Loop time of 1.303e-06 on 1 procs for 0 steps with 18 atoms

921.0% CPU use with 1 MPI tasks x 1 OpenMP threads

MPI task timing breakdown:
Section |  min time  |  avg time  |  max time  |%varavg| %total
---------------------------------------------------------------
Pair    | 0          | 0          | 0          |   0.0 |  0.00
Neigh   | 0          | 0          | 0          |   0.0 |  0.00
Comm    | 0          | 0          | 0          |   0.0 |  0.00
Output  | 0          | 0          | 0          |   0.0 |  0.00
Modify  | 0          | 0          | 0          |   0.0 |  0.00
Other   |            | 1.303e-06  |            |       |100.00

Nlocal:             18 ave          18 max          18 min
Histogram: 1 0 0 0 0 0 0 0 0 0
Nghost:           3601 ave        3601 max        3601 min
Histogram: 1 0 0 0 0 0 0 0 0 0
Neighs:              0 ave           0 max           0 min
Histogram: 1 0 0 0 0 0 0 0 0 0
FullNghs:        15800 ave       15800 max       15800 min
Histogram: 1 0 0 0 0 0 0 0 0 0

Total # of neighbors = 15800
Ave neighs/atom = 877.77778
Neighbor list builds = 0
Dangerous builds = 0
set atom * x 0.0 y 0.0 z 0.0
Setting atom values ...
  18 settings made for x
  18 settings made for y
  18 settings made for z
change_box all     x final 0 2.5505058984307816 y final 0 8.10302804004383 z final 0 7.458701685977308      xy final 1.3522843693886928 xz final 1.420368834906685 yz final -4.076000886013824 units box
Changing box ...
  triclinic box = (0 0 0) to (2.5505059 8.1662481 7.4693705) with tilt (1.2009469 0.83053482 -4.1549166)
  triclinic box = (0 0 0) to (2.5505059 8.103028 7.4693705) with tilt (1.2009469 0.83053482 -4.1549166)
  triclinic box = (0 0 0) to (2.5505059 8.103028 7.4587017) with tilt (1.2009469 0.83053482 -4.1549166)
  triclinic box = (0 0 0) to (2.5505059 8.103028 7.4587017) with tilt (1.3522844 0.83053482 -4.1549166)
  triclinic box = (0 0 0) to (2.5505059 8.103028 7.4587017) with tilt (1.3522844 1.4203688 -4.1549166)
  triclinic box = (0 0 0) to (2.5505059 8.103028 7.4587017) with tilt (1.3522844 1.4203688 -4.0760009)
echo none
run 0
Per MPI rank memory allocation (min/avg/max) = 3.942 | 3.942 | 3.942 Mbytes
    PotEng          Pxx           E_mol          E_coul    
-76.911154     -6586.6066      0              0            
Loop time of 1.427e-06 on 1 procs for 0 steps with 18 atoms

700.8% CPU use with 1 MPI tasks x 1 OpenMP threads

MPI task timing breakdown:
Section |  min time  |  avg time  |  max time  |%varavg| %total
---------------------------------------------------------------
Pair    | 0          | 0          | 0          |   0.0 |  0.00
Neigh   | 0          | 0          | 0          |   0.0 |  0.00
Comm    | 0          | 0          | 0          |   0.0 |  0.00
Output  | 0          | 0          | 0          |   0.0 |  0.00
Modify  | 0          | 0          | 0          |   0.0 |  0.00
Other   |            | 1.427e-06  |            |       |100.00

Nlocal:             18 ave          18 max          18 min
Histogram: 1 0 0 0 0 0 0 0 0 0
Nghost:           3645 ave        3645 max        3645 min
Histogram: 1 0 0 0 0 0 0 0 0 0
Neighs:              0 ave           0 max           0 min
Histogram: 1 0 0 0 0 0 0 0 0 0
FullNghs:        15892 ave       15892 max       15892 min
Histogram: 1 0 0 0 0 0 0 0 0 0

Total # of neighbors = 15892
Ave neighs/atom = 882.88889
Neighbor list builds = 0
Dangerous builds = 0
set atom * x 0.0 y 0.0 z 0.0
Setting atom values ...
  18 settings made for x
  18 settings made for y
  18 settings made for z
change_box all     x final 0 2.547422561626988 y final 0 8.136451117914271 z final 0 7.4669271889744095      xy final 1.2711527697334453 xz final 1.107800065451595 yz final -4.117214700833548 units box
Changing box ...
  triclinic box = (0 0 0) to (2.5474226 8.103028 7.4587017) with tilt (1.3522844 1.4203688 -4.0760009)
  triclinic box = (0 0 0) to (2.5474226 8.1364511 7.4587017) with tilt (1.3522844 1.4203688 -4.0760009)
  triclinic box = (0 0 0) to (2.5474226 8.1364511 7.4669272) with tilt (1.3522844 1.4203688 -4.0760009)
  triclinic box = (0 0 0) to (2.5474226 8.1364511 7.4669272) with tilt (1.2711528 1.4203688 -4.0760009)
  triclinic box = (0 0 0) to (2.5474226 8.1364511 7.4669272) with tilt (1.2711528 1.1078001 -4.0760009)
  triclinic box = (0 0 0) to (2.5474226 8.1364511 7.4669272) with tilt (1.2711528 1.1078001 -4.1172147)
echo none
run 0
Per MPI rank memory allocation (min/avg/max) = 3.934 | 3.934 | 3.934 Mbytes
    PotEng          Pxx           E_mol          E_coul    
-76.913103     -3277.7195      0              0            
Loop time of 1.625e-06 on 1 procs for 0 steps with 18 atoms

553.8% CPU use with 1 MPI tasks x 1 OpenMP threads

MPI task timing breakdown:
Section |  min time  |  avg time  |  max time  |%varavg| %total
---------------------------------------------------------------
Pair    | 0          | 0          | 0          |   0.0 |  0.00
Neigh   | 0          | 0          | 0          |   0.0 |  0.00
Comm    | 0          | 0          | 0          |   0.0 |  0.00
Output  | 0          | 0          | 0          |   0.0 |  0.00
Modify  | 0          | 0          | 0          |   0.0 |  0.00
Other   |            | 1.625e-06  |            |       |100.00

Nlocal:             18 ave          18 max          18 min
Histogram: 1 0 0 0 0 0 0 0 0 0
Nghost:           3601 ave        3601 max        3601 min
Histogram: 1 0 0 0 0 0 0 0 0 0
Neighs:              0 ave           0 max           0 min
Histogram: 1 0 0 0 0 0 0 0 0 0
FullNghs:        15792 ave       15792 max       15792 min
Histogram: 1 0 0 0 0 0 0 0 0 0

Total # of neighbors = 15792
Ave neighs/atom = 877.33333
Neighbor list builds = 0
Dangerous builds = 0
set atom * x 0.0 y 0.0 z 0.0
Setting atom values ...
  18 settings made for x
  18 settings made for y
  18 settings made for z
change_box all     x final 0 2.547422561626988 y final 0 8.136451117914271 z final 0 7.466927188974413      xy final 1.2711527697334493 xz final 1.1078000654515914 yz final -4.11721470083355 units box
Changing box ...
  triclinic box = (0 0 0) to (2.5474226 8.1364511 7.4669272) with tilt (1.2711528 1.1078001 -4.1172147)
  triclinic box = (0 0 0) to (2.5474226 8.1364511 7.4669272) with tilt (1.2711528 1.1078001 -4.1172147)
  triclinic box = (0 0 0) to (2.5474226 8.1364511 7.4669272) with tilt (1.2711528 1.1078001 -4.1172147)
  triclinic box = (0 0 0) to (2.5474226 8.1364511 7.4669272) with tilt (1.2711528 1.1078001 -4.1172147)
  triclinic box = (0 0 0) to (2.5474226 8.1364511 7.4669272) with tilt (1.2711528 1.1078001 -4.1172147)
  triclinic box = (0 0 0) to (2.5474226 8.1364511 7.4669272) with tilt (1.2711528 1.1078001 -4.1172147)
echo none
run 0
Per MPI rank memory allocation (min/avg/max) = 3.934 | 3.934 | 3.934 Mbytes
    PotEng          Pxx           E_mol          E_coul    
-76.913103     -3277.7195      0              0            
Loop time of 1.443e-06 on 1 procs for 0 steps with 18 atoms

485.1% CPU use with 1 MPI tasks x 1 OpenMP threads

MPI task timing breakdown:
Section |  min time  |  avg time  |  max time  |%varavg| %total
---------------------------------------------------------------
Pair    | 0          | 0          | 0          |   0.0 |  0.00
Neigh   | 0          | 0          | 0          |   0.0 |  0.00
Comm    | 0          | 0          | 0          |   0.0 |  0.00
Output  | 0          | 0          | 0          |   0.0 |  0.00
Modify  | 0          | 0          | 0          |   0.0 |  0.00
Other   |            | 1.443e-06  |            |       |100.00

Nlocal:             18 ave          18 max          18 min
Histogram: 1 0 0 0 0 0 0 0 0 0
Nghost:           3601 ave        3601 max        3601 min
Histogram: 1 0 0 0 0 0 0 0 0 0
Neighs:              0 ave           0 max           0 min
Histogram: 1 0 0 0 0 0 0 0 0 0
FullNghs:        15792 ave       15792 max       15792 min
Histogram: 1 0 0 0 0 0 0 0 0 0

Total # of neighbors = 15792
Ave neighs/atom = 877.33333
Neighbor list builds = 0
Dangerous builds = 0
set atom * x 0.0 y 0.0 z 0.0
Setting atom values ...
  18 settings made for x
  18 settings made for y
  18 settings made for z
change_box all     x final 0 2.544480726576868 y final 0 8.159673215712894 z final 0 7.405953297029545      xy final 1.388279720877255 xz final 1.3650776115596537 yz final -4.156421521704152 units box
Changing box ...
  triclinic box = (0 0 0) to (2.5444807 8.1364511 7.4669272) with tilt (1.2711528 1.1078001 -4.1172147)
  triclinic box = (0 0 0) to (2.5444807 8.1596732 7.4669272) with tilt (1.2711528 1.1078001 -4.1172147)
  triclinic box = (0 0 0) to (2.5444807 8.1596732 7.4059533) with tilt (1.2711528 1.1078001 -4.1172147)
  triclinic box = (0 0 0) to (2.5444807 8.1596732 7.4059533) with tilt (1.3882797 1.1078001 -4.1172147)
  triclinic box = (0 0 0) to (2.5444807 8.1596732 7.4059533) with tilt (1.3882797 1.3650776 -4.1172147)
  triclinic box = (0 0 0) to (2.5444807 8.1596732 7.4059533) with tilt (1.3882797 1.3650776 -4.1564215)
echo none
run 0
Per MPI rank memory allocation (min/avg/max) = 3.942 | 3.942 | 3.942 Mbytes
    PotEng          Pxx           E_mol          E_coul    
-76.913992     -87.04107       0              0            
Loop time of 1.224e-06 on 1 procs for 0 steps with 18 atoms

653.6% CPU use with 1 MPI tasks x 1 OpenMP threads

MPI task timing breakdown:
Section |  min time  |  avg time  |  max time  |%varavg| %total
---------------------------------------------------------------
Pair    | 0          | 0          | 0          |   0.0 |  0.00
Neigh   | 0          | 0          | 0          |   0.0 |  0.00
Comm    | 0          | 0          | 0          |   0.0 |  0.00
Output  | 0          | 0          | 0          |   0.0 |  0.00
Modify  | 0          | 0          | 0          |   0.0 |  0.00
Other   |            | 1.224e-06  |            |       |100.00

Nlocal:             18 ave          18 max          18 min
Histogram: 1 0 0 0 0 0 0 0 0 0
Nghost:           3709 ave        3709 max        3709 min
Histogram: 1 0 0 0 0 0 0 0 0 0
Neighs:              0 ave           0 max           0 min
Histogram: 1 0 0 0 0 0 0 0 0 0
FullNghs:        15920 ave       15920 max       15920 min
Histogram: 1 0 0 0 0 0 0 0 0 0

Total # of neighbors = 15920
Ave neighs/atom = 884.44444
Neighbor list builds = 0
Dangerous builds = 0
set atom * x 0.0 y 0.0 z 0.0
Setting atom values ...
  18 settings made for x
  18 settings made for y
  18 settings made for z
change_box all     x final 0 2.5454414327529595 y final 0 8.150468808464034 z final 0 7.430692569175023      xy final 1.341770868775386 xz final 1.2632832104456586 yz final -4.140639215249309 units box
Changing box ...
  triclinic box = (0 0 0) to (2.5454414 8.1596732 7.4059533) with tilt (1.3882797 1.3650776 -4.1564215)
  triclinic box = (0 0 0) to (2.5454414 8.1504688 7.4059533) with tilt (1.3882797 1.3650776 -4.1564215)
  triclinic box = (0 0 0) to (2.5454414 8.1504688 7.4306926) with tilt (1.3882797 1.3650776 -4.1564215)
  triclinic box = (0 0 0) to (2.5454414 8.1504688 7.4306926) with tilt (1.3417709 1.3650776 -4.1564215)
  triclinic box = (0 0 0) to (2.5454414 8.1504688 7.4306926) with tilt (1.3417709 1.2632832 -4.1564215)
  triclinic box = (0 0 0) to (2.5454414 8.1504688 7.4306926) with tilt (1.3417709 1.2632832 -4.1406392)
echo none
run 0
Per MPI rank memory allocation (min/avg/max) = 3.942 | 3.942 | 3.942 Mbytes
    PotEng          Pxx           E_mol          E_coul    
-76.914618     -1138.111       0              0            
Loop time of 1.252e-06 on 1 procs for 0 steps with 18 atoms

639.0% CPU use with 1 MPI tasks x 1 OpenMP threads

MPI task timing breakdown:
Section |  min time  |  avg time  |  max time  |%varavg| %total
---------------------------------------------------------------
Pair    | 0          | 0          | 0          |   0.0 |  0.00
Neigh   | 0          | 0          | 0          |   0.0 |  0.00
Comm    | 0          | 0          | 0          |   0.0 |  0.00
Output  | 0          | 0          | 0          |   0.0 |  0.00
Modify  | 0          | 0          | 0          |   0.0 |  0.00
Other   |            | 1.252e-06  |            |       |100.00

Nlocal:             18 ave          18 max          18 min
Histogram: 1 0 0 0 0 0 0 0 0 0
Nghost:           3601 ave        3601 max        3601 min
Histogram: 1 0 0 0 0 0 0 0 0 0
Neighs:              0 ave           0 max           0 min
Histogram: 1 0 0 0 0 0 0 0 0 0
FullNghs:        15840 ave       15840 max       15840 min
Histogram: 1 0 0 0 0 0 0 0 0 0

Total # of neighbors = 15840
Ave neighs/atom = 880
Neighbor list builds = 0
Dangerous builds = 0
set atom * x 0.0 y 0.0 z 0.0
Setting atom values ...
  18 settings made for x
  18 settings made for y
  18 settings made for z
change_box all     x final 0 2.5454414327529613 y final 0 8.150468808464034 z final 0 7.430692569175024      xy final 1.3417708687753869 xz final 1.2632832104456615 yz final -4.140639215249313 units box
Changing box ...
  triclinic box = (0 0 0) to (2.5454414 8.1504688 7.4306926) with tilt (1.3417709 1.2632832 -4.1406392)
  triclinic box = (0 0 0) to (2.5454414 8.1504688 7.4306926) with tilt (1.3417709 1.2632832 -4.1406392)
  triclinic box = (0 0 0) to (2.5454414 8.1504688 7.4306926) with tilt (1.3417709 1.2632832 -4.1406392)
  triclinic box = (0 0 0) to (2.5454414 8.1504688 7.4306926) with tilt (1.3417709 1.2632832 -4.1406392)
  triclinic box = (0 0 0) to (2.5454414 8.1504688 7.4306926) with tilt (1.3417709 1.2632832 -4.1406392)
  triclinic box = (0 0 0) to (2.5454414 8.1504688 7.4306926) with tilt (1.3417709 1.2632832 -4.1406392)
echo none
run 0
Per MPI rank memory allocation (min/avg/max) = 3.942 | 3.942 | 3.942 Mbytes
    PotEng          Pxx           E_mol          E_coul    
-76.914618     -1138.111       0              0            
Loop time of 1.399e-06 on 1 procs for 0 steps with 18 atoms

1143.7% CPU use with 1 MPI tasks x 1 OpenMP threads

MPI task timing breakdown:
Section |  min time  |  avg time  |  max time  |%varavg| %total
---------------------------------------------------------------
Pair    | 0          | 0          | 0          |   0.0 |  0.00
Neigh   | 0          | 0          | 0          |   0.0 |  0.00
Comm    | 0          | 0          | 0          |   0.0 |  0.00
Output  | 0          | 0          | 0          |   0.0 |  0.00
Modify  | 0          | 0          | 0          |   0.0 |  0.00
Other   |            | 1.399e-06  |            |       |100.00

Nlocal:             18 ave          18 max          18 min
Histogram: 1 0 0 0 0 0 0 0 0 0
Nghost:           3601 ave        3601 max        3601 min
Histogram: 1 0 0 0 0 0 0 0 0 0
Neighs:              0 ave           0 max           0 min
Histogram: 1 0 0 0 0 0 0 0 0 0
FullNghs:        15840 ave       15840 max       15840 min
Histogram: 1 0 0 0 0 0 0 0 0 0

Total # of neighbors = 15840
Ave neighs/atom = 880
Neighbor list builds = 0
Dangerous builds = 0
set atom * x 0.0 y 0.0 z 0.0
Setting atom values ...
  18 settings made for x
  18 settings made for y
  18 settings made for z
change_box all     x final 0 2.5524828440676646 y final 0 8.125250723871035 z final 0 7.3624191811528785      xy final 1.3386906311367404 xz final 1.8507400824423064 yz final -4.065711437788385 units box
Changing box ...
  triclinic box = (0 0 0) to (2.5524828 8.1504688 7.4306926) with tilt (1.3417709 1.2632832 -4.1406392)
  triclinic box = (0 0 0) to (2.5524828 8.1252507 7.4306926) with tilt (1.3417709 1.2632832 -4.1406392)
  triclinic box = (0 0 0) to (2.5524828 8.1252507 7.3624192) with tilt (1.3417709 1.2632832 -4.1406392)
  triclinic box = (0 0 0) to (2.5524828 8.1252507 7.3624192) with tilt (1.3386906 1.2632832 -4.1406392)
  triclinic box = (0 0 0) to (2.5524828 8.1252507 7.3624192) with tilt (1.3386906 1.8507401 -4.1406392)
  triclinic box = (0 0 0) to (2.5524828 8.1252507 7.3624192) with tilt (1.3386906 1.8507401 -4.0657114)
echo none
run 0
Per MPI rank memory allocation (min/avg/max) = 3.943 | 3.943 | 3.943 Mbytes
    PotEng          Pxx           E_mol          E_coul    
-76.911345     -8438.117       0              0            
Loop time of 1.454e-06 on 1 procs for 0 steps with 18 atoms

962.9% CPU use with 1 MPI tasks x 1 OpenMP threads

MPI task timing breakdown:
Section |  min time  |  avg time  |  max time  |%varavg| %total
---------------------------------------------------------------
Pair    | 0          | 0          | 0          |   0.0 |  0.00
Neigh   | 0          | 0          | 0          |   0.0 |  0.00
Comm    | 0          | 0          | 0          |   0.0 |  0.00
Output  | 0          | 0          | 0          |   0.0 |  0.00
Modify  | 0          | 0          | 0          |   0.0 |  0.00
Other   |            | 1.454e-06  |            |       |100.00

Nlocal:             18 ave          18 max          18 min
Histogram: 1 0 0 0 0 0 0 0 0 0
Nghost:           3789 ave        3789 max        3789 min
Histogram: 1 0 0 0 0 0 0 0 0 0
Neighs:              0 ave           0 max           0 min
Histogram: 1 0 0 0 0 0 0 0 0 0
FullNghs:        16084 ave       16084 max       16084 min
Histogram: 1 0 0 0 0 0 0 0 0 0

Total # of neighbors = 16084
Ave neighs/atom = 893.55556
Neighbor list builds = 0
Dangerous builds = 0
set atom * x 0.0 y 0.0 z 0.0
Setting atom values ...
  18 settings made for x
  18 settings made for y
  18 settings made for z
change_box all     x final 0 2.5471705352505283 y final 0 8.141933998697898 z final 0 7.409463407640097      xy final 1.3398907499248518 xz final 1.4624781302794199 yz final -4.115635442131104 units box
Changing box ...
  triclinic box = (0 0 0) to (2.5471705 8.1252507 7.3624192) with tilt (1.3386906 1.8507401 -4.0657114)
  triclinic box = (0 0 0) to (2.5471705 8.141934 7.3624192) with tilt (1.3386906 1.8507401 -4.0657114)
  triclinic box = (0 0 0) to (2.5471705 8.141934 7.4094634) with tilt (1.3386906 1.8507401 -4.0657114)
  triclinic box = (0 0 0) to (2.5471705 8.141934 7.4094634) with tilt (1.3398907 1.8507401 -4.0657114)
  triclinic box = (0 0 0) to (2.5471705 8.141934 7.4094634) with tilt (1.3398907 1.4624781 -4.0657114)
  triclinic box = (0 0 0) to (2.5471705 8.141934 7.4094634) with tilt (1.3398907 1.4624781 -4.1156354)
echo none
run 0
Per MPI rank memory allocation (min/avg/max) = 3.943 | 3.943 | 3.943 Mbytes
    PotEng          Pxx           E_mol          E_coul    
-76.915556     -2894.9989      0              0            
Loop time of 1.288e-06 on 1 procs for 0 steps with 18 atoms

931.7% CPU use with 1 MPI tasks x 1 OpenMP threads

MPI task timing breakdown:
Section |  min time  |  avg time  |  max time  |%varavg| %total
---------------------------------------------------------------
Pair    | 0          | 0          | 0          |   0.0 |  0.00
Neigh   | 0          | 0          | 0          |   0.0 |  0.00
Comm    | 0          | 0          | 0          |   0.0 |  0.00
Output  | 0          | 0          | 0          |   0.0 |  0.00
Modify  | 0          | 0          | 0          |   0.0 |  0.00
Other   |            | 1.288e-06  |            |       |100.00

Nlocal:             18 ave          18 max          18 min
Histogram: 1 0 0 0 0 0 0 0 0 0
Nghost:           3709 ave        3709 max        3709 min
Histogram: 1 0 0 0 0 0 0 0 0 0
Neighs:              0 ave           0 max           0 min
Histogram: 1 0 0 0 0 0 0 0 0 0
FullNghs:        15974 ave       15974 max       15974 min
Histogram: 1 0 0 0 0 0 0 0 0 0

Total # of neighbors = 15974
Ave neighs/atom = 887.44444
Neighbor list builds = 0
Dangerous builds = 0
set atom * x 0.0 y 0.0 z 0.0
Setting atom values ...
  18 settings made for x
  18 settings made for y
  18 settings made for z
change_box all     x final 0 2.5471705352505296 y final 0 8.1419339986979 z final 0 7.409463407640095      xy final 1.3398907499248502 xz final 1.462478130279424 yz final -4.115635442131106 units box
Changing box ...
  triclinic box = (0 0 0) to (2.5471705 8.141934 7.4094634) with tilt (1.3398907 1.4624781 -4.1156354)
  triclinic box = (0 0 0) to (2.5471705 8.141934 7.4094634) with tilt (1.3398907 1.4624781 -4.1156354)
  triclinic box = (0 0 0) to (2.5471705 8.141934 7.4094634) with tilt (1.3398907 1.4624781 -4.1156354)
  triclinic box = (0 0 0) to (2.5471705 8.141934 7.4094634) with tilt (1.3398907 1.4624781 -4.1156354)
  triclinic box = (0 0 0) to (2.5471705 8.141934 7.4094634) with tilt (1.3398907 1.4624781 -4.1156354)
  triclinic box = (0 0 0) to (2.5471705 8.141934 7.4094634) with tilt (1.3398907 1.4624781 -4.1156354)
echo none
run 0
Per MPI rank memory allocation (min/avg/max) = 3.943 | 3.943 | 3.943 Mbytes
    PotEng          Pxx           E_mol          E_coul    
-76.915556     -2894.9989      0              0            
Loop time of 1.357e-06 on 1 procs for 0 steps with 18 atoms

442.2% CPU use with 1 MPI tasks x 1 OpenMP threads

MPI task timing breakdown:
Section |  min time  |  avg time  |  max time  |%varavg| %total
---------------------------------------------------------------
Pair    | 0          | 0          | 0          |   0.0 |  0.00
Neigh   | 0          | 0          | 0          |   0.0 |  0.00
Comm    | 0          | 0          | 0          |   0.0 |  0.00
Output  | 0          | 0          | 0          |   0.0 |  0.00
Modify  | 0          | 0          | 0          |   0.0 |  0.00
Other   |            | 1.357e-06  |            |       |100.00

Nlocal:             18 ave          18 max          18 min
Histogram: 1 0 0 0 0 0 0 0 0 0
Nghost:           3709 ave        3709 max        3709 min
Histogram: 1 0 0 0 0 0 0 0 0 0
Neighs:              0 ave           0 max           0 min
Histogram: 1 0 0 0 0 0 0 0 0 0
FullNghs:        15974 ave       15974 max       15974 min
Histogram: 1 0 0 0 0 0 0 0 0 0

Total # of neighbors = 15974
Ave neighs/atom = 887.44444
Neighbor list builds = 0
Dangerous builds = 0
set atom * x 0.0 y 0.0 z 0.0
Setting atom values ...
  18 settings made for x
  18 settings made for y
  18 settings made for z
change_box all     x final 0 2.543839968090524 y final 0 8.146935509342427 z final 0 7.359282033188512      xy final 1.310003863699869 xz final 1.6490672262847637 yz final -4.14965652964635 units box
Changing box ...
  triclinic box = (0 0 0) to (2.54384 8.141934 7.4094634) with tilt (1.3398907 1.4624781 -4.1156354)
  triclinic box = (0 0 0) to (2.54384 8.1469355 7.4094634) with tilt (1.3398907 1.4624781 -4.1156354)
  triclinic box = (0 0 0) to (2.54384 8.1469355 7.359282) with tilt (1.3398907 1.4624781 -4.1156354)
  triclinic box = (0 0 0) to (2.54384 8.1469355 7.359282) with tilt (1.3100039 1.4624781 -4.1156354)
  triclinic box = (0 0 0) to (2.54384 8.1469355 7.359282) with tilt (1.3100039 1.6490672 -4.1156354)
  triclinic box = (0 0 0) to (2.54384 8.1469355 7.359282) with tilt (1.3100039 1.6490672 -4.1496565)
echo none
run 0
Per MPI rank memory allocation (min/avg/max) = 3.943 | 3.943 | 3.943 Mbytes
    PotEng          Pxx           E_mol          E_coul    
-76.916178      580.28921      0              0            
Loop time of 1.73e-06 on 1 procs for 0 steps with 18 atoms

1040.5% CPU use with 1 MPI tasks x 1 OpenMP threads

MPI task timing breakdown:
Section |  min time  |  avg time  |  max time  |%varavg| %total
---------------------------------------------------------------
Pair    | 0          | 0          | 0          |   0.0 |  0.00
Neigh   | 0          | 0          | 0          |   0.0 |  0.00
Comm    | 0          | 0          | 0          |   0.0 |  0.00
Output  | 0          | 0          | 0          |   0.0 |  0.00
Modify  | 0          | 0          | 0          |   0.0 |  0.00
Other   |            | 1.73e-06   |            |       |100.00

Nlocal:             18 ave          18 max          18 min
Histogram: 1 0 0 0 0 0 0 0 0 0
Nghost:           3808 ave        3808 max        3808 min
Histogram: 1 0 0 0 0 0 0 0 0 0
Neighs:              0 ave           0 max           0 min
Histogram: 1 0 0 0 0 0 0 0 0 0
FullNghs:        16106 ave       16106 max       16106 min
Histogram: 1 0 0 0 0 0 0 0 0 0

Total # of neighbors = 16106
Ave neighs/atom = 894.77778
Neighbor list builds = 0
Dangerous builds = 0
set atom * x 0.0 y 0.0 z 0.0
Setting atom values ...
  18 settings made for x
  18 settings made for y
  18 settings made for z
change_box all     x final 0 2.5452178584118044 y final 0 8.144754832515689 z final 0 7.381271426766135      xy final 1.3230908455455817 xz final 1.5680638630768673 yz final -4.1350128906076105 units box
Changing box ...
  triclinic box = (0 0 0) to (2.5452179 8.1469355 7.359282) with tilt (1.3100039 1.6490672 -4.1496565)
  triclinic box = (0 0 0) to (2.5452179 8.1447548 7.359282) with tilt (1.3100039 1.6490672 -4.1496565)
  triclinic box = (0 0 0) to (2.5452179 8.1447548 7.3812714) with tilt (1.3100039 1.6490672 -4.1496565)
  triclinic box = (0 0 0) to (2.5452179 8.1447548 7.3812714) with tilt (1.3230908 1.6490672 -4.1496565)
  triclinic box = (0 0 0) to (2.5452179 8.1447548 7.3812714) with tilt (1.3230908 1.5680639 -4.1496565)
  triclinic box = (0 0 0) to (2.5452179 8.1447548 7.3812714) with tilt (1.3230908 1.5680639 -4.1350129)
echo none
run 0
Per MPI rank memory allocation (min/avg/max) = 3.943 | 3.943 | 3.943 Mbytes
    PotEng          Pxx           E_mol          E_coul    
-76.916778     -855.4594       0              0            
Loop time of 1.445e-06 on 1 procs for 0 steps with 18 atoms

899.7% CPU use with 1 MPI tasks x 1 OpenMP threads

MPI task timing breakdown:
Section |  min time  |  avg time  |  max time  |%varavg| %total
---------------------------------------------------------------
Pair    | 0          | 0          | 0          |   0.0 |  0.00
Neigh   | 0          | 0          | 0          |   0.0 |  0.00
Comm    | 0          | 0          | 0          |   0.0 |  0.00
Output  | 0          | 0          | 0          |   0.0 |  0.00
Modify  | 0          | 0          | 0          |   0.0 |  0.00
Other   |            | 1.445e-06  |            |       |100.00

Nlocal:             18 ave          18 max          18 min
Histogram: 1 0 0 0 0 0 0 0 0 0
Nghost:           3709 ave        3709 max        3709 min
Histogram: 1 0 0 0 0 0 0 0 0 0
Neighs:              0 ave           0 max           0 min
Histogram: 1 0 0 0 0 0 0 0 0 0
FullNghs:        16042 ave       16042 max       16042 min
Histogram: 1 0 0 0 0 0 0 0 0 0

Total # of neighbors = 16042
Ave neighs/atom = 891.22222
Neighbor list builds = 0
Dangerous builds = 0
set atom * x 0.0 y 0.0 z 0.0
Setting atom values ...
  18 settings made for x
  18 settings made for y
  18 settings made for z
change_box all     x final 0 2.5452178584118057 y final 0 8.14475483251569 z final 0 7.381271426766142      xy final 1.323090845545582 xz final 1.5680638630768697 yz final -4.135012890607601 units box
Changing box ...
  triclinic box = (0 0 0) to (2.5452179 8.1447548 7.3812714) with tilt (1.3230908 1.5680639 -4.1350129)
  triclinic box = (0 0 0) to (2.5452179 8.1447548 7.3812714) with tilt (1.3230908 1.5680639 -4.1350129)
  triclinic box = (0 0 0) to (2.5452179 8.1447548 7.3812714) with tilt (1.3230908 1.5680639 -4.1350129)
  triclinic box = (0 0 0) to (2.5452179 8.1447548 7.3812714) with tilt (1.3230908 1.5680639 -4.1350129)
  triclinic box = (0 0 0) to (2.5452179 8.1447548 7.3812714) with tilt (1.3230908 1.5680639 -4.1350129)
  triclinic box = (0 0 0) to (2.5452179 8.1447548 7.3812714) with tilt (1.3230908 1.5680639 -4.1350129)
echo none
run 0
Per MPI rank memory allocation (min/avg/max) = 3.943 | 3.943 | 3.943 Mbytes
    PotEng          Pxx           E_mol          E_coul    
-76.916778     -855.4594       0              0            
Loop time of 1.473e-06 on 1 procs for 0 steps with 18 atoms

678.9% CPU use with 1 MPI tasks x 1 OpenMP threads

MPI task timing breakdown:
Section |  min time  |  avg time  |  max time  |%varavg| %total
---------------------------------------------------------------
Pair    | 0          | 0          | 0          |   0.0 |  0.00
Neigh   | 0          | 0          | 0          |   0.0 |  0.00
Comm    | 0          | 0          | 0          |   0.0 |  0.00
Output  | 0          | 0          | 0          |   0.0 |  0.00
Modify  | 0          | 0          | 0          |   0.0 |  0.00
Other   |            | 1.473e-06  |            |       |100.00

Nlocal:             18 ave          18 max          18 min
Histogram: 1 0 0 0 0 0 0 0 0 0
Nghost:           3709 ave        3709 max        3709 min
Histogram: 1 0 0 0 0 0 0 0 0 0
Neighs:              0 ave           0 max           0 min
Histogram: 1 0 0 0 0 0 0 0 0 0
FullNghs:        16042 ave       16042 max       16042 min
Histogram: 1 0 0 0 0 0 0 0 0 0

Total # of neighbors = 16042
Ave neighs/atom = 891.22222
Neighbor list builds = 0
Dangerous builds = 0
set atom * x 0.0 y 0.0 z 0.0
Setting atom values ...
  18 settings made for x
  18 settings made for y
  18 settings made for z
change_box all     x final 0 2.54566440421022 y final 0 8.14357663766401 z final 0 7.343200362812187      xy final 1.3097603506311621 xz final 1.7411732347883246 yz final -4.155966081780985 units box
Changing box ...
  triclinic box = (0 0 0) to (2.5456644 8.1447548 7.3812714) with tilt (1.3230908 1.5680639 -4.1350129)
  triclinic box = (0 0 0) to (2.5456644 8.1435766 7.3812714) with tilt (1.3230908 1.5680639 -4.1350129)
  triclinic box = (0 0 0) to (2.5456644 8.1435766 7.3432004) with tilt (1.3230908 1.5680639 -4.1350129)
  triclinic box = (0 0 0) to (2.5456644 8.1435766 7.3432004) with tilt (1.3097604 1.5680639 -4.1350129)
  triclinic box = (0 0 0) to (2.5456644 8.1435766 7.3432004) with tilt (1.3097604 1.7411732 -4.1350129)
  triclinic box = (0 0 0) to (2.5456644 8.1435766 7.3432004) with tilt (1.3097604 1.7411732 -4.1559661)
echo none
run 0
Per MPI rank memory allocation (min/avg/max) = 3.943 | 3.943 | 3.943 Mbytes
    PotEng          Pxx           E_mol          E_coul    
-76.917407     -1218.2469      0              0            
Loop time of 1.46e-06 on 1 procs for 0 steps with 18 atoms

1027.4% CPU use with 1 MPI tasks x 1 OpenMP threads

MPI task timing breakdown:
Section |  min time  |  avg time  |  max time  |%varavg| %total
---------------------------------------------------------------
Pair    | 0          | 0          | 0          |   0.0 |  0.00
Neigh   | 0          | 0          | 0          |   0.0 |  0.00
Comm    | 0          | 0          | 0          |   0.0 |  0.00
Output  | 0          | 0          | 0          |   0.0 |  0.00
Modify  | 0          | 0          | 0          |   0.0 |  0.00
Other   |            | 1.46e-06   |            |       |100.00

Nlocal:             18 ave          18 max          18 min
Histogram: 1 0 0 0 0 0 0 0 0 0
Nghost:           3828 ave        3828 max        3828 min
Histogram: 1 0 0 0 0 0 0 0 0 0
Neighs:              0 ave           0 max           0 min
Histogram: 1 0 0 0 0 0 0 0 0 0
FullNghs:        16108 ave       16108 max       16108 min
Histogram: 1 0 0 0 0 0 0 0 0 0

Total # of neighbors = 16108
Ave neighs/atom = 894.88889
Neighbor list builds = 0
Dangerous builds = 0
set atom * x 0.0 y 0.0 z 0.0
Setting atom values ...
  18 settings made for x
  18 settings made for y
  18 settings made for z
change_box all     x final 0 2.5454322234286204 y final 0 8.144029997143404 z final 0 7.3580993484379364      xy final 1.3149658965294804 xz final 1.6742074699896625 yz final -4.147932579469116 units box
Changing box ...
  triclinic box = (0 0 0) to (2.5454322 8.1435766 7.3432004) with tilt (1.3097604 1.7411732 -4.1559661)
  triclinic box = (0 0 0) to (2.5454322 8.14403 7.3432004) with tilt (1.3097604 1.7411732 -4.1559661)
  triclinic box = (0 0 0) to (2.5454322 8.14403 7.3580993) with tilt (1.3097604 1.7411732 -4.1559661)
  triclinic box = (0 0 0) to (2.5454322 8.14403 7.3580993) with tilt (1.3149659 1.7411732 -4.1559661)
  triclinic box = (0 0 0) to (2.5454322 8.14403 7.3580993) with tilt (1.3149659 1.6742075 -4.1559661)
  triclinic box = (0 0 0) to (2.5454322 8.14403 7.3580993) with tilt (1.3149659 1.6742075 -4.1479326)
echo none
run 0
Per MPI rank memory allocation (min/avg/max) = 3.943 | 3.943 | 3.943 Mbytes
    PotEng          Pxx           E_mol          E_coul    
-76.917682     -1015.6529      0              0            
Loop time of 1.322e-06 on 1 procs for 0 steps with 18 atoms

2118.0% CPU use with 1 MPI tasks x 1 OpenMP threads

MPI task timing breakdown:
Section |  min time  |  avg time  |  max time  |%varavg| %total
---------------------------------------------------------------
Pair    | 0          | 0          | 0          |   0.0 |  0.00
Neigh   | 0          | 0          | 0          |   0.0 |  0.00
Comm    | 0          | 0          | 0          |   0.0 |  0.00
Output  | 0          | 0          | 0          |   0.0 |  0.00
Modify  | 0          | 0          | 0          |   0.0 |  0.00
Other   |            | 1.322e-06  |            |       |100.00

Nlocal:             18 ave          18 max          18 min
Histogram: 1 0 0 0 0 0 0 0 0 0
Nghost:           3808 ave        3808 max        3808 min
Histogram: 1 0 0 0 0 0 0 0 0 0
Neighs:              0 ave           0 max           0 min
Histogram: 1 0 0 0 0 0 0 0 0 0
FullNghs:        16098 ave       16098 max       16098 min
Histogram: 1 0 0 0 0 0 0 0 0 0

Total # of neighbors = 16098
Ave neighs/atom = 894.33333
Neighbor list builds = 0
Dangerous builds = 0
set atom * x 0.0 y 0.0 z 0.0
Setting atom values ...
  18 settings made for x
  18 settings made for y
  18 settings made for z
change_box all     x final 0 2.5454322234286186 y final 0 8.1440299971434 z final 0 7.358099348437939      xy final 1.3149658965294821 xz final 1.674207469989659 yz final -4.147932579469111 units box
Changing box ...
  triclinic box = (0 0 0) to (2.5454322 8.14403 7.3580993) with tilt (1.3149659 1.6742075 -4.1479326)
  triclinic box = (0 0 0) to (2.5454322 8.14403 7.3580993) with tilt (1.3149659 1.6742075 -4.1479326)
  triclinic box = (0 0 0) to (2.5454322 8.14403 7.3580993) with tilt (1.3149659 1.6742075 -4.1479326)
  triclinic box = (0 0 0) to (2.5454322 8.14403 7.3580993) with tilt (1.3149659 1.6742075 -4.1479326)
  triclinic box = (0 0 0) to (2.5454322 8.14403 7.3580993) with tilt (1.3149659 1.6742075 -4.1479326)
  triclinic box = (0 0 0) to (2.5454322 8.14403 7.3580993) with tilt (1.3149659 1.6742075 -4.1479326)
echo none
run 0
Per MPI rank memory allocation (min/avg/max) = 3.943 | 3.943 | 3.943 Mbytes
    PotEng          Pxx           E_mol          E_coul    
-76.917682     -1015.6529      0              0            
Loop time of 1.668e-06 on 1 procs for 0 steps with 18 atoms

1019.2% CPU use with 1 MPI tasks x 1 OpenMP threads

MPI task timing breakdown:
Section |  min time  |  avg time  |  max time  |%varavg| %total
---------------------------------------------------------------
Pair    | 0          | 0          | 0          |   0.0 |  0.00
Neigh   | 0          | 0          | 0          |   0.0 |  0.00
Comm    | 0          | 0          | 0          |   0.0 |  0.00
Output  | 0          | 0          | 0          |   0.0 |  0.00
Modify  | 0          | 0          | 0          |   0.0 |  0.00
Other   |            | 1.668e-06  |            |       |100.00

Nlocal:             18 ave          18 max          18 min
Histogram: 1 0 0 0 0 0 0 0 0 0
Nghost:           3808 ave        3808 max        3808 min
Histogram: 1 0 0 0 0 0 0 0 0 0
Neighs:              0 ave           0 max           0 min
Histogram: 1 0 0 0 0 0 0 0 0 0
FullNghs:        16098 ave       16098 max       16098 min
Histogram: 1 0 0 0 0 0 0 0 0 0

Total # of neighbors = 16098
Ave neighs/atom = 894.33333
Neighbor list builds = 0
Dangerous builds = 0
set atom * x 0.0 y 0.0 z 0.0
Setting atom values ...
  18 settings made for x
  18 settings made for y
  18 settings made for z
change_box all     x final 0 2.5442409274905535 y final 0 8.17054968079314 z final 0 7.325416755369728      xy final 1.2992372353991433 xz final 1.7758751022224615 yz final -4.146340154671565 units box
Changing box ...
  triclinic box = (0 0 0) to (2.5442409 8.14403 7.3580993) with tilt (1.3149659 1.6742075 -4.1479326)
  triclinic box = (0 0 0) to (2.5442409 8.1705497 7.3580993) with tilt (1.3149659 1.6742075 -4.1479326)
  triclinic box = (0 0 0) to (2.5442409 8.1705497 7.3254168) with tilt (1.3149659 1.6742075 -4.1479326)
  triclinic box = (0 0 0) to (2.5442409 8.1705497 7.3254168) with tilt (1.2992372 1.6742075 -4.1479326)
  triclinic box = (0 0 0) to (2.5442409 8.1705497 7.3254168) with tilt (1.2992372 1.7758751 -4.1479326)
  triclinic box = (0 0 0) to (2.5442409 8.1705497 7.3254168) with tilt (1.2992372 1.7758751 -4.1463402)
echo none
run 0
Per MPI rank memory allocation (min/avg/max) = 3.943 | 3.943 | 3.943 Mbytes
    PotEng          Pxx           E_mol          E_coul    
-76.918682     -118.96372      0              0            
Loop time of 1.421e-06 on 1 procs for 0 steps with 18 atoms

1266.7% CPU use with 1 MPI tasks x 1 OpenMP threads

MPI task timing breakdown:
Section |  min time  |  avg time  |  max time  |%varavg| %total
---------------------------------------------------------------
Pair    | 0          | 0          | 0          |   0.0 |  0.00
Neigh   | 0          | 0          | 0          |   0.0 |  0.00
Comm    | 0          | 0          | 0          |   0.0 |  0.00
Output  | 0          | 0          | 0          |   0.0 |  0.00
Modify  | 0          | 0          | 0          |   0.0 |  0.00
Other   |            | 1.421e-06  |            |       |100.00

Nlocal:             18 ave          18 max          18 min
Histogram: 1 0 0 0 0 0 0 0 0 0
Nghost:           3784 ave        3784 max        3784 min
Histogram: 1 0 0 0 0 0 0 0 0 0
Neighs:              0 ave           0 max           0 min
Histogram: 1 0 0 0 0 0 0 0 0 0
FullNghs:        16118 ave       16118 max       16118 min
Histogram: 1 0 0 0 0 0 0 0 0 0

Total # of neighbors = 16118
Ave neighs/atom = 895.44444
Neighbor list builds = 0
Dangerous builds = 0
set atom * x 0.0 y 0.0 z 0.0
Setting atom values ...
  18 settings made for x
  18 settings made for y
  18 settings made for z
change_box all     x final 0 2.544240927490553 y final 0 8.170549680793139 z final 0 7.325416755369731      xy final 1.2992372353991448 xz final 1.7758751022224684 yz final -4.1463401546715595 units box
Changing box ...
  triclinic box = (0 0 0) to (2.5442409 8.1705497 7.3254168) with tilt (1.2992372 1.7758751 -4.1463402)
  triclinic box = (0 0 0) to (2.5442409 8.1705497 7.3254168) with tilt (1.2992372 1.7758751 -4.1463402)
  triclinic box = (0 0 0) to (2.5442409 8.1705497 7.3254168) with tilt (1.2992372 1.7758751 -4.1463402)
  triclinic box = (0 0 0) to (2.5442409 8.1705497 7.3254168) with tilt (1.2992372 1.7758751 -4.1463402)
  triclinic box = (0 0 0) to (2.5442409 8.1705497 7.3254168) with tilt (1.2992372 1.7758751 -4.1463402)
  triclinic box = (0 0 0) to (2.5442409 8.1705497 7.3254168) with tilt (1.2992372 1.7758751 -4.1463402)
echo none
run 0
Per MPI rank memory allocation (min/avg/max) = 3.943 | 3.943 | 3.943 Mbytes
    PotEng          Pxx           E_mol          E_coul    
-76.918682     -118.96372      0              0            
Loop time of 1.549e-06 on 1 procs for 0 steps with 18 atoms

968.4% CPU use with 1 MPI tasks x 1 OpenMP threads

MPI task timing breakdown:
Section |  min time  |  avg time  |  max time  |%varavg| %total
---------------------------------------------------------------
Pair    | 0          | 0          | 0          |   0.0 |  0.00
Neigh   | 0          | 0          | 0          |   0.0 |  0.00
Comm    | 0          | 0          | 0          |   0.0 |  0.00
Output  | 0          | 0          | 0          |   0.0 |  0.00
Modify  | 0          | 0          | 0          |   0.0 |  0.00
Other   |            | 1.549e-06  |            |       |100.00

Nlocal:             18 ave          18 max          18 min
Histogram: 1 0 0 0 0 0 0 0 0 0
Nghost:           3784 ave        3784 max        3784 min
Histogram: 1 0 0 0 0 0 0 0 0 0
Neighs:              0 ave           0 max           0 min
Histogram: 1 0 0 0 0 0 0 0 0 0
FullNghs:        16118 ave       16118 max       16118 min
Histogram: 1 0 0 0 0 0 0 0 0 0

Total # of neighbors = 16118
Ave neighs/atom = 895.44444
Neighbor list builds = 0
Dangerous builds = 0
set atom * x 0.0 y 0.0 z 0.0
Setting atom values ...
  18 settings made for x
  18 settings made for y
  18 settings made for z
change_box all     x final 0 2.5490140325835537 y final 0 8.190713880640997 z final 0 7.258414936298134      xy final 1.3657518191067304 xz final 2.1918842319060032 yz final -4.146301753472091 units box
Changing box ...
  triclinic box = (0 0 0) to (2.549014 8.1705497 7.3254168) with tilt (1.2992372 1.7758751 -4.1463402)
  triclinic box = (0 0 0) to (2.549014 8.1907139 7.3254168) with tilt (1.2992372 1.7758751 -4.1463402)
  triclinic box = (0 0 0) to (2.549014 8.1907139 7.2584149) with tilt (1.2992372 1.7758751 -4.1463402)
  triclinic box = (0 0 0) to (2.549014 8.1907139 7.2584149) with tilt (1.3657518 1.7758751 -4.1463402)
  triclinic box = (0 0 0) to (2.549014 8.1907139 7.2584149) with tilt (1.3657518 2.1918842 -4.1463402)
  triclinic box = (0 0 0) to (2.549014 8.1907139 7.2584149) with tilt (1.3657518 2.1918842 -4.1463018)
echo none
run 0
Per MPI rank memory allocation (min/avg/max) = 3.944 | 3.944 | 3.944 Mbytes
    PotEng          Pxx           E_mol          E_coul    
-76.917313     -6033.4334      0              0            
Loop time of 1.287e-06 on 1 procs for 0 steps with 18 atoms

1087.8% CPU use with 1 MPI tasks x 1 OpenMP threads

MPI task timing breakdown:
Section |  min time  |  avg time  |  max time  |%varavg| %total
---------------------------------------------------------------
Pair    | 0          | 0          | 0          |   0.0 |  0.00
Neigh   | 0          | 0          | 0          |   0.0 |  0.00
Comm    | 0          | 0          | 0          |   0.0 |  0.00
Output  | 0          | 0          | 0          |   0.0 |  0.00
Modify  | 0          | 0          | 0          |   0.0 |  0.00
Other   |            | 1.287e-06  |            |       |100.00

Nlocal:             18 ave          18 max          18 min
Histogram: 1 0 0 0 0 0 0 0 0 0
Nghost:           3880 ave        3880 max        3880 min
Histogram: 1 0 0 0 0 0 0 0 0 0
Neighs:              0 ave           0 max           0 min
Histogram: 1 0 0 0 0 0 0 0 0 0
FullNghs:        16172 ave       16172 max       16172 min
Histogram: 1 0 0 0 0 0 0 0 0 0

Total # of neighbors = 16172
Ave neighs/atom = 898.44444
Neighbor list builds = 0
Dangerous builds = 0
set atom * x 0.0 y 0.0 z 0.0
Setting atom values ...
  18 settings made for x
  18 settings made for y
  18 settings made for z
change_box all     x final 0 2.5456410259997764 y final 0 8.17810263515286 z final 0 7.301328751696208      xy final 1.3239586522791822 xz final 1.9324412061488665 yz final -4.146251019470875 units box
Changing box ...
  triclinic box = (0 0 0) to (2.545641 8.1907139 7.2584149) with tilt (1.3657518 2.1918842 -4.1463018)
  triclinic box = (0 0 0) to (2.545641 8.1781026 7.2584149) with tilt (1.3657518 2.1918842 -4.1463018)
  triclinic box = (0 0 0) to (2.545641 8.1781026 7.3013288) with tilt (1.3657518 2.1918842 -4.1463018)
  triclinic box = (0 0 0) to (2.545641 8.1781026 7.3013288) with tilt (1.3239587 2.1918842 -4.1463018)
  triclinic box = (0 0 0) to (2.545641 8.1781026 7.3013288) with tilt (1.3239587 1.9324412 -4.1463018)
  triclinic box = (0 0 0) to (2.545641 8.1781026 7.3013288) with tilt (1.3239587 1.9324412 -4.146251)
echo none
run 0
Per MPI rank memory allocation (min/avg/max) = 3.944 | 3.944 | 3.944 Mbytes
    PotEng          Pxx           E_mol          E_coul    
-76.919215     -1885.0541      0              0            
Loop time of 1.425e-06 on 1 procs for 0 steps with 18 atoms

491.2% CPU use with 1 MPI tasks x 1 OpenMP threads

MPI task timing breakdown:
Section |  min time  |  avg time  |  max time  |%varavg| %total
---------------------------------------------------------------
Pair    | 0          | 0          | 0          |   0.0 |  0.00
Neigh   | 0          | 0          | 0          |   0.0 |  0.00
Comm    | 0          | 0          | 0          |   0.0 |  0.00
Output  | 0          | 0          | 0          |   0.0 |  0.00
Modify  | 0          | 0          | 0          |   0.0 |  0.00
Other   |            | 1.425e-06  |            |       |100.00

Nlocal:             18 ave          18 max          18 min
Histogram: 1 0 0 0 0 0 0 0 0 0
Nghost:           3800 ave        3800 max        3800 min
Histogram: 1 0 0 0 0 0 0 0 0 0
Neighs:              0 ave           0 max           0 min
Histogram: 1 0 0 0 0 0 0 0 0 0
FullNghs:        16132 ave       16132 max       16132 min
Histogram: 1 0 0 0 0 0 0 0 0 0

Total # of neighbors = 16132
Ave neighs/atom = 896.22222
Neighbor list builds = 0
Dangerous builds = 0
set atom * x 0.0 y 0.0 z 0.0
Setting atom values ...
  18 settings made for x
  18 settings made for y
  18 settings made for z
change_box all     x final 0 2.5456410259997795 y final 0 8.178102635152856 z final 0 7.3013287516962135      xy final 1.3239586522791797 xz final 1.9324412061488747 yz final -4.146251019470872 units box
Changing box ...
  triclinic box = (0 0 0) to (2.545641 8.1781026 7.3013288) with tilt (1.3239587 1.9324412 -4.146251)
  triclinic box = (0 0 0) to (2.545641 8.1781026 7.3013288) with tilt (1.3239587 1.9324412 -4.146251)
  triclinic box = (0 0 0) to (2.545641 8.1781026 7.3013288) with tilt (1.3239587 1.9324412 -4.146251)
  triclinic box = (0 0 0) to (2.545641 8.1781026 7.3013288) with tilt (1.3239587 1.9324412 -4.146251)
  triclinic box = (0 0 0) to (2.545641 8.1781026 7.3013288) with tilt (1.3239587 1.9324412 -4.146251)
  triclinic box = (0 0 0) to (2.545641 8.1781026 7.3013288) with tilt (1.3239587 1.9324412 -4.146251)
echo none
run 0
Per MPI rank memory allocation (min/avg/max) = 3.944 | 3.944 | 3.944 Mbytes
    PotEng          Pxx           E_mol          E_coul    
-76.919215     -1885.0541      0              0            
Loop time of 1.839e-06 on 1 procs for 0 steps with 18 atoms

978.8% CPU use with 1 MPI tasks x 1 OpenMP threads

MPI task timing breakdown:
Section |  min time  |  avg time  |  max time  |%varavg| %total
---------------------------------------------------------------
Pair    | 0          | 0          | 0          |   0.0 |  0.00
Neigh   | 0          | 0          | 0          |   0.0 |  0.00
Comm    | 0          | 0          | 0          |   0.0 |  0.00
Output  | 0          | 0          | 0          |   0.0 |  0.00
Modify  | 0          | 0          | 0          |   0.0 |  0.00
Other   |            | 1.839e-06  |            |       |100.00

Nlocal:             18 ave          18 max          18 min
Histogram: 1 0 0 0 0 0 0 0 0 0
Nghost:           3800 ave        3800 max        3800 min
Histogram: 1 0 0 0 0 0 0 0 0 0
Neighs:              0 ave           0 max           0 min
Histogram: 1 0 0 0 0 0 0 0 0 0
FullNghs:        16132 ave       16132 max       16132 min
Histogram: 1 0 0 0 0 0 0 0 0 0

Total # of neighbors = 16132
Ave neighs/atom = 896.22222
Neighbor list builds = 0
Dangerous builds = 0
set atom * x 0.0 y 0.0 z 0.0
Setting atom values ...
  18 settings made for x
  18 settings made for y
  18 settings made for z
change_box all     x final 0 2.5446805233121186 y final 0 8.216106666648919 z final 0 7.280624478808608      xy final 1.335472061824741 xz final 2.034728759676709 yz final -4.166045272576373 units box
Changing box ...
  triclinic box = (0 0 0) to (2.5446805 8.1781026 7.3013288) with tilt (1.3239587 1.9324412 -4.146251)
  triclinic box = (0 0 0) to (2.5446805 8.2161067 7.3013288) with tilt (1.3239587 1.9324412 -4.146251)
  triclinic box = (0 0 0) to (2.5446805 8.2161067 7.2806245) with tilt (1.3239587 1.9324412 -4.146251)
  triclinic box = (0 0 0) to (2.5446805 8.2161067 7.2806245) with tilt (1.3354721 1.9324412 -4.146251)
  triclinic box = (0 0 0) to (2.5446805 8.2161067 7.2806245) with tilt (1.3354721 2.0347288 -4.146251)
  triclinic box = (0 0 0) to (2.5446805 8.2161067 7.2806245) with tilt (1.3354721 2.0347288 -4.1660453)
echo none
run 0
Per MPI rank memory allocation (min/avg/max) = 3.944 | 3.944 | 3.944 Mbytes
    PotEng          Pxx           E_mol          E_coul    
-76.920329     -763.06049      0              0            
Loop time of 1.544e-06 on 1 procs for 0 steps with 18 atoms

971.5% CPU use with 1 MPI tasks x 1 OpenMP threads

MPI task timing breakdown:
Section |  min time  |  avg time  |  max time  |%varavg| %total
---------------------------------------------------------------
Pair    | 0          | 0          | 0          |   0.0 |  0.00
Neigh   | 0          | 0          | 0          |   0.0 |  0.00
Comm    | 0          | 0          | 0          |   0.0 |  0.00
Output  | 0          | 0          | 0          |   0.0 |  0.00
Modify  | 0          | 0          | 0          |   0.0 |  0.00
Other   |            | 1.544e-06  |            |       |100.00

Nlocal:             18 ave          18 max          18 min
Histogram: 1 0 0 0 0 0 0 0 0 0
Nghost:           3816 ave        3816 max        3816 min
Histogram: 1 0 0 0 0 0 0 0 0 0
Neighs:              0 ave           0 max           0 min
Histogram: 1 0 0 0 0 0 0 0 0 0
FullNghs:        16096 ave       16096 max       16096 min
Histogram: 1 0 0 0 0 0 0 0 0 0

Total # of neighbors = 16096
Ave neighs/atom = 894.22222
Neighbor list builds = 0
Dangerous builds = 0
set atom * x 0.0 y 0.0 z 0.0
Setting atom values ...
  18 settings made for x
  18 settings made for y
  18 settings made for z
change_box all     x final 0 2.544680523312118 y final 0 8.216106666648924 z final 0 7.280624478808611      xy final 1.3354720618247422 xz final 2.034728759676711 yz final -4.1660452725763735 units box
Changing box ...
  triclinic box = (0 0 0) to (2.5446805 8.2161067 7.2806245) with tilt (1.3354721 2.0347288 -4.1660453)
  triclinic box = (0 0 0) to (2.5446805 8.2161067 7.2806245) with tilt (1.3354721 2.0347288 -4.1660453)
  triclinic box = (0 0 0) to (2.5446805 8.2161067 7.2806245) with tilt (1.3354721 2.0347288 -4.1660453)
  triclinic box = (0 0 0) to (2.5446805 8.2161067 7.2806245) with tilt (1.3354721 2.0347288 -4.1660453)
  triclinic box = (0 0 0) to (2.5446805 8.2161067 7.2806245) with tilt (1.3354721 2.0347288 -4.1660453)
  triclinic box = (0 0 0) to (2.5446805 8.2161067 7.2806245) with tilt (1.3354721 2.0347288 -4.1660453)
echo none
run 0
Per MPI rank memory allocation (min/avg/max) = 3.944 | 3.944 | 3.944 Mbytes
    PotEng          Pxx           E_mol          E_coul    
-76.920329     -763.06049      0              0            
Loop time of 1.748e-06 on 1 procs for 0 steps with 18 atoms

1315.8% CPU use with 1 MPI tasks x 1 OpenMP threads

MPI task timing breakdown:
Section |  min time  |  avg time  |  max time  |%varavg| %total
---------------------------------------------------------------
Pair    | 0          | 0          | 0          |   0.0 |  0.00
Neigh   | 0          | 0          | 0          |   0.0 |  0.00
Comm    | 0          | 0          | 0          |   0.0 |  0.00
Output  | 0          | 0          | 0          |   0.0 |  0.00
Modify  | 0          | 0          | 0          |   0.0 |  0.00
Other   |            | 1.748e-06  |            |       |100.00

Nlocal:             18 ave          18 max          18 min
Histogram: 1 0 0 0 0 0 0 0 0 0
Nghost:           3816 ave        3816 max        3816 min
Histogram: 1 0 0 0 0 0 0 0 0 0
Neighs:              0 ave           0 max           0 min
Histogram: 1 0 0 0 0 0 0 0 0 0
FullNghs:        16096 ave       16096 max       16096 min
Histogram: 1 0 0 0 0 0 0 0 0 0

Total # of neighbors = 16096
Ave neighs/atom = 894.22222
Neighbor list builds = 0
Dangerous builds = 0
set atom * x 0.0 y 0.0 z 0.0
Setting atom values ...
  18 settings made for x
  18 settings made for y
  18 settings made for z
change_box all     x final 0 2.545069412035939 y final 0 8.234754772640928 z final 0 7.249912179985659      xy final 1.3324615828197337 xz final 2.2037517969368494 yz final -4.176477367872845 units box
Changing box ...
  triclinic box = (0 0 0) to (2.5450694 8.2161067 7.2806245) with tilt (1.3354721 2.0347288 -4.1660453)
  triclinic box = (0 0 0) to (2.5450694 8.2347548 7.2806245) with tilt (1.3354721 2.0347288 -4.1660453)
  triclinic box = (0 0 0) to (2.5450694 8.2347548 7.2499122) with tilt (1.3354721 2.0347288 -4.1660453)
  triclinic box = (0 0 0) to (2.5450694 8.2347548 7.2499122) with tilt (1.3324616 2.0347288 -4.1660453)
  triclinic box = (0 0 0) to (2.5450694 8.2347548 7.2499122) with tilt (1.3324616 2.2037518 -4.1660453)
  triclinic box = (0 0 0) to (2.5450694 8.2347548 7.2499122) with tilt (1.3324616 2.2037518 -4.1764774)
echo none
run 0
Per MPI rank memory allocation (min/avg/max) = 3.944 | 3.944 | 3.944 Mbytes
    PotEng          Pxx           E_mol          E_coul    
-76.921562     -1240.3369      0              0            
Loop time of 1.356e-06 on 1 procs for 0 steps with 18 atoms

1032.4% CPU use with 1 MPI tasks x 1 OpenMP threads

MPI task timing breakdown:
Section |  min time  |  avg time  |  max time  |%varavg| %total
---------------------------------------------------------------
Pair    | 0          | 0          | 0          |   0.0 |  0.00
Neigh   | 0          | 0          | 0          |   0.0 |  0.00
Comm    | 0          | 0          | 0          |   0.0 |  0.00
Output  | 0          | 0          | 0          |   0.0 |  0.00
Modify  | 0          | 0          | 0          |   0.0 |  0.00
Other   |            | 1.356e-06  |            |       |100.00

Nlocal:             18 ave          18 max          18 min
Histogram: 1 0 0 0 0 0 0 0 0 0
Nghost:           3876 ave        3876 max        3876 min
Histogram: 1 0 0 0 0 0 0 0 0 0
Neighs:              0 ave           0 max           0 min
Histogram: 1 0 0 0 0 0 0 0 0 0
FullNghs:        16116 ave       16116 max       16116 min
Histogram: 1 0 0 0 0 0 0 0 0 0

Total # of neighbors = 16116
Ave neighs/atom = 895.33333
Neighbor list builds = 0
Dangerous builds = 0
set atom * x 0.0 y 0.0 z 0.0
Setting atom values ...
  18 settings made for x
  18 settings made for y
  18 settings made for z
change_box all     x final 0 2.5464519541122406 y final 0 8.261212803559168 z final 0 7.204313913427811      xy final 1.3281904373544906 xz final 2.4418863740067436 yz final -4.190577702890807 units box
Changing box ...
  triclinic box = (0 0 0) to (2.546452 8.2347548 7.2499122) with tilt (1.3324616 2.2037518 -4.1764774)
  triclinic box = (0 0 0) to (2.546452 8.2612128 7.2499122) with tilt (1.3324616 2.2037518 -4.1764774)
  triclinic box = (0 0 0) to (2.546452 8.2612128 7.2043139) with tilt (1.3324616 2.2037518 -4.1764774)
  triclinic box = (0 0 0) to (2.546452 8.2612128 7.2043139) with tilt (1.3281904 2.2037518 -4.1764774)
  triclinic box = (0 0 0) to (2.546452 8.2612128 7.2043139) with tilt (1.3281904 2.4418864 -4.1764774)
  triclinic box = (0 0 0) to (2.546452 8.2612128 7.2043139) with tilt (1.3281904 2.4418864 -4.1905777)
echo none
run 0
Per MPI rank memory allocation (min/avg/max) = 3.944 | 3.944 | 3.944 Mbytes
    PotEng          Pxx           E_mol          E_coul    
-76.921817     -2874.3142      0              0            
Loop time of 1.431e-06 on 1 procs for 0 steps with 18 atoms

1118.1% CPU use with 1 MPI tasks x 1 OpenMP threads

MPI task timing breakdown:
Section |  min time  |  avg time  |  max time  |%varavg| %total
---------------------------------------------------------------
Pair    | 0          | 0          | 0          |   0.0 |  0.00
Neigh   | 0          | 0          | 0          |   0.0 |  0.00
Comm    | 0          | 0          | 0          |   0.0 |  0.00
Output  | 0          | 0          | 0          |   0.0 |  0.00
Modify  | 0          | 0          | 0          |   0.0 |  0.00
Other   |            | 1.431e-06  |            |       |100.00

Nlocal:             18 ave          18 max          18 min
Histogram: 1 0 0 0 0 0 0 0 0 0
Nghost:           3921 ave        3921 max        3921 min
Histogram: 1 0 0 0 0 0 0 0 0 0
Neighs:              0 ave           0 max           0 min
Histogram: 1 0 0 0 0 0 0 0 0 0
FullNghs:        16202 ave       16202 max       16202 min
Histogram: 1 0 0 0 0 0 0 0 0 0

Total # of neighbors = 16202
Ave neighs/atom = 900.11111
Neighbor list builds = 0
Dangerous builds = 0
set atom * x 0.0 y 0.0 z 0.0
Setting atom values ...
  18 settings made for x
  18 settings made for y
  18 settings made for z
change_box all     x final 0 2.5464519541122406 y final 0 8.261212803559168 z final 0 7.20431391342781      xy final 1.328190437354493 xz final 2.4418863740067445 yz final -4.19057770289081 units box
Changing box ...
  triclinic box = (0 0 0) to (2.546452 8.2612128 7.2043139) with tilt (1.3281904 2.4418864 -4.1905777)
  triclinic box = (0 0 0) to (2.546452 8.2612128 7.2043139) with tilt (1.3281904 2.4418864 -4.1905777)
  triclinic box = (0 0 0) to (2.546452 8.2612128 7.2043139) with tilt (1.3281904 2.4418864 -4.1905777)
  triclinic box = (0 0 0) to (2.546452 8.2612128 7.2043139) with tilt (1.3281904 2.4418864 -4.1905777)
  triclinic box = (0 0 0) to (2.546452 8.2612128 7.2043139) with tilt (1.3281904 2.4418864 -4.1905777)
  triclinic box = (0 0 0) to (2.546452 8.2612128 7.2043139) with tilt (1.3281904 2.4418864 -4.1905777)
echo none
run 0
Per MPI rank memory allocation (min/avg/max) = 3.944 | 3.944 | 3.944 Mbytes
    PotEng          Pxx           E_mol          E_coul    
-76.921817     -2874.3142      0              0            
Loop time of 1.519e-06 on 1 procs for 0 steps with 18 atoms

1119.2% CPU use with 1 MPI tasks x 1 OpenMP threads

MPI task timing breakdown:
Section |  min time  |  avg time  |  max time  |%varavg| %total
---------------------------------------------------------------
Pair    | 0          | 0          | 0          |   0.0 |  0.00
Neigh   | 0          | 0          | 0          |   0.0 |  0.00
Comm    | 0          | 0          | 0          |   0.0 |  0.00
Output  | 0          | 0          | 0          |   0.0 |  0.00
Modify  | 0          | 0          | 0          |   0.0 |  0.00
Other   |            | 1.519e-06  |            |       |100.00

Nlocal:             18 ave          18 max          18 min
Histogram: 1 0 0 0 0 0 0 0 0 0
Nghost:           3921 ave        3921 max        3921 min
Histogram: 1 0 0 0 0 0 0 0 0 0
Neighs:              0 ave           0 max           0 min
Histogram: 1 0 0 0 0 0 0 0 0 0
FullNghs:        16202 ave       16202 max       16202 min
Histogram: 1 0 0 0 0 0 0 0 0 0

Total # of neighbors = 16202
Ave neighs/atom = 900.11111
Neighbor list builds = 0
Dangerous builds = 0
set atom * x 0.0 y 0.0 z 0.0
Setting atom values ...
  18 settings made for x
  18 settings made for y
  18 settings made for z
change_box all     x final 0 2.544788092167453 y final 0 8.28552575007816 z final 0 7.196339735311547      xy final 1.3723035495685694 xz final 2.5467004280903853 yz final -4.190289070847792 units box
Changing box ...
  triclinic box = (0 0 0) to (2.5447881 8.2612128 7.2043139) with tilt (1.3281904 2.4418864 -4.1905777)
  triclinic box = (0 0 0) to (2.5447881 8.2855258 7.2043139) with tilt (1.3281904 2.4418864 -4.1905777)
  triclinic box = (0 0 0) to (2.5447881 8.2855258 7.1963397) with tilt (1.3281904 2.4418864 -4.1905777)
  triclinic box = (0 0 0) to (2.5447881 8.2855258 7.1963397) with tilt (1.3723035 2.4418864 -4.1905777)
  triclinic box = (0 0 0) to (2.5447881 8.2855258 7.1963397) with tilt (1.3723035 2.5467004 -4.1905777)
  triclinic box = (0 0 0) to (2.5447881 8.2855258 7.1963397) with tilt (1.3723035 2.5467004 -4.1902891)
echo none
run 0
Per MPI rank memory allocation (min/avg/max) = 3.944 | 3.944 | 3.944 Mbytes
    PotEng          Pxx           E_mol          E_coul    
-76.923969     -707.09383      0              0            
Loop time of 1.495e-06 on 1 procs for 0 steps with 18 atoms

668.9% CPU use with 1 MPI tasks x 1 OpenMP threads

MPI task timing breakdown:
Section |  min time  |  avg time  |  max time  |%varavg| %total
---------------------------------------------------------------
Pair    | 0          | 0          | 0          |   0.0 |  0.00
Neigh   | 0          | 0          | 0          |   0.0 |  0.00
Comm    | 0          | 0          | 0          |   0.0 |  0.00
Output  | 0          | 0          | 0          |   0.0 |  0.00
Modify  | 0          | 0          | 0          |   0.0 |  0.00
Other   |            | 1.495e-06  |            |       |100.00

Nlocal:             18 ave          18 max          18 min
Histogram: 1 0 0 0 0 0 0 0 0 0
Nghost:           3961 ave        3961 max        3961 min
Histogram: 1 0 0 0 0 0 0 0 0 0
Neighs:              0 ave           0 max           0 min
Histogram: 1 0 0 0 0 0 0 0 0 0
FullNghs:        16104 ave       16104 max       16104 min
Histogram: 1 0 0 0 0 0 0 0 0 0

Total # of neighbors = 16104
Ave neighs/atom = 894.66667
Neighbor list builds = 0
Dangerous builds = 0
set atom * x 0.0 y 0.0 z 0.0
Setting atom values ...
  18 settings made for x
  18 settings made for y
  18 settings made for z
change_box all     x final 0 2.5447880921674555 y final 0 8.285525750078161 z final 0 7.19633973531155      xy final 1.3723035495685671 xz final 2.5467004280903964 yz final -4.190289070847787 units box
Changing box ...
  triclinic box = (0 0 0) to (2.5447881 8.2855258 7.1963397) with tilt (1.3723035 2.5467004 -4.1902891)
  triclinic box = (0 0 0) to (2.5447881 8.2855258 7.1963397) with tilt (1.3723035 2.5467004 -4.1902891)
  triclinic box = (0 0 0) to (2.5447881 8.2855258 7.1963397) with tilt (1.3723035 2.5467004 -4.1902891)
  triclinic box = (0 0 0) to (2.5447881 8.2855258 7.1963397) with tilt (1.3723035 2.5467004 -4.1902891)
  triclinic box = (0 0 0) to (2.5447881 8.2855258 7.1963397) with tilt (1.3723035 2.5467004 -4.1902891)
  triclinic box = (0 0 0) to (2.5447881 8.2855258 7.1963397) with tilt (1.3723035 2.5467004 -4.1902891)
echo none
run 0
Per MPI rank memory allocation (min/avg/max) = 3.944 | 3.944 | 3.944 Mbytes
    PotEng          Pxx           E_mol          E_coul    
-76.923969     -707.09383      0              0            
Loop time of 1.449e-06 on 1 procs for 0 steps with 18 atoms

897.2% CPU use with 1 MPI tasks x 1 OpenMP threads

MPI task timing breakdown:
Section |  min time  |  avg time  |  max time  |%varavg| %total
---------------------------------------------------------------
Pair    | 0          | 0          | 0          |   0.0 |  0.00
Neigh   | 0          | 0          | 0          |   0.0 |  0.00
Comm    | 0          | 0          | 0          |   0.0 |  0.00
Output  | 0          | 0          | 0          |   0.0 |  0.00
Modify  | 0          | 0          | 0          |   0.0 |  0.00
Other   |            | 1.449e-06  |            |       |100.00

Nlocal:             18 ave          18 max          18 min
Histogram: 1 0 0 0 0 0 0 0 0 0
Nghost:           3961 ave        3961 max        3961 min
Histogram: 1 0 0 0 0 0 0 0 0 0
Neighs:              0 ave           0 max           0 min
Histogram: 1 0 0 0 0 0 0 0 0 0
FullNghs:        16104 ave       16104 max       16104 min
Histogram: 1 0 0 0 0 0 0 0 0 0

Total # of neighbors = 16104
Ave neighs/atom = 894.66667
Neighbor list builds = 0
Dangerous builds = 0
set atom * x 0.0 y 0.0 z 0.0
Setting atom values ...
  18 settings made for x
  18 settings made for y
  18 settings made for z
change_box all     x final 0 2.543493349845441 y final 0 8.330455379406338 z final 0 7.143917883746983      xy final 1.4323434158588986 xz final 2.6948599869095156 yz final -4.2083696471069665 units box
Changing box ...
  triclinic box = (0 0 0) to (2.5434933 8.2855258 7.1963397) with tilt (1.3723035 2.5467004 -4.1902891)
  triclinic box = (0 0 0) to (2.5434933 8.3304554 7.1963397) with tilt (1.3723035 2.5467004 -4.1902891)
  triclinic box = (0 0 0) to (2.5434933 8.3304554 7.1439179) with tilt (1.3723035 2.5467004 -4.1902891)
  triclinic box = (0 0 0) to (2.5434933 8.3304554 7.1439179) with tilt (1.4323434 2.5467004 -4.1902891)
  triclinic box = (0 0 0) to (2.5434933 8.3304554 7.1439179) with tilt (1.4323434 2.69486 -4.1902891)
  triclinic box = (0 0 0) to (2.5434933 8.3304554 7.1439179) with tilt (1.4323434 2.69486 -4.2083696)
echo none
run 0
Per MPI rank memory allocation (min/avg/max) = 3.945 | 3.945 | 3.945 Mbytes
    PotEng          Pxx           E_mol          E_coul    
-76.926311      772.41118      0              0            
Loop time of 1.722e-06 on 1 procs for 0 steps with 18 atoms

987.2% CPU use with 1 MPI tasks x 1 OpenMP threads

MPI task timing breakdown:
Section |  min time  |  avg time  |  max time  |%varavg| %total
---------------------------------------------------------------
Pair    | 0          | 0          | 0          |   0.0 |  0.00
Neigh   | 0          | 0          | 0          |   0.0 |  0.00
Comm    | 0          | 0          | 0          |   0.0 |  0.00
Output  | 0          | 0          | 0          |   0.0 |  0.00
Modify  | 0          | 0          | 0          |   0.0 |  0.00
Other   |            | 1.722e-06  |            |       |100.00

Nlocal:             18 ave          18 max          18 min
Histogram: 1 0 0 0 0 0 0 0 0 0
Nghost:           3997 ave        3997 max        3997 min
Histogram: 1 0 0 0 0 0 0 0 0 0
Neighs:              0 ave           0 max           0 min
Histogram: 1 0 0 0 0 0 0 0 0 0
FullNghs:        16138 ave       16138 max       16138 min
Histogram: 1 0 0 0 0 0 0 0 0 0

Total # of neighbors = 16138
Ave neighs/atom = 896.55556
Neighbor list builds = 0
Dangerous builds = 0
set atom * x 0.0 y 0.0 z 0.0
Setting atom values ...
  18 settings made for x
  18 settings made for y
  18 settings made for z
change_box all     x final 0 2.543493349845441 y final 0 8.33045537940634 z final 0 7.1439178837469814      xy final 1.4323434158589017 xz final 2.6948599869095147 yz final -4.208369647106975 units box
Changing box ...
  triclinic box = (0 0 0) to (2.5434933 8.3304554 7.1439179) with tilt (1.4323434 2.69486 -4.2083696)
  triclinic box = (0 0 0) to (2.5434933 8.3304554 7.1439179) with tilt (1.4323434 2.69486 -4.2083696)
  triclinic box = (0 0 0) to (2.5434933 8.3304554 7.1439179) with tilt (1.4323434 2.69486 -4.2083696)
  triclinic box = (0 0 0) to (2.5434933 8.3304554 7.1439179) with tilt (1.4323434 2.69486 -4.2083696)
  triclinic box = (0 0 0) to (2.5434933 8.3304554 7.1439179) with tilt (1.4323434 2.69486 -4.2083696)
  triclinic box = (0 0 0) to (2.5434933 8.3304554 7.1439179) with tilt (1.4323434 2.69486 -4.2083696)
echo none
run 0
Per MPI rank memory allocation (min/avg/max) = 3.945 | 3.945 | 3.945 Mbytes
    PotEng          Pxx           E_mol          E_coul    
-76.926311      772.41118      0              0            
Loop time of 1.616e-06 on 1 procs for 0 steps with 18 atoms

1175.7% CPU use with 1 MPI tasks x 1 OpenMP threads

MPI task timing breakdown:
Section |  min time  |  avg time  |  max time  |%varavg| %total
---------------------------------------------------------------
Pair    | 0          | 0          | 0          |   0.0 |  0.00
Neigh   | 0          | 0          | 0          |   0.0 |  0.00
Comm    | 0          | 0          | 0          |   0.0 |  0.00
Output  | 0          | 0          | 0          |   0.0 |  0.00
Modify  | 0          | 0          | 0          |   0.0 |  0.00
Other   |            | 1.616e-06  |            |       |100.00

Nlocal:             18 ave          18 max          18 min
Histogram: 1 0 0 0 0 0 0 0 0 0
Nghost:           3997 ave        3997 max        3997 min
Histogram: 1 0 0 0 0 0 0 0 0 0
Neighs:              0 ave           0 max           0 min
Histogram: 1 0 0 0 0 0 0 0 0 0
FullNghs:        16138 ave       16138 max       16138 min
Histogram: 1 0 0 0 0 0 0 0 0 0

Total # of neighbors = 16138
Ave neighs/atom = 896.55556
Neighbor list builds = 0
Dangerous builds = 0
set atom * x 0.0 y 0.0 z 0.0
Setting atom values ...
  18 settings made for x
  18 settings made for y
  18 settings made for z
change_box all     x final 0 2.54208616235727 y final 0 8.363167817186449 z final 0 7.123523859497808      xy final 1.5026228971785496 xz final 2.7211766046849197 yz final -4.182112341908747 units box
Changing box ...
  triclinic box = (0 0 0) to (2.5420862 8.3304554 7.1439179) with tilt (1.4323434 2.69486 -4.2083696)
  triclinic box = (0 0 0) to (2.5420862 8.3631678 7.1439179) with tilt (1.4323434 2.69486 -4.2083696)
  triclinic box = (0 0 0) to (2.5420862 8.3631678 7.1235239) with tilt (1.4323434 2.69486 -4.2083696)
  triclinic box = (0 0 0) to (2.5420862 8.3631678 7.1235239) with tilt (1.5026229 2.69486 -4.2083696)
  triclinic box = (0 0 0) to (2.5420862 8.3631678 7.1235239) with tilt (1.5026229 2.7211766 -4.2083696)
  triclinic box = (0 0 0) to (2.5420862 8.3631678 7.1235239) with tilt (1.5026229 2.7211766 -4.1821123)
echo none
run 0
Per MPI rank memory allocation (min/avg/max) = 3.945 | 3.945 | 3.945 Mbytes
    PotEng          Pxx           E_mol          E_coul    
-76.927804      2653.9172      0              0            
Loop time of 1.273e-06 on 1 procs for 0 steps with 18 atoms

864.1% CPU use with 1 MPI tasks x 1 OpenMP threads

MPI task timing breakdown:
Section |  min time  |  avg time  |  max time  |%varavg| %total
---------------------------------------------------------------
Pair    | 0          | 0          | 0          |   0.0 |  0.00
Neigh   | 0          | 0          | 0          |   0.0 |  0.00
Comm    | 0          | 0          | 0          |   0.0 |  0.00
Output  | 0          | 0          | 0          |   0.0 |  0.00
Modify  | 0          | 0          | 0          |   0.0 |  0.00
Other   |            | 1.273e-06  |            |       |100.00

Nlocal:             18 ave          18 max          18 min
Histogram: 1 0 0 0 0 0 0 0 0 0
Nghost:           3997 ave        3997 max        3997 min
Histogram: 1 0 0 0 0 0 0 0 0 0
Neighs:              0 ave           0 max           0 min
Histogram: 1 0 0 0 0 0 0 0 0 0
FullNghs:        16142 ave       16142 max       16142 min
Histogram: 1 0 0 0 0 0 0 0 0 0

Total # of neighbors = 16142
Ave neighs/atom = 896.77778
Neighbor list builds = 0
Dangerous builds = 0
set atom * x 0.0 y 0.0 z 0.0
Setting atom values ...
  18 settings made for x
  18 settings made for y
  18 settings made for z
change_box all     x final 0 2.54208616235727 y final 0 8.363167817186449 z final 0 7.12352385949781      xy final 1.502622897178549 xz final 2.7211766046849193 yz final -4.182112341908743 units box
Changing box ...
  triclinic box = (0 0 0) to (2.5420862 8.3631678 7.1235239) with tilt (1.5026229 2.7211766 -4.1821123)
  triclinic box = (0 0 0) to (2.5420862 8.3631678 7.1235239) with tilt (1.5026229 2.7211766 -4.1821123)
  triclinic box = (0 0 0) to (2.5420862 8.3631678 7.1235239) with tilt (1.5026229 2.7211766 -4.1821123)
  triclinic box = (0 0 0) to (2.5420862 8.3631678 7.1235239) with tilt (1.5026229 2.7211766 -4.1821123)
  triclinic box = (0 0 0) to (2.5420862 8.3631678 7.1235239) with tilt (1.5026229 2.7211766 -4.1821123)
  triclinic box = (0 0 0) to (2.5420862 8.3631678 7.1235239) with tilt (1.5026229 2.7211766 -4.1821123)
echo none
run 0
Per MPI rank memory allocation (min/avg/max) = 3.945 | 3.945 | 3.945 Mbytes
    PotEng          Pxx           E_mol          E_coul    
-76.927804      2653.9172      0              0            
Loop time of 1.691e-06 on 1 procs for 0 steps with 18 atoms

591.4% CPU use with 1 MPI tasks x 1 OpenMP threads

MPI task timing breakdown:
Section |  min time  |  avg time  |  max time  |%varavg| %total
---------------------------------------------------------------
Pair    | 0          | 0          | 0          |   0.0 |  0.00
Neigh   | 0          | 0          | 0          |   0.0 |  0.00
Comm    | 0          | 0          | 0          |   0.0 |  0.00
Output  | 0          | 0          | 0          |   0.0 |  0.00
Modify  | 0          | 0          | 0          |   0.0 |  0.00
Other   |            | 1.691e-06  |            |       |100.00

Nlocal:             18 ave          18 max          18 min
Histogram: 1 0 0 0 0 0 0 0 0 0
Nghost:           3997 ave        3997 max        3997 min
Histogram: 1 0 0 0 0 0 0 0 0 0
Neighs:              0 ave           0 max           0 min
Histogram: 1 0 0 0 0 0 0 0 0 0
FullNghs:        16142 ave       16142 max       16142 min
Histogram: 1 0 0 0 0 0 0 0 0 0

Total # of neighbors = 16142
Ave neighs/atom = 896.77778
Neighbor list builds = 0
Dangerous builds = 0
set atom * x 0.0 y 0.0 z 0.0
Setting atom values ...
  18 settings made for x
  18 settings made for y
  18 settings made for z
change_box all     x final 0 2.54519960797424 y final 0 8.410613314830284 z final 0 7.059531494796773      xy final 1.574227186280997 xz final 2.9383871386809033 yz final -4.177222739548129 units box
Changing box ...
  triclinic box = (0 0 0) to (2.5451996 8.3631678 7.1235239) with tilt (1.5026229 2.7211766 -4.1821123)
  triclinic box = (0 0 0) to (2.5451996 8.4106133 7.1235239) with tilt (1.5026229 2.7211766 -4.1821123)
  triclinic box = (0 0 0) to (2.5451996 8.4106133 7.0595315) with tilt (1.5026229 2.7211766 -4.1821123)
  triclinic box = (0 0 0) to (2.5451996 8.4106133 7.0595315) with tilt (1.5742272 2.7211766 -4.1821123)
  triclinic box = (0 0 0) to (2.5451996 8.4106133 7.0595315) with tilt (1.5742272 2.9383871 -4.1821123)
  triclinic box = (0 0 0) to (2.5451996 8.4106133 7.0595315) with tilt (1.5742272 2.9383871 -4.1772227)
echo none
run 0
Per MPI rank memory allocation (min/avg/max) = 3.945 | 3.945 | 3.945 Mbytes
    PotEng          Pxx           E_mol          E_coul    
-76.926764     -980.42881      0              0            
Loop time of 1.345e-06 on 1 procs for 0 steps with 18 atoms

743.5% CPU use with 1 MPI tasks x 1 OpenMP threads

MPI task timing breakdown:
Section |  min time  |  avg time  |  max time  |%varavg| %total
---------------------------------------------------------------
Pair    | 0          | 0          | 0          |   0.0 |  0.00
Neigh   | 0          | 0          | 0          |   0.0 |  0.00
Comm    | 0          | 0          | 0          |   0.0 |  0.00
Output  | 0          | 0          | 0          |   0.0 |  0.00
Modify  | 0          | 0          | 0          |   0.0 |  0.00
Other   |            | 1.345e-06  |            |       |100.00

Nlocal:             18 ave          18 max          18 min
Histogram: 1 0 0 0 0 0 0 0 0 0
Nghost:           4094 ave        4094 max        4094 min
Histogram: 1 0 0 0 0 0 0 0 0 0
Neighs:              0 ave           0 max           0 min
Histogram: 1 0 0 0 0 0 0 0 0 0
FullNghs:        16160 ave       16160 max       16160 min
Histogram: 1 0 0 0 0 0 0 0 0 0

Total # of neighbors = 16160
Ave neighs/atom = 897.77778
Neighbor list builds = 0
Dangerous builds = 0
set atom * x 0.0 y 0.0 z 0.0
Setting atom values ...
  18 settings made for x
  18 settings made for y
  18 settings made for z
change_box all     x final 0 2.543124902107755 y final 0 8.380916106256047 z final 0 7.099832501050867      xy final 1.529253622368709 xz final 2.8028818052601236 yz final -4.180152119601148 units box
Changing box ...
  triclinic box = (0 0 0) to (2.5431249 8.4106133 7.0595315) with tilt (1.5742272 2.9383871 -4.1772227)
  triclinic box = (0 0 0) to (2.5431249 8.3809161 7.0595315) with tilt (1.5742272 2.9383871 -4.1772227)
  triclinic box = (0 0 0) to (2.5431249 8.3809161 7.0998325) with tilt (1.5742272 2.9383871 -4.1772227)
  triclinic box = (0 0 0) to (2.5431249 8.3809161 7.0998325) with tilt (1.5292536 2.9383871 -4.1772227)
  triclinic box = (0 0 0) to (2.5431249 8.3809161 7.0998325) with tilt (1.5292536 2.8028818 -4.1772227)
  triclinic box = (0 0 0) to (2.5431249 8.3809161 7.0998325) with tilt (1.5292536 2.8028818 -4.1801521)
echo none
run 0
Per MPI rank memory allocation (min/avg/max) = 3.945 | 3.945 | 3.945 Mbytes
    PotEng          Pxx           E_mol          E_coul    
-76.928257      1433.1661      0              0            
Loop time of 1.647e-06 on 1 procs for 0 steps with 18 atoms

850.0% CPU use with 1 MPI tasks x 1 OpenMP threads

MPI task timing breakdown:
Section |  min time  |  avg time  |  max time  |%varavg| %total
---------------------------------------------------------------
Pair    | 0          | 0          | 0          |   0.0 |  0.00
Neigh   | 0          | 0          | 0          |   0.0 |  0.00
Comm    | 0          | 0          | 0          |   0.0 |  0.00
Output  | 0          | 0          | 0          |   0.0 |  0.00
Modify  | 0          | 0          | 0          |   0.0 |  0.00
Other   |            | 1.647e-06  |            |       |100.00

Nlocal:             18 ave          18 max          18 min
Histogram: 1 0 0 0 0 0 0 0 0 0
Nghost:           3997 ave        3997 max        3997 min
Histogram: 1 0 0 0 0 0 0 0 0 0
Neighs:              0 ave           0 max           0 min
Histogram: 1 0 0 0 0 0 0 0 0 0
FullNghs:        16136 ave       16136 max       16136 min
Histogram: 1 0 0 0 0 0 0 0 0 0

Total # of neighbors = 16136
Ave neighs/atom = 896.44444
Neighbor list builds = 0
Dangerous builds = 0
set atom * x 0.0 y 0.0 z 0.0
Setting atom values ...
  18 settings made for x
  18 settings made for y
  18 settings made for z
change_box all     x final 0 2.5431249021077527 y final 0 8.38091610625605 z final 0 7.099832501050868      xy final 1.529253622368706 xz final 2.802881805260118 yz final -4.180152119601146 units box
Changing box ...
  triclinic box = (0 0 0) to (2.5431249 8.3809161 7.0998325) with tilt (1.5292536 2.8028818 -4.1801521)
  triclinic box = (0 0 0) to (2.5431249 8.3809161 7.0998325) with tilt (1.5292536 2.8028818 -4.1801521)
  triclinic box = (0 0 0) to (2.5431249 8.3809161 7.0998325) with tilt (1.5292536 2.8028818 -4.1801521)
  triclinic box = (0 0 0) to (2.5431249 8.3809161 7.0998325) with tilt (1.5292536 2.8028818 -4.1801521)
  triclinic box = (0 0 0) to (2.5431249 8.3809161 7.0998325) with tilt (1.5292536 2.8028818 -4.1801521)
  triclinic box = (0 0 0) to (2.5431249 8.3809161 7.0998325) with tilt (1.5292536 2.8028818 -4.1801521)
echo none
run 0
Per MPI rank memory allocation (min/avg/max) = 3.945 | 3.945 | 3.945 Mbytes
    PotEng          Pxx           E_mol          E_coul    
-76.928257      1433.1661      0              0            
Loop time of 1.582e-06 on 1 procs for 0 steps with 18 atoms

948.2% CPU use with 1 MPI tasks x 1 OpenMP threads

MPI task timing breakdown:
Section |  min time  |  avg time  |  max time  |%varavg| %total
---------------------------------------------------------------
Pair    | 0          | 0          | 0          |   0.0 |  0.00
Neigh   | 0          | 0          | 0          |   0.0 |  0.00
Comm    | 0          | 0          | 0          |   0.0 |  0.00
Output  | 0          | 0          | 0          |   0.0 |  0.00
Modify  | 0          | 0          | 0          |   0.0 |  0.00
Other   |            | 1.582e-06  |            |       |100.00

Nlocal:             18 ave          18 max          18 min
Histogram: 1 0 0 0 0 0 0 0 0 0
Nghost:           3997 ave        3997 max        3997 min
Histogram: 1 0 0 0 0 0 0 0 0 0
Neighs:              0 ave           0 max           0 min
Histogram: 1 0 0 0 0 0 0 0 0 0
FullNghs:        16136 ave       16136 max       16136 min
Histogram: 1 0 0 0 0 0 0 0 0 0

Total # of neighbors = 16136
Ave neighs/atom = 896.44444
Neighbor list builds = 0
Dangerous builds = 0
set atom * x 0.0 y 0.0 z 0.0
Setting atom values ...
  18 settings made for x
  18 settings made for y
  18 settings made for z
change_box all     x final 0 2.5425308487263067 y final 0 8.387453604572082 z final 0 7.085599077537159      xy final 1.5651318459693413 xz final 2.754245974781045 yz final -4.173392269166493 units box
Changing box ...
  triclinic box = (0 0 0) to (2.5425308 8.3809161 7.0998325) with tilt (1.5292536 2.8028818 -4.1801521)
  triclinic box = (0 0 0) to (2.5425308 8.3874536 7.0998325) with tilt (1.5292536 2.8028818 -4.1801521)
  triclinic box = (0 0 0) to (2.5425308 8.3874536 7.0855991) with tilt (1.5292536 2.8028818 -4.1801521)
  triclinic box = (0 0 0) to (2.5425308 8.3874536 7.0855991) with tilt (1.5651318 2.8028818 -4.1801521)
  triclinic box = (0 0 0) to (2.5425308 8.3874536 7.0855991) with tilt (1.5651318 2.754246 -4.1801521)
  triclinic box = (0 0 0) to (2.5425308 8.3874536 7.0855991) with tilt (1.5651318 2.754246 -4.1733923)
echo none
run 0
Per MPI rank memory allocation (min/avg/max) = 3.945 | 3.945 | 3.945 Mbytes
    PotEng          Pxx           E_mol          E_coul    
-76.929716      1795.7332      0              0            
Loop time of 1.472e-06 on 1 procs for 0 steps with 18 atoms

747.3% CPU use with 1 MPI tasks x 1 OpenMP threads

MPI task timing breakdown:
Section |  min time  |  avg time  |  max time  |%varavg| %total
---------------------------------------------------------------
Pair    | 0          | 0          | 0          |   0.0 |  0.00
Neigh   | 0          | 0          | 0          |   0.0 |  0.00
Comm    | 0          | 0          | 0          |   0.0 |  0.00
Output  | 0          | 0          | 0          |   0.0 |  0.00
Modify  | 0          | 0          | 0          |   0.0 |  0.00
Other   |            | 1.472e-06  |            |       |100.00

Nlocal:             18 ave          18 max          18 min
Histogram: 1 0 0 0 0 0 0 0 0 0
Nghost:           3997 ave        3997 max        3997 min
Histogram: 1 0 0 0 0 0 0 0 0 0
Neighs:              0 ave           0 max           0 min
Histogram: 1 0 0 0 0 0 0 0 0 0
FullNghs:        16160 ave       16160 max       16160 min
Histogram: 1 0 0 0 0 0 0 0 0 0

Total # of neighbors = 16160
Ave neighs/atom = 897.77778
Neighbor list builds = 0
Dangerous builds = 0
set atom * x 0.0 y 0.0 z 0.0
Setting atom values ...
  18 settings made for x
  18 settings made for y
  18 settings made for z
change_box all     x final 0 2.5425308487263067 y final 0 8.387453604572082 z final 0 7.085599077537159      xy final 1.5651318459693417 xz final 2.7542459747810453 yz final -4.173392269166493 units box
Changing box ...
  triclinic box = (0 0 0) to (2.5425308 8.3874536 7.0855991) with tilt (1.5651318 2.754246 -4.1733923)
  triclinic box = (0 0 0) to (2.5425308 8.3874536 7.0855991) with tilt (1.5651318 2.754246 -4.1733923)
  triclinic box = (0 0 0) to (2.5425308 8.3874536 7.0855991) with tilt (1.5651318 2.754246 -4.1733923)
  triclinic box = (0 0 0) to (2.5425308 8.3874536 7.0855991) with tilt (1.5651318 2.754246 -4.1733923)
  triclinic box = (0 0 0) to (2.5425308 8.3874536 7.0855991) with tilt (1.5651318 2.754246 -4.1733923)
  triclinic box = (0 0 0) to (2.5425308 8.3874536 7.0855991) with tilt (1.5651318 2.754246 -4.1733923)
echo none
run 0
Per MPI rank memory allocation (min/avg/max) = 3.945 | 3.945 | 3.945 Mbytes
    PotEng          Pxx           E_mol          E_coul    
-76.929716      1795.7332      0              0            
Loop time of 1.731e-06 on 1 procs for 0 steps with 18 atoms

519.9% CPU use with 1 MPI tasks x 1 OpenMP threads

MPI task timing breakdown:
Section |  min time  |  avg time  |  max time  |%varavg| %total
---------------------------------------------------------------
Pair    | 0          | 0          | 0          |   0.0 |  0.00
Neigh   | 0          | 0          | 0          |   0.0 |  0.00
Comm    | 0          | 0          | 0          |   0.0 |  0.00
Output  | 0          | 0          | 0          |   0.0 |  0.00
Modify  | 0          | 0          | 0          |   0.0 |  0.00
Other   |            | 1.731e-06  |            |       |100.00

Nlocal:             18 ave          18 max          18 min
Histogram: 1 0 0 0 0 0 0 0 0 0
Nghost:           3997 ave        3997 max        3997 min
Histogram: 1 0 0 0 0 0 0 0 0 0
Neighs:              0 ave           0 max           0 min
Histogram: 1 0 0 0 0 0 0 0 0 0
FullNghs:        16160 ave       16160 max       16160 min
Histogram: 1 0 0 0 0 0 0 0 0 0

Total # of neighbors = 16160
Ave neighs/atom = 897.77778
Neighbor list builds = 0
Dangerous builds = 0
set atom * x 0.0 y 0.0 z 0.0
Setting atom values ...
  18 settings made for x
  18 settings made for y
  18 settings made for z
change_box all     x final 0 2.5441909996774004 y final 0 8.367224592317251 z final 0 7.065075799712915      xy final 1.6307474594995899 xz final 2.7322343255386072 yz final -4.126548577778385 units box
Changing box ...
  triclinic box = (0 0 0) to (2.544191 8.3874536 7.0855991) with tilt (1.5651318 2.754246 -4.1733923)
  triclinic box = (0 0 0) to (2.544191 8.3672246 7.0855991) with tilt (1.5651318 2.754246 -4.1733923)
  triclinic box = (0 0 0) to (2.544191 8.3672246 7.0650758) with tilt (1.5651318 2.754246 -4.1733923)
  triclinic box = (0 0 0) to (2.544191 8.3672246 7.0650758) with tilt (1.6307475 2.754246 -4.1733923)
  triclinic box = (0 0 0) to (2.544191 8.3672246 7.0650758) with tilt (1.6307475 2.7322343 -4.1733923)
  triclinic box = (0 0 0) to (2.544191 8.3672246 7.0650758) with tilt (1.6307475 2.7322343 -4.1265486)
echo none
run 0
Per MPI rank memory allocation (min/avg/max) = 3.945 | 3.945 | 3.945 Mbytes
    PotEng          Pxx           E_mol          E_coul    
-76.931167     -58.005745      0              0            
Loop time of 1.84e-06 on 1 procs for 0 steps with 18 atoms

869.6% CPU use with 1 MPI tasks x 1 OpenMP threads

MPI task timing breakdown:
Section |  min time  |  avg time  |  max time  |%varavg| %total
---------------------------------------------------------------
Pair    | 0          | 0          | 0          |   0.0 |  0.00
Neigh   | 0          | 0          | 0          |   0.0 |  0.00
Comm    | 0          | 0          | 0          |   0.0 |  0.00
Output  | 0          | 0          | 0          |   0.0 |  0.00
Modify  | 0          | 0          | 0          |   0.0 |  0.00
Other   |            | 1.84e-06   |            |       |100.00

Nlocal:             18 ave          18 max          18 min
Histogram: 1 0 0 0 0 0 0 0 0 0
Nghost:           4022 ave        4022 max        4022 min
Histogram: 1 0 0 0 0 0 0 0 0 0
Neighs:              0 ave           0 max           0 min
Histogram: 1 0 0 0 0 0 0 0 0 0
FullNghs:        16234 ave       16234 max       16234 min
Histogram: 1 0 0 0 0 0 0 0 0 0

Total # of neighbors = 16234
Ave neighs/atom = 901.88889
Neighbor list builds = 0
Dangerous builds = 0
set atom * x 0.0 y 0.0 z 0.0
Setting atom values ...
  18 settings made for x
  18 settings made for y
  18 settings made for z
change_box all     x final 0 2.5441909996774013 y final 0 8.367224592317257 z final 0 7.065075799712912      xy final 1.6307474594995892 xz final 2.732234325538615 yz final -4.126548577778385 units box
Changing box ...
  triclinic box = (0 0 0) to (2.544191 8.3672246 7.0650758) with tilt (1.6307475 2.7322343 -4.1265486)
  triclinic box = (0 0 0) to (2.544191 8.3672246 7.0650758) with tilt (1.6307475 2.7322343 -4.1265486)
  triclinic box = (0 0 0) to (2.544191 8.3672246 7.0650758) with tilt (1.6307475 2.7322343 -4.1265486)
  triclinic box = (0 0 0) to (2.544191 8.3672246 7.0650758) with tilt (1.6307475 2.7322343 -4.1265486)
  triclinic box = (0 0 0) to (2.544191 8.3672246 7.0650758) with tilt (1.6307475 2.7322343 -4.1265486)
  triclinic box = (0 0 0) to (2.544191 8.3672246 7.0650758) with tilt (1.6307475 2.7322343 -4.1265486)
echo none
run 0
Per MPI rank memory allocation (min/avg/max) = 3.945 | 3.945 | 3.945 Mbytes
    PotEng          Pxx           E_mol          E_coul    
-76.931167     -58.005745      0              0            
Loop time of 1.728e-06 on 1 procs for 0 steps with 18 atoms

868.1% CPU use with 1 MPI tasks x 1 OpenMP threads

MPI task timing breakdown:
Section |  min time  |  avg time  |  max time  |%varavg| %total
---------------------------------------------------------------
Pair    | 0          | 0          | 0          |   0.0 |  0.00
Neigh   | 0          | 0          | 0          |   0.0 |  0.00
Comm    | 0          | 0          | 0          |   0.0 |  0.00
Output  | 0          | 0          | 0          |   0.0 |  0.00
Modify  | 0          | 0          | 0          |   0.0 |  0.00
Other   |            | 1.728e-06  |            |       |100.00

Nlocal:             18 ave          18 max          18 min
Histogram: 1 0 0 0 0 0 0 0 0 0
Nghost:           4022 ave        4022 max        4022 min
Histogram: 1 0 0 0 0 0 0 0 0 0
Neighs:              0 ave           0 max           0 min
Histogram: 1 0 0 0 0 0 0 0 0 0
FullNghs:        16234 ave       16234 max       16234 min
Histogram: 1 0 0 0 0 0 0 0 0 0

Total # of neighbors = 16234
Ave neighs/atom = 901.88889
Neighbor list builds = 0
Dangerous builds = 0
set atom * x 0.0 y 0.0 z 0.0
Setting atom values ...
  18 settings made for x
  18 settings made for y
  18 settings made for z
change_box all     x final 0 2.544260721742574 y final 0 8.373256428957967 z final 0 7.050556594316927      xy final 1.6740336094579646 xz final 2.748403579954592 yz final -4.08786380937122 units box
Changing box ...
  triclinic box = (0 0 0) to (2.5442607 8.3672246 7.0650758) with tilt (1.6307475 2.7322343 -4.1265486)
  triclinic box = (0 0 0) to (2.5442607 8.3732564 7.0650758) with tilt (1.6307475 2.7322343 -4.1265486)
  triclinic box = (0 0 0) to (2.5442607 8.3732564 7.0505566) with tilt (1.6307475 2.7322343 -4.1265486)
  triclinic box = (0 0 0) to (2.5442607 8.3732564 7.0505566) with tilt (1.6740336 2.7322343 -4.1265486)
  triclinic box = (0 0 0) to (2.5442607 8.3732564 7.0505566) with tilt (1.6740336 2.7484036 -4.1265486)
  triclinic box = (0 0 0) to (2.5442607 8.3732564 7.0505566) with tilt (1.6740336 2.7484036 -4.0878638)
echo none
run 0
Per MPI rank memory allocation (min/avg/max) = 3.945 | 3.945 | 3.945 Mbytes
    PotEng          Pxx           E_mol          E_coul    
-76.932246     -107.96599      0              0            
Loop time of 1.728e-06 on 1 procs for 0 steps with 18 atoms

1041.7% CPU use with 1 MPI tasks x 1 OpenMP threads

MPI task timing breakdown:
Section |  min time  |  avg time  |  max time  |%varavg| %total
---------------------------------------------------------------
Pair    | 0          | 0          | 0          |   0.0 |  0.00
Neigh   | 0          | 0          | 0          |   0.0 |  0.00
Comm    | 0          | 0          | 0          |   0.0 |  0.00
Output  | 0          | 0          | 0          |   0.0 |  0.00
Modify  | 0          | 0          | 0          |   0.0 |  0.00
Other   |            | 1.728e-06  |            |       |100.00

Nlocal:             18 ave          18 max          18 min
Histogram: 1 0 0 0 0 0 0 0 0 0
Nghost:           4042 ave        4042 max        4042 min
Histogram: 1 0 0 0 0 0 0 0 0 0
Neighs:              0 ave           0 max           0 min
Histogram: 1 0 0 0 0 0 0 0 0 0
FullNghs:        16246 ave       16246 max       16246 min
Histogram: 1 0 0 0 0 0 0 0 0 0

Total # of neighbors = 16246
Ave neighs/atom = 902.55556
Neighbor list builds = 0
Dangerous builds = 0
set atom * x 0.0 y 0.0 z 0.0
Setting atom values ...
  18 settings made for x
  18 settings made for y
  18 settings made for z
change_box all     x final 0 2.5444245826969345 y final 0 8.382058330550858 z final 0 7.029488325006039      xy final 1.7365827603342825 xz final 2.7715258890860293 yz final -4.032909726395185 units box
Changing box ...
  triclinic box = (0 0 0) to (2.5444246 8.3732564 7.0505566) with tilt (1.6740336 2.7484036 -4.0878638)
  triclinic box = (0 0 0) to (2.5444246 8.3820583 7.0505566) with tilt (1.6740336 2.7484036 -4.0878638)
  triclinic box = (0 0 0) to (2.5444246 8.3820583 7.0294883) with tilt (1.6740336 2.7484036 -4.0878638)
  triclinic box = (0 0 0) to (2.5444246 8.3820583 7.0294883) with tilt (1.7365828 2.7484036 -4.0878638)
  triclinic box = (0 0 0) to (2.5444246 8.3820583 7.0294883) with tilt (1.7365828 2.7715259 -4.0878638)
  triclinic box = (0 0 0) to (2.5444246 8.3820583 7.0294883) with tilt (1.7365828 2.7715259 -4.0329097)
echo none
run 0
Per MPI rank memory allocation (min/avg/max) = 4.327 | 4.327 | 4.327 Mbytes
    PotEng          Pxx           E_mol          E_coul    
-76.932627     -228.58272      0              0            
Loop time of 1.327e-06 on 1 procs for 0 steps with 18 atoms

1959.3% CPU use with 1 MPI tasks x 1 OpenMP threads

MPI task timing breakdown:
Section |  min time  |  avg time  |  max time  |%varavg| %total
---------------------------------------------------------------
Pair    | 0          | 0          | 0          |   0.0 |  0.00
Neigh   | 0          | 0          | 0          |   0.0 |  0.00
Comm    | 0          | 0          | 0          |   0.0 |  0.00
Output  | 0          | 0          | 0          |   0.0 |  0.00
Modify  | 0          | 0          | 0          |   0.0 |  0.00
Other   |            | 1.327e-06  |            |       |100.00

Nlocal:             18 ave          18 max          18 min
Histogram: 1 0 0 0 0 0 0 0 0 0
Nghost:           4138 ave        4138 max        4138 min
Histogram: 1 0 0 0 0 0 0 0 0 0
Neighs:              0 ave           0 max           0 min
Histogram: 1 0 0 0 0 0 0 0 0 0
FullNghs:        16284 ave       16284 max       16284 min
Histogram: 1 0 0 0 0 0 0 0 0 0

Total # of neighbors = 16284
Ave neighs/atom = 904.66667
Neighbor list builds = 0
Dangerous builds = 0
set atom * x 0.0 y 0.0 z 0.0
Setting atom values ...
  18 settings made for x
  18 settings made for y
  18 settings made for z
change_box all     x final 0 2.5444245826969336 y final 0 8.382058330550858 z final 0 7.029488325006044      xy final 1.736582760334284 xz final 2.771525889086028 yz final -4.032909726395182 units box
Changing box ...
  triclinic box = (0 0 0) to (2.5444246 8.3820583 7.0294883) with tilt (1.7365828 2.7715259 -4.0329097)
  triclinic box = (0 0 0) to (2.5444246 8.3820583 7.0294883) with tilt (1.7365828 2.7715259 -4.0329097)
  triclinic box = (0 0 0) to (2.5444246 8.3820583 7.0294883) with tilt (1.7365828 2.7715259 -4.0329097)
  triclinic box = (0 0 0) to (2.5444246 8.3820583 7.0294883) with tilt (1.7365828 2.7715259 -4.0329097)
  triclinic box = (0 0 0) to (2.5444246 8.3820583 7.0294883) with tilt (1.7365828 2.7715259 -4.0329097)
  triclinic box = (0 0 0) to (2.5444246 8.3820583 7.0294883) with tilt (1.7365828 2.7715259 -4.0329097)
echo none
run 0
Per MPI rank memory allocation (min/avg/max) = 4.327 | 4.327 | 4.327 Mbytes
    PotEng          Pxx           E_mol          E_coul    
-76.932627     -228.58272      0              0            
Loop time of 1.379e-06 on 1 procs for 0 steps with 18 atoms

652.6% CPU use with 1 MPI tasks x 1 OpenMP threads

MPI task timing breakdown:
Section |  min time  |  avg time  |  max time  |%varavg| %total
---------------------------------------------------------------
Pair    | 0          | 0          | 0          |   0.0 |  0.00
Neigh   | 0          | 0          | 0          |   0.0 |  0.00
Comm    | 0          | 0          | 0          |   0.0 |  0.00
Output  | 0          | 0          | 0          |   0.0 |  0.00
Modify  | 0          | 0          | 0          |   0.0 |  0.00
Other   |            | 1.379e-06  |            |       |100.00

Nlocal:             18 ave          18 max          18 min
Histogram: 1 0 0 0 0 0 0 0 0 0
Nghost:           4138 ave        4138 max        4138 min
Histogram: 1 0 0 0 0 0 0 0 0 0
Neighs:              0 ave           0 max           0 min
Histogram: 1 0 0 0 0 0 0 0 0 0
FullNghs:        16284 ave       16284 max       16284 min
Histogram: 1 0 0 0 0 0 0 0 0 0

Total # of neighbors = 16284
Ave neighs/atom = 904.66667
Neighbor list builds = 0
Dangerous builds = 0
set atom * x 0.0 y 0.0 z 0.0
Setting atom values ...
  18 settings made for x
  18 settings made for y
  18 settings made for z
change_box all     x final 0 2.544220184853434 y final 0 8.381549440841207 z final 0 7.023352155631117      xy final 1.7867047088146564 xz final 2.7515299200748777 yz final -4.003049759925674 units box
Changing box ...
  triclinic box = (0 0 0) to (2.5442202 8.3820583 7.0294883) with tilt (1.7365828 2.7715259 -4.0329097)
  triclinic box = (0 0 0) to (2.5442202 8.3815494 7.0294883) with tilt (1.7365828 2.7715259 -4.0329097)
  triclinic box = (0 0 0) to (2.5442202 8.3815494 7.0233522) with tilt (1.7365828 2.7715259 -4.0329097)
  triclinic box = (0 0 0) to (2.5442202 8.3815494 7.0233522) with tilt (1.7867047 2.7715259 -4.0329097)
  triclinic box = (0 0 0) to (2.5442202 8.3815494 7.0233522) with tilt (1.7867047 2.7515299 -4.0329097)
  triclinic box = (0 0 0) to (2.5442202 8.3815494 7.0233522) with tilt (1.7867047 2.7515299 -4.0030498)
echo none
run 0
Per MPI rank memory allocation (min/avg/max) = 4.327 | 4.327 | 4.327 Mbytes
    PotEng          Pxx           E_mol          E_coul    
-76.934042     -64.109024      0              0            
Loop time of 1.466e-06 on 1 procs for 0 steps with 18 atoms

341.1% CPU use with 1 MPI tasks x 1 OpenMP threads

MPI task timing breakdown:
Section |  min time  |  avg time  |  max time  |%varavg| %total
---------------------------------------------------------------
Pair    | 0          | 0          | 0          |   0.0 |  0.00
Neigh   | 0          | 0          | 0          |   0.0 |  0.00
Comm    | 0          | 0          | 0          |   0.0 |  0.00
Output  | 0          | 0          | 0          |   0.0 |  0.00
Modify  | 0          | 0          | 0          |   0.0 |  0.00
Other   |            | 1.466e-06  |            |       |100.00

Nlocal:             18 ave          18 max          18 min
Histogram: 1 0 0 0 0 0 0 0 0 0
Nghost:           4138 ave        4138 max        4138 min
Histogram: 1 0 0 0 0 0 0 0 0 0
Neighs:              0 ave           0 max           0 min
Histogram: 1 0 0 0 0 0 0 0 0 0
FullNghs:        16284 ave       16284 max       16284 min
Histogram: 1 0 0 0 0 0 0 0 0 0

Total # of neighbors = 16284
Ave neighs/atom = 904.66667
Neighbor list builds = 0
Dangerous builds = 0
set atom * x 0.0 y 0.0 z 0.0
Setting atom values ...
  18 settings made for x
  18 settings made for y
  18 settings made for z
change_box all     x final 0 2.543987539402283 y final 0 8.380842044911459 z final 0 7.014957023247844      xy final 1.8545279173323685 xz final 2.7247442654887464 yz final -3.9627489867892 units box
Changing box ...
  triclinic box = (0 0 0) to (2.5439875 8.3815494 7.0233522) with tilt (1.7867047 2.7515299 -4.0030498)
  triclinic box = (0 0 0) to (2.5439875 8.380842 7.0233522) with tilt (1.7867047 2.7515299 -4.0030498)
  triclinic box = (0 0 0) to (2.5439875 8.380842 7.014957) with tilt (1.7867047 2.7515299 -4.0030498)
  triclinic box = (0 0 0) to (2.5439875 8.380842 7.014957) with tilt (1.8545279 2.7515299 -4.0030498)
  triclinic box = (0 0 0) to (2.5439875 8.380842 7.014957) with tilt (1.8545279 2.7247443 -4.0030498)
  triclinic box = (0 0 0) to (2.5439875 8.380842 7.014957) with tilt (1.8545279 2.7247443 -3.962749)
echo none
run 0
Per MPI rank memory allocation (min/avg/max) = 4.327 | 4.327 | 4.327 Mbytes
    PotEng          Pxx           E_mol          E_coul    
-76.93442       149.52667      0              0            
Loop time of 1.629e-06 on 1 procs for 0 steps with 18 atoms

613.9% CPU use with 1 MPI tasks x 1 OpenMP threads

MPI task timing breakdown:
Section |  min time  |  avg time  |  max time  |%varavg| %total
---------------------------------------------------------------
Pair    | 0          | 0          | 0          |   0.0 |  0.00
Neigh   | 0          | 0          | 0          |   0.0 |  0.00
Comm    | 0          | 0          | 0          |   0.0 |  0.00
Output  | 0          | 0          | 0          |   0.0 |  0.00
Modify  | 0          | 0          | 0          |   0.0 |  0.00
Other   |            | 1.629e-06  |            |       |100.00

Nlocal:             18 ave          18 max          18 min
Histogram: 1 0 0 0 0 0 0 0 0 0
Nghost:           4110 ave        4110 max        4110 min
Histogram: 1 0 0 0 0 0 0 0 0 0
Neighs:              0 ave           0 max           0 min
Histogram: 1 0 0 0 0 0 0 0 0 0
FullNghs:        16316 ave       16316 max       16316 min
Histogram: 1 0 0 0 0 0 0 0 0 0

Total # of neighbors = 16316
Ave neighs/atom = 906.44444
Neighbor list builds = 0
Dangerous builds = 0
set atom * x 0.0 y 0.0 z 0.0
Setting atom values ...
  18 settings made for x
  18 settings made for y
  18 settings made for z
change_box all     x final 0 2.543987539402283 y final 0 8.380842044911459 z final 0 7.014957023247846      xy final 1.8545279173323703 xz final 2.724744265488749 yz final -3.9627489867892014 units box
Changing box ...
  triclinic box = (0 0 0) to (2.5439875 8.380842 7.014957) with tilt (1.8545279 2.7247443 -3.962749)
  triclinic box = (0 0 0) to (2.5439875 8.380842 7.014957) with tilt (1.8545279 2.7247443 -3.962749)
  triclinic box = (0 0 0) to (2.5439875 8.380842 7.014957) with tilt (1.8545279 2.7247443 -3.962749)
  triclinic box = (0 0 0) to (2.5439875 8.380842 7.014957) with tilt (1.8545279 2.7247443 -3.962749)
  triclinic box = (0 0 0) to (2.5439875 8.380842 7.014957) with tilt (1.8545279 2.7247443 -3.962749)
  triclinic box = (0 0 0) to (2.5439875 8.380842 7.014957) with tilt (1.8545279 2.7247443 -3.962749)
echo none
run 0
Per MPI rank memory allocation (min/avg/max) = 4.327 | 4.327 | 4.327 Mbytes
    PotEng          Pxx           E_mol          E_coul    
-76.93442       149.52667      0              0            
Loop time of 1.259e-06 on 1 procs for 0 steps with 18 atoms

635.4% CPU use with 1 MPI tasks x 1 OpenMP threads

MPI task timing breakdown:
Section |  min time  |  avg time  |  max time  |%varavg| %total
---------------------------------------------------------------
Pair    | 0          | 0          | 0          |   0.0 |  0.00
Neigh   | 0          | 0          | 0          |   0.0 |  0.00
Comm    | 0          | 0          | 0          |   0.0 |  0.00
Output  | 0          | 0          | 0          |   0.0 |  0.00
Modify  | 0          | 0          | 0          |   0.0 |  0.00
Other   |            | 1.259e-06  |            |       |100.00

Nlocal:             18 ave          18 max          18 min
Histogram: 1 0 0 0 0 0 0 0 0 0
Nghost:           4110 ave        4110 max        4110 min
Histogram: 1 0 0 0 0 0 0 0 0 0
Neighs:              0 ave           0 max           0 min
Histogram: 1 0 0 0 0 0 0 0 0 0
FullNghs:        16316 ave       16316 max       16316 min
Histogram: 1 0 0 0 0 0 0 0 0 0

Total # of neighbors = 16316
Ave neighs/atom = 906.44444
Neighbor list builds = 0
Dangerous builds = 0
set atom * x 0.0 y 0.0 z 0.0
Setting atom values ...
  18 settings made for x
  18 settings made for y
  18 settings made for z
change_box all     x final 0 2.5431627152736604 y final 0 8.40799730144208 z final 0 6.992498679824243      xy final 1.894234007237645 xz final 2.6997828532028096 yz final -3.9430740836011013 units box
Changing box ...
  triclinic box = (0 0 0) to (2.5431627 8.380842 7.014957) with tilt (1.8545279 2.7247443 -3.962749)
  triclinic box = (0 0 0) to (2.5431627 8.4079973 7.014957) with tilt (1.8545279 2.7247443 -3.962749)
  triclinic box = (0 0 0) to (2.5431627 8.4079973 6.9924987) with tilt (1.8545279 2.7247443 -3.962749)
  triclinic box = (0 0 0) to (2.5431627 8.4079973 6.9924987) with tilt (1.894234 2.7247443 -3.962749)
  triclinic box = (0 0 0) to (2.5431627 8.4079973 6.9924987) with tilt (1.894234 2.6997829 -3.962749)
  triclinic box = (0 0 0) to (2.5431627 8.4079973 6.9924987) with tilt (1.894234 2.6997829 -3.9430741)
echo none
run 0
Per MPI rank memory allocation (min/avg/max) = 4.327 | 4.327 | 4.327 Mbytes
    PotEng          Pxx           E_mol          E_coul    
-76.936692      977.72356      0              0            
Loop time of 1.141e-06 on 1 procs for 0 steps with 18 atoms

1139.4% CPU use with 1 MPI tasks x 1 OpenMP threads

MPI task timing breakdown:
Section |  min time  |  avg time  |  max time  |%varavg| %total
---------------------------------------------------------------
Pair    | 0          | 0          | 0          |   0.0 |  0.00
Neigh   | 0          | 0          | 0          |   0.0 |  0.00
Comm    | 0          | 0          | 0          |   0.0 |  0.00
Output  | 0          | 0          | 0          |   0.0 |  0.00
Modify  | 0          | 0          | 0          |   0.0 |  0.00
Other   |            | 1.141e-06  |            |       |100.00

Nlocal:             18 ave          18 max          18 min
Histogram: 1 0 0 0 0 0 0 0 0 0
Nghost:           4130 ave        4130 max        4130 min
Histogram: 1 0 0 0 0 0 0 0 0 0
Neighs:              0 ave           0 max           0 min
Histogram: 1 0 0 0 0 0 0 0 0 0
FullNghs:        16350 ave       16350 max       16350 min
Histogram: 1 0 0 0 0 0 0 0 0 0

Total # of neighbors = 16350
Ave neighs/atom = 908.33333
Neighbor list builds = 0
Dangerous builds = 0
set atom * x 0.0 y 0.0 z 0.0
Setting atom values ...
  18 settings made for x
  18 settings made for y
  18 settings made for z
change_box all     x final 0 2.54224765469471 y final 0 8.43892961104605 z final 0 6.967035094288961      xy final 1.9395370392597993 xz final 2.6715774558985785 yz final -3.9209565636023522 units box
Changing box ...
  triclinic box = (0 0 0) to (2.5422477 8.4079973 6.9924987) with tilt (1.894234 2.6997829 -3.9430741)
  triclinic box = (0 0 0) to (2.5422477 8.4389296 6.9924987) with tilt (1.894234 2.6997829 -3.9430741)
  triclinic box = (0 0 0) to (2.5422477 8.4389296 6.9670351) with tilt (1.894234 2.6997829 -3.9430741)
  triclinic box = (0 0 0) to (2.5422477 8.4389296 6.9670351) with tilt (1.939537 2.6997829 -3.9430741)
  triclinic box = (0 0 0) to (2.5422477 8.4389296 6.9670351) with tilt (1.939537 2.6715775 -3.9430741)
  triclinic box = (0 0 0) to (2.5422477 8.4389296 6.9670351) with tilt (1.939537 2.6715775 -3.9209566)
echo none
run 0
Per MPI rank memory allocation (min/avg/max) = 4.328 | 4.328 | 4.328 Mbytes
    PotEng          Pxx           E_mol          E_coul    
-76.937605      1920.5346      0              0            
Loop time of 1.333e-06 on 1 procs for 0 steps with 18 atoms

1050.3% CPU use with 1 MPI tasks x 1 OpenMP threads

MPI task timing breakdown:
Section |  min time  |  avg time  |  max time  |%varavg| %total
---------------------------------------------------------------
Pair    | 0          | 0          | 0          |   0.0 |  0.00
Neigh   | 0          | 0          | 0          |   0.0 |  0.00
Comm    | 0          | 0          | 0          |   0.0 |  0.00
Output  | 0          | 0          | 0          |   0.0 |  0.00
Modify  | 0          | 0          | 0          |   0.0 |  0.00
Other   |            | 1.333e-06  |            |       |100.00

Nlocal:             18 ave          18 max          18 min
Histogram: 1 0 0 0 0 0 0 0 0 0
Nghost:           4178 ave        4178 max        4178 min
Histogram: 1 0 0 0 0 0 0 0 0 0
Neighs:              0 ave           0 max           0 min
Histogram: 1 0 0 0 0 0 0 0 0 0
FullNghs:        16362 ave       16362 max       16362 min
Histogram: 1 0 0 0 0 0 0 0 0 0

Total # of neighbors = 16362
Ave neighs/atom = 909
Neighbor list builds = 0
Dangerous builds = 0
set atom * x 0.0 y 0.0 z 0.0
Setting atom values ...
  18 settings made for x
  18 settings made for y
  18 settings made for z
change_box all     x final 0 2.542247654694711 y final 0 8.438929611046047 z final 0 6.967035094288971      xy final 1.9395370392597993 xz final 2.671577455898579 yz final -3.9209565636023425 units box
Changing box ...
  triclinic box = (0 0 0) to (2.5422477 8.4389296 6.9670351) with tilt (1.939537 2.6715775 -3.9209566)
  triclinic box = (0 0 0) to (2.5422477 8.4389296 6.9670351) with tilt (1.939537 2.6715775 -3.9209566)
  triclinic box = (0 0 0) to (2.5422477 8.4389296 6.9670351) with tilt (1.939537 2.6715775 -3.9209566)
  triclinic box = (0 0 0) to (2.5422477 8.4389296 6.9670351) with tilt (1.939537 2.6715775 -3.9209566)
  triclinic box = (0 0 0) to (2.5422477 8.4389296 6.9670351) with tilt (1.939537 2.6715775 -3.9209566)
  triclinic box = (0 0 0) to (2.5422477 8.4389296 6.9670351) with tilt (1.939537 2.6715775 -3.9209566)
echo none
run 0
Per MPI rank memory allocation (min/avg/max) = 4.328 | 4.328 | 4.328 Mbytes
    PotEng          Pxx           E_mol          E_coul    
-76.937605      1920.5346      0              0            
Loop time of 1.56e-06 on 1 procs for 0 steps with 18 atoms

769.2% CPU use with 1 MPI tasks x 1 OpenMP threads

MPI task timing breakdown:
Section |  min time  |  avg time  |  max time  |%varavg| %total
---------------------------------------------------------------
Pair    | 0          | 0          | 0          |   0.0 |  0.00
Neigh   | 0          | 0          | 0          |   0.0 |  0.00
Comm    | 0          | 0          | 0          |   0.0 |  0.00
Output  | 0          | 0          | 0          |   0.0 |  0.00
Modify  | 0          | 0          | 0          |   0.0 |  0.00
Other   |            | 1.56e-06   |            |       |100.00

Nlocal:             18 ave          18 max          18 min
Histogram: 1 0 0 0 0 0 0 0 0 0
Nghost:           4178 ave        4178 max        4178 min
Histogram: 1 0 0 0 0 0 0 0 0 0
Neighs:              0 ave           0 max           0 min
Histogram: 1 0 0 0 0 0 0 0 0 0
FullNghs:        16362 ave       16362 max       16362 min
Histogram: 1 0 0 0 0 0 0 0 0 0

Total # of neighbors = 16362
Ave neighs/atom = 909
Neighbor list builds = 0
Dangerous builds = 0
set atom * x 0.0 y 0.0 z 0.0
Setting atom values ...
  18 settings made for x
  18 settings made for y
  18 settings made for z
change_box all     x final 0 2.5424583698775494 y final 0 8.464928352424398 z final 0 6.902007731436641      xy final 2.1081670767640035 xz final 2.6531706657421386 yz final -3.803242279319224 units box
Changing box ...
  triclinic box = (0 0 0) to (2.5424584 8.4389296 6.9670351) with tilt (1.939537 2.6715775 -3.9209566)
  triclinic box = (0 0 0) to (2.5424584 8.4649284 6.9670351) with tilt (1.939537 2.6715775 -3.9209566)
  triclinic box = (0 0 0) to (2.5424584 8.4649284 6.9020077) with tilt (1.939537 2.6715775 -3.9209566)
  triclinic box = (0 0 0) to (2.5424584 8.4649284 6.9020077) with tilt (2.1081671 2.6715775 -3.9209566)
  triclinic box = (0 0 0) to (2.5424584 8.4649284 6.9020077) with tilt (2.1081671 2.6531707 -3.9209566)
  triclinic box = (0 0 0) to (2.5424584 8.4649284 6.9020077) with tilt (2.1081671 2.6531707 -3.8032423)
echo none
run 0
Per MPI rank memory allocation (min/avg/max) = 4.329 | 4.329 | 4.329 Mbytes
    PotEng          Pxx           E_mol          E_coul    
-76.941006      1848.2192      0              0            
Loop time of 1.944e-06 on 1 procs for 0 steps with 18 atoms

874.5% CPU use with 1 MPI tasks x 1 OpenMP threads

MPI task timing breakdown:
Section |  min time  |  avg time  |  max time  |%varavg| %total
---------------------------------------------------------------
Pair    | 0          | 0          | 0          |   0.0 |  0.00
Neigh   | 0          | 0          | 0          |   0.0 |  0.00
Comm    | 0          | 0          | 0          |   0.0 |  0.00
Output  | 0          | 0          | 0          |   0.0 |  0.00
Modify  | 0          | 0          | 0          |   0.0 |  0.00
Other   |            | 1.944e-06  |            |       |100.00

Nlocal:             18 ave          18 max          18 min
Histogram: 1 0 0 0 0 0 0 0 0 0
Nghost:           4342 ave        4342 max        4342 min
Histogram: 1 0 0 0 0 0 0 0 0 0
Neighs:              0 ave           0 max           0 min
Histogram: 1 0 0 0 0 0 0 0 0 0
FullNghs:        16498 ave       16498 max       16498 min
Histogram: 1 0 0 0 0 0 0 0 0 0

Total # of neighbors = 16498
Ave neighs/atom = 916.55556
Neighbor list builds = 0
Dangerous builds = 0
set atom * x 0.0 y 0.0 z 0.0
Setting atom values ...
  18 settings made for x
  18 settings made for y
  18 settings made for z
change_box all     x final 0 2.542458369877551 y final 0 8.464928352424396 z final 0 6.902007731436641      xy final 2.1081670767640044 xz final 2.6531706657421417 yz final -3.803242279319222 units box
Changing box ...
  triclinic box = (0 0 0) to (2.5424584 8.4649284 6.9020077) with tilt (2.1081671 2.6531707 -3.8032423)
  triclinic box = (0 0 0) to (2.5424584 8.4649284 6.9020077) with tilt (2.1081671 2.6531707 -3.8032423)
  triclinic box = (0 0 0) to (2.5424584 8.4649284 6.9020077) with tilt (2.1081671 2.6531707 -3.8032423)
  triclinic box = (0 0 0) to (2.5424584 8.4649284 6.9020077) with tilt (2.1081671 2.6531707 -3.8032423)
  triclinic box = (0 0 0) to (2.5424584 8.4649284 6.9020077) with tilt (2.1081671 2.6531707 -3.8032423)
  triclinic box = (0 0 0) to (2.5424584 8.4649284 6.9020077) with tilt (2.1081671 2.6531707 -3.8032423)
echo none
run 0
Per MPI rank memory allocation (min/avg/max) = 4.329 | 4.329 | 4.329 Mbytes
    PotEng          Pxx           E_mol          E_coul    
-76.941006      1848.2192      0              0            
Loop time of 1.834e-06 on 1 procs for 0 steps with 18 atoms

1036.0% CPU use with 1 MPI tasks x 1 OpenMP threads

MPI task timing breakdown:
Section |  min time  |  avg time  |  max time  |%varavg| %total
---------------------------------------------------------------
Pair    | 0          | 0          | 0          |   0.0 |  0.00
Neigh   | 0          | 0          | 0          |   0.0 |  0.00
Comm    | 0          | 0          | 0          |   0.0 |  0.00
Output  | 0          | 0          | 0          |   0.0 |  0.00
Modify  | 0          | 0          | 0          |   0.0 |  0.00
Other   |            | 1.834e-06  |            |       |100.00

Nlocal:             18 ave          18 max          18 min
Histogram: 1 0 0 0 0 0 0 0 0 0
Nghost:           4342 ave        4342 max        4342 min
Histogram: 1 0 0 0 0 0 0 0 0 0
Neighs:              0 ave           0 max           0 min
Histogram: 1 0 0 0 0 0 0 0 0 0
FullNghs:        16498 ave       16498 max       16498 min
Histogram: 1 0 0 0 0 0 0 0 0 0

Total # of neighbors = 16498
Ave neighs/atom = 916.55556
Neighbor list builds = 0
Dangerous builds = 0
set atom * x 0.0 y 0.0 z 0.0
Setting atom values ...
  18 settings made for x
  18 settings made for y
  18 settings made for z
change_box all     x final 0 2.5439792054724704 y final 0 8.479035764794306 z final 0 6.8239586977131905      xy final 2.284322828841746 xz final 2.6223883600565014 yz final -3.6879965479308696 units box
Changing box ...
  triclinic box = (0 0 0) to (2.5439792 8.4649284 6.9020077) with tilt (2.1081671 2.6531707 -3.8032423)
  triclinic box = (0 0 0) to (2.5439792 8.4790358 6.9020077) with tilt (2.1081671 2.6531707 -3.8032423)
  triclinic box = (0 0 0) to (2.5439792 8.4790358 6.8239587) with tilt (2.1081671 2.6531707 -3.8032423)
  triclinic box = (0 0 0) to (2.5439792 8.4790358 6.8239587) with tilt (2.2843228 2.6531707 -3.8032423)
  triclinic box = (0 0 0) to (2.5439792 8.4790358 6.8239587) with tilt (2.2843228 2.6223884 -3.8032423)
  triclinic box = (0 0 0) to (2.5439792 8.4790358 6.8239587) with tilt (2.2843228 2.6223884 -3.6879965)
echo none
run 0
Per MPI rank memory allocation (min/avg/max) = 4.329 | 4.329 | 4.329 Mbytes
    PotEng          Pxx           E_mol          E_coul    
-76.944524      808.68085      0              0            
Loop time of 1.395e-06 on 1 procs for 0 steps with 18 atoms

860.2% CPU use with 1 MPI tasks x 1 OpenMP threads

MPI task timing breakdown:
Section |  min time  |  avg time  |  max time  |%varavg| %total
---------------------------------------------------------------
Pair    | 0          | 0          | 0          |   0.0 |  0.00
Neigh   | 0          | 0          | 0          |   0.0 |  0.00
Comm    | 0          | 0          | 0          |   0.0 |  0.00
Output  | 0          | 0          | 0          |   0.0 |  0.00
Modify  | 0          | 0          | 0          |   0.0 |  0.00
Other   |            | 1.395e-06  |            |       |100.00

Nlocal:             18 ave          18 max          18 min
Histogram: 1 0 0 0 0 0 0 0 0 0
Nghost:           4314 ave        4314 max        4314 min
Histogram: 1 0 0 0 0 0 0 0 0 0
Neighs:              0 ave           0 max           0 min
Histogram: 1 0 0 0 0 0 0 0 0 0
FullNghs:        16658 ave       16658 max       16658 min
Histogram: 1 0 0 0 0 0 0 0 0 0

Total # of neighbors = 16658
Ave neighs/atom = 925.44444
Neighbor list builds = 0
Dangerous builds = 0
set atom * x 0.0 y 0.0 z 0.0
Setting atom values ...
  18 settings made for x
  18 settings made for y
  18 settings made for z
change_box all     x final 0 2.543979205472468 y final 0 8.479035764794308 z final 0 6.823958697713197      xy final 2.2843228288417445 xz final 2.622388360056498 yz final -3.6879965479308643 units box
Changing box ...
  triclinic box = (0 0 0) to (2.5439792 8.4790358 6.8239587) with tilt (2.2843228 2.6223884 -3.6879965)
  triclinic box = (0 0 0) to (2.5439792 8.4790358 6.8239587) with tilt (2.2843228 2.6223884 -3.6879965)
  triclinic box = (0 0 0) to (2.5439792 8.4790358 6.8239587) with tilt (2.2843228 2.6223884 -3.6879965)
  triclinic box = (0 0 0) to (2.5439792 8.4790358 6.8239587) with tilt (2.2843228 2.6223884 -3.6879965)
  triclinic box = (0 0 0) to (2.5439792 8.4790358 6.8239587) with tilt (2.2843228 2.6223884 -3.6879965)
  triclinic box = (0 0 0) to (2.5439792 8.4790358 6.8239587) with tilt (2.2843228 2.6223884 -3.6879965)
echo none
run 0
Per MPI rank memory allocation (min/avg/max) = 4.329 | 4.329 | 4.329 Mbytes
    PotEng          Pxx           E_mol          E_coul    
-76.944524      808.68085      0              0            
Loop time of 1.454e-06 on 1 procs for 0 steps with 18 atoms

962.9% CPU use with 1 MPI tasks x 1 OpenMP threads

MPI task timing breakdown:
Section |  min time  |  avg time  |  max time  |%varavg| %total
---------------------------------------------------------------
Pair    | 0          | 0          | 0          |   0.0 |  0.00
Neigh   | 0          | 0          | 0          |   0.0 |  0.00
Comm    | 0          | 0          | 0          |   0.0 |  0.00
Output  | 0          | 0          | 0          |   0.0 |  0.00
Modify  | 0          | 0          | 0          |   0.0 |  0.00
Other   |            | 1.454e-06  |            |       |100.00

Nlocal:             18 ave          18 max          18 min
Histogram: 1 0 0 0 0 0 0 0 0 0
Nghost:           4314 ave        4314 max        4314 min
Histogram: 1 0 0 0 0 0 0 0 0 0
Neighs:              0 ave           0 max           0 min
Histogram: 1 0 0 0 0 0 0 0 0 0
FullNghs:        16658 ave       16658 max       16658 min
Histogram: 1 0 0 0 0 0 0 0 0 0

Total # of neighbors = 16658
Ave neighs/atom = 925.44444
Neighbor list builds = 0
Dangerous builds = 0
set atom * x 0.0 y 0.0 z 0.0
Setting atom values ...
  18 settings made for x
  18 settings made for y
  18 settings made for z
change_box all     x final 0 2.5450857426441185 y final 0 8.451059663760812 z final 0 6.811153110342787      xy final 2.2715929023083055 xz final 2.6211155464821836 yz final -3.6781875935265202 units box
Changing box ...
  triclinic box = (0 0 0) to (2.5450857 8.4790358 6.8239587) with tilt (2.2843228 2.6223884 -3.6879965)
  triclinic box = (0 0 0) to (2.5450857 8.4510597 6.8239587) with tilt (2.2843228 2.6223884 -3.6879965)
  triclinic box = (0 0 0) to (2.5450857 8.4510597 6.8111531) with tilt (2.2843228 2.6223884 -3.6879965)
  triclinic box = (0 0 0) to (2.5450857 8.4510597 6.8111531) with tilt (2.2715929 2.6223884 -3.6879965)
  triclinic box = (0 0 0) to (2.5450857 8.4510597 6.8111531) with tilt (2.2715929 2.6211155 -3.6879965)
  triclinic box = (0 0 0) to (2.5450857 8.4510597 6.8111531) with tilt (2.2715929 2.6211155 -3.6781876)
echo none
run 0
Per MPI rank memory allocation (min/avg/max) = 4.329 | 4.329 | 4.329 Mbytes
    PotEng          Pxx           E_mol          E_coul    
-76.94956      -177.24983      0              0            
Loop time of 1.297e-06 on 1 procs for 0 steps with 18 atoms

1079.4% CPU use with 1 MPI tasks x 1 OpenMP threads

MPI task timing breakdown:
Section |  min time  |  avg time  |  max time  |%varavg| %total
---------------------------------------------------------------
Pair    | 0          | 0          | 0          |   0.0 |  0.00
Neigh   | 0          | 0          | 0          |   0.0 |  0.00
Comm    | 0          | 0          | 0          |   0.0 |  0.00
Output  | 0          | 0          | 0          |   0.0 |  0.00
Modify  | 0          | 0          | 0          |   0.0 |  0.00
Other   |            | 1.297e-06  |            |       |100.00

Nlocal:             18 ave          18 max          18 min
Histogram: 1 0 0 0 0 0 0 0 0 0
Nghost:           4314 ave        4314 max        4314 min
Histogram: 1 0 0 0 0 0 0 0 0 0
Neighs:              0 ave           0 max           0 min
Histogram: 1 0 0 0 0 0 0 0 0 0
FullNghs:        16726 ave       16726 max       16726 min
Histogram: 1 0 0 0 0 0 0 0 0 0

Total # of neighbors = 16726
Ave neighs/atom = 929.22222
Neighbor list builds = 0
Dangerous builds = 0
set atom * x 0.0 y 0.0 z 0.0
Setting atom values ...
  18 settings made for x
  18 settings made for y
  18 settings made for z
change_box all     x final 0 2.545085742644121 y final 0 8.451059663760809 z final 0 6.811153110342783      xy final 2.2715929023083037 xz final 2.6211155464821845 yz final -3.6781875935265242 units box
Changing box ...
  triclinic box = (0 0 0) to (2.5450857 8.4510597 6.8111531) with tilt (2.2715929 2.6211155 -3.6781876)
  triclinic box = (0 0 0) to (2.5450857 8.4510597 6.8111531) with tilt (2.2715929 2.6211155 -3.6781876)
  triclinic box = (0 0 0) to (2.5450857 8.4510597 6.8111531) with tilt (2.2715929 2.6211155 -3.6781876)
  triclinic box = (0 0 0) to (2.5450857 8.4510597 6.8111531) with tilt (2.2715929 2.6211155 -3.6781876)
  triclinic box = (0 0 0) to (2.5450857 8.4510597 6.8111531) with tilt (2.2715929 2.6211155 -3.6781876)
  triclinic box = (0 0 0) to (2.5450857 8.4510597 6.8111531) with tilt (2.2715929 2.6211155 -3.6781876)
echo none
run 0
Per MPI rank memory allocation (min/avg/max) = 4.329 | 4.329 | 4.329 Mbytes
    PotEng          Pxx           E_mol          E_coul    
-76.94956      -177.24983      0              0            
Loop time of 1.655e-06 on 1 procs for 0 steps with 18 atoms

966.8% CPU use with 1 MPI tasks x 1 OpenMP threads

MPI task timing breakdown:
Section |  min time  |  avg time  |  max time  |%varavg| %total
---------------------------------------------------------------
Pair    | 0          | 0          | 0          |   0.0 |  0.00
Neigh   | 0          | 0          | 0          |   0.0 |  0.00
Comm    | 0          | 0          | 0          |   0.0 |  0.00
Output  | 0          | 0          | 0          |   0.0 |  0.00
Modify  | 0          | 0          | 0          |   0.0 |  0.00
Other   |            | 1.655e-06  |            |       |100.00

Nlocal:             18 ave          18 max          18 min
Histogram: 1 0 0 0 0 0 0 0 0 0
Nghost:           4314 ave        4314 max        4314 min
Histogram: 1 0 0 0 0 0 0 0 0 0
Neighs:              0 ave           0 max           0 min
Histogram: 1 0 0 0 0 0 0 0 0 0
FullNghs:        16726 ave       16726 max       16726 min
Histogram: 1 0 0 0 0 0 0 0 0 0

Total # of neighbors = 16726
Ave neighs/atom = 929.22222
Neighbor list builds = 0
Dangerous builds = 0
set atom * x 0.0 y 0.0 z 0.0
Setting atom values ...
  18 settings made for x
  18 settings made for y
  18 settings made for z
change_box all     x final 0 2.545750787255961 y final 0 8.507414154915468 z final 0 6.714121979060476      xy final 2.4329664643490894 xz final 2.666759324215073 yz final -3.646989212099168 units box
Changing box ...
  triclinic box = (0 0 0) to (2.5457508 8.4510597 6.8111531) with tilt (2.2715929 2.6211155 -3.6781876)
  triclinic box = (0 0 0) to (2.5457508 8.5074142 6.8111531) with tilt (2.2715929 2.6211155 -3.6781876)
  triclinic box = (0 0 0) to (2.5457508 8.5074142 6.714122) with tilt (2.2715929 2.6211155 -3.6781876)
  triclinic box = (0 0 0) to (2.5457508 8.5074142 6.714122) with tilt (2.4329665 2.6211155 -3.6781876)
  triclinic box = (0 0 0) to (2.5457508 8.5074142 6.714122) with tilt (2.4329665 2.6667593 -3.6781876)
  triclinic box = (0 0 0) to (2.5457508 8.5074142 6.714122) with tilt (2.4329665 2.6667593 -3.6469892)
echo none
run 0
Per MPI rank memory allocation (min/avg/max) = 4.329 | 4.329 | 4.329 Mbytes
    PotEng          Pxx           E_mol          E_coul    
-76.951308     -1259.8864      0              0            
Loop time of 1.37e-06 on 1 procs for 0 steps with 18 atoms

802.9% CPU use with 1 MPI tasks x 1 OpenMP threads

MPI task timing breakdown:
Section |  min time  |  avg time  |  max time  |%varavg| %total
---------------------------------------------------------------
Pair    | 0          | 0          | 0          |   0.0 |  0.00
Neigh   | 0          | 0          | 0          |   0.0 |  0.00
Comm    | 0          | 0          | 0          |   0.0 |  0.00
Output  | 0          | 0          | 0          |   0.0 |  0.00
Modify  | 0          | 0          | 0          |   0.0 |  0.00
Other   |            | 1.37e-06   |            |       |100.00

Nlocal:             18 ave          18 max          18 min
Histogram: 1 0 0 0 0 0 0 0 0 0
Nghost:           4327 ave        4327 max        4327 min
Histogram: 1 0 0 0 0 0 0 0 0 0
Neighs:              0 ave           0 max           0 min
Histogram: 1 0 0 0 0 0 0 0 0 0
FullNghs:        16882 ave       16882 max       16882 min
Histogram: 1 0 0 0 0 0 0 0 0 0

Total # of neighbors = 16882
Ave neighs/atom = 937.88889
Neighbor list builds = 0
Dangerous builds = 0
set atom * x 0.0 y 0.0 z 0.0
Setting atom values ...
  18 settings made for x
  18 settings made for y
  18 settings made for z
change_box all     x final 0 2.545416795146569 y final 0 8.484314989853273 z final 0 6.753882326917179      xy final 2.3663776750639034 xz final 2.6482968347028 yz final -3.659519268263257 units box
Changing box ...
  triclinic box = (0 0 0) to (2.5454168 8.5074142 6.714122) with tilt (2.4329665 2.6667593 -3.6469892)
  triclinic box = (0 0 0) to (2.5454168 8.484315 6.714122) with tilt (2.4329665 2.6667593 -3.6469892)
  triclinic box = (0 0 0) to (2.5454168 8.484315 6.7538823) with tilt (2.4329665 2.6667593 -3.6469892)
  triclinic box = (0 0 0) to (2.5454168 8.484315 6.7538823) with tilt (2.3663777 2.6667593 -3.6469892)
  triclinic box = (0 0 0) to (2.5454168 8.484315 6.7538823) with tilt (2.3663777 2.6482968 -3.6469892)
  triclinic box = (0 0 0) to (2.5454168 8.484315 6.7538823) with tilt (2.3663777 2.6482968 -3.6595193)
echo none
run 0
Per MPI rank memory allocation (min/avg/max) = 4.329 | 4.329 | 4.329 Mbytes
    PotEng          Pxx           E_mol          E_coul    
-76.95232      -763.29535      0              0            
Loop time of 2.335e-06 on 1 procs for 0 steps with 18 atoms

3982.9% CPU use with 1 MPI tasks x 1 OpenMP threads

MPI task timing breakdown:
Section |  min time  |  avg time  |  max time  |%varavg| %total
---------------------------------------------------------------
Pair    | 0          | 0          | 0          |   0.0 |  0.00
Neigh   | 0          | 0          | 0          |   0.0 |  0.00
Comm    | 0          | 0          | 0          |   0.0 |  0.00
Output  | 0          | 0          | 0          |   0.0 |  0.00
Modify  | 0          | 0          | 0          |   0.0 |  0.00
Other   |            | 2.335e-06  |            |       |100.00

Nlocal:             18 ave          18 max          18 min
Histogram: 1 0 0 0 0 0 0 0 0 0
Nghost:           4362 ave        4362 max        4362 min
Histogram: 1 0 0 0 0 0 0 0 0 0
Neighs:              0 ave           0 max           0 min
Histogram: 1 0 0 0 0 0 0 0 0 0
FullNghs:        16822 ave       16822 max       16822 min
Histogram: 1 0 0 0 0 0 0 0 0 0

Total # of neighbors = 16822
Ave neighs/atom = 934.55556
Neighbor list builds = 0
Dangerous builds = 0
set atom * x 0.0 y 0.0 z 0.0
Setting atom values ...
  18 settings made for x
  18 settings made for y
  18 settings made for z
change_box all     x final 0 2.545416795146567 y final 0 8.484314989853274 z final 0 6.75388232691718      xy final 2.3663776750639034 xz final 2.6482968347027978 yz final -3.659519268263257 units box
Changing box ...
  triclinic box = (0 0 0) to (2.5454168 8.484315 6.7538823) with tilt (2.3663777 2.6482968 -3.6595193)
  triclinic box = (0 0 0) to (2.5454168 8.484315 6.7538823) with tilt (2.3663777 2.6482968 -3.6595193)
  triclinic box = (0 0 0) to (2.5454168 8.484315 6.7538823) with tilt (2.3663777 2.6482968 -3.6595193)
  triclinic box = (0 0 0) to (2.5454168 8.484315 6.7538823) with tilt (2.3663777 2.6482968 -3.6595193)
  triclinic box = (0 0 0) to (2.5454168 8.484315 6.7538823) with tilt (2.3663777 2.6482968 -3.6595193)
  triclinic box = (0 0 0) to (2.5454168 8.484315 6.7538823) with tilt (2.3663777 2.6482968 -3.6595193)
echo none
run 0
Per MPI rank memory allocation (min/avg/max) = 4.329 | 4.329 | 4.329 Mbytes
    PotEng          Pxx           E_mol          E_coul    
-76.95232      -763.29535      0              0            
Loop time of 1.578e-06 on 1 procs for 0 steps with 18 atoms

1394.2% CPU use with 1 MPI tasks x 1 OpenMP threads

MPI task timing breakdown:
Section |  min time  |  avg time  |  max time  |%varavg| %total
---------------------------------------------------------------
Pair    | 0          | 0          | 0          |   0.0 |  0.00
Neigh   | 0          | 0          | 0          |   0.0 |  0.00
Comm    | 0          | 0          | 0          |   0.0 |  0.00
Output  | 0          | 0          | 0          |   0.0 |  0.00
Modify  | 0          | 0          | 0          |   0.0 |  0.00
Other   |            | 1.578e-06  |            |       |100.00

Nlocal:             18 ave          18 max          18 min
Histogram: 1 0 0 0 0 0 0 0 0 0
Nghost:           4362 ave        4362 max        4362 min
Histogram: 1 0 0 0 0 0 0 0 0 0
Neighs:              0 ave           0 max           0 min
Histogram: 1 0 0 0 0 0 0 0 0 0
FullNghs:        16822 ave       16822 max       16822 min
Histogram: 1 0 0 0 0 0 0 0 0 0

Total # of neighbors = 16822
Ave neighs/atom = 934.55556
Neighbor list builds = 0
Dangerous builds = 0
set atom * x 0.0 y 0.0 z 0.0
Setting atom values ...
  18 settings made for x
  18 settings made for y
  18 settings made for z
change_box all     x final 0 2.542880550486321 y final 0 8.471197184265618 z final 0 6.736312567733165      xy final 2.4416683983241003 xz final 2.5384480757867034 yz final -3.55745286006782 units box
Changing box ...
  triclinic box = (0 0 0) to (2.5428806 8.484315 6.7538823) with tilt (2.3663777 2.6482968 -3.6595193)
  triclinic box = (0 0 0) to (2.5428806 8.4711972 6.7538823) with tilt (2.3663777 2.6482968 -3.6595193)
  triclinic box = (0 0 0) to (2.5428806 8.4711972 6.7363126) with tilt (2.3663777 2.6482968 -3.6595193)
  triclinic box = (0 0 0) to (2.5428806 8.4711972 6.7363126) with tilt (2.4416684 2.6482968 -3.6595193)
  triclinic box = (0 0 0) to (2.5428806 8.4711972 6.7363126) with tilt (2.4416684 2.5384481 -3.6595193)
  triclinic box = (0 0 0) to (2.5428806 8.4711972 6.7363126) with tilt (2.4416684 2.5384481 -3.5574529)
echo none
run 0
Per MPI rank memory allocation (min/avg/max) = 4.329 | 4.329 | 4.329 Mbytes
    PotEng          Pxx           E_mol          E_coul    
-76.955097      2099.4299      0              0            
Loop time of 1.801e-06 on 1 procs for 0 steps with 18 atoms

832.9% CPU use with 1 MPI tasks x 1 OpenMP threads

MPI task timing breakdown:
Section |  min time  |  avg time  |  max time  |%varavg| %total
---------------------------------------------------------------
Pair    | 0          | 0          | 0          |   0.0 |  0.00
Neigh   | 0          | 0          | 0          |   0.0 |  0.00
Comm    | 0          | 0          | 0          |   0.0 |  0.00
Output  | 0          | 0          | 0          |   0.0 |  0.00
Modify  | 0          | 0          | 0          |   0.0 |  0.00
Other   |            | 1.801e-06  |            |       |100.00

Nlocal:             18 ave          18 max          18 min
Histogram: 1 0 0 0 0 0 0 0 0 0
Nghost:           4302 ave        4302 max        4302 min
Histogram: 1 0 0 0 0 0 0 0 0 0
Neighs:              0 ave           0 max           0 min
Histogram: 1 0 0 0 0 0 0 0 0 0
FullNghs:        16918 ave       16918 max       16918 min
Histogram: 1 0 0 0 0 0 0 0 0 0

Total # of neighbors = 16918
Ave neighs/atom = 939.88889
Neighbor list builds = 0
Dangerous builds = 0
set atom * x 0.0 y 0.0 z 0.0
Setting atom values ...
  18 settings made for x
  18 settings made for y
  18 settings made for z
change_box all     x final 0 2.5428805504863217 y final 0 8.47119718426561 z final 0 6.736312567733166      xy final 2.4416683983241003 xz final 2.5384480757867025 yz final -3.5574528600678184 units box
Changing box ...
  triclinic box = (0 0 0) to (2.5428806 8.4711972 6.7363126) with tilt (2.4416684 2.5384481 -3.5574529)
  triclinic box = (0 0 0) to (2.5428806 8.4711972 6.7363126) with tilt (2.4416684 2.5384481 -3.5574529)
  triclinic box = (0 0 0) to (2.5428806 8.4711972 6.7363126) with tilt (2.4416684 2.5384481 -3.5574529)
  triclinic box = (0 0 0) to (2.5428806 8.4711972 6.7363126) with tilt (2.4416684 2.5384481 -3.5574529)
  triclinic box = (0 0 0) to (2.5428806 8.4711972 6.7363126) with tilt (2.4416684 2.5384481 -3.5574529)
  triclinic box = (0 0 0) to (2.5428806 8.4711972 6.7363126) with tilt (2.4416684 2.5384481 -3.5574529)
echo none
run 0
Per MPI rank memory allocation (min/avg/max) = 4.329 | 4.329 | 4.329 Mbytes
    PotEng          Pxx           E_mol          E_coul    
-76.955097      2099.4299      0              0            
Loop time of 1.482e-06 on 1 procs for 0 steps with 18 atoms

607.3% CPU use with 1 MPI tasks x 1 OpenMP threads

MPI task timing breakdown:
Section |  min time  |  avg time  |  max time  |%varavg| %total
---------------------------------------------------------------
Pair    | 0          | 0          | 0          |   0.0 |  0.00
Neigh   | 0          | 0          | 0          |   0.0 |  0.00
Comm    | 0          | 0          | 0          |   0.0 |  0.00
Output  | 0          | 0          | 0          |   0.0 |  0.00
Modify  | 0          | 0          | 0          |   0.0 |  0.00
Other   |            | 1.482e-06  |            |       |100.00

Nlocal:             18 ave          18 max          18 min
Histogram: 1 0 0 0 0 0 0 0 0 0
Nghost:           4302 ave        4302 max        4302 min
Histogram: 1 0 0 0 0 0 0 0 0 0
Neighs:              0 ave           0 max           0 min
Histogram: 1 0 0 0 0 0 0 0 0 0
FullNghs:        16918 ave       16918 max       16918 min
Histogram: 1 0 0 0 0 0 0 0 0 0

Total # of neighbors = 16918
Ave neighs/atom = 939.88889
Neighbor list builds = 0
Dangerous builds = 0
set atom * x 0.0 y 0.0 z 0.0
Setting atom values ...
  18 settings made for x
  18 settings made for y
  18 settings made for z
change_box all     x final 0 2.541228664138746 y final 0 8.499275388723438 z final 0 6.749681154404469      xy final 2.3671935431997877 xz final 2.6215292004320982 yz final -3.6376405065228092 units box
Changing box ...
  triclinic box = (0 0 0) to (2.5412287 8.4711972 6.7363126) with tilt (2.4416684 2.5384481 -3.5574529)
  triclinic box = (0 0 0) to (2.5412287 8.4992754 6.7363126) with tilt (2.4416684 2.5384481 -3.5574529)
  triclinic box = (0 0 0) to (2.5412287 8.4992754 6.7496812) with tilt (2.4416684 2.5384481 -3.5574529)
  triclinic box = (0 0 0) to (2.5412287 8.4992754 6.7496812) with tilt (2.3671935 2.5384481 -3.5574529)
  triclinic box = (0 0 0) to (2.5412287 8.4992754 6.7496812) with tilt (2.3671935 2.6215292 -3.5574529)
  triclinic box = (0 0 0) to (2.5412287 8.4992754 6.7496812) with tilt (2.3671935 2.6215292 -3.6376405)
echo none
run 0
Per MPI rank memory allocation (min/avg/max) = 4.329 | 4.329 | 4.329 Mbytes
    PotEng          Pxx           E_mol          E_coul    
-76.957255      3183.5555      0              0            
Loop time of 1.28e-06 on 1 procs for 0 steps with 18 atoms

1171.9% CPU use with 1 MPI tasks x 1 OpenMP threads

MPI task timing breakdown:
Section |  min time  |  avg time  |  max time  |%varavg| %total
---------------------------------------------------------------
Pair    | 0          | 0          | 0          |   0.0 |  0.00
Neigh   | 0          | 0          | 0          |   0.0 |  0.00
Comm    | 0          | 0          | 0          |   0.0 |  0.00
Output  | 0          | 0          | 0          |   0.0 |  0.00
Modify  | 0          | 0          | 0          |   0.0 |  0.00
Other   |            | 1.28e-06   |            |       |100.00

Nlocal:             18 ave          18 max          18 min
Histogram: 1 0 0 0 0 0 0 0 0 0
Nghost:           4302 ave        4302 max        4302 min
Histogram: 1 0 0 0 0 0 0 0 0 0
Neighs:              0 ave           0 max           0 min
Histogram: 1 0 0 0 0 0 0 0 0 0
FullNghs:        16836 ave       16836 max       16836 min
Histogram: 1 0 0 0 0 0 0 0 0 0

Total # of neighbors = 16836
Ave neighs/atom = 935.33333
Neighbor list builds = 0
Dangerous builds = 0
set atom * x 0.0 y 0.0 z 0.0
Setting atom values ...
  18 settings made for x
  18 settings made for y
  18 settings made for z
change_box all     x final 0 2.5412286641387483 y final 0 8.499275388723436 z final 0 6.749681154404471      xy final 2.367193543199789 xz final 2.621529200432103 yz final -3.6376405065228083 units box
Changing box ...
  triclinic box = (0 0 0) to (2.5412287 8.4992754 6.7496812) with tilt (2.3671935 2.6215292 -3.6376405)
  triclinic box = (0 0 0) to (2.5412287 8.4992754 6.7496812) with tilt (2.3671935 2.6215292 -3.6376405)
  triclinic box = (0 0 0) to (2.5412287 8.4992754 6.7496812) with tilt (2.3671935 2.6215292 -3.6376405)
  triclinic box = (0 0 0) to (2.5412287 8.4992754 6.7496812) with tilt (2.3671935 2.6215292 -3.6376405)
  triclinic box = (0 0 0) to (2.5412287 8.4992754 6.7496812) with tilt (2.3671935 2.6215292 -3.6376405)
  triclinic box = (0 0 0) to (2.5412287 8.4992754 6.7496812) with tilt (2.3671935 2.6215292 -3.6376405)
echo none
run 0
Per MPI rank memory allocation (min/avg/max) = 4.329 | 4.329 | 4.329 Mbytes
    PotEng          Pxx           E_mol          E_coul    
-76.957255      3183.5555      0              0            
Loop time of 1.557e-06 on 1 procs for 0 steps with 18 atoms

642.3% CPU use with 1 MPI tasks x 1 OpenMP threads

MPI task timing breakdown:
Section |  min time  |  avg time  |  max time  |%varavg| %total
---------------------------------------------------------------
Pair    | 0          | 0          | 0          |   0.0 |  0.00
Neigh   | 0          | 0          | 0          |   0.0 |  0.00
Comm    | 0          | 0          | 0          |   0.0 |  0.00
Output  | 0          | 0          | 0          |   0.0 |  0.00
Modify  | 0          | 0          | 0          |   0.0 |  0.00
Other   |            | 1.557e-06  |            |       |100.00

Nlocal:             18 ave          18 max          18 min
Histogram: 1 0 0 0 0 0 0 0 0 0
Nghost:           4302 ave        4302 max        4302 min
Histogram: 1 0 0 0 0 0 0 0 0 0
Neighs:              0 ave           0 max           0 min
Histogram: 1 0 0 0 0 0 0 0 0 0
FullNghs:        16836 ave       16836 max       16836 min
Histogram: 1 0 0 0 0 0 0 0 0 0

Total # of neighbors = 16836
Ave neighs/atom = 935.33333
Neighbor list builds = 0
Dangerous builds = 0
set atom * x 0.0 y 0.0 z 0.0
Setting atom values ...
  18 settings made for x
  18 settings made for y
  18 settings made for z
change_box all     x final 0 2.5412777728562395 y final 0 8.510768550713017 z final 0 6.725838607650066      xy final 2.434227806879159 xz final 2.61796468812969 yz final -3.5990046716863957 units box
Changing box ...
  triclinic box = (0 0 0) to (2.5412778 8.4992754 6.7496812) with tilt (2.3671935 2.6215292 -3.6376405)
  triclinic box = (0 0 0) to (2.5412778 8.5107686 6.7496812) with tilt (2.3671935 2.6215292 -3.6376405)
  triclinic box = (0 0 0) to (2.5412778 8.5107686 6.7258386) with tilt (2.3671935 2.6215292 -3.6376405)
  triclinic box = (0 0 0) to (2.5412778 8.5107686 6.7258386) with tilt (2.4342278 2.6215292 -3.6376405)
  triclinic box = (0 0 0) to (2.5412778 8.5107686 6.7258386) with tilt (2.4342278 2.6179647 -3.6376405)
  triclinic box = (0 0 0) to (2.5412778 8.5107686 6.7258386) with tilt (2.4342278 2.6179647 -3.5990047)
echo none
run 0
Per MPI rank memory allocation (min/avg/max) = 4.329 | 4.329 | 4.329 Mbytes
    PotEng          Pxx           E_mol          E_coul    
-76.96043       3144.2351      0              0            
Loop time of 5.657e-06 on 1 procs for 0 steps with 18 atoms

477.3% CPU use with 1 MPI tasks x 1 OpenMP threads

MPI task timing breakdown:
Section |  min time  |  avg time  |  max time  |%varavg| %total
---------------------------------------------------------------
Pair    | 0          | 0          | 0          |   0.0 |  0.00
Neigh   | 0          | 0          | 0          |   0.0 |  0.00
Comm    | 0          | 0          | 0          |   0.0 |  0.00
Output  | 0          | 0          | 0          |   0.0 |  0.00
Modify  | 0          | 0          | 0          |   0.0 |  0.00
Other   |            | 5.657e-06  |            |       |100.00

Nlocal:             18 ave          18 max          18 min
Histogram: 1 0 0 0 0 0 0 0 0 0
Nghost:           4302 ave        4302 max        4302 min
Histogram: 1 0 0 0 0 0 0 0 0 0
Neighs:              0 ave           0 max           0 min
Histogram: 1 0 0 0 0 0 0 0 0 0
FullNghs:        16884 ave       16884 max       16884 min
Histogram: 1 0 0 0 0 0 0 0 0 0

Total # of neighbors = 16884
Ave neighs/atom = 938
Neighbor list builds = 0
Dangerous builds = 0
set atom * x 0.0 y 0.0 z 0.0
Setting atom values ...
  18 settings made for x
  18 settings made for y
  18 settings made for z
change_box all     x final 0 2.541277772856242 y final 0 8.510768550713022 z final 0 6.72583860765007      xy final 2.434227806879162 xz final 2.617964688129697 yz final -3.599004671686394 units box
Changing box ...
  triclinic box = (0 0 0) to (2.5412778 8.5107686 6.7258386) with tilt (2.4342278 2.6179647 -3.5990047)
  triclinic box = (0 0 0) to (2.5412778 8.5107686 6.7258386) with tilt (2.4342278 2.6179647 -3.5990047)
  triclinic box = (0 0 0) to (2.5412778 8.5107686 6.7258386) with tilt (2.4342278 2.6179647 -3.5990047)
  triclinic box = (0 0 0) to (2.5412778 8.5107686 6.7258386) with tilt (2.4342278 2.6179647 -3.5990047)
  triclinic box = (0 0 0) to (2.5412778 8.5107686 6.7258386) with tilt (2.4342278 2.6179647 -3.5990047)
  triclinic box = (0 0 0) to (2.5412778 8.5107686 6.7258386) with tilt (2.4342278 2.6179647 -3.5990047)
echo none
run 0
Per MPI rank memory allocation (min/avg/max) = 4.329 | 4.329 | 4.329 Mbytes
    PotEng          Pxx           E_mol          E_coul    
-76.96043       3144.2351      0              0            
Loop time of 1.367e-06 on 1 procs for 0 steps with 18 atoms

1024.1% CPU use with 1 MPI tasks x 1 OpenMP threads

MPI task timing breakdown:
Section |  min time  |  avg time  |  max time  |%varavg| %total
---------------------------------------------------------------
Pair    | 0          | 0          | 0          |   0.0 |  0.00
Neigh   | 0          | 0          | 0          |   0.0 |  0.00
Comm    | 0          | 0          | 0          |   0.0 |  0.00
Output  | 0          | 0          | 0          |   0.0 |  0.00
Modify  | 0          | 0          | 0          |   0.0 |  0.00
Other   |            | 1.367e-06  |            |       |100.00

Nlocal:             18 ave          18 max          18 min
Histogram: 1 0 0 0 0 0 0 0 0 0
Nghost:           4302 ave        4302 max        4302 min
Histogram: 1 0 0 0 0 0 0 0 0 0
Neighs:              0 ave           0 max           0 min
Histogram: 1 0 0 0 0 0 0 0 0 0
FullNghs:        16884 ave       16884 max       16884 min
Histogram: 1 0 0 0 0 0 0 0 0 0

Total # of neighbors = 16884
Ave neighs/atom = 938
Neighbor list builds = 0
Dangerous builds = 0
set atom * x 0.0 y 0.0 z 0.0
Setting atom values ...
  18 settings made for x
  18 settings made for y
  18 settings made for z
change_box all     x final 0 2.5427866245292954 y final 0 8.48056663197576 z final 0 6.687533978302544      xy final 2.4643163601524023 xz final 2.6054709827786984 yz final -3.5039956541156583 units box
Changing box ...
  triclinic box = (0 0 0) to (2.5427866 8.5107686 6.7258386) with tilt (2.4342278 2.6179647 -3.5990047)
  triclinic box = (0 0 0) to (2.5427866 8.4805666 6.7258386) with tilt (2.4342278 2.6179647 -3.5990047)
  triclinic box = (0 0 0) to (2.5427866 8.4805666 6.687534) with tilt (2.4342278 2.6179647 -3.5990047)
  triclinic box = (0 0 0) to (2.5427866 8.4805666 6.687534) with tilt (2.4643164 2.6179647 -3.5990047)
  triclinic box = (0 0 0) to (2.5427866 8.4805666 6.687534) with tilt (2.4643164 2.605471 -3.5990047)
  triclinic box = (0 0 0) to (2.5427866 8.4805666 6.687534) with tilt (2.4643164 2.605471 -3.5039957)
echo none
run 0
Per MPI rank memory allocation (min/avg/max) = 4.329 | 4.329 | 4.329 Mbytes
    PotEng          Pxx           E_mol          E_coul    
-76.964101      2063.0484      0              0            
Loop time of 1.429e-06 on 1 procs for 0 steps with 18 atoms

839.7% CPU use with 1 MPI tasks x 1 OpenMP threads

MPI task timing breakdown:
Section |  min time  |  avg time  |  max time  |%varavg| %total
---------------------------------------------------------------
Pair    | 0          | 0          | 0          |   0.0 |  0.00
Neigh   | 0          | 0          | 0          |   0.0 |  0.00
Comm    | 0          | 0          | 0          |   0.0 |  0.00
Output  | 0          | 0          | 0          |   0.0 |  0.00
Modify  | 0          | 0          | 0          |   0.0 |  0.00
Other   |            | 1.429e-06  |            |       |100.00

Nlocal:             18 ave          18 max          18 min
Histogram: 1 0 0 0 0 0 0 0 0 0
Nghost:           4327 ave        4327 max        4327 min
Histogram: 1 0 0 0 0 0 0 0 0 0
Neighs:              0 ave           0 max           0 min
Histogram: 1 0 0 0 0 0 0 0 0 0
FullNghs:        17038 ave       17038 max       17038 min
Histogram: 1 0 0 0 0 0 0 0 0 0

Total # of neighbors = 17038
Ave neighs/atom = 946.55556
Neighbor list builds = 0
Dangerous builds = 0
set atom * x 0.0 y 0.0 z 0.0
Setting atom values ...
  18 settings made for x
  18 settings made for y
  18 settings made for z
change_box all     x final 0 2.542786624529297 y final 0 8.480566631975762 z final 0 6.687533978302544      xy final 2.464316360152401 xz final 2.6054709827787006 yz final -3.50399565411566 units box
Changing box ...
  triclinic box = (0 0 0) to (2.5427866 8.4805666 6.687534) with tilt (2.4643164 2.605471 -3.5039957)
  triclinic box = (0 0 0) to (2.5427866 8.4805666 6.687534) with tilt (2.4643164 2.605471 -3.5039957)
  triclinic box = (0 0 0) to (2.5427866 8.4805666 6.687534) with tilt (2.4643164 2.605471 -3.5039957)
  triclinic box = (0 0 0) to (2.5427866 8.4805666 6.687534) with tilt (2.4643164 2.605471 -3.5039957)
  triclinic box = (0 0 0) to (2.5427866 8.4805666 6.687534) with tilt (2.4643164 2.605471 -3.5039957)
  triclinic box = (0 0 0) to (2.5427866 8.4805666 6.687534) with tilt (2.4643164 2.605471 -3.5039957)
echo none
run 0
Per MPI rank memory allocation (min/avg/max) = 4.329 | 4.329 | 4.329 Mbytes
    PotEng          Pxx           E_mol          E_coul    
-76.964101      2063.0484      0              0            
Loop time of 1.694e-06 on 1 procs for 0 steps with 18 atoms

1062.6% CPU use with 1 MPI tasks x 1 OpenMP threads

MPI task timing breakdown:
Section |  min time  |  avg time  |  max time  |%varavg| %total
---------------------------------------------------------------
Pair    | 0          | 0          | 0          |   0.0 |  0.00
Neigh   | 0          | 0          | 0          |   0.0 |  0.00
Comm    | 0          | 0          | 0          |   0.0 |  0.00
Output  | 0          | 0          | 0          |   0.0 |  0.00
Modify  | 0          | 0          | 0          |   0.0 |  0.00
Other   |            | 1.694e-06  |            |       |100.00

Nlocal:             18 ave          18 max          18 min
Histogram: 1 0 0 0 0 0 0 0 0 0
Nghost:           4327 ave        4327 max        4327 min
Histogram: 1 0 0 0 0 0 0 0 0 0
Neighs:              0 ave           0 max           0 min
Histogram: 1 0 0 0 0 0 0 0 0 0
FullNghs:        17038 ave       17038 max       17038 min
Histogram: 1 0 0 0 0 0 0 0 0 0

Total # of neighbors = 17038
Ave neighs/atom = 946.55556
Neighbor list builds = 0
Dangerous builds = 0
set atom * x 0.0 y 0.0 z 0.0
Setting atom values ...
  18 settings made for x
  18 settings made for y
  18 settings made for z
change_box all     x final 0 2.543048833577848 y final 0 8.467047238546545 z final 0 6.65348939341579      xy final 2.5087765375913116 xz final 2.5878136957280033 yz final -3.4114724243380192 units box
Changing box ...
  triclinic box = (0 0 0) to (2.5430488 8.4805666 6.687534) with tilt (2.4643164 2.605471 -3.5039957)
  triclinic box = (0 0 0) to (2.5430488 8.4670472 6.687534) with tilt (2.4643164 2.605471 -3.5039957)
  triclinic box = (0 0 0) to (2.5430488 8.4670472 6.6534894) with tilt (2.4643164 2.605471 -3.5039957)
  triclinic box = (0 0 0) to (2.5430488 8.4670472 6.6534894) with tilt (2.5087765 2.605471 -3.5039957)
  triclinic box = (0 0 0) to (2.5430488 8.4670472 6.6534894) with tilt (2.5087765 2.5878137 -3.5039957)
  triclinic box = (0 0 0) to (2.5430488 8.4670472 6.6534894) with tilt (2.5087765 2.5878137 -3.4114724)
echo none
run 0
Per MPI rank memory allocation (min/avg/max) = 4.329 | 4.329 | 4.329 Mbytes
    PotEng          Pxx           E_mol          E_coul    
-76.967986      1768.2126      0              0            
Loop time of 1.549e-06 on 1 procs for 0 steps with 18 atoms

903.8% CPU use with 1 MPI tasks x 1 OpenMP threads

MPI task timing breakdown:
Section |  min time  |  avg time  |  max time  |%varavg| %total
---------------------------------------------------------------
Pair    | 0          | 0          | 0          |   0.0 |  0.00
Neigh   | 0          | 0          | 0          |   0.0 |  0.00
Comm    | 0          | 0          | 0          |   0.0 |  0.00
Output  | 0          | 0          | 0          |   0.0 |  0.00
Modify  | 0          | 0          | 0          |   0.0 |  0.00
Other   |            | 1.549e-06  |            |       |100.00

Nlocal:             18 ave          18 max          18 min
Histogram: 1 0 0 0 0 0 0 0 0 0
Nghost:           4327 ave        4327 max        4327 min
Histogram: 1 0 0 0 0 0 0 0 0 0
Neighs:              0 ave           0 max           0 min
Histogram: 1 0 0 0 0 0 0 0 0 0
FullNghs:        17138 ave       17138 max       17138 min
Histogram: 1 0 0 0 0 0 0 0 0 0

Total # of neighbors = 17138
Ave neighs/atom = 952.11111
Neighbor list builds = 0
Dangerous builds = 0
set atom * x 0.0 y 0.0 z 0.0
Setting atom values ...
  18 settings made for x
  18 settings made for y
  18 settings made for z
change_box all     x final 0 2.543048833577846 y final 0 8.467047238546547 z final 0 6.653489393415789      xy final 2.508776537591312 xz final 2.587813695728 yz final -3.4114724243380183 units box
Changing box ...
  triclinic box = (0 0 0) to (2.5430488 8.4670472 6.6534894) with tilt (2.5087765 2.5878137 -3.4114724)
  triclinic box = (0 0 0) to (2.5430488 8.4670472 6.6534894) with tilt (2.5087765 2.5878137 -3.4114724)
  triclinic box = (0 0 0) to (2.5430488 8.4670472 6.6534894) with tilt (2.5087765 2.5878137 -3.4114724)
  triclinic box = (0 0 0) to (2.5430488 8.4670472 6.6534894) with tilt (2.5087765 2.5878137 -3.4114724)
  triclinic box = (0 0 0) to (2.5430488 8.4670472 6.6534894) with tilt (2.5087765 2.5878137 -3.4114724)
  triclinic box = (0 0 0) to (2.5430488 8.4670472 6.6534894) with tilt (2.5087765 2.5878137 -3.4114724)
echo none
run 0
Per MPI rank memory allocation (min/avg/max) = 4.329 | 4.329 | 4.329 Mbytes
    PotEng          Pxx           E_mol          E_coul    
-76.967986      1768.2126      0              0            
Loop time of 1.22e-06 on 1 procs for 0 steps with 18 atoms

327.9% CPU use with 1 MPI tasks x 1 OpenMP threads

MPI task timing breakdown:
Section |  min time  |  avg time  |  max time  |%varavg| %total
---------------------------------------------------------------
Pair    | 0          | 0          | 0          |   0.0 |  0.00
Neigh   | 0          | 0          | 0          |   0.0 |  0.00
Comm    | 0          | 0          | 0          |   0.0 |  0.00
Output  | 0          | 0          | 0          |   0.0 |  0.00
Modify  | 0          | 0          | 0          |   0.0 |  0.00
Other   |            | 1.22e-06   |            |       |100.00

Nlocal:             18 ave          18 max          18 min
Histogram: 1 0 0 0 0 0 0 0 0 0
Nghost:           4327 ave        4327 max        4327 min
Histogram: 1 0 0 0 0 0 0 0 0 0
Neighs:              0 ave           0 max           0 min
Histogram: 1 0 0 0 0 0 0 0 0 0
FullNghs:        17138 ave       17138 max       17138 min
Histogram: 1 0 0 0 0 0 0 0 0 0

Total # of neighbors = 17138
Ave neighs/atom = 952.11111
Neighbor list builds = 0
Dangerous builds = 0
set atom * x 0.0 y 0.0 z 0.0
Setting atom values ...
  18 settings made for x
  18 settings made for y
  18 settings made for z
change_box all     x final 0 2.5440678388242617 y final 0 8.435505452752317 z final 0 6.65180002156696      xy final 2.4577356678875795 xz final 2.569825294602327 yz final -3.387491665483478 units box
Changing box ...
  triclinic box = (0 0 0) to (2.5440678 8.4670472 6.6534894) with tilt (2.5087765 2.5878137 -3.4114724)
  triclinic box = (0 0 0) to (2.5440678 8.4355055 6.6534894) with tilt (2.5087765 2.5878137 -3.4114724)
  triclinic box = (0 0 0) to (2.5440678 8.4355055 6.6518) with tilt (2.5087765 2.5878137 -3.4114724)
  triclinic box = (0 0 0) to (2.5440678 8.4355055 6.6518) with tilt (2.4577357 2.5878137 -3.4114724)
  triclinic box = (0 0 0) to (2.5440678 8.4355055 6.6518) with tilt (2.4577357 2.5698253 -3.4114724)
  triclinic box = (0 0 0) to (2.5440678 8.4355055 6.6518) with tilt (2.4577357 2.5698253 -3.3874917)
echo none
run 0
Per MPI rank memory allocation (min/avg/max) = 4.329 | 4.329 | 4.329 Mbytes
    PotEng          Pxx           E_mol          E_coul    
-76.972876      473.04976      0              0            
Loop time of 1.309e-06 on 1 procs for 0 steps with 18 atoms

1222.3% CPU use with 1 MPI tasks x 1 OpenMP threads

MPI task timing breakdown:
Section |  min time  |  avg time  |  max time  |%varavg| %total
---------------------------------------------------------------
Pair    | 0          | 0          | 0          |   0.0 |  0.00
Neigh   | 0          | 0          | 0          |   0.0 |  0.00
Comm    | 0          | 0          | 0          |   0.0 |  0.00
Output  | 0          | 0          | 0          |   0.0 |  0.00
Modify  | 0          | 0          | 0          |   0.0 |  0.00
Other   |            | 1.309e-06  |            |       |100.00

Nlocal:             18 ave          18 max          18 min
Histogram: 1 0 0 0 0 0 0 0 0 0
Nghost:           4327 ave        4327 max        4327 min
Histogram: 1 0 0 0 0 0 0 0 0 0
Neighs:              0 ave           0 max           0 min
Histogram: 1 0 0 0 0 0 0 0 0 0
FullNghs:        17178 ave       17178 max       17178 min
Histogram: 1 0 0 0 0 0 0 0 0 0

Total # of neighbors = 17178
Ave neighs/atom = 954.33333
Neighbor list builds = 0
Dangerous builds = 0
set atom * x 0.0 y 0.0 z 0.0
Setting atom values ...
  18 settings made for x
  18 settings made for y
  18 settings made for z
change_box all     x final 0 2.5440678388242626 y final 0 8.435505452752313 z final 0 6.651800021566959      xy final 2.45773566788758 xz final 2.5698252946023263 yz final -3.3874916654834792 units box
Changing box ...
  triclinic box = (0 0 0) to (2.5440678 8.4355055 6.6518) with tilt (2.4577357 2.5698253 -3.3874917)
  triclinic box = (0 0 0) to (2.5440678 8.4355055 6.6518) with tilt (2.4577357 2.5698253 -3.3874917)
  triclinic box = (0 0 0) to (2.5440678 8.4355055 6.6518) with tilt (2.4577357 2.5698253 -3.3874917)
  triclinic box = (0 0 0) to (2.5440678 8.4355055 6.6518) with tilt (2.4577357 2.5698253 -3.3874917)
  triclinic box = (0 0 0) to (2.5440678 8.4355055 6.6518) with tilt (2.4577357 2.5698253 -3.3874917)
  triclinic box = (0 0 0) to (2.5440678 8.4355055 6.6518) with tilt (2.4577357 2.5698253 -3.3874917)
echo none
run 0
Per MPI rank memory allocation (min/avg/max) = 4.329 | 4.329 | 4.329 Mbytes
    PotEng          Pxx           E_mol          E_coul    
-76.972876      473.04976      0              0            
Loop time of 1.403e-06 on 1 procs for 0 steps with 18 atoms

498.9% CPU use with 1 MPI tasks x 1 OpenMP threads

MPI task timing breakdown:
Section |  min time  |  avg time  |  max time  |%varavg| %total
---------------------------------------------------------------
Pair    | 0          | 0          | 0          |   0.0 |  0.00
Neigh   | 0          | 0          | 0          |   0.0 |  0.00
Comm    | 0          | 0          | 0          |   0.0 |  0.00
Output  | 0          | 0          | 0          |   0.0 |  0.00
Modify  | 0          | 0          | 0          |   0.0 |  0.00
Other   |            | 1.403e-06  |            |       |100.00

Nlocal:             18 ave          18 max          18 min
Histogram: 1 0 0 0 0 0 0 0 0 0
Nghost:           4327 ave        4327 max        4327 min
Histogram: 1 0 0 0 0 0 0 0 0 0
Neighs:              0 ave           0 max           0 min
Histogram: 1 0 0 0 0 0 0 0 0 0
FullNghs:        17178 ave       17178 max       17178 min
Histogram: 1 0 0 0 0 0 0 0 0 0

Total # of neighbors = 17178
Ave neighs/atom = 954.33333
Neighbor list builds = 0
Dangerous builds = 0
set atom * x 0.0 y 0.0 z 0.0
Setting atom values ...
  18 settings made for x
  18 settings made for y
  18 settings made for z
change_box all     x final 0 2.5459633428060133 y final 0 8.458380558974353 z final 0 6.6032462534846035      xy final 2.43277919085397 xz final 2.603668942386791 yz final -3.3456959925945284 units box
Changing box ...
  triclinic box = (0 0 0) to (2.5459633 8.4355055 6.6518) with tilt (2.4577357 2.5698253 -3.3874917)
  triclinic box = (0 0 0) to (2.5459633 8.4583806 6.6518) with tilt (2.4577357 2.5698253 -3.3874917)
  triclinic box = (0 0 0) to (2.5459633 8.4583806 6.6032463) with tilt (2.4577357 2.5698253 -3.3874917)
  triclinic box = (0 0 0) to (2.5459633 8.4583806 6.6032463) with tilt (2.4327792 2.5698253 -3.3874917)
  triclinic box = (0 0 0) to (2.5459633 8.4583806 6.6032463) with tilt (2.4327792 2.6036689 -3.3874917)
  triclinic box = (0 0 0) to (2.5459633 8.4583806 6.6032463) with tilt (2.4327792 2.6036689 -3.345696)
echo none
run 0
Per MPI rank memory allocation (min/avg/max) = 4.329 | 4.329 | 4.329 Mbytes
    PotEng          Pxx           E_mol          E_coul    
-76.977117     -1568.6673      0              0            
Loop time of 1.403e-06 on 1 procs for 0 steps with 18 atoms

926.6% CPU use with 1 MPI tasks x 1 OpenMP threads

MPI task timing breakdown:
Section |  min time  |  avg time  |  max time  |%varavg| %total
---------------------------------------------------------------
Pair    | 0          | 0          | 0          |   0.0 |  0.00
Neigh   | 0          | 0          | 0          |   0.0 |  0.00
Comm    | 0          | 0          | 0          |   0.0 |  0.00
Output  | 0          | 0          | 0          |   0.0 |  0.00
Modify  | 0          | 0          | 0          |   0.0 |  0.00
Other   |            | 1.403e-06  |            |       |100.00

Nlocal:             18 ave          18 max          18 min
Histogram: 1 0 0 0 0 0 0 0 0 0
Nghost:           4392 ave        4392 max        4392 min
Histogram: 1 0 0 0 0 0 0 0 0 0
Neighs:              0 ave           0 max           0 min
Histogram: 1 0 0 0 0 0 0 0 0 0
FullNghs:        17240 ave       17240 max       17240 min
Histogram: 1 0 0 0 0 0 0 0 0 0

Total # of neighbors = 17240
Ave neighs/atom = 957.77778
Neighbor list builds = 0
Dangerous builds = 0
set atom * x 0.0 y 0.0 z 0.0
Setting atom values ...
  18 settings made for x
  18 settings made for y
  18 settings made for z
change_box all     x final 0 2.5459633428060116 y final 0 8.458380558974355 z final 0 6.603246253484606      xy final 2.4327791908539713 xz final 2.603668942386788 yz final -3.345695992594527 units box
Changing box ...
  triclinic box = (0 0 0) to (2.5459633 8.4583806 6.6032463) with tilt (2.4327792 2.6036689 -3.345696)
  triclinic box = (0 0 0) to (2.5459633 8.4583806 6.6032463) with tilt (2.4327792 2.6036689 -3.345696)
  triclinic box = (0 0 0) to (2.5459633 8.4583806 6.6032463) with tilt (2.4327792 2.6036689 -3.345696)
  triclinic box = (0 0 0) to (2.5459633 8.4583806 6.6032463) with tilt (2.4327792 2.6036689 -3.345696)
  triclinic box = (0 0 0) to (2.5459633 8.4583806 6.6032463) with tilt (2.4327792 2.6036689 -3.345696)
  triclinic box = (0 0 0) to (2.5459633 8.4583806 6.6032463) with tilt (2.4327792 2.6036689 -3.345696)
echo none
run 0
Per MPI rank memory allocation (min/avg/max) = 4.329 | 4.329 | 4.329 Mbytes
    PotEng          Pxx           E_mol          E_coul    
-76.977117     -1568.6673      0              0            
Loop time of 1.441e-06 on 1 procs for 0 steps with 18 atoms

1040.9% CPU use with 1 MPI tasks x 1 OpenMP threads

MPI task timing breakdown:
Section |  min time  |  avg time  |  max time  |%varavg| %total
---------------------------------------------------------------
Pair    | 0          | 0          | 0          |   0.0 |  0.00
Neigh   | 0          | 0          | 0          |   0.0 |  0.00
Comm    | 0          | 0          | 0          |   0.0 |  0.00
Output  | 0          | 0          | 0          |   0.0 |  0.00
Modify  | 0          | 0          | 0          |   0.0 |  0.00
Other   |            | 1.441e-06  |            |       |100.00

Nlocal:             18 ave          18 max          18 min
Histogram: 1 0 0 0 0 0 0 0 0 0
Nghost:           4392 ave        4392 max        4392 min
Histogram: 1 0 0 0 0 0 0 0 0 0
Neighs:              0 ave           0 max           0 min
Histogram: 1 0 0 0 0 0 0 0 0 0
FullNghs:        17240 ave       17240 max       17240 min
Histogram: 1 0 0 0 0 0 0 0 0 0

Total # of neighbors = 17240
Ave neighs/atom = 957.77778
Neighbor list builds = 0
Dangerous builds = 0
set atom * x 0.0 y 0.0 z 0.0
Setting atom values ...
  18 settings made for x
  18 settings made for y
  18 settings made for z
change_box all     x final 0 2.544684902024471 y final 0 8.46463063043162 z final 0 6.6018449512959165      xy final 2.4000700773432375 xz final 2.602052826918632 yz final -3.3344786611941104 units box
Changing box ...
  triclinic box = (0 0 0) to (2.5446849 8.4583806 6.6032463) with tilt (2.4327792 2.6036689 -3.345696)
  triclinic box = (0 0 0) to (2.5446849 8.4646306 6.6032463) with tilt (2.4327792 2.6036689 -3.345696)
  triclinic box = (0 0 0) to (2.5446849 8.4646306 6.601845) with tilt (2.4327792 2.6036689 -3.345696)
  triclinic box = (0 0 0) to (2.5446849 8.4646306 6.601845) with tilt (2.4000701 2.6036689 -3.345696)
  triclinic box = (0 0 0) to (2.5446849 8.4646306 6.601845) with tilt (2.4000701 2.6020528 -3.345696)
  triclinic box = (0 0 0) to (2.5446849 8.4646306 6.601845) with tilt (2.4000701 2.6020528 -3.3344787)
echo none
run 0
Per MPI rank memory allocation (min/avg/max) = 4.329 | 4.329 | 4.329 Mbytes
    PotEng          Pxx           E_mol          E_coul    
-76.981783     -915.4613       0              0            
Loop time of 1.246e-06 on 1 procs for 0 steps with 18 atoms

802.6% CPU use with 1 MPI tasks x 1 OpenMP threads

MPI task timing breakdown:
Section |  min time  |  avg time  |  max time  |%varavg| %total
---------------------------------------------------------------
Pair    | 0          | 0          | 0          |   0.0 |  0.00
Neigh   | 0          | 0          | 0          |   0.0 |  0.00
Comm    | 0          | 0          | 0          |   0.0 |  0.00
Output  | 0          | 0          | 0          |   0.0 |  0.00
Modify  | 0          | 0          | 0          |   0.0 |  0.00
Other   |            | 1.246e-06  |            |       |100.00

Nlocal:             18 ave          18 max          18 min
Histogram: 1 0 0 0 0 0 0 0 0 0
Nghost:           4392 ave        4392 max        4392 min
Histogram: 1 0 0 0 0 0 0 0 0 0
Neighs:              0 ave           0 max           0 min
Histogram: 1 0 0 0 0 0 0 0 0 0
FullNghs:        17240 ave       17240 max       17240 min
Histogram: 1 0 0 0 0 0 0 0 0 0

Total # of neighbors = 17240
Ave neighs/atom = 957.77778
Neighbor list builds = 0
Dangerous builds = 0
set atom * x 0.0 y 0.0 z 0.0
Setting atom values ...
  18 settings made for x
  18 settings made for y
  18 settings made for z
change_box all     x final 0 2.54468490202447 y final 0 8.46463063043162 z final 0 6.601844951295919      xy final 2.400070077343238 xz final 2.6020528269186336 yz final -3.3344786611941086 units box
Changing box ...
  triclinic box = (0 0 0) to (2.5446849 8.4646306 6.601845) with tilt (2.4000701 2.6020528 -3.3344787)
  triclinic box = (0 0 0) to (2.5446849 8.4646306 6.601845) with tilt (2.4000701 2.6020528 -3.3344787)
  triclinic box = (0 0 0) to (2.5446849 8.4646306 6.601845) with tilt (2.4000701 2.6020528 -3.3344787)
  triclinic box = (0 0 0) to (2.5446849 8.4646306 6.601845) with tilt (2.4000701 2.6020528 -3.3344787)
  triclinic box = (0 0 0) to (2.5446849 8.4646306 6.601845) with tilt (2.4000701 2.6020528 -3.3344787)
  triclinic box = (0 0 0) to (2.5446849 8.4646306 6.601845) with tilt (2.4000701 2.6020528 -3.3344787)
echo none
run 0
Per MPI rank memory allocation (min/avg/max) = 4.329 | 4.329 | 4.329 Mbytes
    PotEng          Pxx           E_mol          E_coul    
-76.981783     -915.4613       0              0            
Loop time of 2.065e-06 on 1 procs for 0 steps with 18 atoms

774.8% CPU use with 1 MPI tasks x 1 OpenMP threads

MPI task timing breakdown:
Section |  min time  |  avg time  |  max time  |%varavg| %total
---------------------------------------------------------------
Pair    | 0          | 0          | 0          |   0.0 |  0.00
Neigh   | 0          | 0          | 0          |   0.0 |  0.00
Comm    | 0          | 0          | 0          |   0.0 |  0.00
Output  | 0          | 0          | 0          |   0.0 |  0.00
Modify  | 0          | 0          | 0          |   0.0 |  0.00
Other   |            | 2.065e-06  |            |       |100.00

Nlocal:             18 ave          18 max          18 min
Histogram: 1 0 0 0 0 0 0 0 0 0
Nghost:           4392 ave        4392 max        4392 min
Histogram: 1 0 0 0 0 0 0 0 0 0
Neighs:              0 ave           0 max           0 min
Histogram: 1 0 0 0 0 0 0 0 0 0
FullNghs:        17240 ave       17240 max       17240 min
Histogram: 1 0 0 0 0 0 0 0 0 0

Total # of neighbors = 17240
Ave neighs/atom = 957.77778
Neighbor list builds = 0
Dangerous builds = 0
set atom * x 0.0 y 0.0 z 0.0
Setting atom values ...
  18 settings made for x
  18 settings made for y
  18 settings made for z
change_box all     x final 0 2.5433747414626846 y final 0 8.483786605040208 z final 0 6.562066800668732      xy final 2.339628947120885 xz final 2.5196299375079665 yz final -3.3429428975986113 units box
Changing box ...
  triclinic box = (0 0 0) to (2.5433747 8.4646306 6.601845) with tilt (2.4000701 2.6020528 -3.3344787)
  triclinic box = (0 0 0) to (2.5433747 8.4837866 6.601845) with tilt (2.4000701 2.6020528 -3.3344787)
  triclinic box = (0 0 0) to (2.5433747 8.4837866 6.5620668) with tilt (2.4000701 2.6020528 -3.3344787)
  triclinic box = (0 0 0) to (2.5433747 8.4837866 6.5620668) with tilt (2.3396289 2.6020528 -3.3344787)
  triclinic box = (0 0 0) to (2.5433747 8.4837866 6.5620668) with tilt (2.3396289 2.5196299 -3.3344787)
  triclinic box = (0 0 0) to (2.5433747 8.4837866 6.5620668) with tilt (2.3396289 2.5196299 -3.3429429)
echo none
run 0
Per MPI rank memory allocation (min/avg/max) = 4.329 | 4.329 | 4.329 Mbytes
    PotEng          Pxx           E_mol          E_coul    
-76.986964      617.9746       0              0            
Loop time of 1.462e-06 on 1 procs for 0 steps with 18 atoms

889.2% CPU use with 1 MPI tasks x 1 OpenMP threads

MPI task timing breakdown:
Section |  min time  |  avg time  |  max time  |%varavg| %total
---------------------------------------------------------------
Pair    | 0          | 0          | 0          |   0.0 |  0.00
Neigh   | 0          | 0          | 0          |   0.0 |  0.00
Comm    | 0          | 0          | 0          |   0.0 |  0.00
Output  | 0          | 0          | 0          |   0.0 |  0.00
Modify  | 0          | 0          | 0          |   0.0 |  0.00
Other   |            | 1.462e-06  |            |       |100.00

Nlocal:             18 ave          18 max          18 min
Histogram: 1 0 0 0 0 0 0 0 0 0
Nghost:           4367 ave        4367 max        4367 min
Histogram: 1 0 0 0 0 0 0 0 0 0
Neighs:              0 ave           0 max           0 min
Histogram: 1 0 0 0 0 0 0 0 0 0
FullNghs:        17316 ave       17316 max       17316 min
Histogram: 1 0 0 0 0 0 0 0 0 0

Total # of neighbors = 17316
Ave neighs/atom = 962
Neighbor list builds = 0
Dangerous builds = 0
set atom * x 0.0 y 0.0 z 0.0
Setting atom values ...
  18 settings made for x
  18 settings made for y
  18 settings made for z
change_box all     x final 0 2.5433747414626837 y final 0 8.483786605040207 z final 0 6.562066800668736      xy final 2.3396289471208833 xz final 2.5196299375079643 yz final -3.3429428975986104 units box
Changing box ...
  triclinic box = (0 0 0) to (2.5433747 8.4837866 6.5620668) with tilt (2.3396289 2.5196299 -3.3429429)
  triclinic box = (0 0 0) to (2.5433747 8.4837866 6.5620668) with tilt (2.3396289 2.5196299 -3.3429429)
  triclinic box = (0 0 0) to (2.5433747 8.4837866 6.5620668) with tilt (2.3396289 2.5196299 -3.3429429)
  triclinic box = (0 0 0) to (2.5433747 8.4837866 6.5620668) with tilt (2.3396289 2.5196299 -3.3429429)
  triclinic box = (0 0 0) to (2.5433747 8.4837866 6.5620668) with tilt (2.3396289 2.5196299 -3.3429429)
  triclinic box = (0 0 0) to (2.5433747 8.4837866 6.5620668) with tilt (2.3396289 2.5196299 -3.3429429)
echo none
run 0
Per MPI rank memory allocation (min/avg/max) = 4.329 | 4.329 | 4.329 Mbytes
    PotEng          Pxx           E_mol          E_coul    
-76.986964      617.9746       0              0            
Loop time of 1.385e-06 on 1 procs for 0 steps with 18 atoms

649.8% CPU use with 1 MPI tasks x 1 OpenMP threads

MPI task timing breakdown:
Section |  min time  |  avg time  |  max time  |%varavg| %total
---------------------------------------------------------------
Pair    | 0          | 0          | 0          |   0.0 |  0.00
Neigh   | 0          | 0          | 0          |   0.0 |  0.00
Comm    | 0          | 0          | 0          |   0.0 |  0.00
Output  | 0          | 0          | 0          |   0.0 |  0.00
Modify  | 0          | 0          | 0          |   0.0 |  0.00
Other   |            | 1.385e-06  |            |       |100.00

Nlocal:             18 ave          18 max          18 min
Histogram: 1 0 0 0 0 0 0 0 0 0
Nghost:           4367 ave        4367 max        4367 min
Histogram: 1 0 0 0 0 0 0 0 0 0
Neighs:              0 ave           0 max           0 min
Histogram: 1 0 0 0 0 0 0 0 0 0
FullNghs:        17316 ave       17316 max       17316 min
Histogram: 1 0 0 0 0 0 0 0 0 0

Total # of neighbors = 17316
Ave neighs/atom = 962
Neighbor list builds = 0
Dangerous builds = 0
set atom * x 0.0 y 0.0 z 0.0
Setting atom values ...
  18 settings made for x
  18 settings made for y
  18 settings made for z
change_box all     x final 0 2.543306882475699 y final 0 8.465573383781622 z final 0 6.545586298089053      xy final 2.31711083067177 xz final 2.562854700743562 yz final -3.2416378312561522 units box
Changing box ...
  triclinic box = (0 0 0) to (2.5433069 8.4837866 6.5620668) with tilt (2.3396289 2.5196299 -3.3429429)
  triclinic box = (0 0 0) to (2.5433069 8.4655734 6.5620668) with tilt (2.3396289 2.5196299 -3.3429429)
  triclinic box = (0 0 0) to (2.5433069 8.4655734 6.5455863) with tilt (2.3396289 2.5196299 -3.3429429)
  triclinic box = (0 0 0) to (2.5433069 8.4655734 6.5455863) with tilt (2.3171108 2.5196299 -3.3429429)
  triclinic box = (0 0 0) to (2.5433069 8.4655734 6.5455863) with tilt (2.3171108 2.5628547 -3.3429429)
  triclinic box = (0 0 0) to (2.5433069 8.4655734 6.5455863) with tilt (2.3171108 2.5628547 -3.2416378)
echo none
run 0
Per MPI rank memory allocation (min/avg/max) = 4.329 | 4.329 | 4.329 Mbytes
    PotEng          Pxx           E_mol          E_coul    
-76.988186      834.51718      0              0            
Loop time of 1.765e-06 on 1 procs for 0 steps with 18 atoms

1133.1% CPU use with 1 MPI tasks x 1 OpenMP threads

MPI task timing breakdown:
Section |  min time  |  avg time  |  max time  |%varavg| %total
---------------------------------------------------------------
Pair    | 0          | 0          | 0          |   0.0 |  0.00
Neigh   | 0          | 0          | 0          |   0.0 |  0.00
Comm    | 0          | 0          | 0          |   0.0 |  0.00
Output  | 0          | 0          | 0          |   0.0 |  0.00
Modify  | 0          | 0          | 0          |   0.0 |  0.00
Other   |            | 1.765e-06  |            |       |100.00

Nlocal:             18 ave          18 max          18 min
Histogram: 1 0 0 0 0 0 0 0 0 0
Nghost:           4415 ave        4415 max        4415 min
Histogram: 1 0 0 0 0 0 0 0 0 0
Neighs:              0 ave           0 max           0 min
Histogram: 1 0 0 0 0 0 0 0 0 0
FullNghs:        17414 ave       17414 max       17414 min
Histogram: 1 0 0 0 0 0 0 0 0 0

Total # of neighbors = 17414
Ave neighs/atom = 967.44444
Neighbor list builds = 0
Dangerous builds = 0
set atom * x 0.0 y 0.0 z 0.0
Setting atom values ...
  18 settings made for x
  18 settings made for y
  18 settings made for z
change_box all     x final 0 2.543335337690696 y final 0 8.474472128015787 z final 0 6.553792270563424      xy final 2.3281406328883967 xz final 2.541612010529424 yz final -3.2915509069462248 units box
Changing box ...
  triclinic box = (0 0 0) to (2.5433353 8.4655734 6.5455863) with tilt (2.3171108 2.5628547 -3.2416378)
  triclinic box = (0 0 0) to (2.5433353 8.4744721 6.5455863) with tilt (2.3171108 2.5628547 -3.2416378)
  triclinic box = (0 0 0) to (2.5433353 8.4744721 6.5537923) with tilt (2.3171108 2.5628547 -3.2416378)
  triclinic box = (0 0 0) to (2.5433353 8.4744721 6.5537923) with tilt (2.3281406 2.5628547 -3.2416378)
  triclinic box = (0 0 0) to (2.5433353 8.4744721 6.5537923) with tilt (2.3281406 2.541612 -3.2416378)
  triclinic box = (0 0 0) to (2.5433353 8.4744721 6.5537923) with tilt (2.3281406 2.541612 -3.2915509)
echo none
run 0
Per MPI rank memory allocation (min/avg/max) = 4.329 | 4.329 | 4.329 Mbytes
    PotEng          Pxx           E_mol          E_coul    
-76.990158      740.76636      0              0            
Loop time of 1.638e-06 on 1 procs for 0 steps with 18 atoms

854.7% CPU use with 1 MPI tasks x 1 OpenMP threads

MPI task timing breakdown:
Section |  min time  |  avg time  |  max time  |%varavg| %total
---------------------------------------------------------------
Pair    | 0          | 0          | 0          |   0.0 |  0.00
Neigh   | 0          | 0          | 0          |   0.0 |  0.00
Comm    | 0          | 0          | 0          |   0.0 |  0.00
Output  | 0          | 0          | 0          |   0.0 |  0.00
Modify  | 0          | 0          | 0          |   0.0 |  0.00
Other   |            | 1.638e-06  |            |       |100.00

Nlocal:             18 ave          18 max          18 min
Histogram: 1 0 0 0 0 0 0 0 0 0
Nghost:           4367 ave        4367 max        4367 min
Histogram: 1 0 0 0 0 0 0 0 0 0
Neighs:              0 ave           0 max           0 min
Histogram: 1 0 0 0 0 0 0 0 0 0
FullNghs:        17366 ave       17366 max       17366 min
Histogram: 1 0 0 0 0 0 0 0 0 0

Total # of neighbors = 17366
Ave neighs/atom = 964.77778
Neighbor list builds = 0
Dangerous builds = 0
set atom * x 0.0 y 0.0 z 0.0
Setting atom values ...
  18 settings made for x
  18 settings made for y
  18 settings made for z
change_box all     x final 0 2.543335337690697 y final 0 8.474472128015785 z final 0 6.553792270563423      xy final 2.3281406328883953 xz final 2.5416120105294264 yz final -3.2915509069462274 units box
Changing box ...
  triclinic box = (0 0 0) to (2.5433353 8.4744721 6.5537923) with tilt (2.3281406 2.541612 -3.2915509)
  triclinic box = (0 0 0) to (2.5433353 8.4744721 6.5537923) with tilt (2.3281406 2.541612 -3.2915509)
  triclinic box = (0 0 0) to (2.5433353 8.4744721 6.5537923) with tilt (2.3281406 2.541612 -3.2915509)
  triclinic box = (0 0 0) to (2.5433353 8.4744721 6.5537923) with tilt (2.3281406 2.541612 -3.2915509)
  triclinic box = (0 0 0) to (2.5433353 8.4744721 6.5537923) with tilt (2.3281406 2.541612 -3.2915509)
  triclinic box = (0 0 0) to (2.5433353 8.4744721 6.5537923) with tilt (2.3281406 2.541612 -3.2915509)
echo none
run 0
Per MPI rank memory allocation (min/avg/max) = 4.329 | 4.329 | 4.329 Mbytes
    PotEng          Pxx           E_mol          E_coul    
-76.990158      740.76636      0              0            
Loop time of 1.973e-06 on 1 procs for 0 steps with 18 atoms

405.5% CPU use with 1 MPI tasks x 1 OpenMP threads

MPI task timing breakdown:
Section |  min time  |  avg time  |  max time  |%varavg| %total
---------------------------------------------------------------
Pair    | 0          | 0          | 0          |   0.0 |  0.00
Neigh   | 0          | 0          | 0          |   0.0 |  0.00
Comm    | 0          | 0          | 0          |   0.0 |  0.00
Output  | 0          | 0          | 0          |   0.0 |  0.00
Modify  | 0          | 0          | 0          |   0.0 |  0.00
Other   |            | 1.973e-06  |            |       |100.00

Nlocal:             18 ave          18 max          18 min
Histogram: 1 0 0 0 0 0 0 0 0 0
Nghost:           4367 ave        4367 max        4367 min
Histogram: 1 0 0 0 0 0 0 0 0 0
Neighs:              0 ave           0 max           0 min
Histogram: 1 0 0 0 0 0 0 0 0 0
FullNghs:        17366 ave       17366 max       17366 min
Histogram: 1 0 0 0 0 0 0 0 0 0

Total # of neighbors = 17366
Ave neighs/atom = 964.77778
Neighbor list builds = 0
Dangerous builds = 0
set atom * x 0.0 y 0.0 z 0.0
Setting atom values ...
  18 settings made for x
  18 settings made for y
  18 settings made for z
change_box all     x final 0 2.544626597105149 y final 0 8.489843358719792 z final 0 6.600058358244893      xy final 2.3050852488259808 xz final 2.5739404938200443 yz final -3.310944606214278 units box
Changing box ...
  triclinic box = (0 0 0) to (2.5446266 8.4744721 6.5537923) with tilt (2.3281406 2.541612 -3.2915509)
  triclinic box = (0 0 0) to (2.5446266 8.4898434 6.5537923) with tilt (2.3281406 2.541612 -3.2915509)
  triclinic box = (0 0 0) to (2.5446266 8.4898434 6.6000584) with tilt (2.3281406 2.541612 -3.2915509)
  triclinic box = (0 0 0) to (2.5446266 8.4898434 6.6000584) with tilt (2.3050852 2.541612 -3.2915509)
  triclinic box = (0 0 0) to (2.5446266 8.4898434 6.6000584) with tilt (2.3050852 2.5739405 -3.2915509)
  triclinic box = (0 0 0) to (2.5446266 8.4898434 6.6000584) with tilt (2.3050852 2.5739405 -3.3109446)
echo none
run 0
Per MPI rank memory allocation (min/avg/max) = 4.329 | 4.329 | 4.329 Mbytes
    PotEng          Pxx           E_mol          E_coul    
-76.991269     -855.33408      0              0            
Loop time of 1.481e-06 on 1 procs for 0 steps with 18 atoms

945.3% CPU use with 1 MPI tasks x 1 OpenMP threads

MPI task timing breakdown:
Section |  min time  |  avg time  |  max time  |%varavg| %total
---------------------------------------------------------------
Pair    | 0          | 0          | 0          |   0.0 |  0.00
Neigh   | 0          | 0          | 0          |   0.0 |  0.00
Comm    | 0          | 0          | 0          |   0.0 |  0.00
Output  | 0          | 0          | 0          |   0.0 |  0.00
Modify  | 0          | 0          | 0          |   0.0 |  0.00
Other   |            | 1.481e-06  |            |       |100.00

Nlocal:             18 ave          18 max          18 min
Histogram: 1 0 0 0 0 0 0 0 0 0
Nghost:           4367 ave        4367 max        4367 min
Histogram: 1 0 0 0 0 0 0 0 0 0
Neighs:              0 ave           0 max           0 min
Histogram: 1 0 0 0 0 0 0 0 0 0
FullNghs:        17232 ave       17232 max       17232 min
Histogram: 1 0 0 0 0 0 0 0 0 0

Total # of neighbors = 17232
Ave neighs/atom = 957.33333
Neighbor list builds = 0
Dangerous builds = 0
set atom * x 0.0 y 0.0 z 0.0
Setting atom values ...
  18 settings made for x
  18 settings made for y
  18 settings made for z
change_box all     x final 0 2.5441777222654185 y final 0 8.484512680479378 z final 0 6.583982424004885      xy final 2.31308889077667 xz final 2.562701094992079 yz final -3.3042051894568614 units box
Changing box ...
  triclinic box = (0 0 0) to (2.5441777 8.4898434 6.6000584) with tilt (2.3050852 2.5739405 -3.3109446)
  triclinic box = (0 0 0) to (2.5441777 8.4845127 6.6000584) with tilt (2.3050852 2.5739405 -3.3109446)
  triclinic box = (0 0 0) to (2.5441777 8.4845127 6.5839824) with tilt (2.3050852 2.5739405 -3.3109446)
  triclinic box = (0 0 0) to (2.5441777 8.4845127 6.5839824) with tilt (2.3130889 2.5739405 -3.3109446)
  triclinic box = (0 0 0) to (2.5441777 8.4845127 6.5839824) with tilt (2.3130889 2.5627011 -3.3109446)
  triclinic box = (0 0 0) to (2.5441777 8.4845127 6.5839824) with tilt (2.3130889 2.5627011 -3.3042052)
echo none
run 0
Per MPI rank memory allocation (min/avg/max) = 4.329 | 4.329 | 4.329 Mbytes
    PotEng          Pxx           E_mol          E_coul    
-76.991686     -318.49921      0              0            
Loop time of 1.359e-06 on 1 procs for 0 steps with 18 atoms

1030.2% CPU use with 1 MPI tasks x 1 OpenMP threads

MPI task timing breakdown:
Section |  min time  |  avg time  |  max time  |%varavg| %total
---------------------------------------------------------------
Pair    | 0          | 0          | 0          |   0.0 |  0.00
Neigh   | 0          | 0          | 0          |   0.0 |  0.00
Comm    | 0          | 0          | 0          |   0.0 |  0.00
Output  | 0          | 0          | 0          |   0.0 |  0.00
Modify  | 0          | 0          | 0          |   0.0 |  0.00
Other   |            | 1.359e-06  |            |       |100.00

Nlocal:             18 ave          18 max          18 min
Histogram: 1 0 0 0 0 0 0 0 0 0
Nghost:           4367 ave        4367 max        4367 min
Histogram: 1 0 0 0 0 0 0 0 0 0
Neighs:              0 ave           0 max           0 min
Histogram: 1 0 0 0 0 0 0 0 0 0
FullNghs:        17290 ave       17290 max       17290 min
Histogram: 1 0 0 0 0 0 0 0 0 0

Total # of neighbors = 17290
Ave neighs/atom = 960.55556
Neighbor list builds = 0
Dangerous builds = 0
set atom * x 0.0 y 0.0 z 0.0
Setting atom values ...
  18 settings made for x
  18 settings made for y
  18 settings made for z
change_box all     x final 0 2.5441777222654176 y final 0 8.484512680479373 z final 0 6.583982424004888      xy final 2.3130888907766676 xz final 2.5627010949920757 yz final -3.304205189456862 units box
Changing box ...
  triclinic box = (0 0 0) to (2.5441777 8.4845127 6.5839824) with tilt (2.3130889 2.5627011 -3.3042052)
  triclinic box = (0 0 0) to (2.5441777 8.4845127 6.5839824) with tilt (2.3130889 2.5627011 -3.3042052)
  triclinic box = (0 0 0) to (2.5441777 8.4845127 6.5839824) with tilt (2.3130889 2.5627011 -3.3042052)
  triclinic box = (0 0 0) to (2.5441777 8.4845127 6.5839824) with tilt (2.3130889 2.5627011 -3.3042052)
  triclinic box = (0 0 0) to (2.5441777 8.4845127 6.5839824) with tilt (2.3130889 2.5627011 -3.3042052)
  triclinic box = (0 0 0) to (2.5441777 8.4845127 6.5839824) with tilt (2.3130889 2.5627011 -3.3042052)
echo none
run 0
Per MPI rank memory allocation (min/avg/max) = 4.329 | 4.329 | 4.329 Mbytes
    PotEng          Pxx           E_mol          E_coul    
-76.991686     -318.49921      0              0            
Loop time of 1.523e-06 on 1 procs for 0 steps with 18 atoms

3939.6% CPU use with 1 MPI tasks x 1 OpenMP threads

MPI task timing breakdown:
Section |  min time  |  avg time  |  max time  |%varavg| %total
---------------------------------------------------------------
Pair    | 0          | 0          | 0          |   0.0 |  0.00
Neigh   | 0          | 0          | 0          |   0.0 |  0.00
Comm    | 0          | 0          | 0          |   0.0 |  0.00
Output  | 0          | 0          | 0          |   0.0 |  0.00
Modify  | 0          | 0          | 0          |   0.0 |  0.00
Other   |            | 1.523e-06  |            |       |100.00

Nlocal:             18 ave          18 max          18 min
Histogram: 1 0 0 0 0 0 0 0 0 0
Nghost:           4367 ave        4367 max        4367 min
Histogram: 1 0 0 0 0 0 0 0 0 0
Neighs:              0 ave           0 max           0 min
Histogram: 1 0 0 0 0 0 0 0 0 0
FullNghs:        17290 ave       17290 max       17290 min
Histogram: 1 0 0 0 0 0 0 0 0 0

Total # of neighbors = 17290
Ave neighs/atom = 960.55556
Neighbor list builds = 0
Dangerous builds = 0
set atom * x 0.0 y 0.0 z 0.0
Setting atom values ...
  18 settings made for x
  18 settings made for y
  18 settings made for z
change_box all     x final 0 2.543758639250956 y final 0 8.508002169365643 z final 0 6.571358000436246      xy final 2.3138214767642644 xz final 2.53052021845045 yz final -3.292283062362625 units box
Changing box ...
  triclinic box = (0 0 0) to (2.5437586 8.4845127 6.5839824) with tilt (2.3130889 2.5627011 -3.3042052)
  triclinic box = (0 0 0) to (2.5437586 8.5080022 6.5839824) with tilt (2.3130889 2.5627011 -3.3042052)
  triclinic box = (0 0 0) to (2.5437586 8.5080022 6.571358) with tilt (2.3130889 2.5627011 -3.3042052)
  triclinic box = (0 0 0) to (2.5437586 8.5080022 6.571358) with tilt (2.3138215 2.5627011 -3.3042052)
  triclinic box = (0 0 0) to (2.5437586 8.5080022 6.571358) with tilt (2.3138215 2.5305202 -3.3042052)
  triclinic box = (0 0 0) to (2.5437586 8.5080022 6.571358) with tilt (2.3138215 2.5305202 -3.2922831)
echo none
run 0
Per MPI rank memory allocation (min/avg/max) = 4.329 | 4.329 | 4.329 Mbytes
    PotEng          Pxx           E_mol          E_coul    
-76.992714     -207.01575      0              0            
Loop time of 1.44e-06 on 1 procs for 0 steps with 18 atoms

1111.1% CPU use with 1 MPI tasks x 1 OpenMP threads

MPI task timing breakdown:
Section |  min time  |  avg time  |  max time  |%varavg| %total
---------------------------------------------------------------
Pair    | 0          | 0          | 0          |   0.0 |  0.00
Neigh   | 0          | 0          | 0          |   0.0 |  0.00
Comm    | 0          | 0          | 0          |   0.0 |  0.00
Output  | 0          | 0          | 0          |   0.0 |  0.00
Modify  | 0          | 0          | 0          |   0.0 |  0.00
Other   |            | 1.44e-06   |            |       |100.00

Nlocal:             18 ave          18 max          18 min
Histogram: 1 0 0 0 0 0 0 0 0 0
Nghost:           4367 ave        4367 max        4367 min
Histogram: 1 0 0 0 0 0 0 0 0 0
Neighs:              0 ave           0 max           0 min
Histogram: 1 0 0 0 0 0 0 0 0 0
FullNghs:        17272 ave       17272 max       17272 min
Histogram: 1 0 0 0 0 0 0 0 0 0

Total # of neighbors = 17272
Ave neighs/atom = 959.55556
Neighbor list builds = 0
Dangerous builds = 0
set atom * x 0.0 y 0.0 z 0.0
Setting atom values ...
  18 settings made for x
  18 settings made for y
  18 settings made for z
change_box all     x final 0 2.5438986173661453 y final 0 8.50005214236309 z final 0 6.575629139792828      xy final 2.313580280494662 xz final 2.5413822993550665 yz final -3.296304210525277 units box
Changing box ...
  triclinic box = (0 0 0) to (2.5438986 8.5080022 6.571358) with tilt (2.3138215 2.5305202 -3.2922831)
  triclinic box = (0 0 0) to (2.5438986 8.5000521 6.571358) with tilt (2.3138215 2.5305202 -3.2922831)
  triclinic box = (0 0 0) to (2.5438986 8.5000521 6.5756291) with tilt (2.3138215 2.5305202 -3.2922831)
  triclinic box = (0 0 0) to (2.5438986 8.5000521 6.5756291) with tilt (2.3135803 2.5305202 -3.2922831)
  triclinic box = (0 0 0) to (2.5438986 8.5000521 6.5756291) with tilt (2.3135803 2.5413823 -3.2922831)
  triclinic box = (0 0 0) to (2.5438986 8.5000521 6.5756291) with tilt (2.3135803 2.5413823 -3.2963042)
echo none
run 0
Per MPI rank memory allocation (min/avg/max) = 4.329 | 4.329 | 4.329 Mbytes
    PotEng          Pxx           E_mol          E_coul    
-76.992977     -247.73282      0              0            
Loop time of 1.494e-06 on 1 procs for 0 steps with 18 atoms

736.3% CPU use with 1 MPI tasks x 1 OpenMP threads

MPI task timing breakdown:
Section |  min time  |  avg time  |  max time  |%varavg| %total
---------------------------------------------------------------
Pair    | 0          | 0          | 0          |   0.0 |  0.00
Neigh   | 0          | 0          | 0          |   0.0 |  0.00
Comm    | 0          | 0          | 0          |   0.0 |  0.00
Output  | 0          | 0          | 0          |   0.0 |  0.00
Modify  | 0          | 0          | 0          |   0.0 |  0.00
Other   |            | 1.494e-06  |            |       |100.00

Nlocal:             18 ave          18 max          18 min
Histogram: 1 0 0 0 0 0 0 0 0 0
Nghost:           4367 ave        4367 max        4367 min
Histogram: 1 0 0 0 0 0 0 0 0 0
Neighs:              0 ave           0 max           0 min
Histogram: 1 0 0 0 0 0 0 0 0 0
FullNghs:        17270 ave       17270 max       17270 min
Histogram: 1 0 0 0 0 0 0 0 0 0

Total # of neighbors = 17270
Ave neighs/atom = 959.44444
Neighbor list builds = 0
Dangerous builds = 0
set atom * x 0.0 y 0.0 z 0.0
Setting atom values ...
  18 settings made for x
  18 settings made for y
  18 settings made for z
change_box all     x final 0 2.543898617366146 y final 0 8.500052142363089 z final 0 6.575629139792835      xy final 2.31358028049466 xz final 2.541382299355066 yz final -3.2963042105252724 units box
Changing box ...
  triclinic box = (0 0 0) to (2.5438986 8.5000521 6.5756291) with tilt (2.3135803 2.5413823 -3.2963042)
  triclinic box = (0 0 0) to (2.5438986 8.5000521 6.5756291) with tilt (2.3135803 2.5413823 -3.2963042)
  triclinic box = (0 0 0) to (2.5438986 8.5000521 6.5756291) with tilt (2.3135803 2.5413823 -3.2963042)
  triclinic box = (0 0 0) to (2.5438986 8.5000521 6.5756291) with tilt (2.3135803 2.5413823 -3.2963042)
  triclinic box = (0 0 0) to (2.5438986 8.5000521 6.5756291) with tilt (2.3135803 2.5413823 -3.2963042)
  triclinic box = (0 0 0) to (2.5438986 8.5000521 6.5756291) with tilt (2.3135803 2.5413823 -3.2963042)
echo none
run 0
Per MPI rank memory allocation (min/avg/max) = 4.329 | 4.329 | 4.329 Mbytes
    PotEng          Pxx           E_mol          E_coul    
-76.992977     -247.73282      0              0            
Loop time of 1.621e-06 on 1 procs for 0 steps with 18 atoms

987.0% CPU use with 1 MPI tasks x 1 OpenMP threads

MPI task timing breakdown:
Section |  min time  |  avg time  |  max time  |%varavg| %total
---------------------------------------------------------------
Pair    | 0          | 0          | 0          |   0.0 |  0.00
Neigh   | 0          | 0          | 0          |   0.0 |  0.00
Comm    | 0          | 0          | 0          |   0.0 |  0.00
Output  | 0          | 0          | 0          |   0.0 |  0.00
Modify  | 0          | 0          | 0          |   0.0 |  0.00
Other   |            | 1.621e-06  |            |       |100.00

Nlocal:             18 ave          18 max          18 min
Histogram: 1 0 0 0 0 0 0 0 0 0
Nghost:           4367 ave        4367 max        4367 min
Histogram: 1 0 0 0 0 0 0 0 0 0
Neighs:              0 ave           0 max           0 min
Histogram: 1 0 0 0 0 0 0 0 0 0
FullNghs:        17270 ave       17270 max       17270 min
Histogram: 1 0 0 0 0 0 0 0 0 0

Total # of neighbors = 17270
Ave neighs/atom = 959.44444
Neighbor list builds = 0
Dangerous builds = 0
set atom * x 0.0 y 0.0 z 0.0
Setting atom values ...
  18 settings made for x
  18 settings made for y
  18 settings made for z
change_box all     x final 0 2.543229502346626 y final 0 8.50114159430099 z final 0 6.5652425966118555      xy final 2.31797369482199 xz final 2.517081897199017 yz final -3.2689704571454445 units box
Changing box ...
  triclinic box = (0 0 0) to (2.5432295 8.5000521 6.5756291) with tilt (2.3135803 2.5413823 -3.2963042)
  triclinic box = (0 0 0) to (2.5432295 8.5011416 6.5756291) with tilt (2.3135803 2.5413823 -3.2963042)
  triclinic box = (0 0 0) to (2.5432295 8.5011416 6.5652426) with tilt (2.3135803 2.5413823 -3.2963042)
  triclinic box = (0 0 0) to (2.5432295 8.5011416 6.5652426) with tilt (2.3179737 2.5413823 -3.2963042)
  triclinic box = (0 0 0) to (2.5432295 8.5011416 6.5652426) with tilt (2.3179737 2.5170819 -3.2963042)
  triclinic box = (0 0 0) to (2.5432295 8.5011416 6.5652426) with tilt (2.3179737 2.5170819 -3.2689705)
echo none
run 0
Per MPI rank memory allocation (min/avg/max) = 4.329 | 4.329 | 4.329 Mbytes
    PotEng          Pxx           E_mol          E_coul    
-76.994007      1139.3378      0              0            
Loop time of 1.427e-06 on 1 procs for 0 steps with 18 atoms

840.9% CPU use with 1 MPI tasks x 1 OpenMP threads

MPI task timing breakdown:
Section |  min time  |  avg time  |  max time  |%varavg| %total
---------------------------------------------------------------
Pair    | 0          | 0          | 0          |   0.0 |  0.00
Neigh   | 0          | 0          | 0          |   0.0 |  0.00
Comm    | 0          | 0          | 0          |   0.0 |  0.00
Output  | 0          | 0          | 0          |   0.0 |  0.00
Modify  | 0          | 0          | 0          |   0.0 |  0.00
Other   |            | 1.427e-06  |            |       |100.00

Nlocal:             18 ave          18 max          18 min
Histogram: 1 0 0 0 0 0 0 0 0 0
Nghost:           4342 ave        4342 max        4342 min
Histogram: 1 0 0 0 0 0 0 0 0 0
Neighs:              0 ave           0 max           0 min
Histogram: 1 0 0 0 0 0 0 0 0 0
FullNghs:        17322 ave       17322 max       17322 min
Histogram: 1 0 0 0 0 0 0 0 0 0

Total # of neighbors = 17322
Ave neighs/atom = 962.33333
Neighbor list builds = 0
Dangerous builds = 0
set atom * x 0.0 y 0.0 z 0.0
Setting atom values ...
  18 settings made for x
  18 settings made for y
  18 settings made for z
change_box all     x final 0 2.5432295023466267 y final 0 8.501141594300986 z final 0 6.5652425966118555      xy final 2.3179736948219913 xz final 2.51708189719902 yz final -3.268970457145444 units box
Changing box ...
  triclinic box = (0 0 0) to (2.5432295 8.5011416 6.5652426) with tilt (2.3179737 2.5170819 -3.2689705)
  triclinic box = (0 0 0) to (2.5432295 8.5011416 6.5652426) with tilt (2.3179737 2.5170819 -3.2689705)
  triclinic box = (0 0 0) to (2.5432295 8.5011416 6.5652426) with tilt (2.3179737 2.5170819 -3.2689705)
  triclinic box = (0 0 0) to (2.5432295 8.5011416 6.5652426) with tilt (2.3179737 2.5170819 -3.2689705)
  triclinic box = (0 0 0) to (2.5432295 8.5011416 6.5652426) with tilt (2.3179737 2.5170819 -3.2689705)
  triclinic box = (0 0 0) to (2.5432295 8.5011416 6.5652426) with tilt (2.3179737 2.5170819 -3.2689705)
echo none
run 0
Per MPI rank memory allocation (min/avg/max) = 4.329 | 4.329 | 4.329 Mbytes
    PotEng          Pxx           E_mol          E_coul    
-76.994007      1139.3378      0              0            
Loop time of 1.275e-06 on 1 procs for 0 steps with 18 atoms

156.9% CPU use with 1 MPI tasks x 1 OpenMP threads

MPI task timing breakdown:
Section |  min time  |  avg time  |  max time  |%varavg| %total
---------------------------------------------------------------
Pair    | 0          | 0          | 0          |   0.0 |  0.00
Neigh   | 0          | 0          | 0          |   0.0 |  0.00
Comm    | 0          | 0          | 0          |   0.0 |  0.00
Output  | 0          | 0          | 0          |   0.0 |  0.00
Modify  | 0          | 0          | 0          |   0.0 |  0.00
Other   |            | 1.275e-06  |            |       |100.00

Nlocal:             18 ave          18 max          18 min
Histogram: 1 0 0 0 0 0 0 0 0 0
Nghost:           4342 ave        4342 max        4342 min
Histogram: 1 0 0 0 0 0 0 0 0 0
Neighs:              0 ave           0 max           0 min
Histogram: 1 0 0 0 0 0 0 0 0 0
FullNghs:        17322 ave       17322 max       17322 min
Histogram: 1 0 0 0 0 0 0 0 0 0

Total # of neighbors = 17322
Ave neighs/atom = 962.33333
Neighbor list builds = 0
Dangerous builds = 0
set atom * x 0.0 y 0.0 z 0.0
Setting atom values ...
  18 settings made for x
  18 settings made for y
  18 settings made for z
change_box all     x final 0 2.544024853306487 y final 0 8.48960020768304 z final 0 6.573303481890992      xy final 2.3329217926775287 xz final 2.4905970596786835 yz final -3.258353646110001 units box
Changing box ...
  triclinic box = (0 0 0) to (2.5440249 8.5011416 6.5652426) with tilt (2.3179737 2.5170819 -3.2689705)
  triclinic box = (0 0 0) to (2.5440249 8.4896002 6.5652426) with tilt (2.3179737 2.5170819 -3.2689705)
  triclinic box = (0 0 0) to (2.5440249 8.4896002 6.5733035) with tilt (2.3179737 2.5170819 -3.2689705)
  triclinic box = (0 0 0) to (2.5440249 8.4896002 6.5733035) with tilt (2.3329218 2.5170819 -3.2689705)
  triclinic box = (0 0 0) to (2.5440249 8.4896002 6.5733035) with tilt (2.3329218 2.4905971 -3.2689705)
  triclinic box = (0 0 0) to (2.5440249 8.4896002 6.5733035) with tilt (2.3329218 2.4905971 -3.2583536)
echo none
run 0
Per MPI rank memory allocation (min/avg/max) = 4.329 | 4.329 | 4.329 Mbytes
    PotEng          Pxx           E_mol          E_coul    
-76.994784      72.861195      0              0            
Loop time of 1.63e-06 on 1 procs for 0 steps with 18 atoms

920.2% CPU use with 1 MPI tasks x 1 OpenMP threads

MPI task timing breakdown:
Section |  min time  |  avg time  |  max time  |%varavg| %total
---------------------------------------------------------------
Pair    | 0          | 0          | 0          |   0.0 |  0.00
Neigh   | 0          | 0          | 0          |   0.0 |  0.00
Comm    | 0          | 0          | 0          |   0.0 |  0.00
Output  | 0          | 0          | 0          |   0.0 |  0.00
Modify  | 0          | 0          | 0          |   0.0 |  0.00
Other   |            | 1.63e-06   |            |       |100.00

Nlocal:             18 ave          18 max          18 min
Histogram: 1 0 0 0 0 0 0 0 0 0
Nghost:           4322 ave        4322 max        4322 min
Histogram: 1 0 0 0 0 0 0 0 0 0
Neighs:              0 ave           0 max           0 min
Histogram: 1 0 0 0 0 0 0 0 0 0
FullNghs:        17328 ave       17328 max       17328 min
Histogram: 1 0 0 0 0 0 0 0 0 0

Total # of neighbors = 17328
Ave neighs/atom = 962.66667
Neighbor list builds = 0
Dangerous builds = 0
set atom * x 0.0 y 0.0 z 0.0
Setting atom values ...
  18 settings made for x
  18 settings made for y
  18 settings made for z
change_box all     x final 0 2.5440248533064884 y final 0 8.489600207683036 z final 0 6.5733034818909895      xy final 2.3329217926775287 xz final 2.490597059678684 yz final -3.2583536461100002 units box
Changing box ...
  triclinic box = (0 0 0) to (2.5440249 8.4896002 6.5733035) with tilt (2.3329218 2.4905971 -3.2583536)
  triclinic box = (0 0 0) to (2.5440249 8.4896002 6.5733035) with tilt (2.3329218 2.4905971 -3.2583536)
  triclinic box = (0 0 0) to (2.5440249 8.4896002 6.5733035) with tilt (2.3329218 2.4905971 -3.2583536)
  triclinic box = (0 0 0) to (2.5440249 8.4896002 6.5733035) with tilt (2.3329218 2.4905971 -3.2583536)
  triclinic box = (0 0 0) to (2.5440249 8.4896002 6.5733035) with tilt (2.3329218 2.4905971 -3.2583536)
  triclinic box = (0 0 0) to (2.5440249 8.4896002 6.5733035) with tilt (2.3329218 2.4905971 -3.2583536)
echo none
run 0
Per MPI rank memory allocation (min/avg/max) = 4.329 | 4.329 | 4.329 Mbytes
    PotEng          Pxx           E_mol          E_coul    
-76.994784      72.861195      0              0            
Loop time of 1.908e-06 on 1 procs for 0 steps with 18 atoms

628.9% CPU use with 1 MPI tasks x 1 OpenMP threads

MPI task timing breakdown:
Section |  min time  |  avg time  |  max time  |%varavg| %total
---------------------------------------------------------------
Pair    | 0          | 0          | 0          |   0.0 |  0.00
Neigh   | 0          | 0          | 0          |   0.0 |  0.00
Comm    | 0          | 0          | 0          |   0.0 |  0.00
Output  | 0          | 0          | 0          |   0.0 |  0.00
Modify  | 0          | 0          | 0          |   0.0 |  0.00
Other   |            | 1.908e-06  |            |       |100.00

Nlocal:             18 ave          18 max          18 min
Histogram: 1 0 0 0 0 0 0 0 0 0
Nghost:           4322 ave        4322 max        4322 min
Histogram: 1 0 0 0 0 0 0 0 0 0
Neighs:              0 ave           0 max           0 min
Histogram: 1 0 0 0 0 0 0 0 0 0
FullNghs:        17328 ave       17328 max       17328 min
Histogram: 1 0 0 0 0 0 0 0 0 0

Total # of neighbors = 17328
Ave neighs/atom = 962.66667
Neighbor list builds = 0
Dangerous builds = 0
set atom * x 0.0 y 0.0 z 0.0
Setting atom values ...
  18 settings made for x
  18 settings made for y
  18 settings made for z
change_box all     x final 0 2.543969842613936 y final 0 8.487762724032631 z final 0 6.575759351042521      xy final 2.282151115536549 xz final 2.5100440098655197 yz final -3.2532038500246614 units box
Changing box ...
  triclinic box = (0 0 0) to (2.5439698 8.4896002 6.5733035) with tilt (2.3329218 2.4905971 -3.2583536)
  triclinic box = (0 0 0) to (2.5439698 8.4877627 6.5733035) with tilt (2.3329218 2.4905971 -3.2583536)
  triclinic box = (0 0 0) to (2.5439698 8.4877627 6.5757594) with tilt (2.3329218 2.4905971 -3.2583536)
  triclinic box = (0 0 0) to (2.5439698 8.4877627 6.5757594) with tilt (2.2821511 2.4905971 -3.2583536)
  triclinic box = (0 0 0) to (2.5439698 8.4877627 6.5757594) with tilt (2.2821511 2.510044 -3.2583536)
  triclinic box = (0 0 0) to (2.5439698 8.4877627 6.5757594) with tilt (2.2821511 2.510044 -3.2532039)
echo none
run 0
Per MPI rank memory allocation (min/avg/max) = 4.329 | 4.329 | 4.329 Mbytes
    PotEng          Pxx           E_mol          E_coul    
-76.995193     -178.46324      0              0            
Loop time of 2.011e-06 on 1 procs for 0 steps with 18 atoms

795.6% CPU use with 1 MPI tasks x 1 OpenMP threads

MPI task timing breakdown:
Section |  min time  |  avg time  |  max time  |%varavg| %total
---------------------------------------------------------------
Pair    | 0          | 0          | 0          |   0.0 |  0.00
Neigh   | 0          | 0          | 0          |   0.0 |  0.00
Comm    | 0          | 0          | 0          |   0.0 |  0.00
Output  | 0          | 0          | 0          |   0.0 |  0.00
Modify  | 0          | 0          | 0          |   0.0 |  0.00
Other   |            | 2.011e-06  |            |       |100.00

Nlocal:             18 ave          18 max          18 min
Histogram: 1 0 0 0 0 0 0 0 0 0
Nghost:           4322 ave        4322 max        4322 min
Histogram: 1 0 0 0 0 0 0 0 0 0
Neighs:              0 ave           0 max           0 min
Histogram: 1 0 0 0 0 0 0 0 0 0
FullNghs:        17328 ave       17328 max       17328 min
Histogram: 1 0 0 0 0 0 0 0 0 0

Total # of neighbors = 17328
Ave neighs/atom = 962.66667
Neighbor list builds = 0
Dangerous builds = 0
set atom * x 0.0 y 0.0 z 0.0
Setting atom values ...
  18 settings made for x
  18 settings made for y
  18 settings made for z
change_box all     x final 0 2.543969842613935 y final 0 8.487762724032633 z final 0 6.57575935104252      xy final 2.2821511155365495 xz final 2.5100440098655166 yz final -3.2532038500246667 units box
Changing box ...
  triclinic box = (0 0 0) to (2.5439698 8.4877627 6.5757594) with tilt (2.2821511 2.510044 -3.2532039)
  triclinic box = (0 0 0) to (2.5439698 8.4877627 6.5757594) with tilt (2.2821511 2.510044 -3.2532039)
  triclinic box = (0 0 0) to (2.5439698 8.4877627 6.5757594) with tilt (2.2821511 2.510044 -3.2532039)
  triclinic box = (0 0 0) to (2.5439698 8.4877627 6.5757594) with tilt (2.2821511 2.510044 -3.2532039)
  triclinic box = (0 0 0) to (2.5439698 8.4877627 6.5757594) with tilt (2.2821511 2.510044 -3.2532039)
  triclinic box = (0 0 0) to (2.5439698 8.4877627 6.5757594) with tilt (2.2821511 2.510044 -3.2532039)
echo none
run 0
Per MPI rank memory allocation (min/avg/max) = 4.329 | 4.329 | 4.329 Mbytes
    PotEng          Pxx           E_mol          E_coul    
-76.995193     -178.46324      0              0            
Loop time of 1.57e-06 on 1 procs for 0 steps with 18 atoms

1019.1% CPU use with 1 MPI tasks x 1 OpenMP threads

MPI task timing breakdown:
Section |  min time  |  avg time  |  max time  |%varavg| %total
---------------------------------------------------------------
Pair    | 0          | 0          | 0          |   0.0 |  0.00
Neigh   | 0          | 0          | 0          |   0.0 |  0.00
Comm    | 0          | 0          | 0          |   0.0 |  0.00
Output  | 0          | 0          | 0          |   0.0 |  0.00
Modify  | 0          | 0          | 0          |   0.0 |  0.00
Other   |            | 1.57e-06   |            |       |100.00

Nlocal:             18 ave          18 max          18 min
Histogram: 1 0 0 0 0 0 0 0 0 0
Nghost:           4322 ave        4322 max        4322 min
Histogram: 1 0 0 0 0 0 0 0 0 0
Neighs:              0 ave           0 max           0 min
Histogram: 1 0 0 0 0 0 0 0 0 0
FullNghs:        17328 ave       17328 max       17328 min
Histogram: 1 0 0 0 0 0 0 0 0 0

Total # of neighbors = 17328
Ave neighs/atom = 962.66667
Neighbor list builds = 0
Dangerous builds = 0
set atom * x 0.0 y 0.0 z 0.0
Setting atom values ...
  18 settings made for x
  18 settings made for y
  18 settings made for z
change_box all     x final 0 2.54387114132981 y final 0 8.496436225268376 z final 0 6.564004076151811      xy final 2.304191274593957 xz final 2.501013415649065 yz final -3.2336955048142784 units box
Changing box ...
  triclinic box = (0 0 0) to (2.5438711 8.4877627 6.5757594) with tilt (2.2821511 2.510044 -3.2532039)
  triclinic box = (0 0 0) to (2.5438711 8.4964362 6.5757594) with tilt (2.2821511 2.510044 -3.2532039)
  triclinic box = (0 0 0) to (2.5438711 8.4964362 6.5640041) with tilt (2.2821511 2.510044 -3.2532039)
  triclinic box = (0 0 0) to (2.5438711 8.4964362 6.5640041) with tilt (2.3041913 2.510044 -3.2532039)
  triclinic box = (0 0 0) to (2.5438711 8.4964362 6.5640041) with tilt (2.3041913 2.5010134 -3.2532039)
  triclinic box = (0 0 0) to (2.5438711 8.4964362 6.5640041) with tilt (2.3041913 2.5010134 -3.2336955)
echo none
run 0
Per MPI rank memory allocation (min/avg/max) = 4.329 | 4.329 | 4.329 Mbytes
    PotEng          Pxx           E_mol          E_coul    
-76.995812     -40.266535      0              0            
Loop time of 1.44e-06 on 1 procs for 0 steps with 18 atoms

833.3% CPU use with 1 MPI tasks x 1 OpenMP threads

MPI task timing breakdown:
Section |  min time  |  avg time  |  max time  |%varavg| %total
---------------------------------------------------------------
Pair    | 0          | 0          | 0          |   0.0 |  0.00
Neigh   | 0          | 0          | 0          |   0.0 |  0.00
Comm    | 0          | 0          | 0          |   0.0 |  0.00
Output  | 0          | 0          | 0          |   0.0 |  0.00
Modify  | 0          | 0          | 0          |   0.0 |  0.00
Other   |            | 1.44e-06   |            |       |100.00

Nlocal:             18 ave          18 max          18 min
Histogram: 1 0 0 0 0 0 0 0 0 0
Nghost:           4322 ave        4322 max        4322 min
Histogram: 1 0 0 0 0 0 0 0 0 0
Neighs:              0 ave           0 max           0 min
Histogram: 1 0 0 0 0 0 0 0 0 0
FullNghs:        17326 ave       17326 max       17326 min
Histogram: 1 0 0 0 0 0 0 0 0 0

Total # of neighbors = 17326
Ave neighs/atom = 962.55556
Neighbor list builds = 0
Dangerous builds = 0
set atom * x 0.0 y 0.0 z 0.0
Setting atom values ...
  18 settings made for x
  18 settings made for y
  18 settings made for z
change_box all     x final 0 2.5438711413298094 y final 0 8.49643622526838 z final 0 6.564004076151817      xy final 2.304191274593957 xz final 2.5010134156490644 yz final -3.233695504814273 units box
Changing box ...
  triclinic box = (0 0 0) to (2.5438711 8.4964362 6.5640041) with tilt (2.3041913 2.5010134 -3.2336955)
  triclinic box = (0 0 0) to (2.5438711 8.4964362 6.5640041) with tilt (2.3041913 2.5010134 -3.2336955)
  triclinic box = (0 0 0) to (2.5438711 8.4964362 6.5640041) with tilt (2.3041913 2.5010134 -3.2336955)
  triclinic box = (0 0 0) to (2.5438711 8.4964362 6.5640041) with tilt (2.3041913 2.5010134 -3.2336955)
  triclinic box = (0 0 0) to (2.5438711 8.4964362 6.5640041) with tilt (2.3041913 2.5010134 -3.2336955)
  triclinic box = (0 0 0) to (2.5438711 8.4964362 6.5640041) with tilt (2.3041913 2.5010134 -3.2336955)
echo none
run 0
Per MPI rank memory allocation (min/avg/max) = 4.329 | 4.329 | 4.329 Mbytes
    PotEng          Pxx           E_mol          E_coul    
-76.995812     -40.266535      0              0            
Loop time of 1.653e-06 on 1 procs for 0 steps with 18 atoms

907.4% CPU use with 1 MPI tasks x 1 OpenMP threads

MPI task timing breakdown:
Section |  min time  |  avg time  |  max time  |%varavg| %total
---------------------------------------------------------------
Pair    | 0          | 0          | 0          |   0.0 |  0.00
Neigh   | 0          | 0          | 0          |   0.0 |  0.00
Comm    | 0          | 0          | 0          |   0.0 |  0.00
Output  | 0          | 0          | 0          |   0.0 |  0.00
Modify  | 0          | 0          | 0          |   0.0 |  0.00
Other   |            | 1.653e-06  |            |       |100.00

Nlocal:             18 ave          18 max          18 min
Histogram: 1 0 0 0 0 0 0 0 0 0
Nghost:           4322 ave        4322 max        4322 min
Histogram: 1 0 0 0 0 0 0 0 0 0
Neighs:              0 ave           0 max           0 min
Histogram: 1 0 0 0 0 0 0 0 0 0
FullNghs:        17326 ave       17326 max       17326 min
Histogram: 1 0 0 0 0 0 0 0 0 0

Total # of neighbors = 17326
Ave neighs/atom = 962.55556
Neighbor list builds = 0
Dangerous builds = 0
set atom * x 0.0 y 0.0 z 0.0
Setting atom values ...
  18 settings made for x
  18 settings made for y
  18 settings made for z
change_box all     x final 0 2.543839583596283 y final 0 8.50576585844897 z final 0 6.5556306635617725      xy final 2.3086821673760647 xz final 2.484519783468523 yz final -3.202516489311972 units box
Changing box ...
  triclinic box = (0 0 0) to (2.5438396 8.4964362 6.5640041) with tilt (2.3041913 2.5010134 -3.2336955)
  triclinic box = (0 0 0) to (2.5438396 8.5057659 6.5640041) with tilt (2.3041913 2.5010134 -3.2336955)
  triclinic box = (0 0 0) to (2.5438396 8.5057659 6.5556307) with tilt (2.3041913 2.5010134 -3.2336955)
  triclinic box = (0 0 0) to (2.5438396 8.5057659 6.5556307) with tilt (2.3086822 2.5010134 -3.2336955)
  triclinic box = (0 0 0) to (2.5438396 8.5057659 6.5556307) with tilt (2.3086822 2.4845198 -3.2336955)
  triclinic box = (0 0 0) to (2.5438396 8.5057659 6.5556307) with tilt (2.3086822 2.4845198 -3.2025165)
echo none
run 0
Per MPI rank memory allocation (min/avg/max) = 4.329 | 4.329 | 4.329 Mbytes
    PotEng          Pxx           E_mol          E_coul    
-76.996481     -38.309113      0              0            
Loop time of 1.897e-06 on 1 procs for 0 steps with 18 atoms

896.2% CPU use with 1 MPI tasks x 1 OpenMP threads

MPI task timing breakdown:
Section |  min time  |  avg time  |  max time  |%varavg| %total
---------------------------------------------------------------
Pair    | 0          | 0          | 0          |   0.0 |  0.00
Neigh   | 0          | 0          | 0          |   0.0 |  0.00
Comm    | 0          | 0          | 0          |   0.0 |  0.00
Output  | 0          | 0          | 0          |   0.0 |  0.00
Modify  | 0          | 0          | 0          |   0.0 |  0.00
Other   |            | 1.897e-06  |            |       |100.00

Nlocal:             18 ave          18 max          18 min
Histogram: 1 0 0 0 0 0 0 0 0 0
Nghost:           4282 ave        4282 max        4282 min
Histogram: 1 0 0 0 0 0 0 0 0 0
Neighs:              0 ave           0 max           0 min
Histogram: 1 0 0 0 0 0 0 0 0 0
FullNghs:        17330 ave       17330 max       17330 min
Histogram: 1 0 0 0 0 0 0 0 0 0

Total # of neighbors = 17330
Ave neighs/atom = 962.77778
Neighbor list builds = 0
Dangerous builds = 0
set atom * x 0.0 y 0.0 z 0.0
Setting atom values ...
  18 settings made for x
  18 settings made for y
  18 settings made for z
change_box all     x final 0 2.543839583596279 y final 0 8.50576585844897 z final 0 6.555630663561775      xy final 2.308682167376063 xz final 2.484519783468521 yz final -3.2025164893119675 units box
Changing box ...
  triclinic box = (0 0 0) to (2.5438396 8.5057659 6.5556307) with tilt (2.3086822 2.4845198 -3.2025165)
  triclinic box = (0 0 0) to (2.5438396 8.5057659 6.5556307) with tilt (2.3086822 2.4845198 -3.2025165)
  triclinic box = (0 0 0) to (2.5438396 8.5057659 6.5556307) with tilt (2.3086822 2.4845198 -3.2025165)
  triclinic box = (0 0 0) to (2.5438396 8.5057659 6.5556307) with tilt (2.3086822 2.4845198 -3.2025165)
  triclinic box = (0 0 0) to (2.5438396 8.5057659 6.5556307) with tilt (2.3086822 2.4845198 -3.2025165)
  triclinic box = (0 0 0) to (2.5438396 8.5057659 6.5556307) with tilt (2.3086822 2.4845198 -3.2025165)
echo none
run 0
Per MPI rank memory allocation (min/avg/max) = 4.329 | 4.329 | 4.329 Mbytes
    PotEng          Pxx           E_mol          E_coul    
-76.996481     -38.309113      0              0            
Loop time of 1.491e-06 on 1 procs for 0 steps with 18 atoms

737.8% CPU use with 1 MPI tasks x 1 OpenMP threads

MPI task timing breakdown:
Section |  min time  |  avg time  |  max time  |%varavg| %total
---------------------------------------------------------------
Pair    | 0          | 0          | 0          |   0.0 |  0.00
Neigh   | 0          | 0          | 0          |   0.0 |  0.00
Comm    | 0          | 0          | 0          |   0.0 |  0.00
Output  | 0          | 0          | 0          |   0.0 |  0.00
Modify  | 0          | 0          | 0          |   0.0 |  0.00
Other   |            | 1.491e-06  |            |       |100.00

Nlocal:             18 ave          18 max          18 min
Histogram: 1 0 0 0 0 0 0 0 0 0
Nghost:           4282 ave        4282 max        4282 min
Histogram: 1 0 0 0 0 0 0 0 0 0
Neighs:              0 ave           0 max           0 min
Histogram: 1 0 0 0 0 0 0 0 0 0
FullNghs:        17330 ave       17330 max       17330 min
Histogram: 1 0 0 0 0 0 0 0 0 0

Total # of neighbors = 17330
Ave neighs/atom = 962.77778
Neighbor list builds = 0
Dangerous builds = 0
set atom * x 0.0 y 0.0 z 0.0
Setting atom values ...
  18 settings made for x
  18 settings made for y
  18 settings made for z
change_box all     x final 0 2.543746273338062 y final 0 8.511789369298095 z final 0 6.545489427343152      xy final 2.3051822445353127 xz final 2.4723750023561872 yz final -3.171386369074249 units box
Changing box ...
  triclinic box = (0 0 0) to (2.5437463 8.5057659 6.5556307) with tilt (2.3086822 2.4845198 -3.2025165)
  triclinic box = (0 0 0) to (2.5437463 8.5117894 6.5556307) with tilt (2.3086822 2.4845198 -3.2025165)
  triclinic box = (0 0 0) to (2.5437463 8.5117894 6.5454894) with tilt (2.3086822 2.4845198 -3.2025165)
  triclinic box = (0 0 0) to (2.5437463 8.5117894 6.5454894) with tilt (2.3051822 2.4845198 -3.2025165)
  triclinic box = (0 0 0) to (2.5437463 8.5117894 6.5454894) with tilt (2.3051822 2.472375 -3.2025165)
  triclinic box = (0 0 0) to (2.5437463 8.5117894 6.5454894) with tilt (2.3051822 2.472375 -3.1713864)
echo none
run 0
Per MPI rank memory allocation (min/avg/max) = 4.329 | 4.329 | 4.329 Mbytes
    PotEng          Pxx           E_mol          E_coul    
-76.997152      171.11678      0              0            
Loop time of 1.293e-06 on 1 procs for 0 steps with 18 atoms

696.1% CPU use with 1 MPI tasks x 1 OpenMP threads

MPI task timing breakdown:
Section |  min time  |  avg time  |  max time  |%varavg| %total
---------------------------------------------------------------
Pair    | 0          | 0          | 0          |   0.0 |  0.00
Neigh   | 0          | 0          | 0          |   0.0 |  0.00
Comm    | 0          | 0          | 0          |   0.0 |  0.00
Output  | 0          | 0          | 0          |   0.0 |  0.00
Modify  | 0          | 0          | 0          |   0.0 |  0.00
Other   |            | 1.293e-06  |            |       |100.00

Nlocal:             18 ave          18 max          18 min
Histogram: 1 0 0 0 0 0 0 0 0 0
Nghost:           4310 ave        4310 max        4310 min
Histogram: 1 0 0 0 0 0 0 0 0 0
Neighs:              0 ave           0 max           0 min
Histogram: 1 0 0 0 0 0 0 0 0 0
FullNghs:        17334 ave       17334 max       17334 min
Histogram: 1 0 0 0 0 0 0 0 0 0

Total # of neighbors = 17334
Ave neighs/atom = 963
Neighbor list builds = 0
Dangerous builds = 0
set atom * x 0.0 y 0.0 z 0.0
Setting atom values ...
  18 settings made for x
  18 settings made for y
  18 settings made for z
change_box all     x final 0 2.543746273338063 y final 0 8.511789369298091 z final 0 6.54548942734315      xy final 2.3051822445353127 xz final 2.4723750023561872 yz final -3.171386369074252 units box
Changing box ...
  triclinic box = (0 0 0) to (2.5437463 8.5117894 6.5454894) with tilt (2.3051822 2.472375 -3.1713864)
  triclinic box = (0 0 0) to (2.5437463 8.5117894 6.5454894) with tilt (2.3051822 2.472375 -3.1713864)
  triclinic box = (0 0 0) to (2.5437463 8.5117894 6.5454894) with tilt (2.3051822 2.472375 -3.1713864)
  triclinic box = (0 0 0) to (2.5437463 8.5117894 6.5454894) with tilt (2.3051822 2.472375 -3.1713864)
  triclinic box = (0 0 0) to (2.5437463 8.5117894 6.5454894) with tilt (2.3051822 2.472375 -3.1713864)
  triclinic box = (0 0 0) to (2.5437463 8.5117894 6.5454894) with tilt (2.3051822 2.472375 -3.1713864)
echo none
run 0
Per MPI rank memory allocation (min/avg/max) = 4.329 | 4.329 | 4.329 Mbytes
    PotEng          Pxx           E_mol          E_coul    
-76.997152      171.11678      0              0            
Loop time of 1.345e-06 on 1 procs for 0 steps with 18 atoms

1412.6% CPU use with 1 MPI tasks x 1 OpenMP threads

MPI task timing breakdown:
Section |  min time  |  avg time  |  max time  |%varavg| %total
---------------------------------------------------------------
Pair    | 0          | 0          | 0          |   0.0 |  0.00
Neigh   | 0          | 0          | 0          |   0.0 |  0.00
Comm    | 0          | 0          | 0          |   0.0 |  0.00
Output  | 0          | 0          | 0          |   0.0 |  0.00
Modify  | 0          | 0          | 0          |   0.0 |  0.00
Other   |            | 1.345e-06  |            |       |100.00

Nlocal:             18 ave          18 max          18 min
Histogram: 1 0 0 0 0 0 0 0 0 0
Nghost:           4310 ave        4310 max        4310 min
Histogram: 1 0 0 0 0 0 0 0 0 0
Neighs:              0 ave           0 max           0 min
Histogram: 1 0 0 0 0 0 0 0 0 0
FullNghs:        17334 ave       17334 max       17334 min
Histogram: 1 0 0 0 0 0 0 0 0 0

Total # of neighbors = 17334
Ave neighs/atom = 963
Neighbor list builds = 0
Dangerous builds = 0
set atom * x 0.0 y 0.0 z 0.0
Setting atom values ...
  18 settings made for x
  18 settings made for y
  18 settings made for z
change_box all     x final 0 2.543764026844159 y final 0 8.518113509255734 z final 0 6.535863121843263      xy final 2.2905785712262228 xz final 2.4642253567198984 yz final -3.1275647141095906 units box
Changing box ...
  triclinic box = (0 0 0) to (2.543764 8.5117894 6.5454894) with tilt (2.3051822 2.472375 -3.1713864)
  triclinic box = (0 0 0) to (2.543764 8.5181135 6.5454894) with tilt (2.3051822 2.472375 -3.1713864)
  triclinic box = (0 0 0) to (2.543764 8.5181135 6.5358631) with tilt (2.3051822 2.472375 -3.1713864)
  triclinic box = (0 0 0) to (2.543764 8.5181135 6.5358631) with tilt (2.2905786 2.472375 -3.1713864)
  triclinic box = (0 0 0) to (2.543764 8.5181135 6.5358631) with tilt (2.2905786 2.4642254 -3.1713864)
  triclinic box = (0 0 0) to (2.543764 8.5181135 6.5358631) with tilt (2.2905786 2.4642254 -3.1275647)
echo none
run 0
Per MPI rank memory allocation (min/avg/max) = 4.329 | 4.329 | 4.329 Mbytes
    PotEng          Pxx           E_mol          E_coul    
-76.997947      119.77026      0              0            
Loop time of 1.395e-06 on 1 procs for 0 steps with 18 atoms

1003.6% CPU use with 1 MPI tasks x 1 OpenMP threads

MPI task timing breakdown:
Section |  min time  |  avg time  |  max time  |%varavg| %total
---------------------------------------------------------------
Pair    | 0          | 0          | 0          |   0.0 |  0.00
Neigh   | 0          | 0          | 0          |   0.0 |  0.00
Comm    | 0          | 0          | 0          |   0.0 |  0.00
Output  | 0          | 0          | 0          |   0.0 |  0.00
Modify  | 0          | 0          | 0          |   0.0 |  0.00
Other   |            | 1.395e-06  |            |       |100.00

Nlocal:             18 ave          18 max          18 min
Histogram: 1 0 0 0 0 0 0 0 0 0
Nghost:           4310 ave        4310 max        4310 min
Histogram: 1 0 0 0 0 0 0 0 0 0
Neighs:              0 ave           0 max           0 min
Histogram: 1 0 0 0 0 0 0 0 0 0
FullNghs:        17340 ave       17340 max       17340 min
Histogram: 1 0 0 0 0 0 0 0 0 0

Total # of neighbors = 17340
Ave neighs/atom = 963.33333
Neighbor list builds = 0
Dangerous builds = 0
set atom * x 0.0 y 0.0 z 0.0
Setting atom values ...
  18 settings made for x
  18 settings made for y
  18 settings made for z
change_box all     x final 0 2.5437640268441575 y final 0 8.518113509255729 z final 0 6.5358631218432555      xy final 2.290578571226221 xz final 2.4642253567198953 yz final -3.127564714109597 units box
Changing box ...
  triclinic box = (0 0 0) to (2.543764 8.5181135 6.5358631) with tilt (2.2905786 2.4642254 -3.1275647)
  triclinic box = (0 0 0) to (2.543764 8.5181135 6.5358631) with tilt (2.2905786 2.4642254 -3.1275647)
  triclinic box = (0 0 0) to (2.543764 8.5181135 6.5358631) with tilt (2.2905786 2.4642254 -3.1275647)
  triclinic box = (0 0 0) to (2.543764 8.5181135 6.5358631) with tilt (2.2905786 2.4642254 -3.1275647)
  triclinic box = (0 0 0) to (2.543764 8.5181135 6.5358631) with tilt (2.2905786 2.4642254 -3.1275647)
  triclinic box = (0 0 0) to (2.543764 8.5181135 6.5358631) with tilt (2.2905786 2.4642254 -3.1275647)
echo none
run 0
Per MPI rank memory allocation (min/avg/max) = 4.329 | 4.329 | 4.329 Mbytes
    PotEng          Pxx           E_mol          E_coul    
-76.997947      119.77026      0              0            
Loop time of 1.137e-06 on 1 procs for 0 steps with 18 atoms

175.9% CPU use with 1 MPI tasks x 1 OpenMP threads

MPI task timing breakdown:
Section |  min time  |  avg time  |  max time  |%varavg| %total
---------------------------------------------------------------
Pair    | 0          | 0          | 0          |   0.0 |  0.00
Neigh   | 0          | 0          | 0          |   0.0 |  0.00
Comm    | 0          | 0          | 0          |   0.0 |  0.00
Output  | 0          | 0          | 0          |   0.0 |  0.00
Modify  | 0          | 0          | 0          |   0.0 |  0.00
Other   |            | 1.137e-06  |            |       |100.00

Nlocal:             18 ave          18 max          18 min
Histogram: 1 0 0 0 0 0 0 0 0 0
Nghost:           4310 ave        4310 max        4310 min
Histogram: 1 0 0 0 0 0 0 0 0 0
Neighs:              0 ave           0 max           0 min
Histogram: 1 0 0 0 0 0 0 0 0 0
FullNghs:        17340 ave       17340 max       17340 min
Histogram: 1 0 0 0 0 0 0 0 0 0

Total # of neighbors = 17340
Ave neighs/atom = 963.33333
Neighbor list builds = 0
Dangerous builds = 0
set atom * x 0.0 y 0.0 z 0.0
Setting atom values ...
  18 settings made for x
  18 settings made for y
  18 settings made for z
change_box all     x final 0 2.5436824686073454 y final 0 8.518808581716145 z final 0 6.529429051817447      xy final 2.2848906706801393 xz final 2.4639409130141843 yz final -3.0915110707990068 units box
Changing box ...
  triclinic box = (0 0 0) to (2.5436825 8.5181135 6.5358631) with tilt (2.2905786 2.4642254 -3.1275647)
  triclinic box = (0 0 0) to (2.5436825 8.5188086 6.5358631) with tilt (2.2905786 2.4642254 -3.1275647)
  triclinic box = (0 0 0) to (2.5436825 8.5188086 6.5294291) with tilt (2.2905786 2.4642254 -3.1275647)
  triclinic box = (0 0 0) to (2.5436825 8.5188086 6.5294291) with tilt (2.2848907 2.4642254 -3.1275647)
  triclinic box = (0 0 0) to (2.5436825 8.5188086 6.5294291) with tilt (2.2848907 2.4639409 -3.1275647)
  triclinic box = (0 0 0) to (2.5436825 8.5188086 6.5294291) with tilt (2.2848907 2.4639409 -3.0915111)
echo none
run 0
Per MPI rank memory allocation (min/avg/max) = 4.329 | 4.329 | 4.329 Mbytes
    PotEng          Pxx           E_mol          E_coul    
-76.998835      199.57773      0              0            
Loop time of 1.511e-06 on 1 procs for 0 steps with 18 atoms

860.4% CPU use with 1 MPI tasks x 1 OpenMP threads

MPI task timing breakdown:
Section |  min time  |  avg time  |  max time  |%varavg| %total
---------------------------------------------------------------
Pair    | 0          | 0          | 0          |   0.0 |  0.00
Neigh   | 0          | 0          | 0          |   0.0 |  0.00
Comm    | 0          | 0          | 0          |   0.0 |  0.00
Output  | 0          | 0          | 0          |   0.0 |  0.00
Modify  | 0          | 0          | 0          |   0.0 |  0.00
Other   |            | 1.511e-06  |            |       |100.00

Nlocal:             18 ave          18 max          18 min
Histogram: 1 0 0 0 0 0 0 0 0 0
Nghost:           4310 ave        4310 max        4310 min
Histogram: 1 0 0 0 0 0 0 0 0 0
Neighs:              0 ave           0 max           0 min
Histogram: 1 0 0 0 0 0 0 0 0 0
FullNghs:        17344 ave       17344 max       17344 min
Histogram: 1 0 0 0 0 0 0 0 0 0

Total # of neighbors = 17344
Ave neighs/atom = 963.55556
Neighbor list builds = 0
Dangerous builds = 0
set atom * x 0.0 y 0.0 z 0.0
Setting atom values ...
  18 settings made for x
  18 settings made for y
  18 settings made for z
change_box all     x final 0 2.5436824686073454 y final 0 8.518808581716145 z final 0 6.5294290518174485      xy final 2.2848906706801397 xz final 2.463940913014184 yz final -3.0915110707990054 units box
Changing box ...
  triclinic box = (0 0 0) to (2.5436825 8.5188086 6.5294291) with tilt (2.2848907 2.4639409 -3.0915111)
  triclinic box = (0 0 0) to (2.5436825 8.5188086 6.5294291) with tilt (2.2848907 2.4639409 -3.0915111)
  triclinic box = (0 0 0) to (2.5436825 8.5188086 6.5294291) with tilt (2.2848907 2.4639409 -3.0915111)
  triclinic box = (0 0 0) to (2.5436825 8.5188086 6.5294291) with tilt (2.2848907 2.4639409 -3.0915111)
  triclinic box = (0 0 0) to (2.5436825 8.5188086 6.5294291) with tilt (2.2848907 2.4639409 -3.0915111)
  triclinic box = (0 0 0) to (2.5436825 8.5188086 6.5294291) with tilt (2.2848907 2.4639409 -3.0915111)
echo none
run 0
Per MPI rank memory allocation (min/avg/max) = 4.329 | 4.329 | 4.329 Mbytes
    PotEng          Pxx           E_mol          E_coul    
-76.998835      199.57773      0              0            
Loop time of 1.805e-06 on 1 procs for 0 steps with 18 atoms

554.0% CPU use with 1 MPI tasks x 1 OpenMP threads

MPI task timing breakdown:
Section |  min time  |  avg time  |  max time  |%varavg| %total
---------------------------------------------------------------
Pair    | 0          | 0          | 0          |   0.0 |  0.00
Neigh   | 0          | 0          | 0          |   0.0 |  0.00
Comm    | 0          | 0          | 0          |   0.0 |  0.00
Output  | 0          | 0          | 0          |   0.0 |  0.00
Modify  | 0          | 0          | 0          |   0.0 |  0.00
Other   |            | 1.805e-06  |            |       |100.00

Nlocal:             18 ave          18 max          18 min
Histogram: 1 0 0 0 0 0 0 0 0 0
Nghost:           4310 ave        4310 max        4310 min
Histogram: 1 0 0 0 0 0 0 0 0 0
Neighs:              0 ave           0 max           0 min
Histogram: 1 0 0 0 0 0 0 0 0 0
FullNghs:        17344 ave       17344 max       17344 min
Histogram: 1 0 0 0 0 0 0 0 0 0

Total # of neighbors = 17344
Ave neighs/atom = 963.55556
Neighbor list builds = 0
Dangerous builds = 0
set atom * x 0.0 y 0.0 z 0.0
Setting atom values ...
  18 settings made for x
  18 settings made for y
  18 settings made for z
change_box all     x final 0 2.5438750988036816 y final 0 8.518606474149163 z final 0 6.518411997024006      xy final 2.2771253530360522 xz final 2.472359294707968 yz final -3.045925783826555 units box
Changing box ...
  triclinic box = (0 0 0) to (2.5438751 8.5188086 6.5294291) with tilt (2.2848907 2.4639409 -3.0915111)
  triclinic box = (0 0 0) to (2.5438751 8.5186065 6.5294291) with tilt (2.2848907 2.4639409 -3.0915111)
  triclinic box = (0 0 0) to (2.5438751 8.5186065 6.518412) with tilt (2.2848907 2.4639409 -3.0915111)
  triclinic box = (0 0 0) to (2.5438751 8.5186065 6.518412) with tilt (2.2771254 2.4639409 -3.0915111)
  triclinic box = (0 0 0) to (2.5438751 8.5186065 6.518412) with tilt (2.2771254 2.4723593 -3.0915111)
  triclinic box = (0 0 0) to (2.5438751 8.5186065 6.518412) with tilt (2.2771254 2.4723593 -3.0459258)
echo none
run 0
Per MPI rank memory allocation (min/avg/max) = 4.329 | 4.329 | 4.329 Mbytes
    PotEng          Pxx           E_mol          E_coul    
-76.99974      -50.814543      0              0            
Loop time of 1.981e-06 on 1 procs for 0 steps with 18 atoms

555.3% CPU use with 1 MPI tasks x 1 OpenMP threads

MPI task timing breakdown:
Section |  min time  |  avg time  |  max time  |%varavg| %total
---------------------------------------------------------------
Pair    | 0          | 0          | 0          |   0.0 |  0.00
Neigh   | 0          | 0          | 0          |   0.0 |  0.00
Comm    | 0          | 0          | 0          |   0.0 |  0.00
Output  | 0          | 0          | 0          |   0.0 |  0.00
Modify  | 0          | 0          | 0          |   0.0 |  0.00
Other   |            | 1.981e-06  |            |       |100.00

Nlocal:             18 ave          18 max          18 min
Histogram: 1 0 0 0 0 0 0 0 0 0
Nghost:           4310 ave        4310 max        4310 min
Histogram: 1 0 0 0 0 0 0 0 0 0
Neighs:              0 ave           0 max           0 min
Histogram: 1 0 0 0 0 0 0 0 0 0
FullNghs:        17378 ave       17378 max       17378 min
Histogram: 1 0 0 0 0 0 0 0 0 0

Total # of neighbors = 17378
Ave neighs/atom = 965.44444
Neighbor list builds = 0
Dangerous builds = 0
set atom * x 0.0 y 0.0 z 0.0
Setting atom values ...
  18 settings made for x
  18 settings made for y
  18 settings made for z
change_box all     x final 0 2.5438750988036833 y final 0 8.518606474149163 z final 0 6.51841199702401      xy final 2.2771253530360536 xz final 2.472359294707973 yz final -3.045925783826552 units box
Changing box ...
  triclinic box = (0 0 0) to (2.5438751 8.5186065 6.518412) with tilt (2.2771254 2.4723593 -3.0459258)
  triclinic box = (0 0 0) to (2.5438751 8.5186065 6.518412) with tilt (2.2771254 2.4723593 -3.0459258)
  triclinic box = (0 0 0) to (2.5438751 8.5186065 6.518412) with tilt (2.2771254 2.4723593 -3.0459258)
  triclinic box = (0 0 0) to (2.5438751 8.5186065 6.518412) with tilt (2.2771254 2.4723593 -3.0459258)
  triclinic box = (0 0 0) to (2.5438751 8.5186065 6.518412) with tilt (2.2771254 2.4723593 -3.0459258)
  triclinic box = (0 0 0) to (2.5438751 8.5186065 6.518412) with tilt (2.2771254 2.4723593 -3.0459258)
echo none
run 0
Per MPI rank memory allocation (min/avg/max) = 4.329 | 4.329 | 4.329 Mbytes
    PotEng          Pxx           E_mol          E_coul    
-76.99974      -50.814543      0              0            
Loop time of 1.737e-06 on 1 procs for 0 steps with 18 atoms

633.3% CPU use with 1 MPI tasks x 1 OpenMP threads

MPI task timing breakdown:
Section |  min time  |  avg time  |  max time  |%varavg| %total
---------------------------------------------------------------
Pair    | 0          | 0          | 0          |   0.0 |  0.00
Neigh   | 0          | 0          | 0          |   0.0 |  0.00
Comm    | 0          | 0          | 0          |   0.0 |  0.00
Output  | 0          | 0          | 0          |   0.0 |  0.00
Modify  | 0          | 0          | 0          |   0.0 |  0.00
Other   |            | 1.737e-06  |            |       |100.00

Nlocal:             18 ave          18 max          18 min
Histogram: 1 0 0 0 0 0 0 0 0 0
Nghost:           4310 ave        4310 max        4310 min
Histogram: 1 0 0 0 0 0 0 0 0 0
Neighs:              0 ave           0 max           0 min
Histogram: 1 0 0 0 0 0 0 0 0 0
FullNghs:        17378 ave       17378 max       17378 min
Histogram: 1 0 0 0 0 0 0 0 0 0

Total # of neighbors = 17378
Ave neighs/atom = 965.44444
Neighbor list builds = 0
Dangerous builds = 0
set atom * x 0.0 y 0.0 z 0.0
Setting atom values ...
  18 settings made for x
  18 settings made for y
  18 settings made for z
change_box all     x final 0 2.54367111169744 y final 0 8.518372822403919 z final 0 6.5157155247275345      xy final 2.277963672057114 xz final 2.4888539385267494 yz final -3.035080138851252 units box
Changing box ...
  triclinic box = (0 0 0) to (2.5436711 8.5186065 6.518412) with tilt (2.2771254 2.4723593 -3.0459258)
  triclinic box = (0 0 0) to (2.5436711 8.5183728 6.518412) with tilt (2.2771254 2.4723593 -3.0459258)
  triclinic box = (0 0 0) to (2.5436711 8.5183728 6.5157155) with tilt (2.2771254 2.4723593 -3.0459258)
  triclinic box = (0 0 0) to (2.5436711 8.5183728 6.5157155) with tilt (2.2779637 2.4723593 -3.0459258)
  triclinic box = (0 0 0) to (2.5436711 8.5183728 6.5157155) with tilt (2.2779637 2.4888539 -3.0459258)
  triclinic box = (0 0 0) to (2.5436711 8.5183728 6.5157155) with tilt (2.2779637 2.4888539 -3.0350801)
echo none
run 0
Per MPI rank memory allocation (min/avg/max) = 4.329 | 4.329 | 4.329 Mbytes
    PotEng          Pxx           E_mol          E_coul    
-77.000459      102.41002      0              0            
Loop time of 1.739e-06 on 1 procs for 0 steps with 18 atoms

920.1% CPU use with 1 MPI tasks x 1 OpenMP threads

MPI task timing breakdown:
Section |  min time  |  avg time  |  max time  |%varavg| %total
---------------------------------------------------------------
Pair    | 0          | 0          | 0          |   0.0 |  0.00
Neigh   | 0          | 0          | 0          |   0.0 |  0.00
Comm    | 0          | 0          | 0          |   0.0 |  0.00
Output  | 0          | 0          | 0          |   0.0 |  0.00
Modify  | 0          | 0          | 0          |   0.0 |  0.00
Other   |            | 1.739e-06  |            |       |100.00

Nlocal:             18 ave          18 max          18 min
Histogram: 1 0 0 0 0 0 0 0 0 0
Nghost:           4310 ave        4310 max        4310 min
Histogram: 1 0 0 0 0 0 0 0 0 0
Neighs:              0 ave           0 max           0 min
Histogram: 1 0 0 0 0 0 0 0 0 0
FullNghs:        17378 ave       17378 max       17378 min
Histogram: 1 0 0 0 0 0 0 0 0 0

Total # of neighbors = 17378
Ave neighs/atom = 965.44444
Neighbor list builds = 0
Dangerous builds = 0
set atom * x 0.0 y 0.0 z 0.0
Setting atom values ...
  18 settings made for x
  18 settings made for y
  18 settings made for z
change_box all     x final 0 2.5436711116974404 y final 0 8.518372822403919 z final 0 6.5157155247275345      xy final 2.277963672057115 xz final 2.48885393852675 yz final -3.0350801388512556 units box
Changing box ...
  triclinic box = (0 0 0) to (2.5436711 8.5183728 6.5157155) with tilt (2.2779637 2.4888539 -3.0350801)
  triclinic box = (0 0 0) to (2.5436711 8.5183728 6.5157155) with tilt (2.2779637 2.4888539 -3.0350801)
  triclinic box = (0 0 0) to (2.5436711 8.5183728 6.5157155) with tilt (2.2779637 2.4888539 -3.0350801)
  triclinic box = (0 0 0) to (2.5436711 8.5183728 6.5157155) with tilt (2.2779637 2.4888539 -3.0350801)
  triclinic box = (0 0 0) to (2.5436711 8.5183728 6.5157155) with tilt (2.2779637 2.4888539 -3.0350801)
  triclinic box = (0 0 0) to (2.5436711 8.5183728 6.5157155) with tilt (2.2779637 2.4888539 -3.0350801)
echo none
run 0
Per MPI rank memory allocation (min/avg/max) = 4.329 | 4.329 | 4.329 Mbytes
    PotEng          Pxx           E_mol          E_coul    
-77.000459      102.41002      0              0            
Loop time of 1.877e-06 on 1 procs for 0 steps with 18 atoms

959.0% CPU use with 1 MPI tasks x 1 OpenMP threads

MPI task timing breakdown:
Section |  min time  |  avg time  |  max time  |%varavg| %total
---------------------------------------------------------------
Pair    | 0          | 0          | 0          |   0.0 |  0.00
Neigh   | 0          | 0          | 0          |   0.0 |  0.00
Comm    | 0          | 0          | 0          |   0.0 |  0.00
Output  | 0          | 0          | 0          |   0.0 |  0.00
Modify  | 0          | 0          | 0          |   0.0 |  0.00
Other   |            | 1.877e-06  |            |       |100.00

Nlocal:             18 ave          18 max          18 min
Histogram: 1 0 0 0 0 0 0 0 0 0
Nghost:           4310 ave        4310 max        4310 min
Histogram: 1 0 0 0 0 0 0 0 0 0
Neighs:              0 ave           0 max           0 min
Histogram: 1 0 0 0 0 0 0 0 0 0
FullNghs:        17378 ave       17378 max       17378 min
Histogram: 1 0 0 0 0 0 0 0 0 0

Total # of neighbors = 17378
Ave neighs/atom = 965.44444
Neighbor list builds = 0
Dangerous builds = 0
set atom * x 0.0 y 0.0 z 0.0
Setting atom values ...
  18 settings made for x
  18 settings made for y
  18 settings made for z
change_box all     x final 0 2.5438306573563954 y final 0 8.520683982256086 z final 0 6.509572305309997      xy final 2.2600478200729235 xz final 2.5030124087106014 yz final -3.0105731969269725 units box
Changing box ...
  triclinic box = (0 0 0) to (2.5438307 8.5183728 6.5157155) with tilt (2.2779637 2.4888539 -3.0350801)
  triclinic box = (0 0 0) to (2.5438307 8.520684 6.5157155) with tilt (2.2779637 2.4888539 -3.0350801)
  triclinic box = (0 0 0) to (2.5438307 8.520684 6.5095723) with tilt (2.2779637 2.4888539 -3.0350801)
  triclinic box = (0 0 0) to (2.5438307 8.520684 6.5095723) with tilt (2.2600478 2.4888539 -3.0350801)
  triclinic box = (0 0 0) to (2.5438307 8.520684 6.5095723) with tilt (2.2600478 2.5030124 -3.0350801)
  triclinic box = (0 0 0) to (2.5438307 8.520684 6.5095723) with tilt (2.2600478 2.5030124 -3.0105732)
echo none
run 0
Per MPI rank memory allocation (min/avg/max) = 4.329 | 4.329 | 4.329 Mbytes
    PotEng          Pxx           E_mol          E_coul    
-77.001058     -123.98136      0              0            
Loop time of 1.626e-06 on 1 procs for 0 steps with 18 atoms

1107.0% CPU use with 1 MPI tasks x 1 OpenMP threads

MPI task timing breakdown:
Section |  min time  |  avg time  |  max time  |%varavg| %total
---------------------------------------------------------------
Pair    | 0          | 0          | 0          |   0.0 |  0.00
Neigh   | 0          | 0          | 0          |   0.0 |  0.00
Comm    | 0          | 0          | 0          |   0.0 |  0.00
Output  | 0          | 0          | 0          |   0.0 |  0.00
Modify  | 0          | 0          | 0          |   0.0 |  0.00
Other   |            | 1.626e-06  |            |       |100.00

Nlocal:             18 ave          18 max          18 min
Histogram: 1 0 0 0 0 0 0 0 0 0
Nghost:           4298 ave        4298 max        4298 min
Histogram: 1 0 0 0 0 0 0 0 0 0
Neighs:              0 ave           0 max           0 min
Histogram: 1 0 0 0 0 0 0 0 0 0
FullNghs:        17392 ave       17392 max       17392 min
Histogram: 1 0 0 0 0 0 0 0 0 0

Total # of neighbors = 17392
Ave neighs/atom = 966.22222
Neighbor list builds = 0
Dangerous builds = 0
set atom * x 0.0 y 0.0 z 0.0
Setting atom values ...
  18 settings made for x
  18 settings made for y
  18 settings made for z
change_box all     x final 0 2.543830657356395 y final 0 8.520683982256086 z final 0 6.509572305309992      xy final 2.2600478200729226 xz final 2.5030124087106014 yz final -3.0105731969269747 units box
Changing box ...
  triclinic box = (0 0 0) to (2.5438307 8.520684 6.5095723) with tilt (2.2600478 2.5030124 -3.0105732)
  triclinic box = (0 0 0) to (2.5438307 8.520684 6.5095723) with tilt (2.2600478 2.5030124 -3.0105732)
  triclinic box = (0 0 0) to (2.5438307 8.520684 6.5095723) with tilt (2.2600478 2.5030124 -3.0105732)
  triclinic box = (0 0 0) to (2.5438307 8.520684 6.5095723) with tilt (2.2600478 2.5030124 -3.0105732)
  triclinic box = (0 0 0) to (2.5438307 8.520684 6.5095723) with tilt (2.2600478 2.5030124 -3.0105732)
  triclinic box = (0 0 0) to (2.5438307 8.520684 6.5095723) with tilt (2.2600478 2.5030124 -3.0105732)
echo none
run 0
Per MPI rank memory allocation (min/avg/max) = 4.329 | 4.329 | 4.329 Mbytes
    PotEng          Pxx           E_mol          E_coul    
-77.001058     -123.98136      0              0            
Loop time of 1.269e-06 on 1 procs for 0 steps with 18 atoms

157.6% CPU use with 1 MPI tasks x 1 OpenMP threads

MPI task timing breakdown:
Section |  min time  |  avg time  |  max time  |%varavg| %total
---------------------------------------------------------------
Pair    | 0          | 0          | 0          |   0.0 |  0.00
Neigh   | 0          | 0          | 0          |   0.0 |  0.00
Comm    | 0          | 0          | 0          |   0.0 |  0.00
Output  | 0          | 0          | 0          |   0.0 |  0.00
Modify  | 0          | 0          | 0          |   0.0 |  0.00
Other   |            | 1.269e-06  |            |       |100.00

Nlocal:             18 ave          18 max          18 min
Histogram: 1 0 0 0 0 0 0 0 0 0
Nghost:           4298 ave        4298 max        4298 min
Histogram: 1 0 0 0 0 0 0 0 0 0
Neighs:              0 ave           0 max           0 min
Histogram: 1 0 0 0 0 0 0 0 0 0
FullNghs:        17392 ave       17392 max       17392 min
Histogram: 1 0 0 0 0 0 0 0 0 0

Total # of neighbors = 17392
Ave neighs/atom = 966.22222
Neighbor list builds = 0
Dangerous builds = 0
set atom * x 0.0 y 0.0 z 0.0
Setting atom values ...
  18 settings made for x
  18 settings made for y
  18 settings made for z
change_box all     x final 0 2.5436725879956774 y final 0 8.52627405423082 z final 0 6.50358544122777      xy final 2.241843332028563 xz final 2.5168441848182215 yz final -3.003810630079887 units box
Changing box ...
  triclinic box = (0 0 0) to (2.5436726 8.520684 6.5095723) with tilt (2.2600478 2.5030124 -3.0105732)
  triclinic box = (0 0 0) to (2.5436726 8.5262741 6.5095723) with tilt (2.2600478 2.5030124 -3.0105732)
  triclinic box = (0 0 0) to (2.5436726 8.5262741 6.5035854) with tilt (2.2600478 2.5030124 -3.0105732)
  triclinic box = (0 0 0) to (2.5436726 8.5262741 6.5035854) with tilt (2.2418433 2.5030124 -3.0105732)
  triclinic box = (0 0 0) to (2.5436726 8.5262741 6.5035854) with tilt (2.2418433 2.5168442 -3.0105732)
  triclinic box = (0 0 0) to (2.5436726 8.5262741 6.5035854) with tilt (2.2418433 2.5168442 -3.0038106)
echo none
run 0
Per MPI rank memory allocation (min/avg/max) = 4.329 | 4.329 | 4.329 Mbytes
    PotEng          Pxx           E_mol          E_coul    
-77.001562      87.19604       0              0            
Loop time of 1.648e-06 on 1 procs for 0 steps with 18 atoms

788.8% CPU use with 1 MPI tasks x 1 OpenMP threads

MPI task timing breakdown:
Section |  min time  |  avg time  |  max time  |%varavg| %total
---------------------------------------------------------------
Pair    | 0          | 0          | 0          |   0.0 |  0.00
Neigh   | 0          | 0          | 0          |   0.0 |  0.00
Comm    | 0          | 0          | 0          |   0.0 |  0.00
Output  | 0          | 0          | 0          |   0.0 |  0.00
Modify  | 0          | 0          | 0          |   0.0 |  0.00
Other   |            | 1.648e-06  |            |       |100.00

Nlocal:             18 ave          18 max          18 min
Histogram: 1 0 0 0 0 0 0 0 0 0
Nghost:           4298 ave        4298 max        4298 min
Histogram: 1 0 0 0 0 0 0 0 0 0
Neighs:              0 ave           0 max           0 min
Histogram: 1 0 0 0 0 0 0 0 0 0
FullNghs:        17400 ave       17400 max       17400 min
Histogram: 1 0 0 0 0 0 0 0 0 0

Total # of neighbors = 17400
Ave neighs/atom = 966.66667
Neighbor list builds = 0
Dangerous builds = 0
set atom * x 0.0 y 0.0 z 0.0
Setting atom values ...
  18 settings made for x
  18 settings made for y
  18 settings made for z
change_box all     x final 0 2.5436725879956765 y final 0 8.52627405423082 z final 0 6.50358544122777      xy final 2.241843332028563 xz final 2.5168441848182224 yz final -3.0038106300798892 units box
Changing box ...
  triclinic box = (0 0 0) to (2.5436726 8.5262741 6.5035854) with tilt (2.2418433 2.5168442 -3.0038106)
  triclinic box = (0 0 0) to (2.5436726 8.5262741 6.5035854) with tilt (2.2418433 2.5168442 -3.0038106)
  triclinic box = (0 0 0) to (2.5436726 8.5262741 6.5035854) with tilt (2.2418433 2.5168442 -3.0038106)
  triclinic box = (0 0 0) to (2.5436726 8.5262741 6.5035854) with tilt (2.2418433 2.5168442 -3.0038106)
  triclinic box = (0 0 0) to (2.5436726 8.5262741 6.5035854) with tilt (2.2418433 2.5168442 -3.0038106)
  triclinic box = (0 0 0) to (2.5436726 8.5262741 6.5035854) with tilt (2.2418433 2.5168442 -3.0038106)
echo none
run 0
Per MPI rank memory allocation (min/avg/max) = 4.329 | 4.329 | 4.329 Mbytes
    PotEng          Pxx           E_mol          E_coul    
-77.001562      87.19604       0              0            
Loop time of 1.691e-06 on 1 procs for 0 steps with 18 atoms

827.9% CPU use with 1 MPI tasks x 1 OpenMP threads

MPI task timing breakdown:
Section |  min time  |  avg time  |  max time  |%varavg| %total
---------------------------------------------------------------
Pair    | 0          | 0          | 0          |   0.0 |  0.00
Neigh   | 0          | 0          | 0          |   0.0 |  0.00
Comm    | 0          | 0          | 0          |   0.0 |  0.00
Output  | 0          | 0          | 0          |   0.0 |  0.00
Modify  | 0          | 0          | 0          |   0.0 |  0.00
Other   |            | 1.691e-06  |            |       |100.00

Nlocal:             18 ave          18 max          18 min
Histogram: 1 0 0 0 0 0 0 0 0 0
Nghost:           4298 ave        4298 max        4298 min
Histogram: 1 0 0 0 0 0 0 0 0 0
Neighs:              0 ave           0 max           0 min
Histogram: 1 0 0 0 0 0 0 0 0 0
FullNghs:        17400 ave       17400 max       17400 min
Histogram: 1 0 0 0 0 0 0 0 0 0

Total # of neighbors = 17400
Ave neighs/atom = 966.66667
Neighbor list builds = 0
Dangerous builds = 0
set atom * x 0.0 y 0.0 z 0.0
Setting atom values ...
  18 settings made for x
  18 settings made for y
  18 settings made for z
change_box all     x final 0 2.5436044110640808 y final 0 8.532577492796749 z final 0 6.49764989498461      xy final 2.207384536082956 xz final 2.523051606551413 yz final -2.9849978222358358 units box
Changing box ...
  triclinic box = (0 0 0) to (2.5436044 8.5262741 6.5035854) with tilt (2.2418433 2.5168442 -3.0038106)
  triclinic box = (0 0 0) to (2.5436044 8.5325775 6.5035854) with tilt (2.2418433 2.5168442 -3.0038106)
  triclinic box = (0 0 0) to (2.5436044 8.5325775 6.4976499) with tilt (2.2418433 2.5168442 -3.0038106)
  triclinic box = (0 0 0) to (2.5436044 8.5325775 6.4976499) with tilt (2.2073845 2.5168442 -3.0038106)
  triclinic box = (0 0 0) to (2.5436044 8.5325775 6.4976499) with tilt (2.2073845 2.5230516 -3.0038106)
  triclinic box = (0 0 0) to (2.5436044 8.5325775 6.4976499) with tilt (2.2073845 2.5230516 -2.9849978)
echo none
run 0
Per MPI rank memory allocation (min/avg/max) = 4.329 | 4.329 | 4.329 Mbytes
    PotEng          Pxx           E_mol          E_coul    
-77.001984      234.48251      0              0            
Loop time of 1.757e-06 on 1 procs for 0 steps with 18 atoms

796.8% CPU use with 1 MPI tasks x 1 OpenMP threads

MPI task timing breakdown:
Section |  min time  |  avg time  |  max time  |%varavg| %total
---------------------------------------------------------------
Pair    | 0          | 0          | 0          |   0.0 |  0.00
Neigh   | 0          | 0          | 0          |   0.0 |  0.00
Comm    | 0          | 0          | 0          |   0.0 |  0.00
Output  | 0          | 0          | 0          |   0.0 |  0.00
Modify  | 0          | 0          | 0          |   0.0 |  0.00
Other   |            | 1.757e-06  |            |       |100.00

Nlocal:             18 ave          18 max          18 min
Histogram: 1 0 0 0 0 0 0 0 0 0
Nghost:           4298 ave        4298 max        4298 min
Histogram: 1 0 0 0 0 0 0 0 0 0
Neighs:              0 ave           0 max           0 min
Histogram: 1 0 0 0 0 0 0 0 0 0
FullNghs:        17398 ave       17398 max       17398 min
Histogram: 1 0 0 0 0 0 0 0 0 0

Total # of neighbors = 17398
Ave neighs/atom = 966.55556
Neighbor list builds = 0
Dangerous builds = 0
set atom * x 0.0 y 0.0 z 0.0
Setting atom values ...
  18 settings made for x
  18 settings made for y
  18 settings made for z
change_box all     x final 0 2.5436044110640803 y final 0 8.532577492796747 z final 0 6.497649894984608      xy final 2.2073845360829525 xz final 2.5230516065514106 yz final -2.984997822235835 units box
Changing box ...
  triclinic box = (0 0 0) to (2.5436044 8.5325775 6.4976499) with tilt (2.2073845 2.5230516 -2.9849978)
  triclinic box = (0 0 0) to (2.5436044 8.5325775 6.4976499) with tilt (2.2073845 2.5230516 -2.9849978)
  triclinic box = (0 0 0) to (2.5436044 8.5325775 6.4976499) with tilt (2.2073845 2.5230516 -2.9849978)
  triclinic box = (0 0 0) to (2.5436044 8.5325775 6.4976499) with tilt (2.2073845 2.5230516 -2.9849978)
  triclinic box = (0 0 0) to (2.5436044 8.5325775 6.4976499) with tilt (2.2073845 2.5230516 -2.9849978)
  triclinic box = (0 0 0) to (2.5436044 8.5325775 6.4976499) with tilt (2.2073845 2.5230516 -2.9849978)
echo none
run 0
Per MPI rank memory allocation (min/avg/max) = 4.329 | 4.329 | 4.329 Mbytes
    PotEng          Pxx           E_mol          E_coul    
-77.001984      234.48251      0              0            
Loop time of 1.359e-06 on 1 procs for 0 steps with 18 atoms

147.2% CPU use with 1 MPI tasks x 1 OpenMP threads

MPI task timing breakdown:
Section |  min time  |  avg time  |  max time  |%varavg| %total
---------------------------------------------------------------
Pair    | 0          | 0          | 0          |   0.0 |  0.00
Neigh   | 0          | 0          | 0          |   0.0 |  0.00
Comm    | 0          | 0          | 0          |   0.0 |  0.00
Output  | 0          | 0          | 0          |   0.0 |  0.00
Modify  | 0          | 0          | 0          |   0.0 |  0.00
Other   |            | 1.359e-06  |            |       |100.00

Nlocal:             18 ave          18 max          18 min
Histogram: 1 0 0 0 0 0 0 0 0 0
Nghost:           4298 ave        4298 max        4298 min
Histogram: 1 0 0 0 0 0 0 0 0 0
Neighs:              0 ave           0 max           0 min
Histogram: 1 0 0 0 0 0 0 0 0 0
FullNghs:        17398 ave       17398 max       17398 min
Histogram: 1 0 0 0 0 0 0 0 0 0

Total # of neighbors = 17398
Ave neighs/atom = 966.55556
Neighbor list builds = 0
Dangerous builds = 0
set atom * x 0.0 y 0.0 z 0.0
Setting atom values ...
  18 settings made for x
  18 settings made for y
  18 settings made for z
change_box all     x final 0 2.543694930649415 y final 0 8.54020451025733 z final 0 6.492420031358108      xy final 2.175912559803304 xz final 2.5269304188644823 yz final -2.9805982548422207 units box
Changing box ...
  triclinic box = (0 0 0) to (2.5436949 8.5325775 6.4976499) with tilt (2.2073845 2.5230516 -2.9849978)
  triclinic box = (0 0 0) to (2.5436949 8.5402045 6.4976499) with tilt (2.2073845 2.5230516 -2.9849978)
  triclinic box = (0 0 0) to (2.5436949 8.5402045 6.49242) with tilt (2.2073845 2.5230516 -2.9849978)
  triclinic box = (0 0 0) to (2.5436949 8.5402045 6.49242) with tilt (2.1759126 2.5230516 -2.9849978)
  triclinic box = (0 0 0) to (2.5436949 8.5402045 6.49242) with tilt (2.1759126 2.5269304 -2.9849978)
  triclinic box = (0 0 0) to (2.5436949 8.5402045 6.49242) with tilt (2.1759126 2.5269304 -2.9805983)
echo none
run 0
Per MPI rank memory allocation (min/avg/max) = 4.329 | 4.329 | 4.329 Mbytes
    PotEng          Pxx           E_mol          E_coul    
-77.002324      262.93295      0              0            
Loop time of 1.529e-06 on 1 procs for 0 steps with 18 atoms

1046.4% CPU use with 1 MPI tasks x 1 OpenMP threads

MPI task timing breakdown:
Section |  min time  |  avg time  |  max time  |%varavg| %total
---------------------------------------------------------------
Pair    | 0          | 0          | 0          |   0.0 |  0.00
Neigh   | 0          | 0          | 0          |   0.0 |  0.00
Comm    | 0          | 0          | 0          |   0.0 |  0.00
Output  | 0          | 0          | 0          |   0.0 |  0.00
Modify  | 0          | 0          | 0          |   0.0 |  0.00
Other   |            | 1.529e-06  |            |       |100.00

Nlocal:             18 ave          18 max          18 min
Histogram: 1 0 0 0 0 0 0 0 0 0
Nghost:           4278 ave        4278 max        4278 min
Histogram: 1 0 0 0 0 0 0 0 0 0
Neighs:              0 ave           0 max           0 min
Histogram: 1 0 0 0 0 0 0 0 0 0
FullNghs:        17390 ave       17390 max       17390 min
Histogram: 1 0 0 0 0 0 0 0 0 0

Total # of neighbors = 17390
Ave neighs/atom = 966.11111
Neighbor list builds = 0
Dangerous builds = 0
set atom * x 0.0 y 0.0 z 0.0
Setting atom values ...
  18 settings made for x
  18 settings made for y
  18 settings made for z
change_box all     x final 0 2.5436949306494143 y final 0 8.540204510257329 z final 0 6.492420031358105      xy final 2.175912559803303 xz final 2.5269304188644814 yz final -2.980598254842221 units box
Changing box ...
  triclinic box = (0 0 0) to (2.5436949 8.5402045 6.49242) with tilt (2.1759126 2.5269304 -2.9805983)
  triclinic box = (0 0 0) to (2.5436949 8.5402045 6.49242) with tilt (2.1759126 2.5269304 -2.9805983)
  triclinic box = (0 0 0) to (2.5436949 8.5402045 6.49242) with tilt (2.1759126 2.5269304 -2.9805983)
  triclinic box = (0 0 0) to (2.5436949 8.5402045 6.49242) with tilt (2.1759126 2.5269304 -2.9805983)
  triclinic box = (0 0 0) to (2.5436949 8.5402045 6.49242) with tilt (2.1759126 2.5269304 -2.9805983)
  triclinic box = (0 0 0) to (2.5436949 8.5402045 6.49242) with tilt (2.1759126 2.5269304 -2.9805983)
echo none
run 0
Per MPI rank memory allocation (min/avg/max) = 4.329 | 4.329 | 4.329 Mbytes
    PotEng          Pxx           E_mol          E_coul    
-77.002324      262.93295      0              0            
Loop time of 1.727e-06 on 1 procs for 0 steps with 18 atoms

1042.3% CPU use with 1 MPI tasks x 1 OpenMP threads

MPI task timing breakdown:
Section |  min time  |  avg time  |  max time  |%varavg| %total
---------------------------------------------------------------
Pair    | 0          | 0          | 0          |   0.0 |  0.00
Neigh   | 0          | 0          | 0          |   0.0 |  0.00
Comm    | 0          | 0          | 0          |   0.0 |  0.00
Output  | 0          | 0          | 0          |   0.0 |  0.00
Modify  | 0          | 0          | 0          |   0.0 |  0.00
Other   |            | 1.727e-06  |            |       |100.00

Nlocal:             18 ave          18 max          18 min
Histogram: 1 0 0 0 0 0 0 0 0 0
Nghost:           4278 ave        4278 max        4278 min
Histogram: 1 0 0 0 0 0 0 0 0 0
Neighs:              0 ave           0 max           0 min
Histogram: 1 0 0 0 0 0 0 0 0 0
FullNghs:        17390 ave       17390 max       17390 min
Histogram: 1 0 0 0 0 0 0 0 0 0

Total # of neighbors = 17390
Ave neighs/atom = 966.11111
Neighbor list builds = 0
Dangerous builds = 0
set atom * x 0.0 y 0.0 z 0.0
Setting atom values ...
  18 settings made for x
  18 settings made for y
  18 settings made for z
change_box all     x final 0 2.5436102822370206 y final 0 8.54618352262598 z final 0 6.486811599459955      xy final 2.1398128620572305 xz final 2.5262240024623 yz final -2.974383651113993 units box
Changing box ...
  triclinic box = (0 0 0) to (2.5436103 8.5402045 6.49242) with tilt (2.1759126 2.5269304 -2.9805983)
  triclinic box = (0 0 0) to (2.5436103 8.5461835 6.49242) with tilt (2.1759126 2.5269304 -2.9805983)
  triclinic box = (0 0 0) to (2.5436103 8.5461835 6.4868116) with tilt (2.1759126 2.5269304 -2.9805983)
  triclinic box = (0 0 0) to (2.5436103 8.5461835 6.4868116) with tilt (2.1398129 2.5269304 -2.9805983)
  triclinic box = (0 0 0) to (2.5436103 8.5461835 6.4868116) with tilt (2.1398129 2.526224 -2.9805983)
  triclinic box = (0 0 0) to (2.5436103 8.5461835 6.4868116) with tilt (2.1398129 2.526224 -2.9743837)
echo none
run 0
Per MPI rank memory allocation (min/avg/max) = 4.329 | 4.329 | 4.329 Mbytes
    PotEng          Pxx           E_mol          E_coul    
-77.002685      384.77889      0              0            
Loop time of 1.618e-06 on 1 procs for 0 steps with 18 atoms

865.3% CPU use with 1 MPI tasks x 1 OpenMP threads

MPI task timing breakdown:
Section |  min time  |  avg time  |  max time  |%varavg| %total
---------------------------------------------------------------
Pair    | 0          | 0          | 0          |   0.0 |  0.00
Neigh   | 0          | 0          | 0          |   0.0 |  0.00
Comm    | 0          | 0          | 0          |   0.0 |  0.00
Output  | 0          | 0          | 0          |   0.0 |  0.00
Modify  | 0          | 0          | 0          |   0.0 |  0.00
Other   |            | 1.618e-06  |            |       |100.00

Nlocal:             18 ave          18 max          18 min
Histogram: 1 0 0 0 0 0 0 0 0 0
Nghost:           4278 ave        4278 max        4278 min
Histogram: 1 0 0 0 0 0 0 0 0 0
Neighs:              0 ave           0 max           0 min
Histogram: 1 0 0 0 0 0 0 0 0 0
FullNghs:        17390 ave       17390 max       17390 min
Histogram: 1 0 0 0 0 0 0 0 0 0

Total # of neighbors = 17390
Ave neighs/atom = 966.11111
Neighbor list builds = 0
Dangerous builds = 0
set atom * x 0.0 y 0.0 z 0.0
Setting atom values ...
  18 settings made for x
  18 settings made for y
  18 settings made for z
change_box all     x final 0 2.5436102822370206 y final 0 8.54618352262598 z final 0 6.486811599459954      xy final 2.13981286205723 xz final 2.5262240024623024 yz final -2.974383651113996 units box
Changing box ...
  triclinic box = (0 0 0) to (2.5436103 8.5461835 6.4868116) with tilt (2.1398129 2.526224 -2.9743837)
  triclinic box = (0 0 0) to (2.5436103 8.5461835 6.4868116) with tilt (2.1398129 2.526224 -2.9743837)
  triclinic box = (0 0 0) to (2.5436103 8.5461835 6.4868116) with tilt (2.1398129 2.526224 -2.9743837)
  triclinic box = (0 0 0) to (2.5436103 8.5461835 6.4868116) with tilt (2.1398129 2.526224 -2.9743837)
  triclinic box = (0 0 0) to (2.5436103 8.5461835 6.4868116) with tilt (2.1398129 2.526224 -2.9743837)
  triclinic box = (0 0 0) to (2.5436103 8.5461835 6.4868116) with tilt (2.1398129 2.526224 -2.9743837)
echo none
run 0
Per MPI rank memory allocation (min/avg/max) = 4.329 | 4.329 | 4.329 Mbytes
    PotEng          Pxx           E_mol          E_coul    
-77.002685      384.77889      0              0            
Loop time of 1.934e-06 on 1 procs for 0 steps with 18 atoms

413.7% CPU use with 1 MPI tasks x 1 OpenMP threads

MPI task timing breakdown:
Section |  min time  |  avg time  |  max time  |%varavg| %total
---------------------------------------------------------------
Pair    | 0          | 0          | 0          |   0.0 |  0.00
Neigh   | 0          | 0          | 0          |   0.0 |  0.00
Comm    | 0          | 0          | 0          |   0.0 |  0.00
Output  | 0          | 0          | 0          |   0.0 |  0.00
Modify  | 0          | 0          | 0          |   0.0 |  0.00
Other   |            | 1.934e-06  |            |       |100.00

Nlocal:             18 ave          18 max          18 min
Histogram: 1 0 0 0 0 0 0 0 0 0
Nghost:           4278 ave        4278 max        4278 min
Histogram: 1 0 0 0 0 0 0 0 0 0
Neighs:              0 ave           0 max           0 min
Histogram: 1 0 0 0 0 0 0 0 0 0
FullNghs:        17390 ave       17390 max       17390 min
Histogram: 1 0 0 0 0 0 0 0 0 0

Total # of neighbors = 17390
Ave neighs/atom = 966.11111
Neighbor list builds = 0
Dangerous builds = 0
set atom * x 0.0 y 0.0 z 0.0
Setting atom values ...
  18 settings made for x
  18 settings made for y
  18 settings made for z
change_box all     x final 0 2.5437247410992336 y final 0 8.554010741801935 z final 0 6.48297664291636      xy final 2.0992989947943355 xz final 2.523842293060386 yz final -2.9797403538506826 units box
Changing box ...
  triclinic box = (0 0 0) to (2.5437247 8.5461835 6.4868116) with tilt (2.1398129 2.526224 -2.9743837)
  triclinic box = (0 0 0) to (2.5437247 8.5540107 6.4868116) with tilt (2.1398129 2.526224 -2.9743837)
  triclinic box = (0 0 0) to (2.5437247 8.5540107 6.4829766) with tilt (2.1398129 2.526224 -2.9743837)
  triclinic box = (0 0 0) to (2.5437247 8.5540107 6.4829766) with tilt (2.099299 2.526224 -2.9743837)
  triclinic box = (0 0 0) to (2.5437247 8.5540107 6.4829766) with tilt (2.099299 2.5238423 -2.9743837)
  triclinic box = (0 0 0) to (2.5437247 8.5540107 6.4829766) with tilt (2.099299 2.5238423 -2.9797404)
echo none
run 0
Per MPI rank memory allocation (min/avg/max) = 4.329 | 4.329 | 4.329 Mbytes
    PotEng          Pxx           E_mol          E_coul    
-77.003126      309.62668      0              0            
Loop time of 1.291e-06 on 1 procs for 0 steps with 18 atoms

852.1% CPU use with 1 MPI tasks x 1 OpenMP threads

MPI task timing breakdown:
Section |  min time  |  avg time  |  max time  |%varavg| %total
---------------------------------------------------------------
Pair    | 0          | 0          | 0          |   0.0 |  0.00
Neigh   | 0          | 0          | 0          |   0.0 |  0.00
Comm    | 0          | 0          | 0          |   0.0 |  0.00
Output  | 0          | 0          | 0          |   0.0 |  0.00
Modify  | 0          | 0          | 0          |   0.0 |  0.00
Other   |            | 1.291e-06  |            |       |100.00

Nlocal:             18 ave          18 max          18 min
Histogram: 1 0 0 0 0 0 0 0 0 0
Nghost:           4278 ave        4278 max        4278 min
Histogram: 1 0 0 0 0 0 0 0 0 0
Neighs:              0 ave           0 max           0 min
Histogram: 1 0 0 0 0 0 0 0 0 0
FullNghs:        17390 ave       17390 max       17390 min
Histogram: 1 0 0 0 0 0 0 0 0 0

Total # of neighbors = 17390
Ave neighs/atom = 966.11111
Neighbor list builds = 0
Dangerous builds = 0
set atom * x 0.0 y 0.0 z 0.0
Setting atom values ...
  18 settings made for x
  18 settings made for y
  18 settings made for z
change_box all     x final 0 2.5437247410992354 y final 0 8.554010741801932 z final 0 6.482976642916358      xy final 2.0992989947943355 xz final 2.5238422930603863 yz final -2.9797403538506826 units box
Changing box ...
  triclinic box = (0 0 0) to (2.5437247 8.5540107 6.4829766) with tilt (2.099299 2.5238423 -2.9797404)
  triclinic box = (0 0 0) to (2.5437247 8.5540107 6.4829766) with tilt (2.099299 2.5238423 -2.9797404)
  triclinic box = (0 0 0) to (2.5437247 8.5540107 6.4829766) with tilt (2.099299 2.5238423 -2.9797404)
  triclinic box = (0 0 0) to (2.5437247 8.5540107 6.4829766) with tilt (2.099299 2.5238423 -2.9797404)
  triclinic box = (0 0 0) to (2.5437247 8.5540107 6.4829766) with tilt (2.099299 2.5238423 -2.9797404)
  triclinic box = (0 0 0) to (2.5437247 8.5540107 6.4829766) with tilt (2.099299 2.5238423 -2.9797404)
echo none
run 0
Per MPI rank memory allocation (min/avg/max) = 4.329 | 4.329 | 4.329 Mbytes
    PotEng          Pxx           E_mol          E_coul    
-77.003126      309.62668      0              0            
Loop time of 1.241e-06 on 1 procs for 0 steps with 18 atoms

725.2% CPU use with 1 MPI tasks x 1 OpenMP threads

MPI task timing breakdown:
Section |  min time  |  avg time  |  max time  |%varavg| %total
---------------------------------------------------------------
Pair    | 0          | 0          | 0          |   0.0 |  0.00
Neigh   | 0          | 0          | 0          |   0.0 |  0.00
Comm    | 0          | 0          | 0          |   0.0 |  0.00
Output  | 0          | 0          | 0          |   0.0 |  0.00
Modify  | 0          | 0          | 0          |   0.0 |  0.00
Other   |            | 1.241e-06  |            |       |100.00

Nlocal:             18 ave          18 max          18 min
Histogram: 1 0 0 0 0 0 0 0 0 0
Nghost:           4278 ave        4278 max        4278 min
Histogram: 1 0 0 0 0 0 0 0 0 0
Neighs:              0 ave           0 max           0 min
Histogram: 1 0 0 0 0 0 0 0 0 0
FullNghs:        17390 ave       17390 max       17390 min
Histogram: 1 0 0 0 0 0 0 0 0 0

Total # of neighbors = 17390
Ave neighs/atom = 966.11111
Neighbor list builds = 0
Dangerous builds = 0
set atom * x 0.0 y 0.0 z 0.0
Setting atom values ...
  18 settings made for x
  18 settings made for y
  18 settings made for z
change_box all     x final 0 2.543709287775904 y final 0 8.561044217280926 z final 0 6.473022633555107      xy final 2.0500330316466933 xz final 2.517535096361033 yz final -2.984032825846604 units box
Changing box ...
  triclinic box = (0 0 0) to (2.5437093 8.5540107 6.4829766) with tilt (2.099299 2.5238423 -2.9797404)
  triclinic box = (0 0 0) to (2.5437093 8.5610442 6.4829766) with tilt (2.099299 2.5238423 -2.9797404)
  triclinic box = (0 0 0) to (2.5437093 8.5610442 6.4730226) with tilt (2.099299 2.5238423 -2.9797404)
  triclinic box = (0 0 0) to (2.5437093 8.5610442 6.4730226) with tilt (2.050033 2.5238423 -2.9797404)
  triclinic box = (0 0 0) to (2.5437093 8.5610442 6.4730226) with tilt (2.050033 2.5175351 -2.9797404)
  triclinic box = (0 0 0) to (2.5437093 8.5610442 6.4730226) with tilt (2.050033 2.5175351 -2.9840328)
echo none
run 0
Per MPI rank memory allocation (min/avg/max) = 4.329 | 4.329 | 4.329 Mbytes
    PotEng          Pxx           E_mol          E_coul    
-77.003596      124.39078      0              0            
Loop time of 1.716e-06 on 1 procs for 0 steps with 18 atoms

757.6% CPU use with 1 MPI tasks x 1 OpenMP threads

MPI task timing breakdown:
Section |  min time  |  avg time  |  max time  |%varavg| %total
---------------------------------------------------------------
Pair    | 0          | 0          | 0          |   0.0 |  0.00
Neigh   | 0          | 0          | 0          |   0.0 |  0.00
Comm    | 0          | 0          | 0          |   0.0 |  0.00
Output  | 0          | 0          | 0          |   0.0 |  0.00
Modify  | 0          | 0          | 0          |   0.0 |  0.00
Other   |            | 1.716e-06  |            |       |100.00

Nlocal:             18 ave          18 max          18 min
Histogram: 1 0 0 0 0 0 0 0 0 0
Nghost:           4258 ave        4258 max        4258 min
Histogram: 1 0 0 0 0 0 0 0 0 0
Neighs:              0 ave           0 max           0 min
Histogram: 1 0 0 0 0 0 0 0 0 0
FullNghs:        17396 ave       17396 max       17396 min
Histogram: 1 0 0 0 0 0 0 0 0 0

Total # of neighbors = 17396
Ave neighs/atom = 966.44444
Neighbor list builds = 0
Dangerous builds = 0
set atom * x 0.0 y 0.0 z 0.0
Setting atom values ...
  18 settings made for x
  18 settings made for y
  18 settings made for z
change_box all     x final 0 2.543709287775905 y final 0 8.561044217280926 z final 0 6.473022633555108      xy final 2.0500330316466924 xz final 2.5175350963610366 yz final -2.9840328258466036 units box
Changing box ...
  triclinic box = (0 0 0) to (2.5437093 8.5610442 6.4730226) with tilt (2.050033 2.5175351 -2.9840328)
  triclinic box = (0 0 0) to (2.5437093 8.5610442 6.4730226) with tilt (2.050033 2.5175351 -2.9840328)
  triclinic box = (0 0 0) to (2.5437093 8.5610442 6.4730226) with tilt (2.050033 2.5175351 -2.9840328)
  triclinic box = (0 0 0) to (2.5437093 8.5610442 6.4730226) with tilt (2.050033 2.5175351 -2.9840328)
  triclinic box = (0 0 0) to (2.5437093 8.5610442 6.4730226) with tilt (2.050033 2.5175351 -2.9840328)
  triclinic box = (0 0 0) to (2.5437093 8.5610442 6.4730226) with tilt (2.050033 2.5175351 -2.9840328)
echo none
run 0
Per MPI rank memory allocation (min/avg/max) = 4.329 | 4.329 | 4.329 Mbytes
    PotEng          Pxx           E_mol          E_coul    
-77.003596      124.39078      0              0            
Loop time of 1.323e-06 on 1 procs for 0 steps with 18 atoms

982.6% CPU use with 1 MPI tasks x 1 OpenMP threads

MPI task timing breakdown:
Section |  min time  |  avg time  |  max time  |%varavg| %total
---------------------------------------------------------------
Pair    | 0          | 0          | 0          |   0.0 |  0.00
Neigh   | 0          | 0          | 0          |   0.0 |  0.00
Comm    | 0          | 0          | 0          |   0.0 |  0.00
Output  | 0          | 0          | 0          |   0.0 |  0.00
Modify  | 0          | 0          | 0          |   0.0 |  0.00
Other   |            | 1.323e-06  |            |       |100.00

Nlocal:             18 ave          18 max          18 min
Histogram: 1 0 0 0 0 0 0 0 0 0
Nghost:           4258 ave        4258 max        4258 min
Histogram: 1 0 0 0 0 0 0 0 0 0
Neighs:              0 ave           0 max           0 min
Histogram: 1 0 0 0 0 0 0 0 0 0
FullNghs:        17396 ave       17396 max       17396 min
Histogram: 1 0 0 0 0 0 0 0 0 0

Total # of neighbors = 17396
Ave neighs/atom = 966.44444
Neighbor list builds = 0
Dangerous builds = 0
set atom * x 0.0 y 0.0 z 0.0
Setting atom values ...
  18 settings made for x
  18 settings made for y
  18 settings made for z
change_box all     x final 0 2.5436476951780445 y final 0 8.565048409130167 z final 0 6.469074065712785      xy final 2.0316095319573586 xz final 2.509665852396161 yz final -2.9998361488928587 units box
Changing box ...
  triclinic box = (0 0 0) to (2.5436477 8.5610442 6.4730226) with tilt (2.050033 2.5175351 -2.9840328)
  triclinic box = (0 0 0) to (2.5436477 8.5650484 6.4730226) with tilt (2.050033 2.5175351 -2.9840328)
  triclinic box = (0 0 0) to (2.5436477 8.5650484 6.4690741) with tilt (2.050033 2.5175351 -2.9840328)
  triclinic box = (0 0 0) to (2.5436477 8.5650484 6.4690741) with tilt (2.0316095 2.5175351 -2.9840328)
  triclinic box = (0 0 0) to (2.5436477 8.5650484 6.4690741) with tilt (2.0316095 2.5096659 -2.9840328)
  triclinic box = (0 0 0) to (2.5436477 8.5650484 6.4690741) with tilt (2.0316095 2.5096659 -2.9998361)
echo none
run 0
Per MPI rank memory allocation (min/avg/max) = 4.329 | 4.329 | 4.329 Mbytes
    PotEng          Pxx           E_mol          E_coul    
-77.003999      188.99886      0              0            
Loop time of 1.377e-06 on 1 procs for 0 steps with 18 atoms

871.5% CPU use with 1 MPI tasks x 1 OpenMP threads

MPI task timing breakdown:
Section |  min time  |  avg time  |  max time  |%varavg| %total
---------------------------------------------------------------
Pair    | 0          | 0          | 0          |   0.0 |  0.00
Neigh   | 0          | 0          | 0          |   0.0 |  0.00
Comm    | 0          | 0          | 0          |   0.0 |  0.00
Output  | 0          | 0          | 0          |   0.0 |  0.00
Modify  | 0          | 0          | 0          |   0.0 |  0.00
Other   |            | 1.377e-06  |            |       |100.00

Nlocal:             18 ave          18 max          18 min
Histogram: 1 0 0 0 0 0 0 0 0 0
Nghost:           4258 ave        4258 max        4258 min
Histogram: 1 0 0 0 0 0 0 0 0 0
Neighs:              0 ave           0 max           0 min
Histogram: 1 0 0 0 0 0 0 0 0 0
FullNghs:        17380 ave       17380 max       17380 min
Histogram: 1 0 0 0 0 0 0 0 0 0

Total # of neighbors = 17380
Ave neighs/atom = 965.55556
Neighbor list builds = 0
Dangerous builds = 0
set atom * x 0.0 y 0.0 z 0.0
Setting atom values ...
  18 settings made for x
  18 settings made for y
  18 settings made for z
change_box all     x final 0 2.543647695178042 y final 0 8.565048409130169 z final 0 6.469074065712785      xy final 2.0316095319573573 xz final 2.5096658523961537 yz final -2.999836148892856 units box
Changing box ...
  triclinic box = (0 0 0) to (2.5436477 8.5650484 6.4690741) with tilt (2.0316095 2.5096659 -2.9998361)
  triclinic box = (0 0 0) to (2.5436477 8.5650484 6.4690741) with tilt (2.0316095 2.5096659 -2.9998361)
  triclinic box = (0 0 0) to (2.5436477 8.5650484 6.4690741) with tilt (2.0316095 2.5096659 -2.9998361)
  triclinic box = (0 0 0) to (2.5436477 8.5650484 6.4690741) with tilt (2.0316095 2.5096659 -2.9998361)
  triclinic box = (0 0 0) to (2.5436477 8.5650484 6.4690741) with tilt (2.0316095 2.5096659 -2.9998361)
  triclinic box = (0 0 0) to (2.5436477 8.5650484 6.4690741) with tilt (2.0316095 2.5096659 -2.9998361)
echo none
run 0
Per MPI rank memory allocation (min/avg/max) = 4.329 | 4.329 | 4.329 Mbytes
    PotEng          Pxx           E_mol          E_coul    
-77.003999      188.99886      0              0            
Loop time of 1.646e-06 on 1 procs for 0 steps with 18 atoms

911.3% CPU use with 1 MPI tasks x 1 OpenMP threads

MPI task timing breakdown:
Section |  min time  |  avg time  |  max time  |%varavg| %total
---------------------------------------------------------------
Pair    | 0          | 0          | 0          |   0.0 |  0.00
Neigh   | 0          | 0          | 0          |   0.0 |  0.00
Comm    | 0          | 0          | 0          |   0.0 |  0.00
Output  | 0          | 0          | 0          |   0.0 |  0.00
Modify  | 0          | 0          | 0          |   0.0 |  0.00
Other   |            | 1.646e-06  |            |       |100.00

Nlocal:             18 ave          18 max          18 min
Histogram: 1 0 0 0 0 0 0 0 0 0
Nghost:           4258 ave        4258 max        4258 min
Histogram: 1 0 0 0 0 0 0 0 0 0
Neighs:              0 ave           0 max           0 min
Histogram: 1 0 0 0 0 0 0 0 0 0
FullNghs:        17380 ave       17380 max       17380 min
Histogram: 1 0 0 0 0 0 0 0 0 0

Total # of neighbors = 17380
Ave neighs/atom = 965.55556
Neighbor list builds = 0
Dangerous builds = 0
set atom * x 0.0 y 0.0 z 0.0
Setting atom values ...
  18 settings made for x
  18 settings made for y
  18 settings made for z
change_box all     x final 0 2.5437234720449133 y final 0 8.568835104903732 z final 0 6.463296251045148      xy final 2.019432500297497 xz final 2.5017847968205458 yz final -3.0088268061316135 units box
Changing box ...
  triclinic box = (0 0 0) to (2.5437235 8.5650484 6.4690741) with tilt (2.0316095 2.5096659 -2.9998361)
  triclinic box = (0 0 0) to (2.5437235 8.5688351 6.4690741) with tilt (2.0316095 2.5096659 -2.9998361)
  triclinic box = (0 0 0) to (2.5437235 8.5688351 6.4632963) with tilt (2.0316095 2.5096659 -2.9998361)
  triclinic box = (0 0 0) to (2.5437235 8.5688351 6.4632963) with tilt (2.0194325 2.5096659 -2.9998361)
  triclinic box = (0 0 0) to (2.5437235 8.5688351 6.4632963) with tilt (2.0194325 2.5017848 -2.9998361)
  triclinic box = (0 0 0) to (2.5437235 8.5688351 6.4632963) with tilt (2.0194325 2.5017848 -3.0088268)
echo none
run 0
Per MPI rank memory allocation (min/avg/max) = 4.329 | 4.329 | 4.329 Mbytes
    PotEng          Pxx           E_mol          E_coul    
-77.004408     -44.932597      0              0            
Loop time of 1.382e-06 on 1 procs for 0 steps with 18 atoms

940.7% CPU use with 1 MPI tasks x 1 OpenMP threads

MPI task timing breakdown:
Section |  min time  |  avg time  |  max time  |%varavg| %total
---------------------------------------------------------------
Pair    | 0          | 0          | 0          |   0.0 |  0.00
Neigh   | 0          | 0          | 0          |   0.0 |  0.00
Comm    | 0          | 0          | 0          |   0.0 |  0.00
Output  | 0          | 0          | 0          |   0.0 |  0.00
Modify  | 0          | 0          | 0          |   0.0 |  0.00
Other   |            | 1.382e-06  |            |       |100.00

Nlocal:             18 ave          18 max          18 min
Histogram: 1 0 0 0 0 0 0 0 0 0
Nghost:           4258 ave        4258 max        4258 min
Histogram: 1 0 0 0 0 0 0 0 0 0
Neighs:              0 ave           0 max           0 min
Histogram: 1 0 0 0 0 0 0 0 0 0
FullNghs:        17386 ave       17386 max       17386 min
Histogram: 1 0 0 0 0 0 0 0 0 0

Total # of neighbors = 17386
Ave neighs/atom = 965.88889
Neighbor list builds = 0
Dangerous builds = 0
set atom * x 0.0 y 0.0 z 0.0
Setting atom values ...
  18 settings made for x
  18 settings made for y
  18 settings made for z
change_box all     x final 0 2.543795079321139 y final 0 8.572281412852853 z final 0 6.458039471528061      xy final 2.0083708007348635 xz final 2.4946400971216462 yz final -3.016994638848257 units box
Changing box ...
  triclinic box = (0 0 0) to (2.5437951 8.5688351 6.4632963) with tilt (2.0194325 2.5017848 -3.0088268)
  triclinic box = (0 0 0) to (2.5437951 8.5722814 6.4632963) with tilt (2.0194325 2.5017848 -3.0088268)
  triclinic box = (0 0 0) to (2.5437951 8.5722814 6.4580395) with tilt (2.0194325 2.5017848 -3.0088268)
  triclinic box = (0 0 0) to (2.5437951 8.5722814 6.4580395) with tilt (2.0083708 2.5017848 -3.0088268)
  triclinic box = (0 0 0) to (2.5437951 8.5722814 6.4580395) with tilt (2.0083708 2.4946401 -3.0088268)
  triclinic box = (0 0 0) to (2.5437951 8.5722814 6.4580395) with tilt (2.0083708 2.4946401 -3.0169946)
echo none
run 0
Per MPI rank memory allocation (min/avg/max) = 4.329 | 4.329 | 4.329 Mbytes
    PotEng          Pxx           E_mol          E_coul    
-77.004525     -261.54376      0              0            
Loop time of 1.301e-06 on 1 procs for 0 steps with 18 atoms

614.9% CPU use with 1 MPI tasks x 1 OpenMP threads

MPI task timing breakdown:
Section |  min time  |  avg time  |  max time  |%varavg| %total
---------------------------------------------------------------
Pair    | 0          | 0          | 0          |   0.0 |  0.00
Neigh   | 0          | 0          | 0          |   0.0 |  0.00
Comm    | 0          | 0          | 0          |   0.0 |  0.00
Output  | 0          | 0          | 0          |   0.0 |  0.00
Modify  | 0          | 0          | 0          |   0.0 |  0.00
Other   |            | 1.301e-06  |            |       |100.00

Nlocal:             18 ave          18 max          18 min
Histogram: 1 0 0 0 0 0 0 0 0 0
Nghost:           4238 ave        4238 max        4238 min
Histogram: 1 0 0 0 0 0 0 0 0 0
Neighs:              0 ave           0 max           0 min
Histogram: 1 0 0 0 0 0 0 0 0 0
FullNghs:        17404 ave       17404 max       17404 min
Histogram: 1 0 0 0 0 0 0 0 0 0

Total # of neighbors = 17404
Ave neighs/atom = 966.88889
Neighbor list builds = 0
Dangerous builds = 0
set atom * x 0.0 y 0.0 z 0.0
Setting atom values ...
  18 settings made for x
  18 settings made for y
  18 settings made for z
change_box all     x final 0 2.543795079321137 y final 0 8.57228141285285 z final 0 6.458039471528061      xy final 2.0083708007348635 xz final 2.4946400971216445 yz final -3.0169946388482582 units box
Changing box ...
  triclinic box = (0 0 0) to (2.5437951 8.5722814 6.4580395) with tilt (2.0083708 2.4946401 -3.0169946)
  triclinic box = (0 0 0) to (2.5437951 8.5722814 6.4580395) with tilt (2.0083708 2.4946401 -3.0169946)
  triclinic box = (0 0 0) to (2.5437951 8.5722814 6.4580395) with tilt (2.0083708 2.4946401 -3.0169946)
  triclinic box = (0 0 0) to (2.5437951 8.5722814 6.4580395) with tilt (2.0083708 2.4946401 -3.0169946)
  triclinic box = (0 0 0) to (2.5437951 8.5722814 6.4580395) with tilt (2.0083708 2.4946401 -3.0169946)
  triclinic box = (0 0 0) to (2.5437951 8.5722814 6.4580395) with tilt (2.0083708 2.4946401 -3.0169946)
echo none
run 0
Per MPI rank memory allocation (min/avg/max) = 4.329 | 4.329 | 4.329 Mbytes
    PotEng          Pxx           E_mol          E_coul    
-77.004525     -261.54376      0              0            
Loop time of 1.579e-06 on 1 procs for 0 steps with 18 atoms

1140.0% CPU use with 1 MPI tasks x 1 OpenMP threads

MPI task timing breakdown:
Section |  min time  |  avg time  |  max time  |%varavg| %total
---------------------------------------------------------------
Pair    | 0          | 0          | 0          |   0.0 |  0.00
Neigh   | 0          | 0          | 0          |   0.0 |  0.00
Comm    | 0          | 0          | 0          |   0.0 |  0.00
Output  | 0          | 0          | 0          |   0.0 |  0.00
Modify  | 0          | 0          | 0          |   0.0 |  0.00
Other   |            | 1.579e-06  |            |       |100.00

Nlocal:             18 ave          18 max          18 min
Histogram: 1 0 0 0 0 0 0 0 0 0
Nghost:           4238 ave        4238 max        4238 min
Histogram: 1 0 0 0 0 0 0 0 0 0
Neighs:              0 ave           0 max           0 min
Histogram: 1 0 0 0 0 0 0 0 0 0
FullNghs:        17404 ave       17404 max       17404 min
Histogram: 1 0 0 0 0 0 0 0 0 0

Total # of neighbors = 17404
Ave neighs/atom = 966.88889
Neighbor list builds = 0
Dangerous builds = 0
set atom * x 0.0 y 0.0 z 0.0
Setting atom values ...
  18 settings made for x
  18 settings made for y
  18 settings made for z
change_box all     x final 0 2.543728356822508 y final 0 8.574048664182502 z final 0 6.453199674636098      xy final 2.0191466577176267 xz final 2.490483887711142 yz final -3.013256105310683 units box
Changing box ...
  triclinic box = (0 0 0) to (2.5437284 8.5722814 6.4580395) with tilt (2.0083708 2.4946401 -3.0169946)
  triclinic box = (0 0 0) to (2.5437284 8.5740487 6.4580395) with tilt (2.0083708 2.4946401 -3.0169946)
  triclinic box = (0 0 0) to (2.5437284 8.5740487 6.4531997) with tilt (2.0083708 2.4946401 -3.0169946)
  triclinic box = (0 0 0) to (2.5437284 8.5740487 6.4531997) with tilt (2.0191467 2.4946401 -3.0169946)
  triclinic box = (0 0 0) to (2.5437284 8.5740487 6.4531997) with tilt (2.0191467 2.4904839 -3.0169946)
  triclinic box = (0 0 0) to (2.5437284 8.5740487 6.4531997) with tilt (2.0191467 2.4904839 -3.0132561)
echo none
run 0
Per MPI rank memory allocation (min/avg/max) = 4.329 | 4.329 | 4.329 Mbytes
    PotEng          Pxx           E_mol          E_coul    
-77.004908     -123.21983      0              0            
Loop time of 1.381e-06 on 1 procs for 0 steps with 18 atoms

868.9% CPU use with 1 MPI tasks x 1 OpenMP threads

MPI task timing breakdown:
Section |  min time  |  avg time  |  max time  |%varavg| %total
---------------------------------------------------------------
Pair    | 0          | 0          | 0          |   0.0 |  0.00
Neigh   | 0          | 0          | 0          |   0.0 |  0.00
Comm    | 0          | 0          | 0          |   0.0 |  0.00
Output  | 0          | 0          | 0          |   0.0 |  0.00
Modify  | 0          | 0          | 0          |   0.0 |  0.00
Other   |            | 1.381e-06  |            |       |100.00

Nlocal:             18 ave          18 max          18 min
Histogram: 1 0 0 0 0 0 0 0 0 0
Nghost:           4238 ave        4238 max        4238 min
Histogram: 1 0 0 0 0 0 0 0 0 0
Neighs:              0 ave           0 max           0 min
Histogram: 1 0 0 0 0 0 0 0 0 0
FullNghs:        17422 ave       17422 max       17422 min
Histogram: 1 0 0 0 0 0 0 0 0 0

Total # of neighbors = 17422
Ave neighs/atom = 967.88889
Neighbor list builds = 0
Dangerous builds = 0
set atom * x 0.0 y 0.0 z 0.0
Setting atom values ...
  18 settings made for x
  18 settings made for y
  18 settings made for z
change_box all     x final 0 2.543532980722661 y final 0 8.579419174384721 z final 0 6.438468190158266      xy final 2.0520071303967784 xz final 2.477850436184559 yz final -3.001898007882456 units box
Changing box ...
  triclinic box = (0 0 0) to (2.543533 8.5740487 6.4531997) with tilt (2.0191467 2.4904839 -3.0132561)
  triclinic box = (0 0 0) to (2.543533 8.5794192 6.4531997) with tilt (2.0191467 2.4904839 -3.0132561)
  triclinic box = (0 0 0) to (2.543533 8.5794192 6.4384682) with tilt (2.0191467 2.4904839 -3.0132561)
  triclinic box = (0 0 0) to (2.543533 8.5794192 6.4384682) with tilt (2.0520071 2.4904839 -3.0132561)
  triclinic box = (0 0 0) to (2.543533 8.5794192 6.4384682) with tilt (2.0520071 2.4778504 -3.0132561)
  triclinic box = (0 0 0) to (2.543533 8.5794192 6.4384682) with tilt (2.0520071 2.4778504 -3.001898)
echo none
run 0
Per MPI rank memory allocation (min/avg/max) = 4.329 | 4.329 | 4.329 Mbytes
    PotEng          Pxx           E_mol          E_coul    
-77.005407      295.21268      0              0            
Loop time of 1.478e-06 on 1 procs for 0 steps with 18 atoms

744.2% CPU use with 1 MPI tasks x 1 OpenMP threads

MPI task timing breakdown:
Section |  min time  |  avg time  |  max time  |%varavg| %total
---------------------------------------------------------------
Pair    | 0          | 0          | 0          |   0.0 |  0.00
Neigh   | 0          | 0          | 0          |   0.0 |  0.00
Comm    | 0          | 0          | 0          |   0.0 |  0.00
Output  | 0          | 0          | 0          |   0.0 |  0.00
Modify  | 0          | 0          | 0          |   0.0 |  0.00
Other   |            | 1.478e-06  |            |       |100.00

Nlocal:             18 ave          18 max          18 min
Histogram: 1 0 0 0 0 0 0 0 0 0
Nghost:           4258 ave        4258 max        4258 min
Histogram: 1 0 0 0 0 0 0 0 0 0
Neighs:              0 ave           0 max           0 min
Histogram: 1 0 0 0 0 0 0 0 0 0
FullNghs:        17466 ave       17466 max       17466 min
Histogram: 1 0 0 0 0 0 0 0 0 0

Total # of neighbors = 17466
Ave neighs/atom = 970.33333
Neighbor list builds = 0
Dangerous builds = 0
set atom * x 0.0 y 0.0 z 0.0
Setting atom values ...
  18 settings made for x
  18 settings made for y
  18 settings made for z
change_box all     x final 0 2.5435329807226625 y final 0 8.57941917438472 z final 0 6.438468190158263      xy final 2.052007130396778 xz final 2.477850436184562 yz final -3.0018980078824566 units box
Changing box ...
  triclinic box = (0 0 0) to (2.543533 8.5794192 6.4384682) with tilt (2.0520071 2.4778504 -3.001898)
  triclinic box = (0 0 0) to (2.543533 8.5794192 6.4384682) with tilt (2.0520071 2.4778504 -3.001898)
  triclinic box = (0 0 0) to (2.543533 8.5794192 6.4384682) with tilt (2.0520071 2.4778504 -3.001898)
  triclinic box = (0 0 0) to (2.543533 8.5794192 6.4384682) with tilt (2.0520071 2.4778504 -3.001898)
  triclinic box = (0 0 0) to (2.543533 8.5794192 6.4384682) with tilt (2.0520071 2.4778504 -3.001898)
  triclinic box = (0 0 0) to (2.543533 8.5794192 6.4384682) with tilt (2.0520071 2.4778504 -3.001898)
echo none
run 0
Per MPI rank memory allocation (min/avg/max) = 4.329 | 4.329 | 4.329 Mbytes
    PotEng          Pxx           E_mol          E_coul    
-77.005407      295.21268      0              0            
Loop time of 1.584e-06 on 1 procs for 0 steps with 18 atoms

820.7% CPU use with 1 MPI tasks x 1 OpenMP threads

MPI task timing breakdown:
Section |  min time  |  avg time  |  max time  |%varavg| %total
---------------------------------------------------------------
Pair    | 0          | 0          | 0          |   0.0 |  0.00
Neigh   | 0          | 0          | 0          |   0.0 |  0.00
Comm    | 0          | 0          | 0          |   0.0 |  0.00
Output  | 0          | 0          | 0          |   0.0 |  0.00
Modify  | 0          | 0          | 0          |   0.0 |  0.00
Other   |            | 1.584e-06  |            |       |100.00

Nlocal:             18 ave          18 max          18 min
Histogram: 1 0 0 0 0 0 0 0 0 0
Nghost:           4258 ave        4258 max        4258 min
Histogram: 1 0 0 0 0 0 0 0 0 0
Neighs:              0 ave           0 max           0 min
Histogram: 1 0 0 0 0 0 0 0 0 0
FullNghs:        17466 ave       17466 max       17466 min
Histogram: 1 0 0 0 0 0 0 0 0 0

Total # of neighbors = 17466
Ave neighs/atom = 970.33333
Neighbor list builds = 0
Dangerous builds = 0
set atom * x 0.0 y 0.0 z 0.0
Setting atom values ...
  18 settings made for x
  18 settings made for y
  18 settings made for z
change_box all     x final 0 2.5437464124621476 y final 0 8.592992659109619 z final 0 6.429081299846376      xy final 2.038820037898306 xz final 2.469570025663262 yz final -2.9999618156761985 units box
Changing box ...
  triclinic box = (0 0 0) to (2.5437464 8.5794192 6.4384682) with tilt (2.0520071 2.4778504 -3.001898)
  triclinic box = (0 0 0) to (2.5437464 8.5929927 6.4384682) with tilt (2.0520071 2.4778504 -3.001898)
  triclinic box = (0 0 0) to (2.5437464 8.5929927 6.4290813) with tilt (2.0520071 2.4778504 -3.001898)
  triclinic box = (0 0 0) to (2.5437464 8.5929927 6.4290813) with tilt (2.03882 2.4778504 -3.001898)
  triclinic box = (0 0 0) to (2.5437464 8.5929927 6.4290813) with tilt (2.03882 2.46957 -3.001898)
  triclinic box = (0 0 0) to (2.5437464 8.5929927 6.4290813) with tilt (2.03882 2.46957 -2.9999618)
echo none
run 0
Per MPI rank memory allocation (min/avg/max) = 4.329 | 4.329 | 4.329 Mbytes
    PotEng          Pxx           E_mol          E_coul    
-77.006092      112.19366      0              0            
Loop time of 1.877e-06 on 1 procs for 0 steps with 18 atoms

1012.3% CPU use with 1 MPI tasks x 1 OpenMP threads

MPI task timing breakdown:
Section |  min time  |  avg time  |  max time  |%varavg| %total
---------------------------------------------------------------
Pair    | 0          | 0          | 0          |   0.0 |  0.00
Neigh   | 0          | 0          | 0          |   0.0 |  0.00
Comm    | 0          | 0          | 0          |   0.0 |  0.00
Output  | 0          | 0          | 0          |   0.0 |  0.00
Modify  | 0          | 0          | 0          |   0.0 |  0.00
Other   |            | 1.877e-06  |            |       |100.00

Nlocal:             18 ave          18 max          18 min
Histogram: 1 0 0 0 0 0 0 0 0 0
Nghost:           4238 ave        4238 max        4238 min
Histogram: 1 0 0 0 0 0 0 0 0 0
Neighs:              0 ave           0 max           0 min
Histogram: 1 0 0 0 0 0 0 0 0 0
FullNghs:        17460 ave       17460 max       17460 min
Histogram: 1 0 0 0 0 0 0 0 0 0

Total # of neighbors = 17460
Ave neighs/atom = 970
Neighbor list builds = 0
Dangerous builds = 0
set atom * x 0.0 y 0.0 z 0.0
Setting atom values ...
  18 settings made for x
  18 settings made for y
  18 settings made for z
change_box all     x final 0 2.5440156369105806 y final 0 8.609765331834117 z final 0 6.417507293276359      xy final 2.0224909261699304 xz final 2.459392080902147 yz final -2.997597991153368 units box
Changing box ...
  triclinic box = (0 0 0) to (2.5440156 8.5929927 6.4290813) with tilt (2.03882 2.46957 -2.9999618)
  triclinic box = (0 0 0) to (2.5440156 8.6097653 6.4290813) with tilt (2.03882 2.46957 -2.9999618)
  triclinic box = (0 0 0) to (2.5440156 8.6097653 6.4175073) with tilt (2.03882 2.46957 -2.9999618)
  triclinic box = (0 0 0) to (2.5440156 8.6097653 6.4175073) with tilt (2.0224909 2.46957 -2.9999618)
  triclinic box = (0 0 0) to (2.5440156 8.6097653 6.4175073) with tilt (2.0224909 2.4593921 -2.9999618)
  triclinic box = (0 0 0) to (2.5440156 8.6097653 6.4175073) with tilt (2.0224909 2.4593921 -2.997598)
echo none
run 0
Per MPI rank memory allocation (min/avg/max) = 4.329 | 4.329 | 4.329 Mbytes
    PotEng          Pxx           E_mol          E_coul    
-77.006377     -126.06698      0              0            
Loop time of 1.682e-06 on 1 procs for 0 steps with 18 atoms

535.1% CPU use with 1 MPI tasks x 1 OpenMP threads

MPI task timing breakdown:
Section |  min time  |  avg time  |  max time  |%varavg| %total
---------------------------------------------------------------
Pair    | 0          | 0          | 0          |   0.0 |  0.00
Neigh   | 0          | 0          | 0          |   0.0 |  0.00
Comm    | 0          | 0          | 0          |   0.0 |  0.00
Output  | 0          | 0          | 0          |   0.0 |  0.00
Modify  | 0          | 0          | 0          |   0.0 |  0.00
Other   |            | 1.682e-06  |            |       |100.00

Nlocal:             18 ave          18 max          18 min
Histogram: 1 0 0 0 0 0 0 0 0 0
Nghost:           4286 ave        4286 max        4286 min
Histogram: 1 0 0 0 0 0 0 0 0 0
Neighs:              0 ave           0 max           0 min
Histogram: 1 0 0 0 0 0 0 0 0 0
FullNghs:        17472 ave       17472 max       17472 min
Histogram: 1 0 0 0 0 0 0 0 0 0

Total # of neighbors = 17472
Ave neighs/atom = 970.66667
Neighbor list builds = 0
Dangerous builds = 0
set atom * x 0.0 y 0.0 z 0.0
Setting atom values ...
  18 settings made for x
  18 settings made for y
  18 settings made for z
change_box all     x final 0 2.5440156369105815 y final 0 8.609765331834113 z final 0 6.417507293276361      xy final 2.0224909261699295 xz final 2.4593920809021435 yz final -2.9975979911533623 units box
Changing box ...
  triclinic box = (0 0 0) to (2.5440156 8.6097653 6.4175073) with tilt (2.0224909 2.4593921 -2.997598)
  triclinic box = (0 0 0) to (2.5440156 8.6097653 6.4175073) with tilt (2.0224909 2.4593921 -2.997598)
  triclinic box = (0 0 0) to (2.5440156 8.6097653 6.4175073) with tilt (2.0224909 2.4593921 -2.997598)
  triclinic box = (0 0 0) to (2.5440156 8.6097653 6.4175073) with tilt (2.0224909 2.4593921 -2.997598)
  triclinic box = (0 0 0) to (2.5440156 8.6097653 6.4175073) with tilt (2.0224909 2.4593921 -2.997598)
  triclinic box = (0 0 0) to (2.5440156 8.6097653 6.4175073) with tilt (2.0224909 2.4593921 -2.997598)
echo none
run 0
Per MPI rank memory allocation (min/avg/max) = 4.329 | 4.329 | 4.329 Mbytes
    PotEng          Pxx           E_mol          E_coul    
-77.006377     -126.06698      0              0            
Loop time of 1.779e-06 on 1 procs for 0 steps with 18 atoms

899.4% CPU use with 1 MPI tasks x 1 OpenMP threads

MPI task timing breakdown:
Section |  min time  |  avg time  |  max time  |%varavg| %total
---------------------------------------------------------------
Pair    | 0          | 0          | 0          |   0.0 |  0.00
Neigh   | 0          | 0          | 0          |   0.0 |  0.00
Comm    | 0          | 0          | 0          |   0.0 |  0.00
Output  | 0          | 0          | 0          |   0.0 |  0.00
Modify  | 0          | 0          | 0          |   0.0 |  0.00
Other   |            | 1.779e-06  |            |       |100.00

Nlocal:             18 ave          18 max          18 min
Histogram: 1 0 0 0 0 0 0 0 0 0
Nghost:           4286 ave        4286 max        4286 min
Histogram: 1 0 0 0 0 0 0 0 0 0
Neighs:              0 ave           0 max           0 min
Histogram: 1 0 0 0 0 0 0 0 0 0
FullNghs:        17472 ave       17472 max       17472 min
Histogram: 1 0 0 0 0 0 0 0 0 0

Total # of neighbors = 17472
Ave neighs/atom = 970.66667
Neighbor list builds = 0
Dangerous builds = 0
set atom * x 0.0 y 0.0 z 0.0
Setting atom values ...
  18 settings made for x
  18 settings made for y
  18 settings made for z
change_box all     x final 0 2.5442524291373436 y final 0 8.62378462201149 z final 0 6.402319844589295      xy final 2.023961168516718 xz final 2.4570531330908083 yz final -2.997137804933972 units box
Changing box ...
  triclinic box = (0 0 0) to (2.5442524 8.6097653 6.4175073) with tilt (2.0224909 2.4593921 -2.997598)
  triclinic box = (0 0 0) to (2.5442524 8.6237846 6.4175073) with tilt (2.0224909 2.4593921 -2.997598)
  triclinic box = (0 0 0) to (2.5442524 8.6237846 6.4023198) with tilt (2.0224909 2.4593921 -2.997598)
  triclinic box = (0 0 0) to (2.5442524 8.6237846 6.4023198) with tilt (2.0239612 2.4593921 -2.997598)
  triclinic box = (0 0 0) to (2.5442524 8.6237846 6.4023198) with tilt (2.0239612 2.4570531 -2.997598)
  triclinic box = (0 0 0) to (2.5442524 8.6237846 6.4023198) with tilt (2.0239612 2.4570531 -2.9971378)
echo none
run 0
Per MPI rank memory allocation (min/avg/max) = 4.329 | 4.329 | 4.329 Mbytes
    PotEng          Pxx           E_mol          E_coul    
-77.00695      -562.76134      0              0            
Loop time of 2.085e-06 on 1 procs for 0 steps with 18 atoms

719.4% CPU use with 1 MPI tasks x 1 OpenMP threads

MPI task timing breakdown:
Section |  min time  |  avg time  |  max time  |%varavg| %total
---------------------------------------------------------------
Pair    | 0          | 0          | 0          |   0.0 |  0.00
Neigh   | 0          | 0          | 0          |   0.0 |  0.00
Comm    | 0          | 0          | 0          |   0.0 |  0.00
Output  | 0          | 0          | 0          |   0.0 |  0.00
Modify  | 0          | 0          | 0          |   0.0 |  0.00
Other   |            | 2.085e-06  |            |       |100.00

Nlocal:             18 ave          18 max          18 min
Histogram: 1 0 0 0 0 0 0 0 0 0
Nghost:           4226 ave        4226 max        4226 min
Histogram: 1 0 0 0 0 0 0 0 0 0
Neighs:              0 ave           0 max           0 min
Histogram: 1 0 0 0 0 0 0 0 0 0
FullNghs:        17484 ave       17484 max       17484 min
Histogram: 1 0 0 0 0 0 0 0 0 0

Total # of neighbors = 17484
Ave neighs/atom = 971.33333
Neighbor list builds = 0
Dangerous builds = 0
set atom * x 0.0 y 0.0 z 0.0
Setting atom values ...
  18 settings made for x
  18 settings made for y
  18 settings made for z
change_box all     x final 0 2.544496681215132 y final 0 8.63827886607509 z final 0 6.386681995568861      xy final 2.025481388190383 xz final 2.454636177479155 yz final -2.9966759464724846 units box
Changing box ...
  triclinic box = (0 0 0) to (2.5444967 8.6237846 6.4023198) with tilt (2.0239612 2.4570531 -2.9971378)
  triclinic box = (0 0 0) to (2.5444967 8.6382789 6.4023198) with tilt (2.0239612 2.4570531 -2.9971378)
  triclinic box = (0 0 0) to (2.5444967 8.6382789 6.386682) with tilt (2.0239612 2.4570531 -2.9971378)
  triclinic box = (0 0 0) to (2.5444967 8.6382789 6.386682) with tilt (2.0254814 2.4570531 -2.9971378)
  triclinic box = (0 0 0) to (2.5444967 8.6382789 6.386682) with tilt (2.0254814 2.4546362 -2.9971378)
  triclinic box = (0 0 0) to (2.5444967 8.6382789 6.386682) with tilt (2.0254814 2.4546362 -2.9966759)
echo none
run 0
Per MPI rank memory allocation (min/avg/max) = 4.329 | 4.329 | 4.329 Mbytes
    PotEng          Pxx           E_mol          E_coul    
-77.007144     -1020.5549      0              0            
Loop time of 1.383e-06 on 1 procs for 0 steps with 18 atoms

1012.3% CPU use with 1 MPI tasks x 1 OpenMP threads

MPI task timing breakdown:
Section |  min time  |  avg time  |  max time  |%varavg| %total
---------------------------------------------------------------
Pair    | 0          | 0          | 0          |   0.0 |  0.00
Neigh   | 0          | 0          | 0          |   0.0 |  0.00
Comm    | 0          | 0          | 0          |   0.0 |  0.00
Output  | 0          | 0          | 0          |   0.0 |  0.00
Modify  | 0          | 0          | 0          |   0.0 |  0.00
Other   |            | 1.383e-06  |            |       |100.00

Nlocal:             18 ave          18 max          18 min
Histogram: 1 0 0 0 0 0 0 0 0 0
Nghost:           4226 ave        4226 max        4226 min
Histogram: 1 0 0 0 0 0 0 0 0 0
Neighs:              0 ave           0 max           0 min
Histogram: 1 0 0 0 0 0 0 0 0 0
FullNghs:        17492 ave       17492 max       17492 min
Histogram: 1 0 0 0 0 0 0 0 0 0

Total # of neighbors = 17492
Ave neighs/atom = 971.77778
Neighbor list builds = 0
Dangerous builds = 0
set atom * x 0.0 y 0.0 z 0.0
Setting atom values ...
  18 settings made for x
  18 settings made for y
  18 settings made for z
change_box all     x final 0 2.5444966812151333 y final 0 8.63827886607509 z final 0 6.386681995568863      xy final 2.025481388190384 xz final 2.4546361774791587 yz final -2.996675946472487 units box
Changing box ...
  triclinic box = (0 0 0) to (2.5444967 8.6382789 6.386682) with tilt (2.0254814 2.4546362 -2.9966759)
  triclinic box = (0 0 0) to (2.5444967 8.6382789 6.386682) with tilt (2.0254814 2.4546362 -2.9966759)
  triclinic box = (0 0 0) to (2.5444967 8.6382789 6.386682) with tilt (2.0254814 2.4546362 -2.9966759)
  triclinic box = (0 0 0) to (2.5444967 8.6382789 6.386682) with tilt (2.0254814 2.4546362 -2.9966759)
  triclinic box = (0 0 0) to (2.5444967 8.6382789 6.386682) with tilt (2.0254814 2.4546362 -2.9966759)
  triclinic box = (0 0 0) to (2.5444967 8.6382789 6.386682) with tilt (2.0254814 2.4546362 -2.9966759)
echo none
run 0
Per MPI rank memory allocation (min/avg/max) = 4.329 | 4.329 | 4.329 Mbytes
    PotEng          Pxx           E_mol          E_coul    
-77.007144     -1020.5549      0              0            
Loop time of 1.532e-06 on 1 procs for 0 steps with 18 atoms

848.6% CPU use with 1 MPI tasks x 1 OpenMP threads

MPI task timing breakdown:
Section |  min time  |  avg time  |  max time  |%varavg| %total
---------------------------------------------------------------
Pair    | 0          | 0          | 0          |   0.0 |  0.00
Neigh   | 0          | 0          | 0          |   0.0 |  0.00
Comm    | 0          | 0          | 0          |   0.0 |  0.00
Output  | 0          | 0          | 0          |   0.0 |  0.00
Modify  | 0          | 0          | 0          |   0.0 |  0.00
Other   |            | 1.532e-06  |            |       |100.00

Nlocal:             18 ave          18 max          18 min
Histogram: 1 0 0 0 0 0 0 0 0 0
Nghost:           4226 ave        4226 max        4226 min
Histogram: 1 0 0 0 0 0 0 0 0 0
Neighs:              0 ave           0 max           0 min
Histogram: 1 0 0 0 0 0 0 0 0 0
FullNghs:        17492 ave       17492 max       17492 min
Histogram: 1 0 0 0 0 0 0 0 0 0

Total # of neighbors = 17492
Ave neighs/atom = 971.77778
Neighbor list builds = 0
Dangerous builds = 0
set atom * x 0.0 y 0.0 z 0.0
Setting atom values ...
  18 settings made for x
  18 settings made for y
  18 settings made for z
change_box all     x final 0 2.5440919710403036 y final 0 8.645137806235114 z final 0 6.380413153630081      xy final 2.0493042760307687 xz final 2.454642044033892 yz final -2.9933649419015453 units box
Changing box ...
  triclinic box = (0 0 0) to (2.544092 8.6382789 6.386682) with tilt (2.0254814 2.4546362 -2.9966759)
  triclinic box = (0 0 0) to (2.544092 8.6451378 6.386682) with tilt (2.0254814 2.4546362 -2.9966759)
  triclinic box = (0 0 0) to (2.544092 8.6451378 6.3804132) with tilt (2.0254814 2.4546362 -2.9966759)
  triclinic box = (0 0 0) to (2.544092 8.6451378 6.3804132) with tilt (2.0493043 2.4546362 -2.9966759)
  triclinic box = (0 0 0) to (2.544092 8.6451378 6.3804132) with tilt (2.0493043 2.454642 -2.9966759)
  triclinic box = (0 0 0) to (2.544092 8.6451378 6.3804132) with tilt (2.0493043 2.454642 -2.9933649)
echo none
run 0
Per MPI rank memory allocation (min/avg/max) = 4.329 | 4.329 | 4.329 Mbytes
    PotEng          Pxx           E_mol          E_coul    
-77.007714     -372.64633      0              0            
Loop time of 1.656e-06 on 1 procs for 0 steps with 18 atoms

1147.3% CPU use with 1 MPI tasks x 1 OpenMP threads

MPI task timing breakdown:
Section |  min time  |  avg time  |  max time  |%varavg| %total
---------------------------------------------------------------
Pair    | 0          | 0          | 0          |   0.0 |  0.00
Neigh   | 0          | 0          | 0          |   0.0 |  0.00
Comm    | 0          | 0          | 0          |   0.0 |  0.00
Output  | 0          | 0          | 0          |   0.0 |  0.00
Modify  | 0          | 0          | 0          |   0.0 |  0.00
Other   |            | 1.656e-06  |            |       |100.00

Nlocal:             18 ave          18 max          18 min
Histogram: 1 0 0 0 0 0 0 0 0 0
Nghost:           4226 ave        4226 max        4226 min
Histogram: 1 0 0 0 0 0 0 0 0 0
Neighs:              0 ave           0 max           0 min
Histogram: 1 0 0 0 0 0 0 0 0 0
FullNghs:        17504 ave       17504 max       17504 min
Histogram: 1 0 0 0 0 0 0 0 0 0

Total # of neighbors = 17504
Ave neighs/atom = 972.44444
Neighbor list builds = 0
Dangerous builds = 0
set atom * x 0.0 y 0.0 z 0.0
Setting atom values ...
  18 settings made for x
  18 settings made for y
  18 settings made for z
change_box all     x final 0 2.5436803872369413 y final 0 8.65223587438969 z final 0 6.373914271940291      xy final 2.0740490393338087 xz final 2.4546420230016923 yz final -2.9899536525964505 units box
Changing box ...
  triclinic box = (0 0 0) to (2.5436804 8.6451378 6.3804132) with tilt (2.0493043 2.454642 -2.9933649)
  triclinic box = (0 0 0) to (2.5436804 8.6522359 6.3804132) with tilt (2.0493043 2.454642 -2.9933649)
  triclinic box = (0 0 0) to (2.5436804 8.6522359 6.3739143) with tilt (2.0493043 2.454642 -2.9933649)
  triclinic box = (0 0 0) to (2.5436804 8.6522359 6.3739143) with tilt (2.074049 2.454642 -2.9933649)
  triclinic box = (0 0 0) to (2.5436804 8.6522359 6.3739143) with tilt (2.074049 2.454642 -2.9933649)
  triclinic box = (0 0 0) to (2.5436804 8.6522359 6.3739143) with tilt (2.074049 2.454642 -2.9899537)
echo none
run 0
Per MPI rank memory allocation (min/avg/max) = 4.329 | 4.329 | 4.329 Mbytes
    PotEng          Pxx           E_mol          E_coul    
-77.007913      296.52291      0              0            
Loop time of 1.373e-06 on 1 procs for 0 steps with 18 atoms

1238.2% CPU use with 1 MPI tasks x 1 OpenMP threads

MPI task timing breakdown:
Section |  min time  |  avg time  |  max time  |%varavg| %total
---------------------------------------------------------------
Pair    | 0          | 0          | 0          |   0.0 |  0.00
Neigh   | 0          | 0          | 0          |   0.0 |  0.00
Comm    | 0          | 0          | 0          |   0.0 |  0.00
Output  | 0          | 0          | 0          |   0.0 |  0.00
Modify  | 0          | 0          | 0          |   0.0 |  0.00
Other   |            | 1.373e-06  |            |       |100.00

Nlocal:             18 ave          18 max          18 min
Histogram: 1 0 0 0 0 0 0 0 0 0
Nghost:           4226 ave        4226 max        4226 min
Histogram: 1 0 0 0 0 0 0 0 0 0
Neighs:              0 ave           0 max           0 min
Histogram: 1 0 0 0 0 0 0 0 0 0
FullNghs:        17508 ave       17508 max       17508 min
Histogram: 1 0 0 0 0 0 0 0 0 0

Total # of neighbors = 17508
Ave neighs/atom = 972.66667
Neighbor list builds = 0
Dangerous builds = 0
set atom * x 0.0 y 0.0 z 0.0
Setting atom values ...
  18 settings made for x
  18 settings made for y
  18 settings made for z
change_box all     x final 0 2.543680387236941 y final 0 8.652235874389687 z final 0 6.373914271940292      xy final 2.0740490393338087 xz final 2.454642023001694 yz final -2.989953652596451 units box
Changing box ...
  triclinic box = (0 0 0) to (2.5436804 8.6522359 6.3739143) with tilt (2.074049 2.454642 -2.9899537)
  triclinic box = (0 0 0) to (2.5436804 8.6522359 6.3739143) with tilt (2.074049 2.454642 -2.9899537)
  triclinic box = (0 0 0) to (2.5436804 8.6522359 6.3739143) with tilt (2.074049 2.454642 -2.9899537)
  triclinic box = (0 0 0) to (2.5436804 8.6522359 6.3739143) with tilt (2.074049 2.454642 -2.9899537)
  triclinic box = (0 0 0) to (2.5436804 8.6522359 6.3739143) with tilt (2.074049 2.454642 -2.9899537)
  triclinic box = (0 0 0) to (2.5436804 8.6522359 6.3739143) with tilt (2.074049 2.454642 -2.9899537)
echo none
run 0
Per MPI rank memory allocation (min/avg/max) = 4.329 | 4.329 | 4.329 Mbytes
    PotEng          Pxx           E_mol          E_coul    
-77.007913      296.52291      0              0            
Loop time of 1.337e-06 on 1 procs for 0 steps with 18 atoms

673.1% CPU use with 1 MPI tasks x 1 OpenMP threads

MPI task timing breakdown:
Section |  min time  |  avg time  |  max time  |%varavg| %total
---------------------------------------------------------------
Pair    | 0          | 0          | 0          |   0.0 |  0.00
Neigh   | 0          | 0          | 0          |   0.0 |  0.00
Comm    | 0          | 0          | 0          |   0.0 |  0.00
Output  | 0          | 0          | 0          |   0.0 |  0.00
Modify  | 0          | 0          | 0          |   0.0 |  0.00
Other   |            | 1.337e-06  |            |       |100.00

Nlocal:             18 ave          18 max          18 min
Histogram: 1 0 0 0 0 0 0 0 0 0
Nghost:           4226 ave        4226 max        4226 min
Histogram: 1 0 0 0 0 0 0 0 0 0
Neighs:              0 ave           0 max           0 min
Histogram: 1 0 0 0 0 0 0 0 0 0
FullNghs:        17508 ave       17508 max       17508 min
Histogram: 1 0 0 0 0 0 0 0 0 0

Total # of neighbors = 17508
Ave neighs/atom = 972.66667
Neighbor list builds = 0
Dangerous builds = 0
set atom * x 0.0 y 0.0 z 0.0
Setting atom values ...
  18 settings made for x
  18 settings made for y
  18 settings made for z
change_box all     x final 0 2.5439010770601134 y final 0 8.67020355382863 z final 0 6.363246437983047      xy final 2.099928968110872 xz final 2.4708284709994115 yz final -2.989499707118732 units box
Changing box ...
  triclinic box = (0 0 0) to (2.5439011 8.6522359 6.3739143) with tilt (2.074049 2.454642 -2.9899537)
  triclinic box = (0 0 0) to (2.5439011 8.6702036 6.3739143) with tilt (2.074049 2.454642 -2.9899537)
  triclinic box = (0 0 0) to (2.5439011 8.6702036 6.3632464) with tilt (2.074049 2.454642 -2.9899537)
  triclinic box = (0 0 0) to (2.5439011 8.6702036 6.3632464) with tilt (2.099929 2.454642 -2.9899537)
  triclinic box = (0 0 0) to (2.5439011 8.6702036 6.3632464) with tilt (2.099929 2.4708285 -2.9899537)
  triclinic box = (0 0 0) to (2.5439011 8.6702036 6.3632464) with tilt (2.099929 2.4708285 -2.9894997)
echo none
run 0
Per MPI rank memory allocation (min/avg/max) = 4.329 | 4.329 | 4.329 Mbytes
    PotEng          Pxx           E_mol          E_coul    
-77.008543     -190.12403      0              0            
Loop time of 1.415e-06 on 1 procs for 0 steps with 18 atoms

1130.7% CPU use with 1 MPI tasks x 1 OpenMP threads

MPI task timing breakdown:
Section |  min time  |  avg time  |  max time  |%varavg| %total
---------------------------------------------------------------
Pair    | 0          | 0          | 0          |   0.0 |  0.00
Neigh   | 0          | 0          | 0          |   0.0 |  0.00
Comm    | 0          | 0          | 0          |   0.0 |  0.00
Output  | 0          | 0          | 0          |   0.0 |  0.00
Modify  | 0          | 0          | 0          |   0.0 |  0.00
Other   |            | 1.415e-06  |            |       |100.00

Nlocal:             18 ave          18 max          18 min
Histogram: 1 0 0 0 0 0 0 0 0 0
Nghost:           4266 ave        4266 max        4266 min
Histogram: 1 0 0 0 0 0 0 0 0 0
Neighs:              0 ave           0 max           0 min
Histogram: 1 0 0 0 0 0 0 0 0 0
FullNghs:        17502 ave       17502 max       17502 min
Histogram: 1 0 0 0 0 0 0 0 0 0

Total # of neighbors = 17502
Ave neighs/atom = 972.33333
Neighbor list builds = 0
Dangerous builds = 0
set atom * x 0.0 y 0.0 z 0.0
Setting atom values ...
  18 settings made for x
  18 settings made for y
  18 settings made for z
change_box all     x final 0 2.544120067545985 y final 0 8.686731471820641 z final 0 6.35343044935824      xy final 2.1238143789871797 xz final 2.4856458053724753 yz final -2.989134811186635 units box
Changing box ...
  triclinic box = (0 0 0) to (2.5441201 8.6702036 6.3632464) with tilt (2.099929 2.4708285 -2.9894997)
  triclinic box = (0 0 0) to (2.5441201 8.6867315 6.3632464) with tilt (2.099929 2.4708285 -2.9894997)
  triclinic box = (0 0 0) to (2.5441201 8.6867315 6.3534304) with tilt (2.099929 2.4708285 -2.9894997)
  triclinic box = (0 0 0) to (2.5441201 8.6867315 6.3534304) with tilt (2.1238144 2.4708285 -2.9894997)
  triclinic box = (0 0 0) to (2.5441201 8.6867315 6.3534304) with tilt (2.1238144 2.4856458 -2.9894997)
  triclinic box = (0 0 0) to (2.5441201 8.6867315 6.3534304) with tilt (2.1238144 2.4856458 -2.9891348)
echo none
run 0
Per MPI rank memory allocation (min/avg/max) = 4.329 | 4.329 | 4.329 Mbytes
    PotEng          Pxx           E_mol          E_coul    
-77.008728     -659.62903      0              0            
Loop time of 1.526e-06 on 1 procs for 0 steps with 18 atoms

851.9% CPU use with 1 MPI tasks x 1 OpenMP threads

MPI task timing breakdown:
Section |  min time  |  avg time  |  max time  |%varavg| %total
---------------------------------------------------------------
Pair    | 0          | 0          | 0          |   0.0 |  0.00
Neigh   | 0          | 0          | 0          |   0.0 |  0.00
Comm    | 0          | 0          | 0          |   0.0 |  0.00
Output  | 0          | 0          | 0          |   0.0 |  0.00
Modify  | 0          | 0          | 0          |   0.0 |  0.00
Other   |            | 1.526e-06  |            |       |100.00

Nlocal:             18 ave          18 max          18 min
Histogram: 1 0 0 0 0 0 0 0 0 0
Nghost:           4266 ave        4266 max        4266 min
Histogram: 1 0 0 0 0 0 0 0 0 0
Neighs:              0 ave           0 max           0 min
Histogram: 1 0 0 0 0 0 0 0 0 0
FullNghs:        17496 ave       17496 max       17496 min
Histogram: 1 0 0 0 0 0 0 0 0 0

Total # of neighbors = 17496
Ave neighs/atom = 972
Neighbor list builds = 0
Dangerous builds = 0
set atom * x 0.0 y 0.0 z 0.0
Setting atom values ...
  18 settings made for x
  18 settings made for y
  18 settings made for z
change_box all     x final 0 2.5441200675459874 y final 0 8.686731471820641 z final 0 6.353430449358243      xy final 2.1238143789871815 xz final 2.485645805372479 yz final -2.9891348111866307 units box
Changing box ...
  triclinic box = (0 0 0) to (2.5441201 8.6867315 6.3534304) with tilt (2.1238144 2.4856458 -2.9891348)
  triclinic box = (0 0 0) to (2.5441201 8.6867315 6.3534304) with tilt (2.1238144 2.4856458 -2.9891348)
  triclinic box = (0 0 0) to (2.5441201 8.6867315 6.3534304) with tilt (2.1238144 2.4856458 -2.9891348)
  triclinic box = (0 0 0) to (2.5441201 8.6867315 6.3534304) with tilt (2.1238144 2.4856458 -2.9891348)
  triclinic box = (0 0 0) to (2.5441201 8.6867315 6.3534304) with tilt (2.1238144 2.4856458 -2.9891348)
  triclinic box = (0 0 0) to (2.5441201 8.6867315 6.3534304) with tilt (2.1238144 2.4856458 -2.9891348)
echo none
run 0
Per MPI rank memory allocation (min/avg/max) = 4.329 | 4.329 | 4.329 Mbytes
    PotEng          Pxx           E_mol          E_coul    
-77.008728     -659.62903      0              0            
Loop time of 1.454e-06 on 1 procs for 0 steps with 18 atoms

687.8% CPU use with 1 MPI tasks x 1 OpenMP threads

MPI task timing breakdown:
Section |  min time  |  avg time  |  max time  |%varavg| %total
---------------------------------------------------------------
Pair    | 0          | 0          | 0          |   0.0 |  0.00
Neigh   | 0          | 0          | 0          |   0.0 |  0.00
Comm    | 0          | 0          | 0          |   0.0 |  0.00
Output  | 0          | 0          | 0          |   0.0 |  0.00
Modify  | 0          | 0          | 0          |   0.0 |  0.00
Other   |            | 1.454e-06  |            |       |100.00

Nlocal:             18 ave          18 max          18 min
Histogram: 1 0 0 0 0 0 0 0 0 0
Nghost:           4266 ave        4266 max        4266 min
Histogram: 1 0 0 0 0 0 0 0 0 0
Neighs:              0 ave           0 max           0 min
Histogram: 1 0 0 0 0 0 0 0 0 0
FullNghs:        17496 ave       17496 max       17496 min
Histogram: 1 0 0 0 0 0 0 0 0 0

Total # of neighbors = 17496
Ave neighs/atom = 972
Neighbor list builds = 0
Dangerous builds = 0
set atom * x 0.0 y 0.0 z 0.0
Setting atom values ...
  18 settings made for x
  18 settings made for y
  18 settings made for z
change_box all     x final 0 2.5442259895317276 y final 0 8.678313735908567 z final 0 6.358752342686063      xy final 2.1440814226394593 xz final 2.501078289074283 yz final -2.9984553079619545 units box
Changing box ...
  triclinic box = (0 0 0) to (2.544226 8.6867315 6.3534304) with tilt (2.1238144 2.4856458 -2.9891348)
  triclinic box = (0 0 0) to (2.544226 8.6783137 6.3534304) with tilt (2.1238144 2.4856458 -2.9891348)
  triclinic box = (0 0 0) to (2.544226 8.6783137 6.3587523) with tilt (2.1238144 2.4856458 -2.9891348)
  triclinic box = (0 0 0) to (2.544226 8.6783137 6.3587523) with tilt (2.1440814 2.4856458 -2.9891348)
  triclinic box = (0 0 0) to (2.544226 8.6783137 6.3587523) with tilt (2.1440814 2.5010783 -2.9891348)
  triclinic box = (0 0 0) to (2.544226 8.6783137 6.3587523) with tilt (2.1440814 2.5010783 -2.9984553)
echo none
run 0
Per MPI rank memory allocation (min/avg/max) = 4.329 | 4.329 | 4.329 Mbytes
    PotEng          Pxx           E_mol          E_coul    
-77.00916      -758.53403      0              0            
Loop time of 1.367e-06 on 1 procs for 0 steps with 18 atoms

877.8% CPU use with 1 MPI tasks x 1 OpenMP threads

MPI task timing breakdown:
Section |  min time  |  avg time  |  max time  |%varavg| %total
---------------------------------------------------------------
Pair    | 0          | 0          | 0          |   0.0 |  0.00
Neigh   | 0          | 0          | 0          |   0.0 |  0.00
Comm    | 0          | 0          | 0          |   0.0 |  0.00
Output  | 0          | 0          | 0          |   0.0 |  0.00
Modify  | 0          | 0          | 0          |   0.0 |  0.00
Other   |            | 1.367e-06  |            |       |100.00

Nlocal:             18 ave          18 max          18 min
Histogram: 1 0 0 0 0 0 0 0 0 0
Nghost:           4266 ave        4266 max        4266 min
Histogram: 1 0 0 0 0 0 0 0 0 0
Neighs:              0 ave           0 max           0 min
Histogram: 1 0 0 0 0 0 0 0 0 0
FullNghs:        17508 ave       17508 max       17508 min
Histogram: 1 0 0 0 0 0 0 0 0 0

Total # of neighbors = 17508
Ave neighs/atom = 972.66667
Neighbor list builds = 0
Dangerous builds = 0
set atom * x 0.0 y 0.0 z 0.0
Setting atom values ...
  18 settings made for x
  18 settings made for y
  18 settings made for z
change_box all     x final 0 2.544333334713871 y final 0 8.670660016238507 z final 0 6.363572695482592      xy final 2.1624622521605263 xz final 2.515137992905815 yz final -3.0069664855715557 units box
Changing box ...
  triclinic box = (0 0 0) to (2.5443333 8.6783137 6.3587523) with tilt (2.1440814 2.5010783 -2.9984553)
  triclinic box = (0 0 0) to (2.5443333 8.67066 6.3587523) with tilt (2.1440814 2.5010783 -2.9984553)
  triclinic box = (0 0 0) to (2.5443333 8.67066 6.3635727) with tilt (2.1440814 2.5010783 -2.9984553)
  triclinic box = (0 0 0) to (2.5443333 8.67066 6.3635727) with tilt (2.1624623 2.5010783 -2.9984553)
  triclinic box = (0 0 0) to (2.5443333 8.67066 6.3635727) with tilt (2.1624623 2.515138 -2.9984553)
  triclinic box = (0 0 0) to (2.5443333 8.67066 6.3635727) with tilt (2.1624623 2.515138 -3.0069665)
echo none
run 0
Per MPI rank memory allocation (min/avg/max) = 4.329 | 4.329 | 4.329 Mbytes
    PotEng          Pxx           E_mol          E_coul    
-77.009297     -861.05521      0              0            
Loop time of 1.189e-06 on 1 procs for 0 steps with 18 atoms

588.7% CPU use with 1 MPI tasks x 1 OpenMP threads

MPI task timing breakdown:
Section |  min time  |  avg time  |  max time  |%varavg| %total
---------------------------------------------------------------
Pair    | 0          | 0          | 0          |   0.0 |  0.00
Neigh   | 0          | 0          | 0          |   0.0 |  0.00
Comm    | 0          | 0          | 0          |   0.0 |  0.00
Output  | 0          | 0          | 0          |   0.0 |  0.00
Modify  | 0          | 0          | 0          |   0.0 |  0.00
Other   |            | 1.189e-06  |            |       |100.00

Nlocal:             18 ave          18 max          18 min
Histogram: 1 0 0 0 0 0 0 0 0 0
Nghost:           4306 ave        4306 max        4306 min
Histogram: 1 0 0 0 0 0 0 0 0 0
Neighs:              0 ave           0 max           0 min
Histogram: 1 0 0 0 0 0 0 0 0 0
FullNghs:        17486 ave       17486 max       17486 min
Histogram: 1 0 0 0 0 0 0 0 0 0

Total # of neighbors = 17486
Ave neighs/atom = 971.44444
Neighbor list builds = 0
Dangerous builds = 0
set atom * x 0.0 y 0.0 z 0.0
Setting atom values ...
  18 settings made for x
  18 settings made for y
  18 settings made for z
change_box all     x final 0 2.544333334713869 y final 0 8.670660016238507 z final 0 6.363572695482595      xy final 2.1624622521605277 xz final 2.515137992905813 yz final -3.0069664855715517 units box
Changing box ...
  triclinic box = (0 0 0) to (2.5443333 8.67066 6.3635727) with tilt (2.1624623 2.515138 -3.0069665)
  triclinic box = (0 0 0) to (2.5443333 8.67066 6.3635727) with tilt (2.1624623 2.515138 -3.0069665)
  triclinic box = (0 0 0) to (2.5443333 8.67066 6.3635727) with tilt (2.1624623 2.515138 -3.0069665)
  triclinic box = (0 0 0) to (2.5443333 8.67066 6.3635727) with tilt (2.1624623 2.515138 -3.0069665)
  triclinic box = (0 0 0) to (2.5443333 8.67066 6.3635727) with tilt (2.1624623 2.515138 -3.0069665)
  triclinic box = (0 0 0) to (2.5443333 8.67066 6.3635727) with tilt (2.1624623 2.515138 -3.0069665)
echo none
run 0
Per MPI rank memory allocation (min/avg/max) = 4.329 | 4.329 | 4.329 Mbytes
    PotEng          Pxx           E_mol          E_coul    
-77.009297     -861.05521      0              0            
Loop time of 1.42e-06 on 1 procs for 0 steps with 18 atoms

493.0% CPU use with 1 MPI tasks x 1 OpenMP threads

MPI task timing breakdown:
Section |  min time  |  avg time  |  max time  |%varavg| %total
---------------------------------------------------------------
Pair    | 0          | 0          | 0          |   0.0 |  0.00
Neigh   | 0          | 0          | 0          |   0.0 |  0.00
Comm    | 0          | 0          | 0          |   0.0 |  0.00
Output  | 0          | 0          | 0          |   0.0 |  0.00
Modify  | 0          | 0          | 0          |   0.0 |  0.00
Other   |            | 1.42e-06   |            |       |100.00

Nlocal:             18 ave          18 max          18 min
Histogram: 1 0 0 0 0 0 0 0 0 0
Nghost:           4306 ave        4306 max        4306 min
Histogram: 1 0 0 0 0 0 0 0 0 0
Neighs:              0 ave           0 max           0 min
Histogram: 1 0 0 0 0 0 0 0 0 0
FullNghs:        17486 ave       17486 max       17486 min
Histogram: 1 0 0 0 0 0 0 0 0 0

Total # of neighbors = 17486
Ave neighs/atom = 971.44444
Neighbor list builds = 0
Dangerous builds = 0
set atom * x 0.0 y 0.0 z 0.0
Setting atom values ...
  18 settings made for x
  18 settings made for y
  18 settings made for z
change_box all     x final 0 2.5441395261525015 y final 0 8.667868611390238 z final 0 6.35363722924272      xy final 2.157360688844021 xz final 2.526241105656234 yz final -2.9993756435749983 units box
Changing box ...
  triclinic box = (0 0 0) to (2.5441395 8.67066 6.3635727) with tilt (2.1624623 2.515138 -3.0069665)
  triclinic box = (0 0 0) to (2.5441395 8.6678686 6.3635727) with tilt (2.1624623 2.515138 -3.0069665)
  triclinic box = (0 0 0) to (2.5441395 8.6678686 6.3536372) with tilt (2.1624623 2.515138 -3.0069665)
  triclinic box = (0 0 0) to (2.5441395 8.6678686 6.3536372) with tilt (2.1573607 2.515138 -3.0069665)
  triclinic box = (0 0 0) to (2.5441395 8.6678686 6.3536372) with tilt (2.1573607 2.5262411 -3.0069665)
  triclinic box = (0 0 0) to (2.5441395 8.6678686 6.3536372) with tilt (2.1573607 2.5262411 -2.9993756)
echo none
run 0
Per MPI rank memory allocation (min/avg/max) = 4.329 | 4.329 | 4.329 Mbytes
    PotEng          Pxx           E_mol          E_coul    
-77.010006     -773.63711      0              0            
Loop time of 1.487e-06 on 1 procs for 0 steps with 18 atoms

739.7% CPU use with 1 MPI tasks x 1 OpenMP threads

MPI task timing breakdown:
Section |  min time  |  avg time  |  max time  |%varavg| %total
---------------------------------------------------------------
Pair    | 0          | 0          | 0          |   0.0 |  0.00
Neigh   | 0          | 0          | 0          |   0.0 |  0.00
Comm    | 0          | 0          | 0          |   0.0 |  0.00
Output  | 0          | 0          | 0          |   0.0 |  0.00
Modify  | 0          | 0          | 0          |   0.0 |  0.00
Other   |            | 1.487e-06  |            |       |100.00

Nlocal:             18 ave          18 max          18 min
Histogram: 1 0 0 0 0 0 0 0 0 0
Nghost:           4306 ave        4306 max        4306 min
Histogram: 1 0 0 0 0 0 0 0 0 0
Neighs:              0 ave           0 max           0 min
Histogram: 1 0 0 0 0 0 0 0 0 0
FullNghs:        17520 ave       17520 max       17520 min
Histogram: 1 0 0 0 0 0 0 0 0 0

Total # of neighbors = 17520
Ave neighs/atom = 973.33333
Neighbor list builds = 0
Dangerous builds = 0
set atom * x 0.0 y 0.0 z 0.0
Setting atom values ...
  18 settings made for x
  18 settings made for y
  18 settings made for z
change_box all     x final 0 2.5439353717077133 y final 0 8.664881728231034 z final 0 6.343007980281727      xy final 2.151915650972238 xz final 2.5380905167720744 yz final -2.9912611900211483 units box
Changing box ...
  triclinic box = (0 0 0) to (2.5439354 8.6678686 6.3536372) with tilt (2.1573607 2.5262411 -2.9993756)
  triclinic box = (0 0 0) to (2.5439354 8.6648817 6.3536372) with tilt (2.1573607 2.5262411 -2.9993756)
  triclinic box = (0 0 0) to (2.5439354 8.6648817 6.343008) with tilt (2.1573607 2.5262411 -2.9993756)
  triclinic box = (0 0 0) to (2.5439354 8.6648817 6.343008) with tilt (2.1519157 2.5262411 -2.9993756)
  triclinic box = (0 0 0) to (2.5439354 8.6648817 6.343008) with tilt (2.1519157 2.5380905 -2.9993756)
  triclinic box = (0 0 0) to (2.5439354 8.6648817 6.343008) with tilt (2.1519157 2.5380905 -2.9912612)
echo none
run 0
Per MPI rank memory allocation (min/avg/max) = 4.329 | 4.329 | 4.329 Mbytes
    PotEng          Pxx           E_mol          E_coul    
-77.010255     -694.76009      0              0            
Loop time of 1.439e-06 on 1 procs for 0 steps with 18 atoms

1111.9% CPU use with 1 MPI tasks x 1 OpenMP threads

MPI task timing breakdown:
Section |  min time  |  avg time  |  max time  |%varavg| %total
---------------------------------------------------------------
Pair    | 0          | 0          | 0          |   0.0 |  0.00
Neigh   | 0          | 0          | 0          |   0.0 |  0.00
Comm    | 0          | 0          | 0          |   0.0 |  0.00
Output  | 0          | 0          | 0          |   0.0 |  0.00
Modify  | 0          | 0          | 0          |   0.0 |  0.00
Other   |            | 1.439e-06  |            |       |100.00

Nlocal:             18 ave          18 max          18 min
Histogram: 1 0 0 0 0 0 0 0 0 0
Nghost:           4306 ave        4306 max        4306 min
Histogram: 1 0 0 0 0 0 0 0 0 0
Neighs:              0 ave           0 max           0 min
Histogram: 1 0 0 0 0 0 0 0 0 0
FullNghs:        17560 ave       17560 max       17560 min
Histogram: 1 0 0 0 0 0 0 0 0 0

Total # of neighbors = 17560
Ave neighs/atom = 975.55556
Neighbor list builds = 0
Dangerous builds = 0
set atom * x 0.0 y 0.0 z 0.0
Setting atom values ...
  18 settings made for x
  18 settings made for y
  18 settings made for z
change_box all     x final 0 2.5439353717077138 y final 0 8.664881728231034 z final 0 6.3430079802817305      xy final 2.1519156509722395 xz final 2.538090516772074 yz final -2.99126119002115 units box
Changing box ...
  triclinic box = (0 0 0) to (2.5439354 8.6648817 6.343008) with tilt (2.1519157 2.5380905 -2.9912612)
  triclinic box = (0 0 0) to (2.5439354 8.6648817 6.343008) with tilt (2.1519157 2.5380905 -2.9912612)
  triclinic box = (0 0 0) to (2.5439354 8.6648817 6.343008) with tilt (2.1519157 2.5380905 -2.9912612)
  triclinic box = (0 0 0) to (2.5439354 8.6648817 6.343008) with tilt (2.1519157 2.5380905 -2.9912612)
  triclinic box = (0 0 0) to (2.5439354 8.6648817 6.343008) with tilt (2.1519157 2.5380905 -2.9912612)
  triclinic box = (0 0 0) to (2.5439354 8.6648817 6.343008) with tilt (2.1519157 2.5380905 -2.9912612)
echo none
run 0
Per MPI rank memory allocation (min/avg/max) = 4.329 | 4.329 | 4.329 Mbytes
    PotEng          Pxx           E_mol          E_coul    
-77.010255     -694.76009      0              0            
Loop time of 1.439e-06 on 1 procs for 0 steps with 18 atoms

972.9% CPU use with 1 MPI tasks x 1 OpenMP threads

MPI task timing breakdown:
Section |  min time  |  avg time  |  max time  |%varavg| %total
---------------------------------------------------------------
Pair    | 0          | 0          | 0          |   0.0 |  0.00
Neigh   | 0          | 0          | 0          |   0.0 |  0.00
Comm    | 0          | 0          | 0          |   0.0 |  0.00
Output  | 0          | 0          | 0          |   0.0 |  0.00
Modify  | 0          | 0          | 0          |   0.0 |  0.00
Other   |            | 1.439e-06  |            |       |100.00

Nlocal:             18 ave          18 max          18 min
Histogram: 1 0 0 0 0 0 0 0 0 0
Nghost:           4306 ave        4306 max        4306 min
Histogram: 1 0 0 0 0 0 0 0 0 0
Neighs:              0 ave           0 max           0 min
Histogram: 1 0 0 0 0 0 0 0 0 0
FullNghs:        17560 ave       17560 max       17560 min
Histogram: 1 0 0 0 0 0 0 0 0 0

Total # of neighbors = 17560
Ave neighs/atom = 975.55556
Neighbor list builds = 0
Dangerous builds = 0
set atom * x 0.0 y 0.0 z 0.0
Setting atom values ...
  18 settings made for x
  18 settings made for y
  18 settings made for z
change_box all     x final 0 2.5441148580825557 y final 0 8.676444264383266 z final 0 6.337247485050607      xy final 2.190423789418524 xz final 2.55215931439996 yz final -2.9806406251822977 units box
Changing box ...
  triclinic box = (0 0 0) to (2.5441149 8.6648817 6.343008) with tilt (2.1519157 2.5380905 -2.9912612)
  triclinic box = (0 0 0) to (2.5441149 8.6764443 6.343008) with tilt (2.1519157 2.5380905 -2.9912612)
  triclinic box = (0 0 0) to (2.5441149 8.6764443 6.3372475) with tilt (2.1519157 2.5380905 -2.9912612)
  triclinic box = (0 0 0) to (2.5441149 8.6764443 6.3372475) with tilt (2.1904238 2.5380905 -2.9912612)
  triclinic box = (0 0 0) to (2.5441149 8.6764443 6.3372475) with tilt (2.1904238 2.5521593 -2.9912612)
  triclinic box = (0 0 0) to (2.5441149 8.6764443 6.3372475) with tilt (2.1904238 2.5521593 -2.9806406)
echo none
run 0
Per MPI rank memory allocation (min/avg/max) = 4.329 | 4.329 | 4.329 Mbytes
    PotEng          Pxx           E_mol          E_coul    
-77.011068     -814.53617      0              0            
Loop time of 1.067e-06 on 1 procs for 0 steps with 18 atoms

374.9% CPU use with 1 MPI tasks x 1 OpenMP threads

MPI task timing breakdown:
Section |  min time  |  avg time  |  max time  |%varavg| %total
---------------------------------------------------------------
Pair    | 0          | 0          | 0          |   0.0 |  0.00
Neigh   | 0          | 0          | 0          |   0.0 |  0.00
Comm    | 0          | 0          | 0          |   0.0 |  0.00
Output  | 0          | 0          | 0          |   0.0 |  0.00
Modify  | 0          | 0          | 0          |   0.0 |  0.00
Other   |            | 1.067e-06  |            |       |100.00

Nlocal:             18 ave          18 max          18 min
Histogram: 1 0 0 0 0 0 0 0 0 0
Nghost:           4306 ave        4306 max        4306 min
Histogram: 1 0 0 0 0 0 0 0 0 0
Neighs:              0 ave           0 max           0 min
Histogram: 1 0 0 0 0 0 0 0 0 0
FullNghs:        17534 ave       17534 max       17534 min
Histogram: 1 0 0 0 0 0 0 0 0 0

Total # of neighbors = 17534
Ave neighs/atom = 974.11111
Neighbor list builds = 0
Dangerous builds = 0
set atom * x 0.0 y 0.0 z 0.0
Setting atom values ...
  18 settings made for x
  18 settings made for y
  18 settings made for z
change_box all     x final 0 2.5445050968243033 y final 0 8.697239267975245 z final 0 6.326768894118554      xy final 2.2601920268824847 xz final 2.5774851688605467 yz final -2.9617278651204026 units box
Changing box ...
  triclinic box = (0 0 0) to (2.5445051 8.6764443 6.3372475) with tilt (2.1904238 2.5521593 -2.9806406)
  triclinic box = (0 0 0) to (2.5445051 8.6972393 6.3372475) with tilt (2.1904238 2.5521593 -2.9806406)
  triclinic box = (0 0 0) to (2.5445051 8.6972393 6.3267689) with tilt (2.1904238 2.5521593 -2.9806406)
  triclinic box = (0 0 0) to (2.5445051 8.6972393 6.3267689) with tilt (2.260192 2.5521593 -2.9806406)
  triclinic box = (0 0 0) to (2.5445051 8.6972393 6.3267689) with tilt (2.260192 2.5774852 -2.9806406)
  triclinic box = (0 0 0) to (2.5445051 8.6972393 6.3267689) with tilt (2.260192 2.5774852 -2.9617279)
echo none
run 0
Per MPI rank memory allocation (min/avg/max) = 4.329 | 4.329 | 4.329 Mbytes
    PotEng          Pxx           E_mol          E_coul    
-77.01162      -1110.7544      0              0            
Loop time of 1.452e-06 on 1 procs for 0 steps with 18 atoms

1170.8% CPU use with 1 MPI tasks x 1 OpenMP threads

MPI task timing breakdown:
Section |  min time  |  avg time  |  max time  |%varavg| %total
---------------------------------------------------------------
Pair    | 0          | 0          | 0          |   0.0 |  0.00
Neigh   | 0          | 0          | 0          |   0.0 |  0.00
Comm    | 0          | 0          | 0          |   0.0 |  0.00
Output  | 0          | 0          | 0          |   0.0 |  0.00
Modify  | 0          | 0          | 0          |   0.0 |  0.00
Other   |            | 1.452e-06  |            |       |100.00

Nlocal:             18 ave          18 max          18 min
Histogram: 1 0 0 0 0 0 0 0 0 0
Nghost:           4331 ave        4331 max        4331 min
Histogram: 1 0 0 0 0 0 0 0 0 0
Neighs:              0 ave           0 max           0 min
Histogram: 1 0 0 0 0 0 0 0 0 0
FullNghs:        17522 ave       17522 max       17522 min
Histogram: 1 0 0 0 0 0 0 0 0 0

Total # of neighbors = 17522
Ave neighs/atom = 973.44444
Neighbor list builds = 0
Dangerous builds = 0
set atom * x 0.0 y 0.0 z 0.0
Setting atom values ...
  18 settings made for x
  18 settings made for y
  18 settings made for z
change_box all     x final 0 2.544505096824301 y final 0 8.697239267975243 z final 0 6.3267688941185565      xy final 2.2601920268824833 xz final 2.5774851688605422 yz final -2.961727865120404 units box
Changing box ...
  triclinic box = (0 0 0) to (2.5445051 8.6972393 6.3267689) with tilt (2.260192 2.5774852 -2.9617279)
  triclinic box = (0 0 0) to (2.5445051 8.6972393 6.3267689) with tilt (2.260192 2.5774852 -2.9617279)
  triclinic box = (0 0 0) to (2.5445051 8.6972393 6.3267689) with tilt (2.260192 2.5774852 -2.9617279)
  triclinic box = (0 0 0) to (2.5445051 8.6972393 6.3267689) with tilt (2.260192 2.5774852 -2.9617279)
  triclinic box = (0 0 0) to (2.5445051 8.6972393 6.3267689) with tilt (2.260192 2.5774852 -2.9617279)
  triclinic box = (0 0 0) to (2.5445051 8.6972393 6.3267689) with tilt (2.260192 2.5774852 -2.9617279)
echo none
run 0
Per MPI rank memory allocation (min/avg/max) = 4.329 | 4.329 | 4.329 Mbytes
    PotEng          Pxx           E_mol          E_coul    
-77.01162      -1110.7544      0              0            
Loop time of 1.597e-06 on 1 procs for 0 steps with 18 atoms

939.3% CPU use with 1 MPI tasks x 1 OpenMP threads

MPI task timing breakdown:
Section |  min time  |  avg time  |  max time  |%varavg| %total
---------------------------------------------------------------
Pair    | 0          | 0          | 0          |   0.0 |  0.00
Neigh   | 0          | 0          | 0          |   0.0 |  0.00
Comm    | 0          | 0          | 0          |   0.0 |  0.00
Output  | 0          | 0          | 0          |   0.0 |  0.00
Modify  | 0          | 0          | 0          |   0.0 |  0.00
Other   |            | 1.597e-06  |            |       |100.00

Nlocal:             18 ave          18 max          18 min
Histogram: 1 0 0 0 0 0 0 0 0 0
Nghost:           4331 ave        4331 max        4331 min
Histogram: 1 0 0 0 0 0 0 0 0 0
Neighs:              0 ave           0 max           0 min
Histogram: 1 0 0 0 0 0 0 0 0 0
FullNghs:        17522 ave       17522 max       17522 min
Histogram: 1 0 0 0 0 0 0 0 0 0

Total # of neighbors = 17522
Ave neighs/atom = 973.44444
Neighbor list builds = 0
Dangerous builds = 0
set atom * x 0.0 y 0.0 z 0.0
Setting atom values ...
  18 settings made for x
  18 settings made for y
  18 settings made for z
change_box all     x final 0 2.5443801318113057 y final 0 8.694079012351718 z final 0 6.3255461473446735      xy final 2.278452783256154 xz final 2.587150100641845 yz final -2.958399742733319 units box
Changing box ...
  triclinic box = (0 0 0) to (2.5443801 8.6972393 6.3267689) with tilt (2.260192 2.5774852 -2.9617279)
  triclinic box = (0 0 0) to (2.5443801 8.694079 6.3267689) with tilt (2.260192 2.5774852 -2.9617279)
  triclinic box = (0 0 0) to (2.5443801 8.694079 6.3255461) with tilt (2.260192 2.5774852 -2.9617279)
  triclinic box = (0 0 0) to (2.5443801 8.694079 6.3255461) with tilt (2.2784528 2.5774852 -2.9617279)
  triclinic box = (0 0 0) to (2.5443801 8.694079 6.3255461) with tilt (2.2784528 2.5871501 -2.9617279)
  triclinic box = (0 0 0) to (2.5443801 8.694079 6.3255461) with tilt (2.2784528 2.5871501 -2.9583997)
echo none
run 0
Per MPI rank memory allocation (min/avg/max) = 4.329 | 4.329 | 4.329 Mbytes
    PotEng          Pxx           E_mol          E_coul    
-77.012476     -997.13847      0              0            
Loop time of 1.214e-06 on 1 procs for 0 steps with 18 atoms

1153.2% CPU use with 1 MPI tasks x 1 OpenMP threads

MPI task timing breakdown:
Section |  min time  |  avg time  |  max time  |%varavg| %total
---------------------------------------------------------------
Pair    | 0          | 0          | 0          |   0.0 |  0.00
Neigh   | 0          | 0          | 0          |   0.0 |  0.00
Comm    | 0          | 0          | 0          |   0.0 |  0.00
Output  | 0          | 0          | 0          |   0.0 |  0.00
Modify  | 0          | 0          | 0          |   0.0 |  0.00
Other   |            | 1.214e-06  |            |       |100.00

Nlocal:             18 ave          18 max          18 min
Histogram: 1 0 0 0 0 0 0 0 0 0
Nghost:           4351 ave        4351 max        4351 min
Histogram: 1 0 0 0 0 0 0 0 0 0
Neighs:              0 ave           0 max           0 min
Histogram: 1 0 0 0 0 0 0 0 0 0
FullNghs:        17548 ave       17548 max       17548 min
Histogram: 1 0 0 0 0 0 0 0 0 0

Total # of neighbors = 17548
Ave neighs/atom = 974.88889
Neighbor list builds = 0
Dangerous builds = 0
set atom * x 0.0 y 0.0 z 0.0
Setting atom values ...
  18 settings made for x
  18 settings made for y
  18 settings made for z
change_box all     x final 0 2.5441394176282914 y final 0 8.687301216082707 z final 0 6.32289929702375      xy final 2.317441593650552 xz final 2.6078006186353035 yz final -2.9513519220332767 units box
Changing box ...
  triclinic box = (0 0 0) to (2.5441394 8.694079 6.3255461) with tilt (2.2784528 2.5871501 -2.9583997)
  triclinic box = (0 0 0) to (2.5441394 8.6873012 6.3255461) with tilt (2.2784528 2.5871501 -2.9583997)
  triclinic box = (0 0 0) to (2.5441394 8.6873012 6.3228993) with tilt (2.2784528 2.5871501 -2.9583997)
  triclinic box = (0 0 0) to (2.5441394 8.6873012 6.3228993) with tilt (2.3174416 2.5871501 -2.9583997)
  triclinic box = (0 0 0) to (2.5441394 8.6873012 6.3228993) with tilt (2.3174416 2.6078006 -2.9583997)
  triclinic box = (0 0 0) to (2.5441394 8.6873012 6.3228993) with tilt (2.3174416 2.6078006 -2.9513519)
echo none
run 0
Per MPI rank memory allocation (min/avg/max) = 4.33 | 4.33 | 4.33 Mbytes
    PotEng          Pxx           E_mol          E_coul    
-77.013052     -767.13352      0              0            
Loop time of 1.258e-06 on 1 procs for 0 steps with 18 atoms

318.0% CPU use with 1 MPI tasks x 1 OpenMP threads

MPI task timing breakdown:
Section |  min time  |  avg time  |  max time  |%varavg| %total
---------------------------------------------------------------
Pair    | 0          | 0          | 0          |   0.0 |  0.00
Neigh   | 0          | 0          | 0          |   0.0 |  0.00
Comm    | 0          | 0          | 0          |   0.0 |  0.00
Output  | 0          | 0          | 0          |   0.0 |  0.00
Modify  | 0          | 0          | 0          |   0.0 |  0.00
Other   |            | 1.258e-06  |            |       |100.00

Nlocal:             18 ave          18 max          18 min
Histogram: 1 0 0 0 0 0 0 0 0 0
Nghost:           4439 ave        4439 max        4439 min
Histogram: 1 0 0 0 0 0 0 0 0 0
Neighs:              0 ave           0 max           0 min
Histogram: 1 0 0 0 0 0 0 0 0 0
FullNghs:        17562 ave       17562 max       17562 min
Histogram: 1 0 0 0 0 0 0 0 0 0

Total # of neighbors = 17562
Ave neighs/atom = 975.66667
Neighbor list builds = 0
Dangerous builds = 0
set atom * x 0.0 y 0.0 z 0.0
Setting atom values ...
  18 settings made for x
  18 settings made for y
  18 settings made for z
change_box all     x final 0 2.5441394176282914 y final 0 8.687301216082707 z final 0 6.322899297023744      xy final 2.3174415936505492 xz final 2.607800618635304 yz final -2.951351922033273 units box
Changing box ...
  triclinic box = (0 0 0) to (2.5441394 8.6873012 6.3228993) with tilt (2.3174416 2.6078006 -2.9513519)
  triclinic box = (0 0 0) to (2.5441394 8.6873012 6.3228993) with tilt (2.3174416 2.6078006 -2.9513519)
  triclinic box = (0 0 0) to (2.5441394 8.6873012 6.3228993) with tilt (2.3174416 2.6078006 -2.9513519)
  triclinic box = (0 0 0) to (2.5441394 8.6873012 6.3228993) with tilt (2.3174416 2.6078006 -2.9513519)
  triclinic box = (0 0 0) to (2.5441394 8.6873012 6.3228993) with tilt (2.3174416 2.6078006 -2.9513519)
  triclinic box = (0 0 0) to (2.5441394 8.6873012 6.3228993) with tilt (2.3174416 2.6078006 -2.9513519)
echo none
run 0
Per MPI rank memory allocation (min/avg/max) = 4.33 | 4.33 | 4.33 Mbytes
    PotEng          Pxx           E_mol          E_coul    
-77.013052     -767.13352      0              0            
Loop time of 1.578e-06 on 1 procs for 0 steps with 18 atoms

697.1% CPU use with 1 MPI tasks x 1 OpenMP threads

MPI task timing breakdown:
Section |  min time  |  avg time  |  max time  |%varavg| %total
---------------------------------------------------------------
Pair    | 0          | 0          | 0          |   0.0 |  0.00
Neigh   | 0          | 0          | 0          |   0.0 |  0.00
Comm    | 0          | 0          | 0          |   0.0 |  0.00
Output  | 0          | 0          | 0          |   0.0 |  0.00
Modify  | 0          | 0          | 0          |   0.0 |  0.00
Other   |            | 1.578e-06  |            |       |100.00

Nlocal:             18 ave          18 max          18 min
Histogram: 1 0 0 0 0 0 0 0 0 0
Nghost:           4439 ave        4439 max        4439 min
Histogram: 1 0 0 0 0 0 0 0 0 0
Neighs:              0 ave           0 max           0 min
Histogram: 1 0 0 0 0 0 0 0 0 0
FullNghs:        17562 ave       17562 max       17562 min
Histogram: 1 0 0 0 0 0 0 0 0 0

Total # of neighbors = 17562
Ave neighs/atom = 975.66667
Neighbor list builds = 0
Dangerous builds = 0
set atom * x 0.0 y 0.0 z 0.0
Setting atom values ...
  18 settings made for x
  18 settings made for y
  18 settings made for z
change_box all     x final 0 2.5442156538552907 y final 0 8.680979213002818 z final 0 6.322686132826576      xy final 2.3390378345377574 xz final 2.618574466370873 yz final -2.9471735844890516 units box
Changing box ...
  triclinic box = (0 0 0) to (2.5442157 8.6873012 6.3228993) with tilt (2.3174416 2.6078006 -2.9513519)
  triclinic box = (0 0 0) to (2.5442157 8.6809792 6.3228993) with tilt (2.3174416 2.6078006 -2.9513519)
  triclinic box = (0 0 0) to (2.5442157 8.6809792 6.3226861) with tilt (2.3174416 2.6078006 -2.9513519)
  triclinic box = (0 0 0) to (2.5442157 8.6809792 6.3226861) with tilt (2.3390378 2.6078006 -2.9513519)
  triclinic box = (0 0 0) to (2.5442157 8.6809792 6.3226861) with tilt (2.3390378 2.6185745 -2.9513519)
  triclinic box = (0 0 0) to (2.5442157 8.6809792 6.3226861) with tilt (2.3390378 2.6185745 -2.9471736)
echo none
run 0
Per MPI rank memory allocation (min/avg/max) = 4.33 | 4.33 | 4.33 Mbytes
    PotEng          Pxx           E_mol          E_coul    
-77.013981     -848.12125      0              0            
Loop time of 1.319e-06 on 1 procs for 0 steps with 18 atoms

1061.4% CPU use with 1 MPI tasks x 1 OpenMP threads

MPI task timing breakdown:
Section |  min time  |  avg time  |  max time  |%varavg| %total
---------------------------------------------------------------
Pair    | 0          | 0          | 0          |   0.0 |  0.00
Neigh   | 0          | 0          | 0          |   0.0 |  0.00
Comm    | 0          | 0          | 0          |   0.0 |  0.00
Output  | 0          | 0          | 0          |   0.0 |  0.00
Modify  | 0          | 0          | 0          |   0.0 |  0.00
Other   |            | 1.319e-06  |            |       |100.00

Nlocal:             18 ave          18 max          18 min
Histogram: 1 0 0 0 0 0 0 0 0 0
Nghost:           4459 ave        4459 max        4459 min
Histogram: 1 0 0 0 0 0 0 0 0 0
Neighs:              0 ave           0 max           0 min
Histogram: 1 0 0 0 0 0 0 0 0 0
FullNghs:        17580 ave       17580 max       17580 min
Histogram: 1 0 0 0 0 0 0 0 0 0

Total # of neighbors = 17580
Ave neighs/atom = 976.66667
Neighbor list builds = 0
Dangerous builds = 0
set atom * x 0.0 y 0.0 z 0.0
Setting atom values ...
  18 settings made for x
  18 settings made for y
  18 settings made for z
change_box all     x final 0 2.5443010519957037 y final 0 8.674717753247824 z final 0 6.322461794048288      xy final 2.3603845535837946 xz final 2.629243012682431 yz final -2.9430624905618172 units box
Changing box ...
  triclinic box = (0 0 0) to (2.5443011 8.6809792 6.3226861) with tilt (2.3390378 2.6185745 -2.9471736)
  triclinic box = (0 0 0) to (2.5443011 8.6747178 6.3226861) with tilt (2.3390378 2.6185745 -2.9471736)
  triclinic box = (0 0 0) to (2.5443011 8.6747178 6.3224618) with tilt (2.3390378 2.6185745 -2.9471736)
  triclinic box = (0 0 0) to (2.5443011 8.6747178 6.3224618) with tilt (2.3603846 2.6185745 -2.9471736)
  triclinic box = (0 0 0) to (2.5443011 8.6747178 6.3224618) with tilt (2.3603846 2.629243 -2.9471736)
  triclinic box = (0 0 0) to (2.5443011 8.6747178 6.3224618) with tilt (2.3603846 2.629243 -2.9430625)
echo none
run 0
Per MPI rank memory allocation (min/avg/max) = 4.33 | 4.33 | 4.33 Mbytes
    PotEng          Pxx           E_mol          E_coul    
-77.014273     -935.44197      0              0            
Loop time of 1.454e-06 on 1 procs for 0 steps with 18 atoms

687.8% CPU use with 1 MPI tasks x 1 OpenMP threads

MPI task timing breakdown:
Section |  min time  |  avg time  |  max time  |%varavg| %total
---------------------------------------------------------------
Pair    | 0          | 0          | 0          |   0.0 |  0.00
Neigh   | 0          | 0          | 0          |   0.0 |  0.00
Comm    | 0          | 0          | 0          |   0.0 |  0.00
Output  | 0          | 0          | 0          |   0.0 |  0.00
Modify  | 0          | 0          | 0          |   0.0 |  0.00
Other   |            | 1.454e-06  |            |       |100.00

Nlocal:             18 ave          18 max          18 min
Histogram: 1 0 0 0 0 0 0 0 0 0
Nghost:           4479 ave        4479 max        4479 min
Histogram: 1 0 0 0 0 0 0 0 0 0
Neighs:              0 ave           0 max           0 min
Histogram: 1 0 0 0 0 0 0 0 0 0
FullNghs:        17602 ave       17602 max       17602 min
Histogram: 1 0 0 0 0 0 0 0 0 0

Total # of neighbors = 17602
Ave neighs/atom = 977.88889
Neighbor list builds = 0
Dangerous builds = 0
set atom * x 0.0 y 0.0 z 0.0
Setting atom values ...
  18 settings made for x
  18 settings made for y
  18 settings made for z
change_box all     x final 0 2.5443010519957037 y final 0 8.674717753247824 z final 0 6.322461794048286      xy final 2.3603845535837955 xz final 2.629243012682435 yz final -2.9430624905618155 units box
Changing box ...
  triclinic box = (0 0 0) to (2.5443011 8.6747178 6.3224618) with tilt (2.3603846 2.629243 -2.9430625)
  triclinic box = (0 0 0) to (2.5443011 8.6747178 6.3224618) with tilt (2.3603846 2.629243 -2.9430625)
  triclinic box = (0 0 0) to (2.5443011 8.6747178 6.3224618) with tilt (2.3603846 2.629243 -2.9430625)
  triclinic box = (0 0 0) to (2.5443011 8.6747178 6.3224618) with tilt (2.3603846 2.629243 -2.9430625)
  triclinic box = (0 0 0) to (2.5443011 8.6747178 6.3224618) with tilt (2.3603846 2.629243 -2.9430625)
  triclinic box = (0 0 0) to (2.5443011 8.6747178 6.3224618) with tilt (2.3603846 2.629243 -2.9430625)
echo none
run 0
Per MPI rank memory allocation (min/avg/max) = 4.33 | 4.33 | 4.33 Mbytes
    PotEng          Pxx           E_mol          E_coul    
-77.014273     -935.44197      0              0            
Loop time of 1.57e-06 on 1 procs for 0 steps with 18 atoms

828.0% CPU use with 1 MPI tasks x 1 OpenMP threads

MPI task timing breakdown:
Section |  min time  |  avg time  |  max time  |%varavg| %total
---------------------------------------------------------------
Pair    | 0          | 0          | 0          |   0.0 |  0.00
Neigh   | 0          | 0          | 0          |   0.0 |  0.00
Comm    | 0          | 0          | 0          |   0.0 |  0.00
Output  | 0          | 0          | 0          |   0.0 |  0.00
Modify  | 0          | 0          | 0          |   0.0 |  0.00
Other   |            | 1.57e-06   |            |       |100.00

Nlocal:             18 ave          18 max          18 min
Histogram: 1 0 0 0 0 0 0 0 0 0
Nghost:           4479 ave        4479 max        4479 min
Histogram: 1 0 0 0 0 0 0 0 0 0
Neighs:              0 ave           0 max           0 min
Histogram: 1 0 0 0 0 0 0 0 0 0
FullNghs:        17602 ave       17602 max       17602 min
Histogram: 1 0 0 0 0 0 0 0 0 0

Total # of neighbors = 17602
Ave neighs/atom = 977.88889
Neighbor list builds = 0
Dangerous builds = 0
set atom * x 0.0 y 0.0 z 0.0
Setting atom values ...
  18 settings made for x
  18 settings made for y
  18 settings made for z
change_box all     x final 0 2.544061961121306 y final 0 8.66608366159749 z final 0 6.330016943891794      xy final 2.406737796500187 xz final 2.620791865457118 yz final -2.9487133848829874 units box
Changing box ...
  triclinic box = (0 0 0) to (2.544062 8.6747178 6.3224618) with tilt (2.3603846 2.629243 -2.9430625)
  triclinic box = (0 0 0) to (2.544062 8.6660837 6.3224618) with tilt (2.3603846 2.629243 -2.9430625)
  triclinic box = (0 0 0) to (2.544062 8.6660837 6.3300169) with tilt (2.3603846 2.629243 -2.9430625)
  triclinic box = (0 0 0) to (2.544062 8.6660837 6.3300169) with tilt (2.4067378 2.629243 -2.9430625)
  triclinic box = (0 0 0) to (2.544062 8.6660837 6.3300169) with tilt (2.4067378 2.6207919 -2.9430625)
  triclinic box = (0 0 0) to (2.544062 8.6660837 6.3300169) with tilt (2.4067378 2.6207919 -2.9487134)
echo none
run 0
Per MPI rank memory allocation (min/avg/max) = 4.33 | 4.33 | 4.33 Mbytes
    PotEng          Pxx           E_mol          E_coul    
-77.015056     -365.8745       0              0            
Loop time of 1.795e-06 on 1 procs for 0 steps with 18 atoms

724.2% CPU use with 1 MPI tasks x 1 OpenMP threads

MPI task timing breakdown:
Section |  min time  |  avg time  |  max time  |%varavg| %total
---------------------------------------------------------------
Pair    | 0          | 0          | 0          |   0.0 |  0.00
Neigh   | 0          | 0          | 0          |   0.0 |  0.00
Comm    | 0          | 0          | 0          |   0.0 |  0.00
Output  | 0          | 0          | 0          |   0.0 |  0.00
Modify  | 0          | 0          | 0          |   0.0 |  0.00
Other   |            | 1.795e-06  |            |       |100.00

Nlocal:             18 ave          18 max          18 min
Histogram: 1 0 0 0 0 0 0 0 0 0
Nghost:           4451 ave        4451 max        4451 min
Histogram: 1 0 0 0 0 0 0 0 0 0
Neighs:              0 ave           0 max           0 min
Histogram: 1 0 0 0 0 0 0 0 0 0
FullNghs:        17580 ave       17580 max       17580 min
Histogram: 1 0 0 0 0 0 0 0 0 0

Total # of neighbors = 17580
Ave neighs/atom = 976.66667
Neighbor list builds = 0
Dangerous builds = 0
set atom * x 0.0 y 0.0 z 0.0
Setting atom values ...
  18 settings made for x
  18 settings made for y
  18 settings made for z
change_box all     x final 0 2.543876834404306 y final 0 8.658526298225768 z final 0 6.33657710397304      xy final 2.4468956846086414 xz final 2.6134628890462 yz final -2.9536040643094124 units box
Changing box ...
  triclinic box = (0 0 0) to (2.5438768 8.6660837 6.3300169) with tilt (2.4067378 2.6207919 -2.9487134)
  triclinic box = (0 0 0) to (2.5438768 8.6585263 6.3300169) with tilt (2.4067378 2.6207919 -2.9487134)
  triclinic box = (0 0 0) to (2.5438768 8.6585263 6.3365771) with tilt (2.4067378 2.6207919 -2.9487134)
  triclinic box = (0 0 0) to (2.5438768 8.6585263 6.3365771) with tilt (2.4468957 2.6207919 -2.9487134)
  triclinic box = (0 0 0) to (2.5438768 8.6585263 6.3365771) with tilt (2.4468957 2.6134629 -2.9487134)
  triclinic box = (0 0 0) to (2.5438768 8.6585263 6.3365771) with tilt (2.4468957 2.6134629 -2.9536041)
echo none
run 0
Per MPI rank memory allocation (min/avg/max) = 4.33 | 4.33 | 4.33 Mbytes
    PotEng          Pxx           E_mol          E_coul    
-77.015289      101.58985      0              0            
Loop time of 1.55e-06 on 1 procs for 0 steps with 18 atoms

838.7% CPU use with 1 MPI tasks x 1 OpenMP threads

MPI task timing breakdown:
Section |  min time  |  avg time  |  max time  |%varavg| %total
---------------------------------------------------------------
Pair    | 0          | 0          | 0          |   0.0 |  0.00
Neigh   | 0          | 0          | 0          |   0.0 |  0.00
Comm    | 0          | 0          | 0          |   0.0 |  0.00
Output  | 0          | 0          | 0          |   0.0 |  0.00
Modify  | 0          | 0          | 0          |   0.0 |  0.00
Other   |            | 1.55e-06   |            |       |100.00

Nlocal:             18 ave          18 max          18 min
Histogram: 1 0 0 0 0 0 0 0 0 0
Nghost:           4451 ave        4451 max        4451 min
Histogram: 1 0 0 0 0 0 0 0 0 0
Neighs:              0 ave           0 max           0 min
Histogram: 1 0 0 0 0 0 0 0 0 0
FullNghs:        17570 ave       17570 max       17570 min
Histogram: 1 0 0 0 0 0 0 0 0 0

Total # of neighbors = 17570
Ave neighs/atom = 976.11111
Neighbor list builds = 0
Dangerous builds = 0
set atom * x 0.0 y 0.0 z 0.0
Setting atom values ...
  18 settings made for x
  18 settings made for y
  18 settings made for z
change_box all     x final 0 2.543876834404304 y final 0 8.658526298225766 z final 0 6.336577103973037      xy final 2.4468956846086383 xz final 2.613462889046195 yz final -2.953604064309414 units box
Changing box ...
  triclinic box = (0 0 0) to (2.5438768 8.6585263 6.3365771) with tilt (2.4468957 2.6134629 -2.9536041)
  triclinic box = (0 0 0) to (2.5438768 8.6585263 6.3365771) with tilt (2.4468957 2.6134629 -2.9536041)
  triclinic box = (0 0 0) to (2.5438768 8.6585263 6.3365771) with tilt (2.4468957 2.6134629 -2.9536041)
  triclinic box = (0 0 0) to (2.5438768 8.6585263 6.3365771) with tilt (2.4468957 2.6134629 -2.9536041)
  triclinic box = (0 0 0) to (2.5438768 8.6585263 6.3365771) with tilt (2.4468957 2.6134629 -2.9536041)
  triclinic box = (0 0 0) to (2.5438768 8.6585263 6.3365771) with tilt (2.4468957 2.6134629 -2.9536041)
echo none
run 0
Per MPI rank memory allocation (min/avg/max) = 4.33 | 4.33 | 4.33 Mbytes
    PotEng          Pxx           E_mol          E_coul    
-77.015289      101.58985      0              0            
Loop time of 1.473e-06 on 1 procs for 0 steps with 18 atoms

475.2% CPU use with 1 MPI tasks x 1 OpenMP threads

MPI task timing breakdown:
Section |  min time  |  avg time  |  max time  |%varavg| %total
---------------------------------------------------------------
Pair    | 0          | 0          | 0          |   0.0 |  0.00
Neigh   | 0          | 0          | 0          |   0.0 |  0.00
Comm    | 0          | 0          | 0          |   0.0 |  0.00
Output  | 0          | 0          | 0          |   0.0 |  0.00
Modify  | 0          | 0          | 0          |   0.0 |  0.00
Other   |            | 1.473e-06  |            |       |100.00

Nlocal:             18 ave          18 max          18 min
Histogram: 1 0 0 0 0 0 0 0 0 0
Nghost:           4451 ave        4451 max        4451 min
Histogram: 1 0 0 0 0 0 0 0 0 0
Neighs:              0 ave           0 max           0 min
Histogram: 1 0 0 0 0 0 0 0 0 0
FullNghs:        17570 ave       17570 max       17570 min
Histogram: 1 0 0 0 0 0 0 0 0 0

Total # of neighbors = 17570
Ave neighs/atom = 976.11111
Neighbor list builds = 0
Dangerous builds = 0
set atom * x 0.0 y 0.0 z 0.0
Setting atom values ...
  18 settings made for x
  18 settings made for y
  18 settings made for z
change_box all     x final 0 2.543364945273225 y final 0 8.668103846043902 z final 0 6.326219911438483      xy final 2.5109224844649445 xz final 2.5951129318727197 yz final -2.9628250343112073 units box
Changing box ...
  triclinic box = (0 0 0) to (2.5433649 8.6585263 6.3365771) with tilt (2.4468957 2.6134629 -2.9536041)
  triclinic box = (0 0 0) to (2.5433649 8.6681038 6.3365771) with tilt (2.4468957 2.6134629 -2.9536041)
  triclinic box = (0 0 0) to (2.5433649 8.6681038 6.3262199) with tilt (2.4468957 2.6134629 -2.9536041)
  triclinic box = (0 0 0) to (2.5433649 8.6681038 6.3262199) with tilt (2.5109225 2.6134629 -2.9536041)
  triclinic box = (0 0 0) to (2.5433649 8.6681038 6.3262199) with tilt (2.5109225 2.5951129 -2.9536041)
  triclinic box = (0 0 0) to (2.5433649 8.6681038 6.3262199) with tilt (2.5109225 2.5951129 -2.962825)
echo none
run 0
Per MPI rank memory allocation (min/avg/max) = 4.33 | 4.33 | 4.33 Mbytes
    PotEng          Pxx           E_mol          E_coul    
-77.016294      394.23583      0              0            
Loop time of 1.405e-06 on 1 procs for 0 steps with 18 atoms

142.3% CPU use with 1 MPI tasks x 1 OpenMP threads

MPI task timing breakdown:
Section |  min time  |  avg time  |  max time  |%varavg| %total
---------------------------------------------------------------
Pair    | 0          | 0          | 0          |   0.0 |  0.00
Neigh   | 0          | 0          | 0          |   0.0 |  0.00
Comm    | 0          | 0          | 0          |   0.0 |  0.00
Output  | 0          | 0          | 0          |   0.0 |  0.00
Modify  | 0          | 0          | 0          |   0.0 |  0.00
Other   |            | 1.405e-06  |            |       |100.00

Nlocal:             18 ave          18 max          18 min
Histogram: 1 0 0 0 0 0 0 0 0 0
Nghost:           4564 ave        4564 max        4564 min
Histogram: 1 0 0 0 0 0 0 0 0 0
Neighs:              0 ave           0 max           0 min
Histogram: 1 0 0 0 0 0 0 0 0 0
FullNghs:        17598 ave       17598 max       17598 min
Histogram: 1 0 0 0 0 0 0 0 0 0

Total # of neighbors = 17598
Ave neighs/atom = 977.66667
Neighbor list builds = 0
Dangerous builds = 0
set atom * x 0.0 y 0.0 z 0.0
Setting atom values ...
  18 settings made for x
  18 settings made for y
  18 settings made for z
change_box all     x final 0 2.543364945273226 y final 0 8.668103846043902 z final 0 6.326219911438482      xy final 2.510922484464945 xz final 2.595112931872721 yz final -2.9628250343112064 units box
Changing box ...
  triclinic box = (0 0 0) to (2.5433649 8.6681038 6.3262199) with tilt (2.5109225 2.5951129 -2.962825)
  triclinic box = (0 0 0) to (2.5433649 8.6681038 6.3262199) with tilt (2.5109225 2.5951129 -2.962825)
  triclinic box = (0 0 0) to (2.5433649 8.6681038 6.3262199) with tilt (2.5109225 2.5951129 -2.962825)
  triclinic box = (0 0 0) to (2.5433649 8.6681038 6.3262199) with tilt (2.5109225 2.5951129 -2.962825)
  triclinic box = (0 0 0) to (2.5433649 8.6681038 6.3262199) with tilt (2.5109225 2.5951129 -2.962825)
  triclinic box = (0 0 0) to (2.5433649 8.6681038 6.3262199) with tilt (2.5109225 2.5951129 -2.962825)
echo none
run 0
Per MPI rank memory allocation (min/avg/max) = 4.33 | 4.33 | 4.33 Mbytes
    PotEng          Pxx           E_mol          E_coul    
-77.016294      394.23583      0              0            
Loop time of 1.447e-06 on 1 procs for 0 steps with 18 atoms

691.1% CPU use with 1 MPI tasks x 1 OpenMP threads

MPI task timing breakdown:
Section |  min time  |  avg time  |  max time  |%varavg| %total
---------------------------------------------------------------
Pair    | 0          | 0          | 0          |   0.0 |  0.00
Neigh   | 0          | 0          | 0          |   0.0 |  0.00
Comm    | 0          | 0          | 0          |   0.0 |  0.00
Output  | 0          | 0          | 0          |   0.0 |  0.00
Modify  | 0          | 0          | 0          |   0.0 |  0.00
Other   |            | 1.447e-06  |            |       |100.00

Nlocal:             18 ave          18 max          18 min
Histogram: 1 0 0 0 0 0 0 0 0 0
Nghost:           4564 ave        4564 max        4564 min
Histogram: 1 0 0 0 0 0 0 0 0 0
Neighs:              0 ave           0 max           0 min
Histogram: 1 0 0 0 0 0 0 0 0 0
FullNghs:        17598 ave       17598 max       17598 min
Histogram: 1 0 0 0 0 0 0 0 0 0

Total # of neighbors = 17598
Ave neighs/atom = 977.66667
Neighbor list builds = 0
Dangerous builds = 0
set atom * x 0.0 y 0.0 z 0.0
Setting atom values ...
  18 settings made for x
  18 settings made for y
  18 settings made for z
change_box all     x final 0 2.543121770110569 y final 0 8.65970755448795 z final 0 6.32796926999006      xy final 2.584684800578086 xz final 2.5935796733554217 yz final -2.956159036773314 units box
Changing box ...
  triclinic box = (0 0 0) to (2.5431218 8.6681038 6.3262199) with tilt (2.5109225 2.5951129 -2.962825)
  triclinic box = (0 0 0) to (2.5431218 8.6597076 6.3262199) with tilt (2.5109225 2.5951129 -2.962825)
  triclinic box = (0 0 0) to (2.5431218 8.6597076 6.3279693) with tilt (2.5109225 2.5951129 -2.962825)
  triclinic box = (0 0 0) to (2.5431218 8.6597076 6.3279693) with tilt (2.5846848 2.5951129 -2.962825)
  triclinic box = (0 0 0) to (2.5431218 8.6597076 6.3279693) with tilt (2.5846848 2.5935797 -2.962825)
  triclinic box = (0 0 0) to (2.5431218 8.6597076 6.3279693) with tilt (2.5846848 2.5935797 -2.956159)
echo none
run 0
Per MPI rank memory allocation (min/avg/max) = 4.33 | 4.33 | 4.33 Mbytes
    PotEng          Pxx           E_mol          E_coul    
-77.017102      380.81458      0              0            
Loop time of 1.477e-06 on 1 procs for 0 steps with 18 atoms

880.2% CPU use with 1 MPI tasks x 1 OpenMP threads

MPI task timing breakdown:
Section |  min time  |  avg time  |  max time  |%varavg| %total
---------------------------------------------------------------
Pair    | 0          | 0          | 0          |   0.0 |  0.00
Neigh   | 0          | 0          | 0          |   0.0 |  0.00
Comm    | 0          | 0          | 0          |   0.0 |  0.00
Output  | 0          | 0          | 0          |   0.0 |  0.00
Modify  | 0          | 0          | 0          |   0.0 |  0.00
Other   |            | 1.477e-06  |            |       |100.00

Nlocal:             18 ave          18 max          18 min
Histogram: 1 0 0 0 0 0 0 0 0 0
Nghost:           4516 ave        4516 max        4516 min
Histogram: 1 0 0 0 0 0 0 0 0 0
Neighs:              0 ave           0 max           0 min
Histogram: 1 0 0 0 0 0 0 0 0 0
FullNghs:        17624 ave       17624 max       17624 min
Histogram: 1 0 0 0 0 0 0 0 0 0

Total # of neighbors = 17624
Ave neighs/atom = 979.11111
Neighbor list builds = 0
Dangerous builds = 0
set atom * x 0.0 y 0.0 z 0.0
Setting atom values ...
  18 settings made for x
  18 settings made for y
  18 settings made for z
change_box all     x final 0 2.5431217701105666 y final 0 8.659707554487948 z final 0 6.327969269990058      xy final 2.584684800578082 xz final 2.593579673355419 yz final -2.9561590367733133 units box
Changing box ...
  triclinic box = (0 0 0) to (2.5431218 8.6597076 6.3279693) with tilt (2.5846848 2.5935797 -2.956159)
  triclinic box = (0 0 0) to (2.5431218 8.6597076 6.3279693) with tilt (2.5846848 2.5935797 -2.956159)
  triclinic box = (0 0 0) to (2.5431218 8.6597076 6.3279693) with tilt (2.5846848 2.5935797 -2.956159)
  triclinic box = (0 0 0) to (2.5431218 8.6597076 6.3279693) with tilt (2.5846848 2.5935797 -2.956159)
  triclinic box = (0 0 0) to (2.5431218 8.6597076 6.3279693) with tilt (2.5846848 2.5935797 -2.956159)
  triclinic box = (0 0 0) to (2.5431218 8.6597076 6.3279693) with tilt (2.5846848 2.5935797 -2.956159)
echo none
run 0
Per MPI rank memory allocation (min/avg/max) = 4.33 | 4.33 | 4.33 Mbytes
    PotEng          Pxx           E_mol          E_coul    
-77.017102      380.81458      0              0            
Loop time of 1.253e-06 on 1 procs for 0 steps with 18 atoms

798.1% CPU use with 1 MPI tasks x 1 OpenMP threads

MPI task timing breakdown:
Section |  min time  |  avg time  |  max time  |%varavg| %total
---------------------------------------------------------------
Pair    | 0          | 0          | 0          |   0.0 |  0.00
Neigh   | 0          | 0          | 0          |   0.0 |  0.00
Comm    | 0          | 0          | 0          |   0.0 |  0.00
Output  | 0          | 0          | 0          |   0.0 |  0.00
Modify  | 0          | 0          | 0          |   0.0 |  0.00
Other   |            | 1.253e-06  |            |       |100.00

Nlocal:             18 ave          18 max          18 min
Histogram: 1 0 0 0 0 0 0 0 0 0
Nghost:           4516 ave        4516 max        4516 min
Histogram: 1 0 0 0 0 0 0 0 0 0
Neighs:              0 ave           0 max           0 min
Histogram: 1 0 0 0 0 0 0 0 0 0
FullNghs:        17624 ave       17624 max       17624 min
Histogram: 1 0 0 0 0 0 0 0 0 0

Total # of neighbors = 17624
Ave neighs/atom = 979.11111
Neighbor list builds = 0
Dangerous builds = 0
set atom * x 0.0 y 0.0 z 0.0
Setting atom values ...
  18 settings made for x
  18 settings made for y
  18 settings made for z
change_box all     x final 0 2.5432946629047413 y final 0 8.655204535645254 z final 0 6.330178614216006      xy final 2.6483142271816287 xz final 2.6115781648781287 yz final -2.9667060628692488 units box
Changing box ...
  triclinic box = (0 0 0) to (2.5432947 8.6597076 6.3279693) with tilt (2.5846848 2.5935797 -2.956159)
  triclinic box = (0 0 0) to (2.5432947 8.6552045 6.3279693) with tilt (2.5846848 2.5935797 -2.956159)
  triclinic box = (0 0 0) to (2.5432947 8.6552045 6.3301786) with tilt (2.5846848 2.5935797 -2.956159)
  triclinic box = (0 0 0) to (2.5432947 8.6552045 6.3301786) with tilt (2.6483142 2.5935797 -2.956159)
  triclinic box = (0 0 0) to (2.5432947 8.6552045 6.3301786) with tilt (2.6483142 2.6115782 -2.956159)
  triclinic box = (0 0 0) to (2.5432947 8.6552045 6.3301786) with tilt (2.6483142 2.6115782 -2.9667061)
echo none
run 0
Per MPI rank memory allocation (min/avg/max) = 4.33 | 4.33 | 4.33 Mbytes
    PotEng          Pxx           E_mol          E_coul    
-77.017397     -10.386535      0              0            
Loop time of 1.654e-06 on 1 procs for 0 steps with 18 atoms

906.9% CPU use with 1 MPI tasks x 1 OpenMP threads

MPI task timing breakdown:
Section |  min time  |  avg time  |  max time  |%varavg| %total
---------------------------------------------------------------
Pair    | 0          | 0          | 0          |   0.0 |  0.00
Neigh   | 0          | 0          | 0          |   0.0 |  0.00
Comm    | 0          | 0          | 0          |   0.0 |  0.00
Output  | 0          | 0          | 0          |   0.0 |  0.00
Modify  | 0          | 0          | 0          |   0.0 |  0.00
Other   |            | 1.654e-06  |            |       |100.00

Nlocal:             18 ave          18 max          18 min
Histogram: 1 0 0 0 0 0 0 0 0 0
Nghost:           4536 ave        4536 max        4536 min
Histogram: 1 0 0 0 0 0 0 0 0 0
Neighs:              0 ave           0 max           0 min
Histogram: 1 0 0 0 0 0 0 0 0 0
FullNghs:        17628 ave       17628 max       17628 min
Histogram: 1 0 0 0 0 0 0 0 0 0

Total # of neighbors = 17628
Ave neighs/atom = 979.33333
Neighbor list builds = 0
Dangerous builds = 0
set atom * x 0.0 y 0.0 z 0.0
Setting atom values ...
  18 settings made for x
  18 settings made for y
  18 settings made for z
change_box all     x final 0 2.5432946629047413 y final 0 8.655204535645254 z final 0 6.330178614216012      xy final 2.648314227181628 xz final 2.611578164878127 yz final -2.9667060628692425 units box
Changing box ...
  triclinic box = (0 0 0) to (2.5432947 8.6552045 6.3301786) with tilt (2.6483142 2.6115782 -2.9667061)
  triclinic box = (0 0 0) to (2.5432947 8.6552045 6.3301786) with tilt (2.6483142 2.6115782 -2.9667061)
  triclinic box = (0 0 0) to (2.5432947 8.6552045 6.3301786) with tilt (2.6483142 2.6115782 -2.9667061)
  triclinic box = (0 0 0) to (2.5432947 8.6552045 6.3301786) with tilt (2.6483142 2.6115782 -2.9667061)
  triclinic box = (0 0 0) to (2.5432947 8.6552045 6.3301786) with tilt (2.6483142 2.6115782 -2.9667061)
  triclinic box = (0 0 0) to (2.5432947 8.6552045 6.3301786) with tilt (2.6483142 2.6115782 -2.9667061)
echo none
run 0
Per MPI rank memory allocation (min/avg/max) = 4.33 | 4.33 | 4.33 Mbytes
    PotEng          Pxx           E_mol          E_coul    
-77.017397     -10.386535      0              0            
Loop time of 1.084e-06 on 1 procs for 0 steps with 18 atoms

184.5% CPU use with 1 MPI tasks x 1 OpenMP threads

MPI task timing breakdown:
Section |  min time  |  avg time  |  max time  |%varavg| %total
---------------------------------------------------------------
Pair    | 0          | 0          | 0          |   0.0 |  0.00
Neigh   | 0          | 0          | 0          |   0.0 |  0.00
Comm    | 0          | 0          | 0          |   0.0 |  0.00
Output  | 0          | 0          | 0          |   0.0 |  0.00
Modify  | 0          | 0          | 0          |   0.0 |  0.00
Other   |            | 1.084e-06  |            |       |100.00

Nlocal:             18 ave          18 max          18 min
Histogram: 1 0 0 0 0 0 0 0 0 0
Nghost:           4536 ave        4536 max        4536 min
Histogram: 1 0 0 0 0 0 0 0 0 0
Neighs:              0 ave           0 max           0 min
Histogram: 1 0 0 0 0 0 0 0 0 0
FullNghs:        17628 ave       17628 max       17628 min
Histogram: 1 0 0 0 0 0 0 0 0 0

Total # of neighbors = 17628
Ave neighs/atom = 979.33333
Neighbor list builds = 0
Dangerous builds = 0
set atom * x 0.0 y 0.0 z 0.0
Setting atom values ...
  18 settings made for x
  18 settings made for y
  18 settings made for z
change_box all     x final 0 2.543030397113577 y final 0 8.650719774858002 z final 0 6.333831003532968      xy final 2.651980637089359 xz final 2.6182853759220963 yz final -2.964361355225889 units box
Changing box ...
  triclinic box = (0 0 0) to (2.5430304 8.6552045 6.3301786) with tilt (2.6483142 2.6115782 -2.9667061)
  triclinic box = (0 0 0) to (2.5430304 8.6507198 6.3301786) with tilt (2.6483142 2.6115782 -2.9667061)
  triclinic box = (0 0 0) to (2.5430304 8.6507198 6.333831) with tilt (2.6483142 2.6115782 -2.9667061)
  triclinic box = (0 0 0) to (2.5430304 8.6507198 6.333831) with tilt (2.6519806 2.6115782 -2.9667061)
  triclinic box = (0 0 0) to (2.5430304 8.6507198 6.333831) with tilt (2.6519806 2.6182854 -2.9667061)
  triclinic box = (0 0 0) to (2.5430304 8.6507198 6.333831) with tilt (2.6519806 2.6182854 -2.9643614)
echo none
run 0
Per MPI rank memory allocation (min/avg/max) = 4.33 | 4.33 | 4.33 Mbytes
    PotEng          Pxx           E_mol          E_coul    
-77.017599      304.11797      0              0            
Loop time of 1.382e-06 on 1 procs for 0 steps with 18 atoms

868.3% CPU use with 1 MPI tasks x 1 OpenMP threads

MPI task timing breakdown:
Section |  min time  |  avg time  |  max time  |%varavg| %total
---------------------------------------------------------------
Pair    | 0          | 0          | 0          |   0.0 |  0.00
Neigh   | 0          | 0          | 0          |   0.0 |  0.00
Comm    | 0          | 0          | 0          |   0.0 |  0.00
Output  | 0          | 0          | 0          |   0.0 |  0.00
Modify  | 0          | 0          | 0          |   0.0 |  0.00
Other   |            | 1.382e-06  |            |       |100.00

Nlocal:             18 ave          18 max          18 min
Histogram: 1 0 0 0 0 0 0 0 0 0
Nghost:           4536 ave        4536 max        4536 min
Histogram: 1 0 0 0 0 0 0 0 0 0
Neighs:              0 ave           0 max           0 min
Histogram: 1 0 0 0 0 0 0 0 0 0
FullNghs:        17626 ave       17626 max       17626 min
Histogram: 1 0 0 0 0 0 0 0 0 0

Total # of neighbors = 17626
Ave neighs/atom = 979.22222
Neighbor list builds = 0
Dangerous builds = 0
set atom * x 0.0 y 0.0 z 0.0
Setting atom values ...
  18 settings made for x
  18 settings made for y
  18 settings made for z
change_box all     x final 0 2.543030397113577 y final 0 8.650719774858 z final 0 6.333831003532968      xy final 2.651980637089361 xz final 2.618285375922099 yz final -2.9643613552258885 units box
Changing box ...
  triclinic box = (0 0 0) to (2.5430304 8.6507198 6.333831) with tilt (2.6519806 2.6182854 -2.9643614)
  triclinic box = (0 0 0) to (2.5430304 8.6507198 6.333831) with tilt (2.6519806 2.6182854 -2.9643614)
  triclinic box = (0 0 0) to (2.5430304 8.6507198 6.333831) with tilt (2.6519806 2.6182854 -2.9643614)
  triclinic box = (0 0 0) to (2.5430304 8.6507198 6.333831) with tilt (2.6519806 2.6182854 -2.9643614)
  triclinic box = (0 0 0) to (2.5430304 8.6507198 6.333831) with tilt (2.6519806 2.6182854 -2.9643614)
  triclinic box = (0 0 0) to (2.5430304 8.6507198 6.333831) with tilt (2.6519806 2.6182854 -2.9643614)
echo none
run 0
Per MPI rank memory allocation (min/avg/max) = 4.33 | 4.33 | 4.33 Mbytes
    PotEng          Pxx           E_mol          E_coul    
-77.017599      304.11797      0              0            
Loop time of 1.328e-06 on 1 procs for 0 steps with 18 atoms

1204.8% CPU use with 1 MPI tasks x 1 OpenMP threads

MPI task timing breakdown:
Section |  min time  |  avg time  |  max time  |%varavg| %total
---------------------------------------------------------------
Pair    | 0          | 0          | 0          |   0.0 |  0.00
Neigh   | 0          | 0          | 0          |   0.0 |  0.00
Comm    | 0          | 0          | 0          |   0.0 |  0.00
Output  | 0          | 0          | 0          |   0.0 |  0.00
Modify  | 0          | 0          | 0          |   0.0 |  0.00
Other   |            | 1.328e-06  |            |       |100.00

Nlocal:             18 ave          18 max          18 min
Histogram: 1 0 0 0 0 0 0 0 0 0
Nghost:           4536 ave        4536 max        4536 min
Histogram: 1 0 0 0 0 0 0 0 0 0
Neighs:              0 ave           0 max           0 min
Histogram: 1 0 0 0 0 0 0 0 0 0
FullNghs:        17626 ave       17626 max       17626 min
Histogram: 1 0 0 0 0 0 0 0 0 0

Total # of neighbors = 17626
Ave neighs/atom = 979.22222
Neighbor list builds = 0
Dangerous builds = 0
set atom * x 0.0 y 0.0 z 0.0
Setting atom values ...
  18 settings made for x
  18 settings made for y
  18 settings made for z
change_box all     x final 0 2.543347107582876 y final 0 8.64805148977395 z final 0 6.330183406023333      xy final 2.6765545123330883 xz final 2.636412192283278 yz final -2.958465996370556 units box
Changing box ...
  triclinic box = (0 0 0) to (2.5433471 8.6507198 6.333831) with tilt (2.6519806 2.6182854 -2.9643614)
  triclinic box = (0 0 0) to (2.5433471 8.6480515 6.333831) with tilt (2.6519806 2.6182854 -2.9643614)
  triclinic box = (0 0 0) to (2.5433471 8.6480515 6.3301834) with tilt (2.6519806 2.6182854 -2.9643614)
  triclinic box = (0 0 0) to (2.5433471 8.6480515 6.3301834) with tilt (2.6765545 2.6182854 -2.9643614)
  triclinic box = (0 0 0) to (2.5433471 8.6480515 6.3301834) with tilt (2.6765545 2.6364122 -2.9643614)
  triclinic box = (0 0 0) to (2.5433471 8.6480515 6.3301834) with tilt (2.6765545 2.6364122 -2.958466)
echo none
run 0
Per MPI rank memory allocation (min/avg/max) = 4.33 | 4.33 | 4.33 Mbytes
    PotEng          Pxx           E_mol          E_coul    
-77.017762     -84.83166       0              0            
Loop time of 1.154e-06 on 1 procs for 0 steps with 18 atoms

1126.5% CPU use with 1 MPI tasks x 1 OpenMP threads

MPI task timing breakdown:
Section |  min time  |  avg time  |  max time  |%varavg| %total
---------------------------------------------------------------
Pair    | 0          | 0          | 0          |   0.0 |  0.00
Neigh   | 0          | 0          | 0          |   0.0 |  0.00
Comm    | 0          | 0          | 0          |   0.0 |  0.00
Output  | 0          | 0          | 0          |   0.0 |  0.00
Modify  | 0          | 0          | 0          |   0.0 |  0.00
Other   |            | 1.154e-06  |            |       |100.00

Nlocal:             18 ave          18 max          18 min
Histogram: 1 0 0 0 0 0 0 0 0 0
Nghost:           4536 ave        4536 max        4536 min
Histogram: 1 0 0 0 0 0 0 0 0 0
Neighs:              0 ave           0 max           0 min
Histogram: 1 0 0 0 0 0 0 0 0 0
FullNghs:        17636 ave       17636 max       17636 min
Histogram: 1 0 0 0 0 0 0 0 0 0

Total # of neighbors = 17636
Ave neighs/atom = 979.77778
Neighbor list builds = 0
Dangerous builds = 0
set atom * x 0.0 y 0.0 z 0.0
Setting atom values ...
  18 settings made for x
  18 settings made for y
  18 settings made for z
change_box all     x final 0 2.5433471075828753 y final 0 8.64805148977395 z final 0 6.330183406023334      xy final 2.6765545123330874 xz final 2.636412192283279 yz final -2.9584659963705526 units box
Changing box ...
  triclinic box = (0 0 0) to (2.5433471 8.6480515 6.3301834) with tilt (2.6765545 2.6364122 -2.958466)
  triclinic box = (0 0 0) to (2.5433471 8.6480515 6.3301834) with tilt (2.6765545 2.6364122 -2.958466)
  triclinic box = (0 0 0) to (2.5433471 8.6480515 6.3301834) with tilt (2.6765545 2.6364122 -2.958466)
  triclinic box = (0 0 0) to (2.5433471 8.6480515 6.3301834) with tilt (2.6765545 2.6364122 -2.958466)
  triclinic box = (0 0 0) to (2.5433471 8.6480515 6.3301834) with tilt (2.6765545 2.6364122 -2.958466)
  triclinic box = (0 0 0) to (2.5433471 8.6480515 6.3301834) with tilt (2.6765545 2.6364122 -2.958466)
echo none
run 0
Per MPI rank memory allocation (min/avg/max) = 4.33 | 4.33 | 4.33 Mbytes
    PotEng          Pxx           E_mol          E_coul    
-77.017762     -84.83166       0              0            
Loop time of 1.414e-06 on 1 procs for 0 steps with 18 atoms

848.7% CPU use with 1 MPI tasks x 1 OpenMP threads

MPI task timing breakdown:
Section |  min time  |  avg time  |  max time  |%varavg| %total
---------------------------------------------------------------
Pair    | 0          | 0          | 0          |   0.0 |  0.00
Neigh   | 0          | 0          | 0          |   0.0 |  0.00
Comm    | 0          | 0          | 0          |   0.0 |  0.00
Output  | 0          | 0          | 0          |   0.0 |  0.00
Modify  | 0          | 0          | 0          |   0.0 |  0.00
Other   |            | 1.414e-06  |            |       |100.00

Nlocal:             18 ave          18 max          18 min
Histogram: 1 0 0 0 0 0 0 0 0 0
Nghost:           4536 ave        4536 max        4536 min
Histogram: 1 0 0 0 0 0 0 0 0 0
Neighs:              0 ave           0 max           0 min
Histogram: 1 0 0 0 0 0 0 0 0 0
FullNghs:        17636 ave       17636 max       17636 min
Histogram: 1 0 0 0 0 0 0 0 0 0

Total # of neighbors = 17636
Ave neighs/atom = 979.77778
Neighbor list builds = 0
Dangerous builds = 0
set atom * x 0.0 y 0.0 z 0.0
Setting atom values ...
  18 settings made for x
  18 settings made for y
  18 settings made for z
change_box all     x final 0 2.543299670122535 y final 0 8.641461331403558 z final 0 6.334236739424477      xy final 2.6765230404492097 xz final 2.6460545626963907 yz final -2.972199330092512 units box
Changing box ...
  triclinic box = (0 0 0) to (2.5432997 8.6480515 6.3301834) with tilt (2.6765545 2.6364122 -2.958466)
  triclinic box = (0 0 0) to (2.5432997 8.6414613 6.3301834) with tilt (2.6765545 2.6364122 -2.958466)
  triclinic box = (0 0 0) to (2.5432997 8.6414613 6.3342367) with tilt (2.6765545 2.6364122 -2.958466)
  triclinic box = (0 0 0) to (2.5432997 8.6414613 6.3342367) with tilt (2.676523 2.6364122 -2.958466)
  triclinic box = (0 0 0) to (2.5432997 8.6414613 6.3342367) with tilt (2.676523 2.6460546 -2.958466)
  triclinic box = (0 0 0) to (2.5432997 8.6414613 6.3342367) with tilt (2.676523 2.6460546 -2.9721993)
echo none
run 0
Per MPI rank memory allocation (min/avg/max) = 4.33 | 4.33 | 4.33 Mbytes
    PotEng          Pxx           E_mol          E_coul    
-77.017922      39.267425      0              0            
Loop time of 1.563e-06 on 1 procs for 0 steps with 18 atoms

767.8% CPU use with 1 MPI tasks x 1 OpenMP threads

MPI task timing breakdown:
Section |  min time  |  avg time  |  max time  |%varavg| %total
---------------------------------------------------------------
Pair    | 0          | 0          | 0          |   0.0 |  0.00
Neigh   | 0          | 0          | 0          |   0.0 |  0.00
Comm    | 0          | 0          | 0          |   0.0 |  0.00
Output  | 0          | 0          | 0          |   0.0 |  0.00
Modify  | 0          | 0          | 0          |   0.0 |  0.00
Other   |            | 1.563e-06  |            |       |100.00

Nlocal:             18 ave          18 max          18 min
Histogram: 1 0 0 0 0 0 0 0 0 0
Nghost:           4536 ave        4536 max        4536 min
Histogram: 1 0 0 0 0 0 0 0 0 0
Neighs:              0 ave           0 max           0 min
Histogram: 1 0 0 0 0 0 0 0 0 0
FullNghs:        17638 ave       17638 max       17638 min
Histogram: 1 0 0 0 0 0 0 0 0 0

Total # of neighbors = 17638
Ave neighs/atom = 979.88889
Neighbor list builds = 0
Dangerous builds = 0
set atom * x 0.0 y 0.0 z 0.0
Setting atom values ...
  18 settings made for x
  18 settings made for y
  18 settings made for z
change_box all     x final 0 2.5432996701225328 y final 0 8.641461331403558 z final 0 6.334236739424479      xy final 2.6765230404492066 xz final 2.6460545626963885 yz final -2.9721993300925087 units box
Changing box ...
  triclinic box = (0 0 0) to (2.5432997 8.6414613 6.3342367) with tilt (2.676523 2.6460546 -2.9721993)
  triclinic box = (0 0 0) to (2.5432997 8.6414613 6.3342367) with tilt (2.676523 2.6460546 -2.9721993)
  triclinic box = (0 0 0) to (2.5432997 8.6414613 6.3342367) with tilt (2.676523 2.6460546 -2.9721993)
  triclinic box = (0 0 0) to (2.5432997 8.6414613 6.3342367) with tilt (2.676523 2.6460546 -2.9721993)
  triclinic box = (0 0 0) to (2.5432997 8.6414613 6.3342367) with tilt (2.676523 2.6460546 -2.9721993)
  triclinic box = (0 0 0) to (2.5432997 8.6414613 6.3342367) with tilt (2.676523 2.6460546 -2.9721993)
echo none
run 0
Per MPI rank memory allocation (min/avg/max) = 4.33 | 4.33 | 4.33 Mbytes
    PotEng          Pxx           E_mol          E_coul    
-77.017922      39.267425      0              0            
Loop time of 1.651e-06 on 1 procs for 0 steps with 18 atoms

1090.2% CPU use with 1 MPI tasks x 1 OpenMP threads

MPI task timing breakdown:
Section |  min time  |  avg time  |  max time  |%varavg| %total
---------------------------------------------------------------
Pair    | 0          | 0          | 0          |   0.0 |  0.00
Neigh   | 0          | 0          | 0          |   0.0 |  0.00
Comm    | 0          | 0          | 0          |   0.0 |  0.00
Output  | 0          | 0          | 0          |   0.0 |  0.00
Modify  | 0          | 0          | 0          |   0.0 |  0.00
Other   |            | 1.651e-06  |            |       |100.00

Nlocal:             18 ave          18 max          18 min
Histogram: 1 0 0 0 0 0 0 0 0 0
Nghost:           4536 ave        4536 max        4536 min
Histogram: 1 0 0 0 0 0 0 0 0 0
Neighs:              0 ave           0 max           0 min
Histogram: 1 0 0 0 0 0 0 0 0 0
FullNghs:        17638 ave       17638 max       17638 min
Histogram: 1 0 0 0 0 0 0 0 0 0

Total # of neighbors = 17638
Ave neighs/atom = 979.88889
Neighbor list builds = 0
Dangerous builds = 0
set atom * x 0.0 y 0.0 z 0.0
Setting atom values ...
  18 settings made for x
  18 settings made for y
  18 settings made for z
change_box all     x final 0 2.5433024238684303 y final 0 8.636744772765695 z final 0 6.334282744766484      xy final 2.701078070474181 xz final 2.650789616924942 yz final -2.972076570561926 units box
Changing box ...
  triclinic box = (0 0 0) to (2.5433024 8.6414613 6.3342367) with tilt (2.676523 2.6460546 -2.9721993)
  triclinic box = (0 0 0) to (2.5433024 8.6367448 6.3342367) with tilt (2.676523 2.6460546 -2.9721993)
  triclinic box = (0 0 0) to (2.5433024 8.6367448 6.3342827) with tilt (2.676523 2.6460546 -2.9721993)
  triclinic box = (0 0 0) to (2.5433024 8.6367448 6.3342827) with tilt (2.7010781 2.6460546 -2.9721993)
  triclinic box = (0 0 0) to (2.5433024 8.6367448 6.3342827) with tilt (2.7010781 2.6507896 -2.9721993)
  triclinic box = (0 0 0) to (2.5433024 8.6367448 6.3342827) with tilt (2.7010781 2.6507896 -2.9720766)
echo none
run 0
Per MPI rank memory allocation (min/avg/max) = 4.33 | 4.33 | 4.33 Mbytes
    PotEng          Pxx           E_mol          E_coul    
-77.018081      47.486117      0              0            
Loop time of 2.173e-06 on 1 procs for 0 steps with 18 atoms

644.3% CPU use with 1 MPI tasks x 1 OpenMP threads

MPI task timing breakdown:
Section |  min time  |  avg time  |  max time  |%varavg| %total
---------------------------------------------------------------
Pair    | 0          | 0          | 0          |   0.0 |  0.00
Neigh   | 0          | 0          | 0          |   0.0 |  0.00
Comm    | 0          | 0          | 0          |   0.0 |  0.00
Output  | 0          | 0          | 0          |   0.0 |  0.00
Modify  | 0          | 0          | 0          |   0.0 |  0.00
Other   |            | 2.173e-06  |            |       |100.00

Nlocal:             18 ave          18 max          18 min
Histogram: 1 0 0 0 0 0 0 0 0 0
Nghost:           4536 ave        4536 max        4536 min
Histogram: 1 0 0 0 0 0 0 0 0 0
Neighs:              0 ave           0 max           0 min
Histogram: 1 0 0 0 0 0 0 0 0 0
FullNghs:        17652 ave       17652 max       17652 min
Histogram: 1 0 0 0 0 0 0 0 0 0

Total # of neighbors = 17652
Ave neighs/atom = 980.66667
Neighbor list builds = 0
Dangerous builds = 0
set atom * x 0.0 y 0.0 z 0.0
Setting atom values ...
  18 settings made for x
  18 settings made for y
  18 settings made for z
change_box all     x final 0 2.543312940138683 y final 0 8.632509776062433 z final 0 6.334318648482679      xy final 2.7230229646364124 xz final 2.6550315159857663 yz final -2.9719773177818123 units box
Changing box ...
  triclinic box = (0 0 0) to (2.5433129 8.6367448 6.3342827) with tilt (2.7010781 2.6507896 -2.9720766)
  triclinic box = (0 0 0) to (2.5433129 8.6325098 6.3342827) with tilt (2.7010781 2.6507896 -2.9720766)
  triclinic box = (0 0 0) to (2.5433129 8.6325098 6.3343186) with tilt (2.7010781 2.6507896 -2.9720766)
  triclinic box = (0 0 0) to (2.5433129 8.6325098 6.3343186) with tilt (2.723023 2.6507896 -2.9720766)
  triclinic box = (0 0 0) to (2.5433129 8.6325098 6.3343186) with tilt (2.723023 2.6550315 -2.9720766)
  triclinic box = (0 0 0) to (2.5433129 8.6325098 6.3343186) with tilt (2.723023 2.6550315 -2.9719773)
echo none
run 0
Per MPI rank memory allocation (min/avg/max) = 4.33 | 4.33 | 4.33 Mbytes
    PotEng          Pxx           E_mol          E_coul    
-77.018127      46.226114      0              0            
Loop time of 1.554e-06 on 1 procs for 0 steps with 18 atoms

900.9% CPU use with 1 MPI tasks x 1 OpenMP threads

MPI task timing breakdown:
Section |  min time  |  avg time  |  max time  |%varavg| %total
---------------------------------------------------------------
Pair    | 0          | 0          | 0          |   0.0 |  0.00
Neigh   | 0          | 0          | 0          |   0.0 |  0.00
Comm    | 0          | 0          | 0          |   0.0 |  0.00
Output  | 0          | 0          | 0          |   0.0 |  0.00
Modify  | 0          | 0          | 0          |   0.0 |  0.00
Other   |            | 1.554e-06  |            |       |100.00

Nlocal:             18 ave          18 max          18 min
Histogram: 1 0 0 0 0 0 0 0 0 0
Nghost:           4536 ave        4536 max        4536 min
Histogram: 1 0 0 0 0 0 0 0 0 0
Neighs:              0 ave           0 max           0 min
Histogram: 1 0 0 0 0 0 0 0 0 0
FullNghs:        17670 ave       17670 max       17670 min
Histogram: 1 0 0 0 0 0 0 0 0 0

Total # of neighbors = 17670
Ave neighs/atom = 981.66667
Neighbor list builds = 0
Dangerous builds = 0
set atom * x 0.0 y 0.0 z 0.0
Setting atom values ...
  18 settings made for x
  18 settings made for y
  18 settings made for z
change_box all     x final 0 2.5433129401386827 y final 0 8.632509776062435 z final 0 6.334318648482681      xy final 2.7230229646364124 xz final 2.6550315159857663 yz final -2.971977317781812 units box
Changing box ...
  triclinic box = (0 0 0) to (2.5433129 8.6325098 6.3343186) with tilt (2.723023 2.6550315 -2.9719773)
  triclinic box = (0 0 0) to (2.5433129 8.6325098 6.3343186) with tilt (2.723023 2.6550315 -2.9719773)
  triclinic box = (0 0 0) to (2.5433129 8.6325098 6.3343186) with tilt (2.723023 2.6550315 -2.9719773)
  triclinic box = (0 0 0) to (2.5433129 8.6325098 6.3343186) with tilt (2.723023 2.6550315 -2.9719773)
  triclinic box = (0 0 0) to (2.5433129 8.6325098 6.3343186) with tilt (2.723023 2.6550315 -2.9719773)
  triclinic box = (0 0 0) to (2.5433129 8.6325098 6.3343186) with tilt (2.723023 2.6550315 -2.9719773)
echo none
run 0
Per MPI rank memory allocation (min/avg/max) = 4.33 | 4.33 | 4.33 Mbytes
    PotEng          Pxx           E_mol          E_coul    
-77.018127      46.226114      0              0            
Loop time of 1.808e-06 on 1 procs for 0 steps with 18 atoms

1825.2% CPU use with 1 MPI tasks x 1 OpenMP threads

MPI task timing breakdown:
Section |  min time  |  avg time  |  max time  |%varavg| %total
---------------------------------------------------------------
Pair    | 0          | 0          | 0          |   0.0 |  0.00
Neigh   | 0          | 0          | 0          |   0.0 |  0.00
Comm    | 0          | 0          | 0          |   0.0 |  0.00
Output  | 0          | 0          | 0          |   0.0 |  0.00
Modify  | 0          | 0          | 0          |   0.0 |  0.00
Other   |            | 1.808e-06  |            |       |100.00

Nlocal:             18 ave          18 max          18 min
Histogram: 1 0 0 0 0 0 0 0 0 0
Nghost:           4536 ave        4536 max        4536 min
Histogram: 1 0 0 0 0 0 0 0 0 0
Neighs:              0 ave           0 max           0 min
Histogram: 1 0 0 0 0 0 0 0 0 0
FullNghs:        17670 ave       17670 max       17670 min
Histogram: 1 0 0 0 0 0 0 0 0 0

Total # of neighbors = 17670
Ave neighs/atom = 981.66667
Neighbor list builds = 0
Dangerous builds = 0
set atom * x 0.0 y 0.0 z 0.0
Setting atom values ...
  18 settings made for x
  18 settings made for y
  18 settings made for z
change_box all     x final 0 2.5432474702051726 y final 0 8.625840905064225 z final 0 6.339167014910037      xy final 2.7538205382908285 xz final 2.65569016896995 yz final -2.986001236126928 units box
Changing box ...
  triclinic box = (0 0 0) to (2.5432475 8.6325098 6.3343186) with tilt (2.723023 2.6550315 -2.9719773)
  triclinic box = (0 0 0) to (2.5432475 8.6258409 6.3343186) with tilt (2.723023 2.6550315 -2.9719773)
  triclinic box = (0 0 0) to (2.5432475 8.6258409 6.339167) with tilt (2.723023 2.6550315 -2.9719773)
  triclinic box = (0 0 0) to (2.5432475 8.6258409 6.339167) with tilt (2.7538205 2.6550315 -2.9719773)
  triclinic box = (0 0 0) to (2.5432475 8.6258409 6.339167) with tilt (2.7538205 2.6556902 -2.9719773)
  triclinic box = (0 0 0) to (2.5432475 8.6258409 6.339167) with tilt (2.7538205 2.6556902 -2.9860012)
echo none
run 0
Per MPI rank memory allocation (min/avg/max) = 4.331 | 4.331 | 4.331 Mbytes
    PotEng          Pxx           E_mol          E_coul    
-77.018284      112.08596      0              0            
Loop time of 1.534e-06 on 1 procs for 0 steps with 18 atoms

130.4% CPU use with 1 MPI tasks x 1 OpenMP threads

MPI task timing breakdown:
Section |  min time  |  avg time  |  max time  |%varavg| %total
---------------------------------------------------------------
Pair    | 0          | 0          | 0          |   0.0 |  0.00
Neigh   | 0          | 0          | 0          |   0.0 |  0.00
Comm    | 0          | 0          | 0          |   0.0 |  0.00
Output  | 0          | 0          | 0          |   0.0 |  0.00
Modify  | 0          | 0          | 0          |   0.0 |  0.00
Other   |            | 1.534e-06  |            |       |100.00

Nlocal:             18 ave          18 max          18 min
Histogram: 1 0 0 0 0 0 0 0 0 0
Nghost:           4576 ave        4576 max        4576 min
Histogram: 1 0 0 0 0 0 0 0 0 0
Neighs:              0 ave           0 max           0 min
Histogram: 1 0 0 0 0 0 0 0 0 0
FullNghs:        17678 ave       17678 max       17678 min
Histogram: 1 0 0 0 0 0 0 0 0 0

Total # of neighbors = 17678
Ave neighs/atom = 982.11111
Neighbor list builds = 0
Dangerous builds = 0
set atom * x 0.0 y 0.0 z 0.0
Setting atom values ...
  18 settings made for x
  18 settings made for y
  18 settings made for z
change_box all     x final 0 2.543182562951779 y final 0 8.616950698437618 z final 0 6.345587304248732      xy final 2.79464501223258 xz final 2.6565373770441867 yz final -3.004667070390519 units box
Changing box ...
  triclinic box = (0 0 0) to (2.5431826 8.6258409 6.339167) with tilt (2.7538205 2.6556902 -2.9860012)
  triclinic box = (0 0 0) to (2.5431826 8.6169507 6.339167) with tilt (2.7538205 2.6556902 -2.9860012)
  triclinic box = (0 0 0) to (2.5431826 8.6169507 6.3455873) with tilt (2.7538205 2.6556902 -2.9860012)
  triclinic box = (0 0 0) to (2.5431826 8.6169507 6.3455873) with tilt (2.794645 2.6556902 -2.9860012)
  triclinic box = (0 0 0) to (2.5431826 8.6169507 6.3455873) with tilt (2.794645 2.6565374 -2.9860012)
  triclinic box = (0 0 0) to (2.5431826 8.6169507 6.3455873) with tilt (2.794645 2.6565374 -3.0046671)
echo none
run 0
Per MPI rank memory allocation (min/avg/max) = 4.331 | 4.331 | 4.331 Mbytes
    PotEng          Pxx           E_mol          E_coul    
-77.018351      172.09236      0              0            
Loop time of 1.725e-06 on 1 procs for 0 steps with 18 atoms

1043.5% CPU use with 1 MPI tasks x 1 OpenMP threads

MPI task timing breakdown:
Section |  min time  |  avg time  |  max time  |%varavg| %total
---------------------------------------------------------------
Pair    | 0          | 0          | 0          |   0.0 |  0.00
Neigh   | 0          | 0          | 0          |   0.0 |  0.00
Comm    | 0          | 0          | 0          |   0.0 |  0.00
Output  | 0          | 0          | 0          |   0.0 |  0.00
Modify  | 0          | 0          | 0          |   0.0 |  0.00
Other   |            | 1.725e-06  |            |       |100.00

Nlocal:             18 ave          18 max          18 min
Histogram: 1 0 0 0 0 0 0 0 0 0
Nghost:           4576 ave        4576 max        4576 min
Histogram: 1 0 0 0 0 0 0 0 0 0
Neighs:              0 ave           0 max           0 min
Histogram: 1 0 0 0 0 0 0 0 0 0
FullNghs:        17680 ave       17680 max       17680 min
Histogram: 1 0 0 0 0 0 0 0 0 0

Total # of neighbors = 17680
Ave neighs/atom = 982.22222
Neighbor list builds = 0
Dangerous builds = 0
set atom * x 0.0 y 0.0 z 0.0
Setting atom values ...
  18 settings made for x
  18 settings made for y
  18 settings made for z
change_box all     x final 0 2.54318256295178 y final 0 8.616950698437618 z final 0 6.345587304248733      xy final 2.7946450122325825 xz final 2.6565373770441902 yz final -3.004667070390517 units box
Changing box ...
  triclinic box = (0 0 0) to (2.5431826 8.6169507 6.3455873) with tilt (2.794645 2.6565374 -3.0046671)
  triclinic box = (0 0 0) to (2.5431826 8.6169507 6.3455873) with tilt (2.794645 2.6565374 -3.0046671)
  triclinic box = (0 0 0) to (2.5431826 8.6169507 6.3455873) with tilt (2.794645 2.6565374 -3.0046671)
  triclinic box = (0 0 0) to (2.5431826 8.6169507 6.3455873) with tilt (2.794645 2.6565374 -3.0046671)
  triclinic box = (0 0 0) to (2.5431826 8.6169507 6.3455873) with tilt (2.794645 2.6565374 -3.0046671)
  triclinic box = (0 0 0) to (2.5431826 8.6169507 6.3455873) with tilt (2.794645 2.6565374 -3.0046671)
echo none
run 0
Per MPI rank memory allocation (min/avg/max) = 4.331 | 4.331 | 4.331 Mbytes
    PotEng          Pxx           E_mol          E_coul    
-77.018351      172.09236      0              0            
Loop time of 1.534e-06 on 1 procs for 0 steps with 18 atoms

651.9% CPU use with 1 MPI tasks x 1 OpenMP threads

MPI task timing breakdown:
Section |  min time  |  avg time  |  max time  |%varavg| %total
---------------------------------------------------------------
Pair    | 0          | 0          | 0          |   0.0 |  0.00
Neigh   | 0          | 0          | 0          |   0.0 |  0.00
Comm    | 0          | 0          | 0          |   0.0 |  0.00
Output  | 0          | 0          | 0          |   0.0 |  0.00
Modify  | 0          | 0          | 0          |   0.0 |  0.00
Other   |            | 1.534e-06  |            |       |100.00

Nlocal:             18 ave          18 max          18 min
Histogram: 1 0 0 0 0 0 0 0 0 0
Nghost:           4576 ave        4576 max        4576 min
Histogram: 1 0 0 0 0 0 0 0 0 0
Neighs:              0 ave           0 max           0 min
Histogram: 1 0 0 0 0 0 0 0 0 0
FullNghs:        17680 ave       17680 max       17680 min
Histogram: 1 0 0 0 0 0 0 0 0 0

Total # of neighbors = 17680
Ave neighs/atom = 982.22222
Neighbor list builds = 0
Dangerous builds = 0
set atom * x 0.0 y 0.0 z 0.0
Setting atom values ...
  18 settings made for x
  18 settings made for y
  18 settings made for z
change_box all     x final 0 2.5431603871474704 y final 0 8.612375718514864 z final 0 6.347618980566959      xy final 2.8315566692346756 xz final 2.6658081121641444 yz final -3.0175107619010797 units box
Changing box ...
  triclinic box = (0 0 0) to (2.5431604 8.6169507 6.3455873) with tilt (2.794645 2.6565374 -3.0046671)
  triclinic box = (0 0 0) to (2.5431604 8.6123757 6.3455873) with tilt (2.794645 2.6565374 -3.0046671)
  triclinic box = (0 0 0) to (2.5431604 8.6123757 6.347619) with tilt (2.794645 2.6565374 -3.0046671)
  triclinic box = (0 0 0) to (2.5431604 8.6123757 6.347619) with tilt (2.8315567 2.6565374 -3.0046671)
  triclinic box = (0 0 0) to (2.5431604 8.6123757 6.347619) with tilt (2.8315567 2.6658081 -3.0046671)
  triclinic box = (0 0 0) to (2.5431604 8.6123757 6.347619) with tilt (2.8315567 2.6658081 -3.0175108)
echo none
run 0
Per MPI rank memory allocation (min/avg/max) = 4.331 | 4.331 | 4.331 Mbytes
    PotEng          Pxx           E_mol          E_coul    
-77.018494      83.304421      0              0            
Loop time of 1.612e-06 on 1 procs for 0 steps with 18 atoms

620.3% CPU use with 1 MPI tasks x 1 OpenMP threads

MPI task timing breakdown:
Section |  min time  |  avg time  |  max time  |%varavg| %total
---------------------------------------------------------------
Pair    | 0          | 0          | 0          |   0.0 |  0.00
Neigh   | 0          | 0          | 0          |   0.0 |  0.00
Comm    | 0          | 0          | 0          |   0.0 |  0.00
Output  | 0          | 0          | 0          |   0.0 |  0.00
Modify  | 0          | 0          | 0          |   0.0 |  0.00
Other   |            | 1.612e-06  |            |       |100.00

Nlocal:             18 ave          18 max          18 min
Histogram: 1 0 0 0 0 0 0 0 0 0
Nghost:           4576 ave        4576 max        4576 min
Histogram: 1 0 0 0 0 0 0 0 0 0
Neighs:              0 ave           0 max           0 min
Histogram: 1 0 0 0 0 0 0 0 0 0
FullNghs:        17674 ave       17674 max       17674 min
Histogram: 1 0 0 0 0 0 0 0 0 0

Total # of neighbors = 17674
Ave neighs/atom = 981.88889
Neighbor list builds = 0
Dangerous builds = 0
set atom * x 0.0 y 0.0 z 0.0
Setting atom values ...
  18 settings made for x
  18 settings made for y
  18 settings made for z
change_box all     x final 0 2.543313286246444 y final 0 8.593653215344832 z final 0 6.3554788929161194      xy final 2.978790972372135 xz final 2.7028309365924787 yz final -3.0693416436923853 units box
Changing box ...
  triclinic box = (0 0 0) to (2.5433133 8.6123757 6.347619) with tilt (2.8315567 2.6658081 -3.0175108)
  triclinic box = (0 0 0) to (2.5433133 8.5936532 6.347619) with tilt (2.8315567 2.6658081 -3.0175108)
  triclinic box = (0 0 0) to (2.5433133 8.5936532 6.3554789) with tilt (2.8315567 2.6658081 -3.0175108)
  triclinic box = (0 0 0) to (2.5433133 8.5936532 6.3554789) with tilt (2.978791 2.6658081 -3.0175108)
  triclinic box = (0 0 0) to (2.5433133 8.5936532 6.3554789) with tilt (2.978791 2.7028309 -3.0175108)
  triclinic box = (0 0 0) to (2.5433133 8.5936532 6.3554789) with tilt (2.978791 2.7028309 -3.0693416)
echo none
run 0
Per MPI rank memory allocation (min/avg/max) = 4.335 | 4.335 | 4.335 Mbytes
    PotEng          Pxx           E_mol          E_coul    
-77.018179     -526.00077      0              0            
Loop time of 1.661e-06 on 1 procs for 0 steps with 18 atoms

481.6% CPU use with 1 MPI tasks x 1 OpenMP threads

MPI task timing breakdown:
Section |  min time  |  avg time  |  max time  |%varavg| %total
---------------------------------------------------------------
Pair    | 0          | 0          | 0          |   0.0 |  0.00
Neigh   | 0          | 0          | 0          |   0.0 |  0.00
Comm    | 0          | 0          | 0          |   0.0 |  0.00
Output  | 0          | 0          | 0          |   0.0 |  0.00
Modify  | 0          | 0          | 0          |   0.0 |  0.00
Other   |            | 1.661e-06  |            |       |100.00

Nlocal:             18 ave          18 max          18 min
Histogram: 1 0 0 0 0 0 0 0 0 0
Nghost:           4657 ave        4657 max        4657 min
Histogram: 1 0 0 0 0 0 0 0 0 0
Neighs:              0 ave           0 max           0 min
Histogram: 1 0 0 0 0 0 0 0 0 0
FullNghs:        17710 ave       17710 max       17710 min
Histogram: 1 0 0 0 0 0 0 0 0 0

Total # of neighbors = 17710
Ave neighs/atom = 983.88889
Neighbor list builds = 0
Dangerous builds = 0
set atom * x 0.0 y 0.0 z 0.0
Setting atom values ...
  18 settings made for x
  18 settings made for y
  18 settings made for z
change_box all     x final 0 2.5431638158334047 y final 0 8.607334685029437 z final 0 6.349805713573044      xy final 2.871789026282559 xz final 2.67591774444717 yz final -3.031578440042739 units box
Changing box ...
  triclinic box = (0 0 0) to (2.5431638 8.5936532 6.3554789) with tilt (2.978791 2.7028309 -3.0693416)
  triclinic box = (0 0 0) to (2.5431638 8.6073347 6.3554789) with tilt (2.978791 2.7028309 -3.0693416)
  triclinic box = (0 0 0) to (2.5431638 8.6073347 6.3498057) with tilt (2.978791 2.7028309 -3.0693416)
  triclinic box = (0 0 0) to (2.5431638 8.6073347 6.3498057) with tilt (2.871789 2.7028309 -3.0693416)
  triclinic box = (0 0 0) to (2.5431638 8.6073347 6.3498057) with tilt (2.871789 2.6759177 -3.0693416)
  triclinic box = (0 0 0) to (2.5431638 8.6073347 6.3498057) with tilt (2.871789 2.6759177 -3.0315784)
echo none
run 0
Per MPI rank memory allocation (min/avg/max) = 4.335 | 4.335 | 4.335 Mbytes
    PotEng          Pxx           E_mol          E_coul    
-77.018547     -42.741239      0              0            
Loop time of 1.96e-06 on 1 procs for 0 steps with 18 atoms

612.2% CPU use with 1 MPI tasks x 1 OpenMP threads

MPI task timing breakdown:
Section |  min time  |  avg time  |  max time  |%varavg| %total
---------------------------------------------------------------
Pair    | 0          | 0          | 0          |   0.0 |  0.00
Neigh   | 0          | 0          | 0          |   0.0 |  0.00
Comm    | 0          | 0          | 0          |   0.0 |  0.00
Output  | 0          | 0          | 0          |   0.0 |  0.00
Modify  | 0          | 0          | 0          |   0.0 |  0.00
Other   |            | 1.96e-06   |            |       |100.00

Nlocal:             18 ave          18 max          18 min
Histogram: 1 0 0 0 0 0 0 0 0 0
Nghost:           4576 ave        4576 max        4576 min
Histogram: 1 0 0 0 0 0 0 0 0 0
Neighs:              0 ave           0 max           0 min
Histogram: 1 0 0 0 0 0 0 0 0 0
FullNghs:        17676 ave       17676 max       17676 min
Histogram: 1 0 0 0 0 0 0 0 0 0

Total # of neighbors = 17676
Ave neighs/atom = 982
Neighbor list builds = 0
Dangerous builds = 0
set atom * x 0.0 y 0.0 z 0.0
Setting atom values ...
  18 settings made for x
  18 settings made for y
  18 settings made for z
change_box all     x final 0 2.5431638158334064 y final 0 8.60733468502944 z final 0 6.349805713573044      xy final 2.8717890262825603 xz final 2.6759177444471733 yz final -3.0315784400427366 units box
Changing box ...
  triclinic box = (0 0 0) to (2.5431638 8.6073347 6.3498057) with tilt (2.871789 2.6759177 -3.0315784)
  triclinic box = (0 0 0) to (2.5431638 8.6073347 6.3498057) with tilt (2.871789 2.6759177 -3.0315784)
  triclinic box = (0 0 0) to (2.5431638 8.6073347 6.3498057) with tilt (2.871789 2.6759177 -3.0315784)
  triclinic box = (0 0 0) to (2.5431638 8.6073347 6.3498057) with tilt (2.871789 2.6759177 -3.0315784)
  triclinic box = (0 0 0) to (2.5431638 8.6073347 6.3498057) with tilt (2.871789 2.6759177 -3.0315784)
  triclinic box = (0 0 0) to (2.5431638 8.6073347 6.3498057) with tilt (2.871789 2.6759177 -3.0315784)
echo none
run 0
Per MPI rank memory allocation (min/avg/max) = 4.335 | 4.335 | 4.335 Mbytes
    PotEng          Pxx           E_mol          E_coul    
-77.018547     -42.741239      0              0            
Loop time of 1.752e-06 on 1 procs for 0 steps with 18 atoms

1198.6% CPU use with 1 MPI tasks x 1 OpenMP threads

MPI task timing breakdown:
Section |  min time  |  avg time  |  max time  |%varavg| %total
---------------------------------------------------------------
Pair    | 0          | 0          | 0          |   0.0 |  0.00
Neigh   | 0          | 0          | 0          |   0.0 |  0.00
Comm    | 0          | 0          | 0          |   0.0 |  0.00
Output  | 0          | 0          | 0          |   0.0 |  0.00
Modify  | 0          | 0          | 0          |   0.0 |  0.00
Other   |            | 1.752e-06  |            |       |100.00

Nlocal:             18 ave          18 max          18 min
Histogram: 1 0 0 0 0 0 0 0 0 0
Nghost:           4576 ave        4576 max        4576 min
Histogram: 1 0 0 0 0 0 0 0 0 0
Neighs:              0 ave           0 max           0 min
Histogram: 1 0 0 0 0 0 0 0 0 0
FullNghs:        17676 ave       17676 max       17676 min
Histogram: 1 0 0 0 0 0 0 0 0 0

Total # of neighbors = 17676
Ave neighs/atom = 982
Neighbor list builds = 0
Dangerous builds = 0
set atom * x 0.0 y 0.0 z 0.0
Setting atom values ...
  18 settings made for x
  18 settings made for y
  18 settings made for z
change_box all     x final 0 2.543154720699274 y final 0 8.604528728498703 z final 0 6.348374524789641      xy final 2.90844471629515 xz final 2.699602065756626 yz final -3.041869841354254 units box
Changing box ...
  triclinic box = (0 0 0) to (2.5431547 8.6073347 6.3498057) with tilt (2.871789 2.6759177 -3.0315784)
  triclinic box = (0 0 0) to (2.5431547 8.6045287 6.3498057) with tilt (2.871789 2.6759177 -3.0315784)
  triclinic box = (0 0 0) to (2.5431547 8.6045287 6.3483745) with tilt (2.871789 2.6759177 -3.0315784)
  triclinic box = (0 0 0) to (2.5431547 8.6045287 6.3483745) with tilt (2.9084447 2.6759177 -3.0315784)
  triclinic box = (0 0 0) to (2.5431547 8.6045287 6.3483745) with tilt (2.9084447 2.6996021 -3.0315784)
  triclinic box = (0 0 0) to (2.5431547 8.6045287 6.3483745) with tilt (2.9084447 2.6996021 -3.0418698)
echo none
run 0
Per MPI rank memory allocation (min/avg/max) = 4.335 | 4.335 | 4.335 Mbytes
    PotEng          Pxx           E_mol          E_coul    
-77.018756     -1.0604912      0              0            
Loop time of 1.291e-06 on 1 procs for 0 steps with 18 atoms

154.9% CPU use with 1 MPI tasks x 1 OpenMP threads

MPI task timing breakdown:
Section |  min time  |  avg time  |  max time  |%varavg| %total
---------------------------------------------------------------
Pair    | 0          | 0          | 0          |   0.0 |  0.00
Neigh   | 0          | 0          | 0          |   0.0 |  0.00
Comm    | 0          | 0          | 0          |   0.0 |  0.00
Output  | 0          | 0          | 0          |   0.0 |  0.00
Modify  | 0          | 0          | 0          |   0.0 |  0.00
Other   |            | 1.291e-06  |            |       |100.00

Nlocal:             18 ave          18 max          18 min
Histogram: 1 0 0 0 0 0 0 0 0 0
Nghost:           4592 ave        4592 max        4592 min
Histogram: 1 0 0 0 0 0 0 0 0 0
Neighs:              0 ave           0 max           0 min
Histogram: 1 0 0 0 0 0 0 0 0 0
FullNghs:        17702 ave       17702 max       17702 min
Histogram: 1 0 0 0 0 0 0 0 0 0

Total # of neighbors = 17702
Ave neighs/atom = 983.44444
Neighbor list builds = 0
Dangerous builds = 0
set atom * x 0.0 y 0.0 z 0.0
Setting atom values ...
  18 settings made for x
  18 settings made for y
  18 settings made for z
change_box all     x final 0 2.543492774124895 y final 0 8.592891675549204 z final 0 6.342030995656496      xy final 3.0548077813922605 xz final 2.794395228225273 yz final -3.0837532156070173 units box
Changing box ...
  triclinic box = (0 0 0) to (2.5434928 8.6045287 6.3483745) with tilt (2.9084447 2.6996021 -3.0418698)
  triclinic box = (0 0 0) to (2.5434928 8.5928917 6.3483745) with tilt (2.9084447 2.6996021 -3.0418698)
  triclinic box = (0 0 0) to (2.5434928 8.5928917 6.342031) with tilt (2.9084447 2.6996021 -3.0418698)
  triclinic box = (0 0 0) to (2.5434928 8.5928917 6.342031) with tilt (3.0548078 2.6996021 -3.0418698)
  triclinic box = (0 0 0) to (2.5434928 8.5928917 6.342031) with tilt (3.0548078 2.7943952 -3.0418698)
  triclinic box = (0 0 0) to (2.5434928 8.5928917 6.342031) with tilt (3.0548078 2.7943952 -3.0837532)
echo none
run 0
Per MPI rank memory allocation (min/avg/max) = 4.335 | 4.335 | 4.335 Mbytes
    PotEng          Pxx           E_mol          E_coul    
-77.018932     -277.43144      0              0            
Loop time of 1.356e-06 on 1 procs for 0 steps with 18 atoms

737.5% CPU use with 1 MPI tasks x 1 OpenMP threads

MPI task timing breakdown:
Section |  min time  |  avg time  |  max time  |%varavg| %total
---------------------------------------------------------------
Pair    | 0          | 0          | 0          |   0.0 |  0.00
Neigh   | 0          | 0          | 0          |   0.0 |  0.00
Comm    | 0          | 0          | 0          |   0.0 |  0.00
Output  | 0          | 0          | 0          |   0.0 |  0.00
Modify  | 0          | 0          | 0          |   0.0 |  0.00
Other   |            | 1.356e-06  |            |       |100.00

Nlocal:             18 ave          18 max          18 min
Histogram: 1 0 0 0 0 0 0 0 0 0
Nghost:           4697 ave        4697 max        4697 min
Histogram: 1 0 0 0 0 0 0 0 0 0
Neighs:              0 ave           0 max           0 min
Histogram: 1 0 0 0 0 0 0 0 0 0
FullNghs:        17768 ave       17768 max       17768 min
Histogram: 1 0 0 0 0 0 0 0 0 0

Total # of neighbors = 17768
Ave neighs/atom = 987.11111
Neighbor list builds = 0
Dangerous builds = 0
set atom * x 0.0 y 0.0 z 0.0
Setting atom values ...
  18 settings made for x
  18 settings made for y
  18 settings made for z
change_box all     x final 0 2.543492774124897 y final 0 8.592891675549206 z final 0 6.342030995656499      xy final 3.0548077813922623 xz final 2.794395228225274 yz final -3.083753215607011 units box
Changing box ...
  triclinic box = (0 0 0) to (2.5434928 8.5928917 6.342031) with tilt (3.0548078 2.7943952 -3.0837532)
  triclinic box = (0 0 0) to (2.5434928 8.5928917 6.342031) with tilt (3.0548078 2.7943952 -3.0837532)
  triclinic box = (0 0 0) to (2.5434928 8.5928917 6.342031) with tilt (3.0548078 2.7943952 -3.0837532)
  triclinic box = (0 0 0) to (2.5434928 8.5928917 6.342031) with tilt (3.0548078 2.7943952 -3.0837532)
  triclinic box = (0 0 0) to (2.5434928 8.5928917 6.342031) with tilt (3.0548078 2.7943952 -3.0837532)
  triclinic box = (0 0 0) to (2.5434928 8.5928917 6.342031) with tilt (3.0548078 2.7943952 -3.0837532)
echo none
run 0
Per MPI rank memory allocation (min/avg/max) = 4.335 | 4.335 | 4.335 Mbytes
    PotEng          Pxx           E_mol          E_coul    
-77.018932     -277.43144      0              0            
Loop time of 1.361e-06 on 1 procs for 0 steps with 18 atoms

147.0% CPU use with 1 MPI tasks x 1 OpenMP threads

MPI task timing breakdown:
Section |  min time  |  avg time  |  max time  |%varavg| %total
---------------------------------------------------------------
Pair    | 0          | 0          | 0          |   0.0 |  0.00
Neigh   | 0          | 0          | 0          |   0.0 |  0.00
Comm    | 0          | 0          | 0          |   0.0 |  0.00
Output  | 0          | 0          | 0          |   0.0 |  0.00
Modify  | 0          | 0          | 0          |   0.0 |  0.00
Other   |            | 1.361e-06  |            |       |100.00

Nlocal:             18 ave          18 max          18 min
Histogram: 1 0 0 0 0 0 0 0 0 0
Nghost:           4697 ave        4697 max        4697 min
Histogram: 1 0 0 0 0 0 0 0 0 0
Neighs:              0 ave           0 max           0 min
Histogram: 1 0 0 0 0 0 0 0 0 0
FullNghs:        17768 ave       17768 max       17768 min
Histogram: 1 0 0 0 0 0 0 0 0 0

Total # of neighbors = 17768
Ave neighs/atom = 987.11111
Neighbor list builds = 0
Dangerous builds = 0
set atom * x 0.0 y 0.0 z 0.0
Setting atom values ...
  18 settings made for x
  18 settings made for y
  18 settings made for z
change_box all     x final 0 2.544043220958886 y final 0 8.58070777807471 z final 0 6.351039997038097      xy final 3.136478562759333 xz final 2.827905813937388 yz final -3.1136437190243478 units box
Changing box ...
  triclinic box = (0 0 0) to (2.5440432 8.5928917 6.342031) with tilt (3.0548078 2.7943952 -3.0837532)
  triclinic box = (0 0 0) to (2.5440432 8.5807078 6.342031) with tilt (3.0548078 2.7943952 -3.0837532)
  triclinic box = (0 0 0) to (2.5440432 8.5807078 6.35104) with tilt (3.0548078 2.7943952 -3.0837532)
  triclinic box = (0 0 0) to (2.5440432 8.5807078 6.35104) with tilt (3.1364786 2.7943952 -3.0837532)
  triclinic box = (0 0 0) to (2.5440432 8.5807078 6.35104) with tilt (3.1364786 2.8279058 -3.0837532)
  triclinic box = (0 0 0) to (2.5440432 8.5807078 6.35104) with tilt (3.1364786 2.8279058 -3.1136437)
echo none
run 0
Per MPI rank memory allocation (min/avg/max) = 4.335 | 4.335 | 4.335 Mbytes
    PotEng          Pxx           E_mol          E_coul    
-77.019448     -901.00507      0              0            
Loop time of 1.496e-06 on 1 procs for 0 steps with 18 atoms

334.2% CPU use with 1 MPI tasks x 1 OpenMP threads

MPI task timing breakdown:
Section |  min time  |  avg time  |  max time  |%varavg| %total
---------------------------------------------------------------
Pair    | 0          | 0          | 0          |   0.0 |  0.00
Neigh   | 0          | 0          | 0          |   0.0 |  0.00
Comm    | 0          | 0          | 0          |   0.0 |  0.00
Output  | 0          | 0          | 0          |   0.0 |  0.00
Modify  | 0          | 0          | 0          |   0.0 |  0.00
Other   |            | 1.496e-06  |            |       |100.00

Nlocal:             18 ave          18 max          18 min
Histogram: 1 0 0 0 0 0 0 0 0 0
Nghost:           4697 ave        4697 max        4697 min
Histogram: 1 0 0 0 0 0 0 0 0 0
Neighs:              0 ave           0 max           0 min
Histogram: 1 0 0 0 0 0 0 0 0 0
FullNghs:        17770 ave       17770 max       17770 min
Histogram: 1 0 0 0 0 0 0 0 0 0

Total # of neighbors = 17770
Ave neighs/atom = 987.22222
Neighbor list builds = 0
Dangerous builds = 0
set atom * x 0.0 y 0.0 z 0.0
Setting atom values ...
  18 settings made for x
  18 settings made for y
  18 settings made for z
change_box all     x final 0 2.5440432209588852 y final 0 8.580707778074713 z final 0 6.3510399970380975      xy final 3.136478562759332 xz final 2.827905813937387 yz final -3.113643719024343 units box
Changing box ...
  triclinic box = (0 0 0) to (2.5440432 8.5807078 6.35104) with tilt (3.1364786 2.8279058 -3.1136437)
  triclinic box = (0 0 0) to (2.5440432 8.5807078 6.35104) with tilt (3.1364786 2.8279058 -3.1136437)
  triclinic box = (0 0 0) to (2.5440432 8.5807078 6.35104) with tilt (3.1364786 2.8279058 -3.1136437)
  triclinic box = (0 0 0) to (2.5440432 8.5807078 6.35104) with tilt (3.1364786 2.8279058 -3.1136437)
  triclinic box = (0 0 0) to (2.5440432 8.5807078 6.35104) with tilt (3.1364786 2.8279058 -3.1136437)
  triclinic box = (0 0 0) to (2.5440432 8.5807078 6.35104) with tilt (3.1364786 2.8279058 -3.1136437)
echo none
run 0
Per MPI rank memory allocation (min/avg/max) = 4.335 | 4.335 | 4.335 Mbytes
    PotEng          Pxx           E_mol          E_coul    
-77.019448     -901.00507      0              0            
Loop time of 1.569e-06 on 1 procs for 0 steps with 18 atoms

191.2% CPU use with 1 MPI tasks x 1 OpenMP threads

MPI task timing breakdown:
Section |  min time  |  avg time  |  max time  |%varavg| %total
---------------------------------------------------------------
Pair    | 0          | 0          | 0          |   0.0 |  0.00
Neigh   | 0          | 0          | 0          |   0.0 |  0.00
Comm    | 0          | 0          | 0          |   0.0 |  0.00
Output  | 0          | 0          | 0          |   0.0 |  0.00
Modify  | 0          | 0          | 0          |   0.0 |  0.00
Other   |            | 1.569e-06  |            |       |100.00

Nlocal:             18 ave          18 max          18 min
Histogram: 1 0 0 0 0 0 0 0 0 0
Nghost:           4697 ave        4697 max        4697 min
Histogram: 1 0 0 0 0 0 0 0 0 0
Neighs:              0 ave           0 max           0 min
Histogram: 1 0 0 0 0 0 0 0 0 0
FullNghs:        17770 ave       17770 max       17770 min
Histogram: 1 0 0 0 0 0 0 0 0 0

Total # of neighbors = 17770
Ave neighs/atom = 987.22222
Neighbor list builds = 0
Dangerous builds = 0
set atom * x 0.0 y 0.0 z 0.0
Setting atom values ...
  18 settings made for x
  18 settings made for y
  18 settings made for z
change_box all     x final 0 2.5434154954211814 y final 0 8.57793238113392 z final 0 6.3602408497201415      xy final 3.202852618084849 xz final 2.8726449120853585 yz final -3.1479102520334576 units box
Changing box ...
  triclinic box = (0 0 0) to (2.5434155 8.5807078 6.35104) with tilt (3.1364786 2.8279058 -3.1136437)
  triclinic box = (0 0 0) to (2.5434155 8.5779324 6.35104) with tilt (3.1364786 2.8279058 -3.1136437)
  triclinic box = (0 0 0) to (2.5434155 8.5779324 6.3602408) with tilt (3.1364786 2.8279058 -3.1136437)
  triclinic box = (0 0 0) to (2.5434155 8.5779324 6.3602408) with tilt (3.2028526 2.8279058 -3.1136437)
  triclinic box = (0 0 0) to (2.5434155 8.5779324 6.3602408) with tilt (3.2028526 2.8726449 -3.1136437)
  triclinic box = (0 0 0) to (2.5434155 8.5779324 6.3602408) with tilt (3.2028526 2.8726449 -3.1479103)
echo none
run 0
Per MPI rank memory allocation (min/avg/max) = 4.336 | 4.336 | 4.336 Mbytes
    PotEng          Pxx           E_mol          E_coul    
-77.020076     -199.34204      0              0            
Loop time of 1.47e-06 on 1 procs for 0 steps with 18 atoms

1088.4% CPU use with 1 MPI tasks x 1 OpenMP threads

MPI task timing breakdown:
Section |  min time  |  avg time  |  max time  |%varavg| %total
---------------------------------------------------------------
Pair    | 0          | 0          | 0          |   0.0 |  0.00
Neigh   | 0          | 0          | 0          |   0.0 |  0.00
Comm    | 0          | 0          | 0          |   0.0 |  0.00
Output  | 0          | 0          | 0          |   0.0 |  0.00
Modify  | 0          | 0          | 0          |   0.0 |  0.00
Other   |            | 1.47e-06   |            |       |100.00

Nlocal:             18 ave          18 max          18 min
Histogram: 1 0 0 0 0 0 0 0 0 0
Nghost:           4733 ave        4733 max        4733 min
Histogram: 1 0 0 0 0 0 0 0 0 0
Neighs:              0 ave           0 max           0 min
Histogram: 1 0 0 0 0 0 0 0 0 0
FullNghs:        17734 ave       17734 max       17734 min
Histogram: 1 0 0 0 0 0 0 0 0 0

Total # of neighbors = 17734
Ave neighs/atom = 985.22222
Neighbor list builds = 0
Dangerous builds = 0
set atom * x 0.0 y 0.0 z 0.0
Setting atom values ...
  18 settings made for x
  18 settings made for y
  18 settings made for z
change_box all     x final 0 2.543415495421183 y final 0 8.577932381133916 z final 0 6.36024084972014      xy final 3.2028526180848482 xz final 2.8726449120853603 yz final -3.1479102520334568 units box
Changing box ...
  triclinic box = (0 0 0) to (2.5434155 8.5779324 6.3602408) with tilt (3.2028526 2.8726449 -3.1479103)
  triclinic box = (0 0 0) to (2.5434155 8.5779324 6.3602408) with tilt (3.2028526 2.8726449 -3.1479103)
  triclinic box = (0 0 0) to (2.5434155 8.5779324 6.3602408) with tilt (3.2028526 2.8726449 -3.1479103)
  triclinic box = (0 0 0) to (2.5434155 8.5779324 6.3602408) with tilt (3.2028526 2.8726449 -3.1479103)
  triclinic box = (0 0 0) to (2.5434155 8.5779324 6.3602408) with tilt (3.2028526 2.8726449 -3.1479103)
  triclinic box = (0 0 0) to (2.5434155 8.5779324 6.3602408) with tilt (3.2028526 2.8726449 -3.1479103)
echo none
run 0
Per MPI rank memory allocation (min/avg/max) = 4.336 | 4.336 | 4.336 Mbytes
    PotEng          Pxx           E_mol          E_coul    
-77.020076     -199.34204      0              0            
Loop time of 1.346e-06 on 1 procs for 0 steps with 18 atoms

520.1% CPU use with 1 MPI tasks x 1 OpenMP threads

MPI task timing breakdown:
Section |  min time  |  avg time  |  max time  |%varavg| %total
---------------------------------------------------------------
Pair    | 0          | 0          | 0          |   0.0 |  0.00
Neigh   | 0          | 0          | 0          |   0.0 |  0.00
Comm    | 0          | 0          | 0          |   0.0 |  0.00
Output  | 0          | 0          | 0          |   0.0 |  0.00
Modify  | 0          | 0          | 0          |   0.0 |  0.00
Other   |            | 1.346e-06  |            |       |100.00

Nlocal:             18 ave          18 max          18 min
Histogram: 1 0 0 0 0 0 0 0 0 0
Nghost:           4733 ave        4733 max        4733 min
Histogram: 1 0 0 0 0 0 0 0 0 0
Neighs:              0 ave           0 max           0 min
Histogram: 1 0 0 0 0 0 0 0 0 0
FullNghs:        17734 ave       17734 max       17734 min
Histogram: 1 0 0 0 0 0 0 0 0 0

Total # of neighbors = 17734
Ave neighs/atom = 985.22222
Neighbor list builds = 0
Dangerous builds = 0
set atom * x 0.0 y 0.0 z 0.0
Setting atom values ...
  18 settings made for x
  18 settings made for y
  18 settings made for z
change_box all     x final 0 2.5448581737524205 y final 0 8.553299543339845 z final 0 6.369250325151621      xy final 3.439542431032998 xz final 3.0029613791734913 yz final -3.234278866506112 units box
Changing box ...
  triclinic box = (0 0 0) to (2.5448582 8.5779324 6.3602408) with tilt (3.2028526 2.8726449 -3.1479103)
  triclinic box = (0 0 0) to (2.5448582 8.5532995 6.3602408) with tilt (3.2028526 2.8726449 -3.1479103)
  triclinic box = (0 0 0) to (2.5448582 8.5532995 6.3692503) with tilt (3.2028526 2.8726449 -3.1479103)
  triclinic box = (0 0 0) to (2.5448582 8.5532995 6.3692503) with tilt (3.4395424 2.8726449 -3.1479103)
  triclinic box = (0 0 0) to (2.5448582 8.5532995 6.3692503) with tilt (3.4395424 3.0029614 -3.1479103)
  triclinic box = (0 0 0) to (2.5448582 8.5532995 6.3692503) with tilt (3.4395424 3.0029614 -3.2342789)
echo none
run 0
Per MPI rank memory allocation (min/avg/max) = 4.344 | 4.344 | 4.344 Mbytes
    PotEng          Pxx           E_mol          E_coul    
-77.020187     -1988.3289      0              0            
Loop time of 1.884e-06 on 1 procs for 0 steps with 18 atoms

902.3% CPU use with 1 MPI tasks x 1 OpenMP threads

MPI task timing breakdown:
Section |  min time  |  avg time  |  max time  |%varavg| %total
---------------------------------------------------------------
Pair    | 0          | 0          | 0          |   0.0 |  0.00
Neigh   | 0          | 0          | 0          |   0.0 |  0.00
Comm    | 0          | 0          | 0          |   0.0 |  0.00
Output  | 0          | 0          | 0          |   0.0 |  0.00
Modify  | 0          | 0          | 0          |   0.0 |  0.00
Other   |            | 1.884e-06  |            |       |100.00

Nlocal:             18 ave          18 max          18 min
Histogram: 1 0 0 0 0 0 0 0 0 0
Nghost:           4809 ave        4809 max        4809 min
Histogram: 1 0 0 0 0 0 0 0 0 0
Neighs:              0 ave           0 max           0 min
Histogram: 1 0 0 0 0 0 0 0 0 0
FullNghs:        17674 ave       17674 max       17674 min
Histogram: 1 0 0 0 0 0 0 0 0 0

Total # of neighbors = 17674
Ave neighs/atom = 981.88889
Neighbor list builds = 0
Dangerous builds = 0
set atom * x 0.0 y 0.0 z 0.0
Setting atom values ...
  18 settings made for x
  18 settings made for y
  18 settings made for z
change_box all     x final 0 2.543812505627254 y final 0 8.568563941378036 z final 0 6.363997033058211      xy final 3.2948032598948123 xz final 2.923072380129565 yz final -3.1810364216832094 units box
Changing box ...
  triclinic box = (0 0 0) to (2.5438125 8.5532995 6.3692503) with tilt (3.4395424 3.0029614 -3.2342789)
  triclinic box = (0 0 0) to (2.5438125 8.5685639 6.3692503) with tilt (3.4395424 3.0029614 -3.2342789)
  triclinic box = (0 0 0) to (2.5438125 8.5685639 6.363997) with tilt (3.4395424 3.0029614 -3.2342789)
  triclinic box = (0 0 0) to (2.5438125 8.5685639 6.363997) with tilt (3.2948033 3.0029614 -3.2342789)
  triclinic box = (0 0 0) to (2.5438125 8.5685639 6.363997) with tilt (3.2948033 2.9230724 -3.2342789)
  triclinic box = (0 0 0) to (2.5438125 8.5685639 6.363997) with tilt (3.2948033 2.9230724 -3.1810364)
echo none
run 0
Per MPI rank memory allocation (min/avg/max) = 4.344 | 4.344 | 4.344 Mbytes
    PotEng          Pxx           E_mol          E_coul    
-77.020455     -706.9742       0              0            
Loop time of 1.026e-06 on 1 procs for 0 steps with 18 atoms

97.5% CPU use with 1 MPI tasks x 1 OpenMP threads

MPI task timing breakdown:
Section |  min time  |  avg time  |  max time  |%varavg| %total
---------------------------------------------------------------
Pair    | 0          | 0          | 0          |   0.0 |  0.00
Neigh   | 0          | 0          | 0          |   0.0 |  0.00
Comm    | 0          | 0          | 0          |   0.0 |  0.00
Output  | 0          | 0          | 0          |   0.0 |  0.00
Modify  | 0          | 0          | 0          |   0.0 |  0.00
Other   |            | 1.026e-06  |            |       |100.00

Nlocal:             18 ave          18 max          18 min
Histogram: 1 0 0 0 0 0 0 0 0 0
Nghost:           4753 ave        4753 max        4753 min
Histogram: 1 0 0 0 0 0 0 0 0 0
Neighs:              0 ave           0 max           0 min
Histogram: 1 0 0 0 0 0 0 0 0 0
FullNghs:        17718 ave       17718 max       17718 min
Histogram: 1 0 0 0 0 0 0 0 0 0

Total # of neighbors = 17718
Ave neighs/atom = 984.33333
Neighbor list builds = 0
Dangerous builds = 0
set atom * x 0.0 y 0.0 z 0.0
Setting atom values ...
  18 settings made for x
  18 settings made for y
  18 settings made for z
change_box all     x final 0 2.5441143094295215 y final 0 8.56337987982199 z final 0 6.365897222909532      xy final 3.3446288982190278 xz final 2.950502592301501 yz final -3.1992131140921365 units box
Changing box ...
  triclinic box = (0 0 0) to (2.5441143 8.5685639 6.363997) with tilt (3.2948033 2.9230724 -3.1810364)
  triclinic box = (0 0 0) to (2.5441143 8.5633799 6.363997) with tilt (3.2948033 2.9230724 -3.1810364)
  triclinic box = (0 0 0) to (2.5441143 8.5633799 6.3658972) with tilt (3.2948033 2.9230724 -3.1810364)
  triclinic box = (0 0 0) to (2.5441143 8.5633799 6.3658972) with tilt (3.3446289 2.9230724 -3.1810364)
  triclinic box = (0 0 0) to (2.5441143 8.5633799 6.3658972) with tilt (3.3446289 2.9505026 -3.1810364)
  triclinic box = (0 0 0) to (2.5441143 8.5633799 6.3658972) with tilt (3.3446289 2.9505026 -3.1992131)
echo none
run 0
Per MPI rank memory allocation (min/avg/max) = 4.344 | 4.344 | 4.344 Mbytes
    PotEng          Pxx           E_mol          E_coul    
-77.020535     -1082.1378      0              0            
Loop time of 1.076e-06 on 1 procs for 0 steps with 18 atoms

185.9% CPU use with 1 MPI tasks x 1 OpenMP threads

MPI task timing breakdown:
Section |  min time  |  avg time  |  max time  |%varavg| %total
---------------------------------------------------------------
Pair    | 0          | 0          | 0          |   0.0 |  0.00
Neigh   | 0          | 0          | 0          |   0.0 |  0.00
Comm    | 0          | 0          | 0          |   0.0 |  0.00
Output  | 0          | 0          | 0          |   0.0 |  0.00
Modify  | 0          | 0          | 0          |   0.0 |  0.00
Other   |            | 1.076e-06  |            |       |100.00

Nlocal:             18 ave          18 max          18 min
Histogram: 1 0 0 0 0 0 0 0 0 0
Nghost:           4773 ave        4773 max        4773 min
Histogram: 1 0 0 0 0 0 0 0 0 0
Neighs:              0 ave           0 max           0 min
Histogram: 1 0 0 0 0 0 0 0 0 0
FullNghs:        17716 ave       17716 max       17716 min
Histogram: 1 0 0 0 0 0 0 0 0 0

Total # of neighbors = 17716
Ave neighs/atom = 984.22222
Neighbor list builds = 0
Dangerous builds = 0
set atom * x 0.0 y 0.0 z 0.0
Setting atom values ...
  18 settings made for x
  18 settings made for y
  18 settings made for z
change_box all     x final 0 2.5441143094295233 y final 0 8.563379879821994 z final 0 6.365897222909535      xy final 3.3446288982190295 xz final 2.9505025923015014 yz final -3.1992131140921387 units box
Changing box ...
  triclinic box = (0 0 0) to (2.5441143 8.5633799 6.3658972) with tilt (3.3446289 2.9505026 -3.1992131)
  triclinic box = (0 0 0) to (2.5441143 8.5633799 6.3658972) with tilt (3.3446289 2.9505026 -3.1992131)
  triclinic box = (0 0 0) to (2.5441143 8.5633799 6.3658972) with tilt (3.3446289 2.9505026 -3.1992131)
  triclinic box = (0 0 0) to (2.5441143 8.5633799 6.3658972) with tilt (3.3446289 2.9505026 -3.1992131)
  triclinic box = (0 0 0) to (2.5441143 8.5633799 6.3658972) with tilt (3.3446289 2.9505026 -3.1992131)
  triclinic box = (0 0 0) to (2.5441143 8.5633799 6.3658972) with tilt (3.3446289 2.9505026 -3.1992131)
echo none
run 0
Per MPI rank memory allocation (min/avg/max) = 4.344 | 4.344 | 4.344 Mbytes
    PotEng          Pxx           E_mol          E_coul    
-77.020535     -1082.1378      0              0            
Loop time of 1.556e-06 on 1 procs for 0 steps with 18 atoms

1028.3% CPU use with 1 MPI tasks x 1 OpenMP threads

MPI task timing breakdown:
Section |  min time  |  avg time  |  max time  |%varavg| %total
---------------------------------------------------------------
Pair    | 0          | 0          | 0          |   0.0 |  0.00
Neigh   | 0          | 0          | 0          |   0.0 |  0.00
Comm    | 0          | 0          | 0          |   0.0 |  0.00
Output  | 0          | 0          | 0          |   0.0 |  0.00
Modify  | 0          | 0          | 0          |   0.0 |  0.00
Other   |            | 1.556e-06  |            |       |100.00

Nlocal:             18 ave          18 max          18 min
Histogram: 1 0 0 0 0 0 0 0 0 0
Nghost:           4773 ave        4773 max        4773 min
Histogram: 1 0 0 0 0 0 0 0 0 0
Neighs:              0 ave           0 max           0 min
Histogram: 1 0 0 0 0 0 0 0 0 0
FullNghs:        17716 ave       17716 max       17716 min
Histogram: 1 0 0 0 0 0 0 0 0 0

Total # of neighbors = 17716
Ave neighs/atom = 984.22222
Neighbor list builds = 0
Dangerous builds = 0
set atom * x 0.0 y 0.0 z 0.0
Setting atom values ...
  18 settings made for x
  18 settings made for y
  18 settings made for z
change_box all     x final 0 2.545369387433677 y final 0 8.538304755190325 z final 0 6.373512046292475      xy final 3.5189811107370708 xz final 3.081449596461478 yz final -3.262330552045252 units box
Changing box ...
  triclinic box = (0 0 0) to (2.5453694 8.5633799 6.3658972) with tilt (3.3446289 2.9505026 -3.1992131)
  triclinic box = (0 0 0) to (2.5453694 8.5383048 6.3658972) with tilt (3.3446289 2.9505026 -3.1992131)
  triclinic box = (0 0 0) to (2.5453694 8.5383048 6.373512) with tilt (3.3446289 2.9505026 -3.1992131)
  triclinic box = (0 0 0) to (2.5453694 8.5383048 6.373512) with tilt (3.5189811 2.9505026 -3.1992131)
  triclinic box = (0 0 0) to (2.5453694 8.5383048 6.373512) with tilt (3.5189811 3.0814496 -3.1992131)
  triclinic box = (0 0 0) to (2.5453694 8.5383048 6.373512) with tilt (3.5189811 3.0814496 -3.2623306)
echo none
run 0
Per MPI rank memory allocation (min/avg/max) = 4.344 | 4.344 | 4.344 Mbytes
    PotEng          Pxx           E_mol          E_coul    
-77.021022     -2422.7155      0              0            
Loop time of 1.63e-06 on 1 procs for 0 steps with 18 atoms

797.5% CPU use with 1 MPI tasks x 1 OpenMP threads

MPI task timing breakdown:
Section |  min time  |  avg time  |  max time  |%varavg| %total
---------------------------------------------------------------
Pair    | 0          | 0          | 0          |   0.0 |  0.00
Neigh   | 0          | 0          | 0          |   0.0 |  0.00
Comm    | 0          | 0          | 0          |   0.0 |  0.00
Output  | 0          | 0          | 0          |   0.0 |  0.00
Modify  | 0          | 0          | 0          |   0.0 |  0.00
Other   |            | 1.63e-06   |            |       |100.00

Nlocal:             18 ave          18 max          18 min
Histogram: 1 0 0 0 0 0 0 0 0 0
Nghost:           4829 ave        4829 max        4829 min
Histogram: 1 0 0 0 0 0 0 0 0 0
Neighs:              0 ave           0 max           0 min
Histogram: 1 0 0 0 0 0 0 0 0 0
FullNghs:        17704 ave       17704 max       17704 min
Histogram: 1 0 0 0 0 0 0 0 0 0

Total # of neighbors = 17704
Ave neighs/atom = 983.55556
Neighbor list builds = 0
Dangerous builds = 0
set atom * x 0.0 y 0.0 z 0.0
Setting atom values ...
  18 settings made for x
  18 settings made for y
  18 settings made for z
change_box all     x final 0 2.5447338819042136 y final 0 8.54883168005816 z final 0 6.370551516361931      xy final 3.44653151849366 xz final 3.0268084571232987 yz final -3.2358040774613723 units box
Changing box ...
  triclinic box = (0 0 0) to (2.5447339 8.5383048 6.373512) with tilt (3.5189811 3.0814496 -3.2623306)
  triclinic box = (0 0 0) to (2.5447339 8.5488317 6.373512) with tilt (3.5189811 3.0814496 -3.2623306)
  triclinic box = (0 0 0) to (2.5447339 8.5488317 6.3705515) with tilt (3.5189811 3.0814496 -3.2623306)
  triclinic box = (0 0 0) to (2.5447339 8.5488317 6.3705515) with tilt (3.4465315 3.0814496 -3.2623306)
  triclinic box = (0 0 0) to (2.5447339 8.5488317 6.3705515) with tilt (3.4465315 3.0268085 -3.2623306)
  triclinic box = (0 0 0) to (2.5447339 8.5488317 6.3705515) with tilt (3.4465315 3.0268085 -3.2358041)
echo none
run 0
Per MPI rank memory allocation (min/avg/max) = 4.344 | 4.344 | 4.344 Mbytes
    PotEng          Pxx           E_mol          E_coul    
-77.021143     -1735.8479      0              0            
Loop time of 1.062e-06 on 1 procs for 0 steps with 18 atoms

565.0% CPU use with 1 MPI tasks x 1 OpenMP threads

MPI task timing breakdown:
Section |  min time  |  avg time  |  max time  |%varavg| %total
---------------------------------------------------------------
Pair    | 0          | 0          | 0          |   0.0 |  0.00
Neigh   | 0          | 0          | 0          |   0.0 |  0.00
Comm    | 0          | 0          | 0          |   0.0 |  0.00
Output  | 0          | 0          | 0          |   0.0 |  0.00
Modify  | 0          | 0          | 0          |   0.0 |  0.00
Other   |            | 1.062e-06  |            |       |100.00

Nlocal:             18 ave          18 max          18 min
Histogram: 1 0 0 0 0 0 0 0 0 0
Nghost:           4829 ave        4829 max        4829 min
Histogram: 1 0 0 0 0 0 0 0 0 0
Neighs:              0 ave           0 max           0 min
Histogram: 1 0 0 0 0 0 0 0 0 0
FullNghs:        17672 ave       17672 max       17672 min
Histogram: 1 0 0 0 0 0 0 0 0 0

Total # of neighbors = 17672
Ave neighs/atom = 981.77778
Neighbor list builds = 0
Dangerous builds = 0
set atom * x 0.0 y 0.0 z 0.0
Setting atom values ...
  18 settings made for x
  18 settings made for y
  18 settings made for z
change_box all     x final 0 2.544733881904213 y final 0 8.548831680058155 z final 0 6.370551516361928      xy final 3.446531518493659 xz final 3.0268084571232947 yz final -3.235804077461377 units box
Changing box ...
  triclinic box = (0 0 0) to (2.5447339 8.5488317 6.3705515) with tilt (3.4465315 3.0268085 -3.2358041)
  triclinic box = (0 0 0) to (2.5447339 8.5488317 6.3705515) with tilt (3.4465315 3.0268085 -3.2358041)
  triclinic box = (0 0 0) to (2.5447339 8.5488317 6.3705515) with tilt (3.4465315 3.0268085 -3.2358041)
  triclinic box = (0 0 0) to (2.5447339 8.5488317 6.3705515) with tilt (3.4465315 3.0268085 -3.2358041)
  triclinic box = (0 0 0) to (2.5447339 8.5488317 6.3705515) with tilt (3.4465315 3.0268085 -3.2358041)
  triclinic box = (0 0 0) to (2.5447339 8.5488317 6.3705515) with tilt (3.4465315 3.0268085 -3.2358041)
echo none
run 0
Per MPI rank memory allocation (min/avg/max) = 4.344 | 4.344 | 4.344 Mbytes
    PotEng          Pxx           E_mol          E_coul    
-77.021143     -1735.8479      0              0            
Loop time of 1.473e-06 on 1 procs for 0 steps with 18 atoms

814.7% CPU use with 1 MPI tasks x 1 OpenMP threads

MPI task timing breakdown:
Section |  min time  |  avg time  |  max time  |%varavg| %total
---------------------------------------------------------------
Pair    | 0          | 0          | 0          |   0.0 |  0.00
Neigh   | 0          | 0          | 0          |   0.0 |  0.00
Comm    | 0          | 0          | 0          |   0.0 |  0.00
Output  | 0          | 0          | 0          |   0.0 |  0.00
Modify  | 0          | 0          | 0          |   0.0 |  0.00
Other   |            | 1.473e-06  |            |       |100.00

Nlocal:             18 ave          18 max          18 min
Histogram: 1 0 0 0 0 0 0 0 0 0
Nghost:           4829 ave        4829 max        4829 min
Histogram: 1 0 0 0 0 0 0 0 0 0
Neighs:              0 ave           0 max           0 min
Histogram: 1 0 0 0 0 0 0 0 0 0
FullNghs:        17672 ave       17672 max       17672 min
Histogram: 1 0 0 0 0 0 0 0 0 0

Total # of neighbors = 17672
Ave neighs/atom = 981.77778
Neighbor list builds = 0
Dangerous builds = 0
set atom * x 0.0 y 0.0 z 0.0
Setting atom values ...
  18 settings made for x
  18 settings made for y
  18 settings made for z
change_box all     x final 0 2.5436900547363837 y final 0 8.55257646072574 z final 0 6.361021402544898      xy final 3.472039989377717 xz final 3.1155015277639504 yz final -3.2346898989174155 units box
Changing box ...
  triclinic box = (0 0 0) to (2.5436901 8.5488317 6.3705515) with tilt (3.4465315 3.0268085 -3.2358041)
  triclinic box = (0 0 0) to (2.5436901 8.5525765 6.3705515) with tilt (3.4465315 3.0268085 -3.2358041)
  triclinic box = (0 0 0) to (2.5436901 8.5525765 6.3610214) with tilt (3.4465315 3.0268085 -3.2358041)
  triclinic box = (0 0 0) to (2.5436901 8.5525765 6.3610214) with tilt (3.47204 3.0268085 -3.2358041)
  triclinic box = (0 0 0) to (2.5436901 8.5525765 6.3610214) with tilt (3.47204 3.1155015 -3.2358041)
  triclinic box = (0 0 0) to (2.5436901 8.5525765 6.3610214) with tilt (3.47204 3.1155015 -3.2346899)
echo none
run 0
Per MPI rank memory allocation (min/avg/max) = 4.344 | 4.344 | 4.344 Mbytes
    PotEng          Pxx           E_mol          E_coul    
-77.023032     -679.80566      0              0            
Loop time of 1.567e-06 on 1 procs for 0 steps with 18 atoms

765.8% CPU use with 1 MPI tasks x 1 OpenMP threads

MPI task timing breakdown:
Section |  min time  |  avg time  |  max time  |%varavg| %total
---------------------------------------------------------------
Pair    | 0          | 0          | 0          |   0.0 |  0.00
Neigh   | 0          | 0          | 0          |   0.0 |  0.00
Comm    | 0          | 0          | 0          |   0.0 |  0.00
Output  | 0          | 0          | 0          |   0.0 |  0.00
Modify  | 0          | 0          | 0          |   0.0 |  0.00
Other   |            | 1.567e-06  |            |       |100.00

Nlocal:             18 ave          18 max          18 min
Histogram: 1 0 0 0 0 0 0 0 0 0
Nghost:           4829 ave        4829 max        4829 min
Histogram: 1 0 0 0 0 0 0 0 0 0
Neighs:              0 ave           0 max           0 min
Histogram: 1 0 0 0 0 0 0 0 0 0
FullNghs:        17730 ave       17730 max       17730 min
Histogram: 1 0 0 0 0 0 0 0 0 0

Total # of neighbors = 17730
Ave neighs/atom = 985
Neighbor list builds = 0
Dangerous builds = 0
set atom * x 0.0 y 0.0 z 0.0
Setting atom values ...
  18 settings made for x
  18 settings made for y
  18 settings made for z
change_box all     x final 0 2.543690054736386 y final 0 8.552576460725742 z final 0 6.361021402544897      xy final 3.4720399893777203 xz final 3.1155015277639526 yz final -3.234689898917416 units box
Changing box ...
  triclinic box = (0 0 0) to (2.5436901 8.5525765 6.3610214) with tilt (3.47204 3.1155015 -3.2346899)
  triclinic box = (0 0 0) to (2.5436901 8.5525765 6.3610214) with tilt (3.47204 3.1155015 -3.2346899)
  triclinic box = (0 0 0) to (2.5436901 8.5525765 6.3610214) with tilt (3.47204 3.1155015 -3.2346899)
  triclinic box = (0 0 0) to (2.5436901 8.5525765 6.3610214) with tilt (3.47204 3.1155015 -3.2346899)
  triclinic box = (0 0 0) to (2.5436901 8.5525765 6.3610214) with tilt (3.47204 3.1155015 -3.2346899)
  triclinic box = (0 0 0) to (2.5436901 8.5525765 6.3610214) with tilt (3.47204 3.1155015 -3.2346899)
echo none
run 0
Per MPI rank memory allocation (min/avg/max) = 4.344 | 4.344 | 4.344 Mbytes
    PotEng          Pxx           E_mol          E_coul    
-77.023032     -679.80566      0              0            
Loop time of 1.64e-06 on 1 procs for 0 steps with 18 atoms

182.9% CPU use with 1 MPI tasks x 1 OpenMP threads

MPI task timing breakdown:
Section |  min time  |  avg time  |  max time  |%varavg| %total
---------------------------------------------------------------
Pair    | 0          | 0          | 0          |   0.0 |  0.00
Neigh   | 0          | 0          | 0          |   0.0 |  0.00
Comm    | 0          | 0          | 0          |   0.0 |  0.00
Output  | 0          | 0          | 0          |   0.0 |  0.00
Modify  | 0          | 0          | 0          |   0.0 |  0.00
Other   |            | 1.64e-06   |            |       |100.00

Nlocal:             18 ave          18 max          18 min
Histogram: 1 0 0 0 0 0 0 0 0 0
Nghost:           4829 ave        4829 max        4829 min
Histogram: 1 0 0 0 0 0 0 0 0 0
Neighs:              0 ave           0 max           0 min
Histogram: 1 0 0 0 0 0 0 0 0 0
FullNghs:        17730 ave       17730 max       17730 min
Histogram: 1 0 0 0 0 0 0 0 0 0

Total # of neighbors = 17730
Ave neighs/atom = 985
Neighbor list builds = 0
Dangerous builds = 0
set atom * x 0.0 y 0.0 z 0.0
Setting atom values ...
  18 settings made for x
  18 settings made for y
  18 settings made for z
change_box all     x final 0 2.5432243125466996 y final 0 8.541207592553626 z final 0 6.3548490666348405      xy final 3.475279673686322 xz final 3.2054248716114135 yz final -3.246261644097311 units box
Changing box ...
  triclinic box = (0 0 0) to (2.5432243 8.5525765 6.3610214) with tilt (3.47204 3.1155015 -3.2346899)
  triclinic box = (0 0 0) to (2.5432243 8.5412076 6.3610214) with tilt (3.47204 3.1155015 -3.2346899)
  triclinic box = (0 0 0) to (2.5432243 8.5412076 6.3548491) with tilt (3.47204 3.1155015 -3.2346899)
  triclinic box = (0 0 0) to (2.5432243 8.5412076 6.3548491) with tilt (3.4752797 3.1155015 -3.2346899)
  triclinic box = (0 0 0) to (2.5432243 8.5412076 6.3548491) with tilt (3.4752797 3.2054249 -3.2346899)
  triclinic box = (0 0 0) to (2.5432243 8.5412076 6.3548491) with tilt (3.4752797 3.2054249 -3.2462616)
echo none
run 0
Per MPI rank memory allocation (min/avg/max) = 4.344 | 4.344 | 4.344 Mbytes
    PotEng          Pxx           E_mol          E_coul    
-77.024289     -44.126128      0              0            
Loop time of 1.239e-06 on 1 procs for 0 steps with 18 atoms

565.0% CPU use with 1 MPI tasks x 1 OpenMP threads

MPI task timing breakdown:
Section |  min time  |  avg time  |  max time  |%varavg| %total
---------------------------------------------------------------
Pair    | 0          | 0          | 0          |   0.0 |  0.00
Neigh   | 0          | 0          | 0          |   0.0 |  0.00
Comm    | 0          | 0          | 0          |   0.0 |  0.00
Output  | 0          | 0          | 0          |   0.0 |  0.00
Modify  | 0          | 0          | 0          |   0.0 |  0.00
Other   |            | 1.239e-06  |            |       |100.00

Nlocal:             18 ave          18 max          18 min
Histogram: 1 0 0 0 0 0 0 0 0 0
Nghost:           4849 ave        4849 max        4849 min
Histogram: 1 0 0 0 0 0 0 0 0 0
Neighs:              0 ave           0 max           0 min
Histogram: 1 0 0 0 0 0 0 0 0 0
FullNghs:        17800 ave       17800 max       17800 min
Histogram: 1 0 0 0 0 0 0 0 0 0

Total # of neighbors = 17800
Ave neighs/atom = 988.88889
Neighbor list builds = 0
Dangerous builds = 0
set atom * x 0.0 y 0.0 z 0.0
Setting atom values ...
  18 settings made for x
  18 settings made for y
  18 settings made for z
change_box all     x final 0 2.5432243125467004 y final 0 8.541207592553627 z final 0 6.354849066634846      xy final 3.475279673686323 xz final 3.205424871611415 yz final -3.2462616440973093 units box
Changing box ...
  triclinic box = (0 0 0) to (2.5432243 8.5412076 6.3548491) with tilt (3.4752797 3.2054249 -3.2462616)
  triclinic box = (0 0 0) to (2.5432243 8.5412076 6.3548491) with tilt (3.4752797 3.2054249 -3.2462616)
  triclinic box = (0 0 0) to (2.5432243 8.5412076 6.3548491) with tilt (3.4752797 3.2054249 -3.2462616)
  triclinic box = (0 0 0) to (2.5432243 8.5412076 6.3548491) with tilt (3.4752797 3.2054249 -3.2462616)
  triclinic box = (0 0 0) to (2.5432243 8.5412076 6.3548491) with tilt (3.4752797 3.2054249 -3.2462616)
  triclinic box = (0 0 0) to (2.5432243 8.5412076 6.3548491) with tilt (3.4752797 3.2054249 -3.2462616)
echo none
run 0
Per MPI rank memory allocation (min/avg/max) = 4.344 | 4.344 | 4.344 Mbytes
    PotEng          Pxx           E_mol          E_coul    
-77.024289     -44.126128      0              0            
Loop time of 1.634e-06 on 1 procs for 0 steps with 18 atoms

918.0% CPU use with 1 MPI tasks x 1 OpenMP threads

MPI task timing breakdown:
Section |  min time  |  avg time  |  max time  |%varavg| %total
---------------------------------------------------------------
Pair    | 0          | 0          | 0          |   0.0 |  0.00
Neigh   | 0          | 0          | 0          |   0.0 |  0.00
Comm    | 0          | 0          | 0          |   0.0 |  0.00
Output  | 0          | 0          | 0          |   0.0 |  0.00
Modify  | 0          | 0          | 0          |   0.0 |  0.00
Other   |            | 1.634e-06  |            |       |100.00

Nlocal:             18 ave          18 max          18 min
Histogram: 1 0 0 0 0 0 0 0 0 0
Nghost:           4849 ave        4849 max        4849 min
Histogram: 1 0 0 0 0 0 0 0 0 0
Neighs:              0 ave           0 max           0 min
Histogram: 1 0 0 0 0 0 0 0 0 0
FullNghs:        17800 ave       17800 max       17800 min
Histogram: 1 0 0 0 0 0 0 0 0 0

Total # of neighbors = 17800
Ave neighs/atom = 988.88889
Neighbor list builds = 0
Dangerous builds = 0
set atom * x 0.0 y 0.0 z 0.0
Setting atom values ...
  18 settings made for x
  18 settings made for y
  18 settings made for z
change_box all     x final 0 2.5430213974584572 y final 0 8.54250318771355 z final 0 6.347410013392657      xy final 3.4300485633660656 xz final 3.2387024101899256 yz final -3.2272359070629397 units box
Changing box ...
  triclinic box = (0 0 0) to (2.5430214 8.5412076 6.3548491) with tilt (3.4752797 3.2054249 -3.2462616)
  triclinic box = (0 0 0) to (2.5430214 8.5425032 6.3548491) with tilt (3.4752797 3.2054249 -3.2462616)
  triclinic box = (0 0 0) to (2.5430214 8.5425032 6.34741) with tilt (3.4752797 3.2054249 -3.2462616)
  triclinic box = (0 0 0) to (2.5430214 8.5425032 6.34741) with tilt (3.4300486 3.2054249 -3.2462616)
  triclinic box = (0 0 0) to (2.5430214 8.5425032 6.34741) with tilt (3.4300486 3.2387024 -3.2462616)
  triclinic box = (0 0 0) to (2.5430214 8.5425032 6.34741) with tilt (3.4300486 3.2387024 -3.2272359)
echo none
run 0
Per MPI rank memory allocation (min/avg/max) = 4.344 | 4.344 | 4.344 Mbytes
    PotEng          Pxx           E_mol          E_coul    
-77.024899      172.16523      0              0            
Loop time of 1.445e-06 on 1 procs for 0 steps with 18 atoms

622.8% CPU use with 1 MPI tasks x 1 OpenMP threads

MPI task timing breakdown:
Section |  min time  |  avg time  |  max time  |%varavg| %total
---------------------------------------------------------------
Pair    | 0          | 0          | 0          |   0.0 |  0.00
Neigh   | 0          | 0          | 0          |   0.0 |  0.00
Comm    | 0          | 0          | 0          |   0.0 |  0.00
Output  | 0          | 0          | 0          |   0.0 |  0.00
Modify  | 0          | 0          | 0          |   0.0 |  0.00
Other   |            | 1.445e-06  |            |       |100.00

Nlocal:             18 ave          18 max          18 min
Histogram: 1 0 0 0 0 0 0 0 0 0
Nghost:           4849 ave        4849 max        4849 min
Histogram: 1 0 0 0 0 0 0 0 0 0
Neighs:              0 ave           0 max           0 min
Histogram: 1 0 0 0 0 0 0 0 0 0
FullNghs:        17818 ave       17818 max       17818 min
Histogram: 1 0 0 0 0 0 0 0 0 0

Total # of neighbors = 17818
Ave neighs/atom = 989.88889
Neighbor list builds = 0
Dangerous builds = 0
set atom * x 0.0 y 0.0 z 0.0
Setting atom values ...
  18 settings made for x
  18 settings made for y
  18 settings made for z
change_box all     x final 0 2.543021397458459 y final 0 8.542503187713542 z final 0 6.347410013392657      xy final 3.430048563366065 xz final 3.238702410189928 yz final -3.227235907062942 units box
Changing box ...
  triclinic box = (0 0 0) to (2.5430214 8.5425032 6.34741) with tilt (3.4300486 3.2387024 -3.2272359)
  triclinic box = (0 0 0) to (2.5430214 8.5425032 6.34741) with tilt (3.4300486 3.2387024 -3.2272359)
  triclinic box = (0 0 0) to (2.5430214 8.5425032 6.34741) with tilt (3.4300486 3.2387024 -3.2272359)
  triclinic box = (0 0 0) to (2.5430214 8.5425032 6.34741) with tilt (3.4300486 3.2387024 -3.2272359)
  triclinic box = (0 0 0) to (2.5430214 8.5425032 6.34741) with tilt (3.4300486 3.2387024 -3.2272359)
  triclinic box = (0 0 0) to (2.5430214 8.5425032 6.34741) with tilt (3.4300486 3.2387024 -3.2272359)
echo none
run 0
Per MPI rank memory allocation (min/avg/max) = 4.344 | 4.344 | 4.344 Mbytes
    PotEng          Pxx           E_mol          E_coul    
-77.024899      172.16523      0              0            
Loop time of 1.971e-06 on 1 procs for 0 steps with 18 atoms

710.3% CPU use with 1 MPI tasks x 1 OpenMP threads

MPI task timing breakdown:
Section |  min time  |  avg time  |  max time  |%varavg| %total
---------------------------------------------------------------
Pair    | 0          | 0          | 0          |   0.0 |  0.00
Neigh   | 0          | 0          | 0          |   0.0 |  0.00
Comm    | 0          | 0          | 0          |   0.0 |  0.00
Output  | 0          | 0          | 0          |   0.0 |  0.00
Modify  | 0          | 0          | 0          |   0.0 |  0.00
Other   |            | 1.971e-06  |            |       |100.00

Nlocal:             18 ave          18 max          18 min
Histogram: 1 0 0 0 0 0 0 0 0 0
Nghost:           4849 ave        4849 max        4849 min
Histogram: 1 0 0 0 0 0 0 0 0 0
Neighs:              0 ave           0 max           0 min
Histogram: 1 0 0 0 0 0 0 0 0 0
FullNghs:        17818 ave       17818 max       17818 min
Histogram: 1 0 0 0 0 0 0 0 0 0

Total # of neighbors = 17818
Ave neighs/atom = 989.88889
Neighbor list builds = 0
Dangerous builds = 0
set atom * x 0.0 y 0.0 z 0.0
Setting atom values ...
  18 settings made for x
  18 settings made for y
  18 settings made for z
change_box all     x final 0 2.543236694139245 y final 0 8.544675933370176 z final 0 6.327530510757238      xy final 3.416920414838103 xz final 3.368452135558972 yz final -3.2377273871065873 units box
Changing box ...
  triclinic box = (0 0 0) to (2.5432367 8.5425032 6.34741) with tilt (3.4300486 3.2387024 -3.2272359)
  triclinic box = (0 0 0) to (2.5432367 8.5446759 6.34741) with tilt (3.4300486 3.2387024 -3.2272359)
  triclinic box = (0 0 0) to (2.5432367 8.5446759 6.3275305) with tilt (3.4300486 3.2387024 -3.2272359)
  triclinic box = (0 0 0) to (2.5432367 8.5446759 6.3275305) with tilt (3.4169204 3.2387024 -3.2272359)
  triclinic box = (0 0 0) to (2.5432367 8.5446759 6.3275305) with tilt (3.4169204 3.3684521 -3.2272359)
  triclinic box = (0 0 0) to (2.5432367 8.5446759 6.3275305) with tilt (3.4169204 3.3684521 -3.2377274)
echo none
run 0
Per MPI rank memory allocation (min/avg/max) = 4.345 | 4.345 | 4.345 Mbytes
    PotEng          Pxx           E_mol          E_coul    
-77.023983     -404.91841      0              0            
Loop time of 1.071e-06 on 1 procs for 0 steps with 18 atoms

186.7% CPU use with 1 MPI tasks x 1 OpenMP threads

MPI task timing breakdown:
Section |  min time  |  avg time  |  max time  |%varavg| %total
---------------------------------------------------------------
Pair    | 0          | 0          | 0          |   0.0 |  0.00
Neigh   | 0          | 0          | 0          |   0.0 |  0.00
Comm    | 0          | 0          | 0          |   0.0 |  0.00
Output  | 0          | 0          | 0          |   0.0 |  0.00
Modify  | 0          | 0          | 0          |   0.0 |  0.00
Other   |            | 1.071e-06  |            |       |100.00

Nlocal:             18 ave          18 max          18 min
Histogram: 1 0 0 0 0 0 0 0 0 0
Nghost:           4869 ave        4869 max        4869 min
Histogram: 1 0 0 0 0 0 0 0 0 0
Neighs:              0 ave           0 max           0 min
Histogram: 1 0 0 0 0 0 0 0 0 0
FullNghs:        17890 ave       17890 max       17890 min
Histogram: 1 0 0 0 0 0 0 0 0 0

Total # of neighbors = 17890
Ave neighs/atom = 993.88889
Neighbor list builds = 0
Dangerous builds = 0
set atom * x 0.0 y 0.0 z 0.0
Setting atom values ...
  18 settings made for x
  18 settings made for y
  18 settings made for z
change_box all     x final 0 2.5430606812928245 y final 0 8.543242579995917 z final 0 6.340720393827047      xy final 3.4255729057448683 xz final 3.2828797089689203 yz final -3.2308451884102354 units box
Changing box ...
  triclinic box = (0 0 0) to (2.5430607 8.5446759 6.3275305) with tilt (3.4169204 3.3684521 -3.2377274)
  triclinic box = (0 0 0) to (2.5430607 8.5432426 6.3275305) with tilt (3.4169204 3.3684521 -3.2377274)
  triclinic box = (0 0 0) to (2.5430607 8.5432426 6.3407204) with tilt (3.4169204 3.3684521 -3.2377274)
  triclinic box = (0 0 0) to (2.5430607 8.5432426 6.3407204) with tilt (3.4255729 3.3684521 -3.2377274)
  triclinic box = (0 0 0) to (2.5430607 8.5432426 6.3407204) with tilt (3.4255729 3.2828797 -3.2377274)
  triclinic box = (0 0 0) to (2.5430607 8.5432426 6.3407204) with tilt (3.4255729 3.2828797 -3.2308452)
echo none
run 0
Per MPI rank memory allocation (min/avg/max) = 4.345 | 4.345 | 4.345 Mbytes
    PotEng          Pxx           E_mol          E_coul    
-77.02522       30.22995       0              0            
Loop time of 1.49e-06 on 1 procs for 0 steps with 18 atoms

805.4% CPU use with 1 MPI tasks x 1 OpenMP threads

MPI task timing breakdown:
Section |  min time  |  avg time  |  max time  |%varavg| %total
---------------------------------------------------------------
Pair    | 0          | 0          | 0          |   0.0 |  0.00
Neigh   | 0          | 0          | 0          |   0.0 |  0.00
Comm    | 0          | 0          | 0          |   0.0 |  0.00
Output  | 0          | 0          | 0          |   0.0 |  0.00
Modify  | 0          | 0          | 0          |   0.0 |  0.00
Other   |            | 1.49e-06   |            |       |100.00

Nlocal:             18 ave          18 max          18 min
Histogram: 1 0 0 0 0 0 0 0 0 0
Nghost:           4849 ave        4849 max        4849 min
Histogram: 1 0 0 0 0 0 0 0 0 0
Neighs:              0 ave           0 max           0 min
Histogram: 1 0 0 0 0 0 0 0 0 0
FullNghs:        17858 ave       17858 max       17858 min
Histogram: 1 0 0 0 0 0 0 0 0 0

Total # of neighbors = 17858
Ave neighs/atom = 992.11111
Neighbor list builds = 0
Dangerous builds = 0
set atom * x 0.0 y 0.0 z 0.0
Setting atom values ...
  18 settings made for x
  18 settings made for y
  18 settings made for z
change_box all     x final 0 2.5430606812928245 y final 0 8.543242579995917 z final 0 6.340720393827043      xy final 3.425572905744868 xz final 3.2828797089689203 yz final -3.230845188410234 units box
Changing box ...
  triclinic box = (0 0 0) to (2.5430607 8.5432426 6.3407204) with tilt (3.4255729 3.2828797 -3.2308452)
  triclinic box = (0 0 0) to (2.5430607 8.5432426 6.3407204) with tilt (3.4255729 3.2828797 -3.2308452)
  triclinic box = (0 0 0) to (2.5430607 8.5432426 6.3407204) with tilt (3.4255729 3.2828797 -3.2308452)
  triclinic box = (0 0 0) to (2.5430607 8.5432426 6.3407204) with tilt (3.4255729 3.2828797 -3.2308452)
  triclinic box = (0 0 0) to (2.5430607 8.5432426 6.3407204) with tilt (3.4255729 3.2828797 -3.2308452)
  triclinic box = (0 0 0) to (2.5430607 8.5432426 6.3407204) with tilt (3.4255729 3.2828797 -3.2308452)
echo none
run 0
Per MPI rank memory allocation (min/avg/max) = 4.345 | 4.345 | 4.345 Mbytes
    PotEng          Pxx           E_mol          E_coul    
-77.02522       30.22995       0              0            
Loop time of 1.4e-06 on 1 procs for 0 steps with 18 atoms

3785.7% CPU use with 1 MPI tasks x 1 OpenMP threads

MPI task timing breakdown:
Section |  min time  |  avg time  |  max time  |%varavg| %total
---------------------------------------------------------------
Pair    | 0          | 0          | 0          |   0.0 |  0.00
Neigh   | 0          | 0          | 0          |   0.0 |  0.00
Comm    | 0          | 0          | 0          |   0.0 |  0.00
Output  | 0          | 0          | 0          |   0.0 |  0.00
Modify  | 0          | 0          | 0          |   0.0 |  0.00
Other   |            | 1.4e-06    |            |       |100.00

Nlocal:             18 ave          18 max          18 min
Histogram: 1 0 0 0 0 0 0 0 0 0
Nghost:           4849 ave        4849 max        4849 min
Histogram: 1 0 0 0 0 0 0 0 0 0
Neighs:              0 ave           0 max           0 min
Histogram: 1 0 0 0 0 0 0 0 0 0
FullNghs:        17858 ave       17858 max       17858 min
Histogram: 1 0 0 0 0 0 0 0 0 0

Total # of neighbors = 17858
Ave neighs/atom = 992.11111
Neighbor list builds = 0
Dangerous builds = 0
set atom * x 0.0 y 0.0 z 0.0
Setting atom values ...
  18 settings made for x
  18 settings made for y
  18 settings made for z
change_box all     x final 0 2.5426928340423576 y final 0 8.534549456836759 z final 0 6.3354630670789644      xy final 3.3126692813573966 xz final 3.344908600686783 yz final -3.2316635372378055 units box
Changing box ...
  triclinic box = (0 0 0) to (2.5426928 8.5432426 6.3407204) with tilt (3.4255729 3.2828797 -3.2308452)
  triclinic box = (0 0 0) to (2.5426928 8.5345495 6.3407204) with tilt (3.4255729 3.2828797 -3.2308452)
  triclinic box = (0 0 0) to (2.5426928 8.5345495 6.3354631) with tilt (3.4255729 3.2828797 -3.2308452)
  triclinic box = (0 0 0) to (2.5426928 8.5345495 6.3354631) with tilt (3.3126693 3.2828797 -3.2308452)
  triclinic box = (0 0 0) to (2.5426928 8.5345495 6.3354631) with tilt (3.3126693 3.3449086 -3.2308452)
  triclinic box = (0 0 0) to (2.5426928 8.5345495 6.3354631) with tilt (3.3126693 3.3449086 -3.2316635)
echo none
run 0
Per MPI rank memory allocation (min/avg/max) = 4.345 | 4.345 | 4.345 Mbytes
    PotEng          Pxx           E_mol          E_coul    
-77.025122      822.3597       0              0            
Loop time of 1.915e-06 on 1 procs for 0 steps with 18 atoms

731.1% CPU use with 1 MPI tasks x 1 OpenMP threads

MPI task timing breakdown:
Section |  min time  |  avg time  |  max time  |%varavg| %total
---------------------------------------------------------------
Pair    | 0          | 0          | 0          |   0.0 |  0.00
Neigh   | 0          | 0          | 0          |   0.0 |  0.00
Comm    | 0          | 0          | 0          |   0.0 |  0.00
Output  | 0          | 0          | 0          |   0.0 |  0.00
Modify  | 0          | 0          | 0          |   0.0 |  0.00
Other   |            | 1.915e-06  |            |       |100.00

Nlocal:             18 ave          18 max          18 min
Histogram: 1 0 0 0 0 0 0 0 0 0
Nghost:           4849 ave        4849 max        4849 min
Histogram: 1 0 0 0 0 0 0 0 0 0
Neighs:              0 ave           0 max           0 min
Histogram: 1 0 0 0 0 0 0 0 0 0
FullNghs:        17840 ave       17840 max       17840 min
Histogram: 1 0 0 0 0 0 0 0 0 0

Total # of neighbors = 17840
Ave neighs/atom = 991.11111
Neighbor list builds = 0
Dangerous builds = 0
set atom * x 0.0 y 0.0 z 0.0
Setting atom values ...
  18 settings made for x
  18 settings made for y
  18 settings made for z
change_box all     x final 0 2.5428673892717164 y final 0 8.539230368716563 z final 0 6.33826042463808      xy final 3.3726056222877707 xz final 3.311943947480698 yz final -3.2312812948581016 units box
Changing box ...
  triclinic box = (0 0 0) to (2.5428674 8.5345495 6.3354631) with tilt (3.3126693 3.3449086 -3.2316635)
  triclinic box = (0 0 0) to (2.5428674 8.5392304 6.3354631) with tilt (3.3126693 3.3449086 -3.2316635)
  triclinic box = (0 0 0) to (2.5428674 8.5392304 6.3382604) with tilt (3.3126693 3.3449086 -3.2316635)
  triclinic box = (0 0 0) to (2.5428674 8.5392304 6.3382604) with tilt (3.3726056 3.3449086 -3.2316635)
  triclinic box = (0 0 0) to (2.5428674 8.5392304 6.3382604) with tilt (3.3726056 3.3119439 -3.2316635)
  triclinic box = (0 0 0) to (2.5428674 8.5392304 6.3382604) with tilt (3.3726056 3.3119439 -3.2312813)
echo none
run 0
Per MPI rank memory allocation (min/avg/max) = 4.345 | 4.345 | 4.345 Mbytes
    PotEng          Pxx           E_mol          E_coul    
-77.025604      425.54566      0              0            
Loop time of 1.092e-06 on 1 procs for 0 steps with 18 atoms

183.2% CPU use with 1 MPI tasks x 1 OpenMP threads

MPI task timing breakdown:
Section |  min time  |  avg time  |  max time  |%varavg| %total
---------------------------------------------------------------
Pair    | 0          | 0          | 0          |   0.0 |  0.00
Neigh   | 0          | 0          | 0          |   0.0 |  0.00
Comm    | 0          | 0          | 0          |   0.0 |  0.00
Output  | 0          | 0          | 0          |   0.0 |  0.00
Modify  | 0          | 0          | 0          |   0.0 |  0.00
Other   |            | 1.092e-06  |            |       |100.00

Nlocal:             18 ave          18 max          18 min
Histogram: 1 0 0 0 0 0 0 0 0 0
Nghost:           4849 ave        4849 max        4849 min
Histogram: 1 0 0 0 0 0 0 0 0 0
Neighs:              0 ave           0 max           0 min
Histogram: 1 0 0 0 0 0 0 0 0 0
FullNghs:        17864 ave       17864 max       17864 min
Histogram: 1 0 0 0 0 0 0 0 0 0

Total # of neighbors = 17864
Ave neighs/atom = 992.44444
Neighbor list builds = 0
Dangerous builds = 0
set atom * x 0.0 y 0.0 z 0.0
Setting atom values ...
  18 settings made for x
  18 settings made for y
  18 settings made for z
change_box all     x final 0 2.542867389271718 y final 0 8.53923036871656 z final 0 6.338260424638088      xy final 3.372605622287773 xz final 3.311943947480703 yz final -3.231281294858099 units box
Changing box ...
  triclinic box = (0 0 0) to (2.5428674 8.5392304 6.3382604) with tilt (3.3726056 3.3119439 -3.2312813)
  triclinic box = (0 0 0) to (2.5428674 8.5392304 6.3382604) with tilt (3.3726056 3.3119439 -3.2312813)
  triclinic box = (0 0 0) to (2.5428674 8.5392304 6.3382604) with tilt (3.3726056 3.3119439 -3.2312813)
  triclinic box = (0 0 0) to (2.5428674 8.5392304 6.3382604) with tilt (3.3726056 3.3119439 -3.2312813)
  triclinic box = (0 0 0) to (2.5428674 8.5392304 6.3382604) with tilt (3.3726056 3.3119439 -3.2312813)
  triclinic box = (0 0 0) to (2.5428674 8.5392304 6.3382604) with tilt (3.3726056 3.3119439 -3.2312813)
echo none
run 0
Per MPI rank memory allocation (min/avg/max) = 4.345 | 4.345 | 4.345 Mbytes
    PotEng          Pxx           E_mol          E_coul    
-77.025604      425.54566      0              0            
Loop time of 1.158e-06 on 1 procs for 0 steps with 18 atoms

172.7% CPU use with 1 MPI tasks x 1 OpenMP threads

MPI task timing breakdown:
Section |  min time  |  avg time  |  max time  |%varavg| %total
---------------------------------------------------------------
Pair    | 0          | 0          | 0          |   0.0 |  0.00
Neigh   | 0          | 0          | 0          |   0.0 |  0.00
Comm    | 0          | 0          | 0          |   0.0 |  0.00
Output  | 0          | 0          | 0          |   0.0 |  0.00
Modify  | 0          | 0          | 0          |   0.0 |  0.00
Other   |            | 1.158e-06  |            |       |100.00

Nlocal:             18 ave          18 max          18 min
Histogram: 1 0 0 0 0 0 0 0 0 0
Nghost:           4849 ave        4849 max        4849 min
Histogram: 1 0 0 0 0 0 0 0 0 0
Neighs:              0 ave           0 max           0 min
Histogram: 1 0 0 0 0 0 0 0 0 0
FullNghs:        17864 ave       17864 max       17864 min
Histogram: 1 0 0 0 0 0 0 0 0 0

Total # of neighbors = 17864
Ave neighs/atom = 992.44444
Neighbor list builds = 0
Dangerous builds = 0
set atom * x 0.0 y 0.0 z 0.0
Setting atom values ...
  18 settings made for x
  18 settings made for y
  18 settings made for z
change_box all     x final 0 2.543757830360903 y final 0 8.525357258610525 z final 0 6.342785017964563      xy final 3.3753402907481482 xz final 3.376935340655621 yz final -3.255624965374474 units box
Changing box ...
  triclinic box = (0 0 0) to (2.5437578 8.5392304 6.3382604) with tilt (3.3726056 3.3119439 -3.2312813)
  triclinic box = (0 0 0) to (2.5437578 8.5253573 6.3382604) with tilt (3.3726056 3.3119439 -3.2312813)
  triclinic box = (0 0 0) to (2.5437578 8.5253573 6.342785) with tilt (3.3726056 3.3119439 -3.2312813)
  triclinic box = (0 0 0) to (2.5437578 8.5253573 6.342785) with tilt (3.3753403 3.3119439 -3.2312813)
  triclinic box = (0 0 0) to (2.5437578 8.5253573 6.342785) with tilt (3.3753403 3.3769353 -3.2312813)
  triclinic box = (0 0 0) to (2.5437578 8.5253573 6.342785) with tilt (3.3753403 3.3769353 -3.255625)
echo none
run 0
Per MPI rank memory allocation (min/avg/max) = 4.345 | 4.345 | 4.345 Mbytes
    PotEng          Pxx           E_mol          E_coul    
-77.025917     -328.98211      0              0            
Loop time of 1.092e-06 on 1 procs for 0 steps with 18 atoms

183.2% CPU use with 1 MPI tasks x 1 OpenMP threads

MPI task timing breakdown:
Section |  min time  |  avg time  |  max time  |%varavg| %total
---------------------------------------------------------------
Pair    | 0          | 0          | 0          |   0.0 |  0.00
Neigh   | 0          | 0          | 0          |   0.0 |  0.00
Comm    | 0          | 0          | 0          |   0.0 |  0.00
Output  | 0          | 0          | 0          |   0.0 |  0.00
Modify  | 0          | 0          | 0          |   0.0 |  0.00
Other   |            | 1.092e-06  |            |       |100.00

Nlocal:             18 ave          18 max          18 min
Histogram: 1 0 0 0 0 0 0 0 0 0
Nghost:           4869 ave        4869 max        4869 min
Histogram: 1 0 0 0 0 0 0 0 0 0
Neighs:              0 ave           0 max           0 min
Histogram: 1 0 0 0 0 0 0 0 0 0
FullNghs:        17870 ave       17870 max       17870 min
Histogram: 1 0 0 0 0 0 0 0 0 0

Total # of neighbors = 17870
Ave neighs/atom = 992.77778
Neighbor list builds = 0
Dangerous builds = 0
set atom * x 0.0 y 0.0 z 0.0
Setting atom values ...
  18 settings made for x
  18 settings made for y
  18 settings made for z
change_box all     x final 0 2.5434208587418645 y final 0 8.53046483864632 z final 0 6.341142534825468      xy final 3.3743520778759213 xz final 3.352921236705536 yz final -3.2466340964354394 units box
Changing box ...
  triclinic box = (0 0 0) to (2.5434209 8.5253573 6.342785) with tilt (3.3753403 3.3769353 -3.255625)
  triclinic box = (0 0 0) to (2.5434209 8.5304648 6.342785) with tilt (3.3753403 3.3769353 -3.255625)
  triclinic box = (0 0 0) to (2.5434209 8.5304648 6.3411425) with tilt (3.3753403 3.3769353 -3.255625)
  triclinic box = (0 0 0) to (2.5434209 8.5304648 6.3411425) with tilt (3.3743521 3.3769353 -3.255625)
  triclinic box = (0 0 0) to (2.5434209 8.5304648 6.3411425) with tilt (3.3743521 3.3529212 -3.255625)
  triclinic box = (0 0 0) to (2.5434209 8.5304648 6.3411425) with tilt (3.3743521 3.3529212 -3.2466341)
echo none
run 0
Per MPI rank memory allocation (min/avg/max) = 4.345 | 4.345 | 4.345 Mbytes
    PotEng          Pxx           E_mol          E_coul    
-77.026061     -43.106328      0              0            
Loop time of 1.424e-06 on 1 procs for 0 steps with 18 atoms

140.4% CPU use with 1 MPI tasks x 1 OpenMP threads

MPI task timing breakdown:
Section |  min time  |  avg time  |  max time  |%varavg| %total
---------------------------------------------------------------
Pair    | 0          | 0          | 0          |   0.0 |  0.00
Neigh   | 0          | 0          | 0          |   0.0 |  0.00
Comm    | 0          | 0          | 0          |   0.0 |  0.00
Output  | 0          | 0          | 0          |   0.0 |  0.00
Modify  | 0          | 0          | 0          |   0.0 |  0.00
Other   |            | 1.424e-06  |            |       |100.00

Nlocal:             18 ave          18 max          18 min
Histogram: 1 0 0 0 0 0 0 0 0 0
Nghost:           4869 ave        4869 max        4869 min
Histogram: 1 0 0 0 0 0 0 0 0 0
Neighs:              0 ave           0 max           0 min
Histogram: 1 0 0 0 0 0 0 0 0 0
FullNghs:        17874 ave       17874 max       17874 min
Histogram: 1 0 0 0 0 0 0 0 0 0

Total # of neighbors = 17874
Ave neighs/atom = 993
Neighbor list builds = 0
Dangerous builds = 0
set atom * x 0.0 y 0.0 z 0.0
Setting atom values ...
  18 settings made for x
  18 settings made for y
  18 settings made for z
change_box all     x final 0 2.5434208587418667 y final 0 8.530464838646317 z final 0 6.341142534825469      xy final 3.3743520778759235 xz final 3.3529212367055377 yz final -3.24663409643544 units box
Changing box ...
  triclinic box = (0 0 0) to (2.5434209 8.5304648 6.3411425) with tilt (3.3743521 3.3529212 -3.2466341)
  triclinic box = (0 0 0) to (2.5434209 8.5304648 6.3411425) with tilt (3.3743521 3.3529212 -3.2466341)
  triclinic box = (0 0 0) to (2.5434209 8.5304648 6.3411425) with tilt (3.3743521 3.3529212 -3.2466341)
  triclinic box = (0 0 0) to (2.5434209 8.5304648 6.3411425) with tilt (3.3743521 3.3529212 -3.2466341)
  triclinic box = (0 0 0) to (2.5434209 8.5304648 6.3411425) with tilt (3.3743521 3.3529212 -3.2466341)
  triclinic box = (0 0 0) to (2.5434209 8.5304648 6.3411425) with tilt (3.3743521 3.3529212 -3.2466341)
echo none
run 0
Per MPI rank memory allocation (min/avg/max) = 4.345 | 4.345 | 4.345 Mbytes
    PotEng          Pxx           E_mol          E_coul    
-77.026061     -43.106328      0              0            
Loop time of 1.631e-06 on 1 procs for 0 steps with 18 atoms

735.7% CPU use with 1 MPI tasks x 1 OpenMP threads

MPI task timing breakdown:
Section |  min time  |  avg time  |  max time  |%varavg| %total
---------------------------------------------------------------
Pair    | 0          | 0          | 0          |   0.0 |  0.00
Neigh   | 0          | 0          | 0          |   0.0 |  0.00
Comm    | 0          | 0          | 0          |   0.0 |  0.00
Output  | 0          | 0          | 0          |   0.0 |  0.00
Modify  | 0          | 0          | 0          |   0.0 |  0.00
Other   |            | 1.631e-06  |            |       |100.00

Nlocal:             18 ave          18 max          18 min
Histogram: 1 0 0 0 0 0 0 0 0 0
Nghost:           4869 ave        4869 max        4869 min
Histogram: 1 0 0 0 0 0 0 0 0 0
Neighs:              0 ave           0 max           0 min
Histogram: 1 0 0 0 0 0 0 0 0 0
FullNghs:        17874 ave       17874 max       17874 min
Histogram: 1 0 0 0 0 0 0 0 0 0

Total # of neighbors = 17874
Ave neighs/atom = 993
Neighbor list builds = 0
Dangerous builds = 0
set atom * x 0.0 y 0.0 z 0.0
Setting atom values ...
  18 settings made for x
  18 settings made for y
  18 settings made for z
change_box all     x final 0 2.543085719527688 y final 0 8.547533189943511 z final 0 6.334505112975243      xy final 3.3136268610119393 xz final 3.3273664625034858 yz final -3.234777319878129 units box
Changing box ...
  triclinic box = (0 0 0) to (2.5430857 8.5304648 6.3411425) with tilt (3.3743521 3.3529212 -3.2466341)
  triclinic box = (0 0 0) to (2.5430857 8.5475332 6.3411425) with tilt (3.3743521 3.3529212 -3.2466341)
  triclinic box = (0 0 0) to (2.5430857 8.5475332 6.3345051) with tilt (3.3743521 3.3529212 -3.2466341)
  triclinic box = (0 0 0) to (2.5430857 8.5475332 6.3345051) with tilt (3.3136269 3.3529212 -3.2466341)
  triclinic box = (0 0 0) to (2.5430857 8.5475332 6.3345051) with tilt (3.3136269 3.3273665 -3.2466341)
  triclinic box = (0 0 0) to (2.5430857 8.5475332 6.3345051) with tilt (3.3136269 3.3273665 -3.2347773)
echo none
run 0
Per MPI rank memory allocation (min/avg/max) = 4.345 | 4.345 | 4.345 Mbytes
    PotEng          Pxx           E_mol          E_coul    
-77.026474      329.12844      0              0            
Loop time of 1.696e-06 on 1 procs for 0 steps with 18 atoms

1002.4% CPU use with 1 MPI tasks x 1 OpenMP threads

MPI task timing breakdown:
Section |  min time  |  avg time  |  max time  |%varavg| %total
---------------------------------------------------------------
Pair    | 0          | 0          | 0          |   0.0 |  0.00
Neigh   | 0          | 0          | 0          |   0.0 |  0.00
Comm    | 0          | 0          | 0          |   0.0 |  0.00
Output  | 0          | 0          | 0          |   0.0 |  0.00
Modify  | 0          | 0          | 0          |   0.0 |  0.00
Other   |            | 1.696e-06  |            |       |100.00

Nlocal:             18 ave          18 max          18 min
Histogram: 1 0 0 0 0 0 0 0 0 0
Nghost:           4849 ave        4849 max        4849 min
Histogram: 1 0 0 0 0 0 0 0 0 0
Neighs:              0 ave           0 max           0 min
Histogram: 1 0 0 0 0 0 0 0 0 0
FullNghs:        17824 ave       17824 max       17824 min
Histogram: 1 0 0 0 0 0 0 0 0 0

Total # of neighbors = 17824
Ave neighs/atom = 990.22222
Neighbor list builds = 0
Dangerous builds = 0
set atom * x 0.0 y 0.0 z 0.0
Setting atom values ...
  18 settings made for x
  18 settings made for y
  18 settings made for z
change_box all     x final 0 2.5430857195276872 y final 0 8.54753318994351 z final 0 6.334505112975242      xy final 3.313626861011941 xz final 3.327366462503486 yz final -3.2347773198781296 units box
Changing box ...
  triclinic box = (0 0 0) to (2.5430857 8.5475332 6.3345051) with tilt (3.3136269 3.3273665 -3.2347773)
  triclinic box = (0 0 0) to (2.5430857 8.5475332 6.3345051) with tilt (3.3136269 3.3273665 -3.2347773)
  triclinic box = (0 0 0) to (2.5430857 8.5475332 6.3345051) with tilt (3.3136269 3.3273665 -3.2347773)
  triclinic box = (0 0 0) to (2.5430857 8.5475332 6.3345051) with tilt (3.3136269 3.3273665 -3.2347773)
  triclinic box = (0 0 0) to (2.5430857 8.5475332 6.3345051) with tilt (3.3136269 3.3273665 -3.2347773)
  triclinic box = (0 0 0) to (2.5430857 8.5475332 6.3345051) with tilt (3.3136269 3.3273665 -3.2347773)
echo none
run 0
Per MPI rank memory allocation (min/avg/max) = 4.345 | 4.345 | 4.345 Mbytes
    PotEng          Pxx           E_mol          E_coul    
-77.026474      329.12844      0              0            
Loop time of 1.577e-06 on 1 procs for 0 steps with 18 atoms

380.5% CPU use with 1 MPI tasks x 1 OpenMP threads

MPI task timing breakdown:
Section |  min time  |  avg time  |  max time  |%varavg| %total
---------------------------------------------------------------
Pair    | 0          | 0          | 0          |   0.0 |  0.00
Neigh   | 0          | 0          | 0          |   0.0 |  0.00
Comm    | 0          | 0          | 0          |   0.0 |  0.00
Output  | 0          | 0          | 0          |   0.0 |  0.00
Modify  | 0          | 0          | 0          |   0.0 |  0.00
Other   |            | 1.577e-06  |            |       |100.00

Nlocal:             18 ave          18 max          18 min
Histogram: 1 0 0 0 0 0 0 0 0 0
Nghost:           4849 ave        4849 max        4849 min
Histogram: 1 0 0 0 0 0 0 0 0 0
Neighs:              0 ave           0 max           0 min
Histogram: 1 0 0 0 0 0 0 0 0 0
FullNghs:        17824 ave       17824 max       17824 min
Histogram: 1 0 0 0 0 0 0 0 0 0

Total # of neighbors = 17824
Ave neighs/atom = 990.22222
Neighbor list builds = 0
Dangerous builds = 0
set atom * x 0.0 y 0.0 z 0.0
Setting atom values ...
  18 settings made for x
  18 settings made for y
  18 settings made for z
change_box all     x final 0 2.542879698015862 y final 0 8.554659191298798 z final 0 6.331772793447998      xy final 3.2684009960824296 xz final 3.3450031343146236 yz final -3.231322110192601 units box
Changing box ...
  triclinic box = (0 0 0) to (2.5428797 8.5475332 6.3345051) with tilt (3.3136269 3.3273665 -3.2347773)
  triclinic box = (0 0 0) to (2.5428797 8.5546592 6.3345051) with tilt (3.3136269 3.3273665 -3.2347773)
  triclinic box = (0 0 0) to (2.5428797 8.5546592 6.3317728) with tilt (3.3136269 3.3273665 -3.2347773)
  triclinic box = (0 0 0) to (2.5428797 8.5546592 6.3317728) with tilt (3.268401 3.3273665 -3.2347773)
  triclinic box = (0 0 0) to (2.5428797 8.5546592 6.3317728) with tilt (3.268401 3.3450031 -3.2347773)
  triclinic box = (0 0 0) to (2.5428797 8.5546592 6.3317728) with tilt (3.268401 3.3450031 -3.2313221)
echo none
run 0
Per MPI rank memory allocation (min/avg/max) = 4.345 | 4.345 | 4.345 Mbytes
    PotEng          Pxx           E_mol          E_coul    
-77.026738      541.69796      0              0            
Loop time of 1.789e-06 on 1 procs for 0 steps with 18 atoms

726.7% CPU use with 1 MPI tasks x 1 OpenMP threads

MPI task timing breakdown:
Section |  min time  |  avg time  |  max time  |%varavg| %total
---------------------------------------------------------------
Pair    | 0          | 0          | 0          |   0.0 |  0.00
Neigh   | 0          | 0          | 0          |   0.0 |  0.00
Comm    | 0          | 0          | 0          |   0.0 |  0.00
Output  | 0          | 0          | 0          |   0.0 |  0.00
Modify  | 0          | 0          | 0          |   0.0 |  0.00
Other   |            | 1.789e-06  |            |       |100.00

Nlocal:             18 ave          18 max          18 min
Histogram: 1 0 0 0 0 0 0 0 0 0
Nghost:           4849 ave        4849 max        4849 min
Histogram: 1 0 0 0 0 0 0 0 0 0
Neighs:              0 ave           0 max           0 min
Histogram: 1 0 0 0 0 0 0 0 0 0
FullNghs:        17824 ave       17824 max       17824 min
Histogram: 1 0 0 0 0 0 0 0 0 0

Total # of neighbors = 17824
Ave neighs/atom = 990.22222
Neighbor list builds = 0
Dangerous builds = 0
set atom * x 0.0 y 0.0 z 0.0
Setting atom values ...
  18 settings made for x
  18 settings made for y
  18 settings made for z
change_box all     x final 0 2.5428796980158603 y final 0 8.554659191298795 z final 0 6.331772793448      xy final 3.268400996082426 xz final 3.3450031343146227 yz final -3.2313221101926 units box
Changing box ...
  triclinic box = (0 0 0) to (2.5428797 8.5546592 6.3317728) with tilt (3.268401 3.3450031 -3.2313221)
  triclinic box = (0 0 0) to (2.5428797 8.5546592 6.3317728) with tilt (3.268401 3.3450031 -3.2313221)
  triclinic box = (0 0 0) to (2.5428797 8.5546592 6.3317728) with tilt (3.268401 3.3450031 -3.2313221)
  triclinic box = (0 0 0) to (2.5428797 8.5546592 6.3317728) with tilt (3.268401 3.3450031 -3.2313221)
  triclinic box = (0 0 0) to (2.5428797 8.5546592 6.3317728) with tilt (3.268401 3.3450031 -3.2313221)
  triclinic box = (0 0 0) to (2.5428797 8.5546592 6.3317728) with tilt (3.268401 3.3450031 -3.2313221)
echo none
run 0
Per MPI rank memory allocation (min/avg/max) = 4.345 | 4.345 | 4.345 Mbytes
    PotEng          Pxx           E_mol          E_coul    
-77.026738      541.69796      0              0            
Loop time of 1.063e-06 on 1 procs for 0 steps with 18 atoms

188.1% CPU use with 1 MPI tasks x 1 OpenMP threads

MPI task timing breakdown:
Section |  min time  |  avg time  |  max time  |%varavg| %total
---------------------------------------------------------------
Pair    | 0          | 0          | 0          |   0.0 |  0.00
Neigh   | 0          | 0          | 0          |   0.0 |  0.00
Comm    | 0          | 0          | 0          |   0.0 |  0.00
Output  | 0          | 0          | 0          |   0.0 |  0.00
Modify  | 0          | 0          | 0          |   0.0 |  0.00
Other   |            | 1.063e-06  |            |       |100.00

Nlocal:             18 ave          18 max          18 min
Histogram: 1 0 0 0 0 0 0 0 0 0
Nghost:           4849 ave        4849 max        4849 min
Histogram: 1 0 0 0 0 0 0 0 0 0
Neighs:              0 ave           0 max           0 min
Histogram: 1 0 0 0 0 0 0 0 0 0
FullNghs:        17824 ave       17824 max       17824 min
Histogram: 1 0 0 0 0 0 0 0 0 0

Total # of neighbors = 17824
Ave neighs/atom = 990.22222
Neighbor list builds = 0
Dangerous builds = 0
set atom * x 0.0 y 0.0 z 0.0
Setting atom values ...
  18 settings made for x
  18 settings made for y
  18 settings made for z
change_box all     x final 0 2.5432200339015303 y final 0 8.563621006933786 z final 0 6.3249189558233105      xy final 3.259397536446937 xz final 3.3714660246781576 yz final -3.2361619782996685 units box
Changing box ...
  triclinic box = (0 0 0) to (2.54322 8.5546592 6.3317728) with tilt (3.268401 3.3450031 -3.2313221)
  triclinic box = (0 0 0) to (2.54322 8.563621 6.3317728) with tilt (3.268401 3.3450031 -3.2313221)
  triclinic box = (0 0 0) to (2.54322 8.563621 6.324919) with tilt (3.268401 3.3450031 -3.2313221)
  triclinic box = (0 0 0) to (2.54322 8.563621 6.324919) with tilt (3.2593975 3.3450031 -3.2313221)
  triclinic box = (0 0 0) to (2.54322 8.563621 6.324919) with tilt (3.2593975 3.371466 -3.2313221)
  triclinic box = (0 0 0) to (2.54322 8.563621 6.324919) with tilt (3.2593975 3.371466 -3.236162)
echo none
run 0
Per MPI rank memory allocation (min/avg/max) = 4.345 | 4.345 | 4.345 Mbytes
    PotEng          Pxx           E_mol          E_coul    
-77.026897      8.694771       0              0            
Loop time of 1.081e-06 on 1 procs for 0 steps with 18 atoms

370.0% CPU use with 1 MPI tasks x 1 OpenMP threads

MPI task timing breakdown:
Section |  min time  |  avg time  |  max time  |%varavg| %total
---------------------------------------------------------------
Pair    | 0          | 0          | 0          |   0.0 |  0.00
Neigh   | 0          | 0          | 0          |   0.0 |  0.00
Comm    | 0          | 0          | 0          |   0.0 |  0.00
Output  | 0          | 0          | 0          |   0.0 |  0.00
Modify  | 0          | 0          | 0          |   0.0 |  0.00
Other   |            | 1.081e-06  |            |       |100.00

Nlocal:             18 ave          18 max          18 min
Histogram: 1 0 0 0 0 0 0 0 0 0
Nghost:           4849 ave        4849 max        4849 min
Histogram: 1 0 0 0 0 0 0 0 0 0
Neighs:              0 ave           0 max           0 min
Histogram: 1 0 0 0 0 0 0 0 0 0
FullNghs:        17836 ave       17836 max       17836 min
Histogram: 1 0 0 0 0 0 0 0 0 0

Total # of neighbors = 17836
Ave neighs/atom = 990.88889
Neighbor list builds = 0
Dangerous builds = 0
set atom * x 0.0 y 0.0 z 0.0
Setting atom values ...
  18 settings made for x
  18 settings made for y
  18 settings made for z
change_box all     x final 0 2.543220033901529 y final 0 8.563621006933785 z final 0 6.324918955823309      xy final 3.259397536446934 xz final 3.371466024678156 yz final -3.2361619782996702 units box
Changing box ...
  triclinic box = (0 0 0) to (2.54322 8.563621 6.324919) with tilt (3.2593975 3.371466 -3.236162)
  triclinic box = (0 0 0) to (2.54322 8.563621 6.324919) with tilt (3.2593975 3.371466 -3.236162)
  triclinic box = (0 0 0) to (2.54322 8.563621 6.324919) with tilt (3.2593975 3.371466 -3.236162)
  triclinic box = (0 0 0) to (2.54322 8.563621 6.324919) with tilt (3.2593975 3.371466 -3.236162)
  triclinic box = (0 0 0) to (2.54322 8.563621 6.324919) with tilt (3.2593975 3.371466 -3.236162)
  triclinic box = (0 0 0) to (2.54322 8.563621 6.324919) with tilt (3.2593975 3.371466 -3.236162)
echo none
run 0
Per MPI rank memory allocation (min/avg/max) = 4.345 | 4.345 | 4.345 Mbytes
    PotEng          Pxx           E_mol          E_coul    
-77.026897      8.694771       0              0            
Loop time of 1.731e-06 on 1 procs for 0 steps with 18 atoms

808.8% CPU use with 1 MPI tasks x 1 OpenMP threads

MPI task timing breakdown:
Section |  min time  |  avg time  |  max time  |%varavg| %total
---------------------------------------------------------------
Pair    | 0          | 0          | 0          |   0.0 |  0.00
Neigh   | 0          | 0          | 0          |   0.0 |  0.00
Comm    | 0          | 0          | 0          |   0.0 |  0.00
Output  | 0          | 0          | 0          |   0.0 |  0.00
Modify  | 0          | 0          | 0          |   0.0 |  0.00
Other   |            | 1.731e-06  |            |       |100.00

Nlocal:             18 ave          18 max          18 min
Histogram: 1 0 0 0 0 0 0 0 0 0
Nghost:           4849 ave        4849 max        4849 min
Histogram: 1 0 0 0 0 0 0 0 0 0
Neighs:              0 ave           0 max           0 min
Histogram: 1 0 0 0 0 0 0 0 0 0
FullNghs:        17836 ave       17836 max       17836 min
Histogram: 1 0 0 0 0 0 0 0 0 0

Total # of neighbors = 17836
Ave neighs/atom = 990.88889
Neighbor list builds = 0
Dangerous builds = 0
set atom * x 0.0 y 0.0 z 0.0
Setting atom values ...
  18 settings made for x
  18 settings made for y
  18 settings made for z
change_box all     x final 0 2.543077452319885 y final 0 8.563785393000652 z final 0 6.3262310670355095      xy final 3.2347279688340476 xz final 3.374722659340878 yz final -3.23397901250831 units box
Changing box ...
  triclinic box = (0 0 0) to (2.5430775 8.563621 6.324919) with tilt (3.2593975 3.371466 -3.236162)
  triclinic box = (0 0 0) to (2.5430775 8.5637854 6.324919) with tilt (3.2593975 3.371466 -3.236162)
  triclinic box = (0 0 0) to (2.5430775 8.5637854 6.3262311) with tilt (3.2593975 3.371466 -3.236162)
  triclinic box = (0 0 0) to (2.5430775 8.5637854 6.3262311) with tilt (3.234728 3.371466 -3.236162)
  triclinic box = (0 0 0) to (2.5430775 8.5637854 6.3262311) with tilt (3.234728 3.3747227 -3.236162)
  triclinic box = (0 0 0) to (2.5430775 8.5637854 6.3262311) with tilt (3.234728 3.3747227 -3.233979)
echo none
run 0
Per MPI rank memory allocation (min/avg/max) = 4.345 | 4.345 | 4.345 Mbytes
    PotEng          Pxx           E_mol          E_coul    
-77.026986      187.59603      0              0            
Loop time of 1.216e-06 on 1 procs for 0 steps with 18 atoms

411.2% CPU use with 1 MPI tasks x 1 OpenMP threads

MPI task timing breakdown:
Section |  min time  |  avg time  |  max time  |%varavg| %total
---------------------------------------------------------------
Pair    | 0          | 0          | 0          |   0.0 |  0.00
Neigh   | 0          | 0          | 0          |   0.0 |  0.00
Comm    | 0          | 0          | 0          |   0.0 |  0.00
Output  | 0          | 0          | 0          |   0.0 |  0.00
Modify  | 0          | 0          | 0          |   0.0 |  0.00
Other   |            | 1.216e-06  |            |       |100.00

Nlocal:             18 ave          18 max          18 min
Histogram: 1 0 0 0 0 0 0 0 0 0
Nghost:           4849 ave        4849 max        4849 min
Histogram: 1 0 0 0 0 0 0 0 0 0
Neighs:              0 ave           0 max           0 min
Histogram: 1 0 0 0 0 0 0 0 0 0
FullNghs:        17832 ave       17832 max       17832 min
Histogram: 1 0 0 0 0 0 0 0 0 0

Total # of neighbors = 17832
Ave neighs/atom = 990.66667
Neighbor list builds = 0
Dangerous builds = 0
set atom * x 0.0 y 0.0 z 0.0
Setting atom values ...
  18 settings made for x
  18 settings made for y
  18 settings made for z
change_box all     x final 0 2.543077452319886 y final 0 8.563785393000652 z final 0 6.32623106703551      xy final 3.2347279688340502 xz final 3.374722659340882 yz final -3.233979012508309 units box
Changing box ...
  triclinic box = (0 0 0) to (2.5430775 8.5637854 6.3262311) with tilt (3.234728 3.3747227 -3.233979)
  triclinic box = (0 0 0) to (2.5430775 8.5637854 6.3262311) with tilt (3.234728 3.3747227 -3.233979)
  triclinic box = (0 0 0) to (2.5430775 8.5637854 6.3262311) with tilt (3.234728 3.3747227 -3.233979)
  triclinic box = (0 0 0) to (2.5430775 8.5637854 6.3262311) with tilt (3.234728 3.3747227 -3.233979)
  triclinic box = (0 0 0) to (2.5430775 8.5637854 6.3262311) with tilt (3.234728 3.3747227 -3.233979)
  triclinic box = (0 0 0) to (2.5430775 8.5637854 6.3262311) with tilt (3.234728 3.3747227 -3.233979)
echo none
run 0
Per MPI rank memory allocation (min/avg/max) = 4.345 | 4.345 | 4.345 Mbytes
    PotEng          Pxx           E_mol          E_coul    
-77.026986      187.59603      0              0            
Loop time of 1.529e-06 on 1 procs for 0 steps with 18 atoms

1111.8% CPU use with 1 MPI tasks x 1 OpenMP threads

MPI task timing breakdown:
Section |  min time  |  avg time  |  max time  |%varavg| %total
---------------------------------------------------------------
Pair    | 0          | 0          | 0          |   0.0 |  0.00
Neigh   | 0          | 0          | 0          |   0.0 |  0.00
Comm    | 0          | 0          | 0          |   0.0 |  0.00
Output  | 0          | 0          | 0          |   0.0 |  0.00
Modify  | 0          | 0          | 0          |   0.0 |  0.00
Other   |            | 1.529e-06  |            |       |100.00

Nlocal:             18 ave          18 max          18 min
Histogram: 1 0 0 0 0 0 0 0 0 0
Nghost:           4849 ave        4849 max        4849 min
Histogram: 1 0 0 0 0 0 0 0 0 0
Neighs:              0 ave           0 max           0 min
Histogram: 1 0 0 0 0 0 0 0 0 0
FullNghs:        17832 ave       17832 max       17832 min
Histogram: 1 0 0 0 0 0 0 0 0 0

Total # of neighbors = 17832
Ave neighs/atom = 990.66667
Neighbor list builds = 0
Dangerous builds = 0
set atom * x 0.0 y 0.0 z 0.0
Setting atom values ...
  18 settings made for x
  18 settings made for y
  18 settings made for z
change_box all     x final 0 2.5431492789436274 y final 0 8.564216464920003 z final 0 6.325847332738006      xy final 3.2349310583987405 xz final 3.3810566028269444 yz final -3.2315233734910795 units box
Changing box ...
  triclinic box = (0 0 0) to (2.5431493 8.5637854 6.3262311) with tilt (3.234728 3.3747227 -3.233979)
  triclinic box = (0 0 0) to (2.5431493 8.5642165 6.3262311) with tilt (3.234728 3.3747227 -3.233979)
  triclinic box = (0 0 0) to (2.5431493 8.5642165 6.3258473) with tilt (3.234728 3.3747227 -3.233979)
  triclinic box = (0 0 0) to (2.5431493 8.5642165 6.3258473) with tilt (3.2349311 3.3747227 -3.233979)
  triclinic box = (0 0 0) to (2.5431493 8.5642165 6.3258473) with tilt (3.2349311 3.3810566 -3.233979)
  triclinic box = (0 0 0) to (2.5431493 8.5642165 6.3258473) with tilt (3.2349311 3.3810566 -3.2315234)
echo none
run 0
Per MPI rank memory allocation (min/avg/max) = 4.345 | 4.345 | 4.345 Mbytes
    PotEng          Pxx           E_mol          E_coul    
-77.027035      111.39839      0              0            
Loop time of 1.986e-06 on 1 procs for 0 steps with 18 atoms

604.2% CPU use with 1 MPI tasks x 1 OpenMP threads

MPI task timing breakdown:
Section |  min time  |  avg time  |  max time  |%varavg| %total
---------------------------------------------------------------
Pair    | 0          | 0          | 0          |   0.0 |  0.00
Neigh   | 0          | 0          | 0          |   0.0 |  0.00
Comm    | 0          | 0          | 0          |   0.0 |  0.00
Output  | 0          | 0          | 0          |   0.0 |  0.00
Modify  | 0          | 0          | 0          |   0.0 |  0.00
Other   |            | 1.986e-06  |            |       |100.00

Nlocal:             18 ave          18 max          18 min
Histogram: 1 0 0 0 0 0 0 0 0 0
Nghost:           4849 ave        4849 max        4849 min
Histogram: 1 0 0 0 0 0 0 0 0 0
Neighs:              0 ave           0 max           0 min
Histogram: 1 0 0 0 0 0 0 0 0 0
FullNghs:        17834 ave       17834 max       17834 min
Histogram: 1 0 0 0 0 0 0 0 0 0

Total # of neighbors = 17834
Ave neighs/atom = 990.77778
Neighbor list builds = 0
Dangerous builds = 0
set atom * x 0.0 y 0.0 z 0.0
Setting atom values ...
  18 settings made for x
  18 settings made for y
  18 settings made for z
change_box all     x final 0 2.543149278943629 y final 0 8.564216464920003 z final 0 6.325847332738006      xy final 3.2349310583987423 xz final 3.3810566028269506 yz final -3.2315233734910818 units box
Changing box ...
  triclinic box = (0 0 0) to (2.5431493 8.5642165 6.3258473) with tilt (3.2349311 3.3810566 -3.2315234)
  triclinic box = (0 0 0) to (2.5431493 8.5642165 6.3258473) with tilt (3.2349311 3.3810566 -3.2315234)
  triclinic box = (0 0 0) to (2.5431493 8.5642165 6.3258473) with tilt (3.2349311 3.3810566 -3.2315234)
  triclinic box = (0 0 0) to (2.5431493 8.5642165 6.3258473) with tilt (3.2349311 3.3810566 -3.2315234)
  triclinic box = (0 0 0) to (2.5431493 8.5642165 6.3258473) with tilt (3.2349311 3.3810566 -3.2315234)
  triclinic box = (0 0 0) to (2.5431493 8.5642165 6.3258473) with tilt (3.2349311 3.3810566 -3.2315234)
echo none
run 0
Per MPI rank memory allocation (min/avg/max) = 4.345 | 4.345 | 4.345 Mbytes
    PotEng          Pxx           E_mol          E_coul    
-77.027035      111.39839      0              0            
Loop time of 9.9e-07 on 1 procs for 0 steps with 18 atoms

202.0% CPU use with 1 MPI tasks x 1 OpenMP threads

MPI task timing breakdown:
Section |  min time  |  avg time  |  max time  |%varavg| %total
---------------------------------------------------------------
Pair    | 0          | 0          | 0          |   0.0 |  0.00
Neigh   | 0          | 0          | 0          |   0.0 |  0.00
Comm    | 0          | 0          | 0          |   0.0 |  0.00
Output  | 0          | 0          | 0          |   0.0 |  0.00
Modify  | 0          | 0          | 0          |   0.0 |  0.00
Other   |            | 9.9e-07    |            |       |100.00

Nlocal:             18 ave          18 max          18 min
Histogram: 1 0 0 0 0 0 0 0 0 0
Nghost:           4849 ave        4849 max        4849 min
Histogram: 1 0 0 0 0 0 0 0 0 0
Neighs:              0 ave           0 max           0 min
Histogram: 1 0 0 0 0 0 0 0 0 0
FullNghs:        17834 ave       17834 max       17834 min
Histogram: 1 0 0 0 0 0 0 0 0 0

Total # of neighbors = 17834
Ave neighs/atom = 990.77778
Neighbor list builds = 0
Dangerous builds = 0
set atom * x 0.0 y 0.0 z 0.0
Setting atom values ...
  18 settings made for x
  18 settings made for y
  18 settings made for z
change_box all     x final 0 2.5431513867660587 y final 0 8.567752719399074 z final 0 6.3243151755463725      xy final 3.2339002002938217 xz final 3.3830055295763706 yz final -3.2274894819914177 units box
Changing box ...
  triclinic box = (0 0 0) to (2.5431514 8.5642165 6.3258473) with tilt (3.2349311 3.3810566 -3.2315234)
  triclinic box = (0 0 0) to (2.5431514 8.5677527 6.3258473) with tilt (3.2349311 3.3810566 -3.2315234)
  triclinic box = (0 0 0) to (2.5431514 8.5677527 6.3243152) with tilt (3.2349311 3.3810566 -3.2315234)
  triclinic box = (0 0 0) to (2.5431514 8.5677527 6.3243152) with tilt (3.2339002 3.3810566 -3.2315234)
  triclinic box = (0 0 0) to (2.5431514 8.5677527 6.3243152) with tilt (3.2339002 3.3830055 -3.2315234)
  triclinic box = (0 0 0) to (2.5431514 8.5677527 6.3243152) with tilt (3.2339002 3.3830055 -3.2274895)
echo none
run 0
Per MPI rank memory allocation (min/avg/max) = 4.345 | 4.345 | 4.345 Mbytes
    PotEng          Pxx           E_mol          E_coul    
-77.027084      88.43614       0              0            
Loop time of 1.605e-06 on 1 procs for 0 steps with 18 atoms

1246.1% CPU use with 1 MPI tasks x 1 OpenMP threads

MPI task timing breakdown:
Section |  min time  |  avg time  |  max time  |%varavg| %total
---------------------------------------------------------------
Pair    | 0          | 0          | 0          |   0.0 |  0.00
Neigh   | 0          | 0          | 0          |   0.0 |  0.00
Comm    | 0          | 0          | 0          |   0.0 |  0.00
Output  | 0          | 0          | 0          |   0.0 |  0.00
Modify  | 0          | 0          | 0          |   0.0 |  0.00
Other   |            | 1.605e-06  |            |       |100.00

Nlocal:             18 ave          18 max          18 min
Histogram: 1 0 0 0 0 0 0 0 0 0
Nghost:           4849 ave        4849 max        4849 min
Histogram: 1 0 0 0 0 0 0 0 0 0
Neighs:              0 ave           0 max           0 min
Histogram: 1 0 0 0 0 0 0 0 0 0
FullNghs:        17830 ave       17830 max       17830 min
Histogram: 1 0 0 0 0 0 0 0 0 0

Total # of neighbors = 17830
Ave neighs/atom = 990.55556
Neighbor list builds = 0
Dangerous builds = 0
set atom * x 0.0 y 0.0 z 0.0
Setting atom values ...
  18 settings made for x
  18 settings made for y
  18 settings made for z
change_box all     x final 0 2.543151386766059 y final 0 8.567752719399076 z final 0 6.324315175546374      xy final 3.233900200293822 xz final 3.383005529576371 yz final -3.227489481991417 units box
Changing box ...
  triclinic box = (0 0 0) to (2.5431514 8.5677527 6.3243152) with tilt (3.2339002 3.3830055 -3.2274895)
  triclinic box = (0 0 0) to (2.5431514 8.5677527 6.3243152) with tilt (3.2339002 3.3830055 -3.2274895)
  triclinic box = (0 0 0) to (2.5431514 8.5677527 6.3243152) with tilt (3.2339002 3.3830055 -3.2274895)
  triclinic box = (0 0 0) to (2.5431514 8.5677527 6.3243152) with tilt (3.2339002 3.3830055 -3.2274895)
  triclinic box = (0 0 0) to (2.5431514 8.5677527 6.3243152) with tilt (3.2339002 3.3830055 -3.2274895)
  triclinic box = (0 0 0) to (2.5431514 8.5677527 6.3243152) with tilt (3.2339002 3.3830055 -3.2274895)
echo none
run 0
Per MPI rank memory allocation (min/avg/max) = 4.345 | 4.345 | 4.345 Mbytes
    PotEng          Pxx           E_mol          E_coul    
-77.027084      88.43614       0              0            
Loop time of 1.755e-06 on 1 procs for 0 steps with 18 atoms

626.8% CPU use with 1 MPI tasks x 1 OpenMP threads

MPI task timing breakdown:
Section |  min time  |  avg time  |  max time  |%varavg| %total
---------------------------------------------------------------
Pair    | 0          | 0          | 0          |   0.0 |  0.00
Neigh   | 0          | 0          | 0          |   0.0 |  0.00
Comm    | 0          | 0          | 0          |   0.0 |  0.00
Output  | 0          | 0          | 0          |   0.0 |  0.00
Modify  | 0          | 0          | 0          |   0.0 |  0.00
Other   |            | 1.755e-06  |            |       |100.00

Nlocal:             18 ave          18 max          18 min
Histogram: 1 0 0 0 0 0 0 0 0 0
Nghost:           4849 ave        4849 max        4849 min
Histogram: 1 0 0 0 0 0 0 0 0 0
Neighs:              0 ave           0 max           0 min
Histogram: 1 0 0 0 0 0 0 0 0 0
FullNghs:        17830 ave       17830 max       17830 min
Histogram: 1 0 0 0 0 0 0 0 0 0

Total # of neighbors = 17830
Ave neighs/atom = 990.55556
Neighbor list builds = 0
Dangerous builds = 0
set atom * x 0.0 y 0.0 z 0.0
Setting atom values ...
  18 settings made for x
  18 settings made for y
  18 settings made for z
change_box all     x final 0 2.543146679495919 y final 0 8.56792216818698 z final 0 6.324429987620683      xy final 3.2359896338938987 xz final 3.3783547121901134 yz final -3.225661859946818 units box
Changing box ...
  triclinic box = (0 0 0) to (2.5431467 8.5677527 6.3243152) with tilt (3.2339002 3.3830055 -3.2274895)
  triclinic box = (0 0 0) to (2.5431467 8.5679222 6.3243152) with tilt (3.2339002 3.3830055 -3.2274895)
  triclinic box = (0 0 0) to (2.5431467 8.5679222 6.32443) with tilt (3.2339002 3.3830055 -3.2274895)
  triclinic box = (0 0 0) to (2.5431467 8.5679222 6.32443) with tilt (3.2359896 3.3830055 -3.2274895)
  triclinic box = (0 0 0) to (2.5431467 8.5679222 6.32443) with tilt (3.2359896 3.3783547 -3.2274895)
  triclinic box = (0 0 0) to (2.5431467 8.5679222 6.32443) with tilt (3.2359896 3.3783547 -3.2256619)
echo none
run 0
Per MPI rank memory allocation (min/avg/max) = 4.345 | 4.345 | 4.345 Mbytes
    PotEng          Pxx           E_mol          E_coul    
-77.027122      109.09454      0              0            
Loop time of 1.452e-06 on 1 procs for 0 steps with 18 atoms

688.7% CPU use with 1 MPI tasks x 1 OpenMP threads

MPI task timing breakdown:
Section |  min time  |  avg time  |  max time  |%varavg| %total
---------------------------------------------------------------
Pair    | 0          | 0          | 0          |   0.0 |  0.00
Neigh   | 0          | 0          | 0          |   0.0 |  0.00
Comm    | 0          | 0          | 0          |   0.0 |  0.00
Output  | 0          | 0          | 0          |   0.0 |  0.00
Modify  | 0          | 0          | 0          |   0.0 |  0.00
Other   |            | 1.452e-06  |            |       |100.00

Nlocal:             18 ave          18 max          18 min
Histogram: 1 0 0 0 0 0 0 0 0 0
Nghost:           4849 ave        4849 max        4849 min
Histogram: 1 0 0 0 0 0 0 0 0 0
Neighs:              0 ave           0 max           0 min
Histogram: 1 0 0 0 0 0 0 0 0 0
FullNghs:        17828 ave       17828 max       17828 min
Histogram: 1 0 0 0 0 0 0 0 0 0

Total # of neighbors = 17828
Ave neighs/atom = 990.44444
Neighbor list builds = 0
Dangerous builds = 0
set atom * x 0.0 y 0.0 z 0.0
Setting atom values ...
  18 settings made for x
  18 settings made for y
  18 settings made for z
change_box all     x final 0 2.5431466794959183 y final 0 8.56792216818698 z final 0 6.324429987620683      xy final 3.235989633893899 xz final 3.3783547121901085 yz final -3.2256618599468165 units box
Changing box ...
  triclinic box = (0 0 0) to (2.5431467 8.5679222 6.32443) with tilt (3.2359896 3.3783547 -3.2256619)
  triclinic box = (0 0 0) to (2.5431467 8.5679222 6.32443) with tilt (3.2359896 3.3783547 -3.2256619)
  triclinic box = (0 0 0) to (2.5431467 8.5679222 6.32443) with tilt (3.2359896 3.3783547 -3.2256619)
  triclinic box = (0 0 0) to (2.5431467 8.5679222 6.32443) with tilt (3.2359896 3.3783547 -3.2256619)
  triclinic box = (0 0 0) to (2.5431467 8.5679222 6.32443) with tilt (3.2359896 3.3783547 -3.2256619)
  triclinic box = (0 0 0) to (2.5431467 8.5679222 6.32443) with tilt (3.2359896 3.3783547 -3.2256619)
echo none
run 0
Per MPI rank memory allocation (min/avg/max) = 4.345 | 4.345 | 4.345 Mbytes
    PotEng          Pxx           E_mol          E_coul    
-77.027122      109.09454      0              0            
Loop time of 1.086e-06 on 1 procs for 0 steps with 18 atoms

184.2% CPU use with 1 MPI tasks x 1 OpenMP threads

MPI task timing breakdown:
Section |  min time  |  avg time  |  max time  |%varavg| %total
---------------------------------------------------------------
Pair    | 0          | 0          | 0          |   0.0 |  0.00
Neigh   | 0          | 0          | 0          |   0.0 |  0.00
Comm    | 0          | 0          | 0          |   0.0 |  0.00
Output  | 0          | 0          | 0          |   0.0 |  0.00
Modify  | 0          | 0          | 0          |   0.0 |  0.00
Other   |            | 1.086e-06  |            |       |100.00

Nlocal:             18 ave          18 max          18 min
Histogram: 1 0 0 0 0 0 0 0 0 0
Nghost:           4849 ave        4849 max        4849 min
Histogram: 1 0 0 0 0 0 0 0 0 0
Neighs:              0 ave           0 max           0 min
Histogram: 1 0 0 0 0 0 0 0 0 0
FullNghs:        17828 ave       17828 max       17828 min
Histogram: 1 0 0 0 0 0 0 0 0 0

Total # of neighbors = 17828
Ave neighs/atom = 990.44444
Neighbor list builds = 0
Dangerous builds = 0
set atom * x 0.0 y 0.0 z 0.0
Setting atom values ...
  18 settings made for x
  18 settings made for y
  18 settings made for z
change_box all     x final 0 2.5431566781139026 y final 0 8.567700395048426 z final 0 6.32398611729574      xy final 3.2432062422542924 xz final 3.3681660334636683 yz final -3.2265556924516594 units box
Changing box ...
  triclinic box = (0 0 0) to (2.5431567 8.5679222 6.32443) with tilt (3.2359896 3.3783547 -3.2256619)
  triclinic box = (0 0 0) to (2.5431567 8.5677004 6.32443) with tilt (3.2359896 3.3783547 -3.2256619)
  triclinic box = (0 0 0) to (2.5431567 8.5677004 6.3239861) with tilt (3.2359896 3.3783547 -3.2256619)
  triclinic box = (0 0 0) to (2.5431567 8.5677004 6.3239861) with tilt (3.2432062 3.3783547 -3.2256619)
  triclinic box = (0 0 0) to (2.5431567 8.5677004 6.3239861) with tilt (3.2432062 3.368166 -3.2256619)
  triclinic box = (0 0 0) to (2.5431567 8.5677004 6.3239861) with tilt (3.2432062 3.368166 -3.2265557)
echo none
run 0
Per MPI rank memory allocation (min/avg/max) = 4.345 | 4.345 | 4.345 Mbytes
    PotEng          Pxx           E_mol          E_coul    
-77.027152      80.459262      0              0            
Loop time of 1.141e-06 on 1 procs for 0 steps with 18 atoms

876.4% CPU use with 1 MPI tasks x 1 OpenMP threads

MPI task timing breakdown:
Section |  min time  |  avg time  |  max time  |%varavg| %total
---------------------------------------------------------------
Pair    | 0          | 0          | 0          |   0.0 |  0.00
Neigh   | 0          | 0          | 0          |   0.0 |  0.00
Comm    | 0          | 0          | 0          |   0.0 |  0.00
Output  | 0          | 0          | 0          |   0.0 |  0.00
Modify  | 0          | 0          | 0          |   0.0 |  0.00
Other   |            | 1.141e-06  |            |       |100.00

Nlocal:             18 ave          18 max          18 min
Histogram: 1 0 0 0 0 0 0 0 0 0
Nghost:           4849 ave        4849 max        4849 min
Histogram: 1 0 0 0 0 0 0 0 0 0
Neighs:              0 ave           0 max           0 min
Histogram: 1 0 0 0 0 0 0 0 0 0
FullNghs:        17830 ave       17830 max       17830 min
Histogram: 1 0 0 0 0 0 0 0 0 0

Total # of neighbors = 17830
Ave neighs/atom = 990.55556
Neighbor list builds = 0
Dangerous builds = 0
set atom * x 0.0 y 0.0 z 0.0
Setting atom values ...
  18 settings made for x
  18 settings made for y
  18 settings made for z
change_box all     x final 0 2.5431566781138986 y final 0 8.56770039504842 z final 0 6.323986117295739      xy final 3.243206242254286 xz final 3.3681660334636616 yz final -3.2265556924516607 units box
Changing box ...
  triclinic box = (0 0 0) to (2.5431567 8.5677004 6.3239861) with tilt (3.2432062 3.368166 -3.2265557)
  triclinic box = (0 0 0) to (2.5431567 8.5677004 6.3239861) with tilt (3.2432062 3.368166 -3.2265557)
  triclinic box = (0 0 0) to (2.5431567 8.5677004 6.3239861) with tilt (3.2432062 3.368166 -3.2265557)
  triclinic box = (0 0 0) to (2.5431567 8.5677004 6.3239861) with tilt (3.2432062 3.368166 -3.2265557)
  triclinic box = (0 0 0) to (2.5431567 8.5677004 6.3239861) with tilt (3.2432062 3.368166 -3.2265557)
  triclinic box = (0 0 0) to (2.5431567 8.5677004 6.3239861) with tilt (3.2432062 3.368166 -3.2265557)
echo none
run 0
Per MPI rank memory allocation (min/avg/max) = 4.345 | 4.345 | 4.345 Mbytes
    PotEng          Pxx           E_mol          E_coul    
-77.027152      80.459262      0              0            
Loop time of 1.691e-06 on 1 procs for 0 steps with 18 atoms

473.1% CPU use with 1 MPI tasks x 1 OpenMP threads

MPI task timing breakdown:
Section |  min time  |  avg time  |  max time  |%varavg| %total
---------------------------------------------------------------
Pair    | 0          | 0          | 0          |   0.0 |  0.00
Neigh   | 0          | 0          | 0          |   0.0 |  0.00
Comm    | 0          | 0          | 0          |   0.0 |  0.00
Output  | 0          | 0          | 0          |   0.0 |  0.00
Modify  | 0          | 0          | 0          |   0.0 |  0.00
Other   |            | 1.691e-06  |            |       |100.00

Nlocal:             18 ave          18 max          18 min
Histogram: 1 0 0 0 0 0 0 0 0 0
Nghost:           4849 ave        4849 max        4849 min
Histogram: 1 0 0 0 0 0 0 0 0 0
Neighs:              0 ave           0 max           0 min
Histogram: 1 0 0 0 0 0 0 0 0 0
FullNghs:        17830 ave       17830 max       17830 min
Histogram: 1 0 0 0 0 0 0 0 0 0

Total # of neighbors = 17830
Ave neighs/atom = 990.55556
Neighbor list builds = 0
Dangerous builds = 0
set atom * x 0.0 y 0.0 z 0.0
Setting atom values ...
  18 settings made for x
  18 settings made for y
  18 settings made for z
change_box all     x final 0 2.543188631513189 y final 0 8.565609522570144 z final 0 6.3242398004408065      xy final 3.2515483872025412 xz final 3.355553597865739 yz final -3.2296375648974633 units box
Changing box ...
  triclinic box = (0 0 0) to (2.5431886 8.5677004 6.3239861) with tilt (3.2432062 3.368166 -3.2265557)
  triclinic box = (0 0 0) to (2.5431886 8.5656095 6.3239861) with tilt (3.2432062 3.368166 -3.2265557)
  triclinic box = (0 0 0) to (2.5431886 8.5656095 6.3242398) with tilt (3.2432062 3.368166 -3.2265557)
  triclinic box = (0 0 0) to (2.5431886 8.5656095 6.3242398) with tilt (3.2515484 3.368166 -3.2265557)
  triclinic box = (0 0 0) to (2.5431886 8.5656095 6.3242398) with tilt (3.2515484 3.3555536 -3.2265557)
  triclinic box = (0 0 0) to (2.5431886 8.5656095 6.3242398) with tilt (3.2515484 3.3555536 -3.2296376)
echo none
run 0
Per MPI rank memory allocation (min/avg/max) = 4.345 | 4.345 | 4.345 Mbytes
    PotEng          Pxx           E_mol          E_coul    
-77.027176      41.575929      0              0            
Loop time of 2.089e-06 on 1 procs for 0 steps with 18 atoms

813.8% CPU use with 1 MPI tasks x 1 OpenMP threads

MPI task timing breakdown:
Section |  min time  |  avg time  |  max time  |%varavg| %total
---------------------------------------------------------------
Pair    | 0          | 0          | 0          |   0.0 |  0.00
Neigh   | 0          | 0          | 0          |   0.0 |  0.00
Comm    | 0          | 0          | 0          |   0.0 |  0.00
Output  | 0          | 0          | 0          |   0.0 |  0.00
Modify  | 0          | 0          | 0          |   0.0 |  0.00
Other   |            | 2.089e-06  |            |       |100.00

Nlocal:             18 ave          18 max          18 min
Histogram: 1 0 0 0 0 0 0 0 0 0
Nghost:           4849 ave        4849 max        4849 min
Histogram: 1 0 0 0 0 0 0 0 0 0
Neighs:              0 ave           0 max           0 min
Histogram: 1 0 0 0 0 0 0 0 0 0
FullNghs:        17840 ave       17840 max       17840 min
Histogram: 1 0 0 0 0 0 0 0 0 0

Total # of neighbors = 17840
Ave neighs/atom = 991.11111
Neighbor list builds = 0
Dangerous builds = 0
set atom * x 0.0 y 0.0 z 0.0
Setting atom values ...
  18 settings made for x
  18 settings made for y
  18 settings made for z
change_box all     x final 0 2.543345393894036 y final 0 8.557217223415645 z final 0 6.325207715133799      xy final 3.2849510880777832 xz final 3.3050879899575505 yz final -3.2418775162866416 units box
Changing box ...
  triclinic box = (0 0 0) to (2.5433454 8.5656095 6.3242398) with tilt (3.2515484 3.3555536 -3.2296376)
  triclinic box = (0 0 0) to (2.5433454 8.5572172 6.3242398) with tilt (3.2515484 3.3555536 -3.2296376)
  triclinic box = (0 0 0) to (2.5433454 8.5572172 6.3252077) with tilt (3.2515484 3.3555536 -3.2296376)
  triclinic box = (0 0 0) to (2.5433454 8.5572172 6.3252077) with tilt (3.2849511 3.3555536 -3.2296376)
  triclinic box = (0 0 0) to (2.5433454 8.5572172 6.3252077) with tilt (3.2849511 3.305088 -3.2296376)
  triclinic box = (0 0 0) to (2.5433454 8.5572172 6.3252077) with tilt (3.2849511 3.305088 -3.2418775)
echo none
run 0
Per MPI rank memory allocation (min/avg/max) = 4.345 | 4.345 | 4.345 Mbytes
    PotEng          Pxx           E_mol          E_coul    
-77.0271       -152.90614      0              0            
Loop time of 1.587e-06 on 1 procs for 0 steps with 18 atoms

882.2% CPU use with 1 MPI tasks x 1 OpenMP threads

MPI task timing breakdown:
Section |  min time  |  avg time  |  max time  |%varavg| %total
---------------------------------------------------------------
Pair    | 0          | 0          | 0          |   0.0 |  0.00
Neigh   | 0          | 0          | 0          |   0.0 |  0.00
Comm    | 0          | 0          | 0          |   0.0 |  0.00
Output  | 0          | 0          | 0          |   0.0 |  0.00
Modify  | 0          | 0          | 0          |   0.0 |  0.00
Other   |            | 1.587e-06  |            |       |100.00

Nlocal:             18 ave          18 max          18 min
Histogram: 1 0 0 0 0 0 0 0 0 0
Nghost:           4849 ave        4849 max        4849 min
Histogram: 1 0 0 0 0 0 0 0 0 0
Neighs:              0 ave           0 max           0 min
Histogram: 1 0 0 0 0 0 0 0 0 0
FullNghs:        17844 ave       17844 max       17844 min
Histogram: 1 0 0 0 0 0 0 0 0 0

Total # of neighbors = 17844
Ave neighs/atom = 991.33333
Neighbor list builds = 0
Dangerous builds = 0
set atom * x 0.0 y 0.0 z 0.0
Setting atom values ...
  18 settings made for x
  18 settings made for y
  18 settings made for z
change_box all     x final 0 2.5432207703893788 y final 0 8.563672573509567 z final 0 6.324470327183921      xy final 3.2592692284378466 xz final 3.3438836911012384 yz final -3.232480996038852 units box
Changing box ...
  triclinic box = (0 0 0) to (2.5432208 8.5572172 6.3252077) with tilt (3.2849511 3.305088 -3.2418775)
  triclinic box = (0 0 0) to (2.5432208 8.5636726 6.3252077) with tilt (3.2849511 3.305088 -3.2418775)
  triclinic box = (0 0 0) to (2.5432208 8.5636726 6.3244703) with tilt (3.2849511 3.305088 -3.2418775)
  triclinic box = (0 0 0) to (2.5432208 8.5636726 6.3244703) with tilt (3.2592692 3.305088 -3.2418775)
  triclinic box = (0 0 0) to (2.5432208 8.5636726 6.3244703) with tilt (3.2592692 3.3438837 -3.2418775)
  triclinic box = (0 0 0) to (2.5432208 8.5636726 6.3244703) with tilt (3.2592692 3.3438837 -3.232481)
echo none
run 0
Per MPI rank memory allocation (min/avg/max) = 4.345 | 4.345 | 4.345 Mbytes
    PotEng          Pxx           E_mol          E_coul    
-77.027183      2.1509159      0              0            
Loop time of 1.572e-06 on 1 procs for 0 steps with 18 atoms

572.5% CPU use with 1 MPI tasks x 1 OpenMP threads

MPI task timing breakdown:
Section |  min time  |  avg time  |  max time  |%varavg| %total
---------------------------------------------------------------
Pair    | 0          | 0          | 0          |   0.0 |  0.00
Neigh   | 0          | 0          | 0          |   0.0 |  0.00
Comm    | 0          | 0          | 0          |   0.0 |  0.00
Output  | 0          | 0          | 0          |   0.0 |  0.00
Modify  | 0          | 0          | 0          |   0.0 |  0.00
Other   |            | 1.572e-06  |            |       |100.00

Nlocal:             18 ave          18 max          18 min
Histogram: 1 0 0 0 0 0 0 0 0 0
Nghost:           4849 ave        4849 max        4849 min
Histogram: 1 0 0 0 0 0 0 0 0 0
Neighs:              0 ave           0 max           0 min
Histogram: 1 0 0 0 0 0 0 0 0 0
FullNghs:        17846 ave       17846 max       17846 min
Histogram: 1 0 0 0 0 0 0 0 0 0

Total # of neighbors = 17846
Ave neighs/atom = 991.44444
Neighbor list builds = 0
Dangerous builds = 0
set atom * x 0.0 y 0.0 z 0.0
Setting atom values ...
  18 settings made for x
  18 settings made for y
  18 settings made for z
change_box all     x final 0 2.5432207703893805 y final 0 8.563672573509567 z final 0 6.32447032718392      xy final 3.259269228437849 xz final 3.3438836911012433 yz final -3.2324809960388525 units box
Changing box ...
  triclinic box = (0 0 0) to (2.5432208 8.5636726 6.3244703) with tilt (3.2592692 3.3438837 -3.232481)
  triclinic box = (0 0 0) to (2.5432208 8.5636726 6.3244703) with tilt (3.2592692 3.3438837 -3.232481)
  triclinic box = (0 0 0) to (2.5432208 8.5636726 6.3244703) with tilt (3.2592692 3.3438837 -3.232481)
  triclinic box = (0 0 0) to (2.5432208 8.5636726 6.3244703) with tilt (3.2592692 3.3438837 -3.232481)
  triclinic box = (0 0 0) to (2.5432208 8.5636726 6.3244703) with tilt (3.2592692 3.3438837 -3.232481)
  triclinic box = (0 0 0) to (2.5432208 8.5636726 6.3244703) with tilt (3.2592692 3.3438837 -3.232481)
echo none
run 0
Per MPI rank memory allocation (min/avg/max) = 4.345 | 4.345 | 4.345 Mbytes
    PotEng          Pxx           E_mol          E_coul    
-77.027183      2.1509159      0              0            
Loop time of 1.164e-06 on 1 procs for 0 steps with 18 atoms

429.6% CPU use with 1 MPI tasks x 1 OpenMP threads

MPI task timing breakdown:
Section |  min time  |  avg time  |  max time  |%varavg| %total
---------------------------------------------------------------
Pair    | 0          | 0          | 0          |   0.0 |  0.00
Neigh   | 0          | 0          | 0          |   0.0 |  0.00
Comm    | 0          | 0          | 0          |   0.0 |  0.00
Output  | 0          | 0          | 0          |   0.0 |  0.00
Modify  | 0          | 0          | 0          |   0.0 |  0.00
Other   |            | 1.164e-06  |            |       |100.00

Nlocal:             18 ave          18 max          18 min
Histogram: 1 0 0 0 0 0 0 0 0 0
Nghost:           4849 ave        4849 max        4849 min
Histogram: 1 0 0 0 0 0 0 0 0 0
Neighs:              0 ave           0 max           0 min
Histogram: 1 0 0 0 0 0 0 0 0 0
FullNghs:        17846 ave       17846 max       17846 min
Histogram: 1 0 0 0 0 0 0 0 0 0

Total # of neighbors = 17846
Ave neighs/atom = 991.44444
Neighbor list builds = 0
Dangerous builds = 0
set atom * x 0.0 y 0.0 z 0.0
Setting atom values ...
  18 settings made for x
  18 settings made for y
  18 settings made for z
change_box all     x final 0 2.543201022064428 y final 0 8.563861795937727 z final 0 6.323539781710289      xy final 3.259607600822251 xz final 3.3381498005373866 yz final -3.23506764950769 units box
Changing box ...
  triclinic box = (0 0 0) to (2.543201 8.5636726 6.3244703) with tilt (3.2592692 3.3438837 -3.232481)
  triclinic box = (0 0 0) to (2.543201 8.5638618 6.3244703) with tilt (3.2592692 3.3438837 -3.232481)
  triclinic box = (0 0 0) to (2.543201 8.5638618 6.3235398) with tilt (3.2592692 3.3438837 -3.232481)
  triclinic box = (0 0 0) to (2.543201 8.5638618 6.3235398) with tilt (3.2596076 3.3438837 -3.232481)
  triclinic box = (0 0 0) to (2.543201 8.5638618 6.3235398) with tilt (3.2596076 3.3381498 -3.232481)
  triclinic box = (0 0 0) to (2.543201 8.5638618 6.3235398) with tilt (3.2596076 3.3381498 -3.2350676)
echo none
run 0
Per MPI rank memory allocation (min/avg/max) = 4.345 | 4.345 | 4.345 Mbytes
    PotEng          Pxx           E_mol          E_coul    
-77.027211      0.74942938     0              0            
Loop time of 1.634e-06 on 1 procs for 0 steps with 18 atoms

856.8% CPU use with 1 MPI tasks x 1 OpenMP threads

MPI task timing breakdown:
Section |  min time  |  avg time  |  max time  |%varavg| %total
---------------------------------------------------------------
Pair    | 0          | 0          | 0          |   0.0 |  0.00
Neigh   | 0          | 0          | 0          |   0.0 |  0.00
Comm    | 0          | 0          | 0          |   0.0 |  0.00
Output  | 0          | 0          | 0          |   0.0 |  0.00
Modify  | 0          | 0          | 0          |   0.0 |  0.00
Other   |            | 1.634e-06  |            |       |100.00

Nlocal:             18 ave          18 max          18 min
Histogram: 1 0 0 0 0 0 0 0 0 0
Nghost:           4849 ave        4849 max        4849 min
Histogram: 1 0 0 0 0 0 0 0 0 0
Neighs:              0 ave           0 max           0 min
Histogram: 1 0 0 0 0 0 0 0 0 0
FullNghs:        17850 ave       17850 max       17850 min
Histogram: 1 0 0 0 0 0 0 0 0 0

Total # of neighbors = 17850
Ave neighs/atom = 991.66667
Neighbor list builds = 0
Dangerous builds = 0
set atom * x 0.0 y 0.0 z 0.0
Setting atom values ...
  18 settings made for x
  18 settings made for y
  18 settings made for z
change_box all     x final 0 2.543145599963059 y final 0 8.564423168770775 z final 0 6.320785174258165      xy final 3.2606214629479298 xz final 3.321233601039228 yz final -3.242695267197644 units box
Changing box ...
  triclinic box = (0 0 0) to (2.5431456 8.5638618 6.3235398) with tilt (3.2596076 3.3381498 -3.2350676)
  triclinic box = (0 0 0) to (2.5431456 8.5644232 6.3235398) with tilt (3.2596076 3.3381498 -3.2350676)
  triclinic box = (0 0 0) to (2.5431456 8.5644232 6.3207852) with tilt (3.2596076 3.3381498 -3.2350676)
  triclinic box = (0 0 0) to (2.5431456 8.5644232 6.3207852) with tilt (3.2606215 3.3381498 -3.2350676)
  triclinic box = (0 0 0) to (2.5431456 8.5644232 6.3207852) with tilt (3.2606215 3.3212336 -3.2350676)
  triclinic box = (0 0 0) to (2.5431456 8.5644232 6.3207852) with tilt (3.2606215 3.3212336 -3.2426953)
echo none
run 0
Per MPI rank memory allocation (min/avg/max) = 4.345 | 4.345 | 4.345 Mbytes
    PotEng          Pxx           E_mol          E_coul    
-77.027248     -6.2526138      0              0            
Loop time of 2.931e-06 on 1 procs for 0 steps with 18 atoms

307.1% CPU use with 1 MPI tasks x 1 OpenMP threads

MPI task timing breakdown:
Section |  min time  |  avg time  |  max time  |%varavg| %total
---------------------------------------------------------------
Pair    | 0          | 0          | 0          |   0.0 |  0.00
Neigh   | 0          | 0          | 0          |   0.0 |  0.00
Comm    | 0          | 0          | 0          |   0.0 |  0.00
Output  | 0          | 0          | 0          |   0.0 |  0.00
Modify  | 0          | 0          | 0          |   0.0 |  0.00
Other   |            | 2.931e-06  |            |       |100.00

Nlocal:             18 ave          18 max          18 min
Histogram: 1 0 0 0 0 0 0 0 0 0
Nghost:           4849 ave        4849 max        4849 min
Histogram: 1 0 0 0 0 0 0 0 0 0
Neighs:              0 ave           0 max           0 min
Histogram: 1 0 0 0 0 0 0 0 0 0
FullNghs:        17850 ave       17850 max       17850 min
Histogram: 1 0 0 0 0 0 0 0 0 0

Total # of neighbors = 17850
Ave neighs/atom = 991.66667
Neighbor list builds = 0
Dangerous builds = 0
set atom * x 0.0 y 0.0 z 0.0
Setting atom values ...
  18 settings made for x
  18 settings made for y
  18 settings made for z
change_box all     x final 0 2.5431455999630592 y final 0 8.564423168770777 z final 0 6.320785174258167      xy final 3.260621462947931 xz final 3.321233601039229 yz final -3.2426952671976403 units box
Changing box ...
  triclinic box = (0 0 0) to (2.5431456 8.5644232 6.3207852) with tilt (3.2606215 3.3212336 -3.2426953)
  triclinic box = (0 0 0) to (2.5431456 8.5644232 6.3207852) with tilt (3.2606215 3.3212336 -3.2426953)
  triclinic box = (0 0 0) to (2.5431456 8.5644232 6.3207852) with tilt (3.2606215 3.3212336 -3.2426953)
  triclinic box = (0 0 0) to (2.5431456 8.5644232 6.3207852) with tilt (3.2606215 3.3212336 -3.2426953)
  triclinic box = (0 0 0) to (2.5431456 8.5644232 6.3207852) with tilt (3.2606215 3.3212336 -3.2426953)
  triclinic box = (0 0 0) to (2.5431456 8.5644232 6.3207852) with tilt (3.2606215 3.3212336 -3.2426953)
echo none
run 0
Per MPI rank memory allocation (min/avg/max) = 4.345 | 4.345 | 4.345 Mbytes
    PotEng          Pxx           E_mol          E_coul    
-77.027248     -6.2526138      0              0            
Loop time of 1.197e-06 on 1 procs for 0 steps with 18 atoms

167.1% CPU use with 1 MPI tasks x 1 OpenMP threads

MPI task timing breakdown:
Section |  min time  |  avg time  |  max time  |%varavg| %total
---------------------------------------------------------------
Pair    | 0          | 0          | 0          |   0.0 |  0.00
Neigh   | 0          | 0          | 0          |   0.0 |  0.00
Comm    | 0          | 0          | 0          |   0.0 |  0.00
Output  | 0          | 0          | 0          |   0.0 |  0.00
Modify  | 0          | 0          | 0          |   0.0 |  0.00
Other   |            | 1.197e-06  |            |       |100.00

Nlocal:             18 ave          18 max          18 min
Histogram: 1 0 0 0 0 0 0 0 0 0
Nghost:           4849 ave        4849 max        4849 min
Histogram: 1 0 0 0 0 0 0 0 0 0
Neighs:              0 ave           0 max           0 min
Histogram: 1 0 0 0 0 0 0 0 0 0
FullNghs:        17850 ave       17850 max       17850 min
Histogram: 1 0 0 0 0 0 0 0 0 0

Total # of neighbors = 17850
Ave neighs/atom = 991.66667
Neighbor list builds = 0
Dangerous builds = 0
set atom * x 0.0 y 0.0 z 0.0
Setting atom values ...
  18 settings made for x
  18 settings made for y
  18 settings made for z
change_box all     x final 0 2.5431837015327985 y final 0 8.561724753487981 z final 0 6.323292216502574      xy final 3.265368609581722 xz final 3.304538736045126 yz final -3.2465591938974443 units box
Changing box ...
  triclinic box = (0 0 0) to (2.5431837 8.5644232 6.3207852) with tilt (3.2606215 3.3212336 -3.2426953)
  triclinic box = (0 0 0) to (2.5431837 8.5617248 6.3207852) with tilt (3.2606215 3.3212336 -3.2426953)
  triclinic box = (0 0 0) to (2.5431837 8.5617248 6.3232922) with tilt (3.2606215 3.3212336 -3.2426953)
  triclinic box = (0 0 0) to (2.5431837 8.5617248 6.3232922) with tilt (3.2653686 3.3212336 -3.2426953)
  triclinic box = (0 0 0) to (2.5431837 8.5617248 6.3232922) with tilt (3.2653686 3.3045387 -3.2426953)
  triclinic box = (0 0 0) to (2.5431837 8.5617248 6.3232922) with tilt (3.2653686 3.3045387 -3.2465592)
echo none
run 0
Per MPI rank memory allocation (min/avg/max) = 4.345 | 4.345 | 4.345 Mbytes
    PotEng          Pxx           E_mol          E_coul    
-77.027312     -19.611781      0              0            
Loop time of 1.527e-06 on 1 procs for 0 steps with 18 atoms

131.0% CPU use with 1 MPI tasks x 1 OpenMP threads

MPI task timing breakdown:
Section |  min time  |  avg time  |  max time  |%varavg| %total
---------------------------------------------------------------
Pair    | 0          | 0          | 0          |   0.0 |  0.00
Neigh   | 0          | 0          | 0          |   0.0 |  0.00
Comm    | 0          | 0          | 0          |   0.0 |  0.00
Output  | 0          | 0          | 0          |   0.0 |  0.00
Modify  | 0          | 0          | 0          |   0.0 |  0.00
Other   |            | 1.527e-06  |            |       |100.00

Nlocal:             18 ave          18 max          18 min
Histogram: 1 0 0 0 0 0 0 0 0 0
Nghost:           4849 ave        4849 max        4849 min
Histogram: 1 0 0 0 0 0 0 0 0 0
Neighs:              0 ave           0 max           0 min
Histogram: 1 0 0 0 0 0 0 0 0 0
FullNghs:        17836 ave       17836 max       17836 min
Histogram: 1 0 0 0 0 0 0 0 0 0

Total # of neighbors = 17836
Ave neighs/atom = 990.88889
Neighbor list builds = 0
Dangerous builds = 0
set atom * x 0.0 y 0.0 z 0.0
Setting atom values ...
  18 settings made for x
  18 settings made for y
  18 settings made for z
change_box all     x final 0 2.5432415474760792 y final 0 8.558156921456234 z final 0 6.32659090352635      xy final 3.271660854604462 xz final 3.282452368941247 yz final -3.2516575940769425 units box
Changing box ...
  triclinic box = (0 0 0) to (2.5432415 8.5617248 6.3232922) with tilt (3.2653686 3.3045387 -3.2465592)
  triclinic box = (0 0 0) to (2.5432415 8.5581569 6.3232922) with tilt (3.2653686 3.3045387 -3.2465592)
  triclinic box = (0 0 0) to (2.5432415 8.5581569 6.3265909) with tilt (3.2653686 3.3045387 -3.2465592)
  triclinic box = (0 0 0) to (2.5432415 8.5581569 6.3265909) with tilt (3.2716609 3.3045387 -3.2465592)
  triclinic box = (0 0 0) to (2.5432415 8.5581569 6.3265909) with tilt (3.2716609 3.2824524 -3.2465592)
  triclinic box = (0 0 0) to (2.5432415 8.5581569 6.3265909) with tilt (3.2716609 3.2824524 -3.2516576)
echo none
run 0
Per MPI rank memory allocation (min/avg/max) = 4.345 | 4.345 | 4.345 Mbytes
    PotEng          Pxx           E_mol          E_coul    
-77.027343     -47.290408      0              0            
Loop time of 1.024e-06 on 1 procs for 0 steps with 18 atoms

195.3% CPU use with 1 MPI tasks x 1 OpenMP threads

MPI task timing breakdown:
Section |  min time  |  avg time  |  max time  |%varavg| %total
---------------------------------------------------------------
Pair    | 0          | 0          | 0          |   0.0 |  0.00
Neigh   | 0          | 0          | 0          |   0.0 |  0.00
Comm    | 0          | 0          | 0          |   0.0 |  0.00
Output  | 0          | 0          | 0          |   0.0 |  0.00
Modify  | 0          | 0          | 0          |   0.0 |  0.00
Other   |            | 1.024e-06  |            |       |100.00

Nlocal:             18 ave          18 max          18 min
Histogram: 1 0 0 0 0 0 0 0 0 0
Nghost:           4849 ave        4849 max        4849 min
Histogram: 1 0 0 0 0 0 0 0 0 0
Neighs:              0 ave           0 max           0 min
Histogram: 1 0 0 0 0 0 0 0 0 0
FullNghs:        17824 ave       17824 max       17824 min
Histogram: 1 0 0 0 0 0 0 0 0 0

Total # of neighbors = 17824
Ave neighs/atom = 990.22222
Neighbor list builds = 0
Dangerous builds = 0
set atom * x 0.0 y 0.0 z 0.0
Setting atom values ...
  18 settings made for x
  18 settings made for y
  18 settings made for z
change_box all     x final 0 2.543241547476081 y final 0 8.558156921456234 z final 0 6.326590903526352      xy final 3.271660854604461 xz final 3.2824523689412484 yz final -3.25165759407694 units box
Changing box ...
  triclinic box = (0 0 0) to (2.5432415 8.5581569 6.3265909) with tilt (3.2716609 3.2824524 -3.2516576)
  triclinic box = (0 0 0) to (2.5432415 8.5581569 6.3265909) with tilt (3.2716609 3.2824524 -3.2516576)
  triclinic box = (0 0 0) to (2.5432415 8.5581569 6.3265909) with tilt (3.2716609 3.2824524 -3.2516576)
  triclinic box = (0 0 0) to (2.5432415 8.5581569 6.3265909) with tilt (3.2716609 3.2824524 -3.2516576)
  triclinic box = (0 0 0) to (2.5432415 8.5581569 6.3265909) with tilt (3.2716609 3.2824524 -3.2516576)
  triclinic box = (0 0 0) to (2.5432415 8.5581569 6.3265909) with tilt (3.2716609 3.2824524 -3.2516576)
echo none
run 0
Per MPI rank memory allocation (min/avg/max) = 4.345 | 4.345 | 4.345 Mbytes
    PotEng          Pxx           E_mol          E_coul    
-77.027343     -47.290408      0              0            
Loop time of 1.616e-06 on 1 procs for 0 steps with 18 atoms

1052.0% CPU use with 1 MPI tasks x 1 OpenMP threads

MPI task timing breakdown:
Section |  min time  |  avg time  |  max time  |%varavg| %total
---------------------------------------------------------------
Pair    | 0          | 0          | 0          |   0.0 |  0.00
Neigh   | 0          | 0          | 0          |   0.0 |  0.00
Comm    | 0          | 0          | 0          |   0.0 |  0.00
Output  | 0          | 0          | 0          |   0.0 |  0.00
Modify  | 0          | 0          | 0          |   0.0 |  0.00
Other   |            | 1.616e-06  |            |       |100.00

Nlocal:             18 ave          18 max          18 min
Histogram: 1 0 0 0 0 0 0 0 0 0
Nghost:           4849 ave        4849 max        4849 min
Histogram: 1 0 0 0 0 0 0 0 0 0
Neighs:              0 ave           0 max           0 min
Histogram: 1 0 0 0 0 0 0 0 0 0
FullNghs:        17824 ave       17824 max       17824 min
Histogram: 1 0 0 0 0 0 0 0 0 0

Total # of neighbors = 17824
Ave neighs/atom = 990.22222
Neighbor list builds = 0
Dangerous builds = 0
set atom * x 0.0 y 0.0 z 0.0
Setting atom values ...
  18 settings made for x
  18 settings made for y
  18 settings made for z
change_box all     x final 0 2.543084676919096 y final 0 8.55450749483932 z final 0 6.326074197463029      xy final 3.2763720657725584 xz final 3.251443194039791 yz final -3.2560477880952847 units box
Changing box ...
  triclinic box = (0 0 0) to (2.5430847 8.5581569 6.3265909) with tilt (3.2716609 3.2824524 -3.2516576)
  triclinic box = (0 0 0) to (2.5430847 8.5545075 6.3265909) with tilt (3.2716609 3.2824524 -3.2516576)
  triclinic box = (0 0 0) to (2.5430847 8.5545075 6.3260742) with tilt (3.2716609 3.2824524 -3.2516576)
  triclinic box = (0 0 0) to (2.5430847 8.5545075 6.3260742) with tilt (3.2763721 3.2824524 -3.2516576)
  triclinic box = (0 0 0) to (2.5430847 8.5545075 6.3260742) with tilt (3.2763721 3.2514432 -3.2516576)
  triclinic box = (0 0 0) to (2.5430847 8.5545075 6.3260742) with tilt (3.2763721 3.2514432 -3.2560478)
echo none
run 0
Per MPI rank memory allocation (min/avg/max) = 4.345 | 4.345 | 4.345 Mbytes
    PotEng          Pxx           E_mol          E_coul    
-77.027434      155.50037      0              0            
Loop time of 1.598e-06 on 1 procs for 0 steps with 18 atoms

750.9% CPU use with 1 MPI tasks x 1 OpenMP threads

MPI task timing breakdown:
Section |  min time  |  avg time  |  max time  |%varavg| %total
---------------------------------------------------------------
Pair    | 0          | 0          | 0          |   0.0 |  0.00
Neigh   | 0          | 0          | 0          |   0.0 |  0.00
Comm    | 0          | 0          | 0          |   0.0 |  0.00
Output  | 0          | 0          | 0          |   0.0 |  0.00
Modify  | 0          | 0          | 0          |   0.0 |  0.00
Other   |            | 1.598e-06  |            |       |100.00

Nlocal:             18 ave          18 max          18 min
Histogram: 1 0 0 0 0 0 0 0 0 0
Nghost:           4849 ave        4849 max        4849 min
Histogram: 1 0 0 0 0 0 0 0 0 0
Neighs:              0 ave           0 max           0 min
Histogram: 1 0 0 0 0 0 0 0 0 0
FullNghs:        17832 ave       17832 max       17832 min
Histogram: 1 0 0 0 0 0 0 0 0 0

Total # of neighbors = 17832
Ave neighs/atom = 990.66667
Neighbor list builds = 0
Dangerous builds = 0
set atom * x 0.0 y 0.0 z 0.0
Setting atom values ...
  18 settings made for x
  18 settings made for y
  18 settings made for z
change_box all     x final 0 2.5429121933239367 y final 0 8.549999089903512 z final 0 6.325384097710912      xy final 3.282236603813732 xz final 3.213152616133343 yz final -3.261442094286046 units box
Changing box ...
  triclinic box = (0 0 0) to (2.5429122 8.5545075 6.3260742) with tilt (3.2763721 3.2514432 -3.2560478)
  triclinic box = (0 0 0) to (2.5429122 8.5499991 6.3260742) with tilt (3.2763721 3.2514432 -3.2560478)
  triclinic box = (0 0 0) to (2.5429122 8.5499991 6.3253841) with tilt (3.2763721 3.2514432 -3.2560478)
  triclinic box = (0 0 0) to (2.5429122 8.5499991 6.3253841) with tilt (3.2822366 3.2514432 -3.2560478)
  triclinic box = (0 0 0) to (2.5429122 8.5499991 6.3253841) with tilt (3.2822366 3.2131526 -3.2560478)
  triclinic box = (0 0 0) to (2.5429122 8.5499991 6.3253841) with tilt (3.2822366 3.2131526 -3.2614421)
echo none
run 0
Per MPI rank memory allocation (min/avg/max) = 4.345 | 4.345 | 4.345 Mbytes
    PotEng          Pxx           E_mol          E_coul    
-77.027481      379.56079      0              0            
Loop time of 1.154e-06 on 1 procs for 0 steps with 18 atoms

519.9% CPU use with 1 MPI tasks x 1 OpenMP threads

MPI task timing breakdown:
Section |  min time  |  avg time  |  max time  |%varavg| %total
---------------------------------------------------------------
Pair    | 0          | 0          | 0          |   0.0 |  0.00
Neigh   | 0          | 0          | 0          |   0.0 |  0.00
Comm    | 0          | 0          | 0          |   0.0 |  0.00
Output  | 0          | 0          | 0          |   0.0 |  0.00
Modify  | 0          | 0          | 0          |   0.0 |  0.00
Other   |            | 1.154e-06  |            |       |100.00

Nlocal:             18 ave          18 max          18 min
Histogram: 1 0 0 0 0 0 0 0 0 0
Nghost:           4833 ave        4833 max        4833 min
Histogram: 1 0 0 0 0 0 0 0 0 0
Neighs:              0 ave           0 max           0 min
Histogram: 1 0 0 0 0 0 0 0 0 0
FullNghs:        17836 ave       17836 max       17836 min
Histogram: 1 0 0 0 0 0 0 0 0 0

Total # of neighbors = 17836
Ave neighs/atom = 990.88889
Neighbor list builds = 0
Dangerous builds = 0
set atom * x 0.0 y 0.0 z 0.0
Setting atom values ...
  18 settings made for x
  18 settings made for y
  18 settings made for z
change_box all     x final 0 2.5429121933239367 y final 0 8.549999089903517 z final 0 6.325384097710911      xy final 3.282236603813734 xz final 3.213152616133343 yz final -3.2614420942860507 units box
Changing box ...
  triclinic box = (0 0 0) to (2.5429122 8.5499991 6.3253841) with tilt (3.2822366 3.2131526 -3.2614421)
  triclinic box = (0 0 0) to (2.5429122 8.5499991 6.3253841) with tilt (3.2822366 3.2131526 -3.2614421)
  triclinic box = (0 0 0) to (2.5429122 8.5499991 6.3253841) with tilt (3.2822366 3.2131526 -3.2614421)
  triclinic box = (0 0 0) to (2.5429122 8.5499991 6.3253841) with tilt (3.2822366 3.2131526 -3.2614421)
  triclinic box = (0 0 0) to (2.5429122 8.5499991 6.3253841) with tilt (3.2822366 3.2131526 -3.2614421)
  triclinic box = (0 0 0) to (2.5429122 8.5499991 6.3253841) with tilt (3.2822366 3.2131526 -3.2614421)
echo none
run 0
Per MPI rank memory allocation (min/avg/max) = 4.345 | 4.345 | 4.345 Mbytes
    PotEng          Pxx           E_mol          E_coul    
-77.027481      379.56079      0              0            
Loop time of 1.662e-06 on 1 procs for 0 steps with 18 atoms

1083.0% CPU use with 1 MPI tasks x 1 OpenMP threads

MPI task timing breakdown:
Section |  min time  |  avg time  |  max time  |%varavg| %total
---------------------------------------------------------------
Pair    | 0          | 0          | 0          |   0.0 |  0.00
Neigh   | 0          | 0          | 0          |   0.0 |  0.00
Comm    | 0          | 0          | 0          |   0.0 |  0.00
Output  | 0          | 0          | 0          |   0.0 |  0.00
Modify  | 0          | 0          | 0          |   0.0 |  0.00
Other   |            | 1.662e-06  |            |       |100.00

Nlocal:             18 ave          18 max          18 min
Histogram: 1 0 0 0 0 0 0 0 0 0
Nghost:           4833 ave        4833 max        4833 min
Histogram: 1 0 0 0 0 0 0 0 0 0
Neighs:              0 ave           0 max           0 min
Histogram: 1 0 0 0 0 0 0 0 0 0
FullNghs:        17836 ave       17836 max       17836 min
Histogram: 1 0 0 0 0 0 0 0 0 0

Total # of neighbors = 17836
Ave neighs/atom = 990.88889
Neighbor list builds = 0
Dangerous builds = 0
set atom * x 0.0 y 0.0 z 0.0
Setting atom values ...
  18 settings made for x
  18 settings made for y
  18 settings made for z
change_box all     x final 0 2.5431480206770254 y final 0 8.548811590618092 z final 0 6.328541326032324      xy final 3.3007142812982275 xz final 3.1868817474522277 yz final -3.263057020329734 units box
Changing box ...
  triclinic box = (0 0 0) to (2.543148 8.5499991 6.3253841) with tilt (3.2822366 3.2131526 -3.2614421)
  triclinic box = (0 0 0) to (2.543148 8.5488116 6.3253841) with tilt (3.2822366 3.2131526 -3.2614421)
  triclinic box = (0 0 0) to (2.543148 8.5488116 6.3285413) with tilt (3.2822366 3.2131526 -3.2614421)
  triclinic box = (0 0 0) to (2.543148 8.5488116 6.3285413) with tilt (3.3007143 3.2131526 -3.2614421)
  triclinic box = (0 0 0) to (2.543148 8.5488116 6.3285413) with tilt (3.3007143 3.1868817 -3.2614421)
  triclinic box = (0 0 0) to (2.543148 8.5488116 6.3285413) with tilt (3.3007143 3.1868817 -3.263057)
echo none
run 0
Per MPI rank memory allocation (min/avg/max) = 4.345 | 4.345 | 4.345 Mbytes
    PotEng          Pxx           E_mol          E_coul    
-77.027621      88.195655      0              0            
Loop time of 1.543e-06 on 1 procs for 0 steps with 18 atoms

712.9% CPU use with 1 MPI tasks x 1 OpenMP threads

MPI task timing breakdown:
Section |  min time  |  avg time  |  max time  |%varavg| %total
---------------------------------------------------------------
Pair    | 0          | 0          | 0          |   0.0 |  0.00
Neigh   | 0          | 0          | 0          |   0.0 |  0.00
Comm    | 0          | 0          | 0          |   0.0 |  0.00
Output  | 0          | 0          | 0          |   0.0 |  0.00
Modify  | 0          | 0          | 0          |   0.0 |  0.00
Other   |            | 1.543e-06  |            |       |100.00

Nlocal:             18 ave          18 max          18 min
Histogram: 1 0 0 0 0 0 0 0 0 0
Nghost:           4833 ave        4833 max        4833 min
Histogram: 1 0 0 0 0 0 0 0 0 0
Neighs:              0 ave           0 max           0 min
Histogram: 1 0 0 0 0 0 0 0 0 0
FullNghs:        17818 ave       17818 max       17818 min
Histogram: 1 0 0 0 0 0 0 0 0 0

Total # of neighbors = 17818
Ave neighs/atom = 989.88889
Neighbor list builds = 0
Dangerous builds = 0
set atom * x 0.0 y 0.0 z 0.0
Setting atom values ...
  18 settings made for x
  18 settings made for y
  18 settings made for z
change_box all     x final 0 2.5434690426107776 y final 0 8.547265854039333 z final 0 6.332557522023011      xy final 3.3243873930874055 xz final 3.1532363223570337 yz final -3.265067240267663 units box
Changing box ...
  triclinic box = (0 0 0) to (2.543469 8.5488116 6.3285413) with tilt (3.3007143 3.1868817 -3.263057)
  triclinic box = (0 0 0) to (2.543469 8.5472659 6.3285413) with tilt (3.3007143 3.1868817 -3.263057)
  triclinic box = (0 0 0) to (2.543469 8.5472659 6.3325575) with tilt (3.3007143 3.1868817 -3.263057)
  triclinic box = (0 0 0) to (2.543469 8.5472659 6.3325575) with tilt (3.3243874 3.1868817 -3.263057)
  triclinic box = (0 0 0) to (2.543469 8.5472659 6.3325575) with tilt (3.3243874 3.1532363 -3.263057)
  triclinic box = (0 0 0) to (2.543469 8.5472659 6.3325575) with tilt (3.3243874 3.1532363 -3.2650672)
echo none
run 0
Per MPI rank memory allocation (min/avg/max) = 4.345 | 4.345 | 4.345 Mbytes
    PotEng          Pxx           E_mol          E_coul    
-77.027675     -308.73386      0              0            
Loop time of 1.041e-06 on 1 procs for 0 steps with 18 atoms

192.1% CPU use with 1 MPI tasks x 1 OpenMP threads

MPI task timing breakdown:
Section |  min time  |  avg time  |  max time  |%varavg| %total
---------------------------------------------------------------
Pair    | 0          | 0          | 0          |   0.0 |  0.00
Neigh   | 0          | 0          | 0          |   0.0 |  0.00
Comm    | 0          | 0          | 0          |   0.0 |  0.00
Output  | 0          | 0          | 0          |   0.0 |  0.00
Modify  | 0          | 0          | 0          |   0.0 |  0.00
Other   |            | 1.041e-06  |            |       |100.00

Nlocal:             18 ave          18 max          18 min
Histogram: 1 0 0 0 0 0 0 0 0 0
Nghost:           4813 ave        4813 max        4813 min
Histogram: 1 0 0 0 0 0 0 0 0 0
Neighs:              0 ave           0 max           0 min
Histogram: 1 0 0 0 0 0 0 0 0 0
FullNghs:        17826 ave       17826 max       17826 min
Histogram: 1 0 0 0 0 0 0 0 0 0

Total # of neighbors = 17826
Ave neighs/atom = 990.33333
Neighbor list builds = 0
Dangerous builds = 0
set atom * x 0.0 y 0.0 z 0.0
Setting atom values ...
  18 settings made for x
  18 settings made for y
  18 settings made for z
change_box all     x final 0 2.5434690426107784 y final 0 8.547265854039331 z final 0 6.3325575220230075      xy final 3.3243873930874073 xz final 3.153236322357038 yz final -3.2650672402676686 units box
Changing box ...
  triclinic box = (0 0 0) to (2.543469 8.5472659 6.3325575) with tilt (3.3243874 3.1532363 -3.2650672)
  triclinic box = (0 0 0) to (2.543469 8.5472659 6.3325575) with tilt (3.3243874 3.1532363 -3.2650672)
  triclinic box = (0 0 0) to (2.543469 8.5472659 6.3325575) with tilt (3.3243874 3.1532363 -3.2650672)
  triclinic box = (0 0 0) to (2.543469 8.5472659 6.3325575) with tilt (3.3243874 3.1532363 -3.2650672)
  triclinic box = (0 0 0) to (2.543469 8.5472659 6.3325575) with tilt (3.3243874 3.1532363 -3.2650672)
  triclinic box = (0 0 0) to (2.543469 8.5472659 6.3325575) with tilt (3.3243874 3.1532363 -3.2650672)
echo none
run 0
Per MPI rank memory allocation (min/avg/max) = 4.345 | 4.345 | 4.345 Mbytes
    PotEng          Pxx           E_mol          E_coul    
-77.027675     -308.73386      0              0            
Loop time of 1.668e-06 on 1 procs for 0 steps with 18 atoms

419.7% CPU use with 1 MPI tasks x 1 OpenMP threads

MPI task timing breakdown:
Section |  min time  |  avg time  |  max time  |%varavg| %total
---------------------------------------------------------------
Pair    | 0          | 0          | 0          |   0.0 |  0.00
Neigh   | 0          | 0          | 0          |   0.0 |  0.00
Comm    | 0          | 0          | 0          |   0.0 |  0.00
Output  | 0          | 0          | 0          |   0.0 |  0.00
Modify  | 0          | 0          | 0          |   0.0 |  0.00
Other   |            | 1.668e-06  |            |       |100.00

Nlocal:             18 ave          18 max          18 min
Histogram: 1 0 0 0 0 0 0 0 0 0
Nghost:           4813 ave        4813 max        4813 min
Histogram: 1 0 0 0 0 0 0 0 0 0
Neighs:              0 ave           0 max           0 min
Histogram: 1 0 0 0 0 0 0 0 0 0
FullNghs:        17826 ave       17826 max       17826 min
Histogram: 1 0 0 0 0 0 0 0 0 0

Total # of neighbors = 17826
Ave neighs/atom = 990.33333
Neighbor list builds = 0
Dangerous builds = 0
set atom * x 0.0 y 0.0 z 0.0
Setting atom values ...
  18 settings made for x
  18 settings made for y
  18 settings made for z
change_box all     x final 0 2.5434682001767817 y final 0 8.540184432669532 z final 0 6.336544825994418      xy final 3.3485167399022675 xz final 3.1031780110335245 yz final -3.2750912832793992 units box
Changing box ...
  triclinic box = (0 0 0) to (2.5434682 8.5472659 6.3325575) with tilt (3.3243874 3.1532363 -3.2650672)
  triclinic box = (0 0 0) to (2.5434682 8.5401844 6.3325575) with tilt (3.3243874 3.1532363 -3.2650672)
  triclinic box = (0 0 0) to (2.5434682 8.5401844 6.3365448) with tilt (3.3243874 3.1532363 -3.2650672)
  triclinic box = (0 0 0) to (2.5434682 8.5401844 6.3365448) with tilt (3.3485167 3.1532363 -3.2650672)
  triclinic box = (0 0 0) to (2.5434682 8.5401844 6.3365448) with tilt (3.3485167 3.103178 -3.2650672)
  triclinic box = (0 0 0) to (2.5434682 8.5401844 6.3365448) with tilt (3.3485167 3.103178 -3.2750913)
echo none
run 0
Per MPI rank memory allocation (min/avg/max) = 4.345 | 4.345 | 4.345 Mbytes
    PotEng          Pxx           E_mol          E_coul    
-77.027816     -255.58101      0              0            
Loop time of 1.771e-06 on 1 procs for 0 steps with 18 atoms

903.4% CPU use with 1 MPI tasks x 1 OpenMP threads

MPI task timing breakdown:
Section |  min time  |  avg time  |  max time  |%varavg| %total
---------------------------------------------------------------
Pair    | 0          | 0          | 0          |   0.0 |  0.00
Neigh   | 0          | 0          | 0          |   0.0 |  0.00
Comm    | 0          | 0          | 0          |   0.0 |  0.00
Output  | 0          | 0          | 0          |   0.0 |  0.00
Modify  | 0          | 0          | 0          |   0.0 |  0.00
Other   |            | 1.771e-06  |            |       |100.00

Nlocal:             18 ave          18 max          18 min
Histogram: 1 0 0 0 0 0 0 0 0 0
Nghost:           4813 ave        4813 max        4813 min
Histogram: 1 0 0 0 0 0 0 0 0 0
Neighs:              0 ave           0 max           0 min
Histogram: 1 0 0 0 0 0 0 0 0 0
FullNghs:        17870 ave       17870 max       17870 min
Histogram: 1 0 0 0 0 0 0 0 0 0

Total # of neighbors = 17870
Ave neighs/atom = 992.77778
Neighbor list builds = 0
Dangerous builds = 0
set atom * x 0.0 y 0.0 z 0.0
Setting atom values ...
  18 settings made for x
  18 settings made for y
  18 settings made for z
change_box all     x final 0 2.543898383059341 y final 0 8.511596869126933 z final 0 6.351675673508653      xy final 3.445682895880474 xz final 2.902547667044644 yz final -3.3141359692710166 units box
Changing box ...
  triclinic box = (0 0 0) to (2.5438984 8.5401844 6.3365448) with tilt (3.3485167 3.103178 -3.2750913)
  triclinic box = (0 0 0) to (2.5438984 8.5115969 6.3365448) with tilt (3.3485167 3.103178 -3.2750913)
  triclinic box = (0 0 0) to (2.5438984 8.5115969 6.3516757) with tilt (3.3485167 3.103178 -3.2750913)
  triclinic box = (0 0 0) to (2.5438984 8.5115969 6.3516757) with tilt (3.4456829 3.103178 -3.2750913)
  triclinic box = (0 0 0) to (2.5438984 8.5115969 6.3516757) with tilt (3.4456829 2.9025477 -3.2750913)
  triclinic box = (0 0 0) to (2.5438984 8.5115969 6.3516757) with tilt (3.4456829 2.9025477 -3.314136)
echo none
run 0
Per MPI rank memory allocation (min/avg/max) = 4.345 | 4.345 | 4.345 Mbytes
    PotEng          Pxx           E_mol          E_coul    
-77.027539     -598.14465      0              0            
Loop time of 1.574e-06 on 1 procs for 0 steps with 18 atoms

1207.1% CPU use with 1 MPI tasks x 1 OpenMP threads

MPI task timing breakdown:
Section |  min time  |  avg time  |  max time  |%varavg| %total
---------------------------------------------------------------
Pair    | 0          | 0          | 0          |   0.0 |  0.00
Neigh   | 0          | 0          | 0          |   0.0 |  0.00
Comm    | 0          | 0          | 0          |   0.0 |  0.00
Output  | 0          | 0          | 0          |   0.0 |  0.00
Modify  | 0          | 0          | 0          |   0.0 |  0.00
Other   |            | 1.574e-06  |            |       |100.00

Nlocal:             18 ave          18 max          18 min
Histogram: 1 0 0 0 0 0 0 0 0 0
Nghost:           4883 ave        4883 max        4883 min
Histogram: 1 0 0 0 0 0 0 0 0 0
Neighs:              0 ave           0 max           0 min
Histogram: 1 0 0 0 0 0 0 0 0 0
FullNghs:        17876 ave       17876 max       17876 min
Histogram: 1 0 0 0 0 0 0 0 0 0

Total # of neighbors = 17876
Ave neighs/atom = 993.11111
Neighbor list builds = 0
Dangerous builds = 0
set atom * x 0.0 y 0.0 z 0.0
Setting atom values ...
  18 settings made for x
  18 settings made for y
  18 settings made for z
change_box all     x final 0 2.5435289740613896 y final 0 8.531204367360475 z final 0 6.341463540679888      xy final 3.379081825081183 xz final 3.0399041859915767 yz final -3.287600935945368 units box
Changing box ...
  triclinic box = (0 0 0) to (2.543529 8.5115969 6.3516757) with tilt (3.4456829 2.9025477 -3.314136)
  triclinic box = (0 0 0) to (2.543529 8.5312044 6.3516757) with tilt (3.4456829 2.9025477 -3.314136)
  triclinic box = (0 0 0) to (2.543529 8.5312044 6.3414635) with tilt (3.4456829 2.9025477 -3.314136)
  triclinic box = (0 0 0) to (2.543529 8.5312044 6.3414635) with tilt (3.3790818 2.9025477 -3.314136)
  triclinic box = (0 0 0) to (2.543529 8.5312044 6.3414635) with tilt (3.3790818 3.0399042 -3.314136)
  triclinic box = (0 0 0) to (2.543529 8.5312044 6.3414635) with tilt (3.3790818 3.0399042 -3.2876009)
echo none
run 0
Per MPI rank memory allocation (min/avg/max) = 4.345 | 4.345 | 4.345 Mbytes
    PotEng          Pxx           E_mol          E_coul    
-77.027888     -268.11165      0              0            
Loop time of 1.463e-06 on 1 procs for 0 steps with 18 atoms

273.4% CPU use with 1 MPI tasks x 1 OpenMP threads

MPI task timing breakdown:
Section |  min time  |  avg time  |  max time  |%varavg| %total
---------------------------------------------------------------
Pair    | 0          | 0          | 0          |   0.0 |  0.00
Neigh   | 0          | 0          | 0          |   0.0 |  0.00
Comm    | 0          | 0          | 0          |   0.0 |  0.00
Output  | 0          | 0          | 0          |   0.0 |  0.00
Modify  | 0          | 0          | 0          |   0.0 |  0.00
Other   |            | 1.463e-06  |            |       |100.00

Nlocal:             18 ave          18 max          18 min
Histogram: 1 0 0 0 0 0 0 0 0 0
Nghost:           4883 ave        4883 max        4883 min
Histogram: 1 0 0 0 0 0 0 0 0 0
Neighs:              0 ave           0 max           0 min
Histogram: 1 0 0 0 0 0 0 0 0 0
FullNghs:        17838 ave       17838 max       17838 min
Histogram: 1 0 0 0 0 0 0 0 0 0

Total # of neighbors = 17838
Ave neighs/atom = 991
Neighbor list builds = 0
Dangerous builds = 0
set atom * x 0.0 y 0.0 z 0.0
Setting atom values ...
  18 settings made for x
  18 settings made for y
  18 settings made for z
change_box all     x final 0 2.54352897406139 y final 0 8.531204367360473 z final 0 6.341463540679888      xy final 3.379081825081184 xz final 3.0399041859915807 yz final -3.287600935945367 units box
Changing box ...
  triclinic box = (0 0 0) to (2.543529 8.5312044 6.3414635) with tilt (3.3790818 3.0399042 -3.2876009)
  triclinic box = (0 0 0) to (2.543529 8.5312044 6.3414635) with tilt (3.3790818 3.0399042 -3.2876009)
  triclinic box = (0 0 0) to (2.543529 8.5312044 6.3414635) with tilt (3.3790818 3.0399042 -3.2876009)
  triclinic box = (0 0 0) to (2.543529 8.5312044 6.3414635) with tilt (3.3790818 3.0399042 -3.2876009)
  triclinic box = (0 0 0) to (2.543529 8.5312044 6.3414635) with tilt (3.3790818 3.0399042 -3.2876009)
  triclinic box = (0 0 0) to (2.543529 8.5312044 6.3414635) with tilt (3.3790818 3.0399042 -3.2876009)
echo none
run 0
Per MPI rank memory allocation (min/avg/max) = 4.345 | 4.345 | 4.345 Mbytes
    PotEng          Pxx           E_mol          E_coul    
-77.027888     -268.11165      0              0            
Loop time of 1.853e-06 on 1 procs for 0 steps with 18 atoms

917.4% CPU use with 1 MPI tasks x 1 OpenMP threads

MPI task timing breakdown:
Section |  min time  |  avg time  |  max time  |%varavg| %total
---------------------------------------------------------------
Pair    | 0          | 0          | 0          |   0.0 |  0.00
Neigh   | 0          | 0          | 0          |   0.0 |  0.00
Comm    | 0          | 0          | 0          |   0.0 |  0.00
Output  | 0          | 0          | 0          |   0.0 |  0.00
Modify  | 0          | 0          | 0          |   0.0 |  0.00
Other   |            | 1.853e-06  |            |       |100.00

Nlocal:             18 ave          18 max          18 min
Histogram: 1 0 0 0 0 0 0 0 0 0
Nghost:           4883 ave        4883 max        4883 min
Histogram: 1 0 0 0 0 0 0 0 0 0
Neighs:              0 ave           0 max           0 min
Histogram: 1 0 0 0 0 0 0 0 0 0
FullNghs:        17838 ave       17838 max       17838 min
Histogram: 1 0 0 0 0 0 0 0 0 0

Total # of neighbors = 17838
Ave neighs/atom = 991
Neighbor list builds = 0
Dangerous builds = 0
set atom * x 0.0 y 0.0 z 0.0
Setting atom values ...
  18 settings made for x
  18 settings made for y
  18 settings made for z
change_box all     x final 0 2.5430805883087215 y final 0 8.532975238657931 z final 0 6.341585318467732      xy final 3.387628303707963 xz final 3.045267005632238 yz final -3.2896790359335566 units box
Changing box ...
  triclinic box = (0 0 0) to (2.5430806 8.5312044 6.3414635) with tilt (3.3790818 3.0399042 -3.2876009)
  triclinic box = (0 0 0) to (2.5430806 8.5329752 6.3414635) with tilt (3.3790818 3.0399042 -3.2876009)
  triclinic box = (0 0 0) to (2.5430806 8.5329752 6.3415853) with tilt (3.3790818 3.0399042 -3.2876009)
  triclinic box = (0 0 0) to (2.5430806 8.5329752 6.3415853) with tilt (3.3876283 3.0399042 -3.2876009)
  triclinic box = (0 0 0) to (2.5430806 8.5329752 6.3415853) with tilt (3.3876283 3.045267 -3.2876009)
  triclinic box = (0 0 0) to (2.5430806 8.5329752 6.3415853) with tilt (3.3876283 3.045267 -3.289679)
echo none
run 0
Per MPI rank memory allocation (min/avg/max) = 4.345 | 4.345 | 4.345 Mbytes
    PotEng          Pxx           E_mol          E_coul    
-77.028033      416.84821      0              0            
Loop time of 1.91e-06 on 1 procs for 0 steps with 18 atoms

837.7% CPU use with 1 MPI tasks x 1 OpenMP threads

MPI task timing breakdown:
Section |  min time  |  avg time  |  max time  |%varavg| %total
---------------------------------------------------------------
Pair    | 0          | 0          | 0          |   0.0 |  0.00
Neigh   | 0          | 0          | 0          |   0.0 |  0.00
Comm    | 0          | 0          | 0          |   0.0 |  0.00
Output  | 0          | 0          | 0          |   0.0 |  0.00
Modify  | 0          | 0          | 0          |   0.0 |  0.00
Other   |            | 1.91e-06   |            |       |100.00

Nlocal:             18 ave          18 max          18 min
Histogram: 1 0 0 0 0 0 0 0 0 0
Nghost:           4813 ave        4813 max        4813 min
Histogram: 1 0 0 0 0 0 0 0 0 0
Neighs:              0 ave           0 max           0 min
Histogram: 1 0 0 0 0 0 0 0 0 0
FullNghs:        17842 ave       17842 max       17842 min
Histogram: 1 0 0 0 0 0 0 0 0 0

Total # of neighbors = 17842
Ave neighs/atom = 991.22222
Neighbor list builds = 0
Dangerous builds = 0
set atom * x 0.0 y 0.0 z 0.0
Setting atom values ...
  18 settings made for x
  18 settings made for y
  18 settings made for z
change_box all     x final 0 2.54308058830872 y final 0 8.532975238657926 z final 0 6.341585318467732      xy final 3.3876283037079644 xz final 3.0452670056322373 yz final -3.2896790359335553 units box
Changing box ...
  triclinic box = (0 0 0) to (2.5430806 8.5329752 6.3415853) with tilt (3.3876283 3.045267 -3.289679)
  triclinic box = (0 0 0) to (2.5430806 8.5329752 6.3415853) with tilt (3.3876283 3.045267 -3.289679)
  triclinic box = (0 0 0) to (2.5430806 8.5329752 6.3415853) with tilt (3.3876283 3.045267 -3.289679)
  triclinic box = (0 0 0) to (2.5430806 8.5329752 6.3415853) with tilt (3.3876283 3.045267 -3.289679)
  triclinic box = (0 0 0) to (2.5430806 8.5329752 6.3415853) with tilt (3.3876283 3.045267 -3.289679)
  triclinic box = (0 0 0) to (2.5430806 8.5329752 6.3415853) with tilt (3.3876283 3.045267 -3.289679)
echo none
run 0
Per MPI rank memory allocation (min/avg/max) = 4.345 | 4.345 | 4.345 Mbytes
    PotEng          Pxx           E_mol          E_coul    
-77.028033      416.84821      0              0            
Loop time of 1.448e-06 on 1 procs for 0 steps with 18 atoms

138.1% CPU use with 1 MPI tasks x 1 OpenMP threads

MPI task timing breakdown:
Section |  min time  |  avg time  |  max time  |%varavg| %total
---------------------------------------------------------------
Pair    | 0          | 0          | 0          |   0.0 |  0.00
Neigh   | 0          | 0          | 0          |   0.0 |  0.00
Comm    | 0          | 0          | 0          |   0.0 |  0.00
Output  | 0          | 0          | 0          |   0.0 |  0.00
Modify  | 0          | 0          | 0          |   0.0 |  0.00
Other   |            | 1.448e-06  |            |       |100.00

Nlocal:             18 ave          18 max          18 min
Histogram: 1 0 0 0 0 0 0 0 0 0
Nghost:           4813 ave        4813 max        4813 min
Histogram: 1 0 0 0 0 0 0 0 0 0
Neighs:              0 ave           0 max           0 min
Histogram: 1 0 0 0 0 0 0 0 0 0
FullNghs:        17842 ave       17842 max       17842 min
Histogram: 1 0 0 0 0 0 0 0 0 0

Total # of neighbors = 17842
Ave neighs/atom = 991.22222
Neighbor list builds = 0
Dangerous builds = 0
set atom * x 0.0 y 0.0 z 0.0
Setting atom values ...
  18 settings made for x
  18 settings made for y
  18 settings made for z
change_box all     x final 0 2.5436240170039404 y final 0 8.539178319894566 z final 0 6.339230790811242      xy final 3.401469867285256 xz final 3.03687843032958 yz final -3.2931485740281055 units box
Changing box ...
  triclinic box = (0 0 0) to (2.543624 8.5329752 6.3415853) with tilt (3.3876283 3.045267 -3.289679)
  triclinic box = (0 0 0) to (2.543624 8.5391783 6.3415853) with tilt (3.3876283 3.045267 -3.289679)
  triclinic box = (0 0 0) to (2.543624 8.5391783 6.3392308) with tilt (3.3876283 3.045267 -3.289679)
  triclinic box = (0 0 0) to (2.543624 8.5391783 6.3392308) with tilt (3.4014699 3.045267 -3.289679)
  triclinic box = (0 0 0) to (2.543624 8.5391783 6.3392308) with tilt (3.4014699 3.0368784 -3.289679)
  triclinic box = (0 0 0) to (2.543624 8.5391783 6.3392308) with tilt (3.4014699 3.0368784 -3.2931486)
echo none
run 0
Per MPI rank memory allocation (min/avg/max) = 4.345 | 4.345 | 4.345 Mbytes
    PotEng          Pxx           E_mol          E_coul    
-77.028122     -254.013        0              0            
Loop time of 1.719e-06 on 1 procs for 0 steps with 18 atoms

814.4% CPU use with 1 MPI tasks x 1 OpenMP threads

MPI task timing breakdown:
Section |  min time  |  avg time  |  max time  |%varavg| %total
---------------------------------------------------------------
Pair    | 0          | 0          | 0          |   0.0 |  0.00
Neigh   | 0          | 0          | 0          |   0.0 |  0.00
Comm    | 0          | 0          | 0          |   0.0 |  0.00
Output  | 0          | 0          | 0          |   0.0 |  0.00
Modify  | 0          | 0          | 0          |   0.0 |  0.00
Other   |            | 1.719e-06  |            |       |100.00

Nlocal:             18 ave          18 max          18 min
Histogram: 1 0 0 0 0 0 0 0 0 0
Nghost:           4813 ave        4813 max        4813 min
Histogram: 1 0 0 0 0 0 0 0 0 0
Neighs:              0 ave           0 max           0 min
Histogram: 1 0 0 0 0 0 0 0 0 0
FullNghs:        17826 ave       17826 max       17826 min
Histogram: 1 0 0 0 0 0 0 0 0 0

Total # of neighbors = 17826
Ave neighs/atom = 990.33333
Neighbor list builds = 0
Dangerous builds = 0
set atom * x 0.0 y 0.0 z 0.0
Setting atom values ...
  18 settings made for x
  18 settings made for y
  18 settings made for z
change_box all     x final 0 2.543624017003941 y final 0 8.53917831989457 z final 0 6.339230790811249      xy final 3.401469867285257 xz final 3.036878430329583 yz final -3.2931485740281023 units box
Changing box ...
  triclinic box = (0 0 0) to (2.543624 8.5391783 6.3392308) with tilt (3.4014699 3.0368784 -3.2931486)
  triclinic box = (0 0 0) to (2.543624 8.5391783 6.3392308) with tilt (3.4014699 3.0368784 -3.2931486)
  triclinic box = (0 0 0) to (2.543624 8.5391783 6.3392308) with tilt (3.4014699 3.0368784 -3.2931486)
  triclinic box = (0 0 0) to (2.543624 8.5391783 6.3392308) with tilt (3.4014699 3.0368784 -3.2931486)
  triclinic box = (0 0 0) to (2.543624 8.5391783 6.3392308) with tilt (3.4014699 3.0368784 -3.2931486)
  triclinic box = (0 0 0) to (2.543624 8.5391783 6.3392308) with tilt (3.4014699 3.0368784 -3.2931486)
echo none
run 0
Per MPI rank memory allocation (min/avg/max) = 4.345 | 4.345 | 4.345 Mbytes
    PotEng          Pxx           E_mol          E_coul    
-77.028122     -254.013        0              0            
Loop time of 1.695e-06 on 1 procs for 0 steps with 18 atoms

1061.9% CPU use with 1 MPI tasks x 1 OpenMP threads

MPI task timing breakdown:
Section |  min time  |  avg time  |  max time  |%varavg| %total
---------------------------------------------------------------
Pair    | 0          | 0          | 0          |   0.0 |  0.00
Neigh   | 0          | 0          | 0          |   0.0 |  0.00
Comm    | 0          | 0          | 0          |   0.0 |  0.00
Output  | 0          | 0          | 0          |   0.0 |  0.00
Modify  | 0          | 0          | 0          |   0.0 |  0.00
Other   |            | 1.695e-06  |            |       |100.00

Nlocal:             18 ave          18 max          18 min
Histogram: 1 0 0 0 0 0 0 0 0 0
Nghost:           4813 ave        4813 max        4813 min
Histogram: 1 0 0 0 0 0 0 0 0 0
Neighs:              0 ave           0 max           0 min
Histogram: 1 0 0 0 0 0 0 0 0 0
FullNghs:        17826 ave       17826 max       17826 min
Histogram: 1 0 0 0 0 0 0 0 0 0

Total # of neighbors = 17826
Ave neighs/atom = 990.33333
Neighbor list builds = 0
Dangerous builds = 0
set atom * x 0.0 y 0.0 z 0.0
Setting atom values ...
  18 settings made for x
  18 settings made for y
  18 settings made for z
change_box all     x final 0 2.543583997052887 y final 0 8.54571372398232 z final 0 6.335088181821015      xy final 3.418877375625247 xz final 3.007896793077616 yz final -3.3001239151171715 units box
Changing box ...
  triclinic box = (0 0 0) to (2.543584 8.5391783 6.3392308) with tilt (3.4014699 3.0368784 -3.2931486)
  triclinic box = (0 0 0) to (2.543584 8.5457137 6.3392308) with tilt (3.4014699 3.0368784 -3.2931486)
  triclinic box = (0 0 0) to (2.543584 8.5457137 6.3350882) with tilt (3.4014699 3.0368784 -3.2931486)
  triclinic box = (0 0 0) to (2.543584 8.5457137 6.3350882) with tilt (3.4188774 3.0368784 -3.2931486)
  triclinic box = (0 0 0) to (2.543584 8.5457137 6.3350882) with tilt (3.4188774 3.0078968 -3.2931486)
  triclinic box = (0 0 0) to (2.543584 8.5457137 6.3350882) with tilt (3.4188774 3.0078968 -3.3001239)
echo none
run 0
Per MPI rank memory allocation (min/avg/max) = 4.345 | 4.345 | 4.345 Mbytes
    PotEng          Pxx           E_mol          E_coul    
-77.028199     -158.18246      0              0            
Loop time of 1.016e-06 on 1 procs for 0 steps with 18 atoms

196.9% CPU use with 1 MPI tasks x 1 OpenMP threads

MPI task timing breakdown:
Section |  min time  |  avg time  |  max time  |%varavg| %total
---------------------------------------------------------------
Pair    | 0          | 0          | 0          |   0.0 |  0.00
Neigh   | 0          | 0          | 0          |   0.0 |  0.00
Comm    | 0          | 0          | 0          |   0.0 |  0.00
Output  | 0          | 0          | 0          |   0.0 |  0.00
Modify  | 0          | 0          | 0          |   0.0 |  0.00
Other   |            | 1.016e-06  |            |       |100.00

Nlocal:             18 ave          18 max          18 min
Histogram: 1 0 0 0 0 0 0 0 0 0
Nghost:           4813 ave        4813 max        4813 min
Histogram: 1 0 0 0 0 0 0 0 0 0
Neighs:              0 ave           0 max           0 min
Histogram: 1 0 0 0 0 0 0 0 0 0
FullNghs:        17830 ave       17830 max       17830 min
Histogram: 1 0 0 0 0 0 0 0 0 0

Total # of neighbors = 17830
Ave neighs/atom = 990.55556
Neighbor list builds = 0
Dangerous builds = 0
set atom * x 0.0 y 0.0 z 0.0
Setting atom values ...
  18 settings made for x
  18 settings made for y
  18 settings made for z
change_box all     x final 0 2.5435839970528873 y final 0 8.545713723982322 z final 0 6.335088181821018      xy final 3.418877375625243 xz final 3.0078967930776144 yz final -3.300123915117169 units box
Changing box ...
  triclinic box = (0 0 0) to (2.543584 8.5457137 6.3350882) with tilt (3.4188774 3.0078968 -3.3001239)
  triclinic box = (0 0 0) to (2.543584 8.5457137 6.3350882) with tilt (3.4188774 3.0078968 -3.3001239)
  triclinic box = (0 0 0) to (2.543584 8.5457137 6.3350882) with tilt (3.4188774 3.0078968 -3.3001239)
  triclinic box = (0 0 0) to (2.543584 8.5457137 6.3350882) with tilt (3.4188774 3.0078968 -3.3001239)
  triclinic box = (0 0 0) to (2.543584 8.5457137 6.3350882) with tilt (3.4188774 3.0078968 -3.3001239)
  triclinic box = (0 0 0) to (2.543584 8.5457137 6.3350882) with tilt (3.4188774 3.0078968 -3.3001239)
echo none
run 0
Per MPI rank memory allocation (min/avg/max) = 4.345 | 4.345 | 4.345 Mbytes
    PotEng          Pxx           E_mol          E_coul    
-77.028199     -158.18246      0              0            
Loop time of 1.426e-06 on 1 procs for 0 steps with 18 atoms

1122.0% CPU use with 1 MPI tasks x 1 OpenMP threads

MPI task timing breakdown:
Section |  min time  |  avg time  |  max time  |%varavg| %total
---------------------------------------------------------------
Pair    | 0          | 0          | 0          |   0.0 |  0.00
Neigh   | 0          | 0          | 0          |   0.0 |  0.00
Comm    | 0          | 0          | 0          |   0.0 |  0.00
Output  | 0          | 0          | 0          |   0.0 |  0.00
Modify  | 0          | 0          | 0          |   0.0 |  0.00
Other   |            | 1.426e-06  |            |       |100.00

Nlocal:             18 ave          18 max          18 min
Histogram: 1 0 0 0 0 0 0 0 0 0
Nghost:           4813 ave        4813 max        4813 min
Histogram: 1 0 0 0 0 0 0 0 0 0
Neighs:              0 ave           0 max           0 min
Histogram: 1 0 0 0 0 0 0 0 0 0
FullNghs:        17830 ave       17830 max       17830 min
Histogram: 1 0 0 0 0 0 0 0 0 0

Total # of neighbors = 17830
Ave neighs/atom = 990.55556
Neighbor list builds = 0
Dangerous builds = 0
set atom * x 0.0 y 0.0 z 0.0
Setting atom values ...
  18 settings made for x
  18 settings made for y
  18 settings made for z
change_box all     x final 0 2.5436456356269885 y final 0 8.548425912910936 z final 0 6.33238477629663      xy final 3.4389391155489295 xz final 2.978621016663441 yz final -3.3049691711918965 units box
Changing box ...
  triclinic box = (0 0 0) to (2.5436456 8.5457137 6.3350882) with tilt (3.4188774 3.0078968 -3.3001239)
  triclinic box = (0 0 0) to (2.5436456 8.5484259 6.3350882) with tilt (3.4188774 3.0078968 -3.3001239)
  triclinic box = (0 0 0) to (2.5436456 8.5484259 6.3323848) with tilt (3.4188774 3.0078968 -3.3001239)
  triclinic box = (0 0 0) to (2.5436456 8.5484259 6.3323848) with tilt (3.4389391 3.0078968 -3.3001239)
  triclinic box = (0 0 0) to (2.5436456 8.5484259 6.3323848) with tilt (3.4389391 2.978621 -3.3001239)
  triclinic box = (0 0 0) to (2.5436456 8.5484259 6.3323848) with tilt (3.4389391 2.978621 -3.3049692)
echo none
run 0
Per MPI rank memory allocation (min/avg/max) = 4.345 | 4.345 | 4.345 Mbytes
    PotEng          Pxx           E_mol          E_coul    
-77.028264     -200.04352      0              0            
Loop time of 1.385e-06 on 1 procs for 0 steps with 18 atoms

1010.8% CPU use with 1 MPI tasks x 1 OpenMP threads

MPI task timing breakdown:
Section |  min time  |  avg time  |  max time  |%varavg| %total
---------------------------------------------------------------
Pair    | 0          | 0          | 0          |   0.0 |  0.00
Neigh   | 0          | 0          | 0          |   0.0 |  0.00
Comm    | 0          | 0          | 0          |   0.0 |  0.00
Output  | 0          | 0          | 0          |   0.0 |  0.00
Modify  | 0          | 0          | 0          |   0.0 |  0.00
Other   |            | 1.385e-06  |            |       |100.00

Nlocal:             18 ave          18 max          18 min
Histogram: 1 0 0 0 0 0 0 0 0 0
Nghost:           4813 ave        4813 max        4813 min
Histogram: 1 0 0 0 0 0 0 0 0 0
Neighs:              0 ave           0 max           0 min
Histogram: 1 0 0 0 0 0 0 0 0 0
FullNghs:        17846 ave       17846 max       17846 min
Histogram: 1 0 0 0 0 0 0 0 0 0

Total # of neighbors = 17846
Ave neighs/atom = 991.44444
Neighbor list builds = 0
Dangerous builds = 0
set atom * x 0.0 y 0.0 z 0.0
Setting atom values ...
  18 settings made for x
  18 settings made for y
  18 settings made for z
change_box all     x final 0 2.5436456356269894 y final 0 8.548425912910933 z final 0 6.332384776296627      xy final 3.4389391155489277 xz final 2.9786210166634404 yz final -3.3049691711918956 units box
Changing box ...
  triclinic box = (0 0 0) to (2.5436456 8.5484259 6.3323848) with tilt (3.4389391 2.978621 -3.3049692)
  triclinic box = (0 0 0) to (2.5436456 8.5484259 6.3323848) with tilt (3.4389391 2.978621 -3.3049692)
  triclinic box = (0 0 0) to (2.5436456 8.5484259 6.3323848) with tilt (3.4389391 2.978621 -3.3049692)
  triclinic box = (0 0 0) to (2.5436456 8.5484259 6.3323848) with tilt (3.4389391 2.978621 -3.3049692)
  triclinic box = (0 0 0) to (2.5436456 8.5484259 6.3323848) with tilt (3.4389391 2.978621 -3.3049692)
  triclinic box = (0 0 0) to (2.5436456 8.5484259 6.3323848) with tilt (3.4389391 2.978621 -3.3049692)
echo none
run 0
Per MPI rank memory allocation (min/avg/max) = 4.345 | 4.345 | 4.345 Mbytes
    PotEng          Pxx           E_mol          E_coul    
-77.028264     -200.04352      0              0            
Loop time of 1.519e-06 on 1 procs for 0 steps with 18 atoms

724.2% CPU use with 1 MPI tasks x 1 OpenMP threads

MPI task timing breakdown:
Section |  min time  |  avg time  |  max time  |%varavg| %total
---------------------------------------------------------------
Pair    | 0          | 0          | 0          |   0.0 |  0.00
Neigh   | 0          | 0          | 0          |   0.0 |  0.00
Comm    | 0          | 0          | 0          |   0.0 |  0.00
Output  | 0          | 0          | 0          |   0.0 |  0.00
Modify  | 0          | 0          | 0          |   0.0 |  0.00
Other   |            | 1.519e-06  |            |       |100.00

Nlocal:             18 ave          18 max          18 min
Histogram: 1 0 0 0 0 0 0 0 0 0
Nghost:           4813 ave        4813 max        4813 min
Histogram: 1 0 0 0 0 0 0 0 0 0
Neighs:              0 ave           0 max           0 min
Histogram: 1 0 0 0 0 0 0 0 0 0
FullNghs:        17846 ave       17846 max       17846 min
Histogram: 1 0 0 0 0 0 0 0 0 0

Total # of neighbors = 17846
Ave neighs/atom = 991.44444
Neighbor list builds = 0
Dangerous builds = 0
set atom * x 0.0 y 0.0 z 0.0
Setting atom values ...
  18 settings made for x
  18 settings made for y
  18 settings made for z
change_box all     x final 0 2.543445234636428 y final 0 8.55078406996037 z final 0 6.329435318728612      xy final 3.4519429934016252 xz final 2.9614620326941727 yz final -3.3087292547993883 units box
Changing box ...
  triclinic box = (0 0 0) to (2.5434452 8.5484259 6.3323848) with tilt (3.4389391 2.978621 -3.3049692)
  triclinic box = (0 0 0) to (2.5434452 8.5507841 6.3323848) with tilt (3.4389391 2.978621 -3.3049692)
  triclinic box = (0 0 0) to (2.5434452 8.5507841 6.3294353) with tilt (3.4389391 2.978621 -3.3049692)
  triclinic box = (0 0 0) to (2.5434452 8.5507841 6.3294353) with tilt (3.451943 2.978621 -3.3049692)
  triclinic box = (0 0 0) to (2.5434452 8.5507841 6.3294353) with tilt (3.451943 2.961462 -3.3049692)
  triclinic box = (0 0 0) to (2.5434452 8.5507841 6.3294353) with tilt (3.451943 2.961462 -3.3087293)
echo none
run 0
Per MPI rank memory allocation (min/avg/max) = 4.345 | 4.345 | 4.345 Mbytes
    PotEng          Pxx           E_mol          E_coul    
-77.028335      60.967195      0              0            
Loop time of 1.384e-06 on 1 procs for 0 steps with 18 atoms

1156.1% CPU use with 1 MPI tasks x 1 OpenMP threads

MPI task timing breakdown:
Section |  min time  |  avg time  |  max time  |%varavg| %total
---------------------------------------------------------------
Pair    | 0          | 0          | 0          |   0.0 |  0.00
Neigh   | 0          | 0          | 0          |   0.0 |  0.00
Comm    | 0          | 0          | 0          |   0.0 |  0.00
Output  | 0          | 0          | 0          |   0.0 |  0.00
Modify  | 0          | 0          | 0          |   0.0 |  0.00
Other   |            | 1.384e-06  |            |       |100.00

Nlocal:             18 ave          18 max          18 min
Histogram: 1 0 0 0 0 0 0 0 0 0
Nghost:           4813 ave        4813 max        4813 min
Histogram: 1 0 0 0 0 0 0 0 0 0
Neighs:              0 ave           0 max           0 min
Histogram: 1 0 0 0 0 0 0 0 0 0
FullNghs:        17864 ave       17864 max       17864 min
Histogram: 1 0 0 0 0 0 0 0 0 0

Total # of neighbors = 17864
Ave neighs/atom = 992.44444
Neighbor list builds = 0
Dangerous builds = 0
set atom * x 0.0 y 0.0 z 0.0
Setting atom values ...
  18 settings made for x
  18 settings made for y
  18 settings made for z
change_box all     x final 0 2.543445234636427 y final 0 8.550784069960372 z final 0 6.329435318728614      xy final 3.451942993401623 xz final 2.9614620326941696 yz final -3.3087292547993847 units box
Changing box ...
  triclinic box = (0 0 0) to (2.5434452 8.5507841 6.3294353) with tilt (3.451943 2.961462 -3.3087293)
  triclinic box = (0 0 0) to (2.5434452 8.5507841 6.3294353) with tilt (3.451943 2.961462 -3.3087293)
  triclinic box = (0 0 0) to (2.5434452 8.5507841 6.3294353) with tilt (3.451943 2.961462 -3.3087293)
  triclinic box = (0 0 0) to (2.5434452 8.5507841 6.3294353) with tilt (3.451943 2.961462 -3.3087293)
  triclinic box = (0 0 0) to (2.5434452 8.5507841 6.3294353) with tilt (3.451943 2.961462 -3.3087293)
  triclinic box = (0 0 0) to (2.5434452 8.5507841 6.3294353) with tilt (3.451943 2.961462 -3.3087293)
echo none
run 0
Per MPI rank memory allocation (min/avg/max) = 4.345 | 4.345 | 4.345 Mbytes
    PotEng          Pxx           E_mol          E_coul    
-77.028335      60.967195      0              0            
Loop time of 1.379e-06 on 1 procs for 0 steps with 18 atoms

725.2% CPU use with 1 MPI tasks x 1 OpenMP threads

MPI task timing breakdown:
Section |  min time  |  avg time  |  max time  |%varavg| %total
---------------------------------------------------------------
Pair    | 0          | 0          | 0          |   0.0 |  0.00
Neigh   | 0          | 0          | 0          |   0.0 |  0.00
Comm    | 0          | 0          | 0          |   0.0 |  0.00
Output  | 0          | 0          | 0          |   0.0 |  0.00
Modify  | 0          | 0          | 0          |   0.0 |  0.00
Other   |            | 1.379e-06  |            |       |100.00

Nlocal:             18 ave          18 max          18 min
Histogram: 1 0 0 0 0 0 0 0 0 0
Nghost:           4813 ave        4813 max        4813 min
Histogram: 1 0 0 0 0 0 0 0 0 0
Neighs:              0 ave           0 max           0 min
Histogram: 1 0 0 0 0 0 0 0 0 0
FullNghs:        17864 ave       17864 max       17864 min
Histogram: 1 0 0 0 0 0 0 0 0 0

Total # of neighbors = 17864
Ave neighs/atom = 992.44444
Neighbor list builds = 0
Dangerous builds = 0
set atom * x 0.0 y 0.0 z 0.0
Setting atom values ...
  18 settings made for x
  18 settings made for y
  18 settings made for z
change_box all     x final 0 2.5435993318265866 y final 0 8.547953835465544 z final 0 6.329968143026574      xy final 3.4678955342178632 xz final 2.9286238798501754 yz final -3.314023153967087 units box
Changing box ...
  triclinic box = (0 0 0) to (2.5435993 8.5507841 6.3294353) with tilt (3.451943 2.961462 -3.3087293)
  triclinic box = (0 0 0) to (2.5435993 8.5479538 6.3294353) with tilt (3.451943 2.961462 -3.3087293)
  triclinic box = (0 0 0) to (2.5435993 8.5479538 6.3299681) with tilt (3.451943 2.961462 -3.3087293)
  triclinic box = (0 0 0) to (2.5435993 8.5479538 6.3299681) with tilt (3.4678955 2.961462 -3.3087293)
  triclinic box = (0 0 0) to (2.5435993 8.5479538 6.3299681) with tilt (3.4678955 2.9286239 -3.3087293)
  triclinic box = (0 0 0) to (2.5435993 8.5479538 6.3299681) with tilt (3.4678955 2.9286239 -3.3140232)
echo none
run 0
Per MPI rank memory allocation (min/avg/max) = 4.345 | 4.345 | 4.345 Mbytes
    PotEng          Pxx           E_mol          E_coul    
-77.02839      -183.05778      0              0            
Loop time of 1.587e-06 on 1 procs for 0 steps with 18 atoms

882.2% CPU use with 1 MPI tasks x 1 OpenMP threads

MPI task timing breakdown:
Section |  min time  |  avg time  |  max time  |%varavg| %total
---------------------------------------------------------------
Pair    | 0          | 0          | 0          |   0.0 |  0.00
Neigh   | 0          | 0          | 0          |   0.0 |  0.00
Comm    | 0          | 0          | 0          |   0.0 |  0.00
Output  | 0          | 0          | 0          |   0.0 |  0.00
Modify  | 0          | 0          | 0          |   0.0 |  0.00
Other   |            | 1.587e-06  |            |       |100.00

Nlocal:             18 ave          18 max          18 min
Histogram: 1 0 0 0 0 0 0 0 0 0
Nghost:           4883 ave        4883 max        4883 min
Histogram: 1 0 0 0 0 0 0 0 0 0
Neighs:              0 ave           0 max           0 min
Histogram: 1 0 0 0 0 0 0 0 0 0
FullNghs:        17886 ave       17886 max       17886 min
Histogram: 1 0 0 0 0 0 0 0 0 0

Total # of neighbors = 17886
Ave neighs/atom = 993.66667
Neighbor list builds = 0
Dangerous builds = 0
set atom * x 0.0 y 0.0 z 0.0
Setting atom values ...
  18 settings made for x
  18 settings made for y
  18 settings made for z
change_box all     x final 0 2.5435993318265866 y final 0 8.547953835465544 z final 0 6.329968143026574      xy final 3.4678955342178632 xz final 2.928623879850175 yz final -3.314023153967087 units box
Changing box ...
  triclinic box = (0 0 0) to (2.5435993 8.5479538 6.3299681) with tilt (3.4678955 2.9286239 -3.3140232)
  triclinic box = (0 0 0) to (2.5435993 8.5479538 6.3299681) with tilt (3.4678955 2.9286239 -3.3140232)
  triclinic box = (0 0 0) to (2.5435993 8.5479538 6.3299681) with tilt (3.4678955 2.9286239 -3.3140232)
  triclinic box = (0 0 0) to (2.5435993 8.5479538 6.3299681) with tilt (3.4678955 2.9286239 -3.3140232)
  triclinic box = (0 0 0) to (2.5435993 8.5479538 6.3299681) with tilt (3.4678955 2.9286239 -3.3140232)
  triclinic box = (0 0 0) to (2.5435993 8.5479538 6.3299681) with tilt (3.4678955 2.9286239 -3.3140232)
echo none
run 0
Per MPI rank memory allocation (min/avg/max) = 4.345 | 4.345 | 4.345 Mbytes
    PotEng          Pxx           E_mol          E_coul    
-77.02839      -183.05778      0              0            
Loop time of 1.532e-06 on 1 procs for 0 steps with 18 atoms

979.1% CPU use with 1 MPI tasks x 1 OpenMP threads

MPI task timing breakdown:
Section |  min time  |  avg time  |  max time  |%varavg| %total
---------------------------------------------------------------
Pair    | 0          | 0          | 0          |   0.0 |  0.00
Neigh   | 0          | 0          | 0          |   0.0 |  0.00
Comm    | 0          | 0          | 0          |   0.0 |  0.00
Output  | 0          | 0          | 0          |   0.0 |  0.00
Modify  | 0          | 0          | 0          |   0.0 |  0.00
Other   |            | 1.532e-06  |            |       |100.00

Nlocal:             18 ave          18 max          18 min
Histogram: 1 0 0 0 0 0 0 0 0 0
Nghost:           4883 ave        4883 max        4883 min
Histogram: 1 0 0 0 0 0 0 0 0 0
Neighs:              0 ave           0 max           0 min
Histogram: 1 0 0 0 0 0 0 0 0 0
FullNghs:        17886 ave       17886 max       17886 min
Histogram: 1 0 0 0 0 0 0 0 0 0

Total # of neighbors = 17886
Ave neighs/atom = 993.66667
Neighbor list builds = 0
Dangerous builds = 0
set atom * x 0.0 y 0.0 z 0.0
Setting atom values ...
  18 settings made for x
  18 settings made for y
  18 settings made for z
change_box all     x final 0 2.5433592983784528 y final 0 8.545940375687518 z final 0 6.3305343844249915      xy final 3.4695864069638453 xz final 2.921081366176576 yz final -3.315817112302503 units box
Changing box ...
  triclinic box = (0 0 0) to (2.5433593 8.5479538 6.3299681) with tilt (3.4678955 2.9286239 -3.3140232)
  triclinic box = (0 0 0) to (2.5433593 8.5459404 6.3299681) with tilt (3.4678955 2.9286239 -3.3140232)
  triclinic box = (0 0 0) to (2.5433593 8.5459404 6.3305344) with tilt (3.4678955 2.9286239 -3.3140232)
  triclinic box = (0 0 0) to (2.5433593 8.5459404 6.3305344) with tilt (3.4695864 2.9286239 -3.3140232)
  triclinic box = (0 0 0) to (2.5433593 8.5459404 6.3305344) with tilt (3.4695864 2.9210814 -3.3140232)
  triclinic box = (0 0 0) to (2.5433593 8.5459404 6.3305344) with tilt (3.4695864 2.9210814 -3.3158171)
echo none
run 0
Per MPI rank memory allocation (min/avg/max) = 4.345 | 4.345 | 4.345 Mbytes
    PotEng          Pxx           E_mol          E_coul    
-77.028435      52.891658      0              0            
Loop time of 1.442e-06 on 1 procs for 0 steps with 18 atoms

1040.2% CPU use with 1 MPI tasks x 1 OpenMP threads

MPI task timing breakdown:
Section |  min time  |  avg time  |  max time  |%varavg| %total
---------------------------------------------------------------
Pair    | 0          | 0          | 0          |   0.0 |  0.00
Neigh   | 0          | 0          | 0          |   0.0 |  0.00
Comm    | 0          | 0          | 0          |   0.0 |  0.00
Output  | 0          | 0          | 0          |   0.0 |  0.00
Modify  | 0          | 0          | 0          |   0.0 |  0.00
Other   |            | 1.442e-06  |            |       |100.00

Nlocal:             18 ave          18 max          18 min
Histogram: 1 0 0 0 0 0 0 0 0 0
Nghost:           4883 ave        4883 max        4883 min
Histogram: 1 0 0 0 0 0 0 0 0 0
Neighs:              0 ave           0 max           0 min
Histogram: 1 0 0 0 0 0 0 0 0 0
FullNghs:        17880 ave       17880 max       17880 min
Histogram: 1 0 0 0 0 0 0 0 0 0

Total # of neighbors = 17880
Ave neighs/atom = 993.33333
Neighbor list builds = 0
Dangerous builds = 0
set atom * x 0.0 y 0.0 z 0.0
Setting atom values ...
  18 settings made for x
  18 settings made for y
  18 settings made for z
change_box all     x final 0 2.5433592983784536 y final 0 8.545940375687515 z final 0 6.330534384424988      xy final 3.469586406963842 xz final 2.921081366176572 yz final -3.315817112302509 units box
Changing box ...
  triclinic box = (0 0 0) to (2.5433593 8.5459404 6.3305344) with tilt (3.4695864 2.9210814 -3.3158171)
  triclinic box = (0 0 0) to (2.5433593 8.5459404 6.3305344) with tilt (3.4695864 2.9210814 -3.3158171)
  triclinic box = (0 0 0) to (2.5433593 8.5459404 6.3305344) with tilt (3.4695864 2.9210814 -3.3158171)
  triclinic box = (0 0 0) to (2.5433593 8.5459404 6.3305344) with tilt (3.4695864 2.9210814 -3.3158171)
  triclinic box = (0 0 0) to (2.5433593 8.5459404 6.3305344) with tilt (3.4695864 2.9210814 -3.3158171)
  triclinic box = (0 0 0) to (2.5433593 8.5459404 6.3305344) with tilt (3.4695864 2.9210814 -3.3158171)
echo none
run 0
Per MPI rank memory allocation (min/avg/max) = 4.345 | 4.345 | 4.345 Mbytes
    PotEng          Pxx           E_mol          E_coul    
-77.028435      52.891658      0              0            
Loop time of 1.808e-06 on 1 procs for 0 steps with 18 atoms

1161.5% CPU use with 1 MPI tasks x 1 OpenMP threads

MPI task timing breakdown:
Section |  min time  |  avg time  |  max time  |%varavg| %total
---------------------------------------------------------------
Pair    | 0          | 0          | 0          |   0.0 |  0.00
Neigh   | 0          | 0          | 0          |   0.0 |  0.00
Comm    | 0          | 0          | 0          |   0.0 |  0.00
Output  | 0          | 0          | 0          |   0.0 |  0.00
Modify  | 0          | 0          | 0          |   0.0 |  0.00
Other   |            | 1.808e-06  |            |       |100.00

Nlocal:             18 ave          18 max          18 min
Histogram: 1 0 0 0 0 0 0 0 0 0
Nghost:           4883 ave        4883 max        4883 min
Histogram: 1 0 0 0 0 0 0 0 0 0
Neighs:              0 ave           0 max           0 min
Histogram: 1 0 0 0 0 0 0 0 0 0
FullNghs:        17880 ave       17880 max       17880 min
Histogram: 1 0 0 0 0 0 0 0 0 0

Total # of neighbors = 17880
Ave neighs/atom = 993.33333
Neighbor list builds = 0
Dangerous builds = 0
set atom * x 0.0 y 0.0 z 0.0
Setting atom values ...
  18 settings made for x
  18 settings made for y
  18 settings made for z
change_box all     x final 0 2.5433162765630324 y final 0 8.542990723822014 z final 0 6.332003326630207      xy final 3.4728801382873433 xz final 2.918321465692663 yz final -3.3173467074886522 units box
Changing box ...
  triclinic box = (0 0 0) to (2.5433163 8.5459404 6.3305344) with tilt (3.4695864 2.9210814 -3.3158171)
  triclinic box = (0 0 0) to (2.5433163 8.5429907 6.3305344) with tilt (3.4695864 2.9210814 -3.3158171)
  triclinic box = (0 0 0) to (2.5433163 8.5429907 6.3320033) with tilt (3.4695864 2.9210814 -3.3158171)
  triclinic box = (0 0 0) to (2.5433163 8.5429907 6.3320033) with tilt (3.4728801 2.9210814 -3.3158171)
  triclinic box = (0 0 0) to (2.5433163 8.5429907 6.3320033) with tilt (3.4728801 2.9183215 -3.3158171)
  triclinic box = (0 0 0) to (2.5433163 8.5429907 6.3320033) with tilt (3.4728801 2.9183215 -3.3173467)
echo none
run 0
Per MPI rank memory allocation (min/avg/max) = 4.345 | 4.345 | 4.345 Mbytes
    PotEng          Pxx           E_mol          E_coul    
-77.02848       47.38          0              0            
Loop time of 1.677e-06 on 1 procs for 0 steps with 18 atoms

1073.3% CPU use with 1 MPI tasks x 1 OpenMP threads

MPI task timing breakdown:
Section |  min time  |  avg time  |  max time  |%varavg| %total
---------------------------------------------------------------
Pair    | 0          | 0          | 0          |   0.0 |  0.00
Neigh   | 0          | 0          | 0          |   0.0 |  0.00
Comm    | 0          | 0          | 0          |   0.0 |  0.00
Output  | 0          | 0          | 0          |   0.0 |  0.00
Modify  | 0          | 0          | 0          |   0.0 |  0.00
Other   |            | 1.677e-06  |            |       |100.00

Nlocal:             18 ave          18 max          18 min
Histogram: 1 0 0 0 0 0 0 0 0 0
Nghost:           4883 ave        4883 max        4883 min
Histogram: 1 0 0 0 0 0 0 0 0 0
Neighs:              0 ave           0 max           0 min
Histogram: 1 0 0 0 0 0 0 0 0 0
FullNghs:        17882 ave       17882 max       17882 min
Histogram: 1 0 0 0 0 0 0 0 0 0

Total # of neighbors = 17882
Ave neighs/atom = 993.44444
Neighbor list builds = 0
Dangerous builds = 0
set atom * x 0.0 y 0.0 z 0.0
Setting atom values ...
  18 settings made for x
  18 settings made for y
  18 settings made for z
change_box all     x final 0 2.5432711382381847 y final 0 8.539877150398704 z final 0 6.333554225139046      xy final 3.4763560924773014 xz final 2.9154064209801307 yz final -3.3189615470988185 units box
Changing box ...
  triclinic box = (0 0 0) to (2.5432711 8.5429907 6.3320033) with tilt (3.4728801 2.9183215 -3.3173467)
  triclinic box = (0 0 0) to (2.5432711 8.5398772 6.3320033) with tilt (3.4728801 2.9183215 -3.3173467)
  triclinic box = (0 0 0) to (2.5432711 8.5398772 6.3335542) with tilt (3.4728801 2.9183215 -3.3173467)
  triclinic box = (0 0 0) to (2.5432711 8.5398772 6.3335542) with tilt (3.4763561 2.9183215 -3.3173467)
  triclinic box = (0 0 0) to (2.5432711 8.5398772 6.3335542) with tilt (3.4763561 2.9154064 -3.3173467)
  triclinic box = (0 0 0) to (2.5432711 8.5398772 6.3335542) with tilt (3.4763561 2.9154064 -3.3189615)
echo none
run 0
Per MPI rank memory allocation (min/avg/max) = 4.345 | 4.345 | 4.345 Mbytes
    PotEng          Pxx           E_mol          E_coul    
-77.028491      41.189532      0              0            
Loop time of 9.55e-07 on 1 procs for 0 steps with 18 atoms

209.4% CPU use with 1 MPI tasks x 1 OpenMP threads

MPI task timing breakdown:
Section |  min time  |  avg time  |  max time  |%varavg| %total
---------------------------------------------------------------
Pair    | 0          | 0          | 0          |   0.0 |  0.00
Neigh   | 0          | 0          | 0          |   0.0 |  0.00
Comm    | 0          | 0          | 0          |   0.0 |  0.00
Output  | 0          | 0          | 0          |   0.0 |  0.00
Modify  | 0          | 0          | 0          |   0.0 |  0.00
Other   |            | 9.55e-07   |            |       |100.00

Nlocal:             18 ave          18 max          18 min
Histogram: 1 0 0 0 0 0 0 0 0 0
Nghost:           4883 ave        4883 max        4883 min
Histogram: 1 0 0 0 0 0 0 0 0 0
Neighs:              0 ave           0 max           0 min
Histogram: 1 0 0 0 0 0 0 0 0 0
FullNghs:        17878 ave       17878 max       17878 min
Histogram: 1 0 0 0 0 0 0 0 0 0

Total # of neighbors = 17878
Ave neighs/atom = 993.22222
Neighbor list builds = 0
Dangerous builds = 0
set atom * x 0.0 y 0.0 z 0.0
Setting atom values ...
  18 settings made for x
  18 settings made for y
  18 settings made for z
change_box all     x final 0 2.543271138238186 y final 0 8.5398771503987 z final 0 6.333554225139042      xy final 3.4763560924773036 xz final 2.915406420980132 yz final -3.318961547098822 units box
Changing box ...
  triclinic box = (0 0 0) to (2.5432711 8.5398772 6.3335542) with tilt (3.4763561 2.9154064 -3.3189615)
  triclinic box = (0 0 0) to (2.5432711 8.5398772 6.3335542) with tilt (3.4763561 2.9154064 -3.3189615)
  triclinic box = (0 0 0) to (2.5432711 8.5398772 6.3335542) with tilt (3.4763561 2.9154064 -3.3189615)
  triclinic box = (0 0 0) to (2.5432711 8.5398772 6.3335542) with tilt (3.4763561 2.9154064 -3.3189615)
  triclinic box = (0 0 0) to (2.5432711 8.5398772 6.3335542) with tilt (3.4763561 2.9154064 -3.3189615)
  triclinic box = (0 0 0) to (2.5432711 8.5398772 6.3335542) with tilt (3.4763561 2.9154064 -3.3189615)
echo none
run 0
Per MPI rank memory allocation (min/avg/max) = 4.345 | 4.345 | 4.345 Mbytes
    PotEng          Pxx           E_mol          E_coul    
-77.028491      41.189532      0              0            
Loop time of 1.45e-06 on 1 procs for 0 steps with 18 atoms

965.5% CPU use with 1 MPI tasks x 1 OpenMP threads

MPI task timing breakdown:
Section |  min time  |  avg time  |  max time  |%varavg| %total
---------------------------------------------------------------
Pair    | 0          | 0          | 0          |   0.0 |  0.00
Neigh   | 0          | 0          | 0          |   0.0 |  0.00
Comm    | 0          | 0          | 0          |   0.0 |  0.00
Output  | 0          | 0          | 0          |   0.0 |  0.00
Modify  | 0          | 0          | 0          |   0.0 |  0.00
Other   |            | 1.45e-06   |            |       |100.00

Nlocal:             18 ave          18 max          18 min
Histogram: 1 0 0 0 0 0 0 0 0 0
Nghost:           4883 ave        4883 max        4883 min
Histogram: 1 0 0 0 0 0 0 0 0 0
Neighs:              0 ave           0 max           0 min
Histogram: 1 0 0 0 0 0 0 0 0 0
FullNghs:        17878 ave       17878 max       17878 min
Histogram: 1 0 0 0 0 0 0 0 0 0

Total # of neighbors = 17878
Ave neighs/atom = 993.22222
Neighbor list builds = 0
Dangerous builds = 0
set atom * x 0.0 y 0.0 z 0.0
Setting atom values ...
  18 settings made for x
  18 settings made for y
  18 settings made for z
change_box all     x final 0 2.5432915631050417 y final 0 8.542796734044279 z final 0 6.332271963924245      xy final 3.4767984283374425 xz final 2.9166061201441718 yz final -3.318032997384152 units box
Changing box ...
  triclinic box = (0 0 0) to (2.5432916 8.5398772 6.3335542) with tilt (3.4763561 2.9154064 -3.3189615)
  triclinic box = (0 0 0) to (2.5432916 8.5427967 6.3335542) with tilt (3.4763561 2.9154064 -3.3189615)
  triclinic box = (0 0 0) to (2.5432916 8.5427967 6.332272) with tilt (3.4763561 2.9154064 -3.3189615)
  triclinic box = (0 0 0) to (2.5432916 8.5427967 6.332272) with tilt (3.4767984 2.9154064 -3.3189615)
  triclinic box = (0 0 0) to (2.5432916 8.5427967 6.332272) with tilt (3.4767984 2.9166061 -3.3189615)
  triclinic box = (0 0 0) to (2.5432916 8.5427967 6.332272) with tilt (3.4767984 2.9166061 -3.318033)
echo none
run 0
Per MPI rank memory allocation (min/avg/max) = 4.345 | 4.345 | 4.345 Mbytes
    PotEng          Pxx           E_mol          E_coul    
-77.028526      30.439444      0              0            
Loop time of 1.415e-06 on 1 procs for 0 steps with 18 atoms

989.4% CPU use with 1 MPI tasks x 1 OpenMP threads

MPI task timing breakdown:
Section |  min time  |  avg time  |  max time  |%varavg| %total
---------------------------------------------------------------
Pair    | 0          | 0          | 0          |   0.0 |  0.00
Neigh   | 0          | 0          | 0          |   0.0 |  0.00
Comm    | 0          | 0          | 0          |   0.0 |  0.00
Output  | 0          | 0          | 0          |   0.0 |  0.00
Modify  | 0          | 0          | 0          |   0.0 |  0.00
Other   |            | 1.415e-06  |            |       |100.00

Nlocal:             18 ave          18 max          18 min
Histogram: 1 0 0 0 0 0 0 0 0 0
Nghost:           4883 ave        4883 max        4883 min
Histogram: 1 0 0 0 0 0 0 0 0 0
Neighs:              0 ave           0 max           0 min
Histogram: 1 0 0 0 0 0 0 0 0 0
FullNghs:        17880 ave       17880 max       17880 min
Histogram: 1 0 0 0 0 0 0 0 0 0

Total # of neighbors = 17880
Ave neighs/atom = 993.33333
Neighbor list builds = 0
Dangerous builds = 0
set atom * x 0.0 y 0.0 z 0.0
Setting atom values ...
  18 settings made for x
  18 settings made for y
  18 settings made for z
change_box all     x final 0 2.5433368255117936 y final 0 8.549251247690483 z final 0 6.329439091385563      xy final 3.477776875688104 xz final 2.919254707321574 yz final -3.315983828205116 units box
Changing box ...
  triclinic box = (0 0 0) to (2.5433368 8.5427967 6.332272) with tilt (3.4767984 2.9166061 -3.318033)
  triclinic box = (0 0 0) to (2.5433368 8.5492512 6.332272) with tilt (3.4767984 2.9166061 -3.318033)
  triclinic box = (0 0 0) to (2.5433368 8.5492512 6.3294391) with tilt (3.4767984 2.9166061 -3.318033)
  triclinic box = (0 0 0) to (2.5433368 8.5492512 6.3294391) with tilt (3.4777769 2.9166061 -3.318033)
  triclinic box = (0 0 0) to (2.5433368 8.5492512 6.3294391) with tilt (3.4777769 2.9192547 -3.318033)
  triclinic box = (0 0 0) to (2.5433368 8.5492512 6.3294391) with tilt (3.4777769 2.9192547 -3.3159838)
echo none
run 0
Per MPI rank memory allocation (min/avg/max) = 4.345 | 4.345 | 4.345 Mbytes
    PotEng          Pxx           E_mol          E_coul    
-77.028557      7.6660949      0              0            
Loop time of 1.134e-06 on 1 procs for 0 steps with 18 atoms

529.1% CPU use with 1 MPI tasks x 1 OpenMP threads

MPI task timing breakdown:
Section |  min time  |  avg time  |  max time  |%varavg| %total
---------------------------------------------------------------
Pair    | 0          | 0          | 0          |   0.0 |  0.00
Neigh   | 0          | 0          | 0          |   0.0 |  0.00
Comm    | 0          | 0          | 0          |   0.0 |  0.00
Output  | 0          | 0          | 0          |   0.0 |  0.00
Modify  | 0          | 0          | 0          |   0.0 |  0.00
Other   |            | 1.134e-06  |            |       |100.00

Nlocal:             18 ave          18 max          18 min
Histogram: 1 0 0 0 0 0 0 0 0 0
Nghost:           4883 ave        4883 max        4883 min
Histogram: 1 0 0 0 0 0 0 0 0 0
Neighs:              0 ave           0 max           0 min
Histogram: 1 0 0 0 0 0 0 0 0 0
FullNghs:        17884 ave       17884 max       17884 min
Histogram: 1 0 0 0 0 0 0 0 0 0

Total # of neighbors = 17884
Ave neighs/atom = 993.55556
Neighbor list builds = 0
Dangerous builds = 0
set atom * x 0.0 y 0.0 z 0.0
Setting atom values ...
  18 settings made for x
  18 settings made for y
  18 settings made for z
change_box all     x final 0 2.5433368255117954 y final 0 8.549251247690481 z final 0 6.329439091385563      xy final 3.4777768756881047 xz final 2.9192547073215738 yz final -3.3159838282051224 units box
Changing box ...
  triclinic box = (0 0 0) to (2.5433368 8.5492512 6.3294391) with tilt (3.4777769 2.9192547 -3.3159838)
  triclinic box = (0 0 0) to (2.5433368 8.5492512 6.3294391) with tilt (3.4777769 2.9192547 -3.3159838)
  triclinic box = (0 0 0) to (2.5433368 8.5492512 6.3294391) with tilt (3.4777769 2.9192547 -3.3159838)
  triclinic box = (0 0 0) to (2.5433368 8.5492512 6.3294391) with tilt (3.4777769 2.9192547 -3.3159838)
  triclinic box = (0 0 0) to (2.5433368 8.5492512 6.3294391) with tilt (3.4777769 2.9192547 -3.3159838)
  triclinic box = (0 0 0) to (2.5433368 8.5492512 6.3294391) with tilt (3.4777769 2.9192547 -3.3159838)
echo none
run 0
Per MPI rank memory allocation (min/avg/max) = 4.345 | 4.345 | 4.345 Mbytes
    PotEng          Pxx           E_mol          E_coul    
-77.028557      7.6660949      0              0            
Loop time of 1.284e-06 on 1 procs for 0 steps with 18 atoms

700.9% CPU use with 1 MPI tasks x 1 OpenMP threads

MPI task timing breakdown:
Section |  min time  |  avg time  |  max time  |%varavg| %total
---------------------------------------------------------------
Pair    | 0          | 0          | 0          |   0.0 |  0.00
Neigh   | 0          | 0          | 0          |   0.0 |  0.00
Comm    | 0          | 0          | 0          |   0.0 |  0.00
Output  | 0          | 0          | 0          |   0.0 |  0.00
Modify  | 0          | 0          | 0          |   0.0 |  0.00
Other   |            | 1.284e-06  |            |       |100.00

Nlocal:             18 ave          18 max          18 min
Histogram: 1 0 0 0 0 0 0 0 0 0
Nghost:           4883 ave        4883 max        4883 min
Histogram: 1 0 0 0 0 0 0 0 0 0
Neighs:              0 ave           0 max           0 min
Histogram: 1 0 0 0 0 0 0 0 0 0
FullNghs:        17884 ave       17884 max       17884 min
Histogram: 1 0 0 0 0 0 0 0 0 0

Total # of neighbors = 17884
Ave neighs/atom = 993.55556
Neighbor list builds = 0
Dangerous builds = 0
set atom * x 0.0 y 0.0 z 0.0
Setting atom values ...
  18 settings made for x
  18 settings made for y
  18 settings made for z
change_box all     x final 0 2.543259873484483 y final 0 8.547710957901062 z final 0 6.329414049422207      xy final 3.4872895017756593 xz final 2.9223613788575427 yz final -3.312753664069758 units box
Changing box ...
  triclinic box = (0 0 0) to (2.5432599 8.5492512 6.3294391) with tilt (3.4777769 2.9192547 -3.3159838)
  triclinic box = (0 0 0) to (2.5432599 8.547711 6.3294391) with tilt (3.4777769 2.9192547 -3.3159838)
  triclinic box = (0 0 0) to (2.5432599 8.547711 6.329414) with tilt (3.4777769 2.9192547 -3.3159838)
  triclinic box = (0 0 0) to (2.5432599 8.547711 6.329414) with tilt (3.4872895 2.9192547 -3.3159838)
  triclinic box = (0 0 0) to (2.5432599 8.547711 6.329414) with tilt (3.4872895 2.9223614 -3.3159838)
  triclinic box = (0 0 0) to (2.5432599 8.547711 6.329414) with tilt (3.4872895 2.9223614 -3.3127537)
echo none
run 0
Per MPI rank memory allocation (min/avg/max) = 4.345 | 4.345 | 4.345 Mbytes
    PotEng          Pxx           E_mol          E_coul    
-77.028606      140.47496      0              0            
Loop time of 1.067e-06 on 1 procs for 0 steps with 18 atoms

374.9% CPU use with 1 MPI tasks x 1 OpenMP threads

MPI task timing breakdown:
Section |  min time  |  avg time  |  max time  |%varavg| %total
---------------------------------------------------------------
Pair    | 0          | 0          | 0          |   0.0 |  0.00
Neigh   | 0          | 0          | 0          |   0.0 |  0.00
Comm    | 0          | 0          | 0          |   0.0 |  0.00
Output  | 0          | 0          | 0          |   0.0 |  0.00
Modify  | 0          | 0          | 0          |   0.0 |  0.00
Other   |            | 1.067e-06  |            |       |100.00

Nlocal:             18 ave          18 max          18 min
Histogram: 1 0 0 0 0 0 0 0 0 0
Nghost:           4883 ave        4883 max        4883 min
Histogram: 1 0 0 0 0 0 0 0 0 0
Neighs:              0 ave           0 max           0 min
Histogram: 1 0 0 0 0 0 0 0 0 0
FullNghs:        17888 ave       17888 max       17888 min
Histogram: 1 0 0 0 0 0 0 0 0 0

Total # of neighbors = 17888
Ave neighs/atom = 993.77778
Neighbor list builds = 0
Dangerous builds = 0
set atom * x 0.0 y 0.0 z 0.0
Setting atom values ...
  18 settings made for x
  18 settings made for y
  18 settings made for z
change_box all     x final 0 2.5431370497493337 y final 0 8.545181805939068 z final 0 6.329368037303799      xy final 3.502890749255722 xz final 2.9274623061730853 yz final -3.3074644872524113 units box
Changing box ...
  triclinic box = (0 0 0) to (2.543137 8.547711 6.329414) with tilt (3.4872895 2.9223614 -3.3127537)
  triclinic box = (0 0 0) to (2.543137 8.5451818 6.329414) with tilt (3.4872895 2.9223614 -3.3127537)
  triclinic box = (0 0 0) to (2.543137 8.5451818 6.329368) with tilt (3.4872895 2.9223614 -3.3127537)
  triclinic box = (0 0 0) to (2.543137 8.5451818 6.329368) with tilt (3.5028907 2.9223614 -3.3127537)
  triclinic box = (0 0 0) to (2.543137 8.5451818 6.329368) with tilt (3.5028907 2.9274623 -3.3127537)
  triclinic box = (0 0 0) to (2.543137 8.5451818 6.329368) with tilt (3.5028907 2.9274623 -3.3074645)
echo none
run 0
Per MPI rank memory allocation (min/avg/max) = 4.345 | 4.345 | 4.345 Mbytes
    PotEng          Pxx           E_mol          E_coul    
-77.028632      353.97199      0              0            
Loop time of 1.182e-06 on 1 procs for 0 steps with 18 atoms

676.8% CPU use with 1 MPI tasks x 1 OpenMP threads

MPI task timing breakdown:
Section |  min time  |  avg time  |  max time  |%varavg| %total
---------------------------------------------------------------
Pair    | 0          | 0          | 0          |   0.0 |  0.00
Neigh   | 0          | 0          | 0          |   0.0 |  0.00
Comm    | 0          | 0          | 0          |   0.0 |  0.00
Output  | 0          | 0          | 0          |   0.0 |  0.00
Modify  | 0          | 0          | 0          |   0.0 |  0.00
Other   |            | 1.182e-06  |            |       |100.00

Nlocal:             18 ave          18 max          18 min
Histogram: 1 0 0 0 0 0 0 0 0 0
Nghost:           4883 ave        4883 max        4883 min
Histogram: 1 0 0 0 0 0 0 0 0 0
Neighs:              0 ave           0 max           0 min
Histogram: 1 0 0 0 0 0 0 0 0 0
FullNghs:        17904 ave       17904 max       17904 min
Histogram: 1 0 0 0 0 0 0 0 0 0

Total # of neighbors = 17904
Ave neighs/atom = 994.66667
Neighbor list builds = 0
Dangerous builds = 0
set atom * x 0.0 y 0.0 z 0.0
Setting atom values ...
  18 settings made for x
  18 settings made for y
  18 settings made for z
change_box all     x final 0 2.543137049749332 y final 0 8.545181805939068 z final 0 6.329368037303798      xy final 3.502890749255723 xz final 2.927462306173084 yz final -3.3074644872524086 units box
Changing box ...
  triclinic box = (0 0 0) to (2.543137 8.5451818 6.329368) with tilt (3.5028907 2.9274623 -3.3074645)
  triclinic box = (0 0 0) to (2.543137 8.5451818 6.329368) with tilt (3.5028907 2.9274623 -3.3074645)
  triclinic box = (0 0 0) to (2.543137 8.5451818 6.329368) with tilt (3.5028907 2.9274623 -3.3074645)
  triclinic box = (0 0 0) to (2.543137 8.5451818 6.329368) with tilt (3.5028907 2.9274623 -3.3074645)
  triclinic box = (0 0 0) to (2.543137 8.5451818 6.329368) with tilt (3.5028907 2.9274623 -3.3074645)
  triclinic box = (0 0 0) to (2.543137 8.5451818 6.329368) with tilt (3.5028907 2.9274623 -3.3074645)
echo none
run 0
Per MPI rank memory allocation (min/avg/max) = 4.345 | 4.345 | 4.345 Mbytes
    PotEng          Pxx           E_mol          E_coul    
-77.028632      353.97199      0              0            
Loop time of 2.176e-06 on 1 procs for 0 steps with 18 atoms

459.6% CPU use with 1 MPI tasks x 1 OpenMP threads

MPI task timing breakdown:
Section |  min time  |  avg time  |  max time  |%varavg| %total
---------------------------------------------------------------
Pair    | 0          | 0          | 0          |   0.0 |  0.00
Neigh   | 0          | 0          | 0          |   0.0 |  0.00
Comm    | 0          | 0          | 0          |   0.0 |  0.00
Output  | 0          | 0          | 0          |   0.0 |  0.00
Modify  | 0          | 0          | 0          |   0.0 |  0.00
Other   |            | 2.176e-06  |            |       |100.00

Nlocal:             18 ave          18 max          18 min
Histogram: 1 0 0 0 0 0 0 0 0 0
Nghost:           4883 ave        4883 max        4883 min
Histogram: 1 0 0 0 0 0 0 0 0 0
Neighs:              0 ave           0 max           0 min
Histogram: 1 0 0 0 0 0 0 0 0 0
FullNghs:        17904 ave       17904 max       17904 min
Histogram: 1 0 0 0 0 0 0 0 0 0

Total # of neighbors = 17904
Ave neighs/atom = 994.66667
Neighbor list builds = 0
Dangerous builds = 0
set atom * x 0.0 y 0.0 z 0.0
Setting atom values ...
  18 settings made for x
  18 settings made for y
  18 settings made for z
change_box all     x final 0 2.543502584085518 y final 0 8.54670568652083 z final 0 6.328030449012359      xy final 3.5121172227603608 xz final 2.9118996146748897 yz final -3.3071610967244265 units box
Changing box ...
  triclinic box = (0 0 0) to (2.5435026 8.5451818 6.329368) with tilt (3.5028907 2.9274623 -3.3074645)
  triclinic box = (0 0 0) to (2.5435026 8.5467057 6.329368) with tilt (3.5028907 2.9274623 -3.3074645)
  triclinic box = (0 0 0) to (2.5435026 8.5467057 6.3280304) with tilt (3.5028907 2.9274623 -3.3074645)
  triclinic box = (0 0 0) to (2.5435026 8.5467057 6.3280304) with tilt (3.5121172 2.9274623 -3.3074645)
  triclinic box = (0 0 0) to (2.5435026 8.5467057 6.3280304) with tilt (3.5121172 2.9118996 -3.3074645)
  triclinic box = (0 0 0) to (2.5435026 8.5467057 6.3280304) with tilt (3.5121172 2.9118996 -3.3071611)
echo none
run 0
Per MPI rank memory allocation (min/avg/max) = 4.345 | 4.345 | 4.345 Mbytes
    PotEng          Pxx           E_mol          E_coul    
-77.028735     -143.03334      0              0            
Loop time of 9.78e-07 on 1 procs for 0 steps with 18 atoms

204.5% CPU use with 1 MPI tasks x 1 OpenMP threads

MPI task timing breakdown:
Section |  min time  |  avg time  |  max time  |%varavg| %total
---------------------------------------------------------------
Pair    | 0          | 0          | 0          |   0.0 |  0.00
Neigh   | 0          | 0          | 0          |   0.0 |  0.00
Comm    | 0          | 0          | 0          |   0.0 |  0.00
Output  | 0          | 0          | 0          |   0.0 |  0.00
Modify  | 0          | 0          | 0          |   0.0 |  0.00
Other   |            | 9.78e-07   |            |       |100.00

Nlocal:             18 ave          18 max          18 min
Histogram: 1 0 0 0 0 0 0 0 0 0
Nghost:           4883 ave        4883 max        4883 min
Histogram: 1 0 0 0 0 0 0 0 0 0
Neighs:              0 ave           0 max           0 min
Histogram: 1 0 0 0 0 0 0 0 0 0
FullNghs:        17890 ave       17890 max       17890 min
Histogram: 1 0 0 0 0 0 0 0 0 0

Total # of neighbors = 17890
Ave neighs/atom = 993.88889
Neighbor list builds = 0
Dangerous builds = 0
set atom * x 0.0 y 0.0 z 0.0
Setting atom values ...
  18 settings made for x
  18 settings made for y
  18 settings made for z
change_box all     x final 0 2.5447542290887872 y final 0 8.551776902418379 z final 0 6.323507624069093      xy final 3.5430129887662063 xz final 2.8599153414017624 yz final -3.3060758510138704 units box
Changing box ...
  triclinic box = (0 0 0) to (2.5447542 8.5467057 6.3280304) with tilt (3.5121172 2.9118996 -3.3071611)
  triclinic box = (0 0 0) to (2.5447542 8.5517769 6.3280304) with tilt (3.5121172 2.9118996 -3.3071611)
  triclinic box = (0 0 0) to (2.5447542 8.5517769 6.3235076) with tilt (3.5121172 2.9118996 -3.3071611)
  triclinic box = (0 0 0) to (2.5447542 8.5517769 6.3235076) with tilt (3.543013 2.9118996 -3.3071611)
  triclinic box = (0 0 0) to (2.5447542 8.5517769 6.3235076) with tilt (3.543013 2.8599153 -3.3071611)
  triclinic box = (0 0 0) to (2.5447542 8.5517769 6.3235076) with tilt (3.543013 2.8599153 -3.3060759)
echo none
run 0
Per MPI rank memory allocation (min/avg/max) = 4.345 | 4.345 | 4.345 Mbytes
    PotEng          Pxx           E_mol          E_coul    
-77.028873     -1834.162       0              0            
Loop time of 1.504e-06 on 1 procs for 0 steps with 18 atoms

930.9% CPU use with 1 MPI tasks x 1 OpenMP threads

MPI task timing breakdown:
Section |  min time  |  avg time  |  max time  |%varavg| %total
---------------------------------------------------------------
Pair    | 0          | 0          | 0          |   0.0 |  0.00
Neigh   | 0          | 0          | 0          |   0.0 |  0.00
Comm    | 0          | 0          | 0          |   0.0 |  0.00
Output  | 0          | 0          | 0          |   0.0 |  0.00
Modify  | 0          | 0          | 0          |   0.0 |  0.00
Other   |            | 1.504e-06  |            |       |100.00

Nlocal:             18 ave          18 max          18 min
Histogram: 1 0 0 0 0 0 0 0 0 0
Nghost:           4813 ave        4813 max        4813 min
Histogram: 1 0 0 0 0 0 0 0 0 0
Neighs:              0 ave           0 max           0 min
Histogram: 1 0 0 0 0 0 0 0 0 0
FullNghs:        17904 ave       17904 max       17904 min
Histogram: 1 0 0 0 0 0 0 0 0 0

Total # of neighbors = 17904
Ave neighs/atom = 994.66667
Neighbor list builds = 0
Dangerous builds = 0
set atom * x 0.0 y 0.0 z 0.0
Setting atom values ...
  18 settings made for x
  18 settings made for y
  18 settings made for z
change_box all     x final 0 2.5447542290887837 y final 0 8.551776902418375 z final 0 6.323507624069092      xy final 3.543012988766207 xz final 2.8599153414017646 yz final -3.306075851013868 units box
Changing box ...
  triclinic box = (0 0 0) to (2.5447542 8.5517769 6.3235076) with tilt (3.543013 2.8599153 -3.3060759)
  triclinic box = (0 0 0) to (2.5447542 8.5517769 6.3235076) with tilt (3.543013 2.8599153 -3.3060759)
  triclinic box = (0 0 0) to (2.5447542 8.5517769 6.3235076) with tilt (3.543013 2.8599153 -3.3060759)
  triclinic box = (0 0 0) to (2.5447542 8.5517769 6.3235076) with tilt (3.543013 2.8599153 -3.3060759)
  triclinic box = (0 0 0) to (2.5447542 8.5517769 6.3235076) with tilt (3.543013 2.8599153 -3.3060759)
  triclinic box = (0 0 0) to (2.5447542 8.5517769 6.3235076) with tilt (3.543013 2.8599153 -3.3060759)
echo none
run 0
Per MPI rank memory allocation (min/avg/max) = 4.345 | 4.345 | 4.345 Mbytes
    PotEng          Pxx           E_mol          E_coul    
-77.028873     -1834.162       0              0            
Loop time of 1.357e-06 on 1 procs for 0 steps with 18 atoms

515.8% CPU use with 1 MPI tasks x 1 OpenMP threads

MPI task timing breakdown:
Section |  min time  |  avg time  |  max time  |%varavg| %total
---------------------------------------------------------------
Pair    | 0          | 0          | 0          |   0.0 |  0.00
Neigh   | 0          | 0          | 0          |   0.0 |  0.00
Comm    | 0          | 0          | 0          |   0.0 |  0.00
Output  | 0          | 0          | 0          |   0.0 |  0.00
Modify  | 0          | 0          | 0          |   0.0 |  0.00
Other   |            | 1.357e-06  |            |       |100.00

Nlocal:             18 ave          18 max          18 min
Histogram: 1 0 0 0 0 0 0 0 0 0
Nghost:           4813 ave        4813 max        4813 min
Histogram: 1 0 0 0 0 0 0 0 0 0
Neighs:              0 ave           0 max           0 min
Histogram: 1 0 0 0 0 0 0 0 0 0
FullNghs:        17904 ave       17904 max       17904 min
Histogram: 1 0 0 0 0 0 0 0 0 0

Total # of neighbors = 17904
Ave neighs/atom = 994.66667
Neighbor list builds = 0
Dangerous builds = 0
set atom * x 0.0 y 0.0 z 0.0
Setting atom values ...
  18 settings made for x
  18 settings made for y
  18 settings made for z
change_box all     x final 0 2.5440217282348025 y final 0 8.548951021850268 z final 0 6.324092890983121      xy final 3.5657998131523834 xz final 2.818553410829385 yz final -3.3033455871241206 units box
Changing box ...
  triclinic box = (0 0 0) to (2.5440217 8.5517769 6.3235076) with tilt (3.543013 2.8599153 -3.3060759)
  triclinic box = (0 0 0) to (2.5440217 8.548951 6.3235076) with tilt (3.543013 2.8599153 -3.3060759)
  triclinic box = (0 0 0) to (2.5440217 8.548951 6.3240929) with tilt (3.543013 2.8599153 -3.3060759)
  triclinic box = (0 0 0) to (2.5440217 8.548951 6.3240929) with tilt (3.5657998 2.8599153 -3.3060759)
  triclinic box = (0 0 0) to (2.5440217 8.548951 6.3240929) with tilt (3.5657998 2.8185534 -3.3060759)
  triclinic box = (0 0 0) to (2.5440217 8.548951 6.3240929) with tilt (3.5657998 2.8185534 -3.3033456)
echo none
run 0
Per MPI rank memory allocation (min/avg/max) = 4.345 | 4.345 | 4.345 Mbytes
    PotEng          Pxx           E_mol          E_coul    
-77.029188     -854.85373      0              0            
Loop time of 1.554e-06 on 1 procs for 0 steps with 18 atoms

1094.0% CPU use with 1 MPI tasks x 1 OpenMP threads

MPI task timing breakdown:
Section |  min time  |  avg time  |  max time  |%varavg| %total
---------------------------------------------------------------
Pair    | 0          | 0          | 0          |   0.0 |  0.00
Neigh   | 0          | 0          | 0          |   0.0 |  0.00
Comm    | 0          | 0          | 0          |   0.0 |  0.00
Output  | 0          | 0          | 0          |   0.0 |  0.00
Modify  | 0          | 0          | 0          |   0.0 |  0.00
Other   |            | 1.554e-06  |            |       |100.00

Nlocal:             18 ave          18 max          18 min
Histogram: 1 0 0 0 0 0 0 0 0 0
Nghost:           4813 ave        4813 max        4813 min
Histogram: 1 0 0 0 0 0 0 0 0 0
Neighs:              0 ave           0 max           0 min
Histogram: 1 0 0 0 0 0 0 0 0 0
FullNghs:        17872 ave       17872 max       17872 min
Histogram: 1 0 0 0 0 0 0 0 0 0

Total # of neighbors = 17872
Ave neighs/atom = 992.88889
Neighbor list builds = 0
Dangerous builds = 0
set atom * x 0.0 y 0.0 z 0.0
Setting atom values ...
  18 settings made for x
  18 settings made for y
  18 settings made for z
change_box all     x final 0 2.541378837053107 y final 0 8.53738073208147 z final 0 6.325929595341459      xy final 3.656940967699712 xz final 2.6535541078889664 yz final -3.2916404141104243 units box
Changing box ...
  triclinic box = (0 0 0) to (2.5413788 8.548951 6.3240929) with tilt (3.5657998 2.8185534 -3.3033456)
  triclinic box = (0 0 0) to (2.5413788 8.5373807 6.3240929) with tilt (3.5657998 2.8185534 -3.3033456)
  triclinic box = (0 0 0) to (2.5413788 8.5373807 6.3259296) with tilt (3.5657998 2.8185534 -3.3033456)
  triclinic box = (0 0 0) to (2.5413788 8.5373807 6.3259296) with tilt (3.656941 2.8185534 -3.3033456)
  triclinic box = (0 0 0) to (2.5413788 8.5373807 6.3259296) with tilt (3.656941 2.6535541 -3.3033456)
  triclinic box = (0 0 0) to (2.5413788 8.5373807 6.3259296) with tilt (3.656941 2.6535541 -3.2916404)
echo none
run 0
Per MPI rank memory allocation (min/avg/max) = 4.345 | 4.345 | 4.345 Mbytes
    PotEng          Pxx           E_mol          E_coul    
-77.028851      2746.8766      0              0            
Loop time of 1.372e-06 on 1 procs for 0 steps with 18 atoms

437.3% CPU use with 1 MPI tasks x 1 OpenMP threads

MPI task timing breakdown:
Section |  min time  |  avg time  |  max time  |%varavg| %total
---------------------------------------------------------------
Pair    | 0          | 0          | 0          |   0.0 |  0.00
Neigh   | 0          | 0          | 0          |   0.0 |  0.00
Comm    | 0          | 0          | 0          |   0.0 |  0.00
Output  | 0          | 0          | 0          |   0.0 |  0.00
Modify  | 0          | 0          | 0          |   0.0 |  0.00
Other   |            | 1.372e-06  |            |       |100.00

Nlocal:             18 ave          18 max          18 min
Histogram: 1 0 0 0 0 0 0 0 0 0
Nghost:           4910 ave        4910 max        4910 min
Histogram: 1 0 0 0 0 0 0 0 0 0
Neighs:              0 ave           0 max           0 min
Histogram: 1 0 0 0 0 0 0 0 0 0
FullNghs:        17888 ave       17888 max       17888 min
Histogram: 1 0 0 0 0 0 0 0 0 0

Total # of neighbors = 17888
Ave neighs/atom = 993.77778
Neighbor list builds = 0
Dangerous builds = 0
set atom * x 0.0 y 0.0 z 0.0
Setting atom values ...
  18 settings made for x
  18 settings made for y
  18 settings made for z
change_box all     x final 0 2.5429598142922 y final 0 8.54458931845995 z final 0 6.324888591585471      xy final 3.600554117414224 xz final 2.7555530122864775 yz final -3.299030121718023 units box
Changing box ...
  triclinic box = (0 0 0) to (2.5429598 8.5373807 6.3259296) with tilt (3.656941 2.6535541 -3.2916404)
  triclinic box = (0 0 0) to (2.5429598 8.5445893 6.3259296) with tilt (3.656941 2.6535541 -3.2916404)
  triclinic box = (0 0 0) to (2.5429598 8.5445893 6.3248886) with tilt (3.656941 2.6535541 -3.2916404)
  triclinic box = (0 0 0) to (2.5429598 8.5445893 6.3248886) with tilt (3.6005541 2.6535541 -3.2916404)
  triclinic box = (0 0 0) to (2.5429598 8.5445893 6.3248886) with tilt (3.6005541 2.755553 -3.2916404)
  triclinic box = (0 0 0) to (2.5429598 8.5445893 6.3248886) with tilt (3.6005541 2.755553 -3.2990301)
echo none
run 0
Per MPI rank memory allocation (min/avg/max) = 4.345 | 4.345 | 4.345 Mbytes
    PotEng          Pxx           E_mol          E_coul    
-77.029374      578.41029      0              0            
Loop time of 1.008e-06 on 1 procs for 0 steps with 18 atoms

694.4% CPU use with 1 MPI tasks x 1 OpenMP threads

MPI task timing breakdown:
Section |  min time  |  avg time  |  max time  |%varavg| %total
---------------------------------------------------------------
Pair    | 0          | 0          | 0          |   0.0 |  0.00
Neigh   | 0          | 0          | 0          |   0.0 |  0.00
Comm    | 0          | 0          | 0          |   0.0 |  0.00
Output  | 0          | 0          | 0          |   0.0 |  0.00
Modify  | 0          | 0          | 0          |   0.0 |  0.00
Other   |            | 1.008e-06  |            |       |100.00

Nlocal:             18 ave          18 max          18 min
Histogram: 1 0 0 0 0 0 0 0 0 0
Nghost:           4935 ave        4935 max        4935 min
Histogram: 1 0 0 0 0 0 0 0 0 0
Neighs:              0 ave           0 max           0 min
Histogram: 1 0 0 0 0 0 0 0 0 0
FullNghs:        17888 ave       17888 max       17888 min
Histogram: 1 0 0 0 0 0 0 0 0 0

Total # of neighbors = 17888
Ave neighs/atom = 993.77778
Neighbor list builds = 0
Dangerous builds = 0
set atom * x 0.0 y 0.0 z 0.0
Setting atom values ...
  18 settings made for x
  18 settings made for y
  18 settings made for z
change_box all     x final 0 2.542959814292201 y final 0 8.544589318459954 z final 0 6.32488859158547      xy final 3.600554117414223 xz final 2.755553012286478 yz final -3.2990301217180242 units box
Changing box ...
  triclinic box = (0 0 0) to (2.5429598 8.5445893 6.3248886) with tilt (3.6005541 2.755553 -3.2990301)
  triclinic box = (0 0 0) to (2.5429598 8.5445893 6.3248886) with tilt (3.6005541 2.755553 -3.2990301)
  triclinic box = (0 0 0) to (2.5429598 8.5445893 6.3248886) with tilt (3.6005541 2.755553 -3.2990301)
  triclinic box = (0 0 0) to (2.5429598 8.5445893 6.3248886) with tilt (3.6005541 2.755553 -3.2990301)
  triclinic box = (0 0 0) to (2.5429598 8.5445893 6.3248886) with tilt (3.6005541 2.755553 -3.2990301)
  triclinic box = (0 0 0) to (2.5429598 8.5445893 6.3248886) with tilt (3.6005541 2.755553 -3.2990301)
echo none
run 0
Per MPI rank memory allocation (min/avg/max) = 4.345 | 4.345 | 4.345 Mbytes
    PotEng          Pxx           E_mol          E_coul    
-77.029374      578.41029      0              0            
Loop time of 1.367e-06 on 1 procs for 0 steps with 18 atoms

1316.8% CPU use with 1 MPI tasks x 1 OpenMP threads

MPI task timing breakdown:
Section |  min time  |  avg time  |  max time  |%varavg| %total
---------------------------------------------------------------
Pair    | 0          | 0          | 0          |   0.0 |  0.00
Neigh   | 0          | 0          | 0          |   0.0 |  0.00
Comm    | 0          | 0          | 0          |   0.0 |  0.00
Output  | 0          | 0          | 0          |   0.0 |  0.00
Modify  | 0          | 0          | 0          |   0.0 |  0.00
Other   |            | 1.367e-06  |            |       |100.00

Nlocal:             18 ave          18 max          18 min
Histogram: 1 0 0 0 0 0 0 0 0 0
Nghost:           4935 ave        4935 max        4935 min
Histogram: 1 0 0 0 0 0 0 0 0 0
Neighs:              0 ave           0 max           0 min
Histogram: 1 0 0 0 0 0 0 0 0 0
FullNghs:        17888 ave       17888 max       17888 min
Histogram: 1 0 0 0 0 0 0 0 0 0

Total # of neighbors = 17888
Ave neighs/atom = 993.77778
Neighbor list builds = 0
Dangerous builds = 0
set atom * x 0.0 y 0.0 z 0.0
Setting atom values ...
  18 settings made for x
  18 settings made for y
  18 settings made for z
change_box all     x final 0 2.5418550268272537 y final 0 8.544528485096869 z final 0 6.322891279364472      xy final 3.6003409857997464 xz final 2.802771292698224 yz final -3.2830979470835766 units box
Changing box ...
  triclinic box = (0 0 0) to (2.541855 8.5445893 6.3248886) with tilt (3.6005541 2.755553 -3.2990301)
  triclinic box = (0 0 0) to (2.541855 8.5445285 6.3248886) with tilt (3.6005541 2.755553 -3.2990301)
  triclinic box = (0 0 0) to (2.541855 8.5445285 6.3228913) with tilt (3.6005541 2.755553 -3.2990301)
  triclinic box = (0 0 0) to (2.541855 8.5445285 6.3228913) with tilt (3.600341 2.755553 -3.2990301)
  triclinic box = (0 0 0) to (2.541855 8.5445285 6.3228913) with tilt (3.600341 2.8027713 -3.2990301)
  triclinic box = (0 0 0) to (2.541855 8.5445285 6.3228913) with tilt (3.600341 2.8027713 -3.2830979)
echo none
run 0
Per MPI rank memory allocation (min/avg/max) = 4.345 | 4.345 | 4.345 Mbytes
    PotEng          Pxx           E_mol          E_coul    
-77.029961      2099.7535      0              0            
Loop time of 1.469e-06 on 1 procs for 0 steps with 18 atoms

885.0% CPU use with 1 MPI tasks x 1 OpenMP threads

MPI task timing breakdown:
Section |  min time  |  avg time  |  max time  |%varavg| %total
---------------------------------------------------------------
Pair    | 0          | 0          | 0          |   0.0 |  0.00
Neigh   | 0          | 0          | 0          |   0.0 |  0.00
Comm    | 0          | 0          | 0          |   0.0 |  0.00
Output  | 0          | 0          | 0          |   0.0 |  0.00
Modify  | 0          | 0          | 0          |   0.0 |  0.00
Other   |            | 1.469e-06  |            |       |100.00

Nlocal:             18 ave          18 max          18 min
Histogram: 1 0 0 0 0 0 0 0 0 0
Nghost:           4865 ave        4865 max        4865 min
Histogram: 1 0 0 0 0 0 0 0 0 0
Neighs:              0 ave           0 max           0 min
Histogram: 1 0 0 0 0 0 0 0 0 0
FullNghs:        17898 ave       17898 max       17898 min
Histogram: 1 0 0 0 0 0 0 0 0 0

Total # of neighbors = 17898
Ave neighs/atom = 994.33333
Neighbor list builds = 0
Dangerous builds = 0
set atom * x 0.0 y 0.0 z 0.0
Setting atom values ...
  18 settings made for x
  18 settings made for y
  18 settings made for z
change_box all     x final 0 2.537846346117913 y final 0 8.544465445125205 z final 0 6.313765681751094      xy final 3.601027610216044 xz final 2.991352732187164 yz final -3.219284140459277 units box
Changing box ...
  triclinic box = (0 0 0) to (2.5378463 8.5445285 6.3228913) with tilt (3.600341 2.8027713 -3.2830979)
  triclinic box = (0 0 0) to (2.5378463 8.5444654 6.3228913) with tilt (3.600341 2.8027713 -3.2830979)
  triclinic box = (0 0 0) to (2.5378463 8.5444654 6.3137657) with tilt (3.600341 2.8027713 -3.2830979)
  triclinic box = (0 0 0) to (2.5378463 8.5444654 6.3137657) with tilt (3.6010276 2.8027713 -3.2830979)
  triclinic box = (0 0 0) to (2.5378463 8.5444654 6.3137657) with tilt (3.6010276 2.9913527 -3.2830979)
  triclinic box = (0 0 0) to (2.5378463 8.5444654 6.3137657) with tilt (3.6010276 2.9913527 -3.2192841)
echo none
run 0
Per MPI rank memory allocation (min/avg/max) = 4.345 | 4.345 | 4.345 Mbytes
    PotEng          Pxx           E_mol          E_coul    
-77.027191      7708.4395      0              0            
Loop time of 1.234e-06 on 1 procs for 0 steps with 18 atoms

1134.5% CPU use with 1 MPI tasks x 1 OpenMP threads

MPI task timing breakdown:
Section |  min time  |  avg time  |  max time  |%varavg| %total
---------------------------------------------------------------
Pair    | 0          | 0          | 0          |   0.0 |  0.00
Neigh   | 0          | 0          | 0          |   0.0 |  0.00
Comm    | 0          | 0          | 0          |   0.0 |  0.00
Output  | 0          | 0          | 0          |   0.0 |  0.00
Modify  | 0          | 0          | 0          |   0.0 |  0.00
Other   |            | 1.234e-06  |            |       |100.00

Nlocal:             18 ave          18 max          18 min
Histogram: 1 0 0 0 0 0 0 0 0 0
Nghost:           4885 ave        4885 max        4885 min
Histogram: 1 0 0 0 0 0 0 0 0 0
Neighs:              0 ave           0 max           0 min
Histogram: 1 0 0 0 0 0 0 0 0 0
FullNghs:        17974 ave       17974 max       17974 min
Histogram: 1 0 0 0 0 0 0 0 0 0

Total # of neighbors = 17974
Ave neighs/atom = 998.55556
Neighbor list builds = 0
Dangerous builds = 0
set atom * x 0.0 y 0.0 z 0.0
Setting atom values ...
  18 settings made for x
  18 settings made for y
  18 settings made for z
change_box all     x final 0 2.541240229262646 y final 0 8.544501707938943 z final 0 6.321694948861953      xy final 3.6002881625394187 xz final 2.8298272476744426 yz final -3.2739601232305184 units box
Changing box ...
  triclinic box = (0 0 0) to (2.5412402 8.5444654 6.3137657) with tilt (3.6010276 2.9913527 -3.2192841)
  triclinic box = (0 0 0) to (2.5412402 8.5445017 6.3137657) with tilt (3.6010276 2.9913527 -3.2192841)
  triclinic box = (0 0 0) to (2.5412402 8.5445017 6.3216949) with tilt (3.6010276 2.9913527 -3.2192841)
  triclinic box = (0 0 0) to (2.5412402 8.5445017 6.3216949) with tilt (3.6002882 2.9913527 -3.2192841)
  triclinic box = (0 0 0) to (2.5412402 8.5445017 6.3216949) with tilt (3.6002882 2.8298272 -3.2192841)
  triclinic box = (0 0 0) to (2.5412402 8.5445017 6.3216949) with tilt (3.6002882 2.8298272 -3.2739601)
echo none
run 0
Per MPI rank memory allocation (min/avg/max) = 4.345 | 4.345 | 4.345 Mbytes
    PotEng          Pxx           E_mol          E_coul    
-77.030062      2950.5516      0              0            
Loop time of 1.428e-06 on 1 procs for 0 steps with 18 atoms

840.3% CPU use with 1 MPI tasks x 1 OpenMP threads

MPI task timing breakdown:
Section |  min time  |  avg time  |  max time  |%varavg| %total
---------------------------------------------------------------
Pair    | 0          | 0          | 0          |   0.0 |  0.00
Neigh   | 0          | 0          | 0          |   0.0 |  0.00
Comm    | 0          | 0          | 0          |   0.0 |  0.00
Output  | 0          | 0          | 0          |   0.0 |  0.00
Modify  | 0          | 0          | 0          |   0.0 |  0.00
Other   |            | 1.428e-06  |            |       |100.00

Nlocal:             18 ave          18 max          18 min
Histogram: 1 0 0 0 0 0 0 0 0 0
Nghost:           4865 ave        4865 max        4865 min
Histogram: 1 0 0 0 0 0 0 0 0 0
Neighs:              0 ave           0 max           0 min
Histogram: 1 0 0 0 0 0 0 0 0 0
FullNghs:        17932 ave       17932 max       17932 min
Histogram: 1 0 0 0 0 0 0 0 0 0

Total # of neighbors = 17932
Ave neighs/atom = 996.22222
Neighbor list builds = 0
Dangerous builds = 0
set atom * x 0.0 y 0.0 z 0.0
Setting atom values ...
  18 settings made for x
  18 settings made for y
  18 settings made for z
change_box all     x final 0 2.541240229262646 y final 0 8.544501707938942 z final 0 6.321694948861953      xy final 3.6002881625394196 xz final 2.8298272476744444 yz final -3.2739601232305193 units box
Changing box ...
  triclinic box = (0 0 0) to (2.5412402 8.5445017 6.3216949) with tilt (3.6002882 2.8298272 -3.2739601)
  triclinic box = (0 0 0) to (2.5412402 8.5445017 6.3216949) with tilt (3.6002882 2.8298272 -3.2739601)
  triclinic box = (0 0 0) to (2.5412402 8.5445017 6.3216949) with tilt (3.6002882 2.8298272 -3.2739601)
  triclinic box = (0 0 0) to (2.5412402 8.5445017 6.3216949) with tilt (3.6002882 2.8298272 -3.2739601)
  triclinic box = (0 0 0) to (2.5412402 8.5445017 6.3216949) with tilt (3.6002882 2.8298272 -3.2739601)
  triclinic box = (0 0 0) to (2.5412402 8.5445017 6.3216949) with tilt (3.6002882 2.8298272 -3.2739601)
echo none
run 0
Per MPI rank memory allocation (min/avg/max) = 4.345 | 4.345 | 4.345 Mbytes
    PotEng          Pxx           E_mol          E_coul    
-77.030062      2950.5516      0              0            
Loop time of 1.481e-06 on 1 procs for 0 steps with 18 atoms

1080.4% CPU use with 1 MPI tasks x 1 OpenMP threads

MPI task timing breakdown:
Section |  min time  |  avg time  |  max time  |%varavg| %total
---------------------------------------------------------------
Pair    | 0          | 0          | 0          |   0.0 |  0.00
Neigh   | 0          | 0          | 0          |   0.0 |  0.00
Comm    | 0          | 0          | 0          |   0.0 |  0.00
Output  | 0          | 0          | 0          |   0.0 |  0.00
Modify  | 0          | 0          | 0          |   0.0 |  0.00
Other   |            | 1.481e-06  |            |       |100.00

Nlocal:             18 ave          18 max          18 min
Histogram: 1 0 0 0 0 0 0 0 0 0
Nghost:           4865 ave        4865 max        4865 min
Histogram: 1 0 0 0 0 0 0 0 0 0
Neighs:              0 ave           0 max           0 min
Histogram: 1 0 0 0 0 0 0 0 0 0
FullNghs:        17932 ave       17932 max       17932 min
Histogram: 1 0 0 0 0 0 0 0 0 0

Total # of neighbors = 17932
Ave neighs/atom = 996.22222
Neighbor list builds = 0
Dangerous builds = 0
set atom * x 0.0 y 0.0 z 0.0
Setting atom values ...
  18 settings made for x
  18 settings made for y
  18 settings made for z
change_box all     x final 0 2.542720125714124 y final 0 8.530677000271629 z final 0 6.321616221578902      xy final 3.648384061119351 xz final 2.7975012622916453 yz final -3.2810807117980256 units box
Changing box ...
  triclinic box = (0 0 0) to (2.5427201 8.5445017 6.3216949) with tilt (3.6002882 2.8298272 -3.2739601)
  triclinic box = (0 0 0) to (2.5427201 8.530677 6.3216949) with tilt (3.6002882 2.8298272 -3.2739601)
  triclinic box = (0 0 0) to (2.5427201 8.530677 6.3216162) with tilt (3.6002882 2.8298272 -3.2739601)
  triclinic box = (0 0 0) to (2.5427201 8.530677 6.3216162) with tilt (3.6483841 2.8298272 -3.2739601)
  triclinic box = (0 0 0) to (2.5427201 8.530677 6.3216162) with tilt (3.6483841 2.7975013 -3.2739601)
  triclinic box = (0 0 0) to (2.5427201 8.530677 6.3216162) with tilt (3.6483841 2.7975013 -3.2810807)
echo none
run 0
Per MPI rank memory allocation (min/avg/max) = 4.345 | 4.345 | 4.345 Mbytes
    PotEng          Pxx           E_mol          E_coul    
-77.030967      1188.898       0              0            
Loop time of 4.965e-06 on 1 procs for 0 steps with 18 atoms

543.8% CPU use with 1 MPI tasks x 1 OpenMP threads

MPI task timing breakdown:
Section |  min time  |  avg time  |  max time  |%varavg| %total
---------------------------------------------------------------
Pair    | 0          | 0          | 0          |   0.0 |  0.00
Neigh   | 0          | 0          | 0          |   0.0 |  0.00
Comm    | 0          | 0          | 0          |   0.0 |  0.00
Output  | 0          | 0          | 0          |   0.0 |  0.00
Modify  | 0          | 0          | 0          |   0.0 |  0.00
Other   |            | 4.965e-06  |            |       |100.00

Nlocal:             18 ave          18 max          18 min
Histogram: 1 0 0 0 0 0 0 0 0 0
Nghost:           4935 ave        4935 max        4935 min
Histogram: 1 0 0 0 0 0 0 0 0 0
Neighs:              0 ave           0 max           0 min
Histogram: 1 0 0 0 0 0 0 0 0 0
FullNghs:        17886 ave       17886 max       17886 min
Histogram: 1 0 0 0 0 0 0 0 0 0

Total # of neighbors = 17886
Ave neighs/atom = 993.66667
Neighbor list builds = 0
Dangerous builds = 0
set atom * x 0.0 y 0.0 z 0.0
Setting atom values ...
  18 settings made for x
  18 settings made for y
  18 settings made for z
change_box all     x final 0 2.5427201257141245 y final 0 8.530677000271627 z final 0 6.321616221578897      xy final 3.6483840611193505 xz final 2.7975012622916444 yz final -3.2810807117980283 units box
Changing box ...
  triclinic box = (0 0 0) to (2.5427201 8.530677 6.3216162) with tilt (3.6483841 2.7975013 -3.2810807)
  triclinic box = (0 0 0) to (2.5427201 8.530677 6.3216162) with tilt (3.6483841 2.7975013 -3.2810807)
  triclinic box = (0 0 0) to (2.5427201 8.530677 6.3216162) with tilt (3.6483841 2.7975013 -3.2810807)
  triclinic box = (0 0 0) to (2.5427201 8.530677 6.3216162) with tilt (3.6483841 2.7975013 -3.2810807)
  triclinic box = (0 0 0) to (2.5427201 8.530677 6.3216162) with tilt (3.6483841 2.7975013 -3.2810807)
  triclinic box = (0 0 0) to (2.5427201 8.530677 6.3216162) with tilt (3.6483841 2.7975013 -3.2810807)
echo none
run 0
Per MPI rank memory allocation (min/avg/max) = 4.345 | 4.345 | 4.345 Mbytes
    PotEng          Pxx           E_mol          E_coul    
-77.030967      1188.898       0              0            
Loop time of 1.738e-06 on 1 procs for 0 steps with 18 atoms

978.1% CPU use with 1 MPI tasks x 1 OpenMP threads

MPI task timing breakdown:
Section |  min time  |  avg time  |  max time  |%varavg| %total
---------------------------------------------------------------
Pair    | 0          | 0          | 0          |   0.0 |  0.00
Neigh   | 0          | 0          | 0          |   0.0 |  0.00
Comm    | 0          | 0          | 0          |   0.0 |  0.00
Output  | 0          | 0          | 0          |   0.0 |  0.00
Modify  | 0          | 0          | 0          |   0.0 |  0.00
Other   |            | 1.738e-06  |            |       |100.00

Nlocal:             18 ave          18 max          18 min
Histogram: 1 0 0 0 0 0 0 0 0 0
Nghost:           4935 ave        4935 max        4935 min
Histogram: 1 0 0 0 0 0 0 0 0 0
Neighs:              0 ave           0 max           0 min
Histogram: 1 0 0 0 0 0 0 0 0 0
FullNghs:        17886 ave       17886 max       17886 min
Histogram: 1 0 0 0 0 0 0 0 0 0

Total # of neighbors = 17886
Ave neighs/atom = 993.66667
Neighbor list builds = 0
Dangerous builds = 0
set atom * x 0.0 y 0.0 z 0.0
Setting atom values ...
  18 settings made for x
  18 settings made for y
  18 settings made for z
change_box all     x final 0 2.544880676594981 y final 0 8.520001648251995 z final 0 6.316967966943804      xy final 3.6693853411425157 xz final 2.743884945047866 yz final -3.289810215283187 units box
Changing box ...
  triclinic box = (0 0 0) to (2.5448807 8.530677 6.3216162) with tilt (3.6483841 2.7975013 -3.2810807)
  triclinic box = (0 0 0) to (2.5448807 8.5200016 6.3216162) with tilt (3.6483841 2.7975013 -3.2810807)
  triclinic box = (0 0 0) to (2.5448807 8.5200016 6.316968) with tilt (3.6483841 2.7975013 -3.2810807)
  triclinic box = (0 0 0) to (2.5448807 8.5200016 6.316968) with tilt (3.6693853 2.7975013 -3.2810807)
  triclinic box = (0 0 0) to (2.5448807 8.5200016 6.316968) with tilt (3.6693853 2.7438849 -3.2810807)
  triclinic box = (0 0 0) to (2.5448807 8.5200016 6.316968) with tilt (3.6693853 2.7438849 -3.2898102)
echo none
run 0
Per MPI rank memory allocation (min/avg/max) = 4.345 | 4.345 | 4.345 Mbytes
    PotEng          Pxx           E_mol          E_coul    
-77.032125     -1682.9826      0              0            
Loop time of 1.744e-06 on 1 procs for 0 steps with 18 atoms

917.4% CPU use with 1 MPI tasks x 1 OpenMP threads

MPI task timing breakdown:
Section |  min time  |  avg time  |  max time  |%varavg| %total
---------------------------------------------------------------
Pair    | 0          | 0          | 0          |   0.0 |  0.00
Neigh   | 0          | 0          | 0          |   0.0 |  0.00
Comm    | 0          | 0          | 0          |   0.0 |  0.00
Output  | 0          | 0          | 0          |   0.0 |  0.00
Modify  | 0          | 0          | 0          |   0.0 |  0.00
Other   |            | 1.744e-06  |            |       |100.00

Nlocal:             18 ave          18 max          18 min
Histogram: 1 0 0 0 0 0 0 0 0 0
Nghost:           4935 ave        4935 max        4935 min
Histogram: 1 0 0 0 0 0 0 0 0 0
Neighs:              0 ave           0 max           0 min
Histogram: 1 0 0 0 0 0 0 0 0 0
FullNghs:        17936 ave       17936 max       17936 min
Histogram: 1 0 0 0 0 0 0 0 0 0

Total # of neighbors = 17936
Ave neighs/atom = 996.44444
Neighbor list builds = 0
Dangerous builds = 0
set atom * x 0.0 y 0.0 z 0.0
Setting atom values ...
  18 settings made for x
  18 settings made for y
  18 settings made for z
change_box all     x final 0 2.54488067659498 y final 0 8.520001648251993 z final 0 6.316967966943803      xy final 3.669385341142514 xz final 2.743884945047866 yz final -3.2898102152831847 units box
Changing box ...
  triclinic box = (0 0 0) to (2.5448807 8.5200016 6.316968) with tilt (3.6693853 2.7438849 -3.2898102)
  triclinic box = (0 0 0) to (2.5448807 8.5200016 6.316968) with tilt (3.6693853 2.7438849 -3.2898102)
  triclinic box = (0 0 0) to (2.5448807 8.5200016 6.316968) with tilt (3.6693853 2.7438849 -3.2898102)
  triclinic box = (0 0 0) to (2.5448807 8.5200016 6.316968) with tilt (3.6693853 2.7438849 -3.2898102)
  triclinic box = (0 0 0) to (2.5448807 8.5200016 6.316968) with tilt (3.6693853 2.7438849 -3.2898102)
  triclinic box = (0 0 0) to (2.5448807 8.5200016 6.316968) with tilt (3.6693853 2.7438849 -3.2898102)
echo none
run 0
Per MPI rank memory allocation (min/avg/max) = 4.345 | 4.345 | 4.345 Mbytes
    PotEng          Pxx           E_mol          E_coul    
-77.032125     -1682.9826      0              0            
Loop time of 1.574e-06 on 1 procs for 0 steps with 18 atoms

825.9% CPU use with 1 MPI tasks x 1 OpenMP threads

MPI task timing breakdown:
Section |  min time  |  avg time  |  max time  |%varavg| %total
---------------------------------------------------------------
Pair    | 0          | 0          | 0          |   0.0 |  0.00
Neigh   | 0          | 0          | 0          |   0.0 |  0.00
Comm    | 0          | 0          | 0          |   0.0 |  0.00
Output  | 0          | 0          | 0          |   0.0 |  0.00
Modify  | 0          | 0          | 0          |   0.0 |  0.00
Other   |            | 1.574e-06  |            |       |100.00

Nlocal:             18 ave          18 max          18 min
Histogram: 1 0 0 0 0 0 0 0 0 0
Nghost:           4935 ave        4935 max        4935 min
Histogram: 1 0 0 0 0 0 0 0 0 0
Neighs:              0 ave           0 max           0 min
Histogram: 1 0 0 0 0 0 0 0 0 0
FullNghs:        17936 ave       17936 max       17936 min
Histogram: 1 0 0 0 0 0 0 0 0 0

Total # of neighbors = 17936
Ave neighs/atom = 996.44444
Neighbor list builds = 0
Dangerous builds = 0
set atom * x 0.0 y 0.0 z 0.0
Setting atom values ...
  18 settings made for x
  18 settings made for y
  18 settings made for z
change_box all     x final 0 2.544804260064437 y final 0 8.514028737838267 z final 0 6.3175602170633205      xy final 3.7032346651068337 xz final 2.6996395947751326 yz final -3.3128440157988877 units box
Changing box ...
  triclinic box = (0 0 0) to (2.5448043 8.5200016 6.316968) with tilt (3.6693853 2.7438849 -3.2898102)
  triclinic box = (0 0 0) to (2.5448043 8.5140287 6.316968) with tilt (3.6693853 2.7438849 -3.2898102)
  triclinic box = (0 0 0) to (2.5448043 8.5140287 6.3175602) with tilt (3.6693853 2.7438849 -3.2898102)
  triclinic box = (0 0 0) to (2.5448043 8.5140287 6.3175602) with tilt (3.7032347 2.7438849 -3.2898102)
  triclinic box = (0 0 0) to (2.5448043 8.5140287 6.3175602) with tilt (3.7032347 2.6996396 -3.2898102)
  triclinic box = (0 0 0) to (2.5448043 8.5140287 6.3175602) with tilt (3.7032347 2.6996396 -3.312844)
echo none
run 0
Per MPI rank memory allocation (min/avg/max) = 4.345 | 4.345 | 4.345 Mbytes
    PotEng          Pxx           E_mol          E_coul    
-77.032976     -1630.4952      0              0            
Loop time of 1.248e-06 on 1 procs for 0 steps with 18 atoms

1041.7% CPU use with 1 MPI tasks x 1 OpenMP threads

MPI task timing breakdown:
Section |  min time  |  avg time  |  max time  |%varavg| %total
---------------------------------------------------------------
Pair    | 0          | 0          | 0          |   0.0 |  0.00
Neigh   | 0          | 0          | 0          |   0.0 |  0.00
Comm    | 0          | 0          | 0          |   0.0 |  0.00
Output  | 0          | 0          | 0          |   0.0 |  0.00
Modify  | 0          | 0          | 0          |   0.0 |  0.00
Other   |            | 1.248e-06  |            |       |100.00

Nlocal:             18 ave          18 max          18 min
Histogram: 1 0 0 0 0 0 0 0 0 0
Nghost:           4910 ave        4910 max        4910 min
Histogram: 1 0 0 0 0 0 0 0 0 0
Neighs:              0 ave           0 max           0 min
Histogram: 1 0 0 0 0 0 0 0 0 0
FullNghs:        17960 ave       17960 max       17960 min
Histogram: 1 0 0 0 0 0 0 0 0 0

Total # of neighbors = 17960
Ave neighs/atom = 997.77778
Neighbor list builds = 0
Dangerous builds = 0
set atom * x 0.0 y 0.0 z 0.0
Setting atom values ...
  18 settings made for x
  18 settings made for y
  18 settings made for z
change_box all     x final 0 2.54476583428887 y final 0 8.507686258235944 z final 0 6.318104807642851      xy final 3.7391415214972947 xz final 2.652743355761717 yz final -3.3370758228743935 units box
Changing box ...
  triclinic box = (0 0 0) to (2.5447658 8.5140287 6.3175602) with tilt (3.7032347 2.6996396 -3.312844)
  triclinic box = (0 0 0) to (2.5447658 8.5076863 6.3175602) with tilt (3.7032347 2.6996396 -3.312844)
  triclinic box = (0 0 0) to (2.5447658 8.5076863 6.3181048) with tilt (3.7032347 2.6996396 -3.312844)
  triclinic box = (0 0 0) to (2.5447658 8.5076863 6.3181048) with tilt (3.7391415 2.6996396 -3.312844)
  triclinic box = (0 0 0) to (2.5447658 8.5076863 6.3181048) with tilt (3.7391415 2.6527434 -3.312844)
  triclinic box = (0 0 0) to (2.5447658 8.5076863 6.3181048) with tilt (3.7391415 2.6527434 -3.3370758)
echo none
run 0
Per MPI rank memory allocation (min/avg/max) = 4.345 | 4.345 | 4.345 Mbytes
    PotEng          Pxx           E_mol          E_coul    
-77.033141     -1647.6326      0              0            
Loop time of 1.269e-06 on 1 procs for 0 steps with 18 atoms

1339.6% CPU use with 1 MPI tasks x 1 OpenMP threads

MPI task timing breakdown:
Section |  min time  |  avg time  |  max time  |%varavg| %total
---------------------------------------------------------------
Pair    | 0          | 0          | 0          |   0.0 |  0.00
Neigh   | 0          | 0          | 0          |   0.0 |  0.00
Comm    | 0          | 0          | 0          |   0.0 |  0.00
Output  | 0          | 0          | 0          |   0.0 |  0.00
Modify  | 0          | 0          | 0          |   0.0 |  0.00
Other   |            | 1.269e-06  |            |       |100.00

Nlocal:             18 ave          18 max          18 min
Histogram: 1 0 0 0 0 0 0 0 0 0
Nghost:           4910 ave        4910 max        4910 min
Histogram: 1 0 0 0 0 0 0 0 0 0
Neighs:              0 ave           0 max           0 min
Histogram: 1 0 0 0 0 0 0 0 0 0
FullNghs:        17966 ave       17966 max       17966 min
Histogram: 1 0 0 0 0 0 0 0 0 0

Total # of neighbors = 17966
Ave neighs/atom = 998.11111
Neighbor list builds = 0
Dangerous builds = 0
set atom * x 0.0 y 0.0 z 0.0
Setting atom values ...
  18 settings made for x
  18 settings made for y
  18 settings made for z
change_box all     x final 0 2.54476583428887 y final 0 8.507686258235942 z final 0 6.318104807642848      xy final 3.739141521497293 xz final 2.6527433557617184 yz final -3.3370758228743966 units box
Changing box ...
  triclinic box = (0 0 0) to (2.5447658 8.5076863 6.3181048) with tilt (3.7391415 2.6527434 -3.3370758)
  triclinic box = (0 0 0) to (2.5447658 8.5076863 6.3181048) with tilt (3.7391415 2.6527434 -3.3370758)
  triclinic box = (0 0 0) to (2.5447658 8.5076863 6.3181048) with tilt (3.7391415 2.6527434 -3.3370758)
  triclinic box = (0 0 0) to (2.5447658 8.5076863 6.3181048) with tilt (3.7391415 2.6527434 -3.3370758)
  triclinic box = (0 0 0) to (2.5447658 8.5076863 6.3181048) with tilt (3.7391415 2.6527434 -3.3370758)
  triclinic box = (0 0 0) to (2.5447658 8.5076863 6.3181048) with tilt (3.7391415 2.6527434 -3.3370758)
echo none
run 0
Per MPI rank memory allocation (min/avg/max) = 4.345 | 4.345 | 4.345 Mbytes
    PotEng          Pxx           E_mol          E_coul    
-77.033141     -1647.6326      0              0            
Loop time of 1.373e-06 on 1 procs for 0 steps with 18 atoms

728.3% CPU use with 1 MPI tasks x 1 OpenMP threads

MPI task timing breakdown:
Section |  min time  |  avg time  |  max time  |%varavg| %total
---------------------------------------------------------------
Pair    | 0          | 0          | 0          |   0.0 |  0.00
Neigh   | 0          | 0          | 0          |   0.0 |  0.00
Comm    | 0          | 0          | 0          |   0.0 |  0.00
Output  | 0          | 0          | 0          |   0.0 |  0.00
Modify  | 0          | 0          | 0          |   0.0 |  0.00
Other   |            | 1.373e-06  |            |       |100.00

Nlocal:             18 ave          18 max          18 min
Histogram: 1 0 0 0 0 0 0 0 0 0
Nghost:           4910 ave        4910 max        4910 min
Histogram: 1 0 0 0 0 0 0 0 0 0
Neighs:              0 ave           0 max           0 min
Histogram: 1 0 0 0 0 0 0 0 0 0
FullNghs:        17966 ave       17966 max       17966 min
Histogram: 1 0 0 0 0 0 0 0 0 0

Total # of neighbors = 17966
Ave neighs/atom = 998.11111
Neighbor list builds = 0
Dangerous builds = 0
set atom * x 0.0 y 0.0 z 0.0
Setting atom values ...
  18 settings made for x
  18 settings made for y
  18 settings made for z
change_box all     x final 0 2.5437959483586945 y final 0 8.517333353127485 z final 0 6.318136498731912      xy final 3.6758687040094897 xz final 2.7325848040259615 yz final -3.3335631700257666 units box
Changing box ...
  triclinic box = (0 0 0) to (2.5437959 8.5076863 6.3181048) with tilt (3.7391415 2.6527434 -3.3370758)
  triclinic box = (0 0 0) to (2.5437959 8.5173334 6.3181048) with tilt (3.7391415 2.6527434 -3.3370758)
  triclinic box = (0 0 0) to (2.5437959 8.5173334 6.3181365) with tilt (3.7391415 2.6527434 -3.3370758)
  triclinic box = (0 0 0) to (2.5437959 8.5173334 6.3181365) with tilt (3.6758687 2.6527434 -3.3370758)
  triclinic box = (0 0 0) to (2.5437959 8.5173334 6.3181365) with tilt (3.6758687 2.7325848 -3.3370758)
  triclinic box = (0 0 0) to (2.5437959 8.5173334 6.3181365) with tilt (3.6758687 2.7325848 -3.3335632)
echo none
run 0
Per MPI rank memory allocation (min/avg/max) = 4.345 | 4.345 | 4.345 Mbytes
    PotEng          Pxx           E_mol          E_coul    
-77.033696     -421.5775       0              0            
Loop time of 2.437e-06 on 1 procs for 0 steps with 18 atoms

0.0% CPU use with 1 MPI tasks x 1 OpenMP threads

MPI task timing breakdown:
Section |  min time  |  avg time  |  max time  |%varavg| %total
---------------------------------------------------------------
Pair    | 0          | 0          | 0          |   0.0 |  0.00
Neigh   | 0          | 0          | 0          |   0.0 |  0.00
Comm    | 0          | 0          | 0          |   0.0 |  0.00
Output  | 0          | 0          | 0          |   0.0 |  0.00
Modify  | 0          | 0          | 0          |   0.0 |  0.00
Other   |            | 2.437e-06  |            |       |100.00

Nlocal:             18 ave          18 max          18 min
Histogram: 1 0 0 0 0 0 0 0 0 0
Nghost:           4910 ave        4910 max        4910 min
Histogram: 1 0 0 0 0 0 0 0 0 0
Neighs:              0 ave           0 max           0 min
Histogram: 1 0 0 0 0 0 0 0 0 0
FullNghs:        17968 ave       17968 max       17968 min
Histogram: 1 0 0 0 0 0 0 0 0 0

Total # of neighbors = 17968
Ave neighs/atom = 998.22222
Neighbor list builds = 0
Dangerous builds = 0
set atom * x 0.0 y 0.0 z 0.0
Setting atom values ...
  18 settings made for x
  18 settings made for y
  18 settings made for z
change_box all     x final 0 2.5437959483586945 y final 0 8.517333353127482 z final 0 6.318136498731913      xy final 3.6758687040094893 xz final 2.7325848040259624 yz final -3.3335631700257644 units box
Changing box ...
  triclinic box = (0 0 0) to (2.5437959 8.5173334 6.3181365) with tilt (3.6758687 2.7325848 -3.3335632)
  triclinic box = (0 0 0) to (2.5437959 8.5173334 6.3181365) with tilt (3.6758687 2.7325848 -3.3335632)
  triclinic box = (0 0 0) to (2.5437959 8.5173334 6.3181365) with tilt (3.6758687 2.7325848 -3.3335632)
  triclinic box = (0 0 0) to (2.5437959 8.5173334 6.3181365) with tilt (3.6758687 2.7325848 -3.3335632)
  triclinic box = (0 0 0) to (2.5437959 8.5173334 6.3181365) with tilt (3.6758687 2.7325848 -3.3335632)
  triclinic box = (0 0 0) to (2.5437959 8.5173334 6.3181365) with tilt (3.6758687 2.7325848 -3.3335632)
echo none
run 0
Per MPI rank memory allocation (min/avg/max) = 4.345 | 4.345 | 4.345 Mbytes
    PotEng          Pxx           E_mol          E_coul    
-77.033696     -421.5775       0              0            
Loop time of 1.534e-06 on 1 procs for 0 steps with 18 atoms

977.8% CPU use with 1 MPI tasks x 1 OpenMP threads

MPI task timing breakdown:
Section |  min time  |  avg time  |  max time  |%varavg| %total
---------------------------------------------------------------
Pair    | 0          | 0          | 0          |   0.0 |  0.00
Neigh   | 0          | 0          | 0          |   0.0 |  0.00
Comm    | 0          | 0          | 0          |   0.0 |  0.00
Output  | 0          | 0          | 0          |   0.0 |  0.00
Modify  | 0          | 0          | 0          |   0.0 |  0.00
Other   |            | 1.534e-06  |            |       |100.00

Nlocal:             18 ave          18 max          18 min
Histogram: 1 0 0 0 0 0 0 0 0 0
Nghost:           4910 ave        4910 max        4910 min
Histogram: 1 0 0 0 0 0 0 0 0 0
Neighs:              0 ave           0 max           0 min
Histogram: 1 0 0 0 0 0 0 0 0 0
FullNghs:        17968 ave       17968 max       17968 min
Histogram: 1 0 0 0 0 0 0 0 0 0

Total # of neighbors = 17968
Ave neighs/atom = 998.22222
Neighbor list builds = 0
Dangerous builds = 0
set atom * x 0.0 y 0.0 z 0.0
Setting atom values ...
  18 settings made for x
  18 settings made for y
  18 settings made for z
change_box all     x final 0 2.5434851363444193 y final 0 8.517228033017243 z final 0 6.319268660011545      xy final 3.744544033218537 xz final 2.634212310397593 yz final -3.339334340085131 units box
Changing box ...
  triclinic box = (0 0 0) to (2.5434851 8.5173334 6.3181365) with tilt (3.6758687 2.7325848 -3.3335632)
  triclinic box = (0 0 0) to (2.5434851 8.517228 6.3181365) with tilt (3.6758687 2.7325848 -3.3335632)
  triclinic box = (0 0 0) to (2.5434851 8.517228 6.3192687) with tilt (3.6758687 2.7325848 -3.3335632)
  triclinic box = (0 0 0) to (2.5434851 8.517228 6.3192687) with tilt (3.744544 2.7325848 -3.3335632)
  triclinic box = (0 0 0) to (2.5434851 8.517228 6.3192687) with tilt (3.744544 2.6342123 -3.3335632)
  triclinic box = (0 0 0) to (2.5434851 8.517228 6.3192687) with tilt (3.744544 2.6342123 -3.3393343)
echo none
run 0
Per MPI rank memory allocation (min/avg/max) = 4.345 | 4.345 | 4.345 Mbytes
    PotEng          Pxx           E_mol          E_coul    
-77.034282      68.125414      0              0            
Loop time of 1.497e-06 on 1 procs for 0 steps with 18 atoms

1135.6% CPU use with 1 MPI tasks x 1 OpenMP threads

MPI task timing breakdown:
Section |  min time  |  avg time  |  max time  |%varavg| %total
---------------------------------------------------------------
Pair    | 0          | 0          | 0          |   0.0 |  0.00
Neigh   | 0          | 0          | 0          |   0.0 |  0.00
Comm    | 0          | 0          | 0          |   0.0 |  0.00
Output  | 0          | 0          | 0          |   0.0 |  0.00
Modify  | 0          | 0          | 0          |   0.0 |  0.00
Other   |            | 1.497e-06  |            |       |100.00

Nlocal:             18 ave          18 max          18 min
Histogram: 1 0 0 0 0 0 0 0 0 0
Nghost:           4910 ave        4910 max        4910 min
Histogram: 1 0 0 0 0 0 0 0 0 0
Neighs:              0 ave           0 max           0 min
Histogram: 1 0 0 0 0 0 0 0 0 0
FullNghs:        17952 ave       17952 max       17952 min
Histogram: 1 0 0 0 0 0 0 0 0 0

Total # of neighbors = 17952
Ave neighs/atom = 997.33333
Neighbor list builds = 0
Dangerous builds = 0
set atom * x 0.0 y 0.0 z 0.0
Setting atom values ...
  18 settings made for x
  18 settings made for y
  18 settings made for z
change_box all     x final 0 2.543485136344423 y final 0 8.517228033017245 z final 0 6.319268660011549      xy final 3.7445440332185425 xz final 2.6342123103975976 yz final -3.339334340085133 units box
Changing box ...
  triclinic box = (0 0 0) to (2.5434851 8.517228 6.3192687) with tilt (3.744544 2.6342123 -3.3393343)
  triclinic box = (0 0 0) to (2.5434851 8.517228 6.3192687) with tilt (3.744544 2.6342123 -3.3393343)
  triclinic box = (0 0 0) to (2.5434851 8.517228 6.3192687) with tilt (3.744544 2.6342123 -3.3393343)
  triclinic box = (0 0 0) to (2.5434851 8.517228 6.3192687) with tilt (3.744544 2.6342123 -3.3393343)
  triclinic box = (0 0 0) to (2.5434851 8.517228 6.3192687) with tilt (3.744544 2.6342123 -3.3393343)
  triclinic box = (0 0 0) to (2.5434851 8.517228 6.3192687) with tilt (3.744544 2.6342123 -3.3393343)
echo none
run 0
Per MPI rank memory allocation (min/avg/max) = 4.345 | 4.345 | 4.345 Mbytes
    PotEng          Pxx           E_mol          E_coul    
-77.034282      68.125414      0              0            
Loop time of 1.288e-06 on 1 procs for 0 steps with 18 atoms

465.8% CPU use with 1 MPI tasks x 1 OpenMP threads

MPI task timing breakdown:
Section |  min time  |  avg time  |  max time  |%varavg| %total
---------------------------------------------------------------
Pair    | 0          | 0          | 0          |   0.0 |  0.00
Neigh   | 0          | 0          | 0          |   0.0 |  0.00
Comm    | 0          | 0          | 0          |   0.0 |  0.00
Output  | 0          | 0          | 0          |   0.0 |  0.00
Modify  | 0          | 0          | 0          |   0.0 |  0.00
Other   |            | 1.288e-06  |            |       |100.00

Nlocal:             18 ave          18 max          18 min
Histogram: 1 0 0 0 0 0 0 0 0 0
Nghost:           4910 ave        4910 max        4910 min
Histogram: 1 0 0 0 0 0 0 0 0 0
Neighs:              0 ave           0 max           0 min
Histogram: 1 0 0 0 0 0 0 0 0 0
FullNghs:        17952 ave       17952 max       17952 min
Histogram: 1 0 0 0 0 0 0 0 0 0

Total # of neighbors = 17952
Ave neighs/atom = 997.33333
Neighbor list builds = 0
Dangerous builds = 0
set atom * x 0.0 y 0.0 z 0.0
Setting atom values ...
  18 settings made for x
  18 settings made for y
  18 settings made for z
change_box all     x final 0 2.542559871507642 y final 0 8.515226985309946 z final 0 6.316394475996491      xy final 3.7594170459426075 xz final 2.6356349425766865 yz final -3.3451277342113106 units box
Changing box ...
  triclinic box = (0 0 0) to (2.5425599 8.517228 6.3192687) with tilt (3.744544 2.6342123 -3.3393343)
  triclinic box = (0 0 0) to (2.5425599 8.515227 6.3192687) with tilt (3.744544 2.6342123 -3.3393343)
  triclinic box = (0 0 0) to (2.5425599 8.515227 6.3163945) with tilt (3.744544 2.6342123 -3.3393343)
  triclinic box = (0 0 0) to (2.5425599 8.515227 6.3163945) with tilt (3.759417 2.6342123 -3.3393343)
  triclinic box = (0 0 0) to (2.5425599 8.515227 6.3163945) with tilt (3.759417 2.6356349 -3.3393343)
  triclinic box = (0 0 0) to (2.5425599 8.515227 6.3163945) with tilt (3.759417 2.6356349 -3.3451277)
echo none
run 0
Per MPI rank memory allocation (min/avg/max) = 4.345 | 4.345 | 4.345 Mbytes
    PotEng          Pxx           E_mol          E_coul    
-77.034743      1215.3896      0              0            
Loop time of 1.441e-06 on 1 procs for 0 steps with 18 atoms

902.2% CPU use with 1 MPI tasks x 1 OpenMP threads

MPI task timing breakdown:
Section |  min time  |  avg time  |  max time  |%varavg| %total
---------------------------------------------------------------
Pair    | 0          | 0          | 0          |   0.0 |  0.00
Neigh   | 0          | 0          | 0          |   0.0 |  0.00
Comm    | 0          | 0          | 0          |   0.0 |  0.00
Output  | 0          | 0          | 0          |   0.0 |  0.00
Modify  | 0          | 0          | 0          |   0.0 |  0.00
Other   |            | 1.441e-06  |            |       |100.00

Nlocal:             18 ave          18 max          18 min
Histogram: 1 0 0 0 0 0 0 0 0 0
Nghost:           4910 ave        4910 max        4910 min
Histogram: 1 0 0 0 0 0 0 0 0 0
Neighs:              0 ave           0 max           0 min
Histogram: 1 0 0 0 0 0 0 0 0 0
FullNghs:        17968 ave       17968 max       17968 min
Histogram: 1 0 0 0 0 0 0 0 0 0

Total # of neighbors = 17968
Ave neighs/atom = 998.22222
Neighbor list builds = 0
Dangerous builds = 0
set atom * x 0.0 y 0.0 z 0.0
Setting atom values ...
  18 settings made for x
  18 settings made for y
  18 settings made for z
change_box all     x final 0 2.5417750607347602 y final 0 8.51351615422427 z final 0 6.313942088099771      xy final 3.7720850533489654 xz final 2.6368402222249254 yz final -3.3500658593417736 units box
Changing box ...
  triclinic box = (0 0 0) to (2.5417751 8.515227 6.3163945) with tilt (3.759417 2.6356349 -3.3451277)
  triclinic box = (0 0 0) to (2.5417751 8.5135162 6.3163945) with tilt (3.759417 2.6356349 -3.3451277)
  triclinic box = (0 0 0) to (2.5417751 8.5135162 6.3139421) with tilt (3.759417 2.6356349 -3.3451277)
  triclinic box = (0 0 0) to (2.5417751 8.5135162 6.3139421) with tilt (3.7720851 2.6356349 -3.3451277)
  triclinic box = (0 0 0) to (2.5417751 8.5135162 6.3139421) with tilt (3.7720851 2.6368402 -3.3451277)
  triclinic box = (0 0 0) to (2.5417751 8.5135162 6.3139421) with tilt (3.7720851 2.6368402 -3.3500659)
echo none
run 0
Per MPI rank memory allocation (min/avg/max) = 4.345 | 4.345 | 4.345 Mbytes
    PotEng          Pxx           E_mol          E_coul    
-77.034854      2193.8808      0              0            
Loop time of 1.292e-06 on 1 procs for 0 steps with 18 atoms

774.0% CPU use with 1 MPI tasks x 1 OpenMP threads

MPI task timing breakdown:
Section |  min time  |  avg time  |  max time  |%varavg| %total
---------------------------------------------------------------
Pair    | 0          | 0          | 0          |   0.0 |  0.00
Neigh   | 0          | 0          | 0          |   0.0 |  0.00
Comm    | 0          | 0          | 0          |   0.0 |  0.00
Output  | 0          | 0          | 0          |   0.0 |  0.00
Modify  | 0          | 0          | 0          |   0.0 |  0.00
Other   |            | 1.292e-06  |            |       |100.00

Nlocal:             18 ave          18 max          18 min
Histogram: 1 0 0 0 0 0 0 0 0 0
Nghost:           4930 ave        4930 max        4930 min
Histogram: 1 0 0 0 0 0 0 0 0 0
Neighs:              0 ave           0 max           0 min
Histogram: 1 0 0 0 0 0 0 0 0 0
FullNghs:        17984 ave       17984 max       17984 min
Histogram: 1 0 0 0 0 0 0 0 0 0

Total # of neighbors = 17984
Ave neighs/atom = 999.11111
Neighbor list builds = 0
Dangerous builds = 0
set atom * x 0.0 y 0.0 z 0.0
Setting atom values ...
  18 settings made for x
  18 settings made for y
  18 settings made for z
change_box all     x final 0 2.541775060734762 y final 0 8.513516154224265 z final 0 6.313942088099771      xy final 3.7720850533489676 xz final 2.636840222224927 yz final -3.3500658593417736 units box
Changing box ...
  triclinic box = (0 0 0) to (2.5417751 8.5135162 6.3139421) with tilt (3.7720851 2.6368402 -3.3500659)
  triclinic box = (0 0 0) to (2.5417751 8.5135162 6.3139421) with tilt (3.7720851 2.6368402 -3.3500659)
  triclinic box = (0 0 0) to (2.5417751 8.5135162 6.3139421) with tilt (3.7720851 2.6368402 -3.3500659)
  triclinic box = (0 0 0) to (2.5417751 8.5135162 6.3139421) with tilt (3.7720851 2.6368402 -3.3500659)
  triclinic box = (0 0 0) to (2.5417751 8.5135162 6.3139421) with tilt (3.7720851 2.6368402 -3.3500659)
  triclinic box = (0 0 0) to (2.5417751 8.5135162 6.3139421) with tilt (3.7720851 2.6368402 -3.3500659)
echo none
run 0
Per MPI rank memory allocation (min/avg/max) = 4.345 | 4.345 | 4.345 Mbytes
    PotEng          Pxx           E_mol          E_coul    
-77.034854      2193.8808      0              0            
Loop time of 1.419e-06 on 1 procs for 0 steps with 18 atoms

916.1% CPU use with 1 MPI tasks x 1 OpenMP threads

MPI task timing breakdown:
Section |  min time  |  avg time  |  max time  |%varavg| %total
---------------------------------------------------------------
Pair    | 0          | 0          | 0          |   0.0 |  0.00
Neigh   | 0          | 0          | 0          |   0.0 |  0.00
Comm    | 0          | 0          | 0          |   0.0 |  0.00
Output  | 0          | 0          | 0          |   0.0 |  0.00
Modify  | 0          | 0          | 0          |   0.0 |  0.00
Other   |            | 1.419e-06  |            |       |100.00

Nlocal:             18 ave          18 max          18 min
Histogram: 1 0 0 0 0 0 0 0 0 0
Nghost:           4930 ave        4930 max        4930 min
Histogram: 1 0 0 0 0 0 0 0 0 0
Neighs:              0 ave           0 max           0 min
Histogram: 1 0 0 0 0 0 0 0 0 0
FullNghs:        17984 ave       17984 max       17984 min
Histogram: 1 0 0 0 0 0 0 0 0 0

Total # of neighbors = 17984
Ave neighs/atom = 999.11111
Neighbor list builds = 0
Dangerous builds = 0
set atom * x 0.0 y 0.0 z 0.0
Setting atom values ...
  18 settings made for x
  18 settings made for y
  18 settings made for z
change_box all     x final 0 2.54262348577981 y final 0 8.503690402299044 z final 0 6.313436084262267      xy final 3.779431990030115 xz final 2.620455894825797 yz final -3.3596610363544563 units box
Changing box ...
  triclinic box = (0 0 0) to (2.5426235 8.5135162 6.3139421) with tilt (3.7720851 2.6368402 -3.3500659)
  triclinic box = (0 0 0) to (2.5426235 8.5036904 6.3139421) with tilt (3.7720851 2.6368402 -3.3500659)
  triclinic box = (0 0 0) to (2.5426235 8.5036904 6.3134361) with tilt (3.7720851 2.6368402 -3.3500659)
  triclinic box = (0 0 0) to (2.5426235 8.5036904 6.3134361) with tilt (3.779432 2.6368402 -3.3500659)
  triclinic box = (0 0 0) to (2.5426235 8.5036904 6.3134361) with tilt (3.779432 2.6204559 -3.3500659)
  triclinic box = (0 0 0) to (2.5426235 8.5036904 6.3134361) with tilt (3.779432 2.6204559 -3.359661)
echo none
run 0
Per MPI rank memory allocation (min/avg/max) = 4.345 | 4.345 | 4.345 Mbytes
    PotEng          Pxx           E_mol          E_coul    
-77.035302      1081.3596      0              0            
Loop time of 1.426e-06 on 1 procs for 0 steps with 18 atoms

981.8% CPU use with 1 MPI tasks x 1 OpenMP threads

MPI task timing breakdown:
Section |  min time  |  avg time  |  max time  |%varavg| %total
---------------------------------------------------------------
Pair    | 0          | 0          | 0          |   0.0 |  0.00
Neigh   | 0          | 0          | 0          |   0.0 |  0.00
Comm    | 0          | 0          | 0          |   0.0 |  0.00
Output  | 0          | 0          | 0          |   0.0 |  0.00
Modify  | 0          | 0          | 0          |   0.0 |  0.00
Other   |            | 1.426e-06  |            |       |100.00

Nlocal:             18 ave          18 max          18 min
Histogram: 1 0 0 0 0 0 0 0 0 0
Nghost:           4930 ave        4930 max        4930 min
Histogram: 1 0 0 0 0 0 0 0 0 0
Neighs:              0 ave           0 max           0 min
Histogram: 1 0 0 0 0 0 0 0 0 0
FullNghs:        17982 ave       17982 max       17982 min
Histogram: 1 0 0 0 0 0 0 0 0 0

Total # of neighbors = 17982
Ave neighs/atom = 999
Neighbor list builds = 0
Dangerous builds = 0
set atom * x 0.0 y 0.0 z 0.0
Setting atom values ...
  18 settings made for x
  18 settings made for y
  18 settings made for z
change_box all     x final 0 2.543698032769196 y final 0 8.491354550012367 z final 0 6.312774818003049      xy final 3.788690341222482 xz final 2.599824132633312 yz final -3.3717167158308987 units box
Changing box ...
  triclinic box = (0 0 0) to (2.543698 8.5036904 6.3134361) with tilt (3.779432 2.6204559 -3.359661)
  triclinic box = (0 0 0) to (2.543698 8.4913546 6.3134361) with tilt (3.779432 2.6204559 -3.359661)
  triclinic box = (0 0 0) to (2.543698 8.4913546 6.3127748) with tilt (3.779432 2.6204559 -3.359661)
  triclinic box = (0 0 0) to (2.543698 8.4913546 6.3127748) with tilt (3.7886903 2.6204559 -3.359661)
  triclinic box = (0 0 0) to (2.543698 8.4913546 6.3127748) with tilt (3.7886903 2.5998241 -3.359661)
  triclinic box = (0 0 0) to (2.543698 8.4913546 6.3127748) with tilt (3.7886903 2.5998241 -3.3717167)
echo none
run 0
Per MPI rank memory allocation (min/avg/max) = 4.345 | 4.345 | 4.345 Mbytes
    PotEng          Pxx           E_mol          E_coul    
-77.035509     -318.33958      0              0            
Loop time of 1.364e-06 on 1 procs for 0 steps with 18 atoms

146.6% CPU use with 1 MPI tasks x 1 OpenMP threads

MPI task timing breakdown:
Section |  min time  |  avg time  |  max time  |%varavg| %total
---------------------------------------------------------------
Pair    | 0          | 0          | 0          |   0.0 |  0.00
Neigh   | 0          | 0          | 0          |   0.0 |  0.00
Comm    | 0          | 0          | 0          |   0.0 |  0.00
Output  | 0          | 0          | 0          |   0.0 |  0.00
Modify  | 0          | 0          | 0          |   0.0 |  0.00
Other   |            | 1.364e-06  |            |       |100.00

Nlocal:             18 ave          18 max          18 min
Histogram: 1 0 0 0 0 0 0 0 0 0
Nghost:           4930 ave        4930 max        4930 min
Histogram: 1 0 0 0 0 0 0 0 0 0
Neighs:              0 ave           0 max           0 min
Histogram: 1 0 0 0 0 0 0 0 0 0
FullNghs:        17992 ave       17992 max       17992 min
Histogram: 1 0 0 0 0 0 0 0 0 0

Total # of neighbors = 17992
Ave neighs/atom = 999.55556
Neighbor list builds = 0
Dangerous builds = 0
set atom * x 0.0 y 0.0 z 0.0
Setting atom values ...
  18 settings made for x
  18 settings made for y
  18 settings made for z
change_box all     x final 0 2.543698032769198 y final 0 8.49135455001236 z final 0 6.312774818003049      xy final 3.7886903412224817 xz final 2.599824132633309 yz final -3.371716715830898 units box
Changing box ...
  triclinic box = (0 0 0) to (2.543698 8.4913546 6.3127748) with tilt (3.7886903 2.5998241 -3.3717167)
  triclinic box = (0 0 0) to (2.543698 8.4913546 6.3127748) with tilt (3.7886903 2.5998241 -3.3717167)
  triclinic box = (0 0 0) to (2.543698 8.4913546 6.3127748) with tilt (3.7886903 2.5998241 -3.3717167)
  triclinic box = (0 0 0) to (2.543698 8.4913546 6.3127748) with tilt (3.7886903 2.5998241 -3.3717167)
  triclinic box = (0 0 0) to (2.543698 8.4913546 6.3127748) with tilt (3.7886903 2.5998241 -3.3717167)
  triclinic box = (0 0 0) to (2.543698 8.4913546 6.3127748) with tilt (3.7886903 2.5998241 -3.3717167)
echo none
run 0
Per MPI rank memory allocation (min/avg/max) = 4.345 | 4.345 | 4.345 Mbytes
    PotEng          Pxx           E_mol          E_coul    
-77.035509     -318.33958      0              0            
Loop time of 1.618e-06 on 1 procs for 0 steps with 18 atoms

1050.7% CPU use with 1 MPI tasks x 1 OpenMP threads

MPI task timing breakdown:
Section |  min time  |  avg time  |  max time  |%varavg| %total
---------------------------------------------------------------
Pair    | 0          | 0          | 0          |   0.0 |  0.00
Neigh   | 0          | 0          | 0          |   0.0 |  0.00
Comm    | 0          | 0          | 0          |   0.0 |  0.00
Output  | 0          | 0          | 0          |   0.0 |  0.00
Modify  | 0          | 0          | 0          |   0.0 |  0.00
Other   |            | 1.618e-06  |            |       |100.00

Nlocal:             18 ave          18 max          18 min
Histogram: 1 0 0 0 0 0 0 0 0 0
Nghost:           4930 ave        4930 max        4930 min
Histogram: 1 0 0 0 0 0 0 0 0 0
Neighs:              0 ave           0 max           0 min
Histogram: 1 0 0 0 0 0 0 0 0 0
FullNghs:        17992 ave       17992 max       17992 min
Histogram: 1 0 0 0 0 0 0 0 0 0

Total # of neighbors = 17992
Ave neighs/atom = 999.55556
Neighbor list builds = 0
Dangerous builds = 0
set atom * x 0.0 y 0.0 z 0.0
Setting atom values ...
  18 settings made for x
  18 settings made for y
  18 settings made for z
change_box all     x final 0 2.5439336552259952 y final 0 8.48856211575705 z final 0 6.317249612742126      xy final 3.759902952422503 xz final 2.6232438029937257 yz final -3.375306762296401 units box
Changing box ...
  triclinic box = (0 0 0) to (2.5439337 8.4913546 6.3127748) with tilt (3.7886903 2.5998241 -3.3717167)
  triclinic box = (0 0 0) to (2.5439337 8.4885621 6.3127748) with tilt (3.7886903 2.5998241 -3.3717167)
  triclinic box = (0 0 0) to (2.5439337 8.4885621 6.3172496) with tilt (3.7886903 2.5998241 -3.3717167)
  triclinic box = (0 0 0) to (2.5439337 8.4885621 6.3172496) with tilt (3.759903 2.5998241 -3.3717167)
  triclinic box = (0 0 0) to (2.5439337 8.4885621 6.3172496) with tilt (3.759903 2.6232438 -3.3717167)
  triclinic box = (0 0 0) to (2.5439337 8.4885621 6.3172496) with tilt (3.759903 2.6232438 -3.3753068)
echo none
run 0
Per MPI rank memory allocation (min/avg/max) = 4.345 | 4.345 | 4.345 Mbytes
    PotEng          Pxx           E_mol          E_coul    
-77.035929     -539.06808      0              0            
Loop time of 1.508e-06 on 1 procs for 0 steps with 18 atoms

928.4% CPU use with 1 MPI tasks x 1 OpenMP threads

MPI task timing breakdown:
Section |  min time  |  avg time  |  max time  |%varavg| %total
---------------------------------------------------------------
Pair    | 0          | 0          | 0          |   0.0 |  0.00
Neigh   | 0          | 0          | 0          |   0.0 |  0.00
Comm    | 0          | 0          | 0          |   0.0 |  0.00
Output  | 0          | 0          | 0          |   0.0 |  0.00
Modify  | 0          | 0          | 0          |   0.0 |  0.00
Other   |            | 1.508e-06  |            |       |100.00

Nlocal:             18 ave          18 max          18 min
Histogram: 1 0 0 0 0 0 0 0 0 0
Nghost:           4930 ave        4930 max        4930 min
Histogram: 1 0 0 0 0 0 0 0 0 0
Neighs:              0 ave           0 max           0 min
Histogram: 1 0 0 0 0 0 0 0 0 0
FullNghs:        17992 ave       17992 max       17992 min
Histogram: 1 0 0 0 0 0 0 0 0 0

Total # of neighbors = 17992
Ave neighs/atom = 999.55556
Neighbor list builds = 0
Dangerous builds = 0
set atom * x 0.0 y 0.0 z 0.0
Setting atom values ...
  18 settings made for x
  18 settings made for y
  18 settings made for z
change_box all     x final 0 2.5439336552259952 y final 0 8.488562115757048 z final 0 6.317249612742127      xy final 3.759902952422501 xz final 2.6232438029937253 yz final -3.3753067622964044 units box
Changing box ...
  triclinic box = (0 0 0) to (2.5439337 8.4885621 6.3172496) with tilt (3.759903 2.6232438 -3.3753068)
  triclinic box = (0 0 0) to (2.5439337 8.4885621 6.3172496) with tilt (3.759903 2.6232438 -3.3753068)
  triclinic box = (0 0 0) to (2.5439337 8.4885621 6.3172496) with tilt (3.759903 2.6232438 -3.3753068)
  triclinic box = (0 0 0) to (2.5439337 8.4885621 6.3172496) with tilt (3.759903 2.6232438 -3.3753068)
  triclinic box = (0 0 0) to (2.5439337 8.4885621 6.3172496) with tilt (3.759903 2.6232438 -3.3753068)
  triclinic box = (0 0 0) to (2.5439337 8.4885621 6.3172496) with tilt (3.759903 2.6232438 -3.3753068)
echo none
run 0
Per MPI rank memory allocation (min/avg/max) = 4.345 | 4.345 | 4.345 Mbytes
    PotEng          Pxx           E_mol          E_coul    
-77.035929     -539.06808      0              0            
Loop time of 2.142e-06 on 1 procs for 0 steps with 18 atoms

793.7% CPU use with 1 MPI tasks x 1 OpenMP threads

MPI task timing breakdown:
Section |  min time  |  avg time  |  max time  |%varavg| %total
---------------------------------------------------------------
Pair    | 0          | 0          | 0          |   0.0 |  0.00
Neigh   | 0          | 0          | 0          |   0.0 |  0.00
Comm    | 0          | 0          | 0          |   0.0 |  0.00
Output  | 0          | 0          | 0          |   0.0 |  0.00
Modify  | 0          | 0          | 0          |   0.0 |  0.00
Other   |            | 2.142e-06  |            |       |100.00

Nlocal:             18 ave          18 max          18 min
Histogram: 1 0 0 0 0 0 0 0 0 0
Nghost:           4930 ave        4930 max        4930 min
Histogram: 1 0 0 0 0 0 0 0 0 0
Neighs:              0 ave           0 max           0 min
Histogram: 1 0 0 0 0 0 0 0 0 0
FullNghs:        17992 ave       17992 max       17992 min
Histogram: 1 0 0 0 0 0 0 0 0 0

Total # of neighbors = 17992
Ave neighs/atom = 999.55556
Neighbor list builds = 0
Dangerous builds = 0
set atom * x 0.0 y 0.0 z 0.0
Setting atom values ...
  18 settings made for x
  18 settings made for y
  18 settings made for z
change_box all     x final 0 2.544169407444808 y final 0 8.486811250075453 z final 0 6.31894037410366      xy final 3.7684336760149098 xz final 2.60431128785521 yz final -3.387349561398047 units box
Changing box ...
  triclinic box = (0 0 0) to (2.5441694 8.4885621 6.3172496) with tilt (3.759903 2.6232438 -3.3753068)
  triclinic box = (0 0 0) to (2.5441694 8.4868113 6.3172496) with tilt (3.759903 2.6232438 -3.3753068)
  triclinic box = (0 0 0) to (2.5441694 8.4868113 6.3189404) with tilt (3.759903 2.6232438 -3.3753068)
  triclinic box = (0 0 0) to (2.5441694 8.4868113 6.3189404) with tilt (3.7684337 2.6232438 -3.3753068)
  triclinic box = (0 0 0) to (2.5441694 8.4868113 6.3189404) with tilt (3.7684337 2.6043113 -3.3753068)
  triclinic box = (0 0 0) to (2.5441694 8.4868113 6.3189404) with tilt (3.7684337 2.6043113 -3.3873496)
echo none
run 0
Per MPI rank memory allocation (min/avg/max) = 4.345 | 4.345 | 4.345 Mbytes
    PotEng          Pxx           E_mol          E_coul    
-77.036234     -587.78434      0              0            
Loop time of 1.448e-06 on 1 procs for 0 steps with 18 atoms

1035.9% CPU use with 1 MPI tasks x 1 OpenMP threads

MPI task timing breakdown:
Section |  min time  |  avg time  |  max time  |%varavg| %total
---------------------------------------------------------------
Pair    | 0          | 0          | 0          |   0.0 |  0.00
Neigh   | 0          | 0          | 0          |   0.0 |  0.00
Comm    | 0          | 0          | 0          |   0.0 |  0.00
Output  | 0          | 0          | 0          |   0.0 |  0.00
Modify  | 0          | 0          | 0          |   0.0 |  0.00
Other   |            | 1.448e-06  |            |       |100.00

Nlocal:             18 ave          18 max          18 min
Histogram: 1 0 0 0 0 0 0 0 0 0
Nghost:           4910 ave        4910 max        4910 min
Histogram: 1 0 0 0 0 0 0 0 0 0
Neighs:              0 ave           0 max           0 min
Histogram: 1 0 0 0 0 0 0 0 0 0
FullNghs:        17974 ave       17974 max       17974 min
Histogram: 1 0 0 0 0 0 0 0 0 0

Total # of neighbors = 17974
Ave neighs/atom = 998.55556
Neighbor list builds = 0
Dangerous builds = 0
set atom * x 0.0 y 0.0 z 0.0
Setting atom values ...
  18 settings made for x
  18 settings made for y
  18 settings made for z
change_box all     x final 0 2.5441694074448056 y final 0 8.486811250075451 z final 0 6.31894037410366      xy final 3.768433676014907 xz final 2.6043112878552073 yz final -3.3873495613980507 units box
Changing box ...
  triclinic box = (0 0 0) to (2.5441694 8.4868113 6.3189404) with tilt (3.7684337 2.6043113 -3.3873496)
  triclinic box = (0 0 0) to (2.5441694 8.4868113 6.3189404) with tilt (3.7684337 2.6043113 -3.3873496)
  triclinic box = (0 0 0) to (2.5441694 8.4868113 6.3189404) with tilt (3.7684337 2.6043113 -3.3873496)
  triclinic box = (0 0 0) to (2.5441694 8.4868113 6.3189404) with tilt (3.7684337 2.6043113 -3.3873496)
  triclinic box = (0 0 0) to (2.5441694 8.4868113 6.3189404) with tilt (3.7684337 2.6043113 -3.3873496)
  triclinic box = (0 0 0) to (2.5441694 8.4868113 6.3189404) with tilt (3.7684337 2.6043113 -3.3873496)
echo none
run 0
Per MPI rank memory allocation (min/avg/max) = 4.345 | 4.345 | 4.345 Mbytes
    PotEng          Pxx           E_mol          E_coul    
-77.036234     -587.78434      0              0            
Loop time of 1.097e-06 on 1 procs for 0 steps with 18 atoms

182.3% CPU use with 1 MPI tasks x 1 OpenMP threads

MPI task timing breakdown:
Section |  min time  |  avg time  |  max time  |%varavg| %total
---------------------------------------------------------------
Pair    | 0          | 0          | 0          |   0.0 |  0.00
Neigh   | 0          | 0          | 0          |   0.0 |  0.00
Comm    | 0          | 0          | 0          |   0.0 |  0.00
Output  | 0          | 0          | 0          |   0.0 |  0.00
Modify  | 0          | 0          | 0          |   0.0 |  0.00
Other   |            | 1.097e-06  |            |       |100.00

Nlocal:             18 ave          18 max          18 min
Histogram: 1 0 0 0 0 0 0 0 0 0
Nghost:           4910 ave        4910 max        4910 min
Histogram: 1 0 0 0 0 0 0 0 0 0
Neighs:              0 ave           0 max           0 min
Histogram: 1 0 0 0 0 0 0 0 0 0
FullNghs:        17974 ave       17974 max       17974 min
Histogram: 1 0 0 0 0 0 0 0 0 0

Total # of neighbors = 17974
Ave neighs/atom = 998.55556
Neighbor list builds = 0
Dangerous builds = 0
set atom * x 0.0 y 0.0 z 0.0
Setting atom values ...
  18 settings made for x
  18 settings made for y
  18 settings made for z
change_box all     x final 0 2.543961210866875 y final 0 8.48696658816763 z final 0 6.317322232031076      xy final 3.76266942001078 xz final 2.5846375572460003 yz final -3.4008676293268207 units box
Changing box ...
  triclinic box = (0 0 0) to (2.5439612 8.4868113 6.3189404) with tilt (3.7684337 2.6043113 -3.3873496)
  triclinic box = (0 0 0) to (2.5439612 8.4869666 6.3189404) with tilt (3.7684337 2.6043113 -3.3873496)
  triclinic box = (0 0 0) to (2.5439612 8.4869666 6.3173222) with tilt (3.7684337 2.6043113 -3.3873496)
  triclinic box = (0 0 0) to (2.5439612 8.4869666 6.3173222) with tilt (3.7626694 2.6043113 -3.3873496)
  triclinic box = (0 0 0) to (2.5439612 8.4869666 6.3173222) with tilt (3.7626694 2.5846376 -3.3873496)
  triclinic box = (0 0 0) to (2.5439612 8.4869666 6.3173222) with tilt (3.7626694 2.5846376 -3.4008676)
echo none
run 0
Per MPI rank memory allocation (min/avg/max) = 4.345 | 4.345 | 4.345 Mbytes
    PotEng          Pxx           E_mol          E_coul    
-77.036318     -244.21771      0              0            
Loop time of 1.28e-06 on 1 procs for 0 steps with 18 atoms

1093.7% CPU use with 1 MPI tasks x 1 OpenMP threads

MPI task timing breakdown:
Section |  min time  |  avg time  |  max time  |%varavg| %total
---------------------------------------------------------------
Pair    | 0          | 0          | 0          |   0.0 |  0.00
Neigh   | 0          | 0          | 0          |   0.0 |  0.00
Comm    | 0          | 0          | 0          |   0.0 |  0.00
Output  | 0          | 0          | 0          |   0.0 |  0.00
Modify  | 0          | 0          | 0          |   0.0 |  0.00
Other   |            | 1.28e-06   |            |       |100.00

Nlocal:             18 ave          18 max          18 min
Histogram: 1 0 0 0 0 0 0 0 0 0
Nghost:           4910 ave        4910 max        4910 min
Histogram: 1 0 0 0 0 0 0 0 0 0
Neighs:              0 ave           0 max           0 min
Histogram: 1 0 0 0 0 0 0 0 0 0
FullNghs:        17998 ave       17998 max       17998 min
Histogram: 1 0 0 0 0 0 0 0 0 0

Total # of neighbors = 17998
Ave neighs/atom = 999.88889
Neighbor list builds = 0
Dangerous builds = 0
set atom * x 0.0 y 0.0 z 0.0
Setting atom values ...
  18 settings made for x
  18 settings made for y
  18 settings made for z
change_box all     x final 0 2.5439612108668763 y final 0 8.486966588167629 z final 0 6.317322232031073      xy final 3.7626694200107824 xz final 2.5846375572460025 yz final -3.400867629326823 units box
Changing box ...
  triclinic box = (0 0 0) to (2.5439612 8.4869666 6.3173222) with tilt (3.7626694 2.5846376 -3.4008676)
  triclinic box = (0 0 0) to (2.5439612 8.4869666 6.3173222) with tilt (3.7626694 2.5846376 -3.4008676)
  triclinic box = (0 0 0) to (2.5439612 8.4869666 6.3173222) with tilt (3.7626694 2.5846376 -3.4008676)
  triclinic box = (0 0 0) to (2.5439612 8.4869666 6.3173222) with tilt (3.7626694 2.5846376 -3.4008676)
  triclinic box = (0 0 0) to (2.5439612 8.4869666 6.3173222) with tilt (3.7626694 2.5846376 -3.4008676)
  triclinic box = (0 0 0) to (2.5439612 8.4869666 6.3173222) with tilt (3.7626694 2.5846376 -3.4008676)
echo none
run 0
Per MPI rank memory allocation (min/avg/max) = 4.345 | 4.345 | 4.345 Mbytes
    PotEng          Pxx           E_mol          E_coul    
-77.036318     -244.21771      0              0            
Loop time of 1.073e-06 on 1 procs for 0 steps with 18 atoms

186.4% CPU use with 1 MPI tasks x 1 OpenMP threads

MPI task timing breakdown:
Section |  min time  |  avg time  |  max time  |%varavg| %total
---------------------------------------------------------------
Pair    | 0          | 0          | 0          |   0.0 |  0.00
Neigh   | 0          | 0          | 0          |   0.0 |  0.00
Comm    | 0          | 0          | 0          |   0.0 |  0.00
Output  | 0          | 0          | 0          |   0.0 |  0.00
Modify  | 0          | 0          | 0          |   0.0 |  0.00
Other   |            | 1.073e-06  |            |       |100.00

Nlocal:             18 ave          18 max          18 min
Histogram: 1 0 0 0 0 0 0 0 0 0
Nghost:           4910 ave        4910 max        4910 min
Histogram: 1 0 0 0 0 0 0 0 0 0
Neighs:              0 ave           0 max           0 min
Histogram: 1 0 0 0 0 0 0 0 0 0
FullNghs:        17998 ave       17998 max       17998 min
Histogram: 1 0 0 0 0 0 0 0 0 0

Total # of neighbors = 17998
Ave neighs/atom = 999.88889
Neighbor list builds = 0
Dangerous builds = 0
set atom * x 0.0 y 0.0 z 0.0
Setting atom values ...
  18 settings made for x
  18 settings made for y
  18 settings made for z
change_box all     x final 0 2.543603825818164 y final 0 8.48834255423005 z final 0 6.318951230265106      xy final 3.7697191170644895 xz final 2.5872992200289144 yz final -3.395790441508263 units box
Changing box ...
  triclinic box = (0 0 0) to (2.5436038 8.4869666 6.3173222) with tilt (3.7626694 2.5846376 -3.4008676)
  triclinic box = (0 0 0) to (2.5436038 8.4883426 6.3173222) with tilt (3.7626694 2.5846376 -3.4008676)
  triclinic box = (0 0 0) to (2.5436038 8.4883426 6.3189512) with tilt (3.7626694 2.5846376 -3.4008676)
  triclinic box = (0 0 0) to (2.5436038 8.4883426 6.3189512) with tilt (3.7697191 2.5846376 -3.4008676)
  triclinic box = (0 0 0) to (2.5436038 8.4883426 6.3189512) with tilt (3.7697191 2.5872992 -3.4008676)
  triclinic box = (0 0 0) to (2.5436038 8.4883426 6.3189512) with tilt (3.7697191 2.5872992 -3.3957904)
echo none
run 0
Per MPI rank memory allocation (min/avg/max) = 4.345 | 4.345 | 4.345 Mbytes
    PotEng          Pxx           E_mol          E_coul    
-77.036406      162.36441      0              0            
Loop time of 1.494e-06 on 1 procs for 0 steps with 18 atoms

736.3% CPU use with 1 MPI tasks x 1 OpenMP threads

MPI task timing breakdown:
Section |  min time  |  avg time  |  max time  |%varavg| %total
---------------------------------------------------------------
Pair    | 0          | 0          | 0          |   0.0 |  0.00
Neigh   | 0          | 0          | 0          |   0.0 |  0.00
Comm    | 0          | 0          | 0          |   0.0 |  0.00
Output  | 0          | 0          | 0          |   0.0 |  0.00
Modify  | 0          | 0          | 0          |   0.0 |  0.00
Other   |            | 1.494e-06  |            |       |100.00

Nlocal:             18 ave          18 max          18 min
Histogram: 1 0 0 0 0 0 0 0 0 0
Nghost:           4910 ave        4910 max        4910 min
Histogram: 1 0 0 0 0 0 0 0 0 0
Neighs:              0 ave           0 max           0 min
Histogram: 1 0 0 0 0 0 0 0 0 0
FullNghs:        17988 ave       17988 max       17988 min
Histogram: 1 0 0 0 0 0 0 0 0 0

Total # of neighbors = 17988
Ave neighs/atom = 999.33333
Neighbor list builds = 0
Dangerous builds = 0
set atom * x 0.0 y 0.0 z 0.0
Setting atom values ...
  18 settings made for x
  18 settings made for y
  18 settings made for z
change_box all     x final 0 2.5436038258181615 y final 0 8.488342554230051 z final 0 6.31895123026511      xy final 3.769719117064487 xz final 2.5872992200289113 yz final -3.3957904415082627 units box
Changing box ...
  triclinic box = (0 0 0) to (2.5436038 8.4883426 6.3189512) with tilt (3.7697191 2.5872992 -3.3957904)
  triclinic box = (0 0 0) to (2.5436038 8.4883426 6.3189512) with tilt (3.7697191 2.5872992 -3.3957904)
  triclinic box = (0 0 0) to (2.5436038 8.4883426 6.3189512) with tilt (3.7697191 2.5872992 -3.3957904)
  triclinic box = (0 0 0) to (2.5436038 8.4883426 6.3189512) with tilt (3.7697191 2.5872992 -3.3957904)
  triclinic box = (0 0 0) to (2.5436038 8.4883426 6.3189512) with tilt (3.7697191 2.5872992 -3.3957904)
  triclinic box = (0 0 0) to (2.5436038 8.4883426 6.3189512) with tilt (3.7697191 2.5872992 -3.3957904)
echo none
run 0
Per MPI rank memory allocation (min/avg/max) = 4.345 | 4.345 | 4.345 Mbytes
    PotEng          Pxx           E_mol          E_coul    
-77.036406      162.36441      0              0            
Loop time of 1.327e-06 on 1 procs for 0 steps with 18 atoms

979.7% CPU use with 1 MPI tasks x 1 OpenMP threads

MPI task timing breakdown:
Section |  min time  |  avg time  |  max time  |%varavg| %total
---------------------------------------------------------------
Pair    | 0          | 0          | 0          |   0.0 |  0.00
Neigh   | 0          | 0          | 0          |   0.0 |  0.00
Comm    | 0          | 0          | 0          |   0.0 |  0.00
Output  | 0          | 0          | 0          |   0.0 |  0.00
Modify  | 0          | 0          | 0          |   0.0 |  0.00
Other   |            | 1.327e-06  |            |       |100.00

Nlocal:             18 ave          18 max          18 min
Histogram: 1 0 0 0 0 0 0 0 0 0
Nghost:           4910 ave        4910 max        4910 min
Histogram: 1 0 0 0 0 0 0 0 0 0
Neighs:              0 ave           0 max           0 min
Histogram: 1 0 0 0 0 0 0 0 0 0
FullNghs:        17988 ave       17988 max       17988 min
Histogram: 1 0 0 0 0 0 0 0 0 0

Total # of neighbors = 17988
Ave neighs/atom = 999.33333
Neighbor list builds = 0
Dangerous builds = 0
set atom * x 0.0 y 0.0 z 0.0
Setting atom values ...
  18 settings made for x
  18 settings made for y
  18 settings made for z
change_box all     x final 0 2.543583615179635 y final 0 8.491596920218198 z final 0 6.319272696698046      xy final 3.768329115315033 xz final 2.5895723486356608 yz final -3.396020659879975 units box
Changing box ...
  triclinic box = (0 0 0) to (2.5435836 8.4883426 6.3189512) with tilt (3.7697191 2.5872992 -3.3957904)
  triclinic box = (0 0 0) to (2.5435836 8.4915969 6.3189512) with tilt (3.7697191 2.5872992 -3.3957904)
  triclinic box = (0 0 0) to (2.5435836 8.4915969 6.3192727) with tilt (3.7697191 2.5872992 -3.3957904)
  triclinic box = (0 0 0) to (2.5435836 8.4915969 6.3192727) with tilt (3.7683291 2.5872992 -3.3957904)
  triclinic box = (0 0 0) to (2.5435836 8.4915969 6.3192727) with tilt (3.7683291 2.5895723 -3.3957904)
  triclinic box = (0 0 0) to (2.5435836 8.4915969 6.3192727) with tilt (3.7683291 2.5895723 -3.3960207)
echo none
run 0
Per MPI rank memory allocation (min/avg/max) = 4.345 | 4.345 | 4.345 Mbytes
    PotEng          Pxx           E_mol          E_coul    
-77.036452      138.69577      0              0            
Loop time of 1.314e-06 on 1 procs for 0 steps with 18 atoms

989.3% CPU use with 1 MPI tasks x 1 OpenMP threads

MPI task timing breakdown:
Section |  min time  |  avg time  |  max time  |%varavg| %total
---------------------------------------------------------------
Pair    | 0          | 0          | 0          |   0.0 |  0.00
Neigh   | 0          | 0          | 0          |   0.0 |  0.00
Comm    | 0          | 0          | 0          |   0.0 |  0.00
Output  | 0          | 0          | 0          |   0.0 |  0.00
Modify  | 0          | 0          | 0          |   0.0 |  0.00
Other   |            | 1.314e-06  |            |       |100.00

Nlocal:             18 ave          18 max          18 min
Histogram: 1 0 0 0 0 0 0 0 0 0
Nghost:           4910 ave        4910 max        4910 min
Histogram: 1 0 0 0 0 0 0 0 0 0
Neighs:              0 ave           0 max           0 min
Histogram: 1 0 0 0 0 0 0 0 0 0
FullNghs:        17976 ave       17976 max       17976 min
Histogram: 1 0 0 0 0 0 0 0 0 0

Total # of neighbors = 17976
Ave neighs/atom = 998.66667
Neighbor list builds = 0
Dangerous builds = 0
set atom * x 0.0 y 0.0 z 0.0
Setting atom values ...
  18 settings made for x
  18 settings made for y
  18 settings made for z
change_box all     x final 0 2.543583615179636 y final 0 8.4915969202182 z final 0 6.319272696698045      xy final 3.7683291153150344 xz final 2.5895723486356634 yz final -3.3960206598799747 units box
Changing box ...
  triclinic box = (0 0 0) to (2.5435836 8.4915969 6.3192727) with tilt (3.7683291 2.5895723 -3.3960207)
  triclinic box = (0 0 0) to (2.5435836 8.4915969 6.3192727) with tilt (3.7683291 2.5895723 -3.3960207)
  triclinic box = (0 0 0) to (2.5435836 8.4915969 6.3192727) with tilt (3.7683291 2.5895723 -3.3960207)
  triclinic box = (0 0 0) to (2.5435836 8.4915969 6.3192727) with tilt (3.7683291 2.5895723 -3.3960207)
  triclinic box = (0 0 0) to (2.5435836 8.4915969 6.3192727) with tilt (3.7683291 2.5895723 -3.3960207)
  triclinic box = (0 0 0) to (2.5435836 8.4915969 6.3192727) with tilt (3.7683291 2.5895723 -3.3960207)
echo none
run 0
Per MPI rank memory allocation (min/avg/max) = 4.345 | 4.345 | 4.345 Mbytes
    PotEng          Pxx           E_mol          E_coul    
-77.036452      138.69577      0              0            
Loop time of 9.71e-07 on 1 procs for 0 steps with 18 atoms

206.0% CPU use with 1 MPI tasks x 1 OpenMP threads

MPI task timing breakdown:
Section |  min time  |  avg time  |  max time  |%varavg| %total
---------------------------------------------------------------
Pair    | 0          | 0          | 0          |   0.0 |  0.00
Neigh   | 0          | 0          | 0          |   0.0 |  0.00
Comm    | 0          | 0          | 0          |   0.0 |  0.00
Output  | 0          | 0          | 0          |   0.0 |  0.00
Modify  | 0          | 0          | 0          |   0.0 |  0.00
Other   |            | 9.71e-07   |            |       |100.00

Nlocal:             18 ave          18 max          18 min
Histogram: 1 0 0 0 0 0 0 0 0 0
Nghost:           4910 ave        4910 max        4910 min
Histogram: 1 0 0 0 0 0 0 0 0 0
Neighs:              0 ave           0 max           0 min
Histogram: 1 0 0 0 0 0 0 0 0 0
FullNghs:        17976 ave       17976 max       17976 min
Histogram: 1 0 0 0 0 0 0 0 0 0

Total # of neighbors = 17976
Ave neighs/atom = 998.66667
Neighbor list builds = 0
Dangerous builds = 0
set atom * x 0.0 y 0.0 z 0.0
Setting atom values ...
  18 settings made for x
  18 settings made for y
  18 settings made for z
change_box all     x final 0 2.5436468596070525 y final 0 8.491822852495531 z final 0 6.320265583998455      xy final 3.7698099888037513 xz final 2.58392162748325 yz final -3.3984244345360484 units box
Changing box ...
  triclinic box = (0 0 0) to (2.5436469 8.4915969 6.3192727) with tilt (3.7683291 2.5895723 -3.3960207)
  triclinic box = (0 0 0) to (2.5436469 8.4918229 6.3192727) with tilt (3.7683291 2.5895723 -3.3960207)
  triclinic box = (0 0 0) to (2.5436469 8.4918229 6.3202656) with tilt (3.7683291 2.5895723 -3.3960207)
  triclinic box = (0 0 0) to (2.5436469 8.4918229 6.3202656) with tilt (3.76981 2.5895723 -3.3960207)
  triclinic box = (0 0 0) to (2.5436469 8.4918229 6.3202656) with tilt (3.76981 2.5839216 -3.3960207)
  triclinic box = (0 0 0) to (2.5436469 8.4918229 6.3202656) with tilt (3.76981 2.5839216 -3.3984244)
echo none
run 0
Per MPI rank memory allocation (min/avg/max) = 4.345 | 4.345 | 4.345 Mbytes
    PotEng          Pxx           E_mol          E_coul    
-77.036473      36.446721      0              0            
Loop time of 1.607e-06 on 1 procs for 0 steps with 18 atoms

684.5% CPU use with 1 MPI tasks x 1 OpenMP threads

MPI task timing breakdown:
Section |  min time  |  avg time  |  max time  |%varavg| %total
---------------------------------------------------------------
Pair    | 0          | 0          | 0          |   0.0 |  0.00
Neigh   | 0          | 0          | 0          |   0.0 |  0.00
Comm    | 0          | 0          | 0          |   0.0 |  0.00
Output  | 0          | 0          | 0          |   0.0 |  0.00
Modify  | 0          | 0          | 0          |   0.0 |  0.00
Other   |            | 1.607e-06  |            |       |100.00

Nlocal:             18 ave          18 max          18 min
Histogram: 1 0 0 0 0 0 0 0 0 0
Nghost:           4910 ave        4910 max        4910 min
Histogram: 1 0 0 0 0 0 0 0 0 0
Neighs:              0 ave           0 max           0 min
Histogram: 1 0 0 0 0 0 0 0 0 0
FullNghs:        17968 ave       17968 max       17968 min
Histogram: 1 0 0 0 0 0 0 0 0 0

Total # of neighbors = 17968
Ave neighs/atom = 998.22222
Neighbor list builds = 0
Dangerous builds = 0
set atom * x 0.0 y 0.0 z 0.0
Setting atom values ...
  18 settings made for x
  18 settings made for y
  18 settings made for z
change_box all     x final 0 2.543646859607053 y final 0 8.49182285249553 z final 0 6.320265583998454      xy final 3.769809988803751 xz final 2.5839216274832495 yz final -3.3984244345360515 units box
Changing box ...
  triclinic box = (0 0 0) to (2.5436469 8.4918229 6.3202656) with tilt (3.76981 2.5839216 -3.3984244)
  triclinic box = (0 0 0) to (2.5436469 8.4918229 6.3202656) with tilt (3.76981 2.5839216 -3.3984244)
  triclinic box = (0 0 0) to (2.5436469 8.4918229 6.3202656) with tilt (3.76981 2.5839216 -3.3984244)
  triclinic box = (0 0 0) to (2.5436469 8.4918229 6.3202656) with tilt (3.76981 2.5839216 -3.3984244)
  triclinic box = (0 0 0) to (2.5436469 8.4918229 6.3202656) with tilt (3.76981 2.5839216 -3.3984244)
  triclinic box = (0 0 0) to (2.5436469 8.4918229 6.3202656) with tilt (3.76981 2.5839216 -3.3984244)
echo none
run 0
Per MPI rank memory allocation (min/avg/max) = 4.345 | 4.345 | 4.345 Mbytes
    PotEng          Pxx           E_mol          E_coul    
-77.036473      36.446721      0              0            
Loop time of 1.59e-06 on 1 procs for 0 steps with 18 atoms

880.5% CPU use with 1 MPI tasks x 1 OpenMP threads

MPI task timing breakdown:
Section |  min time  |  avg time  |  max time  |%varavg| %total
---------------------------------------------------------------
Pair    | 0          | 0          | 0          |   0.0 |  0.00
Neigh   | 0          | 0          | 0          |   0.0 |  0.00
Comm    | 0          | 0          | 0          |   0.0 |  0.00
Output  | 0          | 0          | 0          |   0.0 |  0.00
Modify  | 0          | 0          | 0          |   0.0 |  0.00
Other   |            | 1.59e-06   |            |       |100.00

Nlocal:             18 ave          18 max          18 min
Histogram: 1 0 0 0 0 0 0 0 0 0
Nghost:           4910 ave        4910 max        4910 min
Histogram: 1 0 0 0 0 0 0 0 0 0
Neighs:              0 ave           0 max           0 min
Histogram: 1 0 0 0 0 0 0 0 0 0
FullNghs:        17968 ave       17968 max       17968 min
Histogram: 1 0 0 0 0 0 0 0 0 0

Total # of neighbors = 17968
Ave neighs/atom = 998.22222
Neighbor list builds = 0
Dangerous builds = 0
set atom * x 0.0 y 0.0 z 0.0
Setting atom values ...
  18 settings made for x
  18 settings made for y
  18 settings made for z
change_box all     x final 0 2.5436547014016084 y final 0 8.491111319027393 z final 0 6.321430309215751      xy final 3.772125131261503 xz final 2.5821918612716317 yz final -3.4001766093038226 units box
Changing box ...
  triclinic box = (0 0 0) to (2.5436547 8.4918229 6.3202656) with tilt (3.76981 2.5839216 -3.3984244)
  triclinic box = (0 0 0) to (2.5436547 8.4911113 6.3202656) with tilt (3.76981 2.5839216 -3.3984244)
  triclinic box = (0 0 0) to (2.5436547 8.4911113 6.3214303) with tilt (3.76981 2.5839216 -3.3984244)
  triclinic box = (0 0 0) to (2.5436547 8.4911113 6.3214303) with tilt (3.7721251 2.5839216 -3.3984244)
  triclinic box = (0 0 0) to (2.5436547 8.4911113 6.3214303) with tilt (3.7721251 2.5821919 -3.3984244)
  triclinic box = (0 0 0) to (2.5436547 8.4911113 6.3214303) with tilt (3.7721251 2.5821919 -3.4001766)
echo none
run 0
Per MPI rank memory allocation (min/avg/max) = 4.345 | 4.345 | 4.345 Mbytes
    PotEng          Pxx           E_mol          E_coul    
-77.036488      25.999933      0              0            
Loop time of 1.358e-06 on 1 procs for 0 steps with 18 atoms

883.7% CPU use with 1 MPI tasks x 1 OpenMP threads

MPI task timing breakdown:
Section |  min time  |  avg time  |  max time  |%varavg| %total
---------------------------------------------------------------
Pair    | 0          | 0          | 0          |   0.0 |  0.00
Neigh   | 0          | 0          | 0          |   0.0 |  0.00
Comm    | 0          | 0          | 0          |   0.0 |  0.00
Output  | 0          | 0          | 0          |   0.0 |  0.00
Modify  | 0          | 0          | 0          |   0.0 |  0.00
Other   |            | 1.358e-06  |            |       |100.00

Nlocal:             18 ave          18 max          18 min
Histogram: 1 0 0 0 0 0 0 0 0 0
Nghost:           4910 ave        4910 max        4910 min
Histogram: 1 0 0 0 0 0 0 0 0 0
Neighs:              0 ave           0 max           0 min
Histogram: 1 0 0 0 0 0 0 0 0 0
FullNghs:        17970 ave       17970 max       17970 min
Histogram: 1 0 0 0 0 0 0 0 0 0

Total # of neighbors = 17970
Ave neighs/atom = 998.33333
Neighbor list builds = 0
Dangerous builds = 0
set atom * x 0.0 y 0.0 z 0.0
Setting atom values ...
  18 settings made for x
  18 settings made for y
  18 settings made for z
change_box all     x final 0 2.543654701401609 y final 0 8.491111319027391 z final 0 6.321430309215748      xy final 3.772125131261504 xz final 2.5821918612716335 yz final -3.4001766093038244 units box
Changing box ...
  triclinic box = (0 0 0) to (2.5436547 8.4911113 6.3214303) with tilt (3.7721251 2.5821919 -3.4001766)
  triclinic box = (0 0 0) to (2.5436547 8.4911113 6.3214303) with tilt (3.7721251 2.5821919 -3.4001766)
  triclinic box = (0 0 0) to (2.5436547 8.4911113 6.3214303) with tilt (3.7721251 2.5821919 -3.4001766)
  triclinic box = (0 0 0) to (2.5436547 8.4911113 6.3214303) with tilt (3.7721251 2.5821919 -3.4001766)
  triclinic box = (0 0 0) to (2.5436547 8.4911113 6.3214303) with tilt (3.7721251 2.5821919 -3.4001766)
  triclinic box = (0 0 0) to (2.5436547 8.4911113 6.3214303) with tilt (3.7721251 2.5821919 -3.4001766)
echo none
run 0
Per MPI rank memory allocation (min/avg/max) = 4.345 | 4.345 | 4.345 Mbytes
    PotEng          Pxx           E_mol          E_coul    
-77.036488      25.999933      0              0            
Loop time of 1.066e-06 on 1 procs for 0 steps with 18 atoms

187.6% CPU use with 1 MPI tasks x 1 OpenMP threads

MPI task timing breakdown:
Section |  min time  |  avg time  |  max time  |%varavg| %total
---------------------------------------------------------------
Pair    | 0          | 0          | 0          |   0.0 |  0.00
Neigh   | 0          | 0          | 0          |   0.0 |  0.00
Comm    | 0          | 0          | 0          |   0.0 |  0.00
Output  | 0          | 0          | 0          |   0.0 |  0.00
Modify  | 0          | 0          | 0          |   0.0 |  0.00
Other   |            | 1.066e-06  |            |       |100.00

Nlocal:             18 ave          18 max          18 min
Histogram: 1 0 0 0 0 0 0 0 0 0
Nghost:           4910 ave        4910 max        4910 min
Histogram: 1 0 0 0 0 0 0 0 0 0
Neighs:              0 ave           0 max           0 min
Histogram: 1 0 0 0 0 0 0 0 0 0
FullNghs:        17970 ave       17970 max       17970 min
Histogram: 1 0 0 0 0 0 0 0 0 0

Total # of neighbors = 17970
Ave neighs/atom = 998.33333
Neighbor list builds = 0
Dangerous builds = 0
set atom * x 0.0 y 0.0 z 0.0
Setting atom values ...
  18 settings made for x
  18 settings made for y
  18 settings made for z
change_box all     x final 0 2.5437703284581827 y final 0 8.490715897262179 z final 0 6.321851133779407      xy final 3.7736443350746898 xz final 2.5764467062858176 yz final -3.4011026072651744 units box
Changing box ...
  triclinic box = (0 0 0) to (2.5437703 8.4911113 6.3214303) with tilt (3.7721251 2.5821919 -3.4001766)
  triclinic box = (0 0 0) to (2.5437703 8.4907159 6.3214303) with tilt (3.7721251 2.5821919 -3.4001766)
  triclinic box = (0 0 0) to (2.5437703 8.4907159 6.3218511) with tilt (3.7721251 2.5821919 -3.4001766)
  triclinic box = (0 0 0) to (2.5437703 8.4907159 6.3218511) with tilt (3.7736443 2.5821919 -3.4001766)
  triclinic box = (0 0 0) to (2.5437703 8.4907159 6.3218511) with tilt (3.7736443 2.5764467 -3.4001766)
  triclinic box = (0 0 0) to (2.5437703 8.4907159 6.3218511) with tilt (3.7736443 2.5764467 -3.4011026)
echo none
run 0
Per MPI rank memory allocation (min/avg/max) = 4.345 | 4.345 | 4.345 Mbytes
    PotEng          Pxx           E_mol          E_coul    
-77.036501     -117.92423      0              0            
Loop time of 1.793e-06 on 1 procs for 0 steps with 18 atoms

725.0% CPU use with 1 MPI tasks x 1 OpenMP threads

MPI task timing breakdown:
Section |  min time  |  avg time  |  max time  |%varavg| %total
---------------------------------------------------------------
Pair    | 0          | 0          | 0          |   0.0 |  0.00
Neigh   | 0          | 0          | 0          |   0.0 |  0.00
Comm    | 0          | 0          | 0          |   0.0 |  0.00
Output  | 0          | 0          | 0          |   0.0 |  0.00
Modify  | 0          | 0          | 0          |   0.0 |  0.00
Other   |            | 1.793e-06  |            |       |100.00

Nlocal:             18 ave          18 max          18 min
Histogram: 1 0 0 0 0 0 0 0 0 0
Nghost:           4910 ave        4910 max        4910 min
Histogram: 1 0 0 0 0 0 0 0 0 0
Neighs:              0 ave           0 max           0 min
Histogram: 1 0 0 0 0 0 0 0 0 0
FullNghs:        17964 ave       17964 max       17964 min
Histogram: 1 0 0 0 0 0 0 0 0 0

Total # of neighbors = 17964
Ave neighs/atom = 998
Neighbor list builds = 0
Dangerous builds = 0
set atom * x 0.0 y 0.0 z 0.0
Setting atom values ...
  18 settings made for x
  18 settings made for y
  18 settings made for z
change_box all     x final 0 2.5438797197663843 y final 0 8.490343490331615 z final 0 6.3222461769432226      xy final 3.7750757962779256 xz final 2.5710370450550006 yz final -3.4019736675028796 units box
Changing box ...
  triclinic box = (0 0 0) to (2.5438797 8.4907159 6.3218511) with tilt (3.7736443 2.5764467 -3.4011026)
  triclinic box = (0 0 0) to (2.5438797 8.4903435 6.3218511) with tilt (3.7736443 2.5764467 -3.4011026)
  triclinic box = (0 0 0) to (2.5438797 8.4903435 6.3222462) with tilt (3.7736443 2.5764467 -3.4011026)
  triclinic box = (0 0 0) to (2.5438797 8.4903435 6.3222462) with tilt (3.7750758 2.5764467 -3.4011026)
  triclinic box = (0 0 0) to (2.5438797 8.4903435 6.3222462) with tilt (3.7750758 2.571037 -3.4011026)
  triclinic box = (0 0 0) to (2.5438797 8.4903435 6.3222462) with tilt (3.7750758 2.571037 -3.4019737)
echo none
run 0
Per MPI rank memory allocation (min/avg/max) = 4.345 | 4.345 | 4.345 Mbytes
    PotEng          Pxx           E_mol          E_coul    
-77.036505     -253.94134      0              0            
Loop time of 1.097e-06 on 1 procs for 0 steps with 18 atoms

182.3% CPU use with 1 MPI tasks x 1 OpenMP threads

MPI task timing breakdown:
Section |  min time  |  avg time  |  max time  |%varavg| %total
---------------------------------------------------------------
Pair    | 0          | 0          | 0          |   0.0 |  0.00
Neigh   | 0          | 0          | 0          |   0.0 |  0.00
Comm    | 0          | 0          | 0          |   0.0 |  0.00
Output  | 0          | 0          | 0          |   0.0 |  0.00
Modify  | 0          | 0          | 0          |   0.0 |  0.00
Other   |            | 1.097e-06  |            |       |100.00

Nlocal:             18 ave          18 max          18 min
Histogram: 1 0 0 0 0 0 0 0 0 0
Nghost:           4910 ave        4910 max        4910 min
Histogram: 1 0 0 0 0 0 0 0 0 0
Neighs:              0 ave           0 max           0 min
Histogram: 1 0 0 0 0 0 0 0 0 0
FullNghs:        17948 ave       17948 max       17948 min
Histogram: 1 0 0 0 0 0 0 0 0 0

Total # of neighbors = 17948
Ave neighs/atom = 997.11111
Neighbor list builds = 0
Dangerous builds = 0
set atom * x 0.0 y 0.0 z 0.0
Setting atom values ...
  18 settings made for x
  18 settings made for y
  18 settings made for z
change_box all     x final 0 2.543879719766386 y final 0 8.49034349033161 z final 0 6.322246176943221      xy final 3.775075796277927 xz final 2.571037045054999 yz final -3.401973667502887 units box
Changing box ...
  triclinic box = (0 0 0) to (2.5438797 8.4903435 6.3222462) with tilt (3.7750758 2.571037 -3.4019737)
  triclinic box = (0 0 0) to (2.5438797 8.4903435 6.3222462) with tilt (3.7750758 2.571037 -3.4019737)
  triclinic box = (0 0 0) to (2.5438797 8.4903435 6.3222462) with tilt (3.7750758 2.571037 -3.4019737)
  triclinic box = (0 0 0) to (2.5438797 8.4903435 6.3222462) with tilt (3.7750758 2.571037 -3.4019737)
  triclinic box = (0 0 0) to (2.5438797 8.4903435 6.3222462) with tilt (3.7750758 2.571037 -3.4019737)
  triclinic box = (0 0 0) to (2.5438797 8.4903435 6.3222462) with tilt (3.7750758 2.571037 -3.4019737)
echo none
run 0
Per MPI rank memory allocation (min/avg/max) = 4.345 | 4.345 | 4.345 Mbytes
    PotEng          Pxx           E_mol          E_coul    
-77.036505     -253.94134      0              0            
Loop time of 1.846e-06 on 1 procs for 0 steps with 18 atoms

758.4% CPU use with 1 MPI tasks x 1 OpenMP threads

MPI task timing breakdown:
Section |  min time  |  avg time  |  max time  |%varavg| %total
---------------------------------------------------------------
Pair    | 0          | 0          | 0          |   0.0 |  0.00
Neigh   | 0          | 0          | 0          |   0.0 |  0.00
Comm    | 0          | 0          | 0          |   0.0 |  0.00
Output  | 0          | 0          | 0          |   0.0 |  0.00
Modify  | 0          | 0          | 0          |   0.0 |  0.00
Other   |            | 1.846e-06  |            |       |100.00

Nlocal:             18 ave          18 max          18 min
Histogram: 1 0 0 0 0 0 0 0 0 0
Nghost:           4910 ave        4910 max        4910 min
Histogram: 1 0 0 0 0 0 0 0 0 0
Neighs:              0 ave           0 max           0 min
Histogram: 1 0 0 0 0 0 0 0 0 0
FullNghs:        17948 ave       17948 max       17948 min
Histogram: 1 0 0 0 0 0 0 0 0 0

Total # of neighbors = 17948
Ave neighs/atom = 997.11111
Neighbor list builds = 0
Dangerous builds = 0
set atom * x 0.0 y 0.0 z 0.0
Setting atom values ...
  18 settings made for x
  18 settings made for y
  18 settings made for z
change_box all     x final 0 2.543798521924057 y final 0 8.489989163367174 z final 0 6.322065865903808      xy final 3.7783029569697844 xz final 2.571662511570985 yz final -3.401203342914392 units box
Changing box ...
  triclinic box = (0 0 0) to (2.5437985 8.4903435 6.3222462) with tilt (3.7750758 2.571037 -3.4019737)
  triclinic box = (0 0 0) to (2.5437985 8.4899892 6.3222462) with tilt (3.7750758 2.571037 -3.4019737)
  triclinic box = (0 0 0) to (2.5437985 8.4899892 6.3220659) with tilt (3.7750758 2.571037 -3.4019737)
  triclinic box = (0 0 0) to (2.5437985 8.4899892 6.3220659) with tilt (3.778303 2.571037 -3.4019737)
  triclinic box = (0 0 0) to (2.5437985 8.4899892 6.3220659) with tilt (3.778303 2.5716625 -3.4019737)
  triclinic box = (0 0 0) to (2.5437985 8.4899892 6.3220659) with tilt (3.778303 2.5716625 -3.4012033)
echo none
run 0
Per MPI rank memory allocation (min/avg/max) = 4.345 | 4.345 | 4.345 Mbytes
    PotEng          Pxx           E_mol          E_coul    
-77.036523     -132.86041      0              0            
Loop time of 1.78e-06 on 1 procs for 0 steps with 18 atoms

561.8% CPU use with 1 MPI tasks x 1 OpenMP threads

MPI task timing breakdown:
Section |  min time  |  avg time  |  max time  |%varavg| %total
---------------------------------------------------------------
Pair    | 0          | 0          | 0          |   0.0 |  0.00
Neigh   | 0          | 0          | 0          |   0.0 |  0.00
Comm    | 0          | 0          | 0          |   0.0 |  0.00
Output  | 0          | 0          | 0          |   0.0 |  0.00
Modify  | 0          | 0          | 0          |   0.0 |  0.00
Other   |            | 1.78e-06   |            |       |100.00

Nlocal:             18 ave          18 max          18 min
Histogram: 1 0 0 0 0 0 0 0 0 0
Nghost:           4910 ave        4910 max        4910 min
Histogram: 1 0 0 0 0 0 0 0 0 0
Neighs:              0 ave           0 max           0 min
Histogram: 1 0 0 0 0 0 0 0 0 0
FullNghs:        17952 ave       17952 max       17952 min
Histogram: 1 0 0 0 0 0 0 0 0 0

Total # of neighbors = 17952
Ave neighs/atom = 997.33333
Neighbor list builds = 0
Dangerous builds = 0
set atom * x 0.0 y 0.0 z 0.0
Setting atom values ...
  18 settings made for x
  18 settings made for y
  18 settings made for z
change_box all     x final 0 2.543530894305995 y final 0 8.488813799233169 z final 0 6.321467635316473      xy final 3.7889896391237747 xz final 2.5737350894679176 yz final -3.39865500539615 units box
Changing box ...
  triclinic box = (0 0 0) to (2.5435309 8.4899892 6.3220659) with tilt (3.778303 2.5716625 -3.4012033)
  triclinic box = (0 0 0) to (2.5435309 8.4888138 6.3220659) with tilt (3.778303 2.5716625 -3.4012033)
  triclinic box = (0 0 0) to (2.5435309 8.4888138 6.3214676) with tilt (3.778303 2.5716625 -3.4012033)
  triclinic box = (0 0 0) to (2.5435309 8.4888138 6.3214676) with tilt (3.7889896 2.5716625 -3.4012033)
  triclinic box = (0 0 0) to (2.5435309 8.4888138 6.3214676) with tilt (3.7889896 2.5737351 -3.4012033)
  triclinic box = (0 0 0) to (2.5435309 8.4888138 6.3214676) with tilt (3.7889896 2.5737351 -3.398655)
echo none
run 0
Per MPI rank memory allocation (min/avg/max) = 4.345 | 4.345 | 4.345 Mbytes
    PotEng          Pxx           E_mol          E_coul    
-77.036547      267.23469      0              0            
Loop time of 1.647e-06 on 1 procs for 0 steps with 18 atoms

1214.3% CPU use with 1 MPI tasks x 1 OpenMP threads

MPI task timing breakdown:
Section |  min time  |  avg time  |  max time  |%varavg| %total
---------------------------------------------------------------
Pair    | 0          | 0          | 0          |   0.0 |  0.00
Neigh   | 0          | 0          | 0          |   0.0 |  0.00
Comm    | 0          | 0          | 0          |   0.0 |  0.00
Output  | 0          | 0          | 0          |   0.0 |  0.00
Modify  | 0          | 0          | 0          |   0.0 |  0.00
Other   |            | 1.647e-06  |            |       |100.00

Nlocal:             18 ave          18 max          18 min
Histogram: 1 0 0 0 0 0 0 0 0 0
Nghost:           4910 ave        4910 max        4910 min
Histogram: 1 0 0 0 0 0 0 0 0 0
Neighs:              0 ave           0 max           0 min
Histogram: 1 0 0 0 0 0 0 0 0 0
FullNghs:        17960 ave       17960 max       17960 min
Histogram: 1 0 0 0 0 0 0 0 0 0

Total # of neighbors = 17960
Ave neighs/atom = 997.77778
Neighbor list builds = 0
Dangerous builds = 0
set atom * x 0.0 y 0.0 z 0.0
Setting atom values ...
  18 settings made for x
  18 settings made for y
  18 settings made for z
change_box all     x final 0 2.5435308943059978 y final 0 8.488813799233167 z final 0 6.321467635316476      xy final 3.7889896391237774 xz final 2.5737350894679185 yz final -3.398655005396148 units box
Changing box ...
  triclinic box = (0 0 0) to (2.5435309 8.4888138 6.3214676) with tilt (3.7889896 2.5737351 -3.398655)
  triclinic box = (0 0 0) to (2.5435309 8.4888138 6.3214676) with tilt (3.7889896 2.5737351 -3.398655)
  triclinic box = (0 0 0) to (2.5435309 8.4888138 6.3214676) with tilt (3.7889896 2.5737351 -3.398655)
  triclinic box = (0 0 0) to (2.5435309 8.4888138 6.3214676) with tilt (3.7889896 2.5737351 -3.398655)
  triclinic box = (0 0 0) to (2.5435309 8.4888138 6.3214676) with tilt (3.7889896 2.5737351 -3.398655)
  triclinic box = (0 0 0) to (2.5435309 8.4888138 6.3214676) with tilt (3.7889896 2.5737351 -3.398655)
echo none
run 0
Per MPI rank memory allocation (min/avg/max) = 4.345 | 4.345 | 4.345 Mbytes
    PotEng          Pxx           E_mol          E_coul    
-77.036547      267.23469      0              0            
Loop time of 1.327e-06 on 1 procs for 0 steps with 18 atoms

150.7% CPU use with 1 MPI tasks x 1 OpenMP threads

MPI task timing breakdown:
Section |  min time  |  avg time  |  max time  |%varavg| %total
---------------------------------------------------------------
Pair    | 0          | 0          | 0          |   0.0 |  0.00
Neigh   | 0          | 0          | 0          |   0.0 |  0.00
Comm    | 0          | 0          | 0          |   0.0 |  0.00
Output  | 0          | 0          | 0          |   0.0 |  0.00
Modify  | 0          | 0          | 0          |   0.0 |  0.00
Other   |            | 1.327e-06  |            |       |100.00

Nlocal:             18 ave          18 max          18 min
Histogram: 1 0 0 0 0 0 0 0 0 0
Nghost:           4910 ave        4910 max        4910 min
Histogram: 1 0 0 0 0 0 0 0 0 0
Neighs:              0 ave           0 max           0 min
Histogram: 1 0 0 0 0 0 0 0 0 0
FullNghs:        17960 ave       17960 max       17960 min
Histogram: 1 0 0 0 0 0 0 0 0 0

Total # of neighbors = 17960
Ave neighs/atom = 997.77778
Neighbor list builds = 0
Dangerous builds = 0
set atom * x 0.0 y 0.0 z 0.0
Setting atom values ...
  18 settings made for x
  18 settings made for y
  18 settings made for z
change_box all     x final 0 2.5435228747225143 y final 0 8.489665093679658 z final 0 6.320055156402564      xy final 3.7845123847935285 xz final 2.574494369798192 yz final -3.397464745608404 units box
Changing box ...
  triclinic box = (0 0 0) to (2.5435229 8.4888138 6.3214676) with tilt (3.7889896 2.5737351 -3.398655)
  triclinic box = (0 0 0) to (2.5435229 8.4896651 6.3214676) with tilt (3.7889896 2.5737351 -3.398655)
  triclinic box = (0 0 0) to (2.5435229 8.4896651 6.3200552) with tilt (3.7889896 2.5737351 -3.398655)
  triclinic box = (0 0 0) to (2.5435229 8.4896651 6.3200552) with tilt (3.7845124 2.5737351 -3.398655)
  triclinic box = (0 0 0) to (2.5435229 8.4896651 6.3200552) with tilt (3.7845124 2.5744944 -3.398655)
  triclinic box = (0 0 0) to (2.5435229 8.4896651 6.3200552) with tilt (3.7845124 2.5744944 -3.3974647)
echo none
run 0
Per MPI rank memory allocation (min/avg/max) = 4.345 | 4.345 | 4.345 Mbytes
    PotEng          Pxx           E_mol          E_coul    
-77.036598      283.07449      0              0            
Loop time of 1.431e-06 on 1 procs for 0 steps with 18 atoms

978.3% CPU use with 1 MPI tasks x 1 OpenMP threads

MPI task timing breakdown:
Section |  min time  |  avg time  |  max time  |%varavg| %total
---------------------------------------------------------------
Pair    | 0          | 0          | 0          |   0.0 |  0.00
Neigh   | 0          | 0          | 0          |   0.0 |  0.00
Comm    | 0          | 0          | 0          |   0.0 |  0.00
Output  | 0          | 0          | 0          |   0.0 |  0.00
Modify  | 0          | 0          | 0          |   0.0 |  0.00
Other   |            | 1.431e-06  |            |       |100.00

Nlocal:             18 ave          18 max          18 min
Histogram: 1 0 0 0 0 0 0 0 0 0
Nghost:           4910 ave        4910 max        4910 min
Histogram: 1 0 0 0 0 0 0 0 0 0
Neighs:              0 ave           0 max           0 min
Histogram: 1 0 0 0 0 0 0 0 0 0
FullNghs:        17964 ave       17964 max       17964 min
Histogram: 1 0 0 0 0 0 0 0 0 0

Total # of neighbors = 17964
Ave neighs/atom = 998
Neighbor list builds = 0
Dangerous builds = 0
set atom * x 0.0 y 0.0 z 0.0
Setting atom values ...
  18 settings made for x
  18 settings made for y
  18 settings made for z
change_box all     x final 0 2.5434992318388474 y final 0 8.492354056656215 z final 0 6.3155872609230785      xy final 3.7703415612076903 xz final 2.5768956389111066 yz final -3.393699337857131 units box
Changing box ...
  triclinic box = (0 0 0) to (2.5434992 8.4896651 6.3200552) with tilt (3.7845124 2.5744944 -3.3974647)
  triclinic box = (0 0 0) to (2.5434992 8.4923541 6.3200552) with tilt (3.7845124 2.5744944 -3.3974647)
  triclinic box = (0 0 0) to (2.5434992 8.4923541 6.3155873) with tilt (3.7845124 2.5744944 -3.3974647)
  triclinic box = (0 0 0) to (2.5434992 8.4923541 6.3155873) with tilt (3.7703416 2.5744944 -3.3974647)
  triclinic box = (0 0 0) to (2.5434992 8.4923541 6.3155873) with tilt (3.7703416 2.5768956 -3.3974647)
  triclinic box = (0 0 0) to (2.5434992 8.4923541 6.3155873) with tilt (3.7703416 2.5768956 -3.3936993)
echo none
run 0
Per MPI rank memory allocation (min/avg/max) = 4.345 | 4.345 | 4.345 Mbytes
    PotEng          Pxx           E_mol          E_coul    
-77.036666      332.19865      0              0            
Loop time of 1.665e-06 on 1 procs for 0 steps with 18 atoms

1201.2% CPU use with 1 MPI tasks x 1 OpenMP threads

MPI task timing breakdown:
Section |  min time  |  avg time  |  max time  |%varavg| %total
---------------------------------------------------------------
Pair    | 0          | 0          | 0          |   0.0 |  0.00
Neigh   | 0          | 0          | 0          |   0.0 |  0.00
Comm    | 0          | 0          | 0          |   0.0 |  0.00
Output  | 0          | 0          | 0          |   0.0 |  0.00
Modify  | 0          | 0          | 0          |   0.0 |  0.00
Other   |            | 1.665e-06  |            |       |100.00

Nlocal:             18 ave          18 max          18 min
Histogram: 1 0 0 0 0 0 0 0 0 0
Nghost:           4910 ave        4910 max        4910 min
Histogram: 1 0 0 0 0 0 0 0 0 0
Neighs:              0 ave           0 max           0 min
Histogram: 1 0 0 0 0 0 0 0 0 0
FullNghs:        17988 ave       17988 max       17988 min
Histogram: 1 0 0 0 0 0 0 0 0 0

Total # of neighbors = 17988
Ave neighs/atom = 999.33333
Neighbor list builds = 0
Dangerous builds = 0
set atom * x 0.0 y 0.0 z 0.0
Setting atom values ...
  18 settings made for x
  18 settings made for y
  18 settings made for z
change_box all     x final 0 2.5434992318388514 y final 0 8.492354056656211 z final 0 6.315587260923074      xy final 3.7703415612076916 xz final 2.576895638911107 yz final -3.3936993378571336 units box
Changing box ...
  triclinic box = (0 0 0) to (2.5434992 8.4923541 6.3155873) with tilt (3.7703416 2.5768956 -3.3936993)
  triclinic box = (0 0 0) to (2.5434992 8.4923541 6.3155873) with tilt (3.7703416 2.5768956 -3.3936993)
  triclinic box = (0 0 0) to (2.5434992 8.4923541 6.3155873) with tilt (3.7703416 2.5768956 -3.3936993)
  triclinic box = (0 0 0) to (2.5434992 8.4923541 6.3155873) with tilt (3.7703416 2.5768956 -3.3936993)
  triclinic box = (0 0 0) to (2.5434992 8.4923541 6.3155873) with tilt (3.7703416 2.5768956 -3.3936993)
  triclinic box = (0 0 0) to (2.5434992 8.4923541 6.3155873) with tilt (3.7703416 2.5768956 -3.3936993)
echo none
run 0
Per MPI rank memory allocation (min/avg/max) = 4.345 | 4.345 | 4.345 Mbytes
    PotEng          Pxx           E_mol          E_coul    
-77.036666      332.19865      0              0            
Loop time of 1.541e-06 on 1 procs for 0 steps with 18 atoms

648.9% CPU use with 1 MPI tasks x 1 OpenMP threads

MPI task timing breakdown:
Section |  min time  |  avg time  |  max time  |%varavg| %total
---------------------------------------------------------------
Pair    | 0          | 0          | 0          |   0.0 |  0.00
Neigh   | 0          | 0          | 0          |   0.0 |  0.00
Comm    | 0          | 0          | 0          |   0.0 |  0.00
Output  | 0          | 0          | 0          |   0.0 |  0.00
Modify  | 0          | 0          | 0          |   0.0 |  0.00
Other   |            | 1.541e-06  |            |       |100.00

Nlocal:             18 ave          18 max          18 min
Histogram: 1 0 0 0 0 0 0 0 0 0
Nghost:           4910 ave        4910 max        4910 min
Histogram: 1 0 0 0 0 0 0 0 0 0
Neighs:              0 ave           0 max           0 min
Histogram: 1 0 0 0 0 0 0 0 0 0
FullNghs:        17988 ave       17988 max       17988 min
Histogram: 1 0 0 0 0 0 0 0 0 0

Total # of neighbors = 17988
Ave neighs/atom = 999.33333
Neighbor list builds = 0
Dangerous builds = 0
set atom * x 0.0 y 0.0 z 0.0
Setting atom values ...
  18 settings made for x
  18 settings made for y
  18 settings made for z
change_box all     x final 0 2.543684070517506 y final 0 8.49345958301029 z final 0 6.315588981183171      xy final 3.7771083845994267 xz final 2.5689876413199197 yz final -3.402183838216874 units box
Changing box ...
  triclinic box = (0 0 0) to (2.5436841 8.4923541 6.3155873) with tilt (3.7703416 2.5768956 -3.3936993)
  triclinic box = (0 0 0) to (2.5436841 8.4934596 6.3155873) with tilt (3.7703416 2.5768956 -3.3936993)
  triclinic box = (0 0 0) to (2.5436841 8.4934596 6.315589) with tilt (3.7703416 2.5768956 -3.3936993)
  triclinic box = (0 0 0) to (2.5436841 8.4934596 6.315589) with tilt (3.7771084 2.5768956 -3.3936993)
  triclinic box = (0 0 0) to (2.5436841 8.4934596 6.315589) with tilt (3.7771084 2.5689876 -3.3936993)
  triclinic box = (0 0 0) to (2.5436841 8.4934596 6.315589) with tilt (3.7771084 2.5689876 -3.4021838)
echo none
run 0
Per MPI rank memory allocation (min/avg/max) = 4.345 | 4.345 | 4.345 Mbytes
    PotEng          Pxx           E_mol          E_coul    
-77.036769      152.17954      0              0            
Loop time of 1.405e-06 on 1 procs for 0 steps with 18 atoms

996.4% CPU use with 1 MPI tasks x 1 OpenMP threads

MPI task timing breakdown:
Section |  min time  |  avg time  |  max time  |%varavg| %total
---------------------------------------------------------------
Pair    | 0          | 0          | 0          |   0.0 |  0.00
Neigh   | 0          | 0          | 0          |   0.0 |  0.00
Comm    | 0          | 0          | 0          |   0.0 |  0.00
Output  | 0          | 0          | 0          |   0.0 |  0.00
Modify  | 0          | 0          | 0          |   0.0 |  0.00
Other   |            | 1.405e-06  |            |       |100.00

Nlocal:             18 ave          18 max          18 min
Histogram: 1 0 0 0 0 0 0 0 0 0
Nghost:           4910 ave        4910 max        4910 min
Histogram: 1 0 0 0 0 0 0 0 0 0
Neighs:              0 ave           0 max           0 min
Histogram: 1 0 0 0 0 0 0 0 0 0
FullNghs:        17966 ave       17966 max       17966 min
Histogram: 1 0 0 0 0 0 0 0 0 0

Total # of neighbors = 17966
Ave neighs/atom = 998.11111
Neighbor list builds = 0
Dangerous builds = 0
set atom * x 0.0 y 0.0 z 0.0
Setting atom values ...
  18 settings made for x
  18 settings made for y
  18 settings made for z
change_box all     x final 0 2.5442360352181512 y final 0 8.496728915624663 z final 0 6.315564507739179      xy final 3.7970862036571478 xz final 2.5456542426141455 yz final -3.4271495501413582 units box
Changing box ...
  triclinic box = (0 0 0) to (2.544236 8.4934596 6.315589) with tilt (3.7771084 2.5689876 -3.4021838)
  triclinic box = (0 0 0) to (2.544236 8.4967289 6.315589) with tilt (3.7771084 2.5689876 -3.4021838)
  triclinic box = (0 0 0) to (2.544236 8.4967289 6.3155645) with tilt (3.7771084 2.5689876 -3.4021838)
  triclinic box = (0 0 0) to (2.544236 8.4967289 6.3155645) with tilt (3.7970862 2.5689876 -3.4021838)
  triclinic box = (0 0 0) to (2.544236 8.4967289 6.3155645) with tilt (3.7970862 2.5456542 -3.4021838)
  triclinic box = (0 0 0) to (2.544236 8.4967289 6.3155645) with tilt (3.7970862 2.5456542 -3.4271496)
echo none
run 0
Per MPI rank memory allocation (min/avg/max) = 4.345 | 4.345 | 4.345 Mbytes
    PotEng          Pxx           E_mol          E_coul    
-77.036841     -385.50891      0              0            
Loop time of 1.369e-06 on 1 procs for 0 steps with 18 atoms

1241.8% CPU use with 1 MPI tasks x 1 OpenMP threads

MPI task timing breakdown:
Section |  min time  |  avg time  |  max time  |%varavg| %total
---------------------------------------------------------------
Pair    | 0          | 0          | 0          |   0.0 |  0.00
Neigh   | 0          | 0          | 0          |   0.0 |  0.00
Comm    | 0          | 0          | 0          |   0.0 |  0.00
Output  | 0          | 0          | 0          |   0.0 |  0.00
Modify  | 0          | 0          | 0          |   0.0 |  0.00
Other   |            | 1.369e-06  |            |       |100.00

Nlocal:             18 ave          18 max          18 min
Histogram: 1 0 0 0 0 0 0 0 0 0
Nghost:           4910 ave        4910 max        4910 min
Histogram: 1 0 0 0 0 0 0 0 0 0
Neighs:              0 ave           0 max           0 min
Histogram: 1 0 0 0 0 0 0 0 0 0
FullNghs:        17938 ave       17938 max       17938 min
Histogram: 1 0 0 0 0 0 0 0 0 0

Total # of neighbors = 17938
Ave neighs/atom = 996.55556
Neighbor list builds = 0
Dangerous builds = 0
set atom * x 0.0 y 0.0 z 0.0
Setting atom values ...
  18 settings made for x
  18 settings made for y
  18 settings made for z
change_box all     x final 0 2.544236035218151 y final 0 8.496728915624665 z final 0 6.31556450773918      xy final 3.797086203657143 xz final 2.5456542426141433 yz final -3.427149550141358 units box
Changing box ...
  triclinic box = (0 0 0) to (2.544236 8.4967289 6.3155645) with tilt (3.7970862 2.5456542 -3.4271496)
  triclinic box = (0 0 0) to (2.544236 8.4967289 6.3155645) with tilt (3.7970862 2.5456542 -3.4271496)
  triclinic box = (0 0 0) to (2.544236 8.4967289 6.3155645) with tilt (3.7970862 2.5456542 -3.4271496)
  triclinic box = (0 0 0) to (2.544236 8.4967289 6.3155645) with tilt (3.7970862 2.5456542 -3.4271496)
  triclinic box = (0 0 0) to (2.544236 8.4967289 6.3155645) with tilt (3.7970862 2.5456542 -3.4271496)
  triclinic box = (0 0 0) to (2.544236 8.4967289 6.3155645) with tilt (3.7970862 2.5456542 -3.4271496)
echo none
run 0
Per MPI rank memory allocation (min/avg/max) = 4.345 | 4.345 | 4.345 Mbytes
    PotEng          Pxx           E_mol          E_coul    
-77.036841     -385.50891      0              0            
Loop time of 1.477e-06 on 1 procs for 0 steps with 18 atoms

947.9% CPU use with 1 MPI tasks x 1 OpenMP threads

MPI task timing breakdown:
Section |  min time  |  avg time  |  max time  |%varavg| %total
---------------------------------------------------------------
Pair    | 0          | 0          | 0          |   0.0 |  0.00
Neigh   | 0          | 0          | 0          |   0.0 |  0.00
Comm    | 0          | 0          | 0          |   0.0 |  0.00
Output  | 0          | 0          | 0          |   0.0 |  0.00
Modify  | 0          | 0          | 0          |   0.0 |  0.00
Other   |            | 1.477e-06  |            |       |100.00

Nlocal:             18 ave          18 max          18 min
Histogram: 1 0 0 0 0 0 0 0 0 0
Nghost:           4910 ave        4910 max        4910 min
Histogram: 1 0 0 0 0 0 0 0 0 0
Neighs:              0 ave           0 max           0 min
Histogram: 1 0 0 0 0 0 0 0 0 0
FullNghs:        17938 ave       17938 max       17938 min
Histogram: 1 0 0 0 0 0 0 0 0 0

Total # of neighbors = 17938
Ave neighs/atom = 996.55556
Neighbor list builds = 0
Dangerous builds = 0
set atom * x 0.0 y 0.0 z 0.0
Setting atom values ...
  18 settings made for x
  18 settings made for y
  18 settings made for z
change_box all     x final 0 2.543889674201061 y final 0 8.496165028354719 z final 0 6.31482717983372      xy final 3.7776173266636817 xz final 2.5734760187775563 yz final -3.4223009216009994 units box
Changing box ...
  triclinic box = (0 0 0) to (2.5438897 8.4967289 6.3155645) with tilt (3.7970862 2.5456542 -3.4271496)
  triclinic box = (0 0 0) to (2.5438897 8.496165 6.3155645) with tilt (3.7970862 2.5456542 -3.4271496)
  triclinic box = (0 0 0) to (2.5438897 8.496165 6.3148272) with tilt (3.7970862 2.5456542 -3.4271496)
  triclinic box = (0 0 0) to (2.5438897 8.496165 6.3148272) with tilt (3.7776173 2.5456542 -3.4271496)
  triclinic box = (0 0 0) to (2.5438897 8.496165 6.3148272) with tilt (3.7776173 2.573476 -3.4271496)
  triclinic box = (0 0 0) to (2.5438897 8.496165 6.3148272) with tilt (3.7776173 2.573476 -3.4223009)
echo none
run 0
Per MPI rank memory allocation (min/avg/max) = 4.345 | 4.345 | 4.345 Mbytes
    PotEng          Pxx           E_mol          E_coul    
-77.037018     -16.278928      0              0            
Loop time of 1.529e-06 on 1 procs for 0 steps with 18 atoms

981.0% CPU use with 1 MPI tasks x 1 OpenMP threads

MPI task timing breakdown:
Section |  min time  |  avg time  |  max time  |%varavg| %total
---------------------------------------------------------------
Pair    | 0          | 0          | 0          |   0.0 |  0.00
Neigh   | 0          | 0          | 0          |   0.0 |  0.00
Comm    | 0          | 0          | 0          |   0.0 |  0.00
Output  | 0          | 0          | 0          |   0.0 |  0.00
Modify  | 0          | 0          | 0          |   0.0 |  0.00
Other   |            | 1.529e-06  |            |       |100.00

Nlocal:             18 ave          18 max          18 min
Histogram: 1 0 0 0 0 0 0 0 0 0
Nghost:           4910 ave        4910 max        4910 min
Histogram: 1 0 0 0 0 0 0 0 0 0
Neighs:              0 ave           0 max           0 min
Histogram: 1 0 0 0 0 0 0 0 0 0
FullNghs:        17946 ave       17946 max       17946 min
Histogram: 1 0 0 0 0 0 0 0 0 0

Total # of neighbors = 17946
Ave neighs/atom = 997
Neighbor list builds = 0
Dangerous builds = 0
set atom * x 0.0 y 0.0 z 0.0
Setting atom values ...
  18 settings made for x
  18 settings made for y
  18 settings made for z
change_box all     x final 0 2.543889674201062 y final 0 8.496165028354715 z final 0 6.314827179833723      xy final 3.777617326663678 xz final 2.573476018777557 yz final -3.4223009216009967 units box
Changing box ...
  triclinic box = (0 0 0) to (2.5438897 8.496165 6.3148272) with tilt (3.7776173 2.573476 -3.4223009)
  triclinic box = (0 0 0) to (2.5438897 8.496165 6.3148272) with tilt (3.7776173 2.573476 -3.4223009)
  triclinic box = (0 0 0) to (2.5438897 8.496165 6.3148272) with tilt (3.7776173 2.573476 -3.4223009)
  triclinic box = (0 0 0) to (2.5438897 8.496165 6.3148272) with tilt (3.7776173 2.573476 -3.4223009)
  triclinic box = (0 0 0) to (2.5438897 8.496165 6.3148272) with tilt (3.7776173 2.573476 -3.4223009)
  triclinic box = (0 0 0) to (2.5438897 8.496165 6.3148272) with tilt (3.7776173 2.573476 -3.4223009)
echo none
run 0
Per MPI rank memory allocation (min/avg/max) = 4.345 | 4.345 | 4.345 Mbytes
    PotEng          Pxx           E_mol          E_coul    
-77.037018     -16.278928      0              0            
Loop time of 1.368e-06 on 1 procs for 0 steps with 18 atoms

511.7% CPU use with 1 MPI tasks x 1 OpenMP threads

MPI task timing breakdown:
Section |  min time  |  avg time  |  max time  |%varavg| %total
---------------------------------------------------------------
Pair    | 0          | 0          | 0          |   0.0 |  0.00
Neigh   | 0          | 0          | 0          |   0.0 |  0.00
Comm    | 0          | 0          | 0          |   0.0 |  0.00
Output  | 0          | 0          | 0          |   0.0 |  0.00
Modify  | 0          | 0          | 0          |   0.0 |  0.00
Other   |            | 1.368e-06  |            |       |100.00

Nlocal:             18 ave          18 max          18 min
Histogram: 1 0 0 0 0 0 0 0 0 0
Nghost:           4910 ave        4910 max        4910 min
Histogram: 1 0 0 0 0 0 0 0 0 0
Neighs:              0 ave           0 max           0 min
Histogram: 1 0 0 0 0 0 0 0 0 0
FullNghs:        17946 ave       17946 max       17946 min
Histogram: 1 0 0 0 0 0 0 0 0 0

Total # of neighbors = 17946
Ave neighs/atom = 997
Neighbor list builds = 0
Dangerous builds = 0
set atom * x 0.0 y 0.0 z 0.0
Setting atom values ...
  18 settings made for x
  18 settings made for y
  18 settings made for z
change_box all     x final 0 2.5437113832305807 y final 0 8.495767148240633 z final 0 6.312910756411711      xy final 3.7647518541336193 xz final 2.5917055441118606 yz final -3.4206102106223737 units box
Changing box ...
  triclinic box = (0 0 0) to (2.5437114 8.496165 6.3148272) with tilt (3.7776173 2.573476 -3.4223009)
  triclinic box = (0 0 0) to (2.5437114 8.4957671 6.3148272) with tilt (3.7776173 2.573476 -3.4223009)
  triclinic box = (0 0 0) to (2.5437114 8.4957671 6.3129108) with tilt (3.7776173 2.573476 -3.4223009)
  triclinic box = (0 0 0) to (2.5437114 8.4957671 6.3129108) with tilt (3.7647519 2.573476 -3.4223009)
  triclinic box = (0 0 0) to (2.5437114 8.4957671 6.3129108) with tilt (3.7647519 2.5917055 -3.4223009)
  triclinic box = (0 0 0) to (2.5437114 8.4957671 6.3129108) with tilt (3.7647519 2.5917055 -3.4206102)
echo none
run 0
Per MPI rank memory allocation (min/avg/max) = 4.345 | 4.345 | 4.345 Mbytes
    PotEng          Pxx           E_mol          E_coul    
-77.037183      125.44408      0              0            
Loop time of 1.109e-06 on 1 procs for 0 steps with 18 atoms

1082.1% CPU use with 1 MPI tasks x 1 OpenMP threads

MPI task timing breakdown:
Section |  min time  |  avg time  |  max time  |%varavg| %total
---------------------------------------------------------------
Pair    | 0          | 0          | 0          |   0.0 |  0.00
Neigh   | 0          | 0          | 0          |   0.0 |  0.00
Comm    | 0          | 0          | 0          |   0.0 |  0.00
Output  | 0          | 0          | 0          |   0.0 |  0.00
Modify  | 0          | 0          | 0          |   0.0 |  0.00
Other   |            | 1.109e-06  |            |       |100.00

Nlocal:             18 ave          18 max          18 min
Histogram: 1 0 0 0 0 0 0 0 0 0
Nghost:           4930 ave        4930 max        4930 min
Histogram: 1 0 0 0 0 0 0 0 0 0
Neighs:              0 ave           0 max           0 min
Histogram: 1 0 0 0 0 0 0 0 0 0
FullNghs:        17962 ave       17962 max       17962 min
Histogram: 1 0 0 0 0 0 0 0 0 0

Total # of neighbors = 17962
Ave neighs/atom = 997.88889
Neighbor list builds = 0
Dangerous builds = 0
set atom * x 0.0 y 0.0 z 0.0
Setting atom values ...
  18 settings made for x
  18 settings made for y
  18 settings made for z
change_box all     x final 0 2.543543428403902 y final 0 8.495370808516638 z final 0 6.311032736109916      xy final 3.752209112152708 xz final 2.6094864808283775 yz final -3.418942883951939 units box
Changing box ...
  triclinic box = (0 0 0) to (2.5435434 8.4957671 6.3129108) with tilt (3.7647519 2.5917055 -3.4206102)
  triclinic box = (0 0 0) to (2.5435434 8.4953708 6.3129108) with tilt (3.7647519 2.5917055 -3.4206102)
  triclinic box = (0 0 0) to (2.5435434 8.4953708 6.3110327) with tilt (3.7647519 2.5917055 -3.4206102)
  triclinic box = (0 0 0) to (2.5435434 8.4953708 6.3110327) with tilt (3.7522091 2.5917055 -3.4206102)
  triclinic box = (0 0 0) to (2.5435434 8.4953708 6.3110327) with tilt (3.7522091 2.6094865 -3.4206102)
  triclinic box = (0 0 0) to (2.5435434 8.4953708 6.3110327) with tilt (3.7522091 2.6094865 -3.4189429)
echo none
run 0
Per MPI rank memory allocation (min/avg/max) = 4.345 | 4.345 | 4.345 Mbytes
    PotEng          Pxx           E_mol          E_coul    
-77.037233      257.62127      0              0            
Loop time of 9.23e-07 on 1 procs for 0 steps with 18 atoms

325.0% CPU use with 1 MPI tasks x 1 OpenMP threads

MPI task timing breakdown:
Section |  min time  |  avg time  |  max time  |%varavg| %total
---------------------------------------------------------------
Pair    | 0          | 0          | 0          |   0.0 |  0.00
Neigh   | 0          | 0          | 0          |   0.0 |  0.00
Comm    | 0          | 0          | 0          |   0.0 |  0.00
Output  | 0          | 0          | 0          |   0.0 |  0.00
Modify  | 0          | 0          | 0          |   0.0 |  0.00
Other   |            | 9.23e-07   |            |       |100.00

Nlocal:             18 ave          18 max          18 min
Histogram: 1 0 0 0 0 0 0 0 0 0
Nghost:           4930 ave        4930 max        4930 min
Histogram: 1 0 0 0 0 0 0 0 0 0
Neighs:              0 ave           0 max           0 min
Histogram: 1 0 0 0 0 0 0 0 0 0
FullNghs:        17988 ave       17988 max       17988 min
Histogram: 1 0 0 0 0 0 0 0 0 0

Total # of neighbors = 17988
Ave neighs/atom = 999.33333
Neighbor list builds = 0
Dangerous builds = 0
set atom * x 0.0 y 0.0 z 0.0
Setting atom values ...
  18 settings made for x
  18 settings made for y
  18 settings made for z
change_box all     x final 0 2.5435434284039022 y final 0 8.495370808516638 z final 0 6.31103273610992      xy final 3.7522091121527112 xz final 2.6094864808283806 yz final -3.418942883951939 units box
Changing box ...
  triclinic box = (0 0 0) to (2.5435434 8.4953708 6.3110327) with tilt (3.7522091 2.6094865 -3.4189429)
  triclinic box = (0 0 0) to (2.5435434 8.4953708 6.3110327) with tilt (3.7522091 2.6094865 -3.4189429)
  triclinic box = (0 0 0) to (2.5435434 8.4953708 6.3110327) with tilt (3.7522091 2.6094865 -3.4189429)
  triclinic box = (0 0 0) to (2.5435434 8.4953708 6.3110327) with tilt (3.7522091 2.6094865 -3.4189429)
  triclinic box = (0 0 0) to (2.5435434 8.4953708 6.3110327) with tilt (3.7522091 2.6094865 -3.4189429)
  triclinic box = (0 0 0) to (2.5435434 8.4953708 6.3110327) with tilt (3.7522091 2.6094865 -3.4189429)
echo none
run 0
Per MPI rank memory allocation (min/avg/max) = 4.345 | 4.345 | 4.345 Mbytes
    PotEng          Pxx           E_mol          E_coul    
-77.037233      257.62127      0              0            
Loop time of 1.375e-06 on 1 procs for 0 steps with 18 atoms

654.5% CPU use with 1 MPI tasks x 1 OpenMP threads

MPI task timing breakdown:
Section |  min time  |  avg time  |  max time  |%varavg| %total
---------------------------------------------------------------
Pair    | 0          | 0          | 0          |   0.0 |  0.00
Neigh   | 0          | 0          | 0          |   0.0 |  0.00
Comm    | 0          | 0          | 0          |   0.0 |  0.00
Output  | 0          | 0          | 0          |   0.0 |  0.00
Modify  | 0          | 0          | 0          |   0.0 |  0.00
Other   |            | 1.375e-06  |            |       |100.00

Nlocal:             18 ave          18 max          18 min
Histogram: 1 0 0 0 0 0 0 0 0 0
Nghost:           4930 ave        4930 max        4930 min
Histogram: 1 0 0 0 0 0 0 0 0 0
Neighs:              0 ave           0 max           0 min
Histogram: 1 0 0 0 0 0 0 0 0 0
FullNghs:        17988 ave       17988 max       17988 min
Histogram: 1 0 0 0 0 0 0 0 0 0

Total # of neighbors = 17988
Ave neighs/atom = 999.33333
Neighbor list builds = 0
Dangerous builds = 0
set atom * x 0.0 y 0.0 z 0.0
Setting atom values ...
  18 settings made for x
  18 settings made for y
  18 settings made for z
change_box all     x final 0 2.5435885157832323 y final 0 8.495161929051974 z final 0 6.310901643275573      xy final 3.764850041519241 xz final 2.597212282835498 yz final -3.4198158893277797 units box
Changing box ...
  triclinic box = (0 0 0) to (2.5435885 8.4953708 6.3110327) with tilt (3.7522091 2.6094865 -3.4189429)
  triclinic box = (0 0 0) to (2.5435885 8.4951619 6.3110327) with tilt (3.7522091 2.6094865 -3.4189429)
  triclinic box = (0 0 0) to (2.5435885 8.4951619 6.3109016) with tilt (3.7522091 2.6094865 -3.4189429)
  triclinic box = (0 0 0) to (2.5435885 8.4951619 6.3109016) with tilt (3.76485 2.6094865 -3.4189429)
  triclinic box = (0 0 0) to (2.5435885 8.4951619 6.3109016) with tilt (3.76485 2.5972123 -3.4189429)
  triclinic box = (0 0 0) to (2.5435885 8.4951619 6.3109016) with tilt (3.76485 2.5972123 -3.4198159)
echo none
run 0
Per MPI rank memory allocation (min/avg/max) = 4.345 | 4.345 | 4.345 Mbytes
    PotEng          Pxx           E_mol          E_coul    
-77.037373      187.01382      0              0            
Loop time of 8.86e-07 on 1 procs for 0 steps with 18 atoms

225.7% CPU use with 1 MPI tasks x 1 OpenMP threads

MPI task timing breakdown:
Section |  min time  |  avg time  |  max time  |%varavg| %total
---------------------------------------------------------------
Pair    | 0          | 0          | 0          |   0.0 |  0.00
Neigh   | 0          | 0          | 0          |   0.0 |  0.00
Comm    | 0          | 0          | 0          |   0.0 |  0.00
Output  | 0          | 0          | 0          |   0.0 |  0.00
Modify  | 0          | 0          | 0          |   0.0 |  0.00
Other   |            | 8.86e-07   |            |       |100.00

Nlocal:             18 ave          18 max          18 min
Histogram: 1 0 0 0 0 0 0 0 0 0
Nghost:           4930 ave        4930 max        4930 min
Histogram: 1 0 0 0 0 0 0 0 0 0
Neighs:              0 ave           0 max           0 min
Histogram: 1 0 0 0 0 0 0 0 0 0
FullNghs:        17980 ave       17980 max       17980 min
Histogram: 1 0 0 0 0 0 0 0 0 0

Total # of neighbors = 17980
Ave neighs/atom = 998.88889
Neighbor list builds = 0
Dangerous builds = 0
set atom * x 0.0 y 0.0 z 0.0
Setting atom values ...
  18 settings made for x
  18 settings made for y
  18 settings made for z
change_box all     x final 0 2.5438026402177876 y final 0 8.494250875343209 z final 0 6.310349686983739      xy final 3.8154551625873374 xz final 2.548128127728351 yz final -3.4231975194097934 units box
Changing box ...
  triclinic box = (0 0 0) to (2.5438026 8.4951619 6.3109016) with tilt (3.76485 2.5972123 -3.4198159)
  triclinic box = (0 0 0) to (2.5438026 8.4942509 6.3109016) with tilt (3.76485 2.5972123 -3.4198159)
  triclinic box = (0 0 0) to (2.5438026 8.4942509 6.3103497) with tilt (3.76485 2.5972123 -3.4198159)
  triclinic box = (0 0 0) to (2.5438026 8.4942509 6.3103497) with tilt (3.8154552 2.5972123 -3.4198159)
  triclinic box = (0 0 0) to (2.5438026 8.4942509 6.3103497) with tilt (3.8154552 2.5481281 -3.4198159)
  triclinic box = (0 0 0) to (2.5438026 8.4942509 6.3103497) with tilt (3.8154552 2.5481281 -3.4231975)
echo none
run 0
Per MPI rank memory allocation (min/avg/max) = 4.345 | 4.345 | 4.345 Mbytes
    PotEng          Pxx           E_mol          E_coul    
-77.037644     -138.77617      0              0            
Loop time of 1.588e-06 on 1 procs for 0 steps with 18 atoms

755.7% CPU use with 1 MPI tasks x 1 OpenMP threads

MPI task timing breakdown:
Section |  min time  |  avg time  |  max time  |%varavg| %total
---------------------------------------------------------------
Pair    | 0          | 0          | 0          |   0.0 |  0.00
Neigh   | 0          | 0          | 0          |   0.0 |  0.00
Comm    | 0          | 0          | 0          |   0.0 |  0.00
Output  | 0          | 0          | 0          |   0.0 |  0.00
Modify  | 0          | 0          | 0          |   0.0 |  0.00
Other   |            | 1.588e-06  |            |       |100.00

Nlocal:             18 ave          18 max          18 min
Histogram: 1 0 0 0 0 0 0 0 0 0
Nghost:           4930 ave        4930 max        4930 min
Histogram: 1 0 0 0 0 0 0 0 0 0
Neighs:              0 ave           0 max           0 min
Histogram: 1 0 0 0 0 0 0 0 0 0
FullNghs:        17968 ave       17968 max       17968 min
Histogram: 1 0 0 0 0 0 0 0 0 0

Total # of neighbors = 17968
Ave neighs/atom = 998.22222
Neighbor list builds = 0
Dangerous builds = 0
set atom * x 0.0 y 0.0 z 0.0
Setting atom values ...
  18 settings made for x
  18 settings made for y
  18 settings made for z
change_box all     x final 0 2.5438026402177867 y final 0 8.494250875343205 z final 0 6.310349686983738      xy final 3.8154551625873347 xz final 2.5481281277283507 yz final -3.4231975194097943 units box
Changing box ...
  triclinic box = (0 0 0) to (2.5438026 8.4942509 6.3103497) with tilt (3.8154552 2.5481281 -3.4231975)
  triclinic box = (0 0 0) to (2.5438026 8.4942509 6.3103497) with tilt (3.8154552 2.5481281 -3.4231975)
  triclinic box = (0 0 0) to (2.5438026 8.4942509 6.3103497) with tilt (3.8154552 2.5481281 -3.4231975)
  triclinic box = (0 0 0) to (2.5438026 8.4942509 6.3103497) with tilt (3.8154552 2.5481281 -3.4231975)
  triclinic box = (0 0 0) to (2.5438026 8.4942509 6.3103497) with tilt (3.8154552 2.5481281 -3.4231975)
  triclinic box = (0 0 0) to (2.5438026 8.4942509 6.3103497) with tilt (3.8154552 2.5481281 -3.4231975)
echo none
run 0
Per MPI rank memory allocation (min/avg/max) = 4.345 | 4.345 | 4.345 Mbytes
    PotEng          Pxx           E_mol          E_coul    
-77.037644     -138.77617      0              0            
Loop time of 1.183e-06 on 1 procs for 0 steps with 18 atoms

169.1% CPU use with 1 MPI tasks x 1 OpenMP threads

MPI task timing breakdown:
Section |  min time  |  avg time  |  max time  |%varavg| %total
---------------------------------------------------------------
Pair    | 0          | 0          | 0          |   0.0 |  0.00
Neigh   | 0          | 0          | 0          |   0.0 |  0.00
Comm    | 0          | 0          | 0          |   0.0 |  0.00
Output  | 0          | 0          | 0          |   0.0 |  0.00
Modify  | 0          | 0          | 0          |   0.0 |  0.00
Other   |            | 1.183e-06  |            |       |100.00

Nlocal:             18 ave          18 max          18 min
Histogram: 1 0 0 0 0 0 0 0 0 0
Nghost:           4930 ave        4930 max        4930 min
Histogram: 1 0 0 0 0 0 0 0 0 0
Neighs:              0 ave           0 max           0 min
Histogram: 1 0 0 0 0 0 0 0 0 0
FullNghs:        17968 ave       17968 max       17968 min
Histogram: 1 0 0 0 0 0 0 0 0 0

Total # of neighbors = 17968
Ave neighs/atom = 998.22222
Neighbor list builds = 0
Dangerous builds = 0
set atom * x 0.0 y 0.0 z 0.0
Setting atom values ...
  18 settings made for x
  18 settings made for y
  18 settings made for z
change_box all     x final 0 2.5436260720685913 y final 0 8.493570265232457 z final 0 6.310313204673182      xy final 3.8159103787067323 xz final 2.546906980440153 yz final -3.412154063162996 units box
Changing box ...
  triclinic box = (0 0 0) to (2.5436261 8.4942509 6.3103497) with tilt (3.8154552 2.5481281 -3.4231975)
  triclinic box = (0 0 0) to (2.5436261 8.4935703 6.3103497) with tilt (3.8154552 2.5481281 -3.4231975)
  triclinic box = (0 0 0) to (2.5436261 8.4935703 6.3103132) with tilt (3.8154552 2.5481281 -3.4231975)
  triclinic box = (0 0 0) to (2.5436261 8.4935703 6.3103132) with tilt (3.8159104 2.5481281 -3.4231975)
  triclinic box = (0 0 0) to (2.5436261 8.4935703 6.3103132) with tilt (3.8159104 2.546907 -3.4231975)
  triclinic box = (0 0 0) to (2.5436261 8.4935703 6.3103132) with tilt (3.8159104 2.546907 -3.4121541)
echo none
run 0
Per MPI rank memory allocation (min/avg/max) = 4.345 | 4.345 | 4.345 Mbytes
    PotEng          Pxx           E_mol          E_coul    
-77.037802      42.570125      0              0            
Loop time of 1.178e-06 on 1 procs for 0 steps with 18 atoms

339.6% CPU use with 1 MPI tasks x 1 OpenMP threads

MPI task timing breakdown:
Section |  min time  |  avg time  |  max time  |%varavg| %total
---------------------------------------------------------------
Pair    | 0          | 0          | 0          |   0.0 |  0.00
Neigh   | 0          | 0          | 0          |   0.0 |  0.00
Comm    | 0          | 0          | 0          |   0.0 |  0.00
Output  | 0          | 0          | 0          |   0.0 |  0.00
Modify  | 0          | 0          | 0          |   0.0 |  0.00
Other   |            | 1.178e-06  |            |       |100.00

Nlocal:             18 ave          18 max          18 min
Histogram: 1 0 0 0 0 0 0 0 0 0
Nghost:           4930 ave        4930 max        4930 min
Histogram: 1 0 0 0 0 0 0 0 0 0
Neighs:              0 ave           0 max           0 min
Histogram: 1 0 0 0 0 0 0 0 0 0
FullNghs:        17958 ave       17958 max       17958 min
Histogram: 1 0 0 0 0 0 0 0 0 0

Total # of neighbors = 17958
Ave neighs/atom = 997.66667
Neighbor list builds = 0
Dangerous builds = 0
set atom * x 0.0 y 0.0 z 0.0
Setting atom values ...
  18 settings made for x
  18 settings made for y
  18 settings made for z
change_box all     x final 0 2.5429200444496556 y final 0 8.490955647280614 z final 0 6.310087249263642      xy final 3.8177100819978746 xz final 2.5420262447180297 yz final -3.3680266012659574 units box
Changing box ...
  triclinic box = (0 0 0) to (2.54292 8.4935703 6.3103132) with tilt (3.8159104 2.546907 -3.4121541)
  triclinic box = (0 0 0) to (2.54292 8.4909556 6.3103132) with tilt (3.8159104 2.546907 -3.4121541)
  triclinic box = (0 0 0) to (2.54292 8.4909556 6.3100872) with tilt (3.8159104 2.546907 -3.4121541)
  triclinic box = (0 0 0) to (2.54292 8.4909556 6.3100872) with tilt (3.8177101 2.546907 -3.4121541)
  triclinic box = (0 0 0) to (2.54292 8.4909556 6.3100872) with tilt (3.8177101 2.5420262 -3.4121541)
  triclinic box = (0 0 0) to (2.54292 8.4909556 6.3100872) with tilt (3.8177101 2.5420262 -3.3680266)
echo none
run 0
Per MPI rank memory allocation (min/avg/max) = 4.345 | 4.345 | 4.345 Mbytes
    PotEng          Pxx           E_mol          E_coul    
-77.037494      722.54778      0              0            
Loop time of 1.56e-06 on 1 procs for 0 steps with 18 atoms

705.1% CPU use with 1 MPI tasks x 1 OpenMP threads

MPI task timing breakdown:
Section |  min time  |  avg time  |  max time  |%varavg| %total
---------------------------------------------------------------
Pair    | 0          | 0          | 0          |   0.0 |  0.00
Neigh   | 0          | 0          | 0          |   0.0 |  0.00
Comm    | 0          | 0          | 0          |   0.0 |  0.00
Output  | 0          | 0          | 0          |   0.0 |  0.00
Modify  | 0          | 0          | 0          |   0.0 |  0.00
Other   |            | 1.56e-06   |            |       |100.00

Nlocal:             18 ave          18 max          18 min
Histogram: 1 0 0 0 0 0 0 0 0 0
Nghost:           4930 ave        4930 max        4930 min
Histogram: 1 0 0 0 0 0 0 0 0 0
Neighs:              0 ave           0 max           0 min
Histogram: 1 0 0 0 0 0 0 0 0 0
FullNghs:        17960 ave       17960 max       17960 min
Histogram: 1 0 0 0 0 0 0 0 0 0

Total # of neighbors = 17960
Ave neighs/atom = 997.77778
Neighbor list builds = 0
Dangerous builds = 0
set atom * x 0.0 y 0.0 z 0.0
Setting atom values ...
  18 settings made for x
  18 settings made for y
  18 settings made for z
change_box all     x final 0 2.543407664967756 y final 0 8.49274317202626 z final 0 6.31025699779551      xy final 3.816470622686366 xz final 2.5453967768742722 yz final -3.39849807826961 units box
Changing box ...
  triclinic box = (0 0 0) to (2.5434077 8.4909556 6.3100872) with tilt (3.8177101 2.5420262 -3.3680266)
  triclinic box = (0 0 0) to (2.5434077 8.4927432 6.3100872) with tilt (3.8177101 2.5420262 -3.3680266)
  triclinic box = (0 0 0) to (2.5434077 8.4927432 6.310257) with tilt (3.8177101 2.5420262 -3.3680266)
  triclinic box = (0 0 0) to (2.5434077 8.4927432 6.310257) with tilt (3.8164706 2.5420262 -3.3680266)
  triclinic box = (0 0 0) to (2.5434077 8.4927432 6.310257) with tilt (3.8164706 2.5453968 -3.3680266)
  triclinic box = (0 0 0) to (2.5434077 8.4927432 6.310257) with tilt (3.8164706 2.5453968 -3.3984981)
echo none
run 0
Per MPI rank memory allocation (min/avg/max) = 4.345 | 4.345 | 4.345 Mbytes
    PotEng          Pxx           E_mol          E_coul    
-77.037876      260.59355      0              0            
Loop time of 1.602e-06 on 1 procs for 0 steps with 18 atoms

124.8% CPU use with 1 MPI tasks x 1 OpenMP threads

MPI task timing breakdown:
Section |  min time  |  avg time  |  max time  |%varavg| %total
---------------------------------------------------------------
Pair    | 0          | 0          | 0          |   0.0 |  0.00
Neigh   | 0          | 0          | 0          |   0.0 |  0.00
Comm    | 0          | 0          | 0          |   0.0 |  0.00
Output  | 0          | 0          | 0          |   0.0 |  0.00
Modify  | 0          | 0          | 0          |   0.0 |  0.00
Other   |            | 1.602e-06  |            |       |100.00

Nlocal:             18 ave          18 max          18 min
Histogram: 1 0 0 0 0 0 0 0 0 0
Nghost:           4930 ave        4930 max        4930 min
Histogram: 1 0 0 0 0 0 0 0 0 0
Neighs:              0 ave           0 max           0 min
Histogram: 1 0 0 0 0 0 0 0 0 0
FullNghs:        17956 ave       17956 max       17956 min
Histogram: 1 0 0 0 0 0 0 0 0 0

Total # of neighbors = 17956
Ave neighs/atom = 997.55556
Neighbor list builds = 0
Dangerous builds = 0
set atom * x 0.0 y 0.0 z 0.0
Setting atom values ...
  18 settings made for x
  18 settings made for y
  18 settings made for z
change_box all     x final 0 2.5434076649677557 y final 0 8.492743172026259 z final 0 6.3102569977955065      xy final 3.816470622686365 xz final 2.5453967768742722 yz final -3.398498078269617 units box
Changing box ...
  triclinic box = (0 0 0) to (2.5434077 8.4927432 6.310257) with tilt (3.8164706 2.5453968 -3.3984981)
  triclinic box = (0 0 0) to (2.5434077 8.4927432 6.310257) with tilt (3.8164706 2.5453968 -3.3984981)
  triclinic box = (0 0 0) to (2.5434077 8.4927432 6.310257) with tilt (3.8164706 2.5453968 -3.3984981)
  triclinic box = (0 0 0) to (2.5434077 8.4927432 6.310257) with tilt (3.8164706 2.5453968 -3.3984981)
  triclinic box = (0 0 0) to (2.5434077 8.4927432 6.310257) with tilt (3.8164706 2.5453968 -3.3984981)
  triclinic box = (0 0 0) to (2.5434077 8.4927432 6.310257) with tilt (3.8164706 2.5453968 -3.3984981)
echo none
run 0
Per MPI rank memory allocation (min/avg/max) = 4.345 | 4.345 | 4.345 Mbytes
    PotEng          Pxx           E_mol          E_coul    
-77.037876      260.59355      0              0            
Loop time of 1.665e-06 on 1 procs for 0 steps with 18 atoms

540.5% CPU use with 1 MPI tasks x 1 OpenMP threads

MPI task timing breakdown:
Section |  min time  |  avg time  |  max time  |%varavg| %total
---------------------------------------------------------------
Pair    | 0          | 0          | 0          |   0.0 |  0.00
Neigh   | 0          | 0          | 0          |   0.0 |  0.00
Comm    | 0          | 0          | 0          |   0.0 |  0.00
Output  | 0          | 0          | 0          |   0.0 |  0.00
Modify  | 0          | 0          | 0          |   0.0 |  0.00
Other   |            | 1.665e-06  |            |       |100.00

Nlocal:             18 ave          18 max          18 min
Histogram: 1 0 0 0 0 0 0 0 0 0
Nghost:           4930 ave        4930 max        4930 min
Histogram: 1 0 0 0 0 0 0 0 0 0
Neighs:              0 ave           0 max           0 min
Histogram: 1 0 0 0 0 0 0 0 0 0
FullNghs:        17956 ave       17956 max       17956 min
Histogram: 1 0 0 0 0 0 0 0 0 0

Total # of neighbors = 17956
Ave neighs/atom = 997.55556
Neighbor list builds = 0
Dangerous builds = 0
set atom * x 0.0 y 0.0 z 0.0
Setting atom values ...
  18 settings made for x
  18 settings made for y
  18 settings made for z
change_box all     x final 0 2.5434701489987614 y final 0 8.488402429299867 z final 0 6.31231124337997      xy final 3.815124439316437 xz final 2.5493112221794187 yz final -3.3917163767401375 units box
Changing box ...
  triclinic box = (0 0 0) to (2.5434701 8.4927432 6.310257) with tilt (3.8164706 2.5453968 -3.3984981)
  triclinic box = (0 0 0) to (2.5434701 8.4884024 6.310257) with tilt (3.8164706 2.5453968 -3.3984981)
  triclinic box = (0 0 0) to (2.5434701 8.4884024 6.3123112) with tilt (3.8164706 2.5453968 -3.3984981)
  triclinic box = (0 0 0) to (2.5434701 8.4884024 6.3123112) with tilt (3.8151244 2.5453968 -3.3984981)
  triclinic box = (0 0 0) to (2.5434701 8.4884024 6.3123112) with tilt (3.8151244 2.5493112 -3.3984981)
  triclinic box = (0 0 0) to (2.5434701 8.4884024 6.3123112) with tilt (3.8151244 2.5493112 -3.3917164)
echo none
run 0
Per MPI rank memory allocation (min/avg/max) = 4.345 | 4.345 | 4.345 Mbytes
    PotEng          Pxx           E_mol          E_coul    
-77.037969      191.36418      0              0            
Loop time of 1.753e-06 on 1 procs for 0 steps with 18 atoms

741.6% CPU use with 1 MPI tasks x 1 OpenMP threads

MPI task timing breakdown:
Section |  min time  |  avg time  |  max time  |%varavg| %total
---------------------------------------------------------------
Pair    | 0          | 0          | 0          |   0.0 |  0.00
Neigh   | 0          | 0          | 0          |   0.0 |  0.00
Comm    | 0          | 0          | 0          |   0.0 |  0.00
Output  | 0          | 0          | 0          |   0.0 |  0.00
Modify  | 0          | 0          | 0          |   0.0 |  0.00
Other   |            | 1.753e-06  |            |       |100.00

Nlocal:             18 ave          18 max          18 min
Histogram: 1 0 0 0 0 0 0 0 0 0
Nghost:           4930 ave        4930 max        4930 min
Histogram: 1 0 0 0 0 0 0 0 0 0
Neighs:              0 ave           0 max           0 min
Histogram: 1 0 0 0 0 0 0 0 0 0
FullNghs:        17962 ave       17962 max       17962 min
Histogram: 1 0 0 0 0 0 0 0 0 0

Total # of neighbors = 17962
Ave neighs/atom = 997.88889
Neighbor list builds = 0
Dangerous builds = 0
set atom * x 0.0 y 0.0 z 0.0
Setting atom values ...
  18 settings made for x
  18 settings made for y
  18 settings made for z
change_box all     x final 0 2.5434701489987614 y final 0 8.488402429299866 z final 0 6.312311243379967      xy final 3.815124439316436 xz final 2.5493112221794205 yz final -3.3917163767401375 units box
Changing box ...
  triclinic box = (0 0 0) to (2.5434701 8.4884024 6.3123112) with tilt (3.8151244 2.5493112 -3.3917164)
  triclinic box = (0 0 0) to (2.5434701 8.4884024 6.3123112) with tilt (3.8151244 2.5493112 -3.3917164)
  triclinic box = (0 0 0) to (2.5434701 8.4884024 6.3123112) with tilt (3.8151244 2.5493112 -3.3917164)
  triclinic box = (0 0 0) to (2.5434701 8.4884024 6.3123112) with tilt (3.8151244 2.5493112 -3.3917164)
  triclinic box = (0 0 0) to (2.5434701 8.4884024 6.3123112) with tilt (3.8151244 2.5493112 -3.3917164)
  triclinic box = (0 0 0) to (2.5434701 8.4884024 6.3123112) with tilt (3.8151244 2.5493112 -3.3917164)
echo none
run 0
Per MPI rank memory allocation (min/avg/max) = 4.345 | 4.345 | 4.345 Mbytes
    PotEng          Pxx           E_mol          E_coul    
-77.037969      191.36418      0              0            
Loop time of 1.494e-06 on 1 procs for 0 steps with 18 atoms

870.1% CPU use with 1 MPI tasks x 1 OpenMP threads

MPI task timing breakdown:
Section |  min time  |  avg time  |  max time  |%varavg| %total
---------------------------------------------------------------
Pair    | 0          | 0          | 0          |   0.0 |  0.00
Neigh   | 0          | 0          | 0          |   0.0 |  0.00
Comm    | 0          | 0          | 0          |   0.0 |  0.00
Output  | 0          | 0          | 0          |   0.0 |  0.00
Modify  | 0          | 0          | 0          |   0.0 |  0.00
Other   |            | 1.494e-06  |            |       |100.00

Nlocal:             18 ave          18 max          18 min
Histogram: 1 0 0 0 0 0 0 0 0 0
Nghost:           4930 ave        4930 max        4930 min
Histogram: 1 0 0 0 0 0 0 0 0 0
Neighs:              0 ave           0 max           0 min
Histogram: 1 0 0 0 0 0 0 0 0 0
FullNghs:        17962 ave       17962 max       17962 min
Histogram: 1 0 0 0 0 0 0 0 0 0

Total # of neighbors = 17962
Ave neighs/atom = 997.88889
Neighbor list builds = 0
Dangerous builds = 0
set atom * x 0.0 y 0.0 z 0.0
Setting atom values ...
  18 settings made for x
  18 settings made for y
  18 settings made for z
change_box all     x final 0 2.5436055882887256 y final 0 8.48823570764858 z final 0 6.313855712596172      xy final 3.8118214562483708 xz final 2.5461539791755987 yz final -3.390481882730736 units box
Changing box ...
  triclinic box = (0 0 0) to (2.5436056 8.4884024 6.3123112) with tilt (3.8151244 2.5493112 -3.3917164)
  triclinic box = (0 0 0) to (2.5436056 8.4882357 6.3123112) with tilt (3.8151244 2.5493112 -3.3917164)
  triclinic box = (0 0 0) to (2.5436056 8.4882357 6.3138557) with tilt (3.8151244 2.5493112 -3.3917164)
  triclinic box = (0 0 0) to (2.5436056 8.4882357 6.3138557) with tilt (3.8118215 2.5493112 -3.3917164)
  triclinic box = (0 0 0) to (2.5436056 8.4882357 6.3138557) with tilt (3.8118215 2.546154 -3.3917164)
  triclinic box = (0 0 0) to (2.5436056 8.4882357 6.3138557) with tilt (3.8118215 2.546154 -3.3904819)
echo none
run 0
Per MPI rank memory allocation (min/avg/max) = 4.345 | 4.345 | 4.345 Mbytes
    PotEng          Pxx           E_mol          E_coul    
-77.038019      51.892308      0              0            
Loop time of 1.436e-06 on 1 procs for 0 steps with 18 atoms

905.3% CPU use with 1 MPI tasks x 1 OpenMP threads

MPI task timing breakdown:
Section |  min time  |  avg time  |  max time  |%varavg| %total
---------------------------------------------------------------
Pair    | 0          | 0          | 0          |   0.0 |  0.00
Neigh   | 0          | 0          | 0          |   0.0 |  0.00
Comm    | 0          | 0          | 0          |   0.0 |  0.00
Output  | 0          | 0          | 0          |   0.0 |  0.00
Modify  | 0          | 0          | 0          |   0.0 |  0.00
Other   |            | 1.436e-06  |            |       |100.00

Nlocal:             18 ave          18 max          18 min
Histogram: 1 0 0 0 0 0 0 0 0 0
Nghost:           4930 ave        4930 max        4930 min
Histogram: 1 0 0 0 0 0 0 0 0 0
Neighs:              0 ave           0 max           0 min
Histogram: 1 0 0 0 0 0 0 0 0 0
FullNghs:        17940 ave       17940 max       17940 min
Histogram: 1 0 0 0 0 0 0 0 0 0

Total # of neighbors = 17940
Ave neighs/atom = 996.66667
Neighbor list builds = 0
Dangerous builds = 0
set atom * x 0.0 y 0.0 z 0.0
Setting atom values ...
  18 settings made for x
  18 settings made for y
  18 settings made for z
change_box all     x final 0 2.543605588288725 y final 0 8.488235707648576 z final 0 6.313855712596171      xy final 3.8118214562483725 xz final 2.5461539791755996 yz final -3.3904818827307404 units box
Changing box ...
  triclinic box = (0 0 0) to (2.5436056 8.4882357 6.3138557) with tilt (3.8118215 2.546154 -3.3904819)
  triclinic box = (0 0 0) to (2.5436056 8.4882357 6.3138557) with tilt (3.8118215 2.546154 -3.3904819)
  triclinic box = (0 0 0) to (2.5436056 8.4882357 6.3138557) with tilt (3.8118215 2.546154 -3.3904819)
  triclinic box = (0 0 0) to (2.5436056 8.4882357 6.3138557) with tilt (3.8118215 2.546154 -3.3904819)
  triclinic box = (0 0 0) to (2.5436056 8.4882357 6.3138557) with tilt (3.8118215 2.546154 -3.3904819)
  triclinic box = (0 0 0) to (2.5436056 8.4882357 6.3138557) with tilt (3.8118215 2.546154 -3.3904819)
echo none
run 0
Per MPI rank memory allocation (min/avg/max) = 4.345 | 4.345 | 4.345 Mbytes
    PotEng          Pxx           E_mol          E_coul    
-77.038019      51.892308      0              0            
Loop time of 1.373e-06 on 1 procs for 0 steps with 18 atoms

801.2% CPU use with 1 MPI tasks x 1 OpenMP threads

MPI task timing breakdown:
Section |  min time  |  avg time  |  max time  |%varavg| %total
---------------------------------------------------------------
Pair    | 0          | 0          | 0          |   0.0 |  0.00
Neigh   | 0          | 0          | 0          |   0.0 |  0.00
Comm    | 0          | 0          | 0          |   0.0 |  0.00
Output  | 0          | 0          | 0          |   0.0 |  0.00
Modify  | 0          | 0          | 0          |   0.0 |  0.00
Other   |            | 1.373e-06  |            |       |100.00

Nlocal:             18 ave          18 max          18 min
Histogram: 1 0 0 0 0 0 0 0 0 0
Nghost:           4930 ave        4930 max        4930 min
Histogram: 1 0 0 0 0 0 0 0 0 0
Neighs:              0 ave           0 max           0 min
Histogram: 1 0 0 0 0 0 0 0 0 0
FullNghs:        17940 ave       17940 max       17940 min
Histogram: 1 0 0 0 0 0 0 0 0 0

Total # of neighbors = 17940
Ave neighs/atom = 996.66667
Neighbor list builds = 0
Dangerous builds = 0
set atom * x 0.0 y 0.0 z 0.0
Setting atom values ...
  18 settings made for x
  18 settings made for y
  18 settings made for z
change_box all     x final 0 2.5436967844569778 y final 0 8.488683528210617 z final 0 6.313764291833166      xy final 3.8146689759938246 xz final 2.5429916852522294 yz final -3.390928476426118 units box
Changing box ...
  triclinic box = (0 0 0) to (2.5436968 8.4882357 6.3138557) with tilt (3.8118215 2.546154 -3.3904819)
  triclinic box = (0 0 0) to (2.5436968 8.4886835 6.3138557) with tilt (3.8118215 2.546154 -3.3904819)
  triclinic box = (0 0 0) to (2.5436968 8.4886835 6.3137643) with tilt (3.8118215 2.546154 -3.3904819)
  triclinic box = (0 0 0) to (2.5436968 8.4886835 6.3137643) with tilt (3.814669 2.546154 -3.3904819)
  triclinic box = (0 0 0) to (2.5436968 8.4886835 6.3137643) with tilt (3.814669 2.5429917 -3.3904819)
  triclinic box = (0 0 0) to (2.5436968 8.4886835 6.3137643) with tilt (3.814669 2.5429917 -3.3909285)
echo none
run 0
Per MPI rank memory allocation (min/avg/max) = 4.345 | 4.345 | 4.345 Mbytes
    PotEng          Pxx           E_mol          E_coul    
-77.038034     -57.883903      0              0            
Loop time of 1.025e-06 on 1 procs for 0 steps with 18 atoms

292.7% CPU use with 1 MPI tasks x 1 OpenMP threads

MPI task timing breakdown:
Section |  min time  |  avg time  |  max time  |%varavg| %total
---------------------------------------------------------------
Pair    | 0          | 0          | 0          |   0.0 |  0.00
Neigh   | 0          | 0          | 0          |   0.0 |  0.00
Comm    | 0          | 0          | 0          |   0.0 |  0.00
Output  | 0          | 0          | 0          |   0.0 |  0.00
Modify  | 0          | 0          | 0          |   0.0 |  0.00
Other   |            | 1.025e-06  |            |       |100.00

Nlocal:             18 ave          18 max          18 min
Histogram: 1 0 0 0 0 0 0 0 0 0
Nghost:           4930 ave        4930 max        4930 min
Histogram: 1 0 0 0 0 0 0 0 0 0
Neighs:              0 ave           0 max           0 min
Histogram: 1 0 0 0 0 0 0 0 0 0
FullNghs:        17942 ave       17942 max       17942 min
Histogram: 1 0 0 0 0 0 0 0 0 0

Total # of neighbors = 17942
Ave neighs/atom = 996.77778
Neighbor list builds = 0
Dangerous builds = 0
set atom * x 0.0 y 0.0 z 0.0
Setting atom values ...
  18 settings made for x
  18 settings made for y
  18 settings made for z
change_box all     x final 0 2.5436967844569796 y final 0 8.488683528210617 z final 0 6.313764291833166      xy final 3.814668975993824 xz final 2.5429916852522303 yz final -3.390928476426119 units box
Changing box ...
  triclinic box = (0 0 0) to (2.5436968 8.4886835 6.3137643) with tilt (3.814669 2.5429917 -3.3909285)
  triclinic box = (0 0 0) to (2.5436968 8.4886835 6.3137643) with tilt (3.814669 2.5429917 -3.3909285)
  triclinic box = (0 0 0) to (2.5436968 8.4886835 6.3137643) with tilt (3.814669 2.5429917 -3.3909285)
  triclinic box = (0 0 0) to (2.5436968 8.4886835 6.3137643) with tilt (3.814669 2.5429917 -3.3909285)
  triclinic box = (0 0 0) to (2.5436968 8.4886835 6.3137643) with tilt (3.814669 2.5429917 -3.3909285)
  triclinic box = (0 0 0) to (2.5436968 8.4886835 6.3137643) with tilt (3.814669 2.5429917 -3.3909285)
echo none
run 0
Per MPI rank memory allocation (min/avg/max) = 4.345 | 4.345 | 4.345 Mbytes
    PotEng          Pxx           E_mol          E_coul    
-77.038034     -57.883903      0              0            
Loop time of 1.276e-06 on 1 procs for 0 steps with 18 atoms

470.2% CPU use with 1 MPI tasks x 1 OpenMP threads

MPI task timing breakdown:
Section |  min time  |  avg time  |  max time  |%varavg| %total
---------------------------------------------------------------
Pair    | 0          | 0          | 0          |   0.0 |  0.00
Neigh   | 0          | 0          | 0          |   0.0 |  0.00
Comm    | 0          | 0          | 0          |   0.0 |  0.00
Output  | 0          | 0          | 0          |   0.0 |  0.00
Modify  | 0          | 0          | 0          |   0.0 |  0.00
Other   |            | 1.276e-06  |            |       |100.00

Nlocal:             18 ave          18 max          18 min
Histogram: 1 0 0 0 0 0 0 0 0 0
Nghost:           4930 ave        4930 max        4930 min
Histogram: 1 0 0 0 0 0 0 0 0 0
Neighs:              0 ave           0 max           0 min
Histogram: 1 0 0 0 0 0 0 0 0 0
FullNghs:        17942 ave       17942 max       17942 min
Histogram: 1 0 0 0 0 0 0 0 0 0

Total # of neighbors = 17942
Ave neighs/atom = 996.77778
Neighbor list builds = 0
Dangerous builds = 0
set atom * x 0.0 y 0.0 z 0.0
Setting atom values ...
  18 settings made for x
  18 settings made for y
  18 settings made for z
change_box all     x final 0 2.543663540014787 y final 0 8.489227174595879 z final 0 6.31287252848881      xy final 3.8145965165361564 xz final 2.5436867522207196 yz final -3.39087764285435 units box
Changing box ...
  triclinic box = (0 0 0) to (2.5436635 8.4886835 6.3137643) with tilt (3.814669 2.5429917 -3.3909285)
  triclinic box = (0 0 0) to (2.5436635 8.4892272 6.3137643) with tilt (3.814669 2.5429917 -3.3909285)
  triclinic box = (0 0 0) to (2.5436635 8.4892272 6.3128725) with tilt (3.814669 2.5429917 -3.3909285)
  triclinic box = (0 0 0) to (2.5436635 8.4892272 6.3128725) with tilt (3.8145965 2.5429917 -3.3909285)
  triclinic box = (0 0 0) to (2.5436635 8.4892272 6.3128725) with tilt (3.8145965 2.5436868 -3.3909285)
  triclinic box = (0 0 0) to (2.5436635 8.4892272 6.3128725) with tilt (3.8145965 2.5436868 -3.3908776)
echo none
run 0
Per MPI rank memory allocation (min/avg/max) = 4.345 | 4.345 | 4.345 Mbytes
    PotEng          Pxx           E_mol          E_coul    
-77.038038     -14.98669       0              0            
Loop time of 1.486e-06 on 1 procs for 0 steps with 18 atoms

942.1% CPU use with 1 MPI tasks x 1 OpenMP threads

MPI task timing breakdown:
Section |  min time  |  avg time  |  max time  |%varavg| %total
---------------------------------------------------------------
Pair    | 0          | 0          | 0          |   0.0 |  0.00
Neigh   | 0          | 0          | 0          |   0.0 |  0.00
Comm    | 0          | 0          | 0          |   0.0 |  0.00
Output  | 0          | 0          | 0          |   0.0 |  0.00
Modify  | 0          | 0          | 0          |   0.0 |  0.00
Other   |            | 1.486e-06  |            |       |100.00

Nlocal:             18 ave          18 max          18 min
Histogram: 1 0 0 0 0 0 0 0 0 0
Nghost:           4930 ave        4930 max        4930 min
Histogram: 1 0 0 0 0 0 0 0 0 0
Neighs:              0 ave           0 max           0 min
Histogram: 1 0 0 0 0 0 0 0 0 0
FullNghs:        17948 ave       17948 max       17948 min
Histogram: 1 0 0 0 0 0 0 0 0 0

Total # of neighbors = 17948
Ave neighs/atom = 997.11111
Neighbor list builds = 0
Dangerous builds = 0
set atom * x 0.0 y 0.0 z 0.0
Setting atom values ...
  18 settings made for x
  18 settings made for y
  18 settings made for z
change_box all     x final 0 2.543663540014786 y final 0 8.489227174595879 z final 0 6.312872528488807      xy final 3.8145965165361497 xz final 2.543686752220714 yz final -3.3908776428543512 units box
Changing box ...
  triclinic box = (0 0 0) to (2.5436635 8.4892272 6.3128725) with tilt (3.8145965 2.5436868 -3.3908776)
  triclinic box = (0 0 0) to (2.5436635 8.4892272 6.3128725) with tilt (3.8145965 2.5436868 -3.3908776)
  triclinic box = (0 0 0) to (2.5436635 8.4892272 6.3128725) with tilt (3.8145965 2.5436868 -3.3908776)
  triclinic box = (0 0 0) to (2.5436635 8.4892272 6.3128725) with tilt (3.8145965 2.5436868 -3.3908776)
  triclinic box = (0 0 0) to (2.5436635 8.4892272 6.3128725) with tilt (3.8145965 2.5436868 -3.3908776)
  triclinic box = (0 0 0) to (2.5436635 8.4892272 6.3128725) with tilt (3.8145965 2.5436868 -3.3908776)
echo none
run 0
Per MPI rank memory allocation (min/avg/max) = 4.345 | 4.345 | 4.345 Mbytes
    PotEng          Pxx           E_mol          E_coul    
-77.038038     -14.98669       0              0            
Loop time of 1.226e-06 on 1 procs for 0 steps with 18 atoms

163.1% CPU use with 1 MPI tasks x 1 OpenMP threads

MPI task timing breakdown:
Section |  min time  |  avg time  |  max time  |%varavg| %total
---------------------------------------------------------------
Pair    | 0          | 0          | 0          |   0.0 |  0.00
Neigh   | 0          | 0          | 0          |   0.0 |  0.00
Comm    | 0          | 0          | 0          |   0.0 |  0.00
Output  | 0          | 0          | 0          |   0.0 |  0.00
Modify  | 0          | 0          | 0          |   0.0 |  0.00
Other   |            | 1.226e-06  |            |       |100.00

Nlocal:             18 ave          18 max          18 min
Histogram: 1 0 0 0 0 0 0 0 0 0
Nghost:           4930 ave        4930 max        4930 min
Histogram: 1 0 0 0 0 0 0 0 0 0
Neighs:              0 ave           0 max           0 min
Histogram: 1 0 0 0 0 0 0 0 0 0
FullNghs:        17948 ave       17948 max       17948 min
Histogram: 1 0 0 0 0 0 0 0 0 0

Total # of neighbors = 17948
Ave neighs/atom = 997.11111
Neighbor list builds = 0
Dangerous builds = 0
set atom * x 0.0 y 0.0 z 0.0
Setting atom values ...
  18 settings made for x
  18 settings made for y
  18 settings made for z
change_box all     x final 0 2.5436706222030527 y final 0 8.489508354178751 z final 0 6.31232733074604      xy final 3.8149424156907132 xz final 2.543717513346399 yz final -3.3903237962415944 units box
Changing box ...
  triclinic box = (0 0 0) to (2.5436706 8.4892272 6.3128725) with tilt (3.8145965 2.5436868 -3.3908776)
  triclinic box = (0 0 0) to (2.5436706 8.4895084 6.3128725) with tilt (3.8145965 2.5436868 -3.3908776)
  triclinic box = (0 0 0) to (2.5436706 8.4895084 6.3123273) with tilt (3.8145965 2.5436868 -3.3908776)
  triclinic box = (0 0 0) to (2.5436706 8.4895084 6.3123273) with tilt (3.8149424 2.5436868 -3.3908776)
  triclinic box = (0 0 0) to (2.5436706 8.4895084 6.3123273) with tilt (3.8149424 2.5437175 -3.3908776)
  triclinic box = (0 0 0) to (2.5436706 8.4895084 6.3123273) with tilt (3.8149424 2.5437175 -3.3903238)
echo none
run 0
Per MPI rank memory allocation (min/avg/max) = 4.345 | 4.345 | 4.345 Mbytes
    PotEng          Pxx           E_mol          E_coul    
-77.03804      -22.915317      0              0            
Loop time of 1.553e-06 on 1 procs for 0 steps with 18 atoms

965.9% CPU use with 1 MPI tasks x 1 OpenMP threads

MPI task timing breakdown:
Section |  min time  |  avg time  |  max time  |%varavg| %total
---------------------------------------------------------------
Pair    | 0          | 0          | 0          |   0.0 |  0.00
Neigh   | 0          | 0          | 0          |   0.0 |  0.00
Comm    | 0          | 0          | 0          |   0.0 |  0.00
Output  | 0          | 0          | 0          |   0.0 |  0.00
Modify  | 0          | 0          | 0          |   0.0 |  0.00
Other   |            | 1.553e-06  |            |       |100.00

Nlocal:             18 ave          18 max          18 min
Histogram: 1 0 0 0 0 0 0 0 0 0
Nghost:           4930 ave        4930 max        4930 min
Histogram: 1 0 0 0 0 0 0 0 0 0
Neighs:              0 ave           0 max           0 min
Histogram: 1 0 0 0 0 0 0 0 0 0
FullNghs:        17940 ave       17940 max       17940 min
Histogram: 1 0 0 0 0 0 0 0 0 0

Total # of neighbors = 17940
Ave neighs/atom = 996.66667
Neighbor list builds = 0
Dangerous builds = 0
set atom * x 0.0 y 0.0 z 0.0
Setting atom values ...
  18 settings made for x
  18 settings made for y
  18 settings made for z
change_box all     x final 0 2.543670622203051 y final 0 8.489508354178751 z final 0 6.312327330746041      xy final 3.8149424156907115 xz final 2.543717513346397 yz final -3.390323796241594 units box
Changing box ...
  triclinic box = (0 0 0) to (2.5436706 8.4895084 6.3123273) with tilt (3.8149424 2.5437175 -3.3903238)
  triclinic box = (0 0 0) to (2.5436706 8.4895084 6.3123273) with tilt (3.8149424 2.5437175 -3.3903238)
  triclinic box = (0 0 0) to (2.5436706 8.4895084 6.3123273) with tilt (3.8149424 2.5437175 -3.3903238)
  triclinic box = (0 0 0) to (2.5436706 8.4895084 6.3123273) with tilt (3.8149424 2.5437175 -3.3903238)
  triclinic box = (0 0 0) to (2.5436706 8.4895084 6.3123273) with tilt (3.8149424 2.5437175 -3.3903238)
  triclinic box = (0 0 0) to (2.5436706 8.4895084 6.3123273) with tilt (3.8149424 2.5437175 -3.3903238)
echo none
run 0
Per MPI rank memory allocation (min/avg/max) = 4.345 | 4.345 | 4.345 Mbytes
    PotEng          Pxx           E_mol          E_coul    
-77.03804      -22.915317      0              0            
Loop time of 1.697e-06 on 1 procs for 0 steps with 18 atoms

766.1% CPU use with 1 MPI tasks x 1 OpenMP threads

MPI task timing breakdown:
Section |  min time  |  avg time  |  max time  |%varavg| %total
---------------------------------------------------------------
Pair    | 0          | 0          | 0          |   0.0 |  0.00
Neigh   | 0          | 0          | 0          |   0.0 |  0.00
Comm    | 0          | 0          | 0          |   0.0 |  0.00
Output  | 0          | 0          | 0          |   0.0 |  0.00
Modify  | 0          | 0          | 0          |   0.0 |  0.00
Other   |            | 1.697e-06  |            |       |100.00

Nlocal:             18 ave          18 max          18 min
Histogram: 1 0 0 0 0 0 0 0 0 0
Nghost:           4930 ave        4930 max        4930 min
Histogram: 1 0 0 0 0 0 0 0 0 0
Neighs:              0 ave           0 max           0 min
Histogram: 1 0 0 0 0 0 0 0 0 0
FullNghs:        17940 ave       17940 max       17940 min
Histogram: 1 0 0 0 0 0 0 0 0 0

Total # of neighbors = 17940
Ave neighs/atom = 996.66667
Neighbor list builds = 0
Dangerous builds = 0
set atom * x 0.0 y 0.0 z 0.0
Setting atom values ...
  18 settings made for x
  18 settings made for y
  18 settings made for z
change_box all     x final 0 2.5436524349198772 y final 0 8.489735228562111 z final 0 6.311971119420044      xy final 3.815506971108252 xz final 2.543602715987268 yz final -3.390138974329321 units box
Changing box ...
  triclinic box = (0 0 0) to (2.5436524 8.4895084 6.3123273) with tilt (3.8149424 2.5437175 -3.3903238)
  triclinic box = (0 0 0) to (2.5436524 8.4897352 6.3123273) with tilt (3.8149424 2.5437175 -3.3903238)
  triclinic box = (0 0 0) to (2.5436524 8.4897352 6.3119711) with tilt (3.8149424 2.5437175 -3.3903238)
  triclinic box = (0 0 0) to (2.5436524 8.4897352 6.3119711) with tilt (3.815507 2.5437175 -3.3903238)
  triclinic box = (0 0 0) to (2.5436524 8.4897352 6.3119711) with tilt (3.815507 2.5436027 -3.3903238)
  triclinic box = (0 0 0) to (2.5436524 8.4897352 6.3119711) with tilt (3.815507 2.5436027 -3.390139)
echo none
run 0
Per MPI rank memory allocation (min/avg/max) = 4.345 | 4.345 | 4.345 Mbytes
    PotEng          Pxx           E_mol          E_coul    
-77.038042      10.240931      0              0            
Loop time of 1.671e-06 on 1 procs for 0 steps with 18 atoms

1077.2% CPU use with 1 MPI tasks x 1 OpenMP threads

MPI task timing breakdown:
Section |  min time  |  avg time  |  max time  |%varavg| %total
---------------------------------------------------------------
Pair    | 0          | 0          | 0          |   0.0 |  0.00
Neigh   | 0          | 0          | 0          |   0.0 |  0.00
Comm    | 0          | 0          | 0          |   0.0 |  0.00
Output  | 0          | 0          | 0          |   0.0 |  0.00
Modify  | 0          | 0          | 0          |   0.0 |  0.00
Other   |            | 1.671e-06  |            |       |100.00

Nlocal:             18 ave          18 max          18 min
Histogram: 1 0 0 0 0 0 0 0 0 0
Nghost:           4930 ave        4930 max        4930 min
Histogram: 1 0 0 0 0 0 0 0 0 0
Neighs:              0 ave           0 max           0 min
Histogram: 1 0 0 0 0 0 0 0 0 0
FullNghs:        17940 ave       17940 max       17940 min
Histogram: 1 0 0 0 0 0 0 0 0 0

Total # of neighbors = 17940
Ave neighs/atom = 996.66667
Neighbor list builds = 0
Dangerous builds = 0
set atom * x 0.0 y 0.0 z 0.0
Setting atom values ...
  18 settings made for x
  18 settings made for y
  18 settings made for z
change_box all     x final 0 2.543652434919877 y final 0 8.489735228562106 z final 0 6.311971119420036      xy final 3.815506971108251 xz final 2.5436027159872703 yz final -3.390138974329327 units box
Changing box ...
  triclinic box = (0 0 0) to (2.5436524 8.4897352 6.3119711) with tilt (3.815507 2.5436027 -3.390139)
  triclinic box = (0 0 0) to (2.5436524 8.4897352 6.3119711) with tilt (3.815507 2.5436027 -3.390139)
  triclinic box = (0 0 0) to (2.5436524 8.4897352 6.3119711) with tilt (3.815507 2.5436027 -3.390139)
  triclinic box = (0 0 0) to (2.5436524 8.4897352 6.3119711) with tilt (3.815507 2.5436027 -3.390139)
  triclinic box = (0 0 0) to (2.5436524 8.4897352 6.3119711) with tilt (3.815507 2.5436027 -3.390139)
  triclinic box = (0 0 0) to (2.5436524 8.4897352 6.3119711) with tilt (3.815507 2.5436027 -3.390139)
echo none
run 0
Per MPI rank memory allocation (min/avg/max) = 4.345 | 4.345 | 4.345 Mbytes
    PotEng          Pxx           E_mol          E_coul    
-77.038042      10.240931      0              0            
Loop time of 1.491e-06 on 1 procs for 0 steps with 18 atoms

1475.5% CPU use with 1 MPI tasks x 1 OpenMP threads

MPI task timing breakdown:
Section |  min time  |  avg time  |  max time  |%varavg| %total
---------------------------------------------------------------
Pair    | 0          | 0          | 0          |   0.0 |  0.00
Neigh   | 0          | 0          | 0          |   0.0 |  0.00
Comm    | 0          | 0          | 0          |   0.0 |  0.00
Output  | 0          | 0          | 0          |   0.0 |  0.00
Modify  | 0          | 0          | 0          |   0.0 |  0.00
Other   |            | 1.491e-06  |            |       |100.00

Nlocal:             18 ave          18 max          18 min
Histogram: 1 0 0 0 0 0 0 0 0 0
Nghost:           4930 ave        4930 max        4930 min
Histogram: 1 0 0 0 0 0 0 0 0 0
Neighs:              0 ave           0 max           0 min
Histogram: 1 0 0 0 0 0 0 0 0 0
FullNghs:        17940 ave       17940 max       17940 min
Histogram: 1 0 0 0 0 0 0 0 0 0

Total # of neighbors = 17940
Ave neighs/atom = 996.66667
Neighbor list builds = 0
Dangerous builds = 0
set atom * x 0.0 y 0.0 z 0.0
Setting atom values ...
  18 settings made for x
  18 settings made for y
  18 settings made for z
change_box all     x final 0 2.5436549128479538 y final 0 8.489923953856911 z final 0 6.312052901602408      xy final 3.815375383912534 xz final 2.544160794753313 yz final -3.3896695365158545 units box
Changing box ...
  triclinic box = (0 0 0) to (2.5436549 8.4897352 6.3119711) with tilt (3.815507 2.5436027 -3.390139)
  triclinic box = (0 0 0) to (2.5436549 8.489924 6.3119711) with tilt (3.815507 2.5436027 -3.390139)
  triclinic box = (0 0 0) to (2.5436549 8.489924 6.3120529) with tilt (3.815507 2.5436027 -3.390139)
  triclinic box = (0 0 0) to (2.5436549 8.489924 6.3120529) with tilt (3.8153754 2.5436027 -3.390139)
  triclinic box = (0 0 0) to (2.5436549 8.489924 6.3120529) with tilt (3.8153754 2.5441608 -3.390139)
  triclinic box = (0 0 0) to (2.5436549 8.489924 6.3120529) with tilt (3.8153754 2.5441608 -3.3896695)
echo none
run 0
Per MPI rank memory allocation (min/avg/max) = 4.345 | 4.345 | 4.345 Mbytes
    PotEng          Pxx           E_mol          E_coul    
-77.038043      19.471157      0              0            
Loop time of 1.203e-06 on 1 procs for 0 steps with 18 atoms

748.1% CPU use with 1 MPI tasks x 1 OpenMP threads

MPI task timing breakdown:
Section |  min time  |  avg time  |  max time  |%varavg| %total
---------------------------------------------------------------
Pair    | 0          | 0          | 0          |   0.0 |  0.00
Neigh   | 0          | 0          | 0          |   0.0 |  0.00
Comm    | 0          | 0          | 0          |   0.0 |  0.00
Output  | 0          | 0          | 0          |   0.0 |  0.00
Modify  | 0          | 0          | 0          |   0.0 |  0.00
Other   |            | 1.203e-06  |            |       |100.00

Nlocal:             18 ave          18 max          18 min
Histogram: 1 0 0 0 0 0 0 0 0 0
Nghost:           4930 ave        4930 max        4930 min
Histogram: 1 0 0 0 0 0 0 0 0 0
Neighs:              0 ave           0 max           0 min
Histogram: 1 0 0 0 0 0 0 0 0 0
FullNghs:        17940 ave       17940 max       17940 min
Histogram: 1 0 0 0 0 0 0 0 0 0

Total # of neighbors = 17940
Ave neighs/atom = 996.66667
Neighbor list builds = 0
Dangerous builds = 0
set atom * x 0.0 y 0.0 z 0.0
Setting atom values ...
  18 settings made for x
  18 settings made for y
  18 settings made for z
change_box all     x final 0 2.543654912847955 y final 0 8.489923953856911 z final 0 6.312052901602405      xy final 3.8153753839125355 xz final 2.544160794753316 yz final -3.389669536515859 units box
Changing box ...
  triclinic box = (0 0 0) to (2.5436549 8.489924 6.3120529) with tilt (3.8153754 2.5441608 -3.3896695)
  triclinic box = (0 0 0) to (2.5436549 8.489924 6.3120529) with tilt (3.8153754 2.5441608 -3.3896695)
  triclinic box = (0 0 0) to (2.5436549 8.489924 6.3120529) with tilt (3.8153754 2.5441608 -3.3896695)
  triclinic box = (0 0 0) to (2.5436549 8.489924 6.3120529) with tilt (3.8153754 2.5441608 -3.3896695)
  triclinic box = (0 0 0) to (2.5436549 8.489924 6.3120529) with tilt (3.8153754 2.5441608 -3.3896695)
  triclinic box = (0 0 0) to (2.5436549 8.489924 6.3120529) with tilt (3.8153754 2.5441608 -3.3896695)
echo none
run 0
Per MPI rank memory allocation (min/avg/max) = 4.345 | 4.345 | 4.345 Mbytes
    PotEng          Pxx           E_mol          E_coul    
-77.038043      19.471157      0              0            
Loop time of 1.368e-06 on 1 procs for 0 steps with 18 atoms

511.7% CPU use with 1 MPI tasks x 1 OpenMP threads

MPI task timing breakdown:
Section |  min time  |  avg time  |  max time  |%varavg| %total
---------------------------------------------------------------
Pair    | 0          | 0          | 0          |   0.0 |  0.00
Neigh   | 0          | 0          | 0          |   0.0 |  0.00
Comm    | 0          | 0          | 0          |   0.0 |  0.00
Output  | 0          | 0          | 0          |   0.0 |  0.00
Modify  | 0          | 0          | 0          |   0.0 |  0.00
Other   |            | 1.368e-06  |            |       |100.00

Nlocal:             18 ave          18 max          18 min
Histogram: 1 0 0 0 0 0 0 0 0 0
Nghost:           4930 ave        4930 max        4930 min
Histogram: 1 0 0 0 0 0 0 0 0 0
Neighs:              0 ave           0 max           0 min
Histogram: 1 0 0 0 0 0 0 0 0 0
FullNghs:        17940 ave       17940 max       17940 min
Histogram: 1 0 0 0 0 0 0 0 0 0

Total # of neighbors = 17940
Ave neighs/atom = 996.66667
Neighbor list builds = 0
Dangerous builds = 0
set atom * x 0.0 y 0.0 z 0.0
Setting atom values ...
  18 settings made for x
  18 settings made for y
  18 settings made for z
change_box all     x final 0 2.5436558896772405 y final 0 8.490035211120638 z final 0 6.31228356646089      xy final 3.8154629828943083 xz final 2.5440155103438276 yz final -3.389825900169655 units box
Changing box ...
  triclinic box = (0 0 0) to (2.5436559 8.489924 6.3120529) with tilt (3.8153754 2.5441608 -3.3896695)
  triclinic box = (0 0 0) to (2.5436559 8.4900352 6.3120529) with tilt (3.8153754 2.5441608 -3.3896695)
  triclinic box = (0 0 0) to (2.5436559 8.4900352 6.3122836) with tilt (3.8153754 2.5441608 -3.3896695)
  triclinic box = (0 0 0) to (2.5436559 8.4900352 6.3122836) with tilt (3.815463 2.5441608 -3.3896695)
  triclinic box = (0 0 0) to (2.5436559 8.4900352 6.3122836) with tilt (3.815463 2.5440155 -3.3896695)
  triclinic box = (0 0 0) to (2.5436559 8.4900352 6.3122836) with tilt (3.815463 2.5440155 -3.3898259)
echo none
run 0
Per MPI rank memory allocation (min/avg/max) = 4.345 | 4.345 | 4.345 Mbytes
    PotEng          Pxx           E_mol          E_coul    
-77.038044      26.518525      0              0            
Loop time of 1.268e-06 on 1 procs for 0 steps with 18 atoms

946.4% CPU use with 1 MPI tasks x 1 OpenMP threads

MPI task timing breakdown:
Section |  min time  |  avg time  |  max time  |%varavg| %total
---------------------------------------------------------------
Pair    | 0          | 0          | 0          |   0.0 |  0.00
Neigh   | 0          | 0          | 0          |   0.0 |  0.00
Comm    | 0          | 0          | 0          |   0.0 |  0.00
Output  | 0          | 0          | 0          |   0.0 |  0.00
Modify  | 0          | 0          | 0          |   0.0 |  0.00
Other   |            | 1.268e-06  |            |       |100.00

Nlocal:             18 ave          18 max          18 min
Histogram: 1 0 0 0 0 0 0 0 0 0
Nghost:           4930 ave        4930 max        4930 min
Histogram: 1 0 0 0 0 0 0 0 0 0
Neighs:              0 ave           0 max           0 min
Histogram: 1 0 0 0 0 0 0 0 0 0
FullNghs:        17940 ave       17940 max       17940 min
Histogram: 1 0 0 0 0 0 0 0 0 0

Total # of neighbors = 17940
Ave neighs/atom = 996.66667
Neighbor list builds = 0
Dangerous builds = 0
set atom * x 0.0 y 0.0 z 0.0
Setting atom values ...
  18 settings made for x
  18 settings made for y
  18 settings made for z
change_box all     x final 0 2.543655889677243 y final 0 8.490035211120638 z final 0 6.312283566460889      xy final 3.815462982894311 xz final 2.5440155103438293 yz final -3.3898259001696567 units box
Changing box ...
  triclinic box = (0 0 0) to (2.5436559 8.4900352 6.3122836) with tilt (3.815463 2.5440155 -3.3898259)
  triclinic box = (0 0 0) to (2.5436559 8.4900352 6.3122836) with tilt (3.815463 2.5440155 -3.3898259)
  triclinic box = (0 0 0) to (2.5436559 8.4900352 6.3122836) with tilt (3.815463 2.5440155 -3.3898259)
  triclinic box = (0 0 0) to (2.5436559 8.4900352 6.3122836) with tilt (3.815463 2.5440155 -3.3898259)
  triclinic box = (0 0 0) to (2.5436559 8.4900352 6.3122836) with tilt (3.815463 2.5440155 -3.3898259)
  triclinic box = (0 0 0) to (2.5436559 8.4900352 6.3122836) with tilt (3.815463 2.5440155 -3.3898259)
echo none
run 0
Per MPI rank memory allocation (min/avg/max) = 4.345 | 4.345 | 4.345 Mbytes
    PotEng          Pxx           E_mol          E_coul    
-77.038044      26.518525      0              0            
Loop time of 4.405e-06 on 1 procs for 0 steps with 18 atoms

272.4% CPU use with 1 MPI tasks x 1 OpenMP threads

MPI task timing breakdown:
Section |  min time  |  avg time  |  max time  |%varavg| %total
---------------------------------------------------------------
Pair    | 0          | 0          | 0          |   0.0 |  0.00
Neigh   | 0          | 0          | 0          |   0.0 |  0.00
Comm    | 0          | 0          | 0          |   0.0 |  0.00
Output  | 0          | 0          | 0          |   0.0 |  0.00
Modify  | 0          | 0          | 0          |   0.0 |  0.00
Other   |            | 4.405e-06  |            |       |100.00

Nlocal:             18 ave          18 max          18 min
Histogram: 1 0 0 0 0 0 0 0 0 0
Nghost:           4930 ave        4930 max        4930 min
Histogram: 1 0 0 0 0 0 0 0 0 0
Neighs:              0 ave           0 max           0 min
Histogram: 1 0 0 0 0 0 0 0 0 0
FullNghs:        17940 ave       17940 max       17940 min
Histogram: 1 0 0 0 0 0 0 0 0 0

Total # of neighbors = 17940
Ave neighs/atom = 996.66667
Neighbor list builds = 0
Dangerous builds = 0
set atom * x 0.0 y 0.0 z 0.0
Setting atom values ...
  18 settings made for x
  18 settings made for y
  18 settings made for z
change_box all     x final 0 2.5436673434343824 y final 0 8.490139421396774 z final 0 6.312644690368544      xy final 3.815326291087491 xz final 2.5440752177565007 yz final -3.3898939375466903 units box
Changing box ...
  triclinic box = (0 0 0) to (2.5436673 8.4900352 6.3122836) with tilt (3.815463 2.5440155 -3.3898259)
  triclinic box = (0 0 0) to (2.5436673 8.4901394 6.3122836) with tilt (3.815463 2.5440155 -3.3898259)
  triclinic box = (0 0 0) to (2.5436673 8.4901394 6.3126447) with tilt (3.815463 2.5440155 -3.3898259)
  triclinic box = (0 0 0) to (2.5436673 8.4901394 6.3126447) with tilt (3.8153263 2.5440155 -3.3898259)
  triclinic box = (0 0 0) to (2.5436673 8.4901394 6.3126447) with tilt (3.8153263 2.5440752 -3.3898259)
  triclinic box = (0 0 0) to (2.5436673 8.4901394 6.3126447) with tilt (3.8153263 2.5440752 -3.3898939)
echo none
run 0
Per MPI rank memory allocation (min/avg/max) = 4.345 | 4.345 | 4.345 Mbytes
    PotEng          Pxx           E_mol          E_coul    
-77.038044      14.1237        0              0            
Loop time of 1.789e-06 on 1 procs for 0 steps with 18 atoms

838.5% CPU use with 1 MPI tasks x 1 OpenMP threads

MPI task timing breakdown:
Section |  min time  |  avg time  |  max time  |%varavg| %total
---------------------------------------------------------------
Pair    | 0          | 0          | 0          |   0.0 |  0.00
Neigh   | 0          | 0          | 0          |   0.0 |  0.00
Comm    | 0          | 0          | 0          |   0.0 |  0.00
Output  | 0          | 0          | 0          |   0.0 |  0.00
Modify  | 0          | 0          | 0          |   0.0 |  0.00
Other   |            | 1.789e-06  |            |       |100.00

Nlocal:             18 ave          18 max          18 min
Histogram: 1 0 0 0 0 0 0 0 0 0
Nghost:           4930 ave        4930 max        4930 min
Histogram: 1 0 0 0 0 0 0 0 0 0
Neighs:              0 ave           0 max           0 min
Histogram: 1 0 0 0 0 0 0 0 0 0
FullNghs:        17940 ave       17940 max       17940 min
Histogram: 1 0 0 0 0 0 0 0 0 0

Total # of neighbors = 17940
Ave neighs/atom = 996.66667
Neighbor list builds = 0
Dangerous builds = 0
set atom * x 0.0 y 0.0 z 0.0
Setting atom values ...
  18 settings made for x
  18 settings made for y
  18 settings made for z
change_box all     x final 0 2.543667343434384 y final 0 8.490139421396773 z final 0 6.312644690368545      xy final 3.8153262910874903 xz final 2.5440752177565016 yz final -3.3898939375466894 units box
Changing box ...
  triclinic box = (0 0 0) to (2.5436673 8.4901394 6.3126447) with tilt (3.8153263 2.5440752 -3.3898939)
  triclinic box = (0 0 0) to (2.5436673 8.4901394 6.3126447) with tilt (3.8153263 2.5440752 -3.3898939)
  triclinic box = (0 0 0) to (2.5436673 8.4901394 6.3126447) with tilt (3.8153263 2.5440752 -3.3898939)
  triclinic box = (0 0 0) to (2.5436673 8.4901394 6.3126447) with tilt (3.8153263 2.5440752 -3.3898939)
  triclinic box = (0 0 0) to (2.5436673 8.4901394 6.3126447) with tilt (3.8153263 2.5440752 -3.3898939)
  triclinic box = (0 0 0) to (2.5436673 8.4901394 6.3126447) with tilt (3.8153263 2.5440752 -3.3898939)
echo none
run 0
Per MPI rank memory allocation (min/avg/max) = 4.345 | 4.345 | 4.345 Mbytes
    PotEng          Pxx           E_mol          E_coul    
-77.038044      14.1237        0              0            
Loop time of 1.191e-06 on 1 procs for 0 steps with 18 atoms

167.9% CPU use with 1 MPI tasks x 1 OpenMP threads

MPI task timing breakdown:
Section |  min time  |  avg time  |  max time  |%varavg| %total
---------------------------------------------------------------
Pair    | 0          | 0          | 0          |   0.0 |  0.00
Neigh   | 0          | 0          | 0          |   0.0 |  0.00
Comm    | 0          | 0          | 0          |   0.0 |  0.00
Output  | 0          | 0          | 0          |   0.0 |  0.00
Modify  | 0          | 0          | 0          |   0.0 |  0.00
Other   |            | 1.191e-06  |            |       |100.00

Nlocal:             18 ave          18 max          18 min
Histogram: 1 0 0 0 0 0 0 0 0 0
Nghost:           4930 ave        4930 max        4930 min
Histogram: 1 0 0 0 0 0 0 0 0 0
Neighs:              0 ave           0 max           0 min
Histogram: 1 0 0 0 0 0 0 0 0 0
FullNghs:        17940 ave       17940 max       17940 min
Histogram: 1 0 0 0 0 0 0 0 0 0

Total # of neighbors = 17940
Ave neighs/atom = 996.66667
Neighbor list builds = 0
Dangerous builds = 0
set atom * x 0.0 y 0.0 z 0.0
Setting atom values ...
  18 settings made for x
  18 settings made for y
  18 settings made for z
change_box all     x final 0 2.543672196310106 y final 0 8.49014331618449 z final 0 6.312810339466557      xy final 3.81532381972992 xz final 2.5438693200939357 yz final -3.3901125577776265 units box
Changing box ...
  triclinic box = (0 0 0) to (2.5436722 8.4901394 6.3126447) with tilt (3.8153263 2.5440752 -3.3898939)
  triclinic box = (0 0 0) to (2.5436722 8.4901433 6.3126447) with tilt (3.8153263 2.5440752 -3.3898939)
  triclinic box = (0 0 0) to (2.5436722 8.4901433 6.3128103) with tilt (3.8153263 2.5440752 -3.3898939)
  triclinic box = (0 0 0) to (2.5436722 8.4901433 6.3128103) with tilt (3.8153238 2.5440752 -3.3898939)
  triclinic box = (0 0 0) to (2.5436722 8.4901433 6.3128103) with tilt (3.8153238 2.5438693 -3.3898939)
  triclinic box = (0 0 0) to (2.5436722 8.4901433 6.3128103) with tilt (3.8153238 2.5438693 -3.3901126)
echo none
run 0
Per MPI rank memory allocation (min/avg/max) = 4.345 | 4.345 | 4.345 Mbytes
    PotEng          Pxx           E_mol          E_coul    
-77.038044      4.3554186      0              0            
Loop time of 1.277e-06 on 1 procs for 0 steps with 18 atoms

939.7% CPU use with 1 MPI tasks x 1 OpenMP threads

MPI task timing breakdown:
Section |  min time  |  avg time  |  max time  |%varavg| %total
---------------------------------------------------------------
Pair    | 0          | 0          | 0          |   0.0 |  0.00
Neigh   | 0          | 0          | 0          |   0.0 |  0.00
Comm    | 0          | 0          | 0          |   0.0 |  0.00
Output  | 0          | 0          | 0          |   0.0 |  0.00
Modify  | 0          | 0          | 0          |   0.0 |  0.00
Other   |            | 1.277e-06  |            |       |100.00

Nlocal:             18 ave          18 max          18 min
Histogram: 1 0 0 0 0 0 0 0 0 0
Nghost:           4930 ave        4930 max        4930 min
Histogram: 1 0 0 0 0 0 0 0 0 0
Neighs:              0 ave           0 max           0 min
Histogram: 1 0 0 0 0 0 0 0 0 0
FullNghs:        17940 ave       17940 max       17940 min
Histogram: 1 0 0 0 0 0 0 0 0 0

Total # of neighbors = 17940
Ave neighs/atom = 996.66667
Neighbor list builds = 0
Dangerous builds = 0
set atom * x 0.0 y 0.0 z 0.0
Setting atom values ...
  18 settings made for x
  18 settings made for y
  18 settings made for z
change_box all     x final 0 2.543672196310105 y final 0 8.490143316184486 z final 0 6.312810339466555      xy final 3.815323819729923 xz final 2.543869320093935 yz final -3.3901125577776328 units box
Changing box ...
  triclinic box = (0 0 0) to (2.5436722 8.4901433 6.3128103) with tilt (3.8153238 2.5438693 -3.3901126)
  triclinic box = (0 0 0) to (2.5436722 8.4901433 6.3128103) with tilt (3.8153238 2.5438693 -3.3901126)
  triclinic box = (0 0 0) to (2.5436722 8.4901433 6.3128103) with tilt (3.8153238 2.5438693 -3.3901126)
  triclinic box = (0 0 0) to (2.5436722 8.4901433 6.3128103) with tilt (3.8153238 2.5438693 -3.3901126)
  triclinic box = (0 0 0) to (2.5436722 8.4901433 6.3128103) with tilt (3.8153238 2.5438693 -3.3901126)
  triclinic box = (0 0 0) to (2.5436722 8.4901433 6.3128103) with tilt (3.8153238 2.5438693 -3.3901126)
echo none
run 0
Per MPI rank memory allocation (min/avg/max) = 4.345 | 4.345 | 4.345 Mbytes
    PotEng          Pxx           E_mol          E_coul    
-77.038044      4.3554186      0              0            
Loop time of 1.188e-06 on 1 procs for 0 steps with 18 atoms

168.4% CPU use with 1 MPI tasks x 1 OpenMP threads

MPI task timing breakdown:
Section |  min time  |  avg time  |  max time  |%varavg| %total
---------------------------------------------------------------
Pair    | 0          | 0          | 0          |   0.0 |  0.00
Neigh   | 0          | 0          | 0          |   0.0 |  0.00
Comm    | 0          | 0          | 0          |   0.0 |  0.00
Output  | 0          | 0          | 0          |   0.0 |  0.00
Modify  | 0          | 0          | 0          |   0.0 |  0.00
Other   |            | 1.188e-06  |            |       |100.00

Nlocal:             18 ave          18 max          18 min
Histogram: 1 0 0 0 0 0 0 0 0 0
Nghost:           4930 ave        4930 max        4930 min
Histogram: 1 0 0 0 0 0 0 0 0 0
Neighs:              0 ave           0 max           0 min
Histogram: 1 0 0 0 0 0 0 0 0 0
FullNghs:        17940 ave       17940 max       17940 min
Histogram: 1 0 0 0 0 0 0 0 0 0

Total # of neighbors = 17940
Ave neighs/atom = 996.66667
Neighbor list builds = 0
Dangerous builds = 0
set atom * x 0.0 y 0.0 z 0.0
Setting atom values ...
  18 settings made for x
  18 settings made for y
  18 settings made for z
change_box all     x final 0 2.5436745141662103 y final 0 8.490121643918554 z final 0 6.312866910485184      xy final 3.8153836195721573 xz final 2.543767180025871 yz final -3.390143471006545 units box
Changing box ...
  triclinic box = (0 0 0) to (2.5436745 8.4901433 6.3128103) with tilt (3.8153238 2.5438693 -3.3901126)
  triclinic box = (0 0 0) to (2.5436745 8.4901216 6.3128103) with tilt (3.8153238 2.5438693 -3.3901126)
  triclinic box = (0 0 0) to (2.5436745 8.4901216 6.3128669) with tilt (3.8153238 2.5438693 -3.3901126)
  triclinic box = (0 0 0) to (2.5436745 8.4901216 6.3128669) with tilt (3.8153836 2.5438693 -3.3901126)
  triclinic box = (0 0 0) to (2.5436745 8.4901216 6.3128669) with tilt (3.8153836 2.5437672 -3.3901126)
  triclinic box = (0 0 0) to (2.5436745 8.4901216 6.3128669) with tilt (3.8153836 2.5437672 -3.3901435)
echo none
run 0
Per MPI rank memory allocation (min/avg/max) = 4.345 | 4.345 | 4.345 Mbytes
    PotEng          Pxx           E_mol          E_coul    
-77.038044     -1.2804908      0              0            
Loop time of 1.444e-06 on 1 procs for 0 steps with 18 atoms

761.8% CPU use with 1 MPI tasks x 1 OpenMP threads

MPI task timing breakdown:
Section |  min time  |  avg time  |  max time  |%varavg| %total
---------------------------------------------------------------
Pair    | 0          | 0          | 0          |   0.0 |  0.00
Neigh   | 0          | 0          | 0          |   0.0 |  0.00
Comm    | 0          | 0          | 0          |   0.0 |  0.00
Output  | 0          | 0          | 0          |   0.0 |  0.00
Modify  | 0          | 0          | 0          |   0.0 |  0.00
Other   |            | 1.444e-06  |            |       |100.00

Nlocal:             18 ave          18 max          18 min
Histogram: 1 0 0 0 0 0 0 0 0 0
Nghost:           4930 ave        4930 max        4930 min
Histogram: 1 0 0 0 0 0 0 0 0 0
Neighs:              0 ave           0 max           0 min
Histogram: 1 0 0 0 0 0 0 0 0 0
FullNghs:        17940 ave       17940 max       17940 min
Histogram: 1 0 0 0 0 0 0 0 0 0

Total # of neighbors = 17940
Ave neighs/atom = 996.66667
Neighbor list builds = 0
Dangerous builds = 0
set atom * x 0.0 y 0.0 z 0.0
Setting atom values ...
  18 settings made for x
  18 settings made for y
  18 settings made for z
change_box all     x final 0 2.5436745141662134 y final 0 8.490121643918553 z final 0 6.312866910485185      xy final 3.8153836195721618 xz final 2.543767180025873 yz final -3.390143471006544 units box
Changing box ...
  triclinic box = (0 0 0) to (2.5436745 8.4901216 6.3128669) with tilt (3.8153836 2.5437672 -3.3901435)
  triclinic box = (0 0 0) to (2.5436745 8.4901216 6.3128669) with tilt (3.8153836 2.5437672 -3.3901435)
  triclinic box = (0 0 0) to (2.5436745 8.4901216 6.3128669) with tilt (3.8153836 2.5437672 -3.3901435)
  triclinic box = (0 0 0) to (2.5436745 8.4901216 6.3128669) with tilt (3.8153836 2.5437672 -3.3901435)
  triclinic box = (0 0 0) to (2.5436745 8.4901216 6.3128669) with tilt (3.8153836 2.5437672 -3.3901435)
  triclinic box = (0 0 0) to (2.5436745 8.4901216 6.3128669) with tilt (3.8153836 2.5437672 -3.3901435)
echo none
run 0
Per MPI rank memory allocation (min/avg/max) = 4.345 | 4.345 | 4.345 Mbytes
    PotEng          Pxx           E_mol          E_coul    
-77.038044     -1.2804908      0              0            
Loop time of 1.467e-06 on 1 procs for 0 steps with 18 atoms

1022.5% CPU use with 1 MPI tasks x 1 OpenMP threads

MPI task timing breakdown:
Section |  min time  |  avg time  |  max time  |%varavg| %total
---------------------------------------------------------------
Pair    | 0          | 0          | 0          |   0.0 |  0.00
Neigh   | 0          | 0          | 0          |   0.0 |  0.00
Comm    | 0          | 0          | 0          |   0.0 |  0.00
Output  | 0          | 0          | 0          |   0.0 |  0.00
Modify  | 0          | 0          | 0          |   0.0 |  0.00
Other   |            | 1.467e-06  |            |       |100.00

Nlocal:             18 ave          18 max          18 min
Histogram: 1 0 0 0 0 0 0 0 0 0
Nghost:           4930 ave        4930 max        4930 min
Histogram: 1 0 0 0 0 0 0 0 0 0
Neighs:              0 ave           0 max           0 min
Histogram: 1 0 0 0 0 0 0 0 0 0
FullNghs:        17940 ave       17940 max       17940 min
Histogram: 1 0 0 0 0 0 0 0 0 0

Total # of neighbors = 17940
Ave neighs/atom = 996.66667
Neighbor list builds = 0
Dangerous builds = 0
set atom * x 0.0 y 0.0 z 0.0
Setting atom values ...
  18 settings made for x
  18 settings made for y
  18 settings made for z
change_box all     x final 0 2.543673510115661 y final 0 8.490099422639691 z final 0 6.312882503987575      xy final 3.8154482092821143 xz final 2.543706531391424 yz final -3.3901511217309026 units box
Changing box ...
  triclinic box = (0 0 0) to (2.5436735 8.4901216 6.3128669) with tilt (3.8153836 2.5437672 -3.3901435)
  triclinic box = (0 0 0) to (2.5436735 8.4900994 6.3128669) with tilt (3.8153836 2.5437672 -3.3901435)
  triclinic box = (0 0 0) to (2.5436735 8.4900994 6.3128825) with tilt (3.8153836 2.5437672 -3.3901435)
  triclinic box = (0 0 0) to (2.5436735 8.4900994 6.3128825) with tilt (3.8154482 2.5437672 -3.3901435)
  triclinic box = (0 0 0) to (2.5436735 8.4900994 6.3128825) with tilt (3.8154482 2.5437065 -3.3901435)
  triclinic box = (0 0 0) to (2.5436735 8.4900994 6.3128825) with tilt (3.8154482 2.5437065 -3.3901511)
echo none
run 0
Per MPI rank memory allocation (min/avg/max) = 4.345 | 4.345 | 4.345 Mbytes
    PotEng          Pxx           E_mol          E_coul    
-77.038044     -1.3666592      0              0            
Loop time of 1.298e-06 on 1 procs for 0 steps with 18 atoms

1309.7% CPU use with 1 MPI tasks x 1 OpenMP threads

MPI task timing breakdown:
Section |  min time  |  avg time  |  max time  |%varavg| %total
---------------------------------------------------------------
Pair    | 0          | 0          | 0          |   0.0 |  0.00
Neigh   | 0          | 0          | 0          |   0.0 |  0.00
Comm    | 0          | 0          | 0          |   0.0 |  0.00
Output  | 0          | 0          | 0          |   0.0 |  0.00
Modify  | 0          | 0          | 0          |   0.0 |  0.00
Other   |            | 1.298e-06  |            |       |100.00

Nlocal:             18 ave          18 max          18 min
Histogram: 1 0 0 0 0 0 0 0 0 0
Nghost:           4930 ave        4930 max        4930 min
Histogram: 1 0 0 0 0 0 0 0 0 0
Neighs:              0 ave           0 max           0 min
Histogram: 1 0 0 0 0 0 0 0 0 0
FullNghs:        17940 ave       17940 max       17940 min
Histogram: 1 0 0 0 0 0 0 0 0 0

Total # of neighbors = 17940
Ave neighs/atom = 996.66667
Neighbor list builds = 0
Dangerous builds = 0
set atom * x 0.0 y 0.0 z 0.0
Setting atom values ...
  18 settings made for x
  18 settings made for y
  18 settings made for z
change_box all     x final 0 2.5436735101156605 y final 0 8.490099422639693 z final 0 6.312882503987578      xy final 3.8154482092821116 xz final 2.543706531391426 yz final -3.3901511217309026 units box
Changing box ...
  triclinic box = (0 0 0) to (2.5436735 8.4900994 6.3128825) with tilt (3.8154482 2.5437065 -3.3901511)
  triclinic box = (0 0 0) to (2.5436735 8.4900994 6.3128825) with tilt (3.8154482 2.5437065 -3.3901511)
  triclinic box = (0 0 0) to (2.5436735 8.4900994 6.3128825) with tilt (3.8154482 2.5437065 -3.3901511)
  triclinic box = (0 0 0) to (2.5436735 8.4900994 6.3128825) with tilt (3.8154482 2.5437065 -3.3901511)
  triclinic box = (0 0 0) to (2.5436735 8.4900994 6.3128825) with tilt (3.8154482 2.5437065 -3.3901511)
  triclinic box = (0 0 0) to (2.5436735 8.4900994 6.3128825) with tilt (3.8154482 2.5437065 -3.3901511)
echo none
run 0
Per MPI rank memory allocation (min/avg/max) = 4.345 | 4.345 | 4.345 Mbytes
    PotEng          Pxx           E_mol          E_coul    
-77.038044     -1.3666592      0              0            
Loop time of 2.009e-06 on 1 procs for 0 steps with 18 atoms

647.1% CPU use with 1 MPI tasks x 1 OpenMP threads

MPI task timing breakdown:
Section |  min time  |  avg time  |  max time  |%varavg| %total
---------------------------------------------------------------
Pair    | 0          | 0          | 0          |   0.0 |  0.00
Neigh   | 0          | 0          | 0          |   0.0 |  0.00
Comm    | 0          | 0          | 0          |   0.0 |  0.00
Output  | 0          | 0          | 0          |   0.0 |  0.00
Modify  | 0          | 0          | 0          |   0.0 |  0.00
Other   |            | 2.009e-06  |            |       |100.00

Nlocal:             18 ave          18 max          18 min
Histogram: 1 0 0 0 0 0 0 0 0 0
Nghost:           4930 ave        4930 max        4930 min
Histogram: 1 0 0 0 0 0 0 0 0 0
Neighs:              0 ave           0 max           0 min
Histogram: 1 0 0 0 0 0 0 0 0 0
FullNghs:        17940 ave       17940 max       17940 min
Histogram: 1 0 0 0 0 0 0 0 0 0

Total # of neighbors = 17940
Ave neighs/atom = 996.66667
Neighbor list builds = 0
Dangerous builds = 0
set atom * x 0.0 y 0.0 z 0.0
Setting atom values ...
  18 settings made for x
  18 settings made for y
  18 settings made for z
change_box all     x final 0 2.543673183052003 y final 0 8.490080807167413 z final 0 6.312892900824413      xy final 3.8154986782373355 xz final 2.543678753112123 yz final -3.3901373147703393 units box
Changing box ...
  triclinic box = (0 0 0) to (2.5436732 8.4900994 6.3128825) with tilt (3.8154482 2.5437065 -3.3901511)
  triclinic box = (0 0 0) to (2.5436732 8.4900808 6.3128825) with tilt (3.8154482 2.5437065 -3.3901511)
  triclinic box = (0 0 0) to (2.5436732 8.4900808 6.3128929) with tilt (3.8154482 2.5437065 -3.3901511)
  triclinic box = (0 0 0) to (2.5436732 8.4900808 6.3128929) with tilt (3.8154987 2.5437065 -3.3901511)
  triclinic box = (0 0 0) to (2.5436732 8.4900808 6.3128929) with tilt (3.8154987 2.5436788 -3.3901511)
  triclinic box = (0 0 0) to (2.5436732 8.4900808 6.3128929) with tilt (3.8154987 2.5436788 -3.3901373)
echo none
run 0
Per MPI rank memory allocation (min/avg/max) = 4.345 | 4.345 | 4.345 Mbytes
    PotEng          Pxx           E_mol          E_coul    
-77.038044     -0.96421278     0              0            
Loop time of 1.79e-06 on 1 procs for 0 steps with 18 atoms

949.7% CPU use with 1 MPI tasks x 1 OpenMP threads

MPI task timing breakdown:
Section |  min time  |  avg time  |  max time  |%varavg| %total
---------------------------------------------------------------
Pair    | 0          | 0          | 0          |   0.0 |  0.00
Neigh   | 0          | 0          | 0          |   0.0 |  0.00
Comm    | 0          | 0          | 0          |   0.0 |  0.00
Output  | 0          | 0          | 0          |   0.0 |  0.00
Modify  | 0          | 0          | 0          |   0.0 |  0.00
Other   |            | 1.79e-06   |            |       |100.00

Nlocal:             18 ave          18 max          18 min
Histogram: 1 0 0 0 0 0 0 0 0 0
Nghost:           4930 ave        4930 max        4930 min
Histogram: 1 0 0 0 0 0 0 0 0 0
Neighs:              0 ave           0 max           0 min
Histogram: 1 0 0 0 0 0 0 0 0 0
FullNghs:        17940 ave       17940 max       17940 min
Histogram: 1 0 0 0 0 0 0 0 0 0

Total # of neighbors = 17940
Ave neighs/atom = 996.66667
Neighbor list builds = 0
Dangerous builds = 0
Total wall time: 0:01:41
